============================= test session starts =============================
platform win32 -- Python 3.13.7, pytest-9.0.2, pluggy-1.6.0
rootdir: f:\YilenaCode\Werewolf
configfile: pytest.ini
plugins: anyio-4.12.0, langsmith-0.8.3, asyncio-1.3.0
asyncio: mode=Mode.AUTO, debug=False, asyncio_default_fixture_loop_scope=session, asyncio_default_test_loop_scope=session
collected 382 items

tests\test_api_actions.py EEEEEE                                         [  1%]
tests\test_api_games.py EEEEEEEEEE                                       [  4%]
tests\test_event_bus.py FFF                                              [  4%]
tests\test_logger.py ..                                                  [  5%]
tests\test_redis_lua.py EEEEEEEEEEEEEEEEEEEEE                            [ 10%]
tests\test_worker.py .......                                             [ 12%]
tests\unit\agents\adapter\test_openai_adapter.py .....                   [ 14%]
tests\unit\agents\graph\test_graph.py ...                                [ 14%]
tests\unit\agents\graph\test_nodes.py .......                            [ 16%]
tests\unit\agents\memory\test_compression.py ...                         [ 17%]
tests\unit\agents\prompts\test_builder.py ......                         [ 19%]
tests\unit\core\action\test_anti_cheat.py .............................  [ 26%]
tests\unit\core\action\test_audit.py ............                        [ 29%]
tests\unit\core\action\test_gate.py ...............                      [ 33%]
tests\unit\core\action\test_validator.py ..................              [ 38%]
tests\unit\core\engine\roles\test_base.py ....................           [ 43%]
tests\unit\core\engine\roles\test_factory.py ..........................  [ 50%]
tests\unit\core\engine\roles\test_hunter.py ...........                  [ 53%]
tests\unit\core\engine\roles\test_seer.py .........                      [ 55%]
tests\unit\core\engine\roles\test_villager.py .........                  [ 58%]
tests\unit\core\engine\roles\test_werewolf.py ...........                [ 60%]
tests\unit\core\engine\roles\test_witch.py ......................        [ 66%]
tests\unit\core\engine\test_game_engine.py ............................. [ 74%]
.........................                                                [ 80%]
tests\unit\core\engine\test_lifecycle.py F.F.FFFFFFFFFFFFFFFFFFFFFFFFF.. [ 89%]
...FFF                                                                   [ 90%]
tests\unit\core\engine\test_resolver.py ............                     [ 93%]
tests\unit\core\engine\test_state_machine.py FF..FFFFFFFFFFFFFFFFF...    [100%]

=================================== ERRORS ====================================
____________ ERROR at setup of test_submit_vote_before_vote_phase _____________

client = <httpx.AsyncClient object at 0x0000027C30466660>

    @pytest.fixture
    async def running_game_id(client):
        """¥¥Ω®≤¢∆Ù∂Ø“ª∏ˆ∂‘æ÷£¨∑µªÿ game_id°£"""
        create_resp = await client.post("/api/games", json={"player_count": 9})
>       game_id = create_resp.json()["game_id"]
                  ^^^^^^^^^^^^^^^^^^^^^^^^^^^^^
E       KeyError: 'game_id'

tests\test_api_actions.py:34: KeyError
---------------------------- Captured stderr setup ----------------------------
[2m2026-05-14T21:26:50.101540+08:00[0m [[32m[1mdebug    [0m] [1mUsing proactor: IocpProactor  [0m [[0m[1m[34masyncio[0m][0m
[2m2026-05-14T21:26:50.102849+08:00[0m [[32m[1mdebug    [0m] [1mUsing proactor: IocpProactor  [0m [[0m[1m[34masyncio[0m][0m
[2m2026-05-14T21:26:50.103858+08:00[0m [[32m[1mdebug    [0m] [1mLua Ω≈±æ“—∂¡»°                     [0m [[0m[1m[34mai_werewolf_core.utils.redis_lua_loader[0m][0m [36mfilepath[0m=[35mF:\YilenaCode\Werewolf\ai_werewolf_core\redis_lua\hset_with_ttl.lua[0m [36mscript_name[0m=[35mhset_with_ttl[0m [36msize_bytes[0m=[35m298[0m
[2m2026-05-14T21:26:50.104262+08:00[0m [[32m[1mdebug    [0m] [1mLua Ω≈±æ“—∂¡»°                     [0m [[0m[1m[34mai_werewolf_core.utils.redis_lua_loader[0m][0m [36mfilepath[0m=[35mF:\YilenaCode\Werewolf\ai_werewolf_core\redis_lua\phase_transition.lua[0m [36mscript_name[0m=[35mphase_transition[0m [36msize_bytes[0m=[35m1289[0m
[2m2026-05-14T21:26:50.104516+08:00[0m [[32m[1mdebug    [0m] [1mLua Ω≈±æ“—∂¡»°                     [0m [[0m[1m[34mai_werewolf_core.utils.redis_lua_loader[0m][0m [36mfilepath[0m=[35mF:\YilenaCode\Werewolf\ai_werewolf_core\redis_lua\status_transition.lua[0m [36mscript_name[0m=[35mstatus_transition[0m [36msize_bytes[0m=[35m1247[0m
[2m2026-05-14T21:26:50.104771+08:00[0m [[32m[1mdebug    [0m] [1mLua Ω≈±æ“—∂¡»°                     [0m [[0m[1m[34mai_werewolf_core.utils.redis_lua_loader[0m][0m [36mfilepath[0m=[35mF:\YilenaCode\Werewolf\ai_werewolf_core\redis_lua\vote_submit.lua[0m [36mscript_name[0m=[35mvote_submit[0m [36msize_bytes[0m=[35m595[0m
[2m2026-05-14T21:26:50.104993+08:00[0m [[32m[1mdebug    [0m] [1mRedis ¡¨Ω”≥ÿ“—¥¥Ω®                  [0m [[0m[1m[34mai_werewolf_core.utils.redis_client[0m][0m [36mmax_connections[0m=[35m300[0m [36msocket_timeout[0m=[35m10[0m
[2m2026-05-14T21:26:55.108825+08:00[0m [[31m[1merror    [0m] [1mRedis ¡¨Ω”—È÷§ ß∞‹ (PING)           [0m [[0m[1m[34mai_werewolf_core.utils.redis_client[0m][0m [36merror[0m=[35m"Error while reading from 192.168.100.128:6379 : (22, '÷∏∂®µƒÕ¯¬Á√˚≤ª‘Ÿø…”√°£', None, 64, None)"[0m [36mhost[0m=[35m192.168.100.128[0m [36mport[0m=[35m6379[0m
Traceback (most recent call last):
  File "F:\py\Lib\asyncio\windows_events.py", line 463, in finish_socket_func
    return ov.getresult()
           ~~~~~~~~~~~~^^
OSError: [WinError 64] ÷∏∂®µƒÕ¯¬Á√˚≤ª‘Ÿø…”√°£

During handling of the above exception, another exception occurred:

Traceback (most recent call last):
  File "F:\py\Lib\site-packages\redis\asyncio\connection.py", line 725, in read_response
    response = await self._parser.read_response(
               ^^^^^^^^^^^^^^^^^^^^^^^^^^^^^^^^^
        disable_decoding=disable_decoding
        ^^^^^^^^^^^^^^^^^^^^^^^^^^^^^^^^^
    )
    ^
  File "F:\py\Lib\site-packages\redis\_parsers\resp2.py", line 82, in read_response
    response = await self._read_response(disable_decoding=disable_decoding)
               ^^^^^^^^^^^^^^^^^^^^^^^^^^^^^^^^^^^^^^^^^^^^^^^^^^^^^^^^^^^^
  File "F:\py\Lib\site-packages\redis\_parsers\resp2.py", line 90, in _read_response
    raw = await self._readline()
          ^^^^^^^^^^^^^^^^^^^^^^
  File "F:\py\Lib\site-packages\redis\_parsers\base.py", line 559, in _readline
    data = await self._stream.readline()
           ^^^^^^^^^^^^^^^^^^^^^^^^^^^^^
  File "F:\py\Lib\asyncio\streams.py", line 562, in readline
    line = await self.readuntil(sep)
           ^^^^^^^^^^^^^^^^^^^^^^^^^
  File "F:\py\Lib\asyncio\streams.py", line 677, in readuntil
    await self._wait_for_data('readuntil')
  File "F:\py\Lib\asyncio\streams.py", line 539, in _wait_for_data
    await self._waiter
  File "F:\py\Lib\asyncio\proactor_events.py", line 286, in _loop_reading
    length = fut.result()
  File "F:\py\Lib\asyncio\windows_events.py", line 804, in _poll
    value = callback(transferred, key, ov)
  File "F:\py\Lib\asyncio\windows_events.py", line 467, in finish_socket_func
    raise ConnectionResetError(*exc.args)
ConnectionResetError: [WinError 64] ÷∏∂®µƒÕ¯¬Á√˚≤ª‘Ÿø…”√°£

During handling of the above exception, another exception occurred:

Traceback (most recent call last):
  File "F:\YilenaCode\Werewolf\ai_werewolf_core\utils\redis_client.py", line 128, in get_client
    await cls._client.ping()
  File "F:\py\Lib\site-packages\redis\asyncio\client.py", line 764, in execute_command
    conn = self.connection or await pool.get_connection()
                              ^^^^^^^^^^^^^^^^^^^^^^^^^^^
  File "F:\py\Lib\site-packages\redis\utils.py", line 227, in async_wrapper
    return await func(*args, **kwargs)
           ^^^^^^^^^^^^^^^^^^^^^^^^^^^
  File "F:\py\Lib\site-packages\redis\asyncio\connection.py", line 1351, in get_connection
    await self.ensure_connection(connection)
  File "F:\py\Lib\site-packages\redis\asyncio\connection.py", line 1390, in ensure_connection
    await connection.connect()
  File "F:\py\Lib\site-packages\redis\asyncio\connection.py", line 339, in connect
    await self.retry.call_with_retry(
    ...<7 lines>...
    )
  File "F:\py\Lib\site-packages\redis\asyncio\retry.py", line 81, in call_with_retry
    raise error
  File "F:\py\Lib\site-packages\redis\asyncio\retry.py", line 69, in call_with_retry
    return await do()
           ^^^^^^^^^^
  File "F:\py\Lib\site-packages\redis\asyncio\connection.py", line 403, in connect_check_health
    await self.on_connect_check_health(check_health=check_health)
  File "F:\py\Lib\site-packages\redis\asyncio\connection.py", line 560, in on_connect_check_health
    await self.read_response()
  File "F:\py\Lib\site-packages\redis\asyncio\connection.py", line 747, in read_response
    raise ConnectionError(f"Error while reading from {host_error} : {e.args}")
redis.exceptions.ConnectionError: Error while reading from 192.168.100.128:6379 : (22, '÷∏∂®µƒÕ¯¬Á√˚≤ª‘Ÿø…”√°£', None, 64, None)
[2m2026-05-14T21:26:55.114576+08:00[0m [[33m[1mwarning  [0m] [1mFailed to load lua scripts (Redis might not be running): Error while reading from 192.168.100.128:6379 : (22, '÷∏∂®µƒÕ¯¬Á√˚≤ª‘Ÿø…”√°£', None, 64, None)[0m [[0m[1m[34mroot[0m][0m
[2m2026-05-14T21:26:55.117321+08:00[0m [[32m[1minfo     [0m] [1m—©ª®À„∑®…˙≥…∆˜“—≥ı ºªØ                   [0m [[0m[1m[34mai_werewolf_core.utils.snowflake[0m][0m [36mdatacenter_id[0m=[35m1[0m [36mepoch[0m=[35m1704067200000[0m [36mworker_id[0m=[35m1[0m
[2m2026-05-14T21:26:55.117603+08:00[0m [[32m[1mdebug    [0m] [1mglobal_subscribe              [0m [[0m[1m[34mai_werewolf_core.core.event.bus[0m][0m [36mhandler[0m=[35m_default_log_subscriber[0m
[2m2026-05-14T21:26:55.117714+08:00[0m [[32m[1mdebug    [0m] [1mglobal_subscribe              [0m [[0m[1m[34mai_werewolf_core.core.event.bus[0m][0m [36mhandler[0m=[35m_persist_to_db[0m
[2m2026-05-14T21:26:55.117845+08:00[0m [[32m[1minfo     [0m] [1mgame_init                     [0m [[0m[1m[34mai_werewolf_core.core.engine.lifecycle[0m][0m [36mgame_id[0m=[35m313306183597428736[0m [36mmodule[0m=[35mLifecycleManager[0m
[2m2026-05-14T21:26:55.118683+08:00[0m [[32m[1mdebug    [0m] [1mRedis ¡¨Ω”≥ÿ“—¥¥Ω®                  [0m [[0m[1m[34mai_werewolf_core.utils.redis_client[0m][0m [36mmax_connections[0m=[35m300[0m [36msocket_timeout[0m=[35m10[0m
[2m2026-05-14T21:27:00.121751+08:00[0m [[31m[1merror    [0m] [1mRedis ¡¨Ω”—È÷§ ß∞‹ (PING)           [0m [[0m[1m[34mai_werewolf_core.utils.redis_client[0m][0m [36merror[0m=[35m"Error while reading from 192.168.100.128:6379 : (22, '÷∏∂®µƒÕ¯¬Á√˚≤ª‘Ÿø…”√°£', None, 64, None)"[0m [36mhost[0m=[35m192.168.100.128[0m [36mport[0m=[35m6379[0m
Traceback (most recent call last):
  File "F:\py\Lib\asyncio\windows_events.py", line 463, in finish_socket_func
    return ov.getresult()
           ~~~~~~~~~~~~^^
OSError: [WinError 64] ÷∏∂®µƒÕ¯¬Á√˚≤ª‘Ÿø…”√°£

During handling of the above exception, another exception occurred:

Traceback (most recent call last):
  File "F:\py\Lib\site-packages\redis\asyncio\connection.py", line 725, in read_response
    response = await self._parser.read_response(
               ^^^^^^^^^^^^^^^^^^^^^^^^^^^^^^^^^
        disable_decoding=disable_decoding
        ^^^^^^^^^^^^^^^^^^^^^^^^^^^^^^^^^
    )
    ^
  File "F:\py\Lib\site-packages\redis\_parsers\resp2.py", line 82, in read_response
    response = await self._read_response(disable_decoding=disable_decoding)
               ^^^^^^^^^^^^^^^^^^^^^^^^^^^^^^^^^^^^^^^^^^^^^^^^^^^^^^^^^^^^
  File "F:\py\Lib\site-packages\redis\_parsers\resp2.py", line 90, in _read_response
    raw = await self._readline()
          ^^^^^^^^^^^^^^^^^^^^^^
  File "F:\py\Lib\site-packages\redis\_parsers\base.py", line 559, in _readline
    data = await self._stream.readline()
           ^^^^^^^^^^^^^^^^^^^^^^^^^^^^^
  File "F:\py\Lib\asyncio\streams.py", line 562, in readline
    line = await self.readuntil(sep)
           ^^^^^^^^^^^^^^^^^^^^^^^^^
  File "F:\py\Lib\asyncio\streams.py", line 677, in readuntil
    await self._wait_for_data('readuntil')
  File "F:\py\Lib\asyncio\streams.py", line 539, in _wait_for_data
    await self._waiter
  File "F:\py\Lib\asyncio\proactor_events.py", line 286, in _loop_reading
    length = fut.result()
  File "F:\py\Lib\asyncio\windows_events.py", line 804, in _poll
    value = callback(transferred, key, ov)
  File "F:\py\Lib\asyncio\windows_events.py", line 467, in finish_socket_func
    raise ConnectionResetError(*exc.args)
ConnectionResetError: [WinError 64] ÷∏∂®µƒÕ¯¬Á√˚≤ª‘Ÿø…”√°£

During handling of the above exception, another exception occurred:

Traceback (most recent call last):
  File "F:\YilenaCode\Werewolf\ai_werewolf_core\utils\redis_client.py", line 128, in get_client
    await cls._client.ping()
  File "F:\py\Lib\site-packages\redis\asyncio\client.py", line 764, in execute_command
    conn = self.connection or await pool.get_connection()
                              ^^^^^^^^^^^^^^^^^^^^^^^^^^^
  File "F:\py\Lib\site-packages\redis\utils.py", line 227, in async_wrapper
    return await func(*args, **kwargs)
           ^^^^^^^^^^^^^^^^^^^^^^^^^^^
  File "F:\py\Lib\site-packages\redis\asyncio\connection.py", line 1351, in get_connection
    await self.ensure_connection(connection)
  File "F:\py\Lib\site-packages\redis\asyncio\connection.py", line 1390, in ensure_connection
    await connection.connect()
  File "F:\py\Lib\site-packages\redis\asyncio\connection.py", line 339, in connect
    await self.retry.call_with_retry(
    ...<7 lines>...
    )
  File "F:\py\Lib\site-packages\redis\asyncio\retry.py", line 81, in call_with_retry
    raise error
  File "F:\py\Lib\site-packages\redis\asyncio\retry.py", line 69, in call_with_retry
    return await do()
           ^^^^^^^^^^
  File "F:\py\Lib\site-packages\redis\asyncio\connection.py", line 403, in connect_check_health
    await self.on_connect_check_health(check_health=check_health)
  File "F:\py\Lib\site-packages\redis\asyncio\connection.py", line 560, in on_connect_check_health
    await self.read_response()
  File "F:\py\Lib\site-packages\redis\asyncio\connection.py", line 747, in read_response
    raise ConnectionError(f"Error while reading from {host_error} : {e.args}")
redis.exceptions.ConnectionError: Error while reading from 192.168.100.128:6379 : (22, '÷∏∂®µƒÕ¯¬Á√˚≤ª‘Ÿø…”√°£', None, 64, None)
[2m2026-05-14T21:27:00.124469+08:00[0m [[31m[1merror    [0m] [1mcreate_game_redis_unavailable [0m [[0m[1m[34mai_werewolf_core.api.routes.games[0m][0m [36merror[0m=[35m'LifecycleManager Œﬁ∑®ªÒ»° Redis øÕªß∂À: game_id=313306183597428736'[0m
Traceback (most recent call last):
  File "F:\py\Lib\asyncio\windows_events.py", line 463, in finish_socket_func
    return ov.getresult()
           ~~~~~~~~~~~~^^
OSError: [WinError 64] ÷∏∂®µƒÕ¯¬Á√˚≤ª‘Ÿø…”√°£

During handling of the above exception, another exception occurred:

Traceback (most recent call last):
  File "F:\py\Lib\site-packages\redis\asyncio\connection.py", line 725, in read_response
    response = await self._parser.read_response(
               ^^^^^^^^^^^^^^^^^^^^^^^^^^^^^^^^^
        disable_decoding=disable_decoding
        ^^^^^^^^^^^^^^^^^^^^^^^^^^^^^^^^^
    )
    ^
  File "F:\py\Lib\site-packages\redis\_parsers\resp2.py", line 82, in read_response
    response = await self._read_response(disable_decoding=disable_decoding)
               ^^^^^^^^^^^^^^^^^^^^^^^^^^^^^^^^^^^^^^^^^^^^^^^^^^^^^^^^^^^^
  File "F:\py\Lib\site-packages\redis\_parsers\resp2.py", line 90, in _read_response
    raw = await self._readline()
          ^^^^^^^^^^^^^^^^^^^^^^
  File "F:\py\Lib\site-packages\redis\_parsers\base.py", line 559, in _readline
    data = await self._stream.readline()
           ^^^^^^^^^^^^^^^^^^^^^^^^^^^^^
  File "F:\py\Lib\asyncio\streams.py", line 562, in readline
    line = await self.readuntil(sep)
           ^^^^^^^^^^^^^^^^^^^^^^^^^
  File "F:\py\Lib\asyncio\streams.py", line 677, in readuntil
    await self._wait_for_data('readuntil')
  File "F:\py\Lib\asyncio\streams.py", line 539, in _wait_for_data
    await self._waiter
  File "F:\py\Lib\asyncio\proactor_events.py", line 286, in _loop_reading
    length = fut.result()
  File "F:\py\Lib\asyncio\windows_events.py", line 804, in _poll
    value = callback(transferred, key, ov)
  File "F:\py\Lib\asyncio\windows_events.py", line 467, in finish_socket_func
    raise ConnectionResetError(*exc.args)
ConnectionResetError: [WinError 64] ÷∏∂®µƒÕ¯¬Á√˚≤ª‘Ÿø…”√°£

During handling of the above exception, another exception occurred:

Traceback (most recent call last):
  File "F:\YilenaCode\Werewolf\ai_werewolf_core\core\engine\lifecycle.py", line 143, in _get_redis
    self._redis = await RedisClientManager.get_client()
                  ^^^^^^^^^^^^^^^^^^^^^^^^^^^^^^^^^^^^^
  File "F:\YilenaCode\Werewolf\ai_werewolf_core\utils\redis_client.py", line 128, in get_client
    await cls._client.ping()
  File "F:\py\Lib\site-packages\redis\asyncio\client.py", line 764, in execute_command
    conn = self.connection or await pool.get_connection()
                              ^^^^^^^^^^^^^^^^^^^^^^^^^^^
  File "F:\py\Lib\site-packages\redis\utils.py", line 227, in async_wrapper
    return await func(*args, **kwargs)
           ^^^^^^^^^^^^^^^^^^^^^^^^^^^
  File "F:\py\Lib\site-packages\redis\asyncio\connection.py", line 1351, in get_connection
    await self.ensure_connection(connection)
  File "F:\py\Lib\site-packages\redis\asyncio\connection.py", line 1390, in ensure_connection
    await connection.connect()
  File "F:\py\Lib\site-packages\redis\asyncio\connection.py", line 339, in connect
    await self.retry.call_with_retry(
    ...<7 lines>...
    )
  File "F:\py\Lib\site-packages\redis\asyncio\retry.py", line 81, in call_with_retry
    raise error
  File "F:\py\Lib\site-packages\redis\asyncio\retry.py", line 69, in call_with_retry
    return await do()
           ^^^^^^^^^^
  File "F:\py\Lib\site-packages\redis\asyncio\connection.py", line 403, in connect_check_health
    await self.on_connect_check_health(check_health=check_health)
  File "F:\py\Lib\site-packages\redis\asyncio\connection.py", line 560, in on_connect_check_health
    await self.read_response()
  File "F:\py\Lib\site-packages\redis\asyncio\connection.py", line 747, in read_response
    raise ConnectionError(f"Error while reading from {host_error} : {e.args}")
redis.exceptions.ConnectionError: Error while reading from 192.168.100.128:6379 : (22, '÷∏∂®µƒÕ¯¬Á√˚≤ª‘Ÿø…”√°£', None, 64, None)

The above exception was the direct cause of the following exception:

Traceback (most recent call last):
  File "F:\YilenaCode\Werewolf\ai_werewolf_core\api\routes\games.py", line 187, in create_game
    await manager.init_game()
  File "F:\YilenaCode\Werewolf\ai_werewolf_core\core\engine\lifecycle.py", line 420, in init_game
    current_status = await self.get_status()
                     ^^^^^^^^^^^^^^^^^^^^^^^
  File "F:\YilenaCode\Werewolf\ai_werewolf_core\core\engine\lifecycle.py", line 262, in get_status
    status = await self._get_status_from_redis()
             ^^^^^^^^^^^^^^^^^^^^^^^^^^^^^^^^^^^
  File "F:\YilenaCode\Werewolf\ai_werewolf_core\core\engine\lifecycle.py", line 167, in _get_status_from_redis
    redis = await self._get_redis()
            ^^^^^^^^^^^^^^^^^^^^^^^
  File "F:\YilenaCode\Werewolf\ai_werewolf_core\core\engine\lifecycle.py", line 146, in _get_redis
    raise RedisUnavailableException(
        f"LifecycleManager Œﬁ∑®ªÒ»° Redis øÕªß∂À: game_id={self.game_id}"
    ) from e
ai_werewolf_core.utils.redis_seq.RedisUnavailableException: LifecycleManager Œﬁ∑®ªÒ»° Redis øÕªß∂À: game_id=313306183597428736
----------------------------- Captured log setup ------------------------------
DEBUG    asyncio:proactor_events.py:633 Using proactor: IocpProactor
DEBUG    asyncio:proactor_events.py:633 Using proactor: IocpProactor
DEBUG    ai_werewolf_core.utils.redis_lua_loader:redis_lua_loader.py:185 {'script_name': 'hset_with_ttl', 'filepath': 'F:\\YilenaCode\\Werewolf\\ai_werewolf_core\\redis_lua\\hset_with_ttl.lua', 'size_bytes': 298, 'event': 'Lua Ω≈±æ“—∂¡»°', 'level': 'debug', 'logger': 'ai_werewolf_core.utils.redis_lua_loader', 'timestamp': '2026-05-14T21:26:50.103858+08:00'}
DEBUG    ai_werewolf_core.utils.redis_lua_loader:redis_lua_loader.py:185 {'script_name': 'phase_transition', 'filepath': 'F:\\YilenaCode\\Werewolf\\ai_werewolf_core\\redis_lua\\phase_transition.lua', 'size_bytes': 1289, 'event': 'Lua Ω≈±æ“—∂¡»°', 'level': 'debug', 'logger': 'ai_werewolf_core.utils.redis_lua_loader', 'timestamp': '2026-05-14T21:26:50.104262+08:00'}
DEBUG    ai_werewolf_core.utils.redis_lua_loader:redis_lua_loader.py:185 {'script_name': 'status_transition', 'filepath': 'F:\\YilenaCode\\Werewolf\\ai_werewolf_core\\redis_lua\\status_transition.lua', 'size_bytes': 1247, 'event': 'Lua Ω≈±æ“—∂¡»°', 'level': 'debug', 'logger': 'ai_werewolf_core.utils.redis_lua_loader', 'timestamp': '2026-05-14T21:26:50.104516+08:00'}
DEBUG    ai_werewolf_core.utils.redis_lua_loader:redis_lua_loader.py:185 {'script_name': 'vote_submit', 'filepath': 'F:\\YilenaCode\\Werewolf\\ai_werewolf_core\\redis_lua\\vote_submit.lua', 'size_bytes': 595, 'event': 'Lua Ω≈±æ“—∂¡»°', 'level': 'debug', 'logger': 'ai_werewolf_core.utils.redis_lua_loader', 'timestamp': '2026-05-14T21:26:50.104771+08:00'}
DEBUG    ai_werewolf_core.utils.redis_client:redis_client.py:243 {'max_connections': 300, 'socket_timeout': 10, 'event': 'Redis ¡¨Ω”≥ÿ“—¥¥Ω®', 'level': 'debug', 'logger': 'ai_werewolf_core.utils.redis_client', 'timestamp': '2026-05-14T21:26:50.104993+08:00'}
ERROR    ai_werewolf_core.utils.redis_client:redis_client.py:130 {'host': '192.168.100.128', 'port': 6379, 'error': "Error while reading from 192.168.100.128:6379 : (22, '÷∏∂®µƒÕ¯¬Á√˚≤ª‘Ÿø…”√°£', None, 64, None)", 'event': 'Redis ¡¨Ω”—È÷§ ß∞‹ (PING)', 'level': 'error', 'logger': 'ai_werewolf_core.utils.redis_client', 'timestamp': '2026-05-14T21:26:55.108825+08:00', 'exception': 'Traceback (most recent call last):\n  File "F:\\py\\Lib\\asyncio\\windows_events.py", line 463, in finish_socket_func\n    return ov.getresult()\n           ~~~~~~~~~~~~^^\nOSError: [WinError 64] ÷∏∂®µƒÕ¯¬Á√˚≤ª‘Ÿø…”√°£\n\nDuring handling of the above exception, another exception occurred:\n\nTraceback (most recent call last):\n  File "F:\\py\\Lib\\site-packages\\redis\\asyncio\\connection.py", line 725, in read_response\n    response = await self._parser.read_response(\n               ^^^^^^^^^^^^^^^^^^^^^^^^^^^^^^^^^\n        disable_decoding=disable_decoding\n        ^^^^^^^^^^^^^^^^^^^^^^^^^^^^^^^^^\n    )\n    ^\n  File "F:\\py\\Lib\\site-packages\\redis\\_parsers\\resp2.py", line 82, in read_response\n    response = await self._read_response(disable_decoding=disable_decoding)\n               ^^^^^^^^^^^^^^^^^^^^^^^^^^^^^^^^^^^^^^^^^^^^^^^^^^^^^^^^^^^^\n  File "F:\\py\\Lib\\site-packages\\redis\\_parsers\\resp2.py", line 90, in _read_response\n    raw = await self._readline()\n          ^^^^^^^^^^^^^^^^^^^^^^\n  File "F:\\py\\Lib\\site-packages\\redis\\_parsers\\base.py", line 559, in _readline\n    data = await self._stream.readline()\n           ^^^^^^^^^^^^^^^^^^^^^^^^^^^^^\n  File "F:\\py\\Lib\\asyncio\\streams.py", line 562, in readline\n    line = await self.readuntil(sep)\n           ^^^^^^^^^^^^^^^^^^^^^^^^^\n  File "F:\\py\\Lib\\asyncio\\streams.py", line 677, in readuntil\n    await self._wait_for_data(\'readuntil\')\n  File "F:\\py\\Lib\\asyncio\\streams.py", line 539, in _wait_for_data\n    await self._waiter\n  File "F:\\py\\Lib\\asyncio\\proactor_events.py", line 286, in _loop_reading\n    length = fut.result()\n  File "F:\\py\\Lib\\asyncio\\windows_events.py", line 804, in _poll\n    value = callback(transferred, key, ov)\n  File "F:\\py\\Lib\\asyncio\\windows_events.py", line 467, in finish_socket_func\n    raise ConnectionResetError(*exc.args)\nConnectionResetError: [WinError 64] ÷∏∂®µƒÕ¯¬Á√˚≤ª‘Ÿø…”√°£\n\nDuring handling of the above exception, another exception occurred:\n\nTraceback (most recent call last):\n  File "F:\\YilenaCode\\Werewolf\\ai_werewolf_core\\utils\\redis_client.py", line 128, in get_client\n    await cls._client.ping()\n  File "F:\\py\\Lib\\site-packages\\redis\\asyncio\\client.py", line 764, in execute_command\n    conn = self.connection or await pool.get_connection()\n                              ^^^^^^^^^^^^^^^^^^^^^^^^^^^\n  File "F:\\py\\Lib\\site-packages\\redis\\utils.py", line 227, in async_wrapper\n    return await func(*args, **kwargs)\n           ^^^^^^^^^^^^^^^^^^^^^^^^^^^\n  File "F:\\py\\Lib\\site-packages\\redis\\asyncio\\connection.py", line 1351, in get_connection\n    await self.ensure_connection(connection)\n  File "F:\\py\\Lib\\site-packages\\redis\\asyncio\\connection.py", line 1390, in ensure_connection\n    await connection.connect()\n  File "F:\\py\\Lib\\site-packages\\redis\\asyncio\\connection.py", line 339, in connect\n    await self.retry.call_with_retry(\n    ...<7 lines>...\n    )\n  File "F:\\py\\Lib\\site-packages\\redis\\asyncio\\retry.py", line 81, in call_with_retry\n    raise error\n  File "F:\\py\\Lib\\site-packages\\redis\\asyncio\\retry.py", line 69, in call_with_retry\n    return await do()\n           ^^^^^^^^^^\n  File "F:\\py\\Lib\\site-packages\\redis\\asyncio\\connection.py", line 403, in connect_check_health\n    await self.on_connect_check_health(check_health=check_health)\n  File "F:\\py\\Lib\\site-packages\\redis\\asyncio\\connection.py", line 560, in on_connect_check_health\n    await self.read_response()\n  File "F:\\py\\Lib\\site-packages\\redis\\asyncio\\connection.py", line 747, in read_response\n    raise ConnectionError(f"Error while reading from {host_error} : {e.args}")\nredis.exceptions.ConnectionError: Error while reading from 192.168.100.128:6379 : (22, \'÷∏∂®µƒÕ¯¬Á√˚≤ª‘Ÿø…”√°£\', None, 64, None)'}
WARNING  root:conftest.py:31 Failed to load lua scripts (Redis might not be running): Error while reading from 192.168.100.128:6379 : (22, '÷∏∂®µƒÕ¯¬Á√˚≤ª‘Ÿø…”√°£', None, 64, None)
INFO     ai_werewolf_core.utils.snowflake:snowflake.py:134 {'datacenter_id': 1, 'worker_id': 1, 'epoch': 1704067200000, 'event': '—©ª®À„∑®…˙≥…∆˜“—≥ı ºªØ', 'level': 'info', 'logger': 'ai_werewolf_core.utils.snowflake', 'timestamp': '2026-05-14T21:26:55.117321+08:00'}
DEBUG    ai_werewolf_core.core.event.bus:bus.py:519 {'handler': '_default_log_subscriber', 'event': 'global_subscribe', 'level': 'debug', 'logger': 'ai_werewolf_core.core.event.bus', 'timestamp': '2026-05-14T21:26:55.117603+08:00'}
DEBUG    ai_werewolf_core.core.event.bus:bus.py:519 {'handler': '_persist_to_db', 'event': 'global_subscribe', 'level': 'debug', 'logger': 'ai_werewolf_core.core.event.bus', 'timestamp': '2026-05-14T21:26:55.117714+08:00'}
INFO     ai_werewolf_core.core.engine.lifecycle:lifecycle.py:418 {'game_id': '313306183597428736', 'module': 'LifecycleManager', 'event': 'game_init', 'level': 'info', 'logger': 'ai_werewolf_core.core.engine.lifecycle', 'timestamp': '2026-05-14T21:26:55.117845+08:00'}
DEBUG    ai_werewolf_core.utils.redis_client:redis_client.py:243 {'max_connections': 300, 'socket_timeout': 10, 'event': 'Redis ¡¨Ω”≥ÿ“—¥¥Ω®', 'level': 'debug', 'logger': 'ai_werewolf_core.utils.redis_client', 'timestamp': '2026-05-14T21:26:55.118683+08:00'}
ERROR    ai_werewolf_core.utils.redis_client:redis_client.py:130 {'host': '192.168.100.128', 'port': 6379, 'error': "Error while reading from 192.168.100.128:6379 : (22, '÷∏∂®µƒÕ¯¬Á√˚≤ª‘Ÿø…”√°£', None, 64, None)", 'event': 'Redis ¡¨Ω”—È÷§ ß∞‹ (PING)', 'level': 'error', 'logger': 'ai_werewolf_core.utils.redis_client', 'timestamp': '2026-05-14T21:27:00.121751+08:00', 'exception': 'Traceback (most recent call last):\n  File "F:\\py\\Lib\\asyncio\\windows_events.py", line 463, in finish_socket_func\n    return ov.getresult()\n           ~~~~~~~~~~~~^^\nOSError: [WinError 64] ÷∏∂®µƒÕ¯¬Á√˚≤ª‘Ÿø…”√°£\n\nDuring handling of the above exception, another exception occurred:\n\nTraceback (most recent call last):\n  File "F:\\py\\Lib\\site-packages\\redis\\asyncio\\connection.py", line 725, in read_response\n    response = await self._parser.read_response(\n               ^^^^^^^^^^^^^^^^^^^^^^^^^^^^^^^^^\n        disable_decoding=disable_decoding\n        ^^^^^^^^^^^^^^^^^^^^^^^^^^^^^^^^^\n    )\n    ^\n  File "F:\\py\\Lib\\site-packages\\redis\\_parsers\\resp2.py", line 82, in read_response\n    response = await self._read_response(disable_decoding=disable_decoding)\n               ^^^^^^^^^^^^^^^^^^^^^^^^^^^^^^^^^^^^^^^^^^^^^^^^^^^^^^^^^^^^\n  File "F:\\py\\Lib\\site-packages\\redis\\_parsers\\resp2.py", line 90, in _read_response\n    raw = await self._readline()\n          ^^^^^^^^^^^^^^^^^^^^^^\n  File "F:\\py\\Lib\\site-packages\\redis\\_parsers\\base.py", line 559, in _readline\n    data = await self._stream.readline()\n           ^^^^^^^^^^^^^^^^^^^^^^^^^^^^^\n  File "F:\\py\\Lib\\asyncio\\streams.py", line 562, in readline\n    line = await self.readuntil(sep)\n           ^^^^^^^^^^^^^^^^^^^^^^^^^\n  File "F:\\py\\Lib\\asyncio\\streams.py", line 677, in readuntil\n    await self._wait_for_data(\'readuntil\')\n  File "F:\\py\\Lib\\asyncio\\streams.py", line 539, in _wait_for_data\n    await self._waiter\n  File "F:\\py\\Lib\\asyncio\\proactor_events.py", line 286, in _loop_reading\n    length = fut.result()\n  File "F:\\py\\Lib\\asyncio\\windows_events.py", line 804, in _poll\n    value = callback(transferred, key, ov)\n  File "F:\\py\\Lib\\asyncio\\windows_events.py", line 467, in finish_socket_func\n    raise ConnectionResetError(*exc.args)\nConnectionResetError: [WinError 64] ÷∏∂®µƒÕ¯¬Á√˚≤ª‘Ÿø…”√°£\n\nDuring handling of the above exception, another exception occurred:\n\nTraceback (most recent call last):\n  File "F:\\YilenaCode\\Werewolf\\ai_werewolf_core\\utils\\redis_client.py", line 128, in get_client\n    await cls._client.ping()\n  File "F:\\py\\Lib\\site-packages\\redis\\asyncio\\client.py", line 764, in execute_command\n    conn = self.connection or await pool.get_connection()\n                              ^^^^^^^^^^^^^^^^^^^^^^^^^^^\n  File "F:\\py\\Lib\\site-packages\\redis\\utils.py", line 227, in async_wrapper\n    return await func(*args, **kwargs)\n           ^^^^^^^^^^^^^^^^^^^^^^^^^^^\n  File "F:\\py\\Lib\\site-packages\\redis\\asyncio\\connection.py", line 1351, in get_connection\n    await self.ensure_connection(connection)\n  File "F:\\py\\Lib\\site-packages\\redis\\asyncio\\connection.py", line 1390, in ensure_connection\n    await connection.connect()\n  File "F:\\py\\Lib\\site-packages\\redis\\asyncio\\connection.py", line 339, in connect\n    await self.retry.call_with_retry(\n    ...<7 lines>...\n    )\n  File "F:\\py\\Lib\\site-packages\\redis\\asyncio\\retry.py", line 81, in call_with_retry\n    raise error\n  File "F:\\py\\Lib\\site-packages\\redis\\asyncio\\retry.py", line 69, in call_with_retry\n    return await do()\n           ^^^^^^^^^^\n  File "F:\\py\\Lib\\site-packages\\redis\\asyncio\\connection.py", line 403, in connect_check_health\n    await self.on_connect_check_health(check_health=check_health)\n  File "F:\\py\\Lib\\site-packages\\redis\\asyncio\\connection.py", line 560, in on_connect_check_health\n    await self.read_response()\n  File "F:\\py\\Lib\\site-packages\\redis\\asyncio\\connection.py", line 747, in read_response\n    raise ConnectionError(f"Error while reading from {host_error} : {e.args}")\nredis.exceptions.ConnectionError: Error while reading from 192.168.100.128:6379 : (22, \'÷∏∂®µƒÕ¯¬Á√˚≤ª‘Ÿø…”√°£\', None, 64, None)'}
ERROR    ai_werewolf_core.api.routes.games:games.py:199 {'error': 'LifecycleManager Œﬁ∑®ªÒ»° Redis øÕªß∂À: game_id=313306183597428736', 'event': 'create_game_redis_unavailable', 'level': 'error', 'logger': 'ai_werewolf_core.api.routes.games', 'timestamp': '2026-05-14T21:27:00.124469+08:00', 'exception': 'Traceback (most recent call last):\n  File "F:\\py\\Lib\\asyncio\\windows_events.py", line 463, in finish_socket_func\n    return ov.getresult()\n           ~~~~~~~~~~~~^^\nOSError: [WinError 64] ÷∏∂®µƒÕ¯¬Á√˚≤ª‘Ÿø…”√°£\n\nDuring handling of the above exception, another exception occurred:\n\nTraceback (most recent call last):\n  File "F:\\py\\Lib\\site-packages\\redis\\asyncio\\connection.py", line 725, in read_response\n    response = await self._parser.read_response(\n               ^^^^^^^^^^^^^^^^^^^^^^^^^^^^^^^^^\n        disable_decoding=disable_decoding\n        ^^^^^^^^^^^^^^^^^^^^^^^^^^^^^^^^^\n    )\n    ^\n  File "F:\\py\\Lib\\site-packages\\redis\\_parsers\\resp2.py", line 82, in read_response\n    response = await self._read_response(disable_decoding=disable_decoding)\n               ^^^^^^^^^^^^^^^^^^^^^^^^^^^^^^^^^^^^^^^^^^^^^^^^^^^^^^^^^^^^\n  File "F:\\py\\Lib\\site-packages\\redis\\_parsers\\resp2.py", line 90, in _read_response\n    raw = await self._readline()\n          ^^^^^^^^^^^^^^^^^^^^^^\n  File "F:\\py\\Lib\\site-packages\\redis\\_parsers\\base.py", line 559, in _readline\n    data = await self._stream.readline()\n           ^^^^^^^^^^^^^^^^^^^^^^^^^^^^^\n  File "F:\\py\\Lib\\asyncio\\streams.py", line 562, in readline\n    line = await self.readuntil(sep)\n           ^^^^^^^^^^^^^^^^^^^^^^^^^\n  File "F:\\py\\Lib\\asyncio\\streams.py", line 677, in readuntil\n    await self._wait_for_data(\'readuntil\')\n  File "F:\\py\\Lib\\asyncio\\streams.py", line 539, in _wait_for_data\n    await self._waiter\n  File "F:\\py\\Lib\\asyncio\\proactor_events.py", line 286, in _loop_reading\n    length = fut.result()\n  File "F:\\py\\Lib\\asyncio\\windows_events.py", line 804, in _poll\n    value = callback(transferred, key, ov)\n  File "F:\\py\\Lib\\asyncio\\windows_events.py", line 467, in finish_socket_func\n    raise ConnectionResetError(*exc.args)\nConnectionResetError: [WinError 64] ÷∏∂®µƒÕ¯¬Á√˚≤ª‘Ÿø…”√°£\n\nDuring handling of the above exception, another exception occurred:\n\nTraceback (most recent call last):\n  File "F:\\YilenaCode\\Werewolf\\ai_werewolf_core\\core\\engine\\lifecycle.py", line 143, in _get_redis\n    self._redis = await RedisClientManager.get_client()\n                  ^^^^^^^^^^^^^^^^^^^^^^^^^^^^^^^^^^^^^\n  File "F:\\YilenaCode\\Werewolf\\ai_werewolf_core\\utils\\redis_client.py", line 128, in get_client\n    await cls._client.ping()\n  File "F:\\py\\Lib\\site-packages\\redis\\asyncio\\client.py", line 764, in execute_command\n    conn = self.connection or await pool.get_connection()\n                              ^^^^^^^^^^^^^^^^^^^^^^^^^^^\n  File "F:\\py\\Lib\\site-packages\\redis\\utils.py", line 227, in async_wrapper\n    return await func(*args, **kwargs)\n           ^^^^^^^^^^^^^^^^^^^^^^^^^^^\n  File "F:\\py\\Lib\\site-packages\\redis\\asyncio\\connection.py", line 1351, in get_connection\n    await self.ensure_connection(connection)\n  File "F:\\py\\Lib\\site-packages\\redis\\asyncio\\connection.py", line 1390, in ensure_connection\n    await connection.connect()\n  File "F:\\py\\Lib\\site-packages\\redis\\asyncio\\connection.py", line 339, in connect\n    await self.retry.call_with_retry(\n    ...<7 lines>...\n    )\n  File "F:\\py\\Lib\\site-packages\\redis\\asyncio\\retry.py", line 81, in call_with_retry\n    raise error\n  File "F:\\py\\Lib\\site-packages\\redis\\asyncio\\retry.py", line 69, in call_with_retry\n    return await do()\n           ^^^^^^^^^^\n  File "F:\\py\\Lib\\site-packages\\redis\\asyncio\\connection.py", line 403, in connect_check_health\n    await self.on_connect_check_health(check_health=check_health)\n  File "F:\\py\\Lib\\site-packages\\redis\\asyncio\\connection.py", line 560, in on_connect_check_health\n    await self.read_response()\n  File "F:\\py\\Lib\\site-packages\\redis\\asyncio\\connection.py", line 747, in read_response\n    raise ConnectionError(f"Error while reading from {host_error} : {e.args}")\nredis.exceptions.ConnectionError: Error while reading from 192.168.100.128:6379 : (22, \'÷∏∂®µƒÕ¯¬Á√˚≤ª‘Ÿø…”√°£\', None, 64, None)\n\nThe above exception was the direct cause of the following exception:\n\nTraceback (most recent call last):\n  File "F:\\YilenaCode\\Werewolf\\ai_werewolf_core\\api\\routes\\games.py", line 187, in create_game\n    await manager.init_game()\n  File "F:\\YilenaCode\\Werewolf\\ai_werewolf_core\\core\\engine\\lifecycle.py", line 420, in init_game\n    current_status = await self.get_status()\n                     ^^^^^^^^^^^^^^^^^^^^^^^\n  File "F:\\YilenaCode\\Werewolf\\ai_werewolf_core\\core\\engine\\lifecycle.py", line 262, in get_status\n    status = await self._get_status_from_redis()\n             ^^^^^^^^^^^^^^^^^^^^^^^^^^^^^^^^^^^\n  File "F:\\YilenaCode\\Werewolf\\ai_werewolf_core\\core\\engine\\lifecycle.py", line 167, in _get_status_from_redis\n    redis = await self._get_redis()\n            ^^^^^^^^^^^^^^^^^^^^^^^\n  File "F:\\YilenaCode\\Werewolf\\ai_werewolf_core\\core\\engine\\lifecycle.py", line 146, in _get_redis\n    raise RedisUnavailableException(\n        f"LifecycleManager Œﬁ∑®ªÒ»° Redis øÕªß∂À: game_id={self.game_id}"\n    ) from e\nai_werewolf_core.utils.redis_seq.RedisUnavailableException: LifecycleManager Œﬁ∑®ªÒ»° Redis øÕªß∂À: game_id=313306183597428736'}
_____________________ ERROR at setup of test_vote_status ______________________

client = <httpx.AsyncClient object at 0x0000027C30481D10>

    @pytest.fixture
    async def running_game_id(client):
        """¥¥Ω®≤¢∆Ù∂Ø“ª∏ˆ∂‘æ÷£¨∑µªÿ game_id°£"""
        create_resp = await client.post("/api/games", json={"player_count": 9})
>       game_id = create_resp.json()["game_id"]
                  ^^^^^^^^^^^^^^^^^^^^^^^^^^^^^
E       KeyError: 'game_id'

tests\test_api_actions.py:34: KeyError
---------------------------- Captured stderr setup ----------------------------
[2m2026-05-14T21:27:00.378873+08:00[0m [[32m[1mdebug    [0m] [1mglobal_subscribe              [0m [[0m[1m[34mai_werewolf_core.core.event.bus[0m][0m [36mhandler[0m=[35m_default_log_subscriber[0m
[2m2026-05-14T21:27:00.379066+08:00[0m [[32m[1mdebug    [0m] [1mglobal_subscribe              [0m [[0m[1m[34mai_werewolf_core.core.event.bus[0m][0m [36mhandler[0m=[35m_persist_to_db[0m
[2m2026-05-14T21:27:00.379178+08:00[0m [[32m[1minfo     [0m] [1mgame_init                     [0m [[0m[1m[34mai_werewolf_core.core.engine.lifecycle[0m][0m [36mgame_id[0m=[35m313306205663662080[0m [36mmodule[0m=[35mLifecycleManager[0m
[2m2026-05-14T21:27:00.379278+08:00[0m [[32m[1mdebug    [0m] [1mRedis ¡¨Ω”≥ÿ“—¥¥Ω®                  [0m [[0m[1m[34mai_werewolf_core.utils.redis_client[0m][0m [36mmax_connections[0m=[35m300[0m [36msocket_timeout[0m=[35m10[0m
[2m2026-05-14T21:27:05.382615+08:00[0m [[31m[1merror    [0m] [1mRedis ¡¨Ω”—È÷§ ß∞‹ (PING)           [0m [[0m[1m[34mai_werewolf_core.utils.redis_client[0m][0m [36merror[0m=[35m"Error while reading from 192.168.100.128:6379 : (22, '÷∏∂®µƒÕ¯¬Á√˚≤ª‘Ÿø…”√°£', None, 64, None)"[0m [36mhost[0m=[35m192.168.100.128[0m [36mport[0m=[35m6379[0m
Traceback (most recent call last):
  File "F:\py\Lib\asyncio\windows_events.py", line 463, in finish_socket_func
    return ov.getresult()
           ~~~~~~~~~~~~^^
OSError: [WinError 64] ÷∏∂®µƒÕ¯¬Á√˚≤ª‘Ÿø…”√°£

During handling of the above exception, another exception occurred:

Traceback (most recent call last):
  File "F:\py\Lib\site-packages\redis\asyncio\connection.py", line 725, in read_response
    response = await self._parser.read_response(
               ^^^^^^^^^^^^^^^^^^^^^^^^^^^^^^^^^
        disable_decoding=disable_decoding
        ^^^^^^^^^^^^^^^^^^^^^^^^^^^^^^^^^
    )
    ^
  File "F:\py\Lib\site-packages\redis\_parsers\resp2.py", line 82, in read_response
    response = await self._read_response(disable_decoding=disable_decoding)
               ^^^^^^^^^^^^^^^^^^^^^^^^^^^^^^^^^^^^^^^^^^^^^^^^^^^^^^^^^^^^
  File "F:\py\Lib\site-packages\redis\_parsers\resp2.py", line 90, in _read_response
    raw = await self._readline()
          ^^^^^^^^^^^^^^^^^^^^^^
  File "F:\py\Lib\site-packages\redis\_parsers\base.py", line 559, in _readline
    data = await self._stream.readline()
           ^^^^^^^^^^^^^^^^^^^^^^^^^^^^^
  File "F:\py\Lib\asyncio\streams.py", line 562, in readline
    line = await self.readuntil(sep)
           ^^^^^^^^^^^^^^^^^^^^^^^^^
  File "F:\py\Lib\asyncio\streams.py", line 677, in readuntil
    await self._wait_for_data('readuntil')
  File "F:\py\Lib\asyncio\streams.py", line 539, in _wait_for_data
    await self._waiter
  File "F:\py\Lib\asyncio\proactor_events.py", line 286, in _loop_reading
    length = fut.result()
  File "F:\py\Lib\asyncio\windows_events.py", line 804, in _poll
    value = callback(transferred, key, ov)
  File "F:\py\Lib\asyncio\windows_events.py", line 467, in finish_socket_func
    raise ConnectionResetError(*exc.args)
ConnectionResetError: [WinError 64] ÷∏∂®µƒÕ¯¬Á√˚≤ª‘Ÿø…”√°£

During handling of the above exception, another exception occurred:

Traceback (most recent call last):
  File "F:\YilenaCode\Werewolf\ai_werewolf_core\utils\redis_client.py", line 128, in get_client
    await cls._client.ping()
  File "F:\py\Lib\site-packages\redis\asyncio\client.py", line 764, in execute_command
    conn = self.connection or await pool.get_connection()
                              ^^^^^^^^^^^^^^^^^^^^^^^^^^^
  File "F:\py\Lib\site-packages\redis\utils.py", line 227, in async_wrapper
    return await func(*args, **kwargs)
           ^^^^^^^^^^^^^^^^^^^^^^^^^^^
  File "F:\py\Lib\site-packages\redis\asyncio\connection.py", line 1351, in get_connection
    await self.ensure_connection(connection)
  File "F:\py\Lib\site-packages\redis\asyncio\connection.py", line 1390, in ensure_connection
    await connection.connect()
  File "F:\py\Lib\site-packages\redis\asyncio\connection.py", line 339, in connect
    await self.retry.call_with_retry(
    ...<7 lines>...
    )
  File "F:\py\Lib\site-packages\redis\asyncio\retry.py", line 81, in call_with_retry
    raise error
  File "F:\py\Lib\site-packages\redis\asyncio\retry.py", line 69, in call_with_retry
    return await do()
           ^^^^^^^^^^
  File "F:\py\Lib\site-packages\redis\asyncio\connection.py", line 403, in connect_check_health
    await self.on_connect_check_health(check_health=check_health)
  File "F:\py\Lib\site-packages\redis\asyncio\connection.py", line 560, in on_connect_check_health
    await self.read_response()
  File "F:\py\Lib\site-packages\redis\asyncio\connection.py", line 747, in read_response
    raise ConnectionError(f"Error while reading from {host_error} : {e.args}")
redis.exceptions.ConnectionError: Error while reading from 192.168.100.128:6379 : (22, '÷∏∂®µƒÕ¯¬Á√˚≤ª‘Ÿø…”√°£', None, 64, None)
[2m2026-05-14T21:27:05.385494+08:00[0m [[31m[1merror    [0m] [1mcreate_game_redis_unavailable [0m [[0m[1m[34mai_werewolf_core.api.routes.games[0m][0m [36merror[0m=[35m'LifecycleManager Œﬁ∑®ªÒ»° Redis øÕªß∂À: game_id=313306205663662080'[0m
Traceback (most recent call last):
  File "F:\py\Lib\asyncio\windows_events.py", line 463, in finish_socket_func
    return ov.getresult()
           ~~~~~~~~~~~~^^
OSError: [WinError 64] ÷∏∂®µƒÕ¯¬Á√˚≤ª‘Ÿø…”√°£

During handling of the above exception, another exception occurred:

Traceback (most recent call last):
  File "F:\py\Lib\site-packages\redis\asyncio\connection.py", line 725, in read_response
    response = await self._parser.read_response(
               ^^^^^^^^^^^^^^^^^^^^^^^^^^^^^^^^^
        disable_decoding=disable_decoding
        ^^^^^^^^^^^^^^^^^^^^^^^^^^^^^^^^^
    )
    ^
  File "F:\py\Lib\site-packages\redis\_parsers\resp2.py", line 82, in read_response
    response = await self._read_response(disable_decoding=disable_decoding)
               ^^^^^^^^^^^^^^^^^^^^^^^^^^^^^^^^^^^^^^^^^^^^^^^^^^^^^^^^^^^^
  File "F:\py\Lib\site-packages\redis\_parsers\resp2.py", line 90, in _read_response
    raw = await self._readline()
          ^^^^^^^^^^^^^^^^^^^^^^
  File "F:\py\Lib\site-packages\redis\_parsers\base.py", line 559, in _readline
    data = await self._stream.readline()
           ^^^^^^^^^^^^^^^^^^^^^^^^^^^^^
  File "F:\py\Lib\asyncio\streams.py", line 562, in readline
    line = await self.readuntil(sep)
           ^^^^^^^^^^^^^^^^^^^^^^^^^
  File "F:\py\Lib\asyncio\streams.py", line 677, in readuntil
    await self._wait_for_data('readuntil')
  File "F:\py\Lib\asyncio\streams.py", line 539, in _wait_for_data
    await self._waiter
  File "F:\py\Lib\asyncio\proactor_events.py", line 286, in _loop_reading
    length = fut.result()
  File "F:\py\Lib\asyncio\windows_events.py", line 804, in _poll
    value = callback(transferred, key, ov)
  File "F:\py\Lib\asyncio\windows_events.py", line 467, in finish_socket_func
    raise ConnectionResetError(*exc.args)
ConnectionResetError: [WinError 64] ÷∏∂®µƒÕ¯¬Á√˚≤ª‘Ÿø…”√°£

During handling of the above exception, another exception occurred:

Traceback (most recent call last):
  File "F:\YilenaCode\Werewolf\ai_werewolf_core\core\engine\lifecycle.py", line 143, in _get_redis
    self._redis = await RedisClientManager.get_client()
                  ^^^^^^^^^^^^^^^^^^^^^^^^^^^^^^^^^^^^^
  File "F:\YilenaCode\Werewolf\ai_werewolf_core\utils\redis_client.py", line 128, in get_client
    await cls._client.ping()
  File "F:\py\Lib\site-packages\redis\asyncio\client.py", line 764, in execute_command
    conn = self.connection or await pool.get_connection()
                              ^^^^^^^^^^^^^^^^^^^^^^^^^^^
  File "F:\py\Lib\site-packages\redis\utils.py", line 227, in async_wrapper
    return await func(*args, **kwargs)
           ^^^^^^^^^^^^^^^^^^^^^^^^^^^
  File "F:\py\Lib\site-packages\redis\asyncio\connection.py", line 1351, in get_connection
    await self.ensure_connection(connection)
  File "F:\py\Lib\site-packages\redis\asyncio\connection.py", line 1390, in ensure_connection
    await connection.connect()
  File "F:\py\Lib\site-packages\redis\asyncio\connection.py", line 339, in connect
    await self.retry.call_with_retry(
    ...<7 lines>...
    )
  File "F:\py\Lib\site-packages\redis\asyncio\retry.py", line 81, in call_with_retry
    raise error
  File "F:\py\Lib\site-packages\redis\asyncio\retry.py", line 69, in call_with_retry
    return await do()
           ^^^^^^^^^^
  File "F:\py\Lib\site-packages\redis\asyncio\connection.py", line 403, in connect_check_health
    await self.on_connect_check_health(check_health=check_health)
  File "F:\py\Lib\site-packages\redis\asyncio\connection.py", line 560, in on_connect_check_health
    await self.read_response()
  File "F:\py\Lib\site-packages\redis\asyncio\connection.py", line 747, in read_response
    raise ConnectionError(f"Error while reading from {host_error} : {e.args}")
redis.exceptions.ConnectionError: Error while reading from 192.168.100.128:6379 : (22, '÷∏∂®µƒÕ¯¬Á√˚≤ª‘Ÿø…”√°£', None, 64, None)

The above exception was the direct cause of the following exception:

Traceback (most recent call last):
  File "F:\YilenaCode\Werewolf\ai_werewolf_core\api\routes\games.py", line 187, in create_game
    await manager.init_game()
  File "F:\YilenaCode\Werewolf\ai_werewolf_core\core\engine\lifecycle.py", line 420, in init_game
    current_status = await self.get_status()
                     ^^^^^^^^^^^^^^^^^^^^^^^
  File "F:\YilenaCode\Werewolf\ai_werewolf_core\core\engine\lifecycle.py", line 262, in get_status
    status = await self._get_status_from_redis()
             ^^^^^^^^^^^^^^^^^^^^^^^^^^^^^^^^^^^
  File "F:\YilenaCode\Werewolf\ai_werewolf_core\core\engine\lifecycle.py", line 167, in _get_status_from_redis
    redis = await self._get_redis()
            ^^^^^^^^^^^^^^^^^^^^^^^
  File "F:\YilenaCode\Werewolf\ai_werewolf_core\core\engine\lifecycle.py", line 146, in _get_redis
    raise RedisUnavailableException(
        f"LifecycleManager Œﬁ∑®ªÒ»° Redis øÕªß∂À: game_id={self.game_id}"
    ) from e
ai_werewolf_core.utils.redis_seq.RedisUnavailableException: LifecycleManager Œﬁ∑®ªÒ»° Redis øÕªß∂À: game_id=313306205663662080
----------------------------- Captured log setup ------------------------------
DEBUG    ai_werewolf_core.core.event.bus:bus.py:519 {'handler': '_default_log_subscriber', 'event': 'global_subscribe', 'level': 'debug', 'logger': 'ai_werewolf_core.core.event.bus', 'timestamp': '2026-05-14T21:27:00.378873+08:00'}
DEBUG    ai_werewolf_core.core.event.bus:bus.py:519 {'handler': '_persist_to_db', 'event': 'global_subscribe', 'level': 'debug', 'logger': 'ai_werewolf_core.core.event.bus', 'timestamp': '2026-05-14T21:27:00.379066+08:00'}
INFO     ai_werewolf_core.core.engine.lifecycle:lifecycle.py:418 {'game_id': '313306205663662080', 'module': 'LifecycleManager', 'event': 'game_init', 'level': 'info', 'logger': 'ai_werewolf_core.core.engine.lifecycle', 'timestamp': '2026-05-14T21:27:00.379178+08:00'}
DEBUG    ai_werewolf_core.utils.redis_client:redis_client.py:243 {'max_connections': 300, 'socket_timeout': 10, 'event': 'Redis ¡¨Ω”≥ÿ“—¥¥Ω®', 'level': 'debug', 'logger': 'ai_werewolf_core.utils.redis_client', 'timestamp': '2026-05-14T21:27:00.379278+08:00'}
ERROR    ai_werewolf_core.utils.redis_client:redis_client.py:130 {'host': '192.168.100.128', 'port': 6379, 'error': "Error while reading from 192.168.100.128:6379 : (22, '÷∏∂®µƒÕ¯¬Á√˚≤ª‘Ÿø…”√°£', None, 64, None)", 'event': 'Redis ¡¨Ω”—È÷§ ß∞‹ (PING)', 'level': 'error', 'logger': 'ai_werewolf_core.utils.redis_client', 'timestamp': '2026-05-14T21:27:05.382615+08:00', 'exception': 'Traceback (most recent call last):\n  File "F:\\py\\Lib\\asyncio\\windows_events.py", line 463, in finish_socket_func\n    return ov.getresult()\n           ~~~~~~~~~~~~^^\nOSError: [WinError 64] ÷∏∂®µƒÕ¯¬Á√˚≤ª‘Ÿø…”√°£\n\nDuring handling of the above exception, another exception occurred:\n\nTraceback (most recent call last):\n  File "F:\\py\\Lib\\site-packages\\redis\\asyncio\\connection.py", line 725, in read_response\n    response = await self._parser.read_response(\n               ^^^^^^^^^^^^^^^^^^^^^^^^^^^^^^^^^\n        disable_decoding=disable_decoding\n        ^^^^^^^^^^^^^^^^^^^^^^^^^^^^^^^^^\n    )\n    ^\n  File "F:\\py\\Lib\\site-packages\\redis\\_parsers\\resp2.py", line 82, in read_response\n    response = await self._read_response(disable_decoding=disable_decoding)\n               ^^^^^^^^^^^^^^^^^^^^^^^^^^^^^^^^^^^^^^^^^^^^^^^^^^^^^^^^^^^^\n  File "F:\\py\\Lib\\site-packages\\redis\\_parsers\\resp2.py", line 90, in _read_response\n    raw = await self._readline()\n          ^^^^^^^^^^^^^^^^^^^^^^\n  File "F:\\py\\Lib\\site-packages\\redis\\_parsers\\base.py", line 559, in _readline\n    data = await self._stream.readline()\n           ^^^^^^^^^^^^^^^^^^^^^^^^^^^^^\n  File "F:\\py\\Lib\\asyncio\\streams.py", line 562, in readline\n    line = await self.readuntil(sep)\n           ^^^^^^^^^^^^^^^^^^^^^^^^^\n  File "F:\\py\\Lib\\asyncio\\streams.py", line 677, in readuntil\n    await self._wait_for_data(\'readuntil\')\n  File "F:\\py\\Lib\\asyncio\\streams.py", line 539, in _wait_for_data\n    await self._waiter\n  File "F:\\py\\Lib\\asyncio\\proactor_events.py", line 286, in _loop_reading\n    length = fut.result()\n  File "F:\\py\\Lib\\asyncio\\windows_events.py", line 804, in _poll\n    value = callback(transferred, key, ov)\n  File "F:\\py\\Lib\\asyncio\\windows_events.py", line 467, in finish_socket_func\n    raise ConnectionResetError(*exc.args)\nConnectionResetError: [WinError 64] ÷∏∂®µƒÕ¯¬Á√˚≤ª‘Ÿø…”√°£\n\nDuring handling of the above exception, another exception occurred:\n\nTraceback (most recent call last):\n  File "F:\\YilenaCode\\Werewolf\\ai_werewolf_core\\utils\\redis_client.py", line 128, in get_client\n    await cls._client.ping()\n  File "F:\\py\\Lib\\site-packages\\redis\\asyncio\\client.py", line 764, in execute_command\n    conn = self.connection or await pool.get_connection()\n                              ^^^^^^^^^^^^^^^^^^^^^^^^^^^\n  File "F:\\py\\Lib\\site-packages\\redis\\utils.py", line 227, in async_wrapper\n    return await func(*args, **kwargs)\n           ^^^^^^^^^^^^^^^^^^^^^^^^^^^\n  File "F:\\py\\Lib\\site-packages\\redis\\asyncio\\connection.py", line 1351, in get_connection\n    await self.ensure_connection(connection)\n  File "F:\\py\\Lib\\site-packages\\redis\\asyncio\\connection.py", line 1390, in ensure_connection\n    await connection.connect()\n  File "F:\\py\\Lib\\site-packages\\redis\\asyncio\\connection.py", line 339, in connect\n    await self.retry.call_with_retry(\n    ...<7 lines>...\n    )\n  File "F:\\py\\Lib\\site-packages\\redis\\asyncio\\retry.py", line 81, in call_with_retry\n    raise error\n  File "F:\\py\\Lib\\site-packages\\redis\\asyncio\\retry.py", line 69, in call_with_retry\n    return await do()\n           ^^^^^^^^^^\n  File "F:\\py\\Lib\\site-packages\\redis\\asyncio\\connection.py", line 403, in connect_check_health\n    await self.on_connect_check_health(check_health=check_health)\n  File "F:\\py\\Lib\\site-packages\\redis\\asyncio\\connection.py", line 560, in on_connect_check_health\n    await self.read_response()\n  File "F:\\py\\Lib\\site-packages\\redis\\asyncio\\connection.py", line 747, in read_response\n    raise ConnectionError(f"Error while reading from {host_error} : {e.args}")\nredis.exceptions.ConnectionError: Error while reading from 192.168.100.128:6379 : (22, \'÷∏∂®µƒÕ¯¬Á√˚≤ª‘Ÿø…”√°£\', None, 64, None)'}
ERROR    ai_werewolf_core.api.routes.games:games.py:199 {'error': 'LifecycleManager Œﬁ∑®ªÒ»° Redis øÕªß∂À: game_id=313306205663662080', 'event': 'create_game_redis_unavailable', 'level': 'error', 'logger': 'ai_werewolf_core.api.routes.games', 'timestamp': '2026-05-14T21:27:05.385494+08:00', 'exception': 'Traceback (most recent call last):\n  File "F:\\py\\Lib\\asyncio\\windows_events.py", line 463, in finish_socket_func\n    return ov.getresult()\n           ~~~~~~~~~~~~^^\nOSError: [WinError 64] ÷∏∂®µƒÕ¯¬Á√˚≤ª‘Ÿø…”√°£\n\nDuring handling of the above exception, another exception occurred:\n\nTraceback (most recent call last):\n  File "F:\\py\\Lib\\site-packages\\redis\\asyncio\\connection.py", line 725, in read_response\n    response = await self._parser.read_response(\n               ^^^^^^^^^^^^^^^^^^^^^^^^^^^^^^^^^\n        disable_decoding=disable_decoding\n        ^^^^^^^^^^^^^^^^^^^^^^^^^^^^^^^^^\n    )\n    ^\n  File "F:\\py\\Lib\\site-packages\\redis\\_parsers\\resp2.py", line 82, in read_response\n    response = await self._read_response(disable_decoding=disable_decoding)\n               ^^^^^^^^^^^^^^^^^^^^^^^^^^^^^^^^^^^^^^^^^^^^^^^^^^^^^^^^^^^^\n  File "F:\\py\\Lib\\site-packages\\redis\\_parsers\\resp2.py", line 90, in _read_response\n    raw = await self._readline()\n          ^^^^^^^^^^^^^^^^^^^^^^\n  File "F:\\py\\Lib\\site-packages\\redis\\_parsers\\base.py", line 559, in _readline\n    data = await self._stream.readline()\n           ^^^^^^^^^^^^^^^^^^^^^^^^^^^^^\n  File "F:\\py\\Lib\\asyncio\\streams.py", line 562, in readline\n    line = await self.readuntil(sep)\n           ^^^^^^^^^^^^^^^^^^^^^^^^^\n  File "F:\\py\\Lib\\asyncio\\streams.py", line 677, in readuntil\n    await self._wait_for_data(\'readuntil\')\n  File "F:\\py\\Lib\\asyncio\\streams.py", line 539, in _wait_for_data\n    await self._waiter\n  File "F:\\py\\Lib\\asyncio\\proactor_events.py", line 286, in _loop_reading\n    length = fut.result()\n  File "F:\\py\\Lib\\asyncio\\windows_events.py", line 804, in _poll\n    value = callback(transferred, key, ov)\n  File "F:\\py\\Lib\\asyncio\\windows_events.py", line 467, in finish_socket_func\n    raise ConnectionResetError(*exc.args)\nConnectionResetError: [WinError 64] ÷∏∂®µƒÕ¯¬Á√˚≤ª‘Ÿø…”√°£\n\nDuring handling of the above exception, another exception occurred:\n\nTraceback (most recent call last):\n  File "F:\\YilenaCode\\Werewolf\\ai_werewolf_core\\core\\engine\\lifecycle.py", line 143, in _get_redis\n    self._redis = await RedisClientManager.get_client()\n                  ^^^^^^^^^^^^^^^^^^^^^^^^^^^^^^^^^^^^^\n  File "F:\\YilenaCode\\Werewolf\\ai_werewolf_core\\utils\\redis_client.py", line 128, in get_client\n    await cls._client.ping()\n  File "F:\\py\\Lib\\site-packages\\redis\\asyncio\\client.py", line 764, in execute_command\n    conn = self.connection or await pool.get_connection()\n                              ^^^^^^^^^^^^^^^^^^^^^^^^^^^\n  File "F:\\py\\Lib\\site-packages\\redis\\utils.py", line 227, in async_wrapper\n    return await func(*args, **kwargs)\n           ^^^^^^^^^^^^^^^^^^^^^^^^^^^\n  File "F:\\py\\Lib\\site-packages\\redis\\asyncio\\connection.py", line 1351, in get_connection\n    await self.ensure_connection(connection)\n  File "F:\\py\\Lib\\site-packages\\redis\\asyncio\\connection.py", line 1390, in ensure_connection\n    await connection.connect()\n  File "F:\\py\\Lib\\site-packages\\redis\\asyncio\\connection.py", line 339, in connect\n    await self.retry.call_with_retry(\n    ...<7 lines>...\n    )\n  File "F:\\py\\Lib\\site-packages\\redis\\asyncio\\retry.py", line 81, in call_with_retry\n    raise error\n  File "F:\\py\\Lib\\site-packages\\redis\\asyncio\\retry.py", line 69, in call_with_retry\n    return await do()\n           ^^^^^^^^^^\n  File "F:\\py\\Lib\\site-packages\\redis\\asyncio\\connection.py", line 403, in connect_check_health\n    await self.on_connect_check_health(check_health=check_health)\n  File "F:\\py\\Lib\\site-packages\\redis\\asyncio\\connection.py", line 560, in on_connect_check_health\n    await self.read_response()\n  File "F:\\py\\Lib\\site-packages\\redis\\asyncio\\connection.py", line 747, in read_response\n    raise ConnectionError(f"Error while reading from {host_error} : {e.args}")\nredis.exceptions.ConnectionError: Error while reading from 192.168.100.128:6379 : (22, \'÷∏∂®µƒÕ¯¬Á√˚≤ª‘Ÿø…”√°£\', None, 64, None)\n\nThe above exception was the direct cause of the following exception:\n\nTraceback (most recent call last):\n  File "F:\\YilenaCode\\Werewolf\\ai_werewolf_core\\api\\routes\\games.py", line 187, in create_game\n    await manager.init_game()\n  File "F:\\YilenaCode\\Werewolf\\ai_werewolf_core\\core\\engine\\lifecycle.py", line 420, in init_game\n    current_status = await self.get_status()\n                     ^^^^^^^^^^^^^^^^^^^^^^^\n  File "F:\\YilenaCode\\Werewolf\\ai_werewolf_core\\core\\engine\\lifecycle.py", line 262, in get_status\n    status = await self._get_status_from_redis()\n             ^^^^^^^^^^^^^^^^^^^^^^^^^^^^^^^^^^^\n  File "F:\\YilenaCode\\Werewolf\\ai_werewolf_core\\core\\engine\\lifecycle.py", line 167, in _get_status_from_redis\n    redis = await self._get_redis()\n            ^^^^^^^^^^^^^^^^^^^^^^^\n  File "F:\\YilenaCode\\Werewolf\\ai_werewolf_core\\core\\engine\\lifecycle.py", line 146, in _get_redis\n    raise RedisUnavailableException(\n        f"LifecycleManager Œﬁ∑®ªÒ»° Redis øÕªß∂À: game_id={self.game_id}"\n    ) from e\nai_werewolf_core.utils.redis_seq.RedisUnavailableException: LifecycleManager Œﬁ∑®ªÒ»° Redis øÕªß∂À: game_id=313306205663662080'}
__________ ERROR at setup of test_submit_speech_before_speech_phase ___________

client = <httpx.AsyncClient object at 0x0000027C305F9D10>

    @pytest.fixture
    async def running_game_id(client):
        """¥¥Ω®≤¢∆Ù∂Ø“ª∏ˆ∂‘æ÷£¨∑µªÿ game_id°£"""
        create_resp = await client.post("/api/games", json={"player_count": 9})
>       game_id = create_resp.json()["game_id"]
                  ^^^^^^^^^^^^^^^^^^^^^^^^^^^^^
E       KeyError: 'game_id'

tests\test_api_actions.py:34: KeyError
---------------------------- Captured stderr setup ----------------------------
[2m2026-05-14T21:27:05.395234+08:00[0m [[32m[1mdebug    [0m] [1mglobal_subscribe              [0m [[0m[1m[34mai_werewolf_core.core.event.bus[0m][0m [36mhandler[0m=[35m_default_log_subscriber[0m
[2m2026-05-14T21:27:05.395491+08:00[0m [[32m[1mdebug    [0m] [1mglobal_subscribe              [0m [[0m[1m[34mai_werewolf_core.core.event.bus[0m][0m [36mhandler[0m=[35m_persist_to_db[0m
[2m2026-05-14T21:27:05.395632+08:00[0m [[32m[1minfo     [0m] [1mgame_init                     [0m [[0m[1m[34mai_werewolf_core.core.engine.lifecycle[0m][0m [36mgame_id[0m=[35m313306226706485248[0m [36mmodule[0m=[35mLifecycleManager[0m
[2m2026-05-14T21:27:05.395785+08:00[0m [[32m[1mdebug    [0m] [1mRedis ¡¨Ω”≥ÿ“—¥¥Ω®                  [0m [[0m[1m[34mai_werewolf_core.utils.redis_client[0m][0m [36mmax_connections[0m=[35m300[0m [36msocket_timeout[0m=[35m10[0m
[2m2026-05-14T21:27:10.398986+08:00[0m [[31m[1merror    [0m] [1mRedis ¡¨Ω”—È÷§ ß∞‹ (PING)           [0m [[0m[1m[34mai_werewolf_core.utils.redis_client[0m][0m [36merror[0m=[35m"Error while reading from 192.168.100.128:6379 : (22, '÷∏∂®µƒÕ¯¬Á√˚≤ª‘Ÿø…”√°£', None, 64, None)"[0m [36mhost[0m=[35m192.168.100.128[0m [36mport[0m=[35m6379[0m
Traceback (most recent call last):
  File "F:\py\Lib\asyncio\windows_events.py", line 463, in finish_socket_func
    return ov.getresult()
           ~~~~~~~~~~~~^^
OSError: [WinError 64] ÷∏∂®µƒÕ¯¬Á√˚≤ª‘Ÿø…”√°£

During handling of the above exception, another exception occurred:

Traceback (most recent call last):
  File "F:\py\Lib\site-packages\redis\asyncio\connection.py", line 725, in read_response
    response = await self._parser.read_response(
               ^^^^^^^^^^^^^^^^^^^^^^^^^^^^^^^^^
        disable_decoding=disable_decoding
        ^^^^^^^^^^^^^^^^^^^^^^^^^^^^^^^^^
    )
    ^
  File "F:\py\Lib\site-packages\redis\_parsers\resp2.py", line 82, in read_response
    response = await self._read_response(disable_decoding=disable_decoding)
               ^^^^^^^^^^^^^^^^^^^^^^^^^^^^^^^^^^^^^^^^^^^^^^^^^^^^^^^^^^^^
  File "F:\py\Lib\site-packages\redis\_parsers\resp2.py", line 90, in _read_response
    raw = await self._readline()
          ^^^^^^^^^^^^^^^^^^^^^^
  File "F:\py\Lib\site-packages\redis\_parsers\base.py", line 559, in _readline
    data = await self._stream.readline()
           ^^^^^^^^^^^^^^^^^^^^^^^^^^^^^
  File "F:\py\Lib\asyncio\streams.py", line 562, in readline
    line = await self.readuntil(sep)
           ^^^^^^^^^^^^^^^^^^^^^^^^^
  File "F:\py\Lib\asyncio\streams.py", line 677, in readuntil
    await self._wait_for_data('readuntil')
  File "F:\py\Lib\asyncio\streams.py", line 539, in _wait_for_data
    await self._waiter
  File "F:\py\Lib\asyncio\proactor_events.py", line 286, in _loop_reading
    length = fut.result()
  File "F:\py\Lib\asyncio\windows_events.py", line 804, in _poll
    value = callback(transferred, key, ov)
  File "F:\py\Lib\asyncio\windows_events.py", line 467, in finish_socket_func
    raise ConnectionResetError(*exc.args)
ConnectionResetError: [WinError 64] ÷∏∂®µƒÕ¯¬Á√˚≤ª‘Ÿø…”√°£

During handling of the above exception, another exception occurred:

Traceback (most recent call last):
  File "F:\YilenaCode\Werewolf\ai_werewolf_core\utils\redis_client.py", line 128, in get_client
    await cls._client.ping()
  File "F:\py\Lib\site-packages\redis\asyncio\client.py", line 764, in execute_command
    conn = self.connection or await pool.get_connection()
                              ^^^^^^^^^^^^^^^^^^^^^^^^^^^
  File "F:\py\Lib\site-packages\redis\utils.py", line 227, in async_wrapper
    return await func(*args, **kwargs)
           ^^^^^^^^^^^^^^^^^^^^^^^^^^^
  File "F:\py\Lib\site-packages\redis\asyncio\connection.py", line 1351, in get_connection
    await self.ensure_connection(connection)
  File "F:\py\Lib\site-packages\redis\asyncio\connection.py", line 1390, in ensure_connection
    await connection.connect()
  File "F:\py\Lib\site-packages\redis\asyncio\connection.py", line 339, in connect
    await self.retry.call_with_retry(
    ...<7 lines>...
    )
  File "F:\py\Lib\site-packages\redis\asyncio\retry.py", line 81, in call_with_retry
    raise error
  File "F:\py\Lib\site-packages\redis\asyncio\retry.py", line 69, in call_with_retry
    return await do()
           ^^^^^^^^^^
  File "F:\py\Lib\site-packages\redis\asyncio\connection.py", line 403, in connect_check_health
    await self.on_connect_check_health(check_health=check_health)
  File "F:\py\Lib\site-packages\redis\asyncio\connection.py", line 560, in on_connect_check_health
    await self.read_response()
  File "F:\py\Lib\site-packages\redis\asyncio\connection.py", line 747, in read_response
    raise ConnectionError(f"Error while reading from {host_error} : {e.args}")
redis.exceptions.ConnectionError: Error while reading from 192.168.100.128:6379 : (22, '÷∏∂®µƒÕ¯¬Á√˚≤ª‘Ÿø…”√°£', None, 64, None)
[2m2026-05-14T21:27:10.401424+08:00[0m [[31m[1merror    [0m] [1mcreate_game_redis_unavailable [0m [[0m[1m[34mai_werewolf_core.api.routes.games[0m][0m [36merror[0m=[35m'LifecycleManager Œﬁ∑®ªÒ»° Redis øÕªß∂À: game_id=313306226706485248'[0m
Traceback (most recent call last):
  File "F:\py\Lib\asyncio\windows_events.py", line 463, in finish_socket_func
    return ov.getresult()
           ~~~~~~~~~~~~^^
OSError: [WinError 64] ÷∏∂®µƒÕ¯¬Á√˚≤ª‘Ÿø…”√°£

During handling of the above exception, another exception occurred:

Traceback (most recent call last):
  File "F:\py\Lib\site-packages\redis\asyncio\connection.py", line 725, in read_response
    response = await self._parser.read_response(
               ^^^^^^^^^^^^^^^^^^^^^^^^^^^^^^^^^
        disable_decoding=disable_decoding
        ^^^^^^^^^^^^^^^^^^^^^^^^^^^^^^^^^
    )
    ^
  File "F:\py\Lib\site-packages\redis\_parsers\resp2.py", line 82, in read_response
    response = await self._read_response(disable_decoding=disable_decoding)
               ^^^^^^^^^^^^^^^^^^^^^^^^^^^^^^^^^^^^^^^^^^^^^^^^^^^^^^^^^^^^
  File "F:\py\Lib\site-packages\redis\_parsers\resp2.py", line 90, in _read_response
    raw = await self._readline()
          ^^^^^^^^^^^^^^^^^^^^^^
  File "F:\py\Lib\site-packages\redis\_parsers\base.py", line 559, in _readline
    data = await self._stream.readline()
           ^^^^^^^^^^^^^^^^^^^^^^^^^^^^^
  File "F:\py\Lib\asyncio\streams.py", line 562, in readline
    line = await self.readuntil(sep)
           ^^^^^^^^^^^^^^^^^^^^^^^^^
  File "F:\py\Lib\asyncio\streams.py", line 677, in readuntil
    await self._wait_for_data('readuntil')
  File "F:\py\Lib\asyncio\streams.py", line 539, in _wait_for_data
    await self._waiter
  File "F:\py\Lib\asyncio\proactor_events.py", line 286, in _loop_reading
    length = fut.result()
  File "F:\py\Lib\asyncio\windows_events.py", line 804, in _poll
    value = callback(transferred, key, ov)
  File "F:\py\Lib\asyncio\windows_events.py", line 467, in finish_socket_func
    raise ConnectionResetError(*exc.args)
ConnectionResetError: [WinError 64] ÷∏∂®µƒÕ¯¬Á√˚≤ª‘Ÿø…”√°£

During handling of the above exception, another exception occurred:

Traceback (most recent call last):
  File "F:\YilenaCode\Werewolf\ai_werewolf_core\core\engine\lifecycle.py", line 143, in _get_redis
    self._redis = await RedisClientManager.get_client()
                  ^^^^^^^^^^^^^^^^^^^^^^^^^^^^^^^^^^^^^
  File "F:\YilenaCode\Werewolf\ai_werewolf_core\utils\redis_client.py", line 128, in get_client
    await cls._client.ping()
  File "F:\py\Lib\site-packages\redis\asyncio\client.py", line 764, in execute_command
    conn = self.connection or await pool.get_connection()
                              ^^^^^^^^^^^^^^^^^^^^^^^^^^^
  File "F:\py\Lib\site-packages\redis\utils.py", line 227, in async_wrapper
    return await func(*args, **kwargs)
           ^^^^^^^^^^^^^^^^^^^^^^^^^^^
  File "F:\py\Lib\site-packages\redis\asyncio\connection.py", line 1351, in get_connection
    await self.ensure_connection(connection)
  File "F:\py\Lib\site-packages\redis\asyncio\connection.py", line 1390, in ensure_connection
    await connection.connect()
  File "F:\py\Lib\site-packages\redis\asyncio\connection.py", line 339, in connect
    await self.retry.call_with_retry(
    ...<7 lines>...
    )
  File "F:\py\Lib\site-packages\redis\asyncio\retry.py", line 81, in call_with_retry
    raise error
  File "F:\py\Lib\site-packages\redis\asyncio\retry.py", line 69, in call_with_retry
    return await do()
           ^^^^^^^^^^
  File "F:\py\Lib\site-packages\redis\asyncio\connection.py", line 403, in connect_check_health
    await self.on_connect_check_health(check_health=check_health)
  File "F:\py\Lib\site-packages\redis\asyncio\connection.py", line 560, in on_connect_check_health
    await self.read_response()
  File "F:\py\Lib\site-packages\redis\asyncio\connection.py", line 747, in read_response
    raise ConnectionError(f"Error while reading from {host_error} : {e.args}")
redis.exceptions.ConnectionError: Error while reading from 192.168.100.128:6379 : (22, '÷∏∂®µƒÕ¯¬Á√˚≤ª‘Ÿø…”√°£', None, 64, None)

The above exception was the direct cause of the following exception:

Traceback (most recent call last):
  File "F:\YilenaCode\Werewolf\ai_werewolf_core\api\routes\games.py", line 187, in create_game
    await manager.init_game()
  File "F:\YilenaCode\Werewolf\ai_werewolf_core\core\engine\lifecycle.py", line 420, in init_game
    current_status = await self.get_status()
                     ^^^^^^^^^^^^^^^^^^^^^^^
  File "F:\YilenaCode\Werewolf\ai_werewolf_core\core\engine\lifecycle.py", line 262, in get_status
    status = await self._get_status_from_redis()
             ^^^^^^^^^^^^^^^^^^^^^^^^^^^^^^^^^^^
  File "F:\YilenaCode\Werewolf\ai_werewolf_core\core\engine\lifecycle.py", line 167, in _get_status_from_redis
    redis = await self._get_redis()
            ^^^^^^^^^^^^^^^^^^^^^^^
  File "F:\YilenaCode\Werewolf\ai_werewolf_core\core\engine\lifecycle.py", line 146, in _get_redis
    raise RedisUnavailableException(
        f"LifecycleManager Œﬁ∑®ªÒ»° Redis øÕªß∂À: game_id={self.game_id}"
    ) from e
ai_werewolf_core.utils.redis_seq.RedisUnavailableException: LifecycleManager Œﬁ∑®ªÒ»° Redis øÕªß∂À: game_id=313306226706485248
----------------------------- Captured log setup ------------------------------
DEBUG    ai_werewolf_core.core.event.bus:bus.py:519 {'handler': '_default_log_subscriber', 'event': 'global_subscribe', 'level': 'debug', 'logger': 'ai_werewolf_core.core.event.bus', 'timestamp': '2026-05-14T21:27:05.395234+08:00'}
DEBUG    ai_werewolf_core.core.event.bus:bus.py:519 {'handler': '_persist_to_db', 'event': 'global_subscribe', 'level': 'debug', 'logger': 'ai_werewolf_core.core.event.bus', 'timestamp': '2026-05-14T21:27:05.395491+08:00'}
INFO     ai_werewolf_core.core.engine.lifecycle:lifecycle.py:418 {'game_id': '313306226706485248', 'module': 'LifecycleManager', 'event': 'game_init', 'level': 'info', 'logger': 'ai_werewolf_core.core.engine.lifecycle', 'timestamp': '2026-05-14T21:27:05.395632+08:00'}
DEBUG    ai_werewolf_core.utils.redis_client:redis_client.py:243 {'max_connections': 300, 'socket_timeout': 10, 'event': 'Redis ¡¨Ω”≥ÿ“—¥¥Ω®', 'level': 'debug', 'logger': 'ai_werewolf_core.utils.redis_client', 'timestamp': '2026-05-14T21:27:05.395785+08:00'}
ERROR    ai_werewolf_core.utils.redis_client:redis_client.py:130 {'host': '192.168.100.128', 'port': 6379, 'error': "Error while reading from 192.168.100.128:6379 : (22, '÷∏∂®µƒÕ¯¬Á√˚≤ª‘Ÿø…”√°£', None, 64, None)", 'event': 'Redis ¡¨Ω”—È÷§ ß∞‹ (PING)', 'level': 'error', 'logger': 'ai_werewolf_core.utils.redis_client', 'timestamp': '2026-05-14T21:27:10.398986+08:00', 'exception': 'Traceback (most recent call last):\n  File "F:\\py\\Lib\\asyncio\\windows_events.py", line 463, in finish_socket_func\n    return ov.getresult()\n           ~~~~~~~~~~~~^^\nOSError: [WinError 64] ÷∏∂®µƒÕ¯¬Á√˚≤ª‘Ÿø…”√°£\n\nDuring handling of the above exception, another exception occurred:\n\nTraceback (most recent call last):\n  File "F:\\py\\Lib\\site-packages\\redis\\asyncio\\connection.py", line 725, in read_response\n    response = await self._parser.read_response(\n               ^^^^^^^^^^^^^^^^^^^^^^^^^^^^^^^^^\n        disable_decoding=disable_decoding\n        ^^^^^^^^^^^^^^^^^^^^^^^^^^^^^^^^^\n    )\n    ^\n  File "F:\\py\\Lib\\site-packages\\redis\\_parsers\\resp2.py", line 82, in read_response\n    response = await self._read_response(disable_decoding=disable_decoding)\n               ^^^^^^^^^^^^^^^^^^^^^^^^^^^^^^^^^^^^^^^^^^^^^^^^^^^^^^^^^^^^\n  File "F:\\py\\Lib\\site-packages\\redis\\_parsers\\resp2.py", line 90, in _read_response\n    raw = await self._readline()\n          ^^^^^^^^^^^^^^^^^^^^^^\n  File "F:\\py\\Lib\\site-packages\\redis\\_parsers\\base.py", line 559, in _readline\n    data = await self._stream.readline()\n           ^^^^^^^^^^^^^^^^^^^^^^^^^^^^^\n  File "F:\\py\\Lib\\asyncio\\streams.py", line 562, in readline\n    line = await self.readuntil(sep)\n           ^^^^^^^^^^^^^^^^^^^^^^^^^\n  File "F:\\py\\Lib\\asyncio\\streams.py", line 677, in readuntil\n    await self._wait_for_data(\'readuntil\')\n  File "F:\\py\\Lib\\asyncio\\streams.py", line 539, in _wait_for_data\n    await self._waiter\n  File "F:\\py\\Lib\\asyncio\\proactor_events.py", line 286, in _loop_reading\n    length = fut.result()\n  File "F:\\py\\Lib\\asyncio\\windows_events.py", line 804, in _poll\n    value = callback(transferred, key, ov)\n  File "F:\\py\\Lib\\asyncio\\windows_events.py", line 467, in finish_socket_func\n    raise ConnectionResetError(*exc.args)\nConnectionResetError: [WinError 64] ÷∏∂®µƒÕ¯¬Á√˚≤ª‘Ÿø…”√°£\n\nDuring handling of the above exception, another exception occurred:\n\nTraceback (most recent call last):\n  File "F:\\YilenaCode\\Werewolf\\ai_werewolf_core\\utils\\redis_client.py", line 128, in get_client\n    await cls._client.ping()\n  File "F:\\py\\Lib\\site-packages\\redis\\asyncio\\client.py", line 764, in execute_command\n    conn = self.connection or await pool.get_connection()\n                              ^^^^^^^^^^^^^^^^^^^^^^^^^^^\n  File "F:\\py\\Lib\\site-packages\\redis\\utils.py", line 227, in async_wrapper\n    return await func(*args, **kwargs)\n           ^^^^^^^^^^^^^^^^^^^^^^^^^^^\n  File "F:\\py\\Lib\\site-packages\\redis\\asyncio\\connection.py", line 1351, in get_connection\n    await self.ensure_connection(connection)\n  File "F:\\py\\Lib\\site-packages\\redis\\asyncio\\connection.py", line 1390, in ensure_connection\n    await connection.connect()\n  File "F:\\py\\Lib\\site-packages\\redis\\asyncio\\connection.py", line 339, in connect\n    await self.retry.call_with_retry(\n    ...<7 lines>...\n    )\n  File "F:\\py\\Lib\\site-packages\\redis\\asyncio\\retry.py", line 81, in call_with_retry\n    raise error\n  File "F:\\py\\Lib\\site-packages\\redis\\asyncio\\retry.py", line 69, in call_with_retry\n    return await do()\n           ^^^^^^^^^^\n  File "F:\\py\\Lib\\site-packages\\redis\\asyncio\\connection.py", line 403, in connect_check_health\n    await self.on_connect_check_health(check_health=check_health)\n  File "F:\\py\\Lib\\site-packages\\redis\\asyncio\\connection.py", line 560, in on_connect_check_health\n    await self.read_response()\n  File "F:\\py\\Lib\\site-packages\\redis\\asyncio\\connection.py", line 747, in read_response\n    raise ConnectionError(f"Error while reading from {host_error} : {e.args}")\nredis.exceptions.ConnectionError: Error while reading from 192.168.100.128:6379 : (22, \'÷∏∂®µƒÕ¯¬Á√˚≤ª‘Ÿø…”√°£\', None, 64, None)'}
ERROR    ai_werewolf_core.api.routes.games:games.py:199 {'error': 'LifecycleManager Œﬁ∑®ªÒ»° Redis øÕªß∂À: game_id=313306226706485248', 'event': 'create_game_redis_unavailable', 'level': 'error', 'logger': 'ai_werewolf_core.api.routes.games', 'timestamp': '2026-05-14T21:27:10.401424+08:00', 'exception': 'Traceback (most recent call last):\n  File "F:\\py\\Lib\\asyncio\\windows_events.py", line 463, in finish_socket_func\n    return ov.getresult()\n           ~~~~~~~~~~~~^^\nOSError: [WinError 64] ÷∏∂®µƒÕ¯¬Á√˚≤ª‘Ÿø…”√°£\n\nDuring handling of the above exception, another exception occurred:\n\nTraceback (most recent call last):\n  File "F:\\py\\Lib\\site-packages\\redis\\asyncio\\connection.py", line 725, in read_response\n    response = await self._parser.read_response(\n               ^^^^^^^^^^^^^^^^^^^^^^^^^^^^^^^^^\n        disable_decoding=disable_decoding\n        ^^^^^^^^^^^^^^^^^^^^^^^^^^^^^^^^^\n    )\n    ^\n  File "F:\\py\\Lib\\site-packages\\redis\\_parsers\\resp2.py", line 82, in read_response\n    response = await self._read_response(disable_decoding=disable_decoding)\n               ^^^^^^^^^^^^^^^^^^^^^^^^^^^^^^^^^^^^^^^^^^^^^^^^^^^^^^^^^^^^\n  File "F:\\py\\Lib\\site-packages\\redis\\_parsers\\resp2.py", line 90, in _read_response\n    raw = await self._readline()\n          ^^^^^^^^^^^^^^^^^^^^^^\n  File "F:\\py\\Lib\\site-packages\\redis\\_parsers\\base.py", line 559, in _readline\n    data = await self._stream.readline()\n           ^^^^^^^^^^^^^^^^^^^^^^^^^^^^^\n  File "F:\\py\\Lib\\asyncio\\streams.py", line 562, in readline\n    line = await self.readuntil(sep)\n           ^^^^^^^^^^^^^^^^^^^^^^^^^\n  File "F:\\py\\Lib\\asyncio\\streams.py", line 677, in readuntil\n    await self._wait_for_data(\'readuntil\')\n  File "F:\\py\\Lib\\asyncio\\streams.py", line 539, in _wait_for_data\n    await self._waiter\n  File "F:\\py\\Lib\\asyncio\\proactor_events.py", line 286, in _loop_reading\n    length = fut.result()\n  File "F:\\py\\Lib\\asyncio\\windows_events.py", line 804, in _poll\n    value = callback(transferred, key, ov)\n  File "F:\\py\\Lib\\asyncio\\windows_events.py", line 467, in finish_socket_func\n    raise ConnectionResetError(*exc.args)\nConnectionResetError: [WinError 64] ÷∏∂®µƒÕ¯¬Á√˚≤ª‘Ÿø…”√°£\n\nDuring handling of the above exception, another exception occurred:\n\nTraceback (most recent call last):\n  File "F:\\YilenaCode\\Werewolf\\ai_werewolf_core\\core\\engine\\lifecycle.py", line 143, in _get_redis\n    self._redis = await RedisClientManager.get_client()\n                  ^^^^^^^^^^^^^^^^^^^^^^^^^^^^^^^^^^^^^\n  File "F:\\YilenaCode\\Werewolf\\ai_werewolf_core\\utils\\redis_client.py", line 128, in get_client\n    await cls._client.ping()\n  File "F:\\py\\Lib\\site-packages\\redis\\asyncio\\client.py", line 764, in execute_command\n    conn = self.connection or await pool.get_connection()\n                              ^^^^^^^^^^^^^^^^^^^^^^^^^^^\n  File "F:\\py\\Lib\\site-packages\\redis\\utils.py", line 227, in async_wrapper\n    return await func(*args, **kwargs)\n           ^^^^^^^^^^^^^^^^^^^^^^^^^^^\n  File "F:\\py\\Lib\\site-packages\\redis\\asyncio\\connection.py", line 1351, in get_connection\n    await self.ensure_connection(connection)\n  File "F:\\py\\Lib\\site-packages\\redis\\asyncio\\connection.py", line 1390, in ensure_connection\n    await connection.connect()\n  File "F:\\py\\Lib\\site-packages\\redis\\asyncio\\connection.py", line 339, in connect\n    await self.retry.call_with_retry(\n    ...<7 lines>...\n    )\n  File "F:\\py\\Lib\\site-packages\\redis\\asyncio\\retry.py", line 81, in call_with_retry\n    raise error\n  File "F:\\py\\Lib\\site-packages\\redis\\asyncio\\retry.py", line 69, in call_with_retry\n    return await do()\n           ^^^^^^^^^^\n  File "F:\\py\\Lib\\site-packages\\redis\\asyncio\\connection.py", line 403, in connect_check_health\n    await self.on_connect_check_health(check_health=check_health)\n  File "F:\\py\\Lib\\site-packages\\redis\\asyncio\\connection.py", line 560, in on_connect_check_health\n    await self.read_response()\n  File "F:\\py\\Lib\\site-packages\\redis\\asyncio\\connection.py", line 747, in read_response\n    raise ConnectionError(f"Error while reading from {host_error} : {e.args}")\nredis.exceptions.ConnectionError: Error while reading from 192.168.100.128:6379 : (22, \'÷∏∂®µƒÕ¯¬Á√˚≤ª‘Ÿø…”√°£\', None, 64, None)\n\nThe above exception was the direct cause of the following exception:\n\nTraceback (most recent call last):\n  File "F:\\YilenaCode\\Werewolf\\ai_werewolf_core\\api\\routes\\games.py", line 187, in create_game\n    await manager.init_game()\n  File "F:\\YilenaCode\\Werewolf\\ai_werewolf_core\\core\\engine\\lifecycle.py", line 420, in init_game\n    current_status = await self.get_status()\n                     ^^^^^^^^^^^^^^^^^^^^^^^\n  File "F:\\YilenaCode\\Werewolf\\ai_werewolf_core\\core\\engine\\lifecycle.py", line 262, in get_status\n    status = await self._get_status_from_redis()\n             ^^^^^^^^^^^^^^^^^^^^^^^^^^^^^^^^^^^\n  File "F:\\YilenaCode\\Werewolf\\ai_werewolf_core\\core\\engine\\lifecycle.py", line 167, in _get_status_from_redis\n    redis = await self._get_redis()\n            ^^^^^^^^^^^^^^^^^^^^^^^\n  File "F:\\YilenaCode\\Werewolf\\ai_werewolf_core\\core\\engine\\lifecycle.py", line 146, in _get_redis\n    raise RedisUnavailableException(\n        f"LifecycleManager Œﬁ∑®ªÒ»° Redis øÕªß∂À: game_id={self.game_id}"\n    ) from e\nai_werewolf_core.utils.redis_seq.RedisUnavailableException: LifecycleManager Œﬁ∑®ªÒ»° Redis øÕªß∂À: game_id=313306226706485248'}
______________ ERROR at setup of test_submit_action_invalid_type ______________

client = <httpx.AsyncClient object at 0x0000027C30492B10>

    @pytest.fixture
    async def running_game_id(client):
        """¥¥Ω®≤¢∆Ù∂Ø“ª∏ˆ∂‘æ÷£¨∑µªÿ game_id°£"""
        create_resp = await client.post("/api/games", json={"player_count": 9})
>       game_id = create_resp.json()["game_id"]
                  ^^^^^^^^^^^^^^^^^^^^^^^^^^^^^
E       KeyError: 'game_id'

tests\test_api_actions.py:34: KeyError
---------------------------- Captured stderr setup ----------------------------
[2m2026-05-14T21:27:10.409435+08:00[0m [[32m[1mdebug    [0m] [1mglobal_subscribe              [0m [[0m[1m[34mai_werewolf_core.core.event.bus[0m][0m [36mhandler[0m=[35m_default_log_subscriber[0m
[2m2026-05-14T21:27:10.409658+08:00[0m [[32m[1mdebug    [0m] [1mglobal_subscribe              [0m [[0m[1m[34mai_werewolf_core.core.event.bus[0m][0m [36mhandler[0m=[35m_persist_to_db[0m
[2m2026-05-14T21:27:10.409740+08:00[0m [[32m[1minfo     [0m] [1mgame_init                     [0m [[0m[1m[34mai_werewolf_core.core.engine.lifecycle[0m][0m [36mgame_id[0m=[35m313306247736725504[0m [36mmodule[0m=[35mLifecycleManager[0m
[2m2026-05-14T21:27:10.409824+08:00[0m [[32m[1mdebug    [0m] [1mRedis ¡¨Ω”≥ÿ“—¥¥Ω®                  [0m [[0m[1m[34mai_werewolf_core.utils.redis_client[0m][0m [36mmax_connections[0m=[35m300[0m [36msocket_timeout[0m=[35m10[0m
[2m2026-05-14T21:27:15.413275+08:00[0m [[31m[1merror    [0m] [1mRedis ¡¨Ω”—È÷§ ß∞‹ (PING)           [0m [[0m[1m[34mai_werewolf_core.utils.redis_client[0m][0m [36merror[0m=[35m"Error while reading from 192.168.100.128:6379 : (22, '÷∏∂®µƒÕ¯¬Á√˚≤ª‘Ÿø…”√°£', None, 64, None)"[0m [36mhost[0m=[35m192.168.100.128[0m [36mport[0m=[35m6379[0m
Traceback (most recent call last):
  File "F:\py\Lib\asyncio\windows_events.py", line 463, in finish_socket_func
    return ov.getresult()
           ~~~~~~~~~~~~^^
OSError: [WinError 64] ÷∏∂®µƒÕ¯¬Á√˚≤ª‘Ÿø…”√°£

During handling of the above exception, another exception occurred:

Traceback (most recent call last):
  File "F:\py\Lib\site-packages\redis\asyncio\connection.py", line 725, in read_response
    response = await self._parser.read_response(
               ^^^^^^^^^^^^^^^^^^^^^^^^^^^^^^^^^
        disable_decoding=disable_decoding
        ^^^^^^^^^^^^^^^^^^^^^^^^^^^^^^^^^
    )
    ^
  File "F:\py\Lib\site-packages\redis\_parsers\resp2.py", line 82, in read_response
    response = await self._read_response(disable_decoding=disable_decoding)
               ^^^^^^^^^^^^^^^^^^^^^^^^^^^^^^^^^^^^^^^^^^^^^^^^^^^^^^^^^^^^
  File "F:\py\Lib\site-packages\redis\_parsers\resp2.py", line 90, in _read_response
    raw = await self._readline()
          ^^^^^^^^^^^^^^^^^^^^^^
  File "F:\py\Lib\site-packages\redis\_parsers\base.py", line 559, in _readline
    data = await self._stream.readline()
           ^^^^^^^^^^^^^^^^^^^^^^^^^^^^^
  File "F:\py\Lib\asyncio\streams.py", line 562, in readline
    line = await self.readuntil(sep)
           ^^^^^^^^^^^^^^^^^^^^^^^^^
  File "F:\py\Lib\asyncio\streams.py", line 677, in readuntil
    await self._wait_for_data('readuntil')
  File "F:\py\Lib\asyncio\streams.py", line 539, in _wait_for_data
    await self._waiter
  File "F:\py\Lib\asyncio\proactor_events.py", line 286, in _loop_reading
    length = fut.result()
  File "F:\py\Lib\asyncio\windows_events.py", line 804, in _poll
    value = callback(transferred, key, ov)
  File "F:\py\Lib\asyncio\windows_events.py", line 467, in finish_socket_func
    raise ConnectionResetError(*exc.args)
ConnectionResetError: [WinError 64] ÷∏∂®µƒÕ¯¬Á√˚≤ª‘Ÿø…”√°£

During handling of the above exception, another exception occurred:

Traceback (most recent call last):
  File "F:\YilenaCode\Werewolf\ai_werewolf_core\utils\redis_client.py", line 128, in get_client
    await cls._client.ping()
  File "F:\py\Lib\site-packages\redis\asyncio\client.py", line 764, in execute_command
    conn = self.connection or await pool.get_connection()
                              ^^^^^^^^^^^^^^^^^^^^^^^^^^^
  File "F:\py\Lib\site-packages\redis\utils.py", line 227, in async_wrapper
    return await func(*args, **kwargs)
           ^^^^^^^^^^^^^^^^^^^^^^^^^^^
  File "F:\py\Lib\site-packages\redis\asyncio\connection.py", line 1351, in get_connection
    await self.ensure_connection(connection)
  File "F:\py\Lib\site-packages\redis\asyncio\connection.py", line 1390, in ensure_connection
    await connection.connect()
  File "F:\py\Lib\site-packages\redis\asyncio\connection.py", line 339, in connect
    await self.retry.call_with_retry(
    ...<7 lines>...
    )
  File "F:\py\Lib\site-packages\redis\asyncio\retry.py", line 81, in call_with_retry
    raise error
  File "F:\py\Lib\site-packages\redis\asyncio\retry.py", line 69, in call_with_retry
    return await do()
           ^^^^^^^^^^
  File "F:\py\Lib\site-packages\redis\asyncio\connection.py", line 403, in connect_check_health
    await self.on_connect_check_health(check_health=check_health)
  File "F:\py\Lib\site-packages\redis\asyncio\connection.py", line 560, in on_connect_check_health
    await self.read_response()
  File "F:\py\Lib\site-packages\redis\asyncio\connection.py", line 747, in read_response
    raise ConnectionError(f"Error while reading from {host_error} : {e.args}")
redis.exceptions.ConnectionError: Error while reading from 192.168.100.128:6379 : (22, '÷∏∂®µƒÕ¯¬Á√˚≤ª‘Ÿø…”√°£', None, 64, None)
[2m2026-05-14T21:27:15.415840+08:00[0m [[31m[1merror    [0m] [1mcreate_game_redis_unavailable [0m [[0m[1m[34mai_werewolf_core.api.routes.games[0m][0m [36merror[0m=[35m'LifecycleManager Œﬁ∑®ªÒ»° Redis øÕªß∂À: game_id=313306247736725504'[0m
Traceback (most recent call last):
  File "F:\py\Lib\asyncio\windows_events.py", line 463, in finish_socket_func
    return ov.getresult()
           ~~~~~~~~~~~~^^
OSError: [WinError 64] ÷∏∂®µƒÕ¯¬Á√˚≤ª‘Ÿø…”√°£

During handling of the above exception, another exception occurred:

Traceback (most recent call last):
  File "F:\py\Lib\site-packages\redis\asyncio\connection.py", line 725, in read_response
    response = await self._parser.read_response(
               ^^^^^^^^^^^^^^^^^^^^^^^^^^^^^^^^^
        disable_decoding=disable_decoding
        ^^^^^^^^^^^^^^^^^^^^^^^^^^^^^^^^^
    )
    ^
  File "F:\py\Lib\site-packages\redis\_parsers\resp2.py", line 82, in read_response
    response = await self._read_response(disable_decoding=disable_decoding)
               ^^^^^^^^^^^^^^^^^^^^^^^^^^^^^^^^^^^^^^^^^^^^^^^^^^^^^^^^^^^^
  File "F:\py\Lib\site-packages\redis\_parsers\resp2.py", line 90, in _read_response
    raw = await self._readline()
          ^^^^^^^^^^^^^^^^^^^^^^
  File "F:\py\Lib\site-packages\redis\_parsers\base.py", line 559, in _readline
    data = await self._stream.readline()
           ^^^^^^^^^^^^^^^^^^^^^^^^^^^^^
  File "F:\py\Lib\asyncio\streams.py", line 562, in readline
    line = await self.readuntil(sep)
           ^^^^^^^^^^^^^^^^^^^^^^^^^
  File "F:\py\Lib\asyncio\streams.py", line 677, in readuntil
    await self._wait_for_data('readuntil')
  File "F:\py\Lib\asyncio\streams.py", line 539, in _wait_for_data
    await self._waiter
  File "F:\py\Lib\asyncio\proactor_events.py", line 286, in _loop_reading
    length = fut.result()
  File "F:\py\Lib\asyncio\windows_events.py", line 804, in _poll
    value = callback(transferred, key, ov)
  File "F:\py\Lib\asyncio\windows_events.py", line 467, in finish_socket_func
    raise ConnectionResetError(*exc.args)
ConnectionResetError: [WinError 64] ÷∏∂®µƒÕ¯¬Á√˚≤ª‘Ÿø…”√°£

During handling of the above exception, another exception occurred:

Traceback (most recent call last):
  File "F:\YilenaCode\Werewolf\ai_werewolf_core\core\engine\lifecycle.py", line 143, in _get_redis
    self._redis = await RedisClientManager.get_client()
                  ^^^^^^^^^^^^^^^^^^^^^^^^^^^^^^^^^^^^^
  File "F:\YilenaCode\Werewolf\ai_werewolf_core\utils\redis_client.py", line 128, in get_client
    await cls._client.ping()
  File "F:\py\Lib\site-packages\redis\asyncio\client.py", line 764, in execute_command
    conn = self.connection or await pool.get_connection()
                              ^^^^^^^^^^^^^^^^^^^^^^^^^^^
  File "F:\py\Lib\site-packages\redis\utils.py", line 227, in async_wrapper
    return await func(*args, **kwargs)
           ^^^^^^^^^^^^^^^^^^^^^^^^^^^
  File "F:\py\Lib\site-packages\redis\asyncio\connection.py", line 1351, in get_connection
    await self.ensure_connection(connection)
  File "F:\py\Lib\site-packages\redis\asyncio\connection.py", line 1390, in ensure_connection
    await connection.connect()
  File "F:\py\Lib\site-packages\redis\asyncio\connection.py", line 339, in connect
    await self.retry.call_with_retry(
    ...<7 lines>...
    )
  File "F:\py\Lib\site-packages\redis\asyncio\retry.py", line 81, in call_with_retry
    raise error
  File "F:\py\Lib\site-packages\redis\asyncio\retry.py", line 69, in call_with_retry
    return await do()
           ^^^^^^^^^^
  File "F:\py\Lib\site-packages\redis\asyncio\connection.py", line 403, in connect_check_health
    await self.on_connect_check_health(check_health=check_health)
  File "F:\py\Lib\site-packages\redis\asyncio\connection.py", line 560, in on_connect_check_health
    await self.read_response()
  File "F:\py\Lib\site-packages\redis\asyncio\connection.py", line 747, in read_response
    raise ConnectionError(f"Error while reading from {host_error} : {e.args}")
redis.exceptions.ConnectionError: Error while reading from 192.168.100.128:6379 : (22, '÷∏∂®µƒÕ¯¬Á√˚≤ª‘Ÿø…”√°£', None, 64, None)

The above exception was the direct cause of the following exception:

Traceback (most recent call last):
  File "F:\YilenaCode\Werewolf\ai_werewolf_core\api\routes\games.py", line 187, in create_game
    await manager.init_game()
  File "F:\YilenaCode\Werewolf\ai_werewolf_core\core\engine\lifecycle.py", line 420, in init_game
    current_status = await self.get_status()
                     ^^^^^^^^^^^^^^^^^^^^^^^
  File "F:\YilenaCode\Werewolf\ai_werewolf_core\core\engine\lifecycle.py", line 262, in get_status
    status = await self._get_status_from_redis()
             ^^^^^^^^^^^^^^^^^^^^^^^^^^^^^^^^^^^
  File "F:\YilenaCode\Werewolf\ai_werewolf_core\core\engine\lifecycle.py", line 167, in _get_status_from_redis
    redis = await self._get_redis()
            ^^^^^^^^^^^^^^^^^^^^^^^
  File "F:\YilenaCode\Werewolf\ai_werewolf_core\core\engine\lifecycle.py", line 146, in _get_redis
    raise RedisUnavailableException(
        f"LifecycleManager Œﬁ∑®ªÒ»° Redis øÕªß∂À: game_id={self.game_id}"
    ) from e
ai_werewolf_core.utils.redis_seq.RedisUnavailableException: LifecycleManager Œﬁ∑®ªÒ»° Redis øÕªß∂À: game_id=313306247736725504
----------------------------- Captured log setup ------------------------------
DEBUG    ai_werewolf_core.core.event.bus:bus.py:519 {'handler': '_default_log_subscriber', 'event': 'global_subscribe', 'level': 'debug', 'logger': 'ai_werewolf_core.core.event.bus', 'timestamp': '2026-05-14T21:27:10.409435+08:00'}
DEBUG    ai_werewolf_core.core.event.bus:bus.py:519 {'handler': '_persist_to_db', 'event': 'global_subscribe', 'level': 'debug', 'logger': 'ai_werewolf_core.core.event.bus', 'timestamp': '2026-05-14T21:27:10.409658+08:00'}
INFO     ai_werewolf_core.core.engine.lifecycle:lifecycle.py:418 {'game_id': '313306247736725504', 'module': 'LifecycleManager', 'event': 'game_init', 'level': 'info', 'logger': 'ai_werewolf_core.core.engine.lifecycle', 'timestamp': '2026-05-14T21:27:10.409740+08:00'}
DEBUG    ai_werewolf_core.utils.redis_client:redis_client.py:243 {'max_connections': 300, 'socket_timeout': 10, 'event': 'Redis ¡¨Ω”≥ÿ“—¥¥Ω®', 'level': 'debug', 'logger': 'ai_werewolf_core.utils.redis_client', 'timestamp': '2026-05-14T21:27:10.409824+08:00'}
ERROR    ai_werewolf_core.utils.redis_client:redis_client.py:130 {'host': '192.168.100.128', 'port': 6379, 'error': "Error while reading from 192.168.100.128:6379 : (22, '÷∏∂®µƒÕ¯¬Á√˚≤ª‘Ÿø…”√°£', None, 64, None)", 'event': 'Redis ¡¨Ω”—È÷§ ß∞‹ (PING)', 'level': 'error', 'logger': 'ai_werewolf_core.utils.redis_client', 'timestamp': '2026-05-14T21:27:15.413275+08:00', 'exception': 'Traceback (most recent call last):\n  File "F:\\py\\Lib\\asyncio\\windows_events.py", line 463, in finish_socket_func\n    return ov.getresult()\n           ~~~~~~~~~~~~^^\nOSError: [WinError 64] ÷∏∂®µƒÕ¯¬Á√˚≤ª‘Ÿø…”√°£\n\nDuring handling of the above exception, another exception occurred:\n\nTraceback (most recent call last):\n  File "F:\\py\\Lib\\site-packages\\redis\\asyncio\\connection.py", line 725, in read_response\n    response = await self._parser.read_response(\n               ^^^^^^^^^^^^^^^^^^^^^^^^^^^^^^^^^\n        disable_decoding=disable_decoding\n        ^^^^^^^^^^^^^^^^^^^^^^^^^^^^^^^^^\n    )\n    ^\n  File "F:\\py\\Lib\\site-packages\\redis\\_parsers\\resp2.py", line 82, in read_response\n    response = await self._read_response(disable_decoding=disable_decoding)\n               ^^^^^^^^^^^^^^^^^^^^^^^^^^^^^^^^^^^^^^^^^^^^^^^^^^^^^^^^^^^^\n  File "F:\\py\\Lib\\site-packages\\redis\\_parsers\\resp2.py", line 90, in _read_response\n    raw = await self._readline()\n          ^^^^^^^^^^^^^^^^^^^^^^\n  File "F:\\py\\Lib\\site-packages\\redis\\_parsers\\base.py", line 559, in _readline\n    data = await self._stream.readline()\n           ^^^^^^^^^^^^^^^^^^^^^^^^^^^^^\n  File "F:\\py\\Lib\\asyncio\\streams.py", line 562, in readline\n    line = await self.readuntil(sep)\n           ^^^^^^^^^^^^^^^^^^^^^^^^^\n  File "F:\\py\\Lib\\asyncio\\streams.py", line 677, in readuntil\n    await self._wait_for_data(\'readuntil\')\n  File "F:\\py\\Lib\\asyncio\\streams.py", line 539, in _wait_for_data\n    await self._waiter\n  File "F:\\py\\Lib\\asyncio\\proactor_events.py", line 286, in _loop_reading\n    length = fut.result()\n  File "F:\\py\\Lib\\asyncio\\windows_events.py", line 804, in _poll\n    value = callback(transferred, key, ov)\n  File "F:\\py\\Lib\\asyncio\\windows_events.py", line 467, in finish_socket_func\n    raise ConnectionResetError(*exc.args)\nConnectionResetError: [WinError 64] ÷∏∂®µƒÕ¯¬Á√˚≤ª‘Ÿø…”√°£\n\nDuring handling of the above exception, another exception occurred:\n\nTraceback (most recent call last):\n  File "F:\\YilenaCode\\Werewolf\\ai_werewolf_core\\utils\\redis_client.py", line 128, in get_client\n    await cls._client.ping()\n  File "F:\\py\\Lib\\site-packages\\redis\\asyncio\\client.py", line 764, in execute_command\n    conn = self.connection or await pool.get_connection()\n                              ^^^^^^^^^^^^^^^^^^^^^^^^^^^\n  File "F:\\py\\Lib\\site-packages\\redis\\utils.py", line 227, in async_wrapper\n    return await func(*args, **kwargs)\n           ^^^^^^^^^^^^^^^^^^^^^^^^^^^\n  File "F:\\py\\Lib\\site-packages\\redis\\asyncio\\connection.py", line 1351, in get_connection\n    await self.ensure_connection(connection)\n  File "F:\\py\\Lib\\site-packages\\redis\\asyncio\\connection.py", line 1390, in ensure_connection\n    await connection.connect()\n  File "F:\\py\\Lib\\site-packages\\redis\\asyncio\\connection.py", line 339, in connect\n    await self.retry.call_with_retry(\n    ...<7 lines>...\n    )\n  File "F:\\py\\Lib\\site-packages\\redis\\asyncio\\retry.py", line 81, in call_with_retry\n    raise error\n  File "F:\\py\\Lib\\site-packages\\redis\\asyncio\\retry.py", line 69, in call_with_retry\n    return await do()\n           ^^^^^^^^^^\n  File "F:\\py\\Lib\\site-packages\\redis\\asyncio\\connection.py", line 403, in connect_check_health\n    await self.on_connect_check_health(check_health=check_health)\n  File "F:\\py\\Lib\\site-packages\\redis\\asyncio\\connection.py", line 560, in on_connect_check_health\n    await self.read_response()\n  File "F:\\py\\Lib\\site-packages\\redis\\asyncio\\connection.py", line 747, in read_response\n    raise ConnectionError(f"Error while reading from {host_error} : {e.args}")\nredis.exceptions.ConnectionError: Error while reading from 192.168.100.128:6379 : (22, \'÷∏∂®µƒÕ¯¬Á√˚≤ª‘Ÿø…”√°£\', None, 64, None)'}
ERROR    ai_werewolf_core.api.routes.games:games.py:199 {'error': 'LifecycleManager Œﬁ∑®ªÒ»° Redis øÕªß∂À: game_id=313306247736725504', 'event': 'create_game_redis_unavailable', 'level': 'error', 'logger': 'ai_werewolf_core.api.routes.games', 'timestamp': '2026-05-14T21:27:15.415840+08:00', 'exception': 'Traceback (most recent call last):\n  File "F:\\py\\Lib\\asyncio\\windows_events.py", line 463, in finish_socket_func\n    return ov.getresult()\n           ~~~~~~~~~~~~^^\nOSError: [WinError 64] ÷∏∂®µƒÕ¯¬Á√˚≤ª‘Ÿø…”√°£\n\nDuring handling of the above exception, another exception occurred:\n\nTraceback (most recent call last):\n  File "F:\\py\\Lib\\site-packages\\redis\\asyncio\\connection.py", line 725, in read_response\n    response = await self._parser.read_response(\n               ^^^^^^^^^^^^^^^^^^^^^^^^^^^^^^^^^\n        disable_decoding=disable_decoding\n        ^^^^^^^^^^^^^^^^^^^^^^^^^^^^^^^^^\n    )\n    ^\n  File "F:\\py\\Lib\\site-packages\\redis\\_parsers\\resp2.py", line 82, in read_response\n    response = await self._read_response(disable_decoding=disable_decoding)\n               ^^^^^^^^^^^^^^^^^^^^^^^^^^^^^^^^^^^^^^^^^^^^^^^^^^^^^^^^^^^^\n  File "F:\\py\\Lib\\site-packages\\redis\\_parsers\\resp2.py", line 90, in _read_response\n    raw = await self._readline()\n          ^^^^^^^^^^^^^^^^^^^^^^\n  File "F:\\py\\Lib\\site-packages\\redis\\_parsers\\base.py", line 559, in _readline\n    data = await self._stream.readline()\n           ^^^^^^^^^^^^^^^^^^^^^^^^^^^^^\n  File "F:\\py\\Lib\\asyncio\\streams.py", line 562, in readline\n    line = await self.readuntil(sep)\n           ^^^^^^^^^^^^^^^^^^^^^^^^^\n  File "F:\\py\\Lib\\asyncio\\streams.py", line 677, in readuntil\n    await self._wait_for_data(\'readuntil\')\n  File "F:\\py\\Lib\\asyncio\\streams.py", line 539, in _wait_for_data\n    await self._waiter\n  File "F:\\py\\Lib\\asyncio\\proactor_events.py", line 286, in _loop_reading\n    length = fut.result()\n  File "F:\\py\\Lib\\asyncio\\windows_events.py", line 804, in _poll\n    value = callback(transferred, key, ov)\n  File "F:\\py\\Lib\\asyncio\\windows_events.py", line 467, in finish_socket_func\n    raise ConnectionResetError(*exc.args)\nConnectionResetError: [WinError 64] ÷∏∂®µƒÕ¯¬Á√˚≤ª‘Ÿø…”√°£\n\nDuring handling of the above exception, another exception occurred:\n\nTraceback (most recent call last):\n  File "F:\\YilenaCode\\Werewolf\\ai_werewolf_core\\core\\engine\\lifecycle.py", line 143, in _get_redis\n    self._redis = await RedisClientManager.get_client()\n                  ^^^^^^^^^^^^^^^^^^^^^^^^^^^^^^^^^^^^^\n  File "F:\\YilenaCode\\Werewolf\\ai_werewolf_core\\utils\\redis_client.py", line 128, in get_client\n    await cls._client.ping()\n  File "F:\\py\\Lib\\site-packages\\redis\\asyncio\\client.py", line 764, in execute_command\n    conn = self.connection or await pool.get_connection()\n                              ^^^^^^^^^^^^^^^^^^^^^^^^^^^\n  File "F:\\py\\Lib\\site-packages\\redis\\utils.py", line 227, in async_wrapper\n    return await func(*args, **kwargs)\n           ^^^^^^^^^^^^^^^^^^^^^^^^^^^\n  File "F:\\py\\Lib\\site-packages\\redis\\asyncio\\connection.py", line 1351, in get_connection\n    await self.ensure_connection(connection)\n  File "F:\\py\\Lib\\site-packages\\redis\\asyncio\\connection.py", line 1390, in ensure_connection\n    await connection.connect()\n  File "F:\\py\\Lib\\site-packages\\redis\\asyncio\\connection.py", line 339, in connect\n    await self.retry.call_with_retry(\n    ...<7 lines>...\n    )\n  File "F:\\py\\Lib\\site-packages\\redis\\asyncio\\retry.py", line 81, in call_with_retry\n    raise error\n  File "F:\\py\\Lib\\site-packages\\redis\\asyncio\\retry.py", line 69, in call_with_retry\n    return await do()\n           ^^^^^^^^^^\n  File "F:\\py\\Lib\\site-packages\\redis\\asyncio\\connection.py", line 403, in connect_check_health\n    await self.on_connect_check_health(check_health=check_health)\n  File "F:\\py\\Lib\\site-packages\\redis\\asyncio\\connection.py", line 560, in on_connect_check_health\n    await self.read_response()\n  File "F:\\py\\Lib\\site-packages\\redis\\asyncio\\connection.py", line 747, in read_response\n    raise ConnectionError(f"Error while reading from {host_error} : {e.args}")\nredis.exceptions.ConnectionError: Error while reading from 192.168.100.128:6379 : (22, \'÷∏∂®µƒÕ¯¬Á√˚≤ª‘Ÿø…”√°£\', None, 64, None)\n\nThe above exception was the direct cause of the following exception:\n\nTraceback (most recent call last):\n  File "F:\\YilenaCode\\Werewolf\\ai_werewolf_core\\api\\routes\\games.py", line 187, in create_game\n    await manager.init_game()\n  File "F:\\YilenaCode\\Werewolf\\ai_werewolf_core\\core\\engine\\lifecycle.py", line 420, in init_game\n    current_status = await self.get_status()\n                     ^^^^^^^^^^^^^^^^^^^^^^^\n  File "F:\\YilenaCode\\Werewolf\\ai_werewolf_core\\core\\engine\\lifecycle.py", line 262, in get_status\n    status = await self._get_status_from_redis()\n             ^^^^^^^^^^^^^^^^^^^^^^^^^^^^^^^^^^^\n  File "F:\\YilenaCode\\Werewolf\\ai_werewolf_core\\core\\engine\\lifecycle.py", line 167, in _get_status_from_redis\n    redis = await self._get_redis()\n            ^^^^^^^^^^^^^^^^^^^^^^^\n  File "F:\\YilenaCode\\Werewolf\\ai_werewolf_core\\core\\engine\\lifecycle.py", line 146, in _get_redis\n    raise RedisUnavailableException(\n        f"LifecycleManager Œﬁ∑®ªÒ»° Redis øÕªß∂À: game_id={self.game_id}"\n    ) from e\nai_werewolf_core.utils.redis_seq.RedisUnavailableException: LifecycleManager Œﬁ∑®ªÒ»° Redis øÕªß∂À: game_id=313306247736725504'}
_____________ ERROR at setup of test_submit_action_in_night_phase _____________

client = <httpx.AsyncClient object at 0x0000027C30610770>

    @pytest.fixture
    async def running_game_id(client):
        """¥¥Ω®≤¢∆Ù∂Ø“ª∏ˆ∂‘æ÷£¨∑µªÿ game_id°£"""
        create_resp = await client.post("/api/games", json={"player_count": 9})
>       game_id = create_resp.json()["game_id"]
                  ^^^^^^^^^^^^^^^^^^^^^^^^^^^^^
E       KeyError: 'game_id'

tests\test_api_actions.py:34: KeyError
---------------------------- Captured stderr setup ----------------------------
[2m2026-05-14T21:27:15.423534+08:00[0m [[32m[1mdebug    [0m] [1mglobal_subscribe              [0m [[0m[1m[34mai_werewolf_core.core.event.bus[0m][0m [36mhandler[0m=[35m_default_log_subscriber[0m
[2m2026-05-14T21:27:15.423775+08:00[0m [[32m[1mdebug    [0m] [1mglobal_subscribe              [0m [[0m[1m[34mai_werewolf_core.core.event.bus[0m][0m [36mhandler[0m=[35m_persist_to_db[0m
[2m2026-05-14T21:27:15.423861+08:00[0m [[32m[1minfo     [0m] [1mgame_init                     [0m [[0m[1m[34mai_werewolf_core.core.engine.lifecycle[0m][0m [36mgame_id[0m=[35m313306268766965760[0m [36mmodule[0m=[35mLifecycleManager[0m
[2m2026-05-14T21:27:15.423949+08:00[0m [[32m[1mdebug    [0m] [1mRedis ¡¨Ω”≥ÿ“—¥¥Ω®                  [0m [[0m[1m[34mai_werewolf_core.utils.redis_client[0m][0m [36mmax_connections[0m=[35m300[0m [36msocket_timeout[0m=[35m10[0m
[2m2026-05-14T21:27:20.426405+08:00[0m [[31m[1merror    [0m] [1mRedis ¡¨Ω”—È÷§ ß∞‹ (PING)           [0m [[0m[1m[34mai_werewolf_core.utils.redis_client[0m][0m [36merror[0m=[35m"Error while reading from 192.168.100.128:6379 : (22, '÷∏∂®µƒÕ¯¬Á√˚≤ª‘Ÿø…”√°£', None, 64, None)"[0m [36mhost[0m=[35m192.168.100.128[0m [36mport[0m=[35m6379[0m
Traceback (most recent call last):
  File "F:\py\Lib\asyncio\windows_events.py", line 463, in finish_socket_func
    return ov.getresult()
           ~~~~~~~~~~~~^^
OSError: [WinError 64] ÷∏∂®µƒÕ¯¬Á√˚≤ª‘Ÿø…”√°£

During handling of the above exception, another exception occurred:

Traceback (most recent call last):
  File "F:\py\Lib\site-packages\redis\asyncio\connection.py", line 725, in read_response
    response = await self._parser.read_response(
               ^^^^^^^^^^^^^^^^^^^^^^^^^^^^^^^^^
        disable_decoding=disable_decoding
        ^^^^^^^^^^^^^^^^^^^^^^^^^^^^^^^^^
    )
    ^
  File "F:\py\Lib\site-packages\redis\_parsers\resp2.py", line 82, in read_response
    response = await self._read_response(disable_decoding=disable_decoding)
               ^^^^^^^^^^^^^^^^^^^^^^^^^^^^^^^^^^^^^^^^^^^^^^^^^^^^^^^^^^^^
  File "F:\py\Lib\site-packages\redis\_parsers\resp2.py", line 90, in _read_response
    raw = await self._readline()
          ^^^^^^^^^^^^^^^^^^^^^^
  File "F:\py\Lib\site-packages\redis\_parsers\base.py", line 559, in _readline
    data = await self._stream.readline()
           ^^^^^^^^^^^^^^^^^^^^^^^^^^^^^
  File "F:\py\Lib\asyncio\streams.py", line 562, in readline
    line = await self.readuntil(sep)
           ^^^^^^^^^^^^^^^^^^^^^^^^^
  File "F:\py\Lib\asyncio\streams.py", line 677, in readuntil
    await self._wait_for_data('readuntil')
  File "F:\py\Lib\asyncio\streams.py", line 539, in _wait_for_data
    await self._waiter
  File "F:\py\Lib\asyncio\proactor_events.py", line 286, in _loop_reading
    length = fut.result()
  File "F:\py\Lib\asyncio\windows_events.py", line 804, in _poll
    value = callback(transferred, key, ov)
  File "F:\py\Lib\asyncio\windows_events.py", line 467, in finish_socket_func
    raise ConnectionResetError(*exc.args)
ConnectionResetError: [WinError 64] ÷∏∂®µƒÕ¯¬Á√˚≤ª‘Ÿø…”√°£

During handling of the above exception, another exception occurred:

Traceback (most recent call last):
  File "F:\YilenaCode\Werewolf\ai_werewolf_core\utils\redis_client.py", line 128, in get_client
    await cls._client.ping()
  File "F:\py\Lib\site-packages\redis\asyncio\client.py", line 764, in execute_command
    conn = self.connection or await pool.get_connection()
                              ^^^^^^^^^^^^^^^^^^^^^^^^^^^
  File "F:\py\Lib\site-packages\redis\utils.py", line 227, in async_wrapper
    return await func(*args, **kwargs)
           ^^^^^^^^^^^^^^^^^^^^^^^^^^^
  File "F:\py\Lib\site-packages\redis\asyncio\connection.py", line 1351, in get_connection
    await self.ensure_connection(connection)
  File "F:\py\Lib\site-packages\redis\asyncio\connection.py", line 1390, in ensure_connection
    await connection.connect()
  File "F:\py\Lib\site-packages\redis\asyncio\connection.py", line 339, in connect
    await self.retry.call_with_retry(
    ...<7 lines>...
    )
  File "F:\py\Lib\site-packages\redis\asyncio\retry.py", line 81, in call_with_retry
    raise error
  File "F:\py\Lib\site-packages\redis\asyncio\retry.py", line 69, in call_with_retry
    return await do()
           ^^^^^^^^^^
  File "F:\py\Lib\site-packages\redis\asyncio\connection.py", line 403, in connect_check_health
    await self.on_connect_check_health(check_health=check_health)
  File "F:\py\Lib\site-packages\redis\asyncio\connection.py", line 560, in on_connect_check_health
    await self.read_response()
  File "F:\py\Lib\site-packages\redis\asyncio\connection.py", line 747, in read_response
    raise ConnectionError(f"Error while reading from {host_error} : {e.args}")
redis.exceptions.ConnectionError: Error while reading from 192.168.100.128:6379 : (22, '÷∏∂®µƒÕ¯¬Á√˚≤ª‘Ÿø…”√°£', None, 64, None)
[2m2026-05-14T21:27:20.429280+08:00[0m [[31m[1merror    [0m] [1mcreate_game_redis_unavailable [0m [[0m[1m[34mai_werewolf_core.api.routes.games[0m][0m [36merror[0m=[35m'LifecycleManager Œﬁ∑®ªÒ»° Redis øÕªß∂À: game_id=313306268766965760'[0m
Traceback (most recent call last):
  File "F:\py\Lib\asyncio\windows_events.py", line 463, in finish_socket_func
    return ov.getresult()
           ~~~~~~~~~~~~^^
OSError: [WinError 64] ÷∏∂®µƒÕ¯¬Á√˚≤ª‘Ÿø…”√°£

During handling of the above exception, another exception occurred:

Traceback (most recent call last):
  File "F:\py\Lib\site-packages\redis\asyncio\connection.py", line 725, in read_response
    response = await self._parser.read_response(
               ^^^^^^^^^^^^^^^^^^^^^^^^^^^^^^^^^
        disable_decoding=disable_decoding
        ^^^^^^^^^^^^^^^^^^^^^^^^^^^^^^^^^
    )
    ^
  File "F:\py\Lib\site-packages\redis\_parsers\resp2.py", line 82, in read_response
    response = await self._read_response(disable_decoding=disable_decoding)
               ^^^^^^^^^^^^^^^^^^^^^^^^^^^^^^^^^^^^^^^^^^^^^^^^^^^^^^^^^^^^
  File "F:\py\Lib\site-packages\redis\_parsers\resp2.py", line 90, in _read_response
    raw = await self._readline()
          ^^^^^^^^^^^^^^^^^^^^^^
  File "F:\py\Lib\site-packages\redis\_parsers\base.py", line 559, in _readline
    data = await self._stream.readline()
           ^^^^^^^^^^^^^^^^^^^^^^^^^^^^^
  File "F:\py\Lib\asyncio\streams.py", line 562, in readline
    line = await self.readuntil(sep)
           ^^^^^^^^^^^^^^^^^^^^^^^^^
  File "F:\py\Lib\asyncio\streams.py", line 677, in readuntil
    await self._wait_for_data('readuntil')
  File "F:\py\Lib\asyncio\streams.py", line 539, in _wait_for_data
    await self._waiter
  File "F:\py\Lib\asyncio\proactor_events.py", line 286, in _loop_reading
    length = fut.result()
  File "F:\py\Lib\asyncio\windows_events.py", line 804, in _poll
    value = callback(transferred, key, ov)
  File "F:\py\Lib\asyncio\windows_events.py", line 467, in finish_socket_func
    raise ConnectionResetError(*exc.args)
ConnectionResetError: [WinError 64] ÷∏∂®µƒÕ¯¬Á√˚≤ª‘Ÿø…”√°£

During handling of the above exception, another exception occurred:

Traceback (most recent call last):
  File "F:\YilenaCode\Werewolf\ai_werewolf_core\core\engine\lifecycle.py", line 143, in _get_redis
    self._redis = await RedisClientManager.get_client()
                  ^^^^^^^^^^^^^^^^^^^^^^^^^^^^^^^^^^^^^
  File "F:\YilenaCode\Werewolf\ai_werewolf_core\utils\redis_client.py", line 128, in get_client
    await cls._client.ping()
  File "F:\py\Lib\site-packages\redis\asyncio\client.py", line 764, in execute_command
    conn = self.connection or await pool.get_connection()
                              ^^^^^^^^^^^^^^^^^^^^^^^^^^^
  File "F:\py\Lib\site-packages\redis\utils.py", line 227, in async_wrapper
    return await func(*args, **kwargs)
           ^^^^^^^^^^^^^^^^^^^^^^^^^^^
  File "F:\py\Lib\site-packages\redis\asyncio\connection.py", line 1351, in get_connection
    await self.ensure_connection(connection)
  File "F:\py\Lib\site-packages\redis\asyncio\connection.py", line 1390, in ensure_connection
    await connection.connect()
  File "F:\py\Lib\site-packages\redis\asyncio\connection.py", line 339, in connect
    await self.retry.call_with_retry(
    ...<7 lines>...
    )
  File "F:\py\Lib\site-packages\redis\asyncio\retry.py", line 81, in call_with_retry
    raise error
  File "F:\py\Lib\site-packages\redis\asyncio\retry.py", line 69, in call_with_retry
    return await do()
           ^^^^^^^^^^
  File "F:\py\Lib\site-packages\redis\asyncio\connection.py", line 403, in connect_check_health
    await self.on_connect_check_health(check_health=check_health)
  File "F:\py\Lib\site-packages\redis\asyncio\connection.py", line 560, in on_connect_check_health
    await self.read_response()
  File "F:\py\Lib\site-packages\redis\asyncio\connection.py", line 747, in read_response
    raise ConnectionError(f"Error while reading from {host_error} : {e.args}")
redis.exceptions.ConnectionError: Error while reading from 192.168.100.128:6379 : (22, '÷∏∂®µƒÕ¯¬Á√˚≤ª‘Ÿø…”√°£', None, 64, None)

The above exception was the direct cause of the following exception:

Traceback (most recent call last):
  File "F:\YilenaCode\Werewolf\ai_werewolf_core\api\routes\games.py", line 187, in create_game
    await manager.init_game()
  File "F:\YilenaCode\Werewolf\ai_werewolf_core\core\engine\lifecycle.py", line 420, in init_game
    current_status = await self.get_status()
                     ^^^^^^^^^^^^^^^^^^^^^^^
  File "F:\YilenaCode\Werewolf\ai_werewolf_core\core\engine\lifecycle.py", line 262, in get_status
    status = await self._get_status_from_redis()
             ^^^^^^^^^^^^^^^^^^^^^^^^^^^^^^^^^^^
  File "F:\YilenaCode\Werewolf\ai_werewolf_core\core\engine\lifecycle.py", line 167, in _get_status_from_redis
    redis = await self._get_redis()
            ^^^^^^^^^^^^^^^^^^^^^^^
  File "F:\YilenaCode\Werewolf\ai_werewolf_core\core\engine\lifecycle.py", line 146, in _get_redis
    raise RedisUnavailableException(
        f"LifecycleManager Œﬁ∑®ªÒ»° Redis øÕªß∂À: game_id={self.game_id}"
    ) from e
ai_werewolf_core.utils.redis_seq.RedisUnavailableException: LifecycleManager Œﬁ∑®ªÒ»° Redis øÕªß∂À: game_id=313306268766965760
----------------------------- Captured log setup ------------------------------
DEBUG    ai_werewolf_core.core.event.bus:bus.py:519 {'handler': '_default_log_subscriber', 'event': 'global_subscribe', 'level': 'debug', 'logger': 'ai_werewolf_core.core.event.bus', 'timestamp': '2026-05-14T21:27:15.423534+08:00'}
DEBUG    ai_werewolf_core.core.event.bus:bus.py:519 {'handler': '_persist_to_db', 'event': 'global_subscribe', 'level': 'debug', 'logger': 'ai_werewolf_core.core.event.bus', 'timestamp': '2026-05-14T21:27:15.423775+08:00'}
INFO     ai_werewolf_core.core.engine.lifecycle:lifecycle.py:418 {'game_id': '313306268766965760', 'module': 'LifecycleManager', 'event': 'game_init', 'level': 'info', 'logger': 'ai_werewolf_core.core.engine.lifecycle', 'timestamp': '2026-05-14T21:27:15.423861+08:00'}
DEBUG    ai_werewolf_core.utils.redis_client:redis_client.py:243 {'max_connections': 300, 'socket_timeout': 10, 'event': 'Redis ¡¨Ω”≥ÿ“—¥¥Ω®', 'level': 'debug', 'logger': 'ai_werewolf_core.utils.redis_client', 'timestamp': '2026-05-14T21:27:15.423949+08:00'}
ERROR    ai_werewolf_core.utils.redis_client:redis_client.py:130 {'host': '192.168.100.128', 'port': 6379, 'error': "Error while reading from 192.168.100.128:6379 : (22, '÷∏∂®µƒÕ¯¬Á√˚≤ª‘Ÿø…”√°£', None, 64, None)", 'event': 'Redis ¡¨Ω”—È÷§ ß∞‹ (PING)', 'level': 'error', 'logger': 'ai_werewolf_core.utils.redis_client', 'timestamp': '2026-05-14T21:27:20.426405+08:00', 'exception': 'Traceback (most recent call last):\n  File "F:\\py\\Lib\\asyncio\\windows_events.py", line 463, in finish_socket_func\n    return ov.getresult()\n           ~~~~~~~~~~~~^^\nOSError: [WinError 64] ÷∏∂®µƒÕ¯¬Á√˚≤ª‘Ÿø…”√°£\n\nDuring handling of the above exception, another exception occurred:\n\nTraceback (most recent call last):\n  File "F:\\py\\Lib\\site-packages\\redis\\asyncio\\connection.py", line 725, in read_response\n    response = await self._parser.read_response(\n               ^^^^^^^^^^^^^^^^^^^^^^^^^^^^^^^^^\n        disable_decoding=disable_decoding\n        ^^^^^^^^^^^^^^^^^^^^^^^^^^^^^^^^^\n    )\n    ^\n  File "F:\\py\\Lib\\site-packages\\redis\\_parsers\\resp2.py", line 82, in read_response\n    response = await self._read_response(disable_decoding=disable_decoding)\n               ^^^^^^^^^^^^^^^^^^^^^^^^^^^^^^^^^^^^^^^^^^^^^^^^^^^^^^^^^^^^\n  File "F:\\py\\Lib\\site-packages\\redis\\_parsers\\resp2.py", line 90, in _read_response\n    raw = await self._readline()\n          ^^^^^^^^^^^^^^^^^^^^^^\n  File "F:\\py\\Lib\\site-packages\\redis\\_parsers\\base.py", line 559, in _readline\n    data = await self._stream.readline()\n           ^^^^^^^^^^^^^^^^^^^^^^^^^^^^^\n  File "F:\\py\\Lib\\asyncio\\streams.py", line 562, in readline\n    line = await self.readuntil(sep)\n           ^^^^^^^^^^^^^^^^^^^^^^^^^\n  File "F:\\py\\Lib\\asyncio\\streams.py", line 677, in readuntil\n    await self._wait_for_data(\'readuntil\')\n  File "F:\\py\\Lib\\asyncio\\streams.py", line 539, in _wait_for_data\n    await self._waiter\n  File "F:\\py\\Lib\\asyncio\\proactor_events.py", line 286, in _loop_reading\n    length = fut.result()\n  File "F:\\py\\Lib\\asyncio\\windows_events.py", line 804, in _poll\n    value = callback(transferred, key, ov)\n  File "F:\\py\\Lib\\asyncio\\windows_events.py", line 467, in finish_socket_func\n    raise ConnectionResetError(*exc.args)\nConnectionResetError: [WinError 64] ÷∏∂®µƒÕ¯¬Á√˚≤ª‘Ÿø…”√°£\n\nDuring handling of the above exception, another exception occurred:\n\nTraceback (most recent call last):\n  File "F:\\YilenaCode\\Werewolf\\ai_werewolf_core\\utils\\redis_client.py", line 128, in get_client\n    await cls._client.ping()\n  File "F:\\py\\Lib\\site-packages\\redis\\asyncio\\client.py", line 764, in execute_command\n    conn = self.connection or await pool.get_connection()\n                              ^^^^^^^^^^^^^^^^^^^^^^^^^^^\n  File "F:\\py\\Lib\\site-packages\\redis\\utils.py", line 227, in async_wrapper\n    return await func(*args, **kwargs)\n           ^^^^^^^^^^^^^^^^^^^^^^^^^^^\n  File "F:\\py\\Lib\\site-packages\\redis\\asyncio\\connection.py", line 1351, in get_connection\n    await self.ensure_connection(connection)\n  File "F:\\py\\Lib\\site-packages\\redis\\asyncio\\connection.py", line 1390, in ensure_connection\n    await connection.connect()\n  File "F:\\py\\Lib\\site-packages\\redis\\asyncio\\connection.py", line 339, in connect\n    await self.retry.call_with_retry(\n    ...<7 lines>...\n    )\n  File "F:\\py\\Lib\\site-packages\\redis\\asyncio\\retry.py", line 81, in call_with_retry\n    raise error\n  File "F:\\py\\Lib\\site-packages\\redis\\asyncio\\retry.py", line 69, in call_with_retry\n    return await do()\n           ^^^^^^^^^^\n  File "F:\\py\\Lib\\site-packages\\redis\\asyncio\\connection.py", line 403, in connect_check_health\n    await self.on_connect_check_health(check_health=check_health)\n  File "F:\\py\\Lib\\site-packages\\redis\\asyncio\\connection.py", line 560, in on_connect_check_health\n    await self.read_response()\n  File "F:\\py\\Lib\\site-packages\\redis\\asyncio\\connection.py", line 747, in read_response\n    raise ConnectionError(f"Error while reading from {host_error} : {e.args}")\nredis.exceptions.ConnectionError: Error while reading from 192.168.100.128:6379 : (22, \'÷∏∂®µƒÕ¯¬Á√˚≤ª‘Ÿø…”√°£\', None, 64, None)'}
ERROR    ai_werewolf_core.api.routes.games:games.py:199 {'error': 'LifecycleManager Œﬁ∑®ªÒ»° Redis øÕªß∂À: game_id=313306268766965760', 'event': 'create_game_redis_unavailable', 'level': 'error', 'logger': 'ai_werewolf_core.api.routes.games', 'timestamp': '2026-05-14T21:27:20.429280+08:00', 'exception': 'Traceback (most recent call last):\n  File "F:\\py\\Lib\\asyncio\\windows_events.py", line 463, in finish_socket_func\n    return ov.getresult()\n           ~~~~~~~~~~~~^^\nOSError: [WinError 64] ÷∏∂®µƒÕ¯¬Á√˚≤ª‘Ÿø…”√°£\n\nDuring handling of the above exception, another exception occurred:\n\nTraceback (most recent call last):\n  File "F:\\py\\Lib\\site-packages\\redis\\asyncio\\connection.py", line 725, in read_response\n    response = await self._parser.read_response(\n               ^^^^^^^^^^^^^^^^^^^^^^^^^^^^^^^^^\n        disable_decoding=disable_decoding\n        ^^^^^^^^^^^^^^^^^^^^^^^^^^^^^^^^^\n    )\n    ^\n  File "F:\\py\\Lib\\site-packages\\redis\\_parsers\\resp2.py", line 82, in read_response\n    response = await self._read_response(disable_decoding=disable_decoding)\n               ^^^^^^^^^^^^^^^^^^^^^^^^^^^^^^^^^^^^^^^^^^^^^^^^^^^^^^^^^^^^\n  File "F:\\py\\Lib\\site-packages\\redis\\_parsers\\resp2.py", line 90, in _read_response\n    raw = await self._readline()\n          ^^^^^^^^^^^^^^^^^^^^^^\n  File "F:\\py\\Lib\\site-packages\\redis\\_parsers\\base.py", line 559, in _readline\n    data = await self._stream.readline()\n           ^^^^^^^^^^^^^^^^^^^^^^^^^^^^^\n  File "F:\\py\\Lib\\asyncio\\streams.py", line 562, in readline\n    line = await self.readuntil(sep)\n           ^^^^^^^^^^^^^^^^^^^^^^^^^\n  File "F:\\py\\Lib\\asyncio\\streams.py", line 677, in readuntil\n    await self._wait_for_data(\'readuntil\')\n  File "F:\\py\\Lib\\asyncio\\streams.py", line 539, in _wait_for_data\n    await self._waiter\n  File "F:\\py\\Lib\\asyncio\\proactor_events.py", line 286, in _loop_reading\n    length = fut.result()\n  File "F:\\py\\Lib\\asyncio\\windows_events.py", line 804, in _poll\n    value = callback(transferred, key, ov)\n  File "F:\\py\\Lib\\asyncio\\windows_events.py", line 467, in finish_socket_func\n    raise ConnectionResetError(*exc.args)\nConnectionResetError: [WinError 64] ÷∏∂®µƒÕ¯¬Á√˚≤ª‘Ÿø…”√°£\n\nDuring handling of the above exception, another exception occurred:\n\nTraceback (most recent call last):\n  File "F:\\YilenaCode\\Werewolf\\ai_werewolf_core\\core\\engine\\lifecycle.py", line 143, in _get_redis\n    self._redis = await RedisClientManager.get_client()\n                  ^^^^^^^^^^^^^^^^^^^^^^^^^^^^^^^^^^^^^\n  File "F:\\YilenaCode\\Werewolf\\ai_werewolf_core\\utils\\redis_client.py", line 128, in get_client\n    await cls._client.ping()\n  File "F:\\py\\Lib\\site-packages\\redis\\asyncio\\client.py", line 764, in execute_command\n    conn = self.connection or await pool.get_connection()\n                              ^^^^^^^^^^^^^^^^^^^^^^^^^^^\n  File "F:\\py\\Lib\\site-packages\\redis\\utils.py", line 227, in async_wrapper\n    return await func(*args, **kwargs)\n           ^^^^^^^^^^^^^^^^^^^^^^^^^^^\n  File "F:\\py\\Lib\\site-packages\\redis\\asyncio\\connection.py", line 1351, in get_connection\n    await self.ensure_connection(connection)\n  File "F:\\py\\Lib\\site-packages\\redis\\asyncio\\connection.py", line 1390, in ensure_connection\n    await connection.connect()\n  File "F:\\py\\Lib\\site-packages\\redis\\asyncio\\connection.py", line 339, in connect\n    await self.retry.call_with_retry(\n    ...<7 lines>...\n    )\n  File "F:\\py\\Lib\\site-packages\\redis\\asyncio\\retry.py", line 81, in call_with_retry\n    raise error\n  File "F:\\py\\Lib\\site-packages\\redis\\asyncio\\retry.py", line 69, in call_with_retry\n    return await do()\n           ^^^^^^^^^^\n  File "F:\\py\\Lib\\site-packages\\redis\\asyncio\\connection.py", line 403, in connect_check_health\n    await self.on_connect_check_health(check_health=check_health)\n  File "F:\\py\\Lib\\site-packages\\redis\\asyncio\\connection.py", line 560, in on_connect_check_health\n    await self.read_response()\n  File "F:\\py\\Lib\\site-packages\\redis\\asyncio\\connection.py", line 747, in read_response\n    raise ConnectionError(f"Error while reading from {host_error} : {e.args}")\nredis.exceptions.ConnectionError: Error while reading from 192.168.100.128:6379 : (22, \'÷∏∂®µƒÕ¯¬Á√˚≤ª‘Ÿø…”√°£\', None, 64, None)\n\nThe above exception was the direct cause of the following exception:\n\nTraceback (most recent call last):\n  File "F:\\YilenaCode\\Werewolf\\ai_werewolf_core\\api\\routes\\games.py", line 187, in create_game\n    await manager.init_game()\n  File "F:\\YilenaCode\\Werewolf\\ai_werewolf_core\\core\\engine\\lifecycle.py", line 420, in init_game\n    current_status = await self.get_status()\n                     ^^^^^^^^^^^^^^^^^^^^^^^\n  File "F:\\YilenaCode\\Werewolf\\ai_werewolf_core\\core\\engine\\lifecycle.py", line 262, in get_status\n    status = await self._get_status_from_redis()\n             ^^^^^^^^^^^^^^^^^^^^^^^^^^^^^^^^^^^\n  File "F:\\YilenaCode\\Werewolf\\ai_werewolf_core\\core\\engine\\lifecycle.py", line 167, in _get_status_from_redis\n    redis = await self._get_redis()\n            ^^^^^^^^^^^^^^^^^^^^^^^\n  File "F:\\YilenaCode\\Werewolf\\ai_werewolf_core\\core\\engine\\lifecycle.py", line 146, in _get_redis\n    raise RedisUnavailableException(\n        f"LifecycleManager Œﬁ∑®ªÒ»° Redis øÕªß∂À: game_id={self.game_id}"\n    ) from e\nai_werewolf_core.utils.redis_seq.RedisUnavailableException: LifecycleManager Œﬁ∑®ªÒ»° Redis øÕªß∂À: game_id=313306268766965760'}
_______________ ERROR at setup of test_submit_action_with_pass ________________

client = <httpx.AsyncClient object at 0x0000027C304AAE70>

    @pytest.fixture
    async def running_game_id(client):
        """¥¥Ω®≤¢∆Ù∂Ø“ª∏ˆ∂‘æ÷£¨∑µªÿ game_id°£"""
        create_resp = await client.post("/api/games", json={"player_count": 9})
>       game_id = create_resp.json()["game_id"]
                  ^^^^^^^^^^^^^^^^^^^^^^^^^^^^^
E       KeyError: 'game_id'

tests\test_api_actions.py:34: KeyError
---------------------------- Captured stderr setup ----------------------------
[2m2026-05-14T21:27:20.439073+08:00[0m [[32m[1mdebug    [0m] [1mglobal_subscribe              [0m [[0m[1m[34mai_werewolf_core.core.event.bus[0m][0m [36mhandler[0m=[35m_default_log_subscriber[0m
[2m2026-05-14T21:27:20.439460+08:00[0m [[32m[1mdebug    [0m] [1mglobal_subscribe              [0m [[0m[1m[34mai_werewolf_core.core.event.bus[0m][0m [36mhandler[0m=[35m_persist_to_db[0m
[2m2026-05-14T21:27:20.439710+08:00[0m [[32m[1minfo     [0m] [1mgame_init                     [0m [[0m[1m[34mai_werewolf_core.core.engine.lifecycle[0m][0m [36mgame_id[0m=[35m313306289805594624[0m [36mmodule[0m=[35mLifecycleManager[0m
[2m2026-05-14T21:27:20.439976+08:00[0m [[32m[1mdebug    [0m] [1mRedis ¡¨Ω”≥ÿ“—¥¥Ω®                  [0m [[0m[1m[34mai_werewolf_core.utils.redis_client[0m][0m [36mmax_connections[0m=[35m300[0m [36msocket_timeout[0m=[35m10[0m
[2m2026-05-14T21:27:25.443377+08:00[0m [[31m[1merror    [0m] [1mRedis ¡¨Ω”—È÷§ ß∞‹ (PING)           [0m [[0m[1m[34mai_werewolf_core.utils.redis_client[0m][0m [36merror[0m=[35m"Error while reading from 192.168.100.128:6379 : (22, '÷∏∂®µƒÕ¯¬Á√˚≤ª‘Ÿø…”√°£', None, 64, None)"[0m [36mhost[0m=[35m192.168.100.128[0m [36mport[0m=[35m6379[0m
Traceback (most recent call last):
  File "F:\py\Lib\asyncio\windows_events.py", line 463, in finish_socket_func
    return ov.getresult()
           ~~~~~~~~~~~~^^
OSError: [WinError 64] ÷∏∂®µƒÕ¯¬Á√˚≤ª‘Ÿø…”√°£

During handling of the above exception, another exception occurred:

Traceback (most recent call last):
  File "F:\py\Lib\site-packages\redis\asyncio\connection.py", line 725, in read_response
    response = await self._parser.read_response(
               ^^^^^^^^^^^^^^^^^^^^^^^^^^^^^^^^^
        disable_decoding=disable_decoding
        ^^^^^^^^^^^^^^^^^^^^^^^^^^^^^^^^^
    )
    ^
  File "F:\py\Lib\site-packages\redis\_parsers\resp2.py", line 82, in read_response
    response = await self._read_response(disable_decoding=disable_decoding)
               ^^^^^^^^^^^^^^^^^^^^^^^^^^^^^^^^^^^^^^^^^^^^^^^^^^^^^^^^^^^^
  File "F:\py\Lib\site-packages\redis\_parsers\resp2.py", line 90, in _read_response
    raw = await self._readline()
          ^^^^^^^^^^^^^^^^^^^^^^
  File "F:\py\Lib\site-packages\redis\_parsers\base.py", line 559, in _readline
    data = await self._stream.readline()
           ^^^^^^^^^^^^^^^^^^^^^^^^^^^^^
  File "F:\py\Lib\asyncio\streams.py", line 562, in readline
    line = await self.readuntil(sep)
           ^^^^^^^^^^^^^^^^^^^^^^^^^
  File "F:\py\Lib\asyncio\streams.py", line 677, in readuntil
    await self._wait_for_data('readuntil')
  File "F:\py\Lib\asyncio\streams.py", line 539, in _wait_for_data
    await self._waiter
  File "F:\py\Lib\asyncio\proactor_events.py", line 286, in _loop_reading
    length = fut.result()
  File "F:\py\Lib\asyncio\windows_events.py", line 804, in _poll
    value = callback(transferred, key, ov)
  File "F:\py\Lib\asyncio\windows_events.py", line 467, in finish_socket_func
    raise ConnectionResetError(*exc.args)
ConnectionResetError: [WinError 64] ÷∏∂®µƒÕ¯¬Á√˚≤ª‘Ÿø…”√°£

During handling of the above exception, another exception occurred:

Traceback (most recent call last):
  File "F:\YilenaCode\Werewolf\ai_werewolf_core\utils\redis_client.py", line 128, in get_client
    await cls._client.ping()
  File "F:\py\Lib\site-packages\redis\asyncio\client.py", line 764, in execute_command
    conn = self.connection or await pool.get_connection()
                              ^^^^^^^^^^^^^^^^^^^^^^^^^^^
  File "F:\py\Lib\site-packages\redis\utils.py", line 227, in async_wrapper
    return await func(*args, **kwargs)
           ^^^^^^^^^^^^^^^^^^^^^^^^^^^
  File "F:\py\Lib\site-packages\redis\asyncio\connection.py", line 1351, in get_connection
    await self.ensure_connection(connection)
  File "F:\py\Lib\site-packages\redis\asyncio\connection.py", line 1390, in ensure_connection
    await connection.connect()
  File "F:\py\Lib\site-packages\redis\asyncio\connection.py", line 339, in connect
    await self.retry.call_with_retry(
    ...<7 lines>...
    )
  File "F:\py\Lib\site-packages\redis\asyncio\retry.py", line 81, in call_with_retry
    raise error
  File "F:\py\Lib\site-packages\redis\asyncio\retry.py", line 69, in call_with_retry
    return await do()
           ^^^^^^^^^^
  File "F:\py\Lib\site-packages\redis\asyncio\connection.py", line 403, in connect_check_health
    await self.on_connect_check_health(check_health=check_health)
  File "F:\py\Lib\site-packages\redis\asyncio\connection.py", line 560, in on_connect_check_health
    await self.read_response()
  File "F:\py\Lib\site-packages\redis\asyncio\connection.py", line 747, in read_response
    raise ConnectionError(f"Error while reading from {host_error} : {e.args}")
redis.exceptions.ConnectionError: Error while reading from 192.168.100.128:6379 : (22, '÷∏∂®µƒÕ¯¬Á√˚≤ª‘Ÿø…”√°£', None, 64, None)
[2m2026-05-14T21:27:25.445572+08:00[0m [[31m[1merror    [0m] [1mcreate_game_redis_unavailable [0m [[0m[1m[34mai_werewolf_core.api.routes.games[0m][0m [36merror[0m=[35m'LifecycleManager Œﬁ∑®ªÒ»° Redis øÕªß∂À: game_id=313306289805594624'[0m
Traceback (most recent call last):
  File "F:\py\Lib\asyncio\windows_events.py", line 463, in finish_socket_func
    return ov.getresult()
           ~~~~~~~~~~~~^^
OSError: [WinError 64] ÷∏∂®µƒÕ¯¬Á√˚≤ª‘Ÿø…”√°£

During handling of the above exception, another exception occurred:

Traceback (most recent call last):
  File "F:\py\Lib\site-packages\redis\asyncio\connection.py", line 725, in read_response
    response = await self._parser.read_response(
               ^^^^^^^^^^^^^^^^^^^^^^^^^^^^^^^^^
        disable_decoding=disable_decoding
        ^^^^^^^^^^^^^^^^^^^^^^^^^^^^^^^^^
    )
    ^
  File "F:\py\Lib\site-packages\redis\_parsers\resp2.py", line 82, in read_response
    response = await self._read_response(disable_decoding=disable_decoding)
               ^^^^^^^^^^^^^^^^^^^^^^^^^^^^^^^^^^^^^^^^^^^^^^^^^^^^^^^^^^^^
  File "F:\py\Lib\site-packages\redis\_parsers\resp2.py", line 90, in _read_response
    raw = await self._readline()
          ^^^^^^^^^^^^^^^^^^^^^^
  File "F:\py\Lib\site-packages\redis\_parsers\base.py", line 559, in _readline
    data = await self._stream.readline()
           ^^^^^^^^^^^^^^^^^^^^^^^^^^^^^
  File "F:\py\Lib\asyncio\streams.py", line 562, in readline
    line = await self.readuntil(sep)
           ^^^^^^^^^^^^^^^^^^^^^^^^^
  File "F:\py\Lib\asyncio\streams.py", line 677, in readuntil
    await self._wait_for_data('readuntil')
  File "F:\py\Lib\asyncio\streams.py", line 539, in _wait_for_data
    await self._waiter
  File "F:\py\Lib\asyncio\proactor_events.py", line 286, in _loop_reading
    length = fut.result()
  File "F:\py\Lib\asyncio\windows_events.py", line 804, in _poll
    value = callback(transferred, key, ov)
  File "F:\py\Lib\asyncio\windows_events.py", line 467, in finish_socket_func
    raise ConnectionResetError(*exc.args)
ConnectionResetError: [WinError 64] ÷∏∂®µƒÕ¯¬Á√˚≤ª‘Ÿø…”√°£

During handling of the above exception, another exception occurred:

Traceback (most recent call last):
  File "F:\YilenaCode\Werewolf\ai_werewolf_core\core\engine\lifecycle.py", line 143, in _get_redis
    self._redis = await RedisClientManager.get_client()
                  ^^^^^^^^^^^^^^^^^^^^^^^^^^^^^^^^^^^^^
  File "F:\YilenaCode\Werewolf\ai_werewolf_core\utils\redis_client.py", line 128, in get_client
    await cls._client.ping()
  File "F:\py\Lib\site-packages\redis\asyncio\client.py", line 764, in execute_command
    conn = self.connection or await pool.get_connection()
                              ^^^^^^^^^^^^^^^^^^^^^^^^^^^
  File "F:\py\Lib\site-packages\redis\utils.py", line 227, in async_wrapper
    return await func(*args, **kwargs)
           ^^^^^^^^^^^^^^^^^^^^^^^^^^^
  File "F:\py\Lib\site-packages\redis\asyncio\connection.py", line 1351, in get_connection
    await self.ensure_connection(connection)
  File "F:\py\Lib\site-packages\redis\asyncio\connection.py", line 1390, in ensure_connection
    await connection.connect()
  File "F:\py\Lib\site-packages\redis\asyncio\connection.py", line 339, in connect
    await self.retry.call_with_retry(
    ...<7 lines>...
    )
  File "F:\py\Lib\site-packages\redis\asyncio\retry.py", line 81, in call_with_retry
    raise error
  File "F:\py\Lib\site-packages\redis\asyncio\retry.py", line 69, in call_with_retry
    return await do()
           ^^^^^^^^^^
  File "F:\py\Lib\site-packages\redis\asyncio\connection.py", line 403, in connect_check_health
    await self.on_connect_check_health(check_health=check_health)
  File "F:\py\Lib\site-packages\redis\asyncio\connection.py", line 560, in on_connect_check_health
    await self.read_response()
  File "F:\py\Lib\site-packages\redis\asyncio\connection.py", line 747, in read_response
    raise ConnectionError(f"Error while reading from {host_error} : {e.args}")
redis.exceptions.ConnectionError: Error while reading from 192.168.100.128:6379 : (22, '÷∏∂®µƒÕ¯¬Á√˚≤ª‘Ÿø…”√°£', None, 64, None)

The above exception was the direct cause of the following exception:

Traceback (most recent call last):
  File "F:\YilenaCode\Werewolf\ai_werewolf_core\api\routes\games.py", line 187, in create_game
    await manager.init_game()
  File "F:\YilenaCode\Werewolf\ai_werewolf_core\core\engine\lifecycle.py", line 420, in init_game
    current_status = await self.get_status()
                     ^^^^^^^^^^^^^^^^^^^^^^^
  File "F:\YilenaCode\Werewolf\ai_werewolf_core\core\engine\lifecycle.py", line 262, in get_status
    status = await self._get_status_from_redis()
             ^^^^^^^^^^^^^^^^^^^^^^^^^^^^^^^^^^^
  File "F:\YilenaCode\Werewolf\ai_werewolf_core\core\engine\lifecycle.py", line 167, in _get_status_from_redis
    redis = await self._get_redis()
            ^^^^^^^^^^^^^^^^^^^^^^^
  File "F:\YilenaCode\Werewolf\ai_werewolf_core\core\engine\lifecycle.py", line 146, in _get_redis
    raise RedisUnavailableException(
        f"LifecycleManager Œﬁ∑®ªÒ»° Redis øÕªß∂À: game_id={self.game_id}"
    ) from e
ai_werewolf_core.utils.redis_seq.RedisUnavailableException: LifecycleManager Œﬁ∑®ªÒ»° Redis øÕªß∂À: game_id=313306289805594624
----------------------------- Captured log setup ------------------------------
DEBUG    ai_werewolf_core.core.event.bus:bus.py:519 {'handler': '_default_log_subscriber', 'event': 'global_subscribe', 'level': 'debug', 'logger': 'ai_werewolf_core.core.event.bus', 'timestamp': '2026-05-14T21:27:20.439073+08:00'}
DEBUG    ai_werewolf_core.core.event.bus:bus.py:519 {'handler': '_persist_to_db', 'event': 'global_subscribe', 'level': 'debug', 'logger': 'ai_werewolf_core.core.event.bus', 'timestamp': '2026-05-14T21:27:20.439460+08:00'}
INFO     ai_werewolf_core.core.engine.lifecycle:lifecycle.py:418 {'game_id': '313306289805594624', 'module': 'LifecycleManager', 'event': 'game_init', 'level': 'info', 'logger': 'ai_werewolf_core.core.engine.lifecycle', 'timestamp': '2026-05-14T21:27:20.439710+08:00'}
DEBUG    ai_werewolf_core.utils.redis_client:redis_client.py:243 {'max_connections': 300, 'socket_timeout': 10, 'event': 'Redis ¡¨Ω”≥ÿ“—¥¥Ω®', 'level': 'debug', 'logger': 'ai_werewolf_core.utils.redis_client', 'timestamp': '2026-05-14T21:27:20.439976+08:00'}
ERROR    ai_werewolf_core.utils.redis_client:redis_client.py:130 {'host': '192.168.100.128', 'port': 6379, 'error': "Error while reading from 192.168.100.128:6379 : (22, '÷∏∂®µƒÕ¯¬Á√˚≤ª‘Ÿø…”√°£', None, 64, None)", 'event': 'Redis ¡¨Ω”—È÷§ ß∞‹ (PING)', 'level': 'error', 'logger': 'ai_werewolf_core.utils.redis_client', 'timestamp': '2026-05-14T21:27:25.443377+08:00', 'exception': 'Traceback (most recent call last):\n  File "F:\\py\\Lib\\asyncio\\windows_events.py", line 463, in finish_socket_func\n    return ov.getresult()\n           ~~~~~~~~~~~~^^\nOSError: [WinError 64] ÷∏∂®µƒÕ¯¬Á√˚≤ª‘Ÿø…”√°£\n\nDuring handling of the above exception, another exception occurred:\n\nTraceback (most recent call last):\n  File "F:\\py\\Lib\\site-packages\\redis\\asyncio\\connection.py", line 725, in read_response\n    response = await self._parser.read_response(\n               ^^^^^^^^^^^^^^^^^^^^^^^^^^^^^^^^^\n        disable_decoding=disable_decoding\n        ^^^^^^^^^^^^^^^^^^^^^^^^^^^^^^^^^\n    )\n    ^\n  File "F:\\py\\Lib\\site-packages\\redis\\_parsers\\resp2.py", line 82, in read_response\n    response = await self._read_response(disable_decoding=disable_decoding)\n               ^^^^^^^^^^^^^^^^^^^^^^^^^^^^^^^^^^^^^^^^^^^^^^^^^^^^^^^^^^^^\n  File "F:\\py\\Lib\\site-packages\\redis\\_parsers\\resp2.py", line 90, in _read_response\n    raw = await self._readline()\n          ^^^^^^^^^^^^^^^^^^^^^^\n  File "F:\\py\\Lib\\site-packages\\redis\\_parsers\\base.py", line 559, in _readline\n    data = await self._stream.readline()\n           ^^^^^^^^^^^^^^^^^^^^^^^^^^^^^\n  File "F:\\py\\Lib\\asyncio\\streams.py", line 562, in readline\n    line = await self.readuntil(sep)\n           ^^^^^^^^^^^^^^^^^^^^^^^^^\n  File "F:\\py\\Lib\\asyncio\\streams.py", line 677, in readuntil\n    await self._wait_for_data(\'readuntil\')\n  File "F:\\py\\Lib\\asyncio\\streams.py", line 539, in _wait_for_data\n    await self._waiter\n  File "F:\\py\\Lib\\asyncio\\proactor_events.py", line 286, in _loop_reading\n    length = fut.result()\n  File "F:\\py\\Lib\\asyncio\\windows_events.py", line 804, in _poll\n    value = callback(transferred, key, ov)\n  File "F:\\py\\Lib\\asyncio\\windows_events.py", line 467, in finish_socket_func\n    raise ConnectionResetError(*exc.args)\nConnectionResetError: [WinError 64] ÷∏∂®µƒÕ¯¬Á√˚≤ª‘Ÿø…”√°£\n\nDuring handling of the above exception, another exception occurred:\n\nTraceback (most recent call last):\n  File "F:\\YilenaCode\\Werewolf\\ai_werewolf_core\\utils\\redis_client.py", line 128, in get_client\n    await cls._client.ping()\n  File "F:\\py\\Lib\\site-packages\\redis\\asyncio\\client.py", line 764, in execute_command\n    conn = self.connection or await pool.get_connection()\n                              ^^^^^^^^^^^^^^^^^^^^^^^^^^^\n  File "F:\\py\\Lib\\site-packages\\redis\\utils.py", line 227, in async_wrapper\n    return await func(*args, **kwargs)\n           ^^^^^^^^^^^^^^^^^^^^^^^^^^^\n  File "F:\\py\\Lib\\site-packages\\redis\\asyncio\\connection.py", line 1351, in get_connection\n    await self.ensure_connection(connection)\n  File "F:\\py\\Lib\\site-packages\\redis\\asyncio\\connection.py", line 1390, in ensure_connection\n    await connection.connect()\n  File "F:\\py\\Lib\\site-packages\\redis\\asyncio\\connection.py", line 339, in connect\n    await self.retry.call_with_retry(\n    ...<7 lines>...\n    )\n  File "F:\\py\\Lib\\site-packages\\redis\\asyncio\\retry.py", line 81, in call_with_retry\n    raise error\n  File "F:\\py\\Lib\\site-packages\\redis\\asyncio\\retry.py", line 69, in call_with_retry\n    return await do()\n           ^^^^^^^^^^\n  File "F:\\py\\Lib\\site-packages\\redis\\asyncio\\connection.py", line 403, in connect_check_health\n    await self.on_connect_check_health(check_health=check_health)\n  File "F:\\py\\Lib\\site-packages\\redis\\asyncio\\connection.py", line 560, in on_connect_check_health\n    await self.read_response()\n  File "F:\\py\\Lib\\site-packages\\redis\\asyncio\\connection.py", line 747, in read_response\n    raise ConnectionError(f"Error while reading from {host_error} : {e.args}")\nredis.exceptions.ConnectionError: Error while reading from 192.168.100.128:6379 : (22, \'÷∏∂®µƒÕ¯¬Á√˚≤ª‘Ÿø…”√°£\', None, 64, None)'}
ERROR    ai_werewolf_core.api.routes.games:games.py:199 {'error': 'LifecycleManager Œﬁ∑®ªÒ»° Redis øÕªß∂À: game_id=313306289805594624', 'event': 'create_game_redis_unavailable', 'level': 'error', 'logger': 'ai_werewolf_core.api.routes.games', 'timestamp': '2026-05-14T21:27:25.445572+08:00', 'exception': 'Traceback (most recent call last):\n  File "F:\\py\\Lib\\asyncio\\windows_events.py", line 463, in finish_socket_func\n    return ov.getresult()\n           ~~~~~~~~~~~~^^\nOSError: [WinError 64] ÷∏∂®µƒÕ¯¬Á√˚≤ª‘Ÿø…”√°£\n\nDuring handling of the above exception, another exception occurred:\n\nTraceback (most recent call last):\n  File "F:\\py\\Lib\\site-packages\\redis\\asyncio\\connection.py", line 725, in read_response\n    response = await self._parser.read_response(\n               ^^^^^^^^^^^^^^^^^^^^^^^^^^^^^^^^^\n        disable_decoding=disable_decoding\n        ^^^^^^^^^^^^^^^^^^^^^^^^^^^^^^^^^\n    )\n    ^\n  File "F:\\py\\Lib\\site-packages\\redis\\_parsers\\resp2.py", line 82, in read_response\n    response = await self._read_response(disable_decoding=disable_decoding)\n               ^^^^^^^^^^^^^^^^^^^^^^^^^^^^^^^^^^^^^^^^^^^^^^^^^^^^^^^^^^^^\n  File "F:\\py\\Lib\\site-packages\\redis\\_parsers\\resp2.py", line 90, in _read_response\n    raw = await self._readline()\n          ^^^^^^^^^^^^^^^^^^^^^^\n  File "F:\\py\\Lib\\site-packages\\redis\\_parsers\\base.py", line 559, in _readline\n    data = await self._stream.readline()\n           ^^^^^^^^^^^^^^^^^^^^^^^^^^^^^\n  File "F:\\py\\Lib\\asyncio\\streams.py", line 562, in readline\n    line = await self.readuntil(sep)\n           ^^^^^^^^^^^^^^^^^^^^^^^^^\n  File "F:\\py\\Lib\\asyncio\\streams.py", line 677, in readuntil\n    await self._wait_for_data(\'readuntil\')\n  File "F:\\py\\Lib\\asyncio\\streams.py", line 539, in _wait_for_data\n    await self._waiter\n  File "F:\\py\\Lib\\asyncio\\proactor_events.py", line 286, in _loop_reading\n    length = fut.result()\n  File "F:\\py\\Lib\\asyncio\\windows_events.py", line 804, in _poll\n    value = callback(transferred, key, ov)\n  File "F:\\py\\Lib\\asyncio\\windows_events.py", line 467, in finish_socket_func\n    raise ConnectionResetError(*exc.args)\nConnectionResetError: [WinError 64] ÷∏∂®µƒÕ¯¬Á√˚≤ª‘Ÿø…”√°£\n\nDuring handling of the above exception, another exception occurred:\n\nTraceback (most recent call last):\n  File "F:\\YilenaCode\\Werewolf\\ai_werewolf_core\\core\\engine\\lifecycle.py", line 143, in _get_redis\n    self._redis = await RedisClientManager.get_client()\n                  ^^^^^^^^^^^^^^^^^^^^^^^^^^^^^^^^^^^^^\n  File "F:\\YilenaCode\\Werewolf\\ai_werewolf_core\\utils\\redis_client.py", line 128, in get_client\n    await cls._client.ping()\n  File "F:\\py\\Lib\\site-packages\\redis\\asyncio\\client.py", line 764, in execute_command\n    conn = self.connection or await pool.get_connection()\n                              ^^^^^^^^^^^^^^^^^^^^^^^^^^^\n  File "F:\\py\\Lib\\site-packages\\redis\\utils.py", line 227, in async_wrapper\n    return await func(*args, **kwargs)\n           ^^^^^^^^^^^^^^^^^^^^^^^^^^^\n  File "F:\\py\\Lib\\site-packages\\redis\\asyncio\\connection.py", line 1351, in get_connection\n    await self.ensure_connection(connection)\n  File "F:\\py\\Lib\\site-packages\\redis\\asyncio\\connection.py", line 1390, in ensure_connection\n    await connection.connect()\n  File "F:\\py\\Lib\\site-packages\\redis\\asyncio\\connection.py", line 339, in connect\n    await self.retry.call_with_retry(\n    ...<7 lines>...\n    )\n  File "F:\\py\\Lib\\site-packages\\redis\\asyncio\\retry.py", line 81, in call_with_retry\n    raise error\n  File "F:\\py\\Lib\\site-packages\\redis\\asyncio\\retry.py", line 69, in call_with_retry\n    return await do()\n           ^^^^^^^^^^\n  File "F:\\py\\Lib\\site-packages\\redis\\asyncio\\connection.py", line 403, in connect_check_health\n    await self.on_connect_check_health(check_health=check_health)\n  File "F:\\py\\Lib\\site-packages\\redis\\asyncio\\connection.py", line 560, in on_connect_check_health\n    await self.read_response()\n  File "F:\\py\\Lib\\site-packages\\redis\\asyncio\\connection.py", line 747, in read_response\n    raise ConnectionError(f"Error while reading from {host_error} : {e.args}")\nredis.exceptions.ConnectionError: Error while reading from 192.168.100.128:6379 : (22, \'÷∏∂®µƒÕ¯¬Á√˚≤ª‘Ÿø…”√°£\', None, 64, None)\n\nThe above exception was the direct cause of the following exception:\n\nTraceback (most recent call last):\n  File "F:\\YilenaCode\\Werewolf\\ai_werewolf_core\\api\\routes\\games.py", line 187, in create_game\n    await manager.init_game()\n  File "F:\\YilenaCode\\Werewolf\\ai_werewolf_core\\core\\engine\\lifecycle.py", line 420, in init_game\n    current_status = await self.get_status()\n                     ^^^^^^^^^^^^^^^^^^^^^^^\n  File "F:\\YilenaCode\\Werewolf\\ai_werewolf_core\\core\\engine\\lifecycle.py", line 262, in get_status\n    status = await self._get_status_from_redis()\n             ^^^^^^^^^^^^^^^^^^^^^^^^^^^^^^^^^^^\n  File "F:\\YilenaCode\\Werewolf\\ai_werewolf_core\\core\\engine\\lifecycle.py", line 167, in _get_status_from_redis\n    redis = await self._get_redis()\n            ^^^^^^^^^^^^^^^^^^^^^^^\n  File "F:\\YilenaCode\\Werewolf\\ai_werewolf_core\\core\\engine\\lifecycle.py", line 146, in _get_redis\n    raise RedisUnavailableException(\n        f"LifecycleManager Œﬁ∑®ªÒ»° Redis øÕªß∂À: game_id={self.game_id}"\n    ) from e\nai_werewolf_core.utils.redis_seq.RedisUnavailableException: LifecycleManager Œﬁ∑®ªÒ»° Redis øÕªß∂À: game_id=313306289805594624'}
_____________________ ERROR at setup of test_create_game ______________________

    @pytest_asyncio.fixture
    async def client():
        """¥¥Ω® httpx AsyncClient£¨∞Û∂® FastAPI app£¨≤¢¥•∑¢ lifespan  ¬º˛°£"""
>       async with LifespanManager(app):
                   ^^^^^^^^^^^^^^^^^^^^

tests\test_api_games.py:27: 
_ _ _ _ _ _ _ _ _ _ _ _ _ _ _ _ _ _ _ _ _ _ _ _ _ _ _ _ _ _ _ _ _ _ _ _ _ _ _ _
F:\py\Lib\site-packages\asgi_lifespan\_manager.py:102: in __aenter__
    await self._exit_stack.aclose()
F:\py\Lib\contextlib.py:705: in aclose
    await self.__aexit__(None, None, None)
F:\py\Lib\contextlib.py:768: in __aexit__
    raise exc
F:\py\Lib\contextlib.py:751: in __aexit__
    cb_suppress = await cb(*exc_details)
                  ^^^^^^^^^^^^^^^^^^^^^^
F:\py\Lib\site-packages\asgi_lifespan\_concurrency\asyncio.py:80: in __aexit__
    await self.task
F:\py\Lib\site-packages\asgi_lifespan\_concurrency\asyncio.py:63: in run_and_silence_cancelled
    await self.coroutine()
F:\py\Lib\site-packages\asgi_lifespan\_manager.py:73: in run_app
    await self.app(scope, self.receive, self.send)
F:\py\Lib\site-packages\asgi_lifespan\_manager.py:13: in app_with_state
    await app(scope, receive, send)
F:\py\Lib\site-packages\fastapi\applications.py:1160: in __call__
    await super().__call__(scope, receive, send)
F:\py\Lib\site-packages\starlette\applications.py:107: in __call__
    await self.middleware_stack(scope, receive, send)
F:\py\Lib\site-packages\starlette\middleware\errors.py:151: in __call__
    await self.app(scope, receive, send)
F:\py\Lib\site-packages\starlette\middleware\cors.py:79: in __call__
    await self.app(scope, receive, send)
F:\py\Lib\site-packages\starlette\middleware\exceptions.py:49: in __call__
    await self.app(scope, receive, send)
F:\py\Lib\site-packages\fastapi\middleware\asyncexitstack.py:18: in __call__
    await self.app(scope, receive, send)
F:\py\Lib\site-packages\starlette\routing.py:716: in __call__
    await self.middleware_stack(scope, receive, send)
F:\py\Lib\site-packages\starlette\routing.py:725: in app
    await self.lifespan(scope, receive, send)
F:\py\Lib\site-packages\starlette\routing.py:694: in lifespan
    async with self.lifespan_context(app) as maybe_state:
               ^^^^^^^^^^^^^^^^^^^^^^^^^^
F:\py\Lib\contextlib.py:214: in __aenter__
    return await anext(self.gen)
           ^^^^^^^^^^^^^^^^^^^^^
F:\py\Lib\site-packages\fastapi\routing.py:212: in merged_lifespan
    async with original_context(app) as maybe_original_state:
               ^^^^^^^^^^^^^^^^^^^^^
F:\py\Lib\contextlib.py:214: in __aenter__
    return await anext(self.gen)
           ^^^^^^^^^^^^^^^^^^^^^
F:\py\Lib\site-packages\fastapi\routing.py:212: in merged_lifespan
    async with original_context(app) as maybe_original_state:
               ^^^^^^^^^^^^^^^^^^^^^
F:\py\Lib\contextlib.py:214: in __aenter__
    return await anext(self.gen)
           ^^^^^^^^^^^^^^^^^^^^^
F:\py\Lib\site-packages\fastapi\routing.py:212: in merged_lifespan
    async with original_context(app) as maybe_original_state:
               ^^^^^^^^^^^^^^^^^^^^^
F:\py\Lib\contextlib.py:214: in __aenter__
    return await anext(self.gen)
           ^^^^^^^^^^^^^^^^^^^^^
F:\py\Lib\site-packages\fastapi\routing.py:212: in merged_lifespan
    async with original_context(app) as maybe_original_state:
               ^^^^^^^^^^^^^^^^^^^^^
F:\py\Lib\contextlib.py:214: in __aenter__
    return await anext(self.gen)
           ^^^^^^^^^^^^^^^^^^^^^
F:\py\Lib\site-packages\fastapi\routing.py:212: in merged_lifespan
    async with original_context(app) as maybe_original_state:
               ^^^^^^^^^^^^^^^^^^^^^
F:\py\Lib\contextlib.py:214: in __aenter__
    return await anext(self.gen)
           ^^^^^^^^^^^^^^^^^^^^^
F:\py\Lib\site-packages\fastapi\routing.py:212: in merged_lifespan
    async with original_context(app) as maybe_original_state:
               ^^^^^^^^^^^^^^^^^^^^^
F:\py\Lib\contextlib.py:214: in __aenter__
    return await anext(self.gen)
           ^^^^^^^^^^^^^^^^^^^^^
ai_werewolf_core\main.py:70: in lifespan
    await ModelRegistry.init()
ai_werewolf_core\agents\model\registry.py:13: in init
    for cfg in settings.models:
               ^^^^^^^^^^^^^^^
_ _ _ _ _ _ _ _ _ _ _ _ _ _ _ _ _ _ _ _ _ _ _ _ _ _ _ _ _ _ _ _ _ _ _ _ _ _ _ _

self = Settings(crypto_key='123456', pg_host='192.168.100.128', pg_port=5432, pg_user='yilena', pg_password='XUWENBO219382', ...='postgresql+asyncpg://yilena:XUWENBO219382@192.168.100.128:5432/werewolf', redis_url='redis://192.168.100.128:6379/1')
item = 'models'

    def __getattr__(self, item: str) -> Any:
        private_attributes = object.__getattribute__(self, '__private_attributes__')
        if item in private_attributes:
            attribute = private_attributes[item]
            if hasattr(attribute, '__get__'):
                return attribute.__get__(self, type(self))  # type: ignore
    
            try:
                # Note: self.__pydantic_private__ cannot be None if self.__private_attributes__ has items
                return self.__pydantic_private__[item]  # type: ignore
            except KeyError as exc:
                raise AttributeError(f'{type(self).__name__!r} object has no attribute {item!r}') from exc
        else:
            # `__pydantic_extra__` can fail to be set if the model is not yet fully initialized.
            # See `BaseModel.__repr_args__` for more details
            try:
                pydantic_extra = object.__getattribute__(self, '__pydantic_extra__')
            except AttributeError:
                pydantic_extra = None
    
            if pydantic_extra:
                try:
                    return pydantic_extra[item]
                except KeyError as exc:
                    raise AttributeError(f'{type(self).__name__!r} object has no attribute {item!r}') from exc
            else:
                if hasattr(self.__class__, item):
                    return super().__getattribute__(item)  # Raises AttributeError if appropriate
                else:
                    # this is the current error
>                   raise AttributeError(f'{type(self).__name__!r} object has no attribute {item!r}')
E                   AttributeError: 'Settings' object has no attribute 'models'

F:\py\Lib\site-packages\pydantic\main.py:991: AttributeError
---------------------------- Captured stderr setup ----------------------------
[2m2026-05-14T21:27:25.455588+08:00[0m [[32m[1minfo     [0m] [1mwerewolf_game_engine_starting [0m [[0m[1m[34mai_werewolf_core.main[0m][0m [36mversion[0m=[35m0.1.0[0m
[2m2026-05-14T21:27:25.455809+08:00[0m [[32m[1mdebug    [0m] [1mRedis ¡¨Ω”≥ÿ“—¥¥Ω®                  [0m [[0m[1m[34mai_werewolf_core.utils.redis_client[0m][0m [36mmax_connections[0m=[35m300[0m [36msocket_timeout[0m=[35m10[0m
[2m2026-05-14T21:27:30.458306+08:00[0m [[31m[1merror    [0m] [1mRedis ¡¨Ω”—È÷§ ß∞‹ (PING)           [0m [[0m[1m[34mai_werewolf_core.utils.redis_client[0m][0m [36merror[0m=[35m"Error while reading from 192.168.100.128:6379 : (22, '÷∏∂®µƒÕ¯¬Á√˚≤ª‘Ÿø…”√°£', None, 64, None)"[0m [36mhost[0m=[35m192.168.100.128[0m [36mport[0m=[35m6379[0m
Traceback (most recent call last):
  File "F:\py\Lib\asyncio\windows_events.py", line 463, in finish_socket_func
    return ov.getresult()
           ~~~~~~~~~~~~^^
OSError: [WinError 64] ÷∏∂®µƒÕ¯¬Á√˚≤ª‘Ÿø…”√°£

During handling of the above exception, another exception occurred:

Traceback (most recent call last):
  File "F:\py\Lib\site-packages\redis\asyncio\connection.py", line 725, in read_response
    response = await self._parser.read_response(
               ^^^^^^^^^^^^^^^^^^^^^^^^^^^^^^^^^
        disable_decoding=disable_decoding
        ^^^^^^^^^^^^^^^^^^^^^^^^^^^^^^^^^
    )
    ^
  File "F:\py\Lib\site-packages\redis\_parsers\resp2.py", line 82, in read_response
    response = await self._read_response(disable_decoding=disable_decoding)
               ^^^^^^^^^^^^^^^^^^^^^^^^^^^^^^^^^^^^^^^^^^^^^^^^^^^^^^^^^^^^
  File "F:\py\Lib\site-packages\redis\_parsers\resp2.py", line 90, in _read_response
    raw = await self._readline()
          ^^^^^^^^^^^^^^^^^^^^^^
  File "F:\py\Lib\site-packages\redis\_parsers\base.py", line 559, in _readline
    data = await self._stream.readline()
           ^^^^^^^^^^^^^^^^^^^^^^^^^^^^^
  File "F:\py\Lib\asyncio\streams.py", line 562, in readline
    line = await self.readuntil(sep)
           ^^^^^^^^^^^^^^^^^^^^^^^^^
  File "F:\py\Lib\asyncio\streams.py", line 677, in readuntil
    await self._wait_for_data('readuntil')
  File "F:\py\Lib\asyncio\streams.py", line 539, in _wait_for_data
    await self._waiter
  File "F:\py\Lib\asyncio\proactor_events.py", line 286, in _loop_reading
    length = fut.result()
  File "F:\py\Lib\asyncio\windows_events.py", line 804, in _poll
    value = callback(transferred, key, ov)
  File "F:\py\Lib\asyncio\windows_events.py", line 467, in finish_socket_func
    raise ConnectionResetError(*exc.args)
ConnectionResetError: [WinError 64] ÷∏∂®µƒÕ¯¬Á√˚≤ª‘Ÿø…”√°£

During handling of the above exception, another exception occurred:

Traceback (most recent call last):
  File "F:\YilenaCode\Werewolf\ai_werewolf_core\utils\redis_client.py", line 128, in get_client
    await cls._client.ping()
  File "F:\py\Lib\site-packages\redis\asyncio\client.py", line 764, in execute_command
    conn = self.connection or await pool.get_connection()
                              ^^^^^^^^^^^^^^^^^^^^^^^^^^^
  File "F:\py\Lib\site-packages\redis\utils.py", line 227, in async_wrapper
    return await func(*args, **kwargs)
           ^^^^^^^^^^^^^^^^^^^^^^^^^^^
  File "F:\py\Lib\site-packages\redis\asyncio\connection.py", line 1351, in get_connection
    await self.ensure_connection(connection)
  File "F:\py\Lib\site-packages\redis\asyncio\connection.py", line 1390, in ensure_connection
    await connection.connect()
  File "F:\py\Lib\site-packages\redis\asyncio\connection.py", line 339, in connect
    await self.retry.call_with_retry(
    ...<7 lines>...
    )
  File "F:\py\Lib\site-packages\redis\asyncio\retry.py", line 81, in call_with_retry
    raise error
  File "F:\py\Lib\site-packages\redis\asyncio\retry.py", line 69, in call_with_retry
    return await do()
           ^^^^^^^^^^
  File "F:\py\Lib\site-packages\redis\asyncio\connection.py", line 403, in connect_check_health
    await self.on_connect_check_health(check_health=check_health)
  File "F:\py\Lib\site-packages\redis\asyncio\connection.py", line 560, in on_connect_check_health
    await self.read_response()
  File "F:\py\Lib\site-packages\redis\asyncio\connection.py", line 747, in read_response
    raise ConnectionError(f"Error while reading from {host_error} : {e.args}")
redis.exceptions.ConnectionError: Error while reading from 192.168.100.128:6379 : (22, '÷∏∂®µƒÕ¯¬Á√˚≤ª‘Ÿø…”√°£', None, 64, None)
[2m2026-05-14T21:27:30.460589+08:00[0m [[33m[1mwarning  [0m] [1mredis_connection_failed_at_startup[0m [[0m[1m[34mai_werewolf_core.main[0m][0m [36merror[0m=[35m"Error while reading from 192.168.100.128:6379 : (22, '÷∏∂®µƒÕ¯¬Á√˚≤ª‘Ÿø…”√°£', None, 64, None)"[0m
----------------------------- Captured log setup ------------------------------
INFO     ai_werewolf_core.main:main.py:54 {'version': '0.1.0', 'event': 'werewolf_game_engine_starting', 'level': 'info', 'logger': 'ai_werewolf_core.main', 'timestamp': '2026-05-14T21:27:25.455588+08:00'}
DEBUG    ai_werewolf_core.utils.redis_client:redis_client.py:243 {'max_connections': 300, 'socket_timeout': 10, 'event': 'Redis ¡¨Ω”≥ÿ“—¥¥Ω®', 'level': 'debug', 'logger': 'ai_werewolf_core.utils.redis_client', 'timestamp': '2026-05-14T21:27:25.455809+08:00'}
ERROR    ai_werewolf_core.utils.redis_client:redis_client.py:130 {'host': '192.168.100.128', 'port': 6379, 'error': "Error while reading from 192.168.100.128:6379 : (22, '÷∏∂®µƒÕ¯¬Á√˚≤ª‘Ÿø…”√°£', None, 64, None)", 'event': 'Redis ¡¨Ω”—È÷§ ß∞‹ (PING)', 'level': 'error', 'logger': 'ai_werewolf_core.utils.redis_client', 'timestamp': '2026-05-14T21:27:30.458306+08:00', 'exception': 'Traceback (most recent call last):\n  File "F:\\py\\Lib\\asyncio\\windows_events.py", line 463, in finish_socket_func\n    return ov.getresult()\n           ~~~~~~~~~~~~^^\nOSError: [WinError 64] ÷∏∂®µƒÕ¯¬Á√˚≤ª‘Ÿø…”√°£\n\nDuring handling of the above exception, another exception occurred:\n\nTraceback (most recent call last):\n  File "F:\\py\\Lib\\site-packages\\redis\\asyncio\\connection.py", line 725, in read_response\n    response = await self._parser.read_response(\n               ^^^^^^^^^^^^^^^^^^^^^^^^^^^^^^^^^\n        disable_decoding=disable_decoding\n        ^^^^^^^^^^^^^^^^^^^^^^^^^^^^^^^^^\n    )\n    ^\n  File "F:\\py\\Lib\\site-packages\\redis\\_parsers\\resp2.py", line 82, in read_response\n    response = await self._read_response(disable_decoding=disable_decoding)\n               ^^^^^^^^^^^^^^^^^^^^^^^^^^^^^^^^^^^^^^^^^^^^^^^^^^^^^^^^^^^^\n  File "F:\\py\\Lib\\site-packages\\redis\\_parsers\\resp2.py", line 90, in _read_response\n    raw = await self._readline()\n          ^^^^^^^^^^^^^^^^^^^^^^\n  File "F:\\py\\Lib\\site-packages\\redis\\_parsers\\base.py", line 559, in _readline\n    data = await self._stream.readline()\n           ^^^^^^^^^^^^^^^^^^^^^^^^^^^^^\n  File "F:\\py\\Lib\\asyncio\\streams.py", line 562, in readline\n    line = await self.readuntil(sep)\n           ^^^^^^^^^^^^^^^^^^^^^^^^^\n  File "F:\\py\\Lib\\asyncio\\streams.py", line 677, in readuntil\n    await self._wait_for_data(\'readuntil\')\n  File "F:\\py\\Lib\\asyncio\\streams.py", line 539, in _wait_for_data\n    await self._waiter\n  File "F:\\py\\Lib\\asyncio\\proactor_events.py", line 286, in _loop_reading\n    length = fut.result()\n  File "F:\\py\\Lib\\asyncio\\windows_events.py", line 804, in _poll\n    value = callback(transferred, key, ov)\n  File "F:\\py\\Lib\\asyncio\\windows_events.py", line 467, in finish_socket_func\n    raise ConnectionResetError(*exc.args)\nConnectionResetError: [WinError 64] ÷∏∂®µƒÕ¯¬Á√˚≤ª‘Ÿø…”√°£\n\nDuring handling of the above exception, another exception occurred:\n\nTraceback (most recent call last):\n  File "F:\\YilenaCode\\Werewolf\\ai_werewolf_core\\utils\\redis_client.py", line 128, in get_client\n    await cls._client.ping()\n  File "F:\\py\\Lib\\site-packages\\redis\\asyncio\\client.py", line 764, in execute_command\n    conn = self.connection or await pool.get_connection()\n                              ^^^^^^^^^^^^^^^^^^^^^^^^^^^\n  File "F:\\py\\Lib\\site-packages\\redis\\utils.py", line 227, in async_wrapper\n    return await func(*args, **kwargs)\n           ^^^^^^^^^^^^^^^^^^^^^^^^^^^\n  File "F:\\py\\Lib\\site-packages\\redis\\asyncio\\connection.py", line 1351, in get_connection\n    await self.ensure_connection(connection)\n  File "F:\\py\\Lib\\site-packages\\redis\\asyncio\\connection.py", line 1390, in ensure_connection\n    await connection.connect()\n  File "F:\\py\\Lib\\site-packages\\redis\\asyncio\\connection.py", line 339, in connect\n    await self.retry.call_with_retry(\n    ...<7 lines>...\n    )\n  File "F:\\py\\Lib\\site-packages\\redis\\asyncio\\retry.py", line 81, in call_with_retry\n    raise error\n  File "F:\\py\\Lib\\site-packages\\redis\\asyncio\\retry.py", line 69, in call_with_retry\n    return await do()\n           ^^^^^^^^^^\n  File "F:\\py\\Lib\\site-packages\\redis\\asyncio\\connection.py", line 403, in connect_check_health\n    await self.on_connect_check_health(check_health=check_health)\n  File "F:\\py\\Lib\\site-packages\\redis\\asyncio\\connection.py", line 560, in on_connect_check_health\n    await self.read_response()\n  File "F:\\py\\Lib\\site-packages\\redis\\asyncio\\connection.py", line 747, in read_response\n    raise ConnectionError(f"Error while reading from {host_error} : {e.args}")\nredis.exceptions.ConnectionError: Error while reading from 192.168.100.128:6379 : (22, \'÷∏∂®µƒÕ¯¬Á√˚≤ª‘Ÿø…”√°£\', None, 64, None)'}
WARNING  ai_werewolf_core.main:main.py:66 {'error': "Error while reading from 192.168.100.128:6379 : (22, '÷∏∂®µƒÕ¯¬Á√˚≤ª‘Ÿø…”√°£', None, 64, None)", 'event': 'redis_connection_failed_at_startup', 'level': 'warning', 'logger': 'ai_werewolf_core.main', 'timestamp': '2026-05-14T21:27:30.460589+08:00'}
___________ ERROR at setup of test_create_game_invalid_player_count ___________

    @pytest_asyncio.fixture
    async def client():
        """¥¥Ω® httpx AsyncClient£¨∞Û∂® FastAPI app£¨≤¢¥•∑¢ lifespan  ¬º˛°£"""
>       async with LifespanManager(app):
                   ^^^^^^^^^^^^^^^^^^^^

tests\test_api_games.py:27: 
_ _ _ _ _ _ _ _ _ _ _ _ _ _ _ _ _ _ _ _ _ _ _ _ _ _ _ _ _ _ _ _ _ _ _ _ _ _ _ _
F:\py\Lib\site-packages\asgi_lifespan\_manager.py:102: in __aenter__
    await self._exit_stack.aclose()
F:\py\Lib\contextlib.py:705: in aclose
    await self.__aexit__(None, None, None)
F:\py\Lib\contextlib.py:768: in __aexit__
    raise exc
F:\py\Lib\contextlib.py:751: in __aexit__
    cb_suppress = await cb(*exc_details)
                  ^^^^^^^^^^^^^^^^^^^^^^
F:\py\Lib\site-packages\asgi_lifespan\_concurrency\asyncio.py:80: in __aexit__
    await self.task
F:\py\Lib\site-packages\asgi_lifespan\_concurrency\asyncio.py:63: in run_and_silence_cancelled
    await self.coroutine()
F:\py\Lib\site-packages\asgi_lifespan\_manager.py:73: in run_app
    await self.app(scope, self.receive, self.send)
F:\py\Lib\site-packages\asgi_lifespan\_manager.py:13: in app_with_state
    await app(scope, receive, send)
F:\py\Lib\site-packages\fastapi\applications.py:1160: in __call__
    await super().__call__(scope, receive, send)
F:\py\Lib\site-packages\starlette\applications.py:107: in __call__
    await self.middleware_stack(scope, receive, send)
F:\py\Lib\site-packages\starlette\middleware\errors.py:151: in __call__
    await self.app(scope, receive, send)
F:\py\Lib\site-packages\starlette\middleware\cors.py:79: in __call__
    await self.app(scope, receive, send)
F:\py\Lib\site-packages\starlette\middleware\exceptions.py:49: in __call__
    await self.app(scope, receive, send)
F:\py\Lib\site-packages\fastapi\middleware\asyncexitstack.py:18: in __call__
    await self.app(scope, receive, send)
F:\py\Lib\site-packages\starlette\routing.py:716: in __call__
    await self.middleware_stack(scope, receive, send)
F:\py\Lib\site-packages\starlette\routing.py:725: in app
    await self.lifespan(scope, receive, send)
F:\py\Lib\site-packages\starlette\routing.py:694: in lifespan
    async with self.lifespan_context(app) as maybe_state:
               ^^^^^^^^^^^^^^^^^^^^^^^^^^
F:\py\Lib\contextlib.py:214: in __aenter__
    return await anext(self.gen)
           ^^^^^^^^^^^^^^^^^^^^^
F:\py\Lib\site-packages\fastapi\routing.py:212: in merged_lifespan
    async with original_context(app) as maybe_original_state:
               ^^^^^^^^^^^^^^^^^^^^^
F:\py\Lib\contextlib.py:214: in __aenter__
    return await anext(self.gen)
           ^^^^^^^^^^^^^^^^^^^^^
F:\py\Lib\site-packages\fastapi\routing.py:212: in merged_lifespan
    async with original_context(app) as maybe_original_state:
               ^^^^^^^^^^^^^^^^^^^^^
F:\py\Lib\contextlib.py:214: in __aenter__
    return await anext(self.gen)
           ^^^^^^^^^^^^^^^^^^^^^
F:\py\Lib\site-packages\fastapi\routing.py:212: in merged_lifespan
    async with original_context(app) as maybe_original_state:
               ^^^^^^^^^^^^^^^^^^^^^
F:\py\Lib\contextlib.py:214: in __aenter__
    return await anext(self.gen)
           ^^^^^^^^^^^^^^^^^^^^^
F:\py\Lib\site-packages\fastapi\routing.py:212: in merged_lifespan
    async with original_context(app) as maybe_original_state:
               ^^^^^^^^^^^^^^^^^^^^^
F:\py\Lib\contextlib.py:214: in __aenter__
    return await anext(self.gen)
           ^^^^^^^^^^^^^^^^^^^^^
F:\py\Lib\site-packages\fastapi\routing.py:212: in merged_lifespan
    async with original_context(app) as maybe_original_state:
               ^^^^^^^^^^^^^^^^^^^^^
F:\py\Lib\contextlib.py:214: in __aenter__
    return await anext(self.gen)
           ^^^^^^^^^^^^^^^^^^^^^
F:\py\Lib\site-packages\fastapi\routing.py:212: in merged_lifespan
    async with original_context(app) as maybe_original_state:
               ^^^^^^^^^^^^^^^^^^^^^
F:\py\Lib\contextlib.py:214: in __aenter__
    return await anext(self.gen)
           ^^^^^^^^^^^^^^^^^^^^^
ai_werewolf_core\main.py:70: in lifespan
    await ModelRegistry.init()
ai_werewolf_core\agents\model\registry.py:13: in init
    for cfg in settings.models:
               ^^^^^^^^^^^^^^^
_ _ _ _ _ _ _ _ _ _ _ _ _ _ _ _ _ _ _ _ _ _ _ _ _ _ _ _ _ _ _ _ _ _ _ _ _ _ _ _

self = Settings(crypto_key='123456', pg_host='192.168.100.128', pg_port=5432, pg_user='yilena', pg_password='XUWENBO219382', ...='postgresql+asyncpg://yilena:XUWENBO219382@192.168.100.128:5432/werewolf', redis_url='redis://192.168.100.128:6379/1')
item = 'models'

    def __getattr__(self, item: str) -> Any:
        private_attributes = object.__getattribute__(self, '__private_attributes__')
        if item in private_attributes:
            attribute = private_attributes[item]
            if hasattr(attribute, '__get__'):
                return attribute.__get__(self, type(self))  # type: ignore
    
            try:
                # Note: self.__pydantic_private__ cannot be None if self.__private_attributes__ has items
                return self.__pydantic_private__[item]  # type: ignore
            except KeyError as exc:
                raise AttributeError(f'{type(self).__name__!r} object has no attribute {item!r}') from exc
        else:
            # `__pydantic_extra__` can fail to be set if the model is not yet fully initialized.
            # See `BaseModel.__repr_args__` for more details
            try:
                pydantic_extra = object.__getattribute__(self, '__pydantic_extra__')
            except AttributeError:
                pydantic_extra = None
    
            if pydantic_extra:
                try:
                    return pydantic_extra[item]
                except KeyError as exc:
                    raise AttributeError(f'{type(self).__name__!r} object has no attribute {item!r}') from exc
            else:
                if hasattr(self.__class__, item):
                    return super().__getattribute__(item)  # Raises AttributeError if appropriate
                else:
                    # this is the current error
>                   raise AttributeError(f'{type(self).__name__!r} object has no attribute {item!r}')
E                   AttributeError: 'Settings' object has no attribute 'models'

F:\py\Lib\site-packages\pydantic\main.py:991: AttributeError
---------------------------- Captured stderr setup ----------------------------
[2m2026-05-14T21:27:30.648278+08:00[0m [[32m[1minfo     [0m] [1mwerewolf_game_engine_starting [0m [[0m[1m[34mai_werewolf_core.main[0m][0m [36mversion[0m=[35m0.1.0[0m
[2m2026-05-14T21:27:30.648531+08:00[0m [[32m[1mdebug    [0m] [1mRedis ¡¨Ω”≥ÿ“—¥¥Ω®                  [0m [[0m[1m[34mai_werewolf_core.utils.redis_client[0m][0m [36mmax_connections[0m=[35m300[0m [36msocket_timeout[0m=[35m10[0m
[2m2026-05-14T21:27:35.650970+08:00[0m [[31m[1merror    [0m] [1mRedis ¡¨Ω”—È÷§ ß∞‹ (PING)           [0m [[0m[1m[34mai_werewolf_core.utils.redis_client[0m][0m [36merror[0m=[35m"Error while reading from 192.168.100.128:6379 : (22, '÷∏∂®µƒÕ¯¬Á√˚≤ª‘Ÿø…”√°£', None, 64, None)"[0m [36mhost[0m=[35m192.168.100.128[0m [36mport[0m=[35m6379[0m
Traceback (most recent call last):
  File "F:\py\Lib\asyncio\windows_events.py", line 463, in finish_socket_func
    return ov.getresult()
           ~~~~~~~~~~~~^^
OSError: [WinError 64] ÷∏∂®µƒÕ¯¬Á√˚≤ª‘Ÿø…”√°£

During handling of the above exception, another exception occurred:

Traceback (most recent call last):
  File "F:\py\Lib\site-packages\redis\asyncio\connection.py", line 725, in read_response
    response = await self._parser.read_response(
               ^^^^^^^^^^^^^^^^^^^^^^^^^^^^^^^^^
        disable_decoding=disable_decoding
        ^^^^^^^^^^^^^^^^^^^^^^^^^^^^^^^^^
    )
    ^
  File "F:\py\Lib\site-packages\redis\_parsers\resp2.py", line 82, in read_response
    response = await self._read_response(disable_decoding=disable_decoding)
               ^^^^^^^^^^^^^^^^^^^^^^^^^^^^^^^^^^^^^^^^^^^^^^^^^^^^^^^^^^^^
  File "F:\py\Lib\site-packages\redis\_parsers\resp2.py", line 90, in _read_response
    raw = await self._readline()
          ^^^^^^^^^^^^^^^^^^^^^^
  File "F:\py\Lib\site-packages\redis\_parsers\base.py", line 559, in _readline
    data = await self._stream.readline()
           ^^^^^^^^^^^^^^^^^^^^^^^^^^^^^
  File "F:\py\Lib\asyncio\streams.py", line 562, in readline
    line = await self.readuntil(sep)
           ^^^^^^^^^^^^^^^^^^^^^^^^^
  File "F:\py\Lib\asyncio\streams.py", line 677, in readuntil
    await self._wait_for_data('readuntil')
  File "F:\py\Lib\asyncio\streams.py", line 539, in _wait_for_data
    await self._waiter
  File "F:\py\Lib\asyncio\proactor_events.py", line 286, in _loop_reading
    length = fut.result()
  File "F:\py\Lib\asyncio\windows_events.py", line 804, in _poll
    value = callback(transferred, key, ov)
  File "F:\py\Lib\asyncio\windows_events.py", line 467, in finish_socket_func
    raise ConnectionResetError(*exc.args)
ConnectionResetError: [WinError 64] ÷∏∂®µƒÕ¯¬Á√˚≤ª‘Ÿø…”√°£

During handling of the above exception, another exception occurred:

Traceback (most recent call last):
  File "F:\YilenaCode\Werewolf\ai_werewolf_core\utils\redis_client.py", line 128, in get_client
    await cls._client.ping()
  File "F:\py\Lib\site-packages\redis\asyncio\client.py", line 764, in execute_command
    conn = self.connection or await pool.get_connection()
                              ^^^^^^^^^^^^^^^^^^^^^^^^^^^
  File "F:\py\Lib\site-packages\redis\utils.py", line 227, in async_wrapper
    return await func(*args, **kwargs)
           ^^^^^^^^^^^^^^^^^^^^^^^^^^^
  File "F:\py\Lib\site-packages\redis\asyncio\connection.py", line 1351, in get_connection
    await self.ensure_connection(connection)
  File "F:\py\Lib\site-packages\redis\asyncio\connection.py", line 1390, in ensure_connection
    await connection.connect()
  File "F:\py\Lib\site-packages\redis\asyncio\connection.py", line 339, in connect
    await self.retry.call_with_retry(
    ...<7 lines>...
    )
  File "F:\py\Lib\site-packages\redis\asyncio\retry.py", line 81, in call_with_retry
    raise error
  File "F:\py\Lib\site-packages\redis\asyncio\retry.py", line 69, in call_with_retry
    return await do()
           ^^^^^^^^^^
  File "F:\py\Lib\site-packages\redis\asyncio\connection.py", line 403, in connect_check_health
    await self.on_connect_check_health(check_health=check_health)
  File "F:\py\Lib\site-packages\redis\asyncio\connection.py", line 560, in on_connect_check_health
    await self.read_response()
  File "F:\py\Lib\site-packages\redis\asyncio\connection.py", line 747, in read_response
    raise ConnectionError(f"Error while reading from {host_error} : {e.args}")
redis.exceptions.ConnectionError: Error while reading from 192.168.100.128:6379 : (22, '÷∏∂®µƒÕ¯¬Á√˚≤ª‘Ÿø…”√°£', None, 64, None)
[2m2026-05-14T21:27:35.653075+08:00[0m [[33m[1mwarning  [0m] [1mredis_connection_failed_at_startup[0m [[0m[1m[34mai_werewolf_core.main[0m][0m [36merror[0m=[35m"Error while reading from 192.168.100.128:6379 : (22, '÷∏∂®µƒÕ¯¬Á√˚≤ª‘Ÿø…”√°£', None, 64, None)"[0m
----------------------------- Captured log setup ------------------------------
INFO     ai_werewolf_core.main:main.py:54 {'version': '0.1.0', 'event': 'werewolf_game_engine_starting', 'level': 'info', 'logger': 'ai_werewolf_core.main', 'timestamp': '2026-05-14T21:27:30.648278+08:00'}
DEBUG    ai_werewolf_core.utils.redis_client:redis_client.py:243 {'max_connections': 300, 'socket_timeout': 10, 'event': 'Redis ¡¨Ω”≥ÿ“—¥¥Ω®', 'level': 'debug', 'logger': 'ai_werewolf_core.utils.redis_client', 'timestamp': '2026-05-14T21:27:30.648531+08:00'}
ERROR    ai_werewolf_core.utils.redis_client:redis_client.py:130 {'host': '192.168.100.128', 'port': 6379, 'error': "Error while reading from 192.168.100.128:6379 : (22, '÷∏∂®µƒÕ¯¬Á√˚≤ª‘Ÿø…”√°£', None, 64, None)", 'event': 'Redis ¡¨Ω”—È÷§ ß∞‹ (PING)', 'level': 'error', 'logger': 'ai_werewolf_core.utils.redis_client', 'timestamp': '2026-05-14T21:27:35.650970+08:00', 'exception': 'Traceback (most recent call last):\n  File "F:\\py\\Lib\\asyncio\\windows_events.py", line 463, in finish_socket_func\n    return ov.getresult()\n           ~~~~~~~~~~~~^^\nOSError: [WinError 64] ÷∏∂®µƒÕ¯¬Á√˚≤ª‘Ÿø…”√°£\n\nDuring handling of the above exception, another exception occurred:\n\nTraceback (most recent call last):\n  File "F:\\py\\Lib\\site-packages\\redis\\asyncio\\connection.py", line 725, in read_response\n    response = await self._parser.read_response(\n               ^^^^^^^^^^^^^^^^^^^^^^^^^^^^^^^^^\n        disable_decoding=disable_decoding\n        ^^^^^^^^^^^^^^^^^^^^^^^^^^^^^^^^^\n    )\n    ^\n  File "F:\\py\\Lib\\site-packages\\redis\\_parsers\\resp2.py", line 82, in read_response\n    response = await self._read_response(disable_decoding=disable_decoding)\n               ^^^^^^^^^^^^^^^^^^^^^^^^^^^^^^^^^^^^^^^^^^^^^^^^^^^^^^^^^^^^\n  File "F:\\py\\Lib\\site-packages\\redis\\_parsers\\resp2.py", line 90, in _read_response\n    raw = await self._readline()\n          ^^^^^^^^^^^^^^^^^^^^^^\n  File "F:\\py\\Lib\\site-packages\\redis\\_parsers\\base.py", line 559, in _readline\n    data = await self._stream.readline()\n           ^^^^^^^^^^^^^^^^^^^^^^^^^^^^^\n  File "F:\\py\\Lib\\asyncio\\streams.py", line 562, in readline\n    line = await self.readuntil(sep)\n           ^^^^^^^^^^^^^^^^^^^^^^^^^\n  File "F:\\py\\Lib\\asyncio\\streams.py", line 677, in readuntil\n    await self._wait_for_data(\'readuntil\')\n  File "F:\\py\\Lib\\asyncio\\streams.py", line 539, in _wait_for_data\n    await self._waiter\n  File "F:\\py\\Lib\\asyncio\\proactor_events.py", line 286, in _loop_reading\n    length = fut.result()\n  File "F:\\py\\Lib\\asyncio\\windows_events.py", line 804, in _poll\n    value = callback(transferred, key, ov)\n  File "F:\\py\\Lib\\asyncio\\windows_events.py", line 467, in finish_socket_func\n    raise ConnectionResetError(*exc.args)\nConnectionResetError: [WinError 64] ÷∏∂®µƒÕ¯¬Á√˚≤ª‘Ÿø…”√°£\n\nDuring handling of the above exception, another exception occurred:\n\nTraceback (most recent call last):\n  File "F:\\YilenaCode\\Werewolf\\ai_werewolf_core\\utils\\redis_client.py", line 128, in get_client\n    await cls._client.ping()\n  File "F:\\py\\Lib\\site-packages\\redis\\asyncio\\client.py", line 764, in execute_command\n    conn = self.connection or await pool.get_connection()\n                              ^^^^^^^^^^^^^^^^^^^^^^^^^^^\n  File "F:\\py\\Lib\\site-packages\\redis\\utils.py", line 227, in async_wrapper\n    return await func(*args, **kwargs)\n           ^^^^^^^^^^^^^^^^^^^^^^^^^^^\n  File "F:\\py\\Lib\\site-packages\\redis\\asyncio\\connection.py", line 1351, in get_connection\n    await self.ensure_connection(connection)\n  File "F:\\py\\Lib\\site-packages\\redis\\asyncio\\connection.py", line 1390, in ensure_connection\n    await connection.connect()\n  File "F:\\py\\Lib\\site-packages\\redis\\asyncio\\connection.py", line 339, in connect\n    await self.retry.call_with_retry(\n    ...<7 lines>...\n    )\n  File "F:\\py\\Lib\\site-packages\\redis\\asyncio\\retry.py", line 81, in call_with_retry\n    raise error\n  File "F:\\py\\Lib\\site-packages\\redis\\asyncio\\retry.py", line 69, in call_with_retry\n    return await do()\n           ^^^^^^^^^^\n  File "F:\\py\\Lib\\site-packages\\redis\\asyncio\\connection.py", line 403, in connect_check_health\n    await self.on_connect_check_health(check_health=check_health)\n  File "F:\\py\\Lib\\site-packages\\redis\\asyncio\\connection.py", line 560, in on_connect_check_health\n    await self.read_response()\n  File "F:\\py\\Lib\\site-packages\\redis\\asyncio\\connection.py", line 747, in read_response\n    raise ConnectionError(f"Error while reading from {host_error} : {e.args}")\nredis.exceptions.ConnectionError: Error while reading from 192.168.100.128:6379 : (22, \'÷∏∂®µƒÕ¯¬Á√˚≤ª‘Ÿø…”√°£\', None, 64, None)'}
WARNING  ai_werewolf_core.main:main.py:66 {'error': "Error while reading from 192.168.100.128:6379 : (22, '÷∏∂®µƒÕ¯¬Á√˚≤ª‘Ÿø…”√°£', None, 64, None)", 'event': 'redis_connection_failed_at_startup', 'level': 'warning', 'logger': 'ai_werewolf_core.main', 'timestamp': '2026-05-14T21:27:35.653075+08:00'}
_______________________ ERROR at setup of test_get_game _______________________

fut = <coroutine object AsyncioEvent.wait at 0x0000027C3049E980>, timeout = 5

    async def wait_for(fut, timeout):
        """Wait for the single Future or coroutine to complete, with timeout.
    
        Coroutine will be wrapped in Task.
    
        Returns result of the Future or coroutine.  When a timeout occurs,
        it cancels the task and raises TimeoutError.  To avoid the task
        cancellation, wrap it in shield().
    
        If the wait is cancelled, the task is also cancelled.
    
        If the task suppresses the cancellation and returns a value instead,
        that value is returned.
    
        This function is a coroutine.
        """
        # The special case for timeout <= 0 is for the following case:
        #
        # async def test_waitfor():
        #     func_started = False
        #
        #     async def func():
        #         nonlocal func_started
        #         func_started = True
        #
        #     try:
        #         await asyncio.wait_for(func(), 0)
        #     except asyncio.TimeoutError:
        #         assert not func_started
        #     else:
        #         assert False
        #
        # asyncio.run(test_waitfor())
    
    
        if timeout is not None and timeout <= 0:
            fut = ensure_future(fut)
    
            if fut.done():
                return fut.result()
    
            await _cancel_and_wait(fut)
            try:
                return fut.result()
            except exceptions.CancelledError as exc:
                raise TimeoutError from exc
    
        async with timeouts.timeout(timeout):
>           return await fut
                   ^^^^^^^^^

F:\py\Lib\asyncio\tasks.py:507: 
_ _ _ _ _ _ _ _ _ _ _ _ _ _ _ _ _ _ _ _ _ _ _ _ _ _ _ _ _ _ _ _ _ _ _ _ _ _ _ _
F:\py\Lib\site-packages\asgi_lifespan\_concurrency\asyncio.py:17: in wait
    await self._event.wait()
_ _ _ _ _ _ _ _ _ _ _ _ _ _ _ _ _ _ _ _ _ _ _ _ _ _ _ _ _ _ _ _ _ _ _ _ _ _ _ _

self = <asyncio.locks.Event object at 0x0000027C3055DEF0 [set]>

    async def wait(self):
        """Block until the internal flag is true.
    
        If the internal flag is true on entry, return True
        immediately.  Otherwise, block until another task calls
        set() to set the flag to true, then return True.
        """
        if self._value:
            return True
    
        fut = self._get_loop().create_future()
        self._waiters.append(fut)
        try:
>           await fut
E           asyncio.exceptions.CancelledError

F:\py\Lib\asyncio\locks.py:213: CancelledError

The above exception was the direct cause of the following exception:

self = <asgi_lifespan._concurrency.asyncio.AsyncioBackend object at 0x0000027C30481A90>
seconds = 5
coroutine = <bound method AsyncioEvent.wait of <asgi_lifespan._concurrency.asyncio.AsyncioEvent object at 0x0000027C306116E0>>

    async def run_and_fail_after(
        self,
        seconds: typing.Optional[float],
        coroutine: typing.Callable[[], typing.Awaitable[None]],
    ) -> None:
        try:
>           await asyncio.wait_for(coroutine(), timeout=seconds)

F:\py\Lib\site-packages\asgi_lifespan\_concurrency\asyncio.py:44: 
_ _ _ _ _ _ _ _ _ _ _ _ _ _ _ _ _ _ _ _ _ _ _ _ _ _ _ _ _ _ _ _ _ _ _ _ _ _ _ _
F:\py\Lib\asyncio\tasks.py:506: in wait_for
    async with timeouts.timeout(timeout):
               ^^^^^^^^^^^^^^^^^^^^^^^^^
_ _ _ _ _ _ _ _ _ _ _ _ _ _ _ _ _ _ _ _ _ _ _ _ _ _ _ _ _ _ _ _ _ _ _ _ _ _ _ _

self = <Timeout [expired]>
exc_type = <class 'asyncio.exceptions.CancelledError'>
exc_val = CancelledError(), exc_tb = <traceback object at 0x0000027C31F66140>

    async def __aexit__(
        self,
        exc_type: Optional[Type[BaseException]],
        exc_val: Optional[BaseException],
        exc_tb: Optional[TracebackType],
    ) -> Optional[bool]:
        assert self._state in (_State.ENTERED, _State.EXPIRING)
    
        if self._timeout_handler is not None:
            self._timeout_handler.cancel()
            self._timeout_handler = None
    
        if self._state is _State.EXPIRING:
            self._state = _State.EXPIRED
    
            if self._task.uncancel() <= self._cancelling and exc_type is not None:
                # Since there are no new cancel requests, we're
                # handling this.
                if issubclass(exc_type, exceptions.CancelledError):
>                   raise TimeoutError from exc_val
E                   TimeoutError

F:\py\Lib\asyncio\timeouts.py:116: TimeoutError

During handling of the above exception, another exception occurred:

    @pytest_asyncio.fixture
    async def client():
        """¥¥Ω® httpx AsyncClient£¨∞Û∂® FastAPI app£¨≤¢¥•∑¢ lifespan  ¬º˛°£"""
>       async with LifespanManager(app):
                   ^^^^^^^^^^^^^^^^^^^^

tests\test_api_games.py:27: 
_ _ _ _ _ _ _ _ _ _ _ _ _ _ _ _ _ _ _ _ _ _ _ _ _ _ _ _ _ _ _ _ _ _ _ _ _ _ _ _
F:\py\Lib\site-packages\asgi_lifespan\_manager.py:99: in __aenter__
    await self.startup()
F:\py\Lib\site-packages\asgi_lifespan\_manager.py:40: in startup
    await self._concurrency_backend.run_and_fail_after(
_ _ _ _ _ _ _ _ _ _ _ _ _ _ _ _ _ _ _ _ _ _ _ _ _ _ _ _ _ _ _ _ _ _ _ _ _ _ _ _

self = <asgi_lifespan._concurrency.asyncio.AsyncioBackend object at 0x0000027C30481A90>
seconds = 5
coroutine = <bound method AsyncioEvent.wait of <asgi_lifespan._concurrency.asyncio.AsyncioEvent object at 0x0000027C306116E0>>

    async def run_and_fail_after(
        self,
        seconds: typing.Optional[float],
        coroutine: typing.Callable[[], typing.Awaitable[None]],
    ) -> None:
        try:
            await asyncio.wait_for(coroutine(), timeout=seconds)
        except asyncio.TimeoutError:
>           raise TimeoutError
E           TimeoutError

F:\py\Lib\site-packages\asgi_lifespan\_concurrency\asyncio.py:46: TimeoutError
---------------------------- Captured stderr setup ----------------------------
[2m2026-05-14T21:27:35.861920+08:00[0m [[32m[1minfo     [0m] [1mwerewolf_game_engine_starting [0m [[0m[1m[34mai_werewolf_core.main[0m][0m [36mversion[0m=[35m0.1.0[0m
[2m2026-05-14T21:27:35.862208+08:00[0m [[32m[1mdebug    [0m] [1mRedis ¡¨Ω”≥ÿ“—¥¥Ω®                  [0m [[0m[1m[34mai_werewolf_core.utils.redis_client[0m][0m [36mmax_connections[0m=[35m300[0m [36msocket_timeout[0m=[35m10[0m
----------------------------- Captured log setup ------------------------------
INFO     ai_werewolf_core.main:main.py:54 {'version': '0.1.0', 'event': 'werewolf_game_engine_starting', 'level': 'info', 'logger': 'ai_werewolf_core.main', 'timestamp': '2026-05-14T21:27:35.861920+08:00'}
DEBUG    ai_werewolf_core.utils.redis_client:redis_client.py:243 {'max_connections': 300, 'socket_timeout': 10, 'event': 'Redis ¡¨Ω”≥ÿ“—¥¥Ω®', 'level': 'debug', 'logger': 'ai_werewolf_core.utils.redis_client', 'timestamp': '2026-05-14T21:27:35.862208+08:00'}
______________________ ERROR at setup of test_start_game ______________________

    @pytest_asyncio.fixture
    async def client():
        """¥¥Ω® httpx AsyncClient£¨∞Û∂® FastAPI app£¨≤¢¥•∑¢ lifespan  ¬º˛°£"""
>       async with LifespanManager(app):
                   ^^^^^^^^^^^^^^^^^^^^

tests\test_api_games.py:27: 
_ _ _ _ _ _ _ _ _ _ _ _ _ _ _ _ _ _ _ _ _ _ _ _ _ _ _ _ _ _ _ _ _ _ _ _ _ _ _ _
F:\py\Lib\site-packages\asgi_lifespan\_manager.py:102: in __aenter__
    await self._exit_stack.aclose()
F:\py\Lib\contextlib.py:705: in aclose
    await self.__aexit__(None, None, None)
F:\py\Lib\contextlib.py:768: in __aexit__
    raise exc
F:\py\Lib\contextlib.py:751: in __aexit__
    cb_suppress = await cb(*exc_details)
                  ^^^^^^^^^^^^^^^^^^^^^^
F:\py\Lib\site-packages\asgi_lifespan\_concurrency\asyncio.py:80: in __aexit__
    await self.task
F:\py\Lib\site-packages\asgi_lifespan\_concurrency\asyncio.py:63: in run_and_silence_cancelled
    await self.coroutine()
F:\py\Lib\site-packages\asgi_lifespan\_manager.py:73: in run_app
    await self.app(scope, self.receive, self.send)
F:\py\Lib\site-packages\asgi_lifespan\_manager.py:13: in app_with_state
    await app(scope, receive, send)
F:\py\Lib\site-packages\fastapi\applications.py:1160: in __call__
    await super().__call__(scope, receive, send)
F:\py\Lib\site-packages\starlette\applications.py:107: in __call__
    await self.middleware_stack(scope, receive, send)
F:\py\Lib\site-packages\starlette\middleware\errors.py:151: in __call__
    await self.app(scope, receive, send)
F:\py\Lib\site-packages\starlette\middleware\cors.py:79: in __call__
    await self.app(scope, receive, send)
F:\py\Lib\site-packages\starlette\middleware\exceptions.py:49: in __call__
    await self.app(scope, receive, send)
F:\py\Lib\site-packages\fastapi\middleware\asyncexitstack.py:18: in __call__
    await self.app(scope, receive, send)
F:\py\Lib\site-packages\starlette\routing.py:716: in __call__
    await self.middleware_stack(scope, receive, send)
F:\py\Lib\site-packages\starlette\routing.py:725: in app
    await self.lifespan(scope, receive, send)
F:\py\Lib\site-packages\starlette\routing.py:694: in lifespan
    async with self.lifespan_context(app) as maybe_state:
               ^^^^^^^^^^^^^^^^^^^^^^^^^^
F:\py\Lib\contextlib.py:214: in __aenter__
    return await anext(self.gen)
           ^^^^^^^^^^^^^^^^^^^^^
F:\py\Lib\site-packages\fastapi\routing.py:212: in merged_lifespan
    async with original_context(app) as maybe_original_state:
               ^^^^^^^^^^^^^^^^^^^^^
F:\py\Lib\contextlib.py:214: in __aenter__
    return await anext(self.gen)
           ^^^^^^^^^^^^^^^^^^^^^
F:\py\Lib\site-packages\fastapi\routing.py:212: in merged_lifespan
    async with original_context(app) as maybe_original_state:
               ^^^^^^^^^^^^^^^^^^^^^
F:\py\Lib\contextlib.py:214: in __aenter__
    return await anext(self.gen)
           ^^^^^^^^^^^^^^^^^^^^^
F:\py\Lib\site-packages\fastapi\routing.py:212: in merged_lifespan
    async with original_context(app) as maybe_original_state:
               ^^^^^^^^^^^^^^^^^^^^^
F:\py\Lib\contextlib.py:214: in __aenter__
    return await anext(self.gen)
           ^^^^^^^^^^^^^^^^^^^^^
F:\py\Lib\site-packages\fastapi\routing.py:212: in merged_lifespan
    async with original_context(app) as maybe_original_state:
               ^^^^^^^^^^^^^^^^^^^^^
F:\py\Lib\contextlib.py:214: in __aenter__
    return await anext(self.gen)
           ^^^^^^^^^^^^^^^^^^^^^
F:\py\Lib\site-packages\fastapi\routing.py:212: in merged_lifespan
    async with original_context(app) as maybe_original_state:
               ^^^^^^^^^^^^^^^^^^^^^
F:\py\Lib\contextlib.py:214: in __aenter__
    return await anext(self.gen)
           ^^^^^^^^^^^^^^^^^^^^^
F:\py\Lib\site-packages\fastapi\routing.py:212: in merged_lifespan
    async with original_context(app) as maybe_original_state:
               ^^^^^^^^^^^^^^^^^^^^^
F:\py\Lib\contextlib.py:214: in __aenter__
    return await anext(self.gen)
           ^^^^^^^^^^^^^^^^^^^^^
ai_werewolf_core\main.py:70: in lifespan
    await ModelRegistry.init()
ai_werewolf_core\agents\model\registry.py:13: in init
    for cfg in settings.models:
               ^^^^^^^^^^^^^^^
_ _ _ _ _ _ _ _ _ _ _ _ _ _ _ _ _ _ _ _ _ _ _ _ _ _ _ _ _ _ _ _ _ _ _ _ _ _ _ _

self = Settings(crypto_key='123456', pg_host='192.168.100.128', pg_port=5432, pg_user='yilena', pg_password='XUWENBO219382', ...='postgresql+asyncpg://yilena:XUWENBO219382@192.168.100.128:5432/werewolf', redis_url='redis://192.168.100.128:6379/1')
item = 'models'

    def __getattr__(self, item: str) -> Any:
        private_attributes = object.__getattribute__(self, '__private_attributes__')
        if item in private_attributes:
            attribute = private_attributes[item]
            if hasattr(attribute, '__get__'):
                return attribute.__get__(self, type(self))  # type: ignore
    
            try:
                # Note: self.__pydantic_private__ cannot be None if self.__private_attributes__ has items
                return self.__pydantic_private__[item]  # type: ignore
            except KeyError as exc:
                raise AttributeError(f'{type(self).__name__!r} object has no attribute {item!r}') from exc
        else:
            # `__pydantic_extra__` can fail to be set if the model is not yet fully initialized.
            # See `BaseModel.__repr_args__` for more details
            try:
                pydantic_extra = object.__getattribute__(self, '__pydantic_extra__')
            except AttributeError:
                pydantic_extra = None
    
            if pydantic_extra:
                try:
                    return pydantic_extra[item]
                except KeyError as exc:
                    raise AttributeError(f'{type(self).__name__!r} object has no attribute {item!r}') from exc
            else:
                if hasattr(self.__class__, item):
                    return super().__getattribute__(item)  # Raises AttributeError if appropriate
                else:
                    # this is the current error
>                   raise AttributeError(f'{type(self).__name__!r} object has no attribute {item!r}')
E                   AttributeError: 'Settings' object has no attribute 'models'

F:\py\Lib\site-packages\pydantic\main.py:991: AttributeError
---------------------------- Captured stderr setup ----------------------------
[2m2026-05-14T21:27:40.898700+08:00[0m [[32m[1minfo     [0m] [1mwerewolf_game_engine_starting [0m [[0m[1m[34mai_werewolf_core.main[0m][0m [36mversion[0m=[35m0.1.0[0m
[2m2026-05-14T21:27:40.898945+08:00[0m [[32m[1mdebug    [0m] [1mRedis ¡¨Ω”≥ÿ“—¥¥Ω®                  [0m [[0m[1m[34mai_werewolf_core.utils.redis_client[0m][0m [36mmax_connections[0m=[35m300[0m [36msocket_timeout[0m=[35m10[0m
[2m2026-05-14T21:27:45.901394+08:00[0m [[31m[1merror    [0m] [1mRedis ¡¨Ω”—È÷§ ß∞‹ (PING)           [0m [[0m[1m[34mai_werewolf_core.utils.redis_client[0m][0m [36merror[0m=[35m"Error while reading from 192.168.100.128:6379 : (22, '÷∏∂®µƒÕ¯¬Á√˚≤ª‘Ÿø…”√°£', None, 64, None)"[0m [36mhost[0m=[35m192.168.100.128[0m [36mport[0m=[35m6379[0m
Traceback (most recent call last):
  File "F:\py\Lib\asyncio\windows_events.py", line 463, in finish_socket_func
    return ov.getresult()
           ~~~~~~~~~~~~^^
OSError: [WinError 64] ÷∏∂®µƒÕ¯¬Á√˚≤ª‘Ÿø…”√°£

During handling of the above exception, another exception occurred:

Traceback (most recent call last):
  File "F:\py\Lib\site-packages\redis\asyncio\connection.py", line 725, in read_response
    response = await self._parser.read_response(
               ^^^^^^^^^^^^^^^^^^^^^^^^^^^^^^^^^
        disable_decoding=disable_decoding
        ^^^^^^^^^^^^^^^^^^^^^^^^^^^^^^^^^
    )
    ^
  File "F:\py\Lib\site-packages\redis\_parsers\resp2.py", line 82, in read_response
    response = await self._read_response(disable_decoding=disable_decoding)
               ^^^^^^^^^^^^^^^^^^^^^^^^^^^^^^^^^^^^^^^^^^^^^^^^^^^^^^^^^^^^
  File "F:\py\Lib\site-packages\redis\_parsers\resp2.py", line 90, in _read_response
    raw = await self._readline()
          ^^^^^^^^^^^^^^^^^^^^^^
  File "F:\py\Lib\site-packages\redis\_parsers\base.py", line 559, in _readline
    data = await self._stream.readline()
           ^^^^^^^^^^^^^^^^^^^^^^^^^^^^^
  File "F:\py\Lib\asyncio\streams.py", line 562, in readline
    line = await self.readuntil(sep)
           ^^^^^^^^^^^^^^^^^^^^^^^^^
  File "F:\py\Lib\asyncio\streams.py", line 677, in readuntil
    await self._wait_for_data('readuntil')
  File "F:\py\Lib\asyncio\streams.py", line 539, in _wait_for_data
    await self._waiter
  File "F:\py\Lib\asyncio\proactor_events.py", line 286, in _loop_reading
    length = fut.result()
  File "F:\py\Lib\asyncio\windows_events.py", line 804, in _poll
    value = callback(transferred, key, ov)
  File "F:\py\Lib\asyncio\windows_events.py", line 467, in finish_socket_func
    raise ConnectionResetError(*exc.args)
ConnectionResetError: [WinError 64] ÷∏∂®µƒÕ¯¬Á√˚≤ª‘Ÿø…”√°£

During handling of the above exception, another exception occurred:

Traceback (most recent call last):
  File "F:\YilenaCode\Werewolf\ai_werewolf_core\utils\redis_client.py", line 128, in get_client
    await cls._client.ping()
  File "F:\py\Lib\site-packages\redis\asyncio\client.py", line 764, in execute_command
    conn = self.connection or await pool.get_connection()
                              ^^^^^^^^^^^^^^^^^^^^^^^^^^^
  File "F:\py\Lib\site-packages\redis\utils.py", line 227, in async_wrapper
    return await func(*args, **kwargs)
           ^^^^^^^^^^^^^^^^^^^^^^^^^^^
  File "F:\py\Lib\site-packages\redis\asyncio\connection.py", line 1351, in get_connection
    await self.ensure_connection(connection)
  File "F:\py\Lib\site-packages\redis\asyncio\connection.py", line 1390, in ensure_connection
    await connection.connect()
  File "F:\py\Lib\site-packages\redis\asyncio\connection.py", line 339, in connect
    await self.retry.call_with_retry(
    ...<7 lines>...
    )
  File "F:\py\Lib\site-packages\redis\asyncio\retry.py", line 81, in call_with_retry
    raise error
  File "F:\py\Lib\site-packages\redis\asyncio\retry.py", line 69, in call_with_retry
    return await do()
           ^^^^^^^^^^
  File "F:\py\Lib\site-packages\redis\asyncio\connection.py", line 403, in connect_check_health
    await self.on_connect_check_health(check_health=check_health)
  File "F:\py\Lib\site-packages\redis\asyncio\connection.py", line 560, in on_connect_check_health
    await self.read_response()
  File "F:\py\Lib\site-packages\redis\asyncio\connection.py", line 747, in read_response
    raise ConnectionError(f"Error while reading from {host_error} : {e.args}")
redis.exceptions.ConnectionError: Error while reading from 192.168.100.128:6379 : (22, '÷∏∂®µƒÕ¯¬Á√˚≤ª‘Ÿø…”√°£', None, 64, None)
[2m2026-05-14T21:27:45.903680+08:00[0m [[33m[1mwarning  [0m] [1mredis_connection_failed_at_startup[0m [[0m[1m[34mai_werewolf_core.main[0m][0m [36merror[0m=[35m"Error while reading from 192.168.100.128:6379 : (22, '÷∏∂®µƒÕ¯¬Á√˚≤ª‘Ÿø…”√°£', None, 64, None)"[0m
----------------------------- Captured log setup ------------------------------
INFO     ai_werewolf_core.main:main.py:54 {'version': '0.1.0', 'event': 'werewolf_game_engine_starting', 'level': 'info', 'logger': 'ai_werewolf_core.main', 'timestamp': '2026-05-14T21:27:40.898700+08:00'}
DEBUG    ai_werewolf_core.utils.redis_client:redis_client.py:243 {'max_connections': 300, 'socket_timeout': 10, 'event': 'Redis ¡¨Ω”≥ÿ“—¥¥Ω®', 'level': 'debug', 'logger': 'ai_werewolf_core.utils.redis_client', 'timestamp': '2026-05-14T21:27:40.898945+08:00'}
ERROR    ai_werewolf_core.utils.redis_client:redis_client.py:130 {'host': '192.168.100.128', 'port': 6379, 'error': "Error while reading from 192.168.100.128:6379 : (22, '÷∏∂®µƒÕ¯¬Á√˚≤ª‘Ÿø…”√°£', None, 64, None)", 'event': 'Redis ¡¨Ω”—È÷§ ß∞‹ (PING)', 'level': 'error', 'logger': 'ai_werewolf_core.utils.redis_client', 'timestamp': '2026-05-14T21:27:45.901394+08:00', 'exception': 'Traceback (most recent call last):\n  File "F:\\py\\Lib\\asyncio\\windows_events.py", line 463, in finish_socket_func\n    return ov.getresult()\n           ~~~~~~~~~~~~^^\nOSError: [WinError 64] ÷∏∂®µƒÕ¯¬Á√˚≤ª‘Ÿø…”√°£\n\nDuring handling of the above exception, another exception occurred:\n\nTraceback (most recent call last):\n  File "F:\\py\\Lib\\site-packages\\redis\\asyncio\\connection.py", line 725, in read_response\n    response = await self._parser.read_response(\n               ^^^^^^^^^^^^^^^^^^^^^^^^^^^^^^^^^\n        disable_decoding=disable_decoding\n        ^^^^^^^^^^^^^^^^^^^^^^^^^^^^^^^^^\n    )\n    ^\n  File "F:\\py\\Lib\\site-packages\\redis\\_parsers\\resp2.py", line 82, in read_response\n    response = await self._read_response(disable_decoding=disable_decoding)\n               ^^^^^^^^^^^^^^^^^^^^^^^^^^^^^^^^^^^^^^^^^^^^^^^^^^^^^^^^^^^^\n  File "F:\\py\\Lib\\site-packages\\redis\\_parsers\\resp2.py", line 90, in _read_response\n    raw = await self._readline()\n          ^^^^^^^^^^^^^^^^^^^^^^\n  File "F:\\py\\Lib\\site-packages\\redis\\_parsers\\base.py", line 559, in _readline\n    data = await self._stream.readline()\n           ^^^^^^^^^^^^^^^^^^^^^^^^^^^^^\n  File "F:\\py\\Lib\\asyncio\\streams.py", line 562, in readline\n    line = await self.readuntil(sep)\n           ^^^^^^^^^^^^^^^^^^^^^^^^^\n  File "F:\\py\\Lib\\asyncio\\streams.py", line 677, in readuntil\n    await self._wait_for_data(\'readuntil\')\n  File "F:\\py\\Lib\\asyncio\\streams.py", line 539, in _wait_for_data\n    await self._waiter\n  File "F:\\py\\Lib\\asyncio\\proactor_events.py", line 286, in _loop_reading\n    length = fut.result()\n  File "F:\\py\\Lib\\asyncio\\windows_events.py", line 804, in _poll\n    value = callback(transferred, key, ov)\n  File "F:\\py\\Lib\\asyncio\\windows_events.py", line 467, in finish_socket_func\n    raise ConnectionResetError(*exc.args)\nConnectionResetError: [WinError 64] ÷∏∂®µƒÕ¯¬Á√˚≤ª‘Ÿø…”√°£\n\nDuring handling of the above exception, another exception occurred:\n\nTraceback (most recent call last):\n  File "F:\\YilenaCode\\Werewolf\\ai_werewolf_core\\utils\\redis_client.py", line 128, in get_client\n    await cls._client.ping()\n  File "F:\\py\\Lib\\site-packages\\redis\\asyncio\\client.py", line 764, in execute_command\n    conn = self.connection or await pool.get_connection()\n                              ^^^^^^^^^^^^^^^^^^^^^^^^^^^\n  File "F:\\py\\Lib\\site-packages\\redis\\utils.py", line 227, in async_wrapper\n    return await func(*args, **kwargs)\n           ^^^^^^^^^^^^^^^^^^^^^^^^^^^\n  File "F:\\py\\Lib\\site-packages\\redis\\asyncio\\connection.py", line 1351, in get_connection\n    await self.ensure_connection(connection)\n  File "F:\\py\\Lib\\site-packages\\redis\\asyncio\\connection.py", line 1390, in ensure_connection\n    await connection.connect()\n  File "F:\\py\\Lib\\site-packages\\redis\\asyncio\\connection.py", line 339, in connect\n    await self.retry.call_with_retry(\n    ...<7 lines>...\n    )\n  File "F:\\py\\Lib\\site-packages\\redis\\asyncio\\retry.py", line 81, in call_with_retry\n    raise error\n  File "F:\\py\\Lib\\site-packages\\redis\\asyncio\\retry.py", line 69, in call_with_retry\n    return await do()\n           ^^^^^^^^^^\n  File "F:\\py\\Lib\\site-packages\\redis\\asyncio\\connection.py", line 403, in connect_check_health\n    await self.on_connect_check_health(check_health=check_health)\n  File "F:\\py\\Lib\\site-packages\\redis\\asyncio\\connection.py", line 560, in on_connect_check_health\n    await self.read_response()\n  File "F:\\py\\Lib\\site-packages\\redis\\asyncio\\connection.py", line 747, in read_response\n    raise ConnectionError(f"Error while reading from {host_error} : {e.args}")\nredis.exceptions.ConnectionError: Error while reading from 192.168.100.128:6379 : (22, \'÷∏∂®µƒÕ¯¬Á√˚≤ª‘Ÿø…”√°£\', None, 64, None)'}
WARNING  ai_werewolf_core.main:main.py:66 {'error': "Error while reading from 192.168.100.128:6379 : (22, '÷∏∂®µƒÕ¯¬Á√˚≤ª‘Ÿø…”√°£', None, 64, None)", 'event': 'redis_connection_failed_at_startup', 'level': 'warning', 'logger': 'ai_werewolf_core.main', 'timestamp': '2026-05-14T21:27:45.903680+08:00'}
____________________ ERROR at setup of test_advance_phase _____________________

fut = <coroutine object AsyncioEvent.wait at 0x0000027C30836800>, timeout = 5

    async def wait_for(fut, timeout):
        """Wait for the single Future or coroutine to complete, with timeout.
    
        Coroutine will be wrapped in Task.
    
        Returns result of the Future or coroutine.  When a timeout occurs,
        it cancels the task and raises TimeoutError.  To avoid the task
        cancellation, wrap it in shield().
    
        If the wait is cancelled, the task is also cancelled.
    
        If the task suppresses the cancellation and returns a value instead,
        that value is returned.
    
        This function is a coroutine.
        """
        # The special case for timeout <= 0 is for the following case:
        #
        # async def test_waitfor():
        #     func_started = False
        #
        #     async def func():
        #         nonlocal func_started
        #         func_started = True
        #
        #     try:
        #         await asyncio.wait_for(func(), 0)
        #     except asyncio.TimeoutError:
        #         assert not func_started
        #     else:
        #         assert False
        #
        # asyncio.run(test_waitfor())
    
    
        if timeout is not None and timeout <= 0:
            fut = ensure_future(fut)
    
            if fut.done():
                return fut.result()
    
            await _cancel_and_wait(fut)
            try:
                return fut.result()
            except exceptions.CancelledError as exc:
                raise TimeoutError from exc
    
        async with timeouts.timeout(timeout):
>           return await fut
                   ^^^^^^^^^

F:\py\Lib\asyncio\tasks.py:507: 
_ _ _ _ _ _ _ _ _ _ _ _ _ _ _ _ _ _ _ _ _ _ _ _ _ _ _ _ _ _ _ _ _ _ _ _ _ _ _ _
F:\py\Lib\site-packages\asgi_lifespan\_concurrency\asyncio.py:17: in wait
    await self._event.wait()
_ _ _ _ _ _ _ _ _ _ _ _ _ _ _ _ _ _ _ _ _ _ _ _ _ _ _ _ _ _ _ _ _ _ _ _ _ _ _ _

self = <asyncio.locks.Event object at 0x0000027C30623E30 [set]>

    async def wait(self):
        """Block until the internal flag is true.
    
        If the internal flag is true on entry, return True
        immediately.  Otherwise, block until another task calls
        set() to set the flag to true, then return True.
        """
        if self._value:
            return True
    
        fut = self._get_loop().create_future()
        self._waiters.append(fut)
        try:
>           await fut
E           asyncio.exceptions.CancelledError

F:\py\Lib\asyncio\locks.py:213: CancelledError

The above exception was the direct cause of the following exception:

self = <asgi_lifespan._concurrency.asyncio.AsyncioBackend object at 0x0000027C30611A70>
seconds = 5
coroutine = <bound method AsyncioEvent.wait of <asgi_lifespan._concurrency.asyncio.AsyncioEvent object at 0x0000027C304A3950>>

    async def run_and_fail_after(
        self,
        seconds: typing.Optional[float],
        coroutine: typing.Callable[[], typing.Awaitable[None]],
    ) -> None:
        try:
>           await asyncio.wait_for(coroutine(), timeout=seconds)

F:\py\Lib\site-packages\asgi_lifespan\_concurrency\asyncio.py:44: 
_ _ _ _ _ _ _ _ _ _ _ _ _ _ _ _ _ _ _ _ _ _ _ _ _ _ _ _ _ _ _ _ _ _ _ _ _ _ _ _
F:\py\Lib\asyncio\tasks.py:506: in wait_for
    async with timeouts.timeout(timeout):
               ^^^^^^^^^^^^^^^^^^^^^^^^^
_ _ _ _ _ _ _ _ _ _ _ _ _ _ _ _ _ _ _ _ _ _ _ _ _ _ _ _ _ _ _ _ _ _ _ _ _ _ _ _

self = <Timeout [expired]>
exc_type = <class 'asyncio.exceptions.CancelledError'>
exc_val = CancelledError(), exc_tb = <traceback object at 0x0000027C31E72D80>

    async def __aexit__(
        self,
        exc_type: Optional[Type[BaseException]],
        exc_val: Optional[BaseException],
        exc_tb: Optional[TracebackType],
    ) -> Optional[bool]:
        assert self._state in (_State.ENTERED, _State.EXPIRING)
    
        if self._timeout_handler is not None:
            self._timeout_handler.cancel()
            self._timeout_handler = None
    
        if self._state is _State.EXPIRING:
            self._state = _State.EXPIRED
    
            if self._task.uncancel() <= self._cancelling and exc_type is not None:
                # Since there are no new cancel requests, we're
                # handling this.
                if issubclass(exc_type, exceptions.CancelledError):
>                   raise TimeoutError from exc_val
E                   TimeoutError

F:\py\Lib\asyncio\timeouts.py:116: TimeoutError

During handling of the above exception, another exception occurred:

    @pytest_asyncio.fixture
    async def client():
        """¥¥Ω® httpx AsyncClient£¨∞Û∂® FastAPI app£¨≤¢¥•∑¢ lifespan  ¬º˛°£"""
>       async with LifespanManager(app):
                   ^^^^^^^^^^^^^^^^^^^^

tests\test_api_games.py:27: 
_ _ _ _ _ _ _ _ _ _ _ _ _ _ _ _ _ _ _ _ _ _ _ _ _ _ _ _ _ _ _ _ _ _ _ _ _ _ _ _
F:\py\Lib\site-packages\asgi_lifespan\_manager.py:99: in __aenter__
    await self.startup()
F:\py\Lib\site-packages\asgi_lifespan\_manager.py:40: in startup
    await self._concurrency_backend.run_and_fail_after(
_ _ _ _ _ _ _ _ _ _ _ _ _ _ _ _ _ _ _ _ _ _ _ _ _ _ _ _ _ _ _ _ _ _ _ _ _ _ _ _

self = <asgi_lifespan._concurrency.asyncio.AsyncioBackend object at 0x0000027C30611A70>
seconds = 5
coroutine = <bound method AsyncioEvent.wait of <asgi_lifespan._concurrency.asyncio.AsyncioEvent object at 0x0000027C304A3950>>

    async def run_and_fail_after(
        self,
        seconds: typing.Optional[float],
        coroutine: typing.Callable[[], typing.Awaitable[None]],
    ) -> None:
        try:
            await asyncio.wait_for(coroutine(), timeout=seconds)
        except asyncio.TimeoutError:
>           raise TimeoutError
E           TimeoutError

F:\py\Lib\site-packages\asgi_lifespan\_concurrency\asyncio.py:46: TimeoutError
---------------------------- Captured stderr setup ----------------------------
[2m2026-05-14T21:27:46.088699+08:00[0m [[32m[1minfo     [0m] [1mwerewolf_game_engine_starting [0m [[0m[1m[34mai_werewolf_core.main[0m][0m [36mversion[0m=[35m0.1.0[0m
[2m2026-05-14T21:27:46.089024+08:00[0m [[32m[1mdebug    [0m] [1mRedis ¡¨Ω”≥ÿ“—¥¥Ω®                  [0m [[0m[1m[34mai_werewolf_core.utils.redis_client[0m][0m [36mmax_connections[0m=[35m300[0m [36msocket_timeout[0m=[35m10[0m
----------------------------- Captured log setup ------------------------------
INFO     ai_werewolf_core.main:main.py:54 {'version': '0.1.0', 'event': 'werewolf_game_engine_starting', 'level': 'info', 'logger': 'ai_werewolf_core.main', 'timestamp': '2026-05-14T21:27:46.088699+08:00'}
DEBUG    ai_werewolf_core.utils.redis_client:redis_client.py:243 {'max_connections': 300, 'socket_timeout': 10, 'event': 'Redis ¡¨Ω”≥ÿ“—¥¥Ω®', 'level': 'debug', 'logger': 'ai_werewolf_core.utils.redis_client', 'timestamp': '2026-05-14T21:27:46.089024+08:00'}
______________________ ERROR at setup of test_abort_game ______________________

fut = <coroutine object AsyncioEvent.wait at 0x0000027C30834580>, timeout = 5

    async def wait_for(fut, timeout):
        """Wait for the single Future or coroutine to complete, with timeout.
    
        Coroutine will be wrapped in Task.
    
        Returns result of the Future or coroutine.  When a timeout occurs,
        it cancels the task and raises TimeoutError.  To avoid the task
        cancellation, wrap it in shield().
    
        If the wait is cancelled, the task is also cancelled.
    
        If the task suppresses the cancellation and returns a value instead,
        that value is returned.
    
        This function is a coroutine.
        """
        # The special case for timeout <= 0 is for the following case:
        #
        # async def test_waitfor():
        #     func_started = False
        #
        #     async def func():
        #         nonlocal func_started
        #         func_started = True
        #
        #     try:
        #         await asyncio.wait_for(func(), 0)
        #     except asyncio.TimeoutError:
        #         assert not func_started
        #     else:
        #         assert False
        #
        # asyncio.run(test_waitfor())
    
    
        if timeout is not None and timeout <= 0:
            fut = ensure_future(fut)
    
            if fut.done():
                return fut.result()
    
            await _cancel_and_wait(fut)
            try:
                return fut.result()
            except exceptions.CancelledError as exc:
                raise TimeoutError from exc
    
        async with timeouts.timeout(timeout):
>           return await fut
                   ^^^^^^^^^

F:\py\Lib\asyncio\tasks.py:507: 
_ _ _ _ _ _ _ _ _ _ _ _ _ _ _ _ _ _ _ _ _ _ _ _ _ _ _ _ _ _ _ _ _ _ _ _ _ _ _ _
F:\py\Lib\site-packages\asgi_lifespan\_concurrency\asyncio.py:17: in wait
    await self._event.wait()
_ _ _ _ _ _ _ _ _ _ _ _ _ _ _ _ _ _ _ _ _ _ _ _ _ _ _ _ _ _ _ _ _ _ _ _ _ _ _ _

self = <asyncio.locks.Event object at 0x0000027C307F36E0 [set]>

    async def wait(self):
        """Block until the internal flag is true.
    
        If the internal flag is true on entry, return True
        immediately.  Otherwise, block until another task calls
        set() to set the flag to true, then return True.
        """
        if self._value:
            return True
    
        fut = self._get_loop().create_future()
        self._waiters.append(fut)
        try:
>           await fut
E           asyncio.exceptions.CancelledError

F:\py\Lib\asyncio\locks.py:213: CancelledError

The above exception was the direct cause of the following exception:

self = <asgi_lifespan._concurrency.asyncio.AsyncioBackend object at 0x0000027C304AAE70>
seconds = 5
coroutine = <bound method AsyncioEvent.wait of <asgi_lifespan._concurrency.asyncio.AsyncioEvent object at 0x0000027C3085C9B0>>

    async def run_and_fail_after(
        self,
        seconds: typing.Optional[float],
        coroutine: typing.Callable[[], typing.Awaitable[None]],
    ) -> None:
        try:
>           await asyncio.wait_for(coroutine(), timeout=seconds)

F:\py\Lib\site-packages\asgi_lifespan\_concurrency\asyncio.py:44: 
_ _ _ _ _ _ _ _ _ _ _ _ _ _ _ _ _ _ _ _ _ _ _ _ _ _ _ _ _ _ _ _ _ _ _ _ _ _ _ _
F:\py\Lib\asyncio\tasks.py:506: in wait_for
    async with timeouts.timeout(timeout):
               ^^^^^^^^^^^^^^^^^^^^^^^^^
_ _ _ _ _ _ _ _ _ _ _ _ _ _ _ _ _ _ _ _ _ _ _ _ _ _ _ _ _ _ _ _ _ _ _ _ _ _ _ _

self = <Timeout [expired]>
exc_type = <class 'asyncio.exceptions.CancelledError'>
exc_val = CancelledError(), exc_tb = <traceback object at 0x0000027C31EF7B40>

    async def __aexit__(
        self,
        exc_type: Optional[Type[BaseException]],
        exc_val: Optional[BaseException],
        exc_tb: Optional[TracebackType],
    ) -> Optional[bool]:
        assert self._state in (_State.ENTERED, _State.EXPIRING)
    
        if self._timeout_handler is not None:
            self._timeout_handler.cancel()
            self._timeout_handler = None
    
        if self._state is _State.EXPIRING:
            self._state = _State.EXPIRED
    
            if self._task.uncancel() <= self._cancelling and exc_type is not None:
                # Since there are no new cancel requests, we're
                # handling this.
                if issubclass(exc_type, exceptions.CancelledError):
>                   raise TimeoutError from exc_val
E                   TimeoutError

F:\py\Lib\asyncio\timeouts.py:116: TimeoutError

During handling of the above exception, another exception occurred:

    @pytest_asyncio.fixture
    async def client():
        """¥¥Ω® httpx AsyncClient£¨∞Û∂® FastAPI app£¨≤¢¥•∑¢ lifespan  ¬º˛°£"""
>       async with LifespanManager(app):
                   ^^^^^^^^^^^^^^^^^^^^

tests\test_api_games.py:27: 
_ _ _ _ _ _ _ _ _ _ _ _ _ _ _ _ _ _ _ _ _ _ _ _ _ _ _ _ _ _ _ _ _ _ _ _ _ _ _ _
F:\py\Lib\site-packages\asgi_lifespan\_manager.py:99: in __aenter__
    await self.startup()
F:\py\Lib\site-packages\asgi_lifespan\_manager.py:40: in startup
    await self._concurrency_backend.run_and_fail_after(
_ _ _ _ _ _ _ _ _ _ _ _ _ _ _ _ _ _ _ _ _ _ _ _ _ _ _ _ _ _ _ _ _ _ _ _ _ _ _ _

self = <asgi_lifespan._concurrency.asyncio.AsyncioBackend object at 0x0000027C304AAE70>
seconds = 5
coroutine = <bound method AsyncioEvent.wait of <asgi_lifespan._concurrency.asyncio.AsyncioEvent object at 0x0000027C3085C9B0>>

    async def run_and_fail_after(
        self,
        seconds: typing.Optional[float],
        coroutine: typing.Callable[[], typing.Awaitable[None]],
    ) -> None:
        try:
            await asyncio.wait_for(coroutine(), timeout=seconds)
        except asyncio.TimeoutError:
>           raise TimeoutError
E           TimeoutError

F:\py\Lib\site-packages\asgi_lifespan\_concurrency\asyncio.py:46: TimeoutError
---------------------------- Captured stderr setup ----------------------------
[2m2026-05-14T21:27:51.125948+08:00[0m [[32m[1minfo     [0m] [1mwerewolf_game_engine_starting [0m [[0m[1m[34mai_werewolf_core.main[0m][0m [36mversion[0m=[35m0.1.0[0m
[2m2026-05-14T21:27:51.126169+08:00[0m [[32m[1mdebug    [0m] [1mRedis ¡¨Ω”≥ÿ“—¥¥Ω®                  [0m [[0m[1m[34mai_werewolf_core.utils.redis_client[0m][0m [36mmax_connections[0m=[35m300[0m [36msocket_timeout[0m=[35m10[0m
----------------------------- Captured log setup ------------------------------
INFO     ai_werewolf_core.main:main.py:54 {'version': '0.1.0', 'event': 'werewolf_game_engine_starting', 'level': 'info', 'logger': 'ai_werewolf_core.main', 'timestamp': '2026-05-14T21:27:51.125948+08:00'}
DEBUG    ai_werewolf_core.utils.redis_client:redis_client.py:243 {'max_connections': 300, 'socket_timeout': 10, 'event': 'Redis ¡¨Ω”≥ÿ“—¥¥Ω®', 'level': 'debug', 'logger': 'ai_werewolf_core.utils.redis_client', 'timestamp': '2026-05-14T21:27:51.126169+08:00'}
______________________ ERROR at setup of test_list_games ______________________

    @pytest_asyncio.fixture
    async def client():
        """¥¥Ω® httpx AsyncClient£¨∞Û∂® FastAPI app£¨≤¢¥•∑¢ lifespan  ¬º˛°£"""
>       async with LifespanManager(app):
                   ^^^^^^^^^^^^^^^^^^^^

tests\test_api_games.py:27: 
_ _ _ _ _ _ _ _ _ _ _ _ _ _ _ _ _ _ _ _ _ _ _ _ _ _ _ _ _ _ _ _ _ _ _ _ _ _ _ _
F:\py\Lib\site-packages\asgi_lifespan\_manager.py:102: in __aenter__
    await self._exit_stack.aclose()
F:\py\Lib\contextlib.py:705: in aclose
    await self.__aexit__(None, None, None)
F:\py\Lib\contextlib.py:768: in __aexit__
    raise exc
F:\py\Lib\contextlib.py:751: in __aexit__
    cb_suppress = await cb(*exc_details)
                  ^^^^^^^^^^^^^^^^^^^^^^
F:\py\Lib\site-packages\asgi_lifespan\_concurrency\asyncio.py:80: in __aexit__
    await self.task
F:\py\Lib\site-packages\asgi_lifespan\_concurrency\asyncio.py:63: in run_and_silence_cancelled
    await self.coroutine()
F:\py\Lib\site-packages\asgi_lifespan\_manager.py:73: in run_app
    await self.app(scope, self.receive, self.send)
F:\py\Lib\site-packages\asgi_lifespan\_manager.py:13: in app_with_state
    await app(scope, receive, send)
F:\py\Lib\site-packages\fastapi\applications.py:1160: in __call__
    await super().__call__(scope, receive, send)
F:\py\Lib\site-packages\starlette\applications.py:107: in __call__
    await self.middleware_stack(scope, receive, send)
F:\py\Lib\site-packages\starlette\middleware\errors.py:151: in __call__
    await self.app(scope, receive, send)
F:\py\Lib\site-packages\starlette\middleware\cors.py:79: in __call__
    await self.app(scope, receive, send)
F:\py\Lib\site-packages\starlette\middleware\exceptions.py:49: in __call__
    await self.app(scope, receive, send)
F:\py\Lib\site-packages\fastapi\middleware\asyncexitstack.py:18: in __call__
    await self.app(scope, receive, send)
F:\py\Lib\site-packages\starlette\routing.py:716: in __call__
    await self.middleware_stack(scope, receive, send)
F:\py\Lib\site-packages\starlette\routing.py:725: in app
    await self.lifespan(scope, receive, send)
F:\py\Lib\site-packages\starlette\routing.py:694: in lifespan
    async with self.lifespan_context(app) as maybe_state:
               ^^^^^^^^^^^^^^^^^^^^^^^^^^
F:\py\Lib\contextlib.py:214: in __aenter__
    return await anext(self.gen)
           ^^^^^^^^^^^^^^^^^^^^^
F:\py\Lib\site-packages\fastapi\routing.py:212: in merged_lifespan
    async with original_context(app) as maybe_original_state:
               ^^^^^^^^^^^^^^^^^^^^^
F:\py\Lib\contextlib.py:214: in __aenter__
    return await anext(self.gen)
           ^^^^^^^^^^^^^^^^^^^^^
F:\py\Lib\site-packages\fastapi\routing.py:212: in merged_lifespan
    async with original_context(app) as maybe_original_state:
               ^^^^^^^^^^^^^^^^^^^^^
F:\py\Lib\contextlib.py:214: in __aenter__
    return await anext(self.gen)
           ^^^^^^^^^^^^^^^^^^^^^
F:\py\Lib\site-packages\fastapi\routing.py:212: in merged_lifespan
    async with original_context(app) as maybe_original_state:
               ^^^^^^^^^^^^^^^^^^^^^
F:\py\Lib\contextlib.py:214: in __aenter__
    return await anext(self.gen)
           ^^^^^^^^^^^^^^^^^^^^^
F:\py\Lib\site-packages\fastapi\routing.py:212: in merged_lifespan
    async with original_context(app) as maybe_original_state:
               ^^^^^^^^^^^^^^^^^^^^^
F:\py\Lib\contextlib.py:214: in __aenter__
    return await anext(self.gen)
           ^^^^^^^^^^^^^^^^^^^^^
F:\py\Lib\site-packages\fastapi\routing.py:212: in merged_lifespan
    async with original_context(app) as maybe_original_state:
               ^^^^^^^^^^^^^^^^^^^^^
F:\py\Lib\contextlib.py:214: in __aenter__
    return await anext(self.gen)
           ^^^^^^^^^^^^^^^^^^^^^
F:\py\Lib\site-packages\fastapi\routing.py:212: in merged_lifespan
    async with original_context(app) as maybe_original_state:
               ^^^^^^^^^^^^^^^^^^^^^
F:\py\Lib\contextlib.py:214: in __aenter__
    return await anext(self.gen)
           ^^^^^^^^^^^^^^^^^^^^^
ai_werewolf_core\main.py:70: in lifespan
    await ModelRegistry.init()
ai_werewolf_core\agents\model\registry.py:13: in init
    for cfg in settings.models:
               ^^^^^^^^^^^^^^^
_ _ _ _ _ _ _ _ _ _ _ _ _ _ _ _ _ _ _ _ _ _ _ _ _ _ _ _ _ _ _ _ _ _ _ _ _ _ _ _

self = Settings(crypto_key='123456', pg_host='192.168.100.128', pg_port=5432, pg_user='yilena', pg_password='XUWENBO219382', ...='postgresql+asyncpg://yilena:XUWENBO219382@192.168.100.128:5432/werewolf', redis_url='redis://192.168.100.128:6379/1')
item = 'models'

    def __getattr__(self, item: str) -> Any:
        private_attributes = object.__getattribute__(self, '__private_attributes__')
        if item in private_attributes:
            attribute = private_attributes[item]
            if hasattr(attribute, '__get__'):
                return attribute.__get__(self, type(self))  # type: ignore
    
            try:
                # Note: self.__pydantic_private__ cannot be None if self.__private_attributes__ has items
                return self.__pydantic_private__[item]  # type: ignore
            except KeyError as exc:
                raise AttributeError(f'{type(self).__name__!r} object has no attribute {item!r}') from exc
        else:
            # `__pydantic_extra__` can fail to be set if the model is not yet fully initialized.
            # See `BaseModel.__repr_args__` for more details
            try:
                pydantic_extra = object.__getattribute__(self, '__pydantic_extra__')
            except AttributeError:
                pydantic_extra = None
    
            if pydantic_extra:
                try:
                    return pydantic_extra[item]
                except KeyError as exc:
                    raise AttributeError(f'{type(self).__name__!r} object has no attribute {item!r}') from exc
            else:
                if hasattr(self.__class__, item):
                    return super().__getattribute__(item)  # Raises AttributeError if appropriate
                else:
                    # this is the current error
>                   raise AttributeError(f'{type(self).__name__!r} object has no attribute {item!r}')
E                   AttributeError: 'Settings' object has no attribute 'models'

F:\py\Lib\site-packages\pydantic\main.py:991: AttributeError
---------------------------- Captured stderr setup ----------------------------
[2m2026-05-14T21:27:56.164423+08:00[0m [[32m[1minfo     [0m] [1mwerewolf_game_engine_starting [0m [[0m[1m[34mai_werewolf_core.main[0m][0m [36mversion[0m=[35m0.1.0[0m
[2m2026-05-14T21:27:56.164639+08:00[0m [[32m[1mdebug    [0m] [1mRedis ¡¨Ω”≥ÿ“—¥¥Ω®                  [0m [[0m[1m[34mai_werewolf_core.utils.redis_client[0m][0m [36mmax_connections[0m=[35m300[0m [36msocket_timeout[0m=[35m10[0m
[2m2026-05-14T21:28:01.167030+08:00[0m [[31m[1merror    [0m] [1mRedis ¡¨Ω”—È÷§ ß∞‹ (PING)           [0m [[0m[1m[34mai_werewolf_core.utils.redis_client[0m][0m [36merror[0m=[35m"Error while reading from 192.168.100.128:6379 : (22, '÷∏∂®µƒÕ¯¬Á√˚≤ª‘Ÿø…”√°£', None, 64, None)"[0m [36mhost[0m=[35m192.168.100.128[0m [36mport[0m=[35m6379[0m
Traceback (most recent call last):
  File "F:\py\Lib\asyncio\windows_events.py", line 463, in finish_socket_func
    return ov.getresult()
           ~~~~~~~~~~~~^^
OSError: [WinError 64] ÷∏∂®µƒÕ¯¬Á√˚≤ª‘Ÿø…”√°£

During handling of the above exception, another exception occurred:

Traceback (most recent call last):
  File "F:\py\Lib\site-packages\redis\asyncio\connection.py", line 725, in read_response
    response = await self._parser.read_response(
               ^^^^^^^^^^^^^^^^^^^^^^^^^^^^^^^^^
        disable_decoding=disable_decoding
        ^^^^^^^^^^^^^^^^^^^^^^^^^^^^^^^^^
    )
    ^
  File "F:\py\Lib\site-packages\redis\_parsers\resp2.py", line 82, in read_response
    response = await self._read_response(disable_decoding=disable_decoding)
               ^^^^^^^^^^^^^^^^^^^^^^^^^^^^^^^^^^^^^^^^^^^^^^^^^^^^^^^^^^^^
  File "F:\py\Lib\site-packages\redis\_parsers\resp2.py", line 90, in _read_response
    raw = await self._readline()
          ^^^^^^^^^^^^^^^^^^^^^^
  File "F:\py\Lib\site-packages\redis\_parsers\base.py", line 559, in _readline
    data = await self._stream.readline()
           ^^^^^^^^^^^^^^^^^^^^^^^^^^^^^
  File "F:\py\Lib\asyncio\streams.py", line 562, in readline
    line = await self.readuntil(sep)
           ^^^^^^^^^^^^^^^^^^^^^^^^^
  File "F:\py\Lib\asyncio\streams.py", line 677, in readuntil
    await self._wait_for_data('readuntil')
  File "F:\py\Lib\asyncio\streams.py", line 539, in _wait_for_data
    await self._waiter
  File "F:\py\Lib\asyncio\proactor_events.py", line 286, in _loop_reading
    length = fut.result()
  File "F:\py\Lib\asyncio\windows_events.py", line 804, in _poll
    value = callback(transferred, key, ov)
  File "F:\py\Lib\asyncio\windows_events.py", line 467, in finish_socket_func
    raise ConnectionResetError(*exc.args)
ConnectionResetError: [WinError 64] ÷∏∂®µƒÕ¯¬Á√˚≤ª‘Ÿø…”√°£

During handling of the above exception, another exception occurred:

Traceback (most recent call last):
  File "F:\YilenaCode\Werewolf\ai_werewolf_core\utils\redis_client.py", line 128, in get_client
    await cls._client.ping()
  File "F:\py\Lib\site-packages\redis\asyncio\client.py", line 764, in execute_command
    conn = self.connection or await pool.get_connection()
                              ^^^^^^^^^^^^^^^^^^^^^^^^^^^
  File "F:\py\Lib\site-packages\redis\utils.py", line 227, in async_wrapper
    return await func(*args, **kwargs)
           ^^^^^^^^^^^^^^^^^^^^^^^^^^^
  File "F:\py\Lib\site-packages\redis\asyncio\connection.py", line 1351, in get_connection
    await self.ensure_connection(connection)
  File "F:\py\Lib\site-packages\redis\asyncio\connection.py", line 1390, in ensure_connection
    await connection.connect()
  File "F:\py\Lib\site-packages\redis\asyncio\connection.py", line 339, in connect
    await self.retry.call_with_retry(
    ...<7 lines>...
    )
  File "F:\py\Lib\site-packages\redis\asyncio\retry.py", line 81, in call_with_retry
    raise error
  File "F:\py\Lib\site-packages\redis\asyncio\retry.py", line 69, in call_with_retry
    return await do()
           ^^^^^^^^^^
  File "F:\py\Lib\site-packages\redis\asyncio\connection.py", line 403, in connect_check_health
    await self.on_connect_check_health(check_health=check_health)
  File "F:\py\Lib\site-packages\redis\asyncio\connection.py", line 560, in on_connect_check_health
    await self.read_response()
  File "F:\py\Lib\site-packages\redis\asyncio\connection.py", line 747, in read_response
    raise ConnectionError(f"Error while reading from {host_error} : {e.args}")
redis.exceptions.ConnectionError: Error while reading from 192.168.100.128:6379 : (22, '÷∏∂®µƒÕ¯¬Á√˚≤ª‘Ÿø…”√°£', None, 64, None)
[2m2026-05-14T21:28:01.169071+08:00[0m [[33m[1mwarning  [0m] [1mredis_connection_failed_at_startup[0m [[0m[1m[34mai_werewolf_core.main[0m][0m [36merror[0m=[35m"Error while reading from 192.168.100.128:6379 : (22, '÷∏∂®µƒÕ¯¬Á√˚≤ª‘Ÿø…”√°£', None, 64, None)"[0m
----------------------------- Captured log setup ------------------------------
INFO     ai_werewolf_core.main:main.py:54 {'version': '0.1.0', 'event': 'werewolf_game_engine_starting', 'level': 'info', 'logger': 'ai_werewolf_core.main', 'timestamp': '2026-05-14T21:27:56.164423+08:00'}
DEBUG    ai_werewolf_core.utils.redis_client:redis_client.py:243 {'max_connections': 300, 'socket_timeout': 10, 'event': 'Redis ¡¨Ω”≥ÿ“—¥¥Ω®', 'level': 'debug', 'logger': 'ai_werewolf_core.utils.redis_client', 'timestamp': '2026-05-14T21:27:56.164639+08:00'}
ERROR    ai_werewolf_core.utils.redis_client:redis_client.py:130 {'host': '192.168.100.128', 'port': 6379, 'error': "Error while reading from 192.168.100.128:6379 : (22, '÷∏∂®µƒÕ¯¬Á√˚≤ª‘Ÿø…”√°£', None, 64, None)", 'event': 'Redis ¡¨Ω”—È÷§ ß∞‹ (PING)', 'level': 'error', 'logger': 'ai_werewolf_core.utils.redis_client', 'timestamp': '2026-05-14T21:28:01.167030+08:00', 'exception': 'Traceback (most recent call last):\n  File "F:\\py\\Lib\\asyncio\\windows_events.py", line 463, in finish_socket_func\n    return ov.getresult()\n           ~~~~~~~~~~~~^^\nOSError: [WinError 64] ÷∏∂®µƒÕ¯¬Á√˚≤ª‘Ÿø…”√°£\n\nDuring handling of the above exception, another exception occurred:\n\nTraceback (most recent call last):\n  File "F:\\py\\Lib\\site-packages\\redis\\asyncio\\connection.py", line 725, in read_response\n    response = await self._parser.read_response(\n               ^^^^^^^^^^^^^^^^^^^^^^^^^^^^^^^^^\n        disable_decoding=disable_decoding\n        ^^^^^^^^^^^^^^^^^^^^^^^^^^^^^^^^^\n    )\n    ^\n  File "F:\\py\\Lib\\site-packages\\redis\\_parsers\\resp2.py", line 82, in read_response\n    response = await self._read_response(disable_decoding=disable_decoding)\n               ^^^^^^^^^^^^^^^^^^^^^^^^^^^^^^^^^^^^^^^^^^^^^^^^^^^^^^^^^^^^\n  File "F:\\py\\Lib\\site-packages\\redis\\_parsers\\resp2.py", line 90, in _read_response\n    raw = await self._readline()\n          ^^^^^^^^^^^^^^^^^^^^^^\n  File "F:\\py\\Lib\\site-packages\\redis\\_parsers\\base.py", line 559, in _readline\n    data = await self._stream.readline()\n           ^^^^^^^^^^^^^^^^^^^^^^^^^^^^^\n  File "F:\\py\\Lib\\asyncio\\streams.py", line 562, in readline\n    line = await self.readuntil(sep)\n           ^^^^^^^^^^^^^^^^^^^^^^^^^\n  File "F:\\py\\Lib\\asyncio\\streams.py", line 677, in readuntil\n    await self._wait_for_data(\'readuntil\')\n  File "F:\\py\\Lib\\asyncio\\streams.py", line 539, in _wait_for_data\n    await self._waiter\n  File "F:\\py\\Lib\\asyncio\\proactor_events.py", line 286, in _loop_reading\n    length = fut.result()\n  File "F:\\py\\Lib\\asyncio\\windows_events.py", line 804, in _poll\n    value = callback(transferred, key, ov)\n  File "F:\\py\\Lib\\asyncio\\windows_events.py", line 467, in finish_socket_func\n    raise ConnectionResetError(*exc.args)\nConnectionResetError: [WinError 64] ÷∏∂®µƒÕ¯¬Á√˚≤ª‘Ÿø…”√°£\n\nDuring handling of the above exception, another exception occurred:\n\nTraceback (most recent call last):\n  File "F:\\YilenaCode\\Werewolf\\ai_werewolf_core\\utils\\redis_client.py", line 128, in get_client\n    await cls._client.ping()\n  File "F:\\py\\Lib\\site-packages\\redis\\asyncio\\client.py", line 764, in execute_command\n    conn = self.connection or await pool.get_connection()\n                              ^^^^^^^^^^^^^^^^^^^^^^^^^^^\n  File "F:\\py\\Lib\\site-packages\\redis\\utils.py", line 227, in async_wrapper\n    return await func(*args, **kwargs)\n           ^^^^^^^^^^^^^^^^^^^^^^^^^^^\n  File "F:\\py\\Lib\\site-packages\\redis\\asyncio\\connection.py", line 1351, in get_connection\n    await self.ensure_connection(connection)\n  File "F:\\py\\Lib\\site-packages\\redis\\asyncio\\connection.py", line 1390, in ensure_connection\n    await connection.connect()\n  File "F:\\py\\Lib\\site-packages\\redis\\asyncio\\connection.py", line 339, in connect\n    await self.retry.call_with_retry(\n    ...<7 lines>...\n    )\n  File "F:\\py\\Lib\\site-packages\\redis\\asyncio\\retry.py", line 81, in call_with_retry\n    raise error\n  File "F:\\py\\Lib\\site-packages\\redis\\asyncio\\retry.py", line 69, in call_with_retry\n    return await do()\n           ^^^^^^^^^^\n  File "F:\\py\\Lib\\site-packages\\redis\\asyncio\\connection.py", line 403, in connect_check_health\n    await self.on_connect_check_health(check_health=check_health)\n  File "F:\\py\\Lib\\site-packages\\redis\\asyncio\\connection.py", line 560, in on_connect_check_health\n    await self.read_response()\n  File "F:\\py\\Lib\\site-packages\\redis\\asyncio\\connection.py", line 747, in read_response\n    raise ConnectionError(f"Error while reading from {host_error} : {e.args}")\nredis.exceptions.ConnectionError: Error while reading from 192.168.100.128:6379 : (22, \'÷∏∂®µƒÕ¯¬Á√˚≤ª‘Ÿø…”√°£\', None, 64, None)'}
WARNING  ai_werewolf_core.main:main.py:66 {'error': "Error while reading from 192.168.100.128:6379 : (22, '÷∏∂®µƒÕ¯¬Á√˚≤ª‘Ÿø…”√°£', None, 64, None)", 'event': 'redis_connection_failed_at_startup', 'level': 'warning', 'logger': 'ai_werewolf_core.main', 'timestamp': '2026-05-14T21:28:01.169071+08:00'}
______________________ ERROR at setup of test_join_game _______________________

fut = <coroutine object AsyncioEvent.wait at 0x0000027C30837400>, timeout = 5

    async def wait_for(fut, timeout):
        """Wait for the single Future or coroutine to complete, with timeout.
    
        Coroutine will be wrapped in Task.
    
        Returns result of the Future or coroutine.  When a timeout occurs,
        it cancels the task and raises TimeoutError.  To avoid the task
        cancellation, wrap it in shield().
    
        If the wait is cancelled, the task is also cancelled.
    
        If the task suppresses the cancellation and returns a value instead,
        that value is returned.
    
        This function is a coroutine.
        """
        # The special case for timeout <= 0 is for the following case:
        #
        # async def test_waitfor():
        #     func_started = False
        #
        #     async def func():
        #         nonlocal func_started
        #         func_started = True
        #
        #     try:
        #         await asyncio.wait_for(func(), 0)
        #     except asyncio.TimeoutError:
        #         assert not func_started
        #     else:
        #         assert False
        #
        # asyncio.run(test_waitfor())
    
    
        if timeout is not None and timeout <= 0:
            fut = ensure_future(fut)
    
            if fut.done():
                return fut.result()
    
            await _cancel_and_wait(fut)
            try:
                return fut.result()
            except exceptions.CancelledError as exc:
                raise TimeoutError from exc
    
        async with timeouts.timeout(timeout):
>           return await fut
                   ^^^^^^^^^

F:\py\Lib\asyncio\tasks.py:507: 
_ _ _ _ _ _ _ _ _ _ _ _ _ _ _ _ _ _ _ _ _ _ _ _ _ _ _ _ _ _ _ _ _ _ _ _ _ _ _ _
F:\py\Lib\site-packages\asgi_lifespan\_concurrency\asyncio.py:17: in wait
    await self._event.wait()
_ _ _ _ _ _ _ _ _ _ _ _ _ _ _ _ _ _ _ _ _ _ _ _ _ _ _ _ _ _ _ _ _ _ _ _ _ _ _ _

self = <asyncio.locks.Event object at 0x0000027C30828B30 [set]>

    async def wait(self):
        """Block until the internal flag is true.
    
        If the internal flag is true on entry, return True
        immediately.  Otherwise, block until another task calls
        set() to set the flag to true, then return True.
        """
        if self._value:
            return True
    
        fut = self._get_loop().create_future()
        self._waiters.append(fut)
        try:
>           await fut
E           asyncio.exceptions.CancelledError

F:\py\Lib\asyncio\locks.py:213: CancelledError

The above exception was the direct cause of the following exception:

self = <asgi_lifespan._concurrency.asyncio.AsyncioBackend object at 0x0000027C30572470>
seconds = 5
coroutine = <bound method AsyncioEvent.wait of <asgi_lifespan._concurrency.asyncio.AsyncioEvent object at 0x0000027C3074EC30>>

    async def run_and_fail_after(
        self,
        seconds: typing.Optional[float],
        coroutine: typing.Callable[[], typing.Awaitable[None]],
    ) -> None:
        try:
>           await asyncio.wait_for(coroutine(), timeout=seconds)

F:\py\Lib\site-packages\asgi_lifespan\_concurrency\asyncio.py:44: 
_ _ _ _ _ _ _ _ _ _ _ _ _ _ _ _ _ _ _ _ _ _ _ _ _ _ _ _ _ _ _ _ _ _ _ _ _ _ _ _
F:\py\Lib\asyncio\tasks.py:506: in wait_for
    async with timeouts.timeout(timeout):
               ^^^^^^^^^^^^^^^^^^^^^^^^^
_ _ _ _ _ _ _ _ _ _ _ _ _ _ _ _ _ _ _ _ _ _ _ _ _ _ _ _ _ _ _ _ _ _ _ _ _ _ _ _

self = <Timeout [expired]>
exc_type = <class 'asyncio.exceptions.CancelledError'>
exc_val = CancelledError(), exc_tb = <traceback object at 0x0000027C31EEE480>

    async def __aexit__(
        self,
        exc_type: Optional[Type[BaseException]],
        exc_val: Optional[BaseException],
        exc_tb: Optional[TracebackType],
    ) -> Optional[bool]:
        assert self._state in (_State.ENTERED, _State.EXPIRING)
    
        if self._timeout_handler is not None:
            self._timeout_handler.cancel()
            self._timeout_handler = None
    
        if self._state is _State.EXPIRING:
            self._state = _State.EXPIRED
    
            if self._task.uncancel() <= self._cancelling and exc_type is not None:
                # Since there are no new cancel requests, we're
                # handling this.
                if issubclass(exc_type, exceptions.CancelledError):
>                   raise TimeoutError from exc_val
E                   TimeoutError

F:\py\Lib\asyncio\timeouts.py:116: TimeoutError

During handling of the above exception, another exception occurred:

    @pytest_asyncio.fixture
    async def client():
        """¥¥Ω® httpx AsyncClient£¨∞Û∂® FastAPI app£¨≤¢¥•∑¢ lifespan  ¬º˛°£"""
>       async with LifespanManager(app):
                   ^^^^^^^^^^^^^^^^^^^^

tests\test_api_games.py:27: 
_ _ _ _ _ _ _ _ _ _ _ _ _ _ _ _ _ _ _ _ _ _ _ _ _ _ _ _ _ _ _ _ _ _ _ _ _ _ _ _
F:\py\Lib\site-packages\asgi_lifespan\_manager.py:99: in __aenter__
    await self.startup()
F:\py\Lib\site-packages\asgi_lifespan\_manager.py:40: in startup
    await self._concurrency_backend.run_and_fail_after(
_ _ _ _ _ _ _ _ _ _ _ _ _ _ _ _ _ _ _ _ _ _ _ _ _ _ _ _ _ _ _ _ _ _ _ _ _ _ _ _

self = <asgi_lifespan._concurrency.asyncio.AsyncioBackend object at 0x0000027C30572470>
seconds = 5
coroutine = <bound method AsyncioEvent.wait of <asgi_lifespan._concurrency.asyncio.AsyncioEvent object at 0x0000027C3074EC30>>

    async def run_and_fail_after(
        self,
        seconds: typing.Optional[float],
        coroutine: typing.Callable[[], typing.Awaitable[None]],
    ) -> None:
        try:
            await asyncio.wait_for(coroutine(), timeout=seconds)
        except asyncio.TimeoutError:
>           raise TimeoutError
E           TimeoutError

F:\py\Lib\site-packages\asgi_lifespan\_concurrency\asyncio.py:46: TimeoutError
---------------------------- Captured stderr setup ----------------------------
[2m2026-05-14T21:28:01.356942+08:00[0m [[32m[1minfo     [0m] [1mwerewolf_game_engine_starting [0m [[0m[1m[34mai_werewolf_core.main[0m][0m [36mversion[0m=[35m0.1.0[0m
[2m2026-05-14T21:28:01.357210+08:00[0m [[32m[1mdebug    [0m] [1mRedis ¡¨Ω”≥ÿ“—¥¥Ω®                  [0m [[0m[1m[34mai_werewolf_core.utils.redis_client[0m][0m [36mmax_connections[0m=[35m300[0m [36msocket_timeout[0m=[35m10[0m
----------------------------- Captured log setup ------------------------------
INFO     ai_werewolf_core.main:main.py:54 {'version': '0.1.0', 'event': 'werewolf_game_engine_starting', 'level': 'info', 'logger': 'ai_werewolf_core.main', 'timestamp': '2026-05-14T21:28:01.356942+08:00'}
DEBUG    ai_werewolf_core.utils.redis_client:redis_client.py:243 {'max_connections': 300, 'socket_timeout': 10, 'event': 'Redis ¡¨Ω”≥ÿ“—¥¥Ω®', 'level': 'debug', 'logger': 'ai_werewolf_core.utils.redis_client', 'timestamp': '2026-05-14T21:28:01.357210+08:00'}
_____________________ ERROR at setup of test_health_check _____________________

    @pytest_asyncio.fixture
    async def client():
        """¥¥Ω® httpx AsyncClient£¨∞Û∂® FastAPI app£¨≤¢¥•∑¢ lifespan  ¬º˛°£"""
>       async with LifespanManager(app):
                   ^^^^^^^^^^^^^^^^^^^^

tests\test_api_games.py:27: 
_ _ _ _ _ _ _ _ _ _ _ _ _ _ _ _ _ _ _ _ _ _ _ _ _ _ _ _ _ _ _ _ _ _ _ _ _ _ _ _
F:\py\Lib\site-packages\asgi_lifespan\_manager.py:102: in __aenter__
    await self._exit_stack.aclose()
F:\py\Lib\contextlib.py:705: in aclose
    await self.__aexit__(None, None, None)
F:\py\Lib\contextlib.py:768: in __aexit__
    raise exc
F:\py\Lib\contextlib.py:751: in __aexit__
    cb_suppress = await cb(*exc_details)
                  ^^^^^^^^^^^^^^^^^^^^^^
F:\py\Lib\site-packages\asgi_lifespan\_concurrency\asyncio.py:80: in __aexit__
    await self.task
F:\py\Lib\site-packages\asgi_lifespan\_concurrency\asyncio.py:63: in run_and_silence_cancelled
    await self.coroutine()
F:\py\Lib\site-packages\asgi_lifespan\_manager.py:73: in run_app
    await self.app(scope, self.receive, self.send)
F:\py\Lib\site-packages\asgi_lifespan\_manager.py:13: in app_with_state
    await app(scope, receive, send)
F:\py\Lib\site-packages\fastapi\applications.py:1160: in __call__
    await super().__call__(scope, receive, send)
F:\py\Lib\site-packages\starlette\applications.py:107: in __call__
    await self.middleware_stack(scope, receive, send)
F:\py\Lib\site-packages\starlette\middleware\errors.py:151: in __call__
    await self.app(scope, receive, send)
F:\py\Lib\site-packages\starlette\middleware\cors.py:79: in __call__
    await self.app(scope, receive, send)
F:\py\Lib\site-packages\starlette\middleware\exceptions.py:49: in __call__
    await self.app(scope, receive, send)
F:\py\Lib\site-packages\fastapi\middleware\asyncexitstack.py:18: in __call__
    await self.app(scope, receive, send)
F:\py\Lib\site-packages\starlette\routing.py:716: in __call__
    await self.middleware_stack(scope, receive, send)
F:\py\Lib\site-packages\starlette\routing.py:725: in app
    await self.lifespan(scope, receive, send)
F:\py\Lib\site-packages\starlette\routing.py:694: in lifespan
    async with self.lifespan_context(app) as maybe_state:
               ^^^^^^^^^^^^^^^^^^^^^^^^^^
F:\py\Lib\contextlib.py:214: in __aenter__
    return await anext(self.gen)
           ^^^^^^^^^^^^^^^^^^^^^
F:\py\Lib\site-packages\fastapi\routing.py:212: in merged_lifespan
    async with original_context(app) as maybe_original_state:
               ^^^^^^^^^^^^^^^^^^^^^
F:\py\Lib\contextlib.py:214: in __aenter__
    return await anext(self.gen)
           ^^^^^^^^^^^^^^^^^^^^^
F:\py\Lib\site-packages\fastapi\routing.py:212: in merged_lifespan
    async with original_context(app) as maybe_original_state:
               ^^^^^^^^^^^^^^^^^^^^^
F:\py\Lib\contextlib.py:214: in __aenter__
    return await anext(self.gen)
           ^^^^^^^^^^^^^^^^^^^^^
F:\py\Lib\site-packages\fastapi\routing.py:212: in merged_lifespan
    async with original_context(app) as maybe_original_state:
               ^^^^^^^^^^^^^^^^^^^^^
F:\py\Lib\contextlib.py:214: in __aenter__
    return await anext(self.gen)
           ^^^^^^^^^^^^^^^^^^^^^
F:\py\Lib\site-packages\fastapi\routing.py:212: in merged_lifespan
    async with original_context(app) as maybe_original_state:
               ^^^^^^^^^^^^^^^^^^^^^
F:\py\Lib\contextlib.py:214: in __aenter__
    return await anext(self.gen)
           ^^^^^^^^^^^^^^^^^^^^^
F:\py\Lib\site-packages\fastapi\routing.py:212: in merged_lifespan
    async with original_context(app) as maybe_original_state:
               ^^^^^^^^^^^^^^^^^^^^^
F:\py\Lib\contextlib.py:214: in __aenter__
    return await anext(self.gen)
           ^^^^^^^^^^^^^^^^^^^^^
F:\py\Lib\site-packages\fastapi\routing.py:212: in merged_lifespan
    async with original_context(app) as maybe_original_state:
               ^^^^^^^^^^^^^^^^^^^^^
F:\py\Lib\contextlib.py:214: in __aenter__
    return await anext(self.gen)
           ^^^^^^^^^^^^^^^^^^^^^
ai_werewolf_core\main.py:70: in lifespan
    await ModelRegistry.init()
ai_werewolf_core\agents\model\registry.py:13: in init
    for cfg in settings.models:
               ^^^^^^^^^^^^^^^
_ _ _ _ _ _ _ _ _ _ _ _ _ _ _ _ _ _ _ _ _ _ _ _ _ _ _ _ _ _ _ _ _ _ _ _ _ _ _ _

self = Settings(crypto_key='123456', pg_host='192.168.100.128', pg_port=5432, pg_user='yilena', pg_password='XUWENBO219382', ...='postgresql+asyncpg://yilena:XUWENBO219382@192.168.100.128:5432/werewolf', redis_url='redis://192.168.100.128:6379/1')
item = 'models'

    def __getattr__(self, item: str) -> Any:
        private_attributes = object.__getattribute__(self, '__private_attributes__')
        if item in private_attributes:
            attribute = private_attributes[item]
            if hasattr(attribute, '__get__'):
                return attribute.__get__(self, type(self))  # type: ignore
    
            try:
                # Note: self.__pydantic_private__ cannot be None if self.__private_attributes__ has items
                return self.__pydantic_private__[item]  # type: ignore
            except KeyError as exc:
                raise AttributeError(f'{type(self).__name__!r} object has no attribute {item!r}') from exc
        else:
            # `__pydantic_extra__` can fail to be set if the model is not yet fully initialized.
            # See `BaseModel.__repr_args__` for more details
            try:
                pydantic_extra = object.__getattribute__(self, '__pydantic_extra__')
            except AttributeError:
                pydantic_extra = None
    
            if pydantic_extra:
                try:
                    return pydantic_extra[item]
                except KeyError as exc:
                    raise AttributeError(f'{type(self).__name__!r} object has no attribute {item!r}') from exc
            else:
                if hasattr(self.__class__, item):
                    return super().__getattribute__(item)  # Raises AttributeError if appropriate
                else:
                    # this is the current error
>                   raise AttributeError(f'{type(self).__name__!r} object has no attribute {item!r}')
E                   AttributeError: 'Settings' object has no attribute 'models'

F:\py\Lib\site-packages\pydantic\main.py:991: AttributeError
---------------------------- Captured stderr setup ----------------------------
[2m2026-05-14T21:28:06.399824+08:00[0m [[32m[1minfo     [0m] [1mwerewolf_game_engine_starting [0m [[0m[1m[34mai_werewolf_core.main[0m][0m [36mversion[0m=[35m0.1.0[0m
[2m2026-05-14T21:28:06.400122+08:00[0m [[32m[1mdebug    [0m] [1mRedis ¡¨Ω”≥ÿ“—¥¥Ω®                  [0m [[0m[1m[34mai_werewolf_core.utils.redis_client[0m][0m [36mmax_connections[0m=[35m300[0m [36msocket_timeout[0m=[35m10[0m
[2m2026-05-14T21:28:11.403117+08:00[0m [[31m[1merror    [0m] [1mRedis ¡¨Ω”—È÷§ ß∞‹ (PING)           [0m [[0m[1m[34mai_werewolf_core.utils.redis_client[0m][0m [36merror[0m=[35m"Error while reading from 192.168.100.128:6379 : (22, '÷∏∂®µƒÕ¯¬Á√˚≤ª‘Ÿø…”√°£', None, 64, None)"[0m [36mhost[0m=[35m192.168.100.128[0m [36mport[0m=[35m6379[0m
Traceback (most recent call last):
  File "F:\py\Lib\asyncio\windows_events.py", line 463, in finish_socket_func
    return ov.getresult()
           ~~~~~~~~~~~~^^
OSError: [WinError 64] ÷∏∂®µƒÕ¯¬Á√˚≤ª‘Ÿø…”√°£

During handling of the above exception, another exception occurred:

Traceback (most recent call last):
  File "F:\py\Lib\site-packages\redis\asyncio\connection.py", line 725, in read_response
    response = await self._parser.read_response(
               ^^^^^^^^^^^^^^^^^^^^^^^^^^^^^^^^^
        disable_decoding=disable_decoding
        ^^^^^^^^^^^^^^^^^^^^^^^^^^^^^^^^^
    )
    ^
  File "F:\py\Lib\site-packages\redis\_parsers\resp2.py", line 82, in read_response
    response = await self._read_response(disable_decoding=disable_decoding)
               ^^^^^^^^^^^^^^^^^^^^^^^^^^^^^^^^^^^^^^^^^^^^^^^^^^^^^^^^^^^^
  File "F:\py\Lib\site-packages\redis\_parsers\resp2.py", line 90, in _read_response
    raw = await self._readline()
          ^^^^^^^^^^^^^^^^^^^^^^
  File "F:\py\Lib\site-packages\redis\_parsers\base.py", line 559, in _readline
    data = await self._stream.readline()
           ^^^^^^^^^^^^^^^^^^^^^^^^^^^^^
  File "F:\py\Lib\asyncio\streams.py", line 562, in readline
    line = await self.readuntil(sep)
           ^^^^^^^^^^^^^^^^^^^^^^^^^
  File "F:\py\Lib\asyncio\streams.py", line 677, in readuntil
    await self._wait_for_data('readuntil')
  File "F:\py\Lib\asyncio\streams.py", line 539, in _wait_for_data
    await self._waiter
  File "F:\py\Lib\asyncio\proactor_events.py", line 286, in _loop_reading
    length = fut.result()
  File "F:\py\Lib\asyncio\windows_events.py", line 804, in _poll
    value = callback(transferred, key, ov)
  File "F:\py\Lib\asyncio\windows_events.py", line 467, in finish_socket_func
    raise ConnectionResetError(*exc.args)
ConnectionResetError: [WinError 64] ÷∏∂®µƒÕ¯¬Á√˚≤ª‘Ÿø…”√°£

During handling of the above exception, another exception occurred:

Traceback (most recent call last):
  File "F:\YilenaCode\Werewolf\ai_werewolf_core\utils\redis_client.py", line 128, in get_client
    await cls._client.ping()
  File "F:\py\Lib\site-packages\redis\asyncio\client.py", line 764, in execute_command
    conn = self.connection or await pool.get_connection()
                              ^^^^^^^^^^^^^^^^^^^^^^^^^^^
  File "F:\py\Lib\site-packages\redis\utils.py", line 227, in async_wrapper
    return await func(*args, **kwargs)
           ^^^^^^^^^^^^^^^^^^^^^^^^^^^
  File "F:\py\Lib\site-packages\redis\asyncio\connection.py", line 1351, in get_connection
    await self.ensure_connection(connection)
  File "F:\py\Lib\site-packages\redis\asyncio\connection.py", line 1390, in ensure_connection
    await connection.connect()
  File "F:\py\Lib\site-packages\redis\asyncio\connection.py", line 339, in connect
    await self.retry.call_with_retry(
    ...<7 lines>...
    )
  File "F:\py\Lib\site-packages\redis\asyncio\retry.py", line 81, in call_with_retry
    raise error
  File "F:\py\Lib\site-packages\redis\asyncio\retry.py", line 69, in call_with_retry
    return await do()
           ^^^^^^^^^^
  File "F:\py\Lib\site-packages\redis\asyncio\connection.py", line 403, in connect_check_health
    await self.on_connect_check_health(check_health=check_health)
  File "F:\py\Lib\site-packages\redis\asyncio\connection.py", line 560, in on_connect_check_health
    await self.read_response()
  File "F:\py\Lib\site-packages\redis\asyncio\connection.py", line 747, in read_response
    raise ConnectionError(f"Error while reading from {host_error} : {e.args}")
redis.exceptions.ConnectionError: Error while reading from 192.168.100.128:6379 : (22, '÷∏∂®µƒÕ¯¬Á√˚≤ª‘Ÿø…”√°£', None, 64, None)
[2m2026-05-14T21:28:11.405810+08:00[0m [[33m[1mwarning  [0m] [1mredis_connection_failed_at_startup[0m [[0m[1m[34mai_werewolf_core.main[0m][0m [36merror[0m=[35m"Error while reading from 192.168.100.128:6379 : (22, '÷∏∂®µƒÕ¯¬Á√˚≤ª‘Ÿø…”√°£', None, 64, None)"[0m
----------------------------- Captured log setup ------------------------------
INFO     ai_werewolf_core.main:main.py:54 {'version': '0.1.0', 'event': 'werewolf_game_engine_starting', 'level': 'info', 'logger': 'ai_werewolf_core.main', 'timestamp': '2026-05-14T21:28:06.399824+08:00'}
DEBUG    ai_werewolf_core.utils.redis_client:redis_client.py:243 {'max_connections': 300, 'socket_timeout': 10, 'event': 'Redis ¡¨Ω”≥ÿ“—¥¥Ω®', 'level': 'debug', 'logger': 'ai_werewolf_core.utils.redis_client', 'timestamp': '2026-05-14T21:28:06.400122+08:00'}
ERROR    ai_werewolf_core.utils.redis_client:redis_client.py:130 {'host': '192.168.100.128', 'port': 6379, 'error': "Error while reading from 192.168.100.128:6379 : (22, '÷∏∂®µƒÕ¯¬Á√˚≤ª‘Ÿø…”√°£', None, 64, None)", 'event': 'Redis ¡¨Ω”—È÷§ ß∞‹ (PING)', 'level': 'error', 'logger': 'ai_werewolf_core.utils.redis_client', 'timestamp': '2026-05-14T21:28:11.403117+08:00', 'exception': 'Traceback (most recent call last):\n  File "F:\\py\\Lib\\asyncio\\windows_events.py", line 463, in finish_socket_func\n    return ov.getresult()\n           ~~~~~~~~~~~~^^\nOSError: [WinError 64] ÷∏∂®µƒÕ¯¬Á√˚≤ª‘Ÿø…”√°£\n\nDuring handling of the above exception, another exception occurred:\n\nTraceback (most recent call last):\n  File "F:\\py\\Lib\\site-packages\\redis\\asyncio\\connection.py", line 725, in read_response\n    response = await self._parser.read_response(\n               ^^^^^^^^^^^^^^^^^^^^^^^^^^^^^^^^^\n        disable_decoding=disable_decoding\n        ^^^^^^^^^^^^^^^^^^^^^^^^^^^^^^^^^\n    )\n    ^\n  File "F:\\py\\Lib\\site-packages\\redis\\_parsers\\resp2.py", line 82, in read_response\n    response = await self._read_response(disable_decoding=disable_decoding)\n               ^^^^^^^^^^^^^^^^^^^^^^^^^^^^^^^^^^^^^^^^^^^^^^^^^^^^^^^^^^^^\n  File "F:\\py\\Lib\\site-packages\\redis\\_parsers\\resp2.py", line 90, in _read_response\n    raw = await self._readline()\n          ^^^^^^^^^^^^^^^^^^^^^^\n  File "F:\\py\\Lib\\site-packages\\redis\\_parsers\\base.py", line 559, in _readline\n    data = await self._stream.readline()\n           ^^^^^^^^^^^^^^^^^^^^^^^^^^^^^\n  File "F:\\py\\Lib\\asyncio\\streams.py", line 562, in readline\n    line = await self.readuntil(sep)\n           ^^^^^^^^^^^^^^^^^^^^^^^^^\n  File "F:\\py\\Lib\\asyncio\\streams.py", line 677, in readuntil\n    await self._wait_for_data(\'readuntil\')\n  File "F:\\py\\Lib\\asyncio\\streams.py", line 539, in _wait_for_data\n    await self._waiter\n  File "F:\\py\\Lib\\asyncio\\proactor_events.py", line 286, in _loop_reading\n    length = fut.result()\n  File "F:\\py\\Lib\\asyncio\\windows_events.py", line 804, in _poll\n    value = callback(transferred, key, ov)\n  File "F:\\py\\Lib\\asyncio\\windows_events.py", line 467, in finish_socket_func\n    raise ConnectionResetError(*exc.args)\nConnectionResetError: [WinError 64] ÷∏∂®µƒÕ¯¬Á√˚≤ª‘Ÿø…”√°£\n\nDuring handling of the above exception, another exception occurred:\n\nTraceback (most recent call last):\n  File "F:\\YilenaCode\\Werewolf\\ai_werewolf_core\\utils\\redis_client.py", line 128, in get_client\n    await cls._client.ping()\n  File "F:\\py\\Lib\\site-packages\\redis\\asyncio\\client.py", line 764, in execute_command\n    conn = self.connection or await pool.get_connection()\n                              ^^^^^^^^^^^^^^^^^^^^^^^^^^^\n  File "F:\\py\\Lib\\site-packages\\redis\\utils.py", line 227, in async_wrapper\n    return await func(*args, **kwargs)\n           ^^^^^^^^^^^^^^^^^^^^^^^^^^^\n  File "F:\\py\\Lib\\site-packages\\redis\\asyncio\\connection.py", line 1351, in get_connection\n    await self.ensure_connection(connection)\n  File "F:\\py\\Lib\\site-packages\\redis\\asyncio\\connection.py", line 1390, in ensure_connection\n    await connection.connect()\n  File "F:\\py\\Lib\\site-packages\\redis\\asyncio\\connection.py", line 339, in connect\n    await self.retry.call_with_retry(\n    ...<7 lines>...\n    )\n  File "F:\\py\\Lib\\site-packages\\redis\\asyncio\\retry.py", line 81, in call_with_retry\n    raise error\n  File "F:\\py\\Lib\\site-packages\\redis\\asyncio\\retry.py", line 69, in call_with_retry\n    return await do()\n           ^^^^^^^^^^\n  File "F:\\py\\Lib\\site-packages\\redis\\asyncio\\connection.py", line 403, in connect_check_health\n    await self.on_connect_check_health(check_health=check_health)\n  File "F:\\py\\Lib\\site-packages\\redis\\asyncio\\connection.py", line 560, in on_connect_check_health\n    await self.read_response()\n  File "F:\\py\\Lib\\site-packages\\redis\\asyncio\\connection.py", line 747, in read_response\n    raise ConnectionError(f"Error while reading from {host_error} : {e.args}")\nredis.exceptions.ConnectionError: Error while reading from 192.168.100.128:6379 : (22, \'÷∏∂®µƒÕ¯¬Á√˚≤ª‘Ÿø…”√°£\', None, 64, None)'}
WARNING  ai_werewolf_core.main:main.py:66 {'error': "Error while reading from 192.168.100.128:6379 : (22, '÷∏∂®µƒÕ¯¬Á√˚≤ª‘Ÿø…”√°£', None, 64, None)", 'event': 'redis_connection_failed_at_startup', 'level': 'warning', 'logger': 'ai_werewolf_core.main', 'timestamp': '2026-05-14T21:28:11.405810+08:00'}
_________________________ ERROR at setup of test_root _________________________

    @pytest_asyncio.fixture
    async def client():
        """¥¥Ω® httpx AsyncClient£¨∞Û∂® FastAPI app£¨≤¢¥•∑¢ lifespan  ¬º˛°£"""
>       async with LifespanManager(app):
                   ^^^^^^^^^^^^^^^^^^^^

tests\test_api_games.py:27: 
_ _ _ _ _ _ _ _ _ _ _ _ _ _ _ _ _ _ _ _ _ _ _ _ _ _ _ _ _ _ _ _ _ _ _ _ _ _ _ _
F:\py\Lib\site-packages\asgi_lifespan\_manager.py:102: in __aenter__
    await self._exit_stack.aclose()
F:\py\Lib\contextlib.py:705: in aclose
    await self.__aexit__(None, None, None)
F:\py\Lib\contextlib.py:768: in __aexit__
    raise exc
F:\py\Lib\contextlib.py:751: in __aexit__
    cb_suppress = await cb(*exc_details)
                  ^^^^^^^^^^^^^^^^^^^^^^
F:\py\Lib\site-packages\asgi_lifespan\_concurrency\asyncio.py:80: in __aexit__
    await self.task
F:\py\Lib\site-packages\asgi_lifespan\_concurrency\asyncio.py:63: in run_and_silence_cancelled
    await self.coroutine()
F:\py\Lib\site-packages\asgi_lifespan\_manager.py:73: in run_app
    await self.app(scope, self.receive, self.send)
F:\py\Lib\site-packages\asgi_lifespan\_manager.py:13: in app_with_state
    await app(scope, receive, send)
F:\py\Lib\site-packages\fastapi\applications.py:1160: in __call__
    await super().__call__(scope, receive, send)
F:\py\Lib\site-packages\starlette\applications.py:107: in __call__
    await self.middleware_stack(scope, receive, send)
F:\py\Lib\site-packages\starlette\middleware\errors.py:151: in __call__
    await self.app(scope, receive, send)
F:\py\Lib\site-packages\starlette\middleware\cors.py:79: in __call__
    await self.app(scope, receive, send)
F:\py\Lib\site-packages\starlette\middleware\exceptions.py:49: in __call__
    await self.app(scope, receive, send)
F:\py\Lib\site-packages\fastapi\middleware\asyncexitstack.py:18: in __call__
    await self.app(scope, receive, send)
F:\py\Lib\site-packages\starlette\routing.py:716: in __call__
    await self.middleware_stack(scope, receive, send)
F:\py\Lib\site-packages\starlette\routing.py:725: in app
    await self.lifespan(scope, receive, send)
F:\py\Lib\site-packages\starlette\routing.py:694: in lifespan
    async with self.lifespan_context(app) as maybe_state:
               ^^^^^^^^^^^^^^^^^^^^^^^^^^
F:\py\Lib\contextlib.py:214: in __aenter__
    return await anext(self.gen)
           ^^^^^^^^^^^^^^^^^^^^^
F:\py\Lib\site-packages\fastapi\routing.py:212: in merged_lifespan
    async with original_context(app) as maybe_original_state:
               ^^^^^^^^^^^^^^^^^^^^^
F:\py\Lib\contextlib.py:214: in __aenter__
    return await anext(self.gen)
           ^^^^^^^^^^^^^^^^^^^^^
F:\py\Lib\site-packages\fastapi\routing.py:212: in merged_lifespan
    async with original_context(app) as maybe_original_state:
               ^^^^^^^^^^^^^^^^^^^^^
F:\py\Lib\contextlib.py:214: in __aenter__
    return await anext(self.gen)
           ^^^^^^^^^^^^^^^^^^^^^
F:\py\Lib\site-packages\fastapi\routing.py:212: in merged_lifespan
    async with original_context(app) as maybe_original_state:
               ^^^^^^^^^^^^^^^^^^^^^
F:\py\Lib\contextlib.py:214: in __aenter__
    return await anext(self.gen)
           ^^^^^^^^^^^^^^^^^^^^^
F:\py\Lib\site-packages\fastapi\routing.py:212: in merged_lifespan
    async with original_context(app) as maybe_original_state:
               ^^^^^^^^^^^^^^^^^^^^^
F:\py\Lib\contextlib.py:214: in __aenter__
    return await anext(self.gen)
           ^^^^^^^^^^^^^^^^^^^^^
F:\py\Lib\site-packages\fastapi\routing.py:212: in merged_lifespan
    async with original_context(app) as maybe_original_state:
               ^^^^^^^^^^^^^^^^^^^^^
F:\py\Lib\contextlib.py:214: in __aenter__
    return await anext(self.gen)
           ^^^^^^^^^^^^^^^^^^^^^
F:\py\Lib\site-packages\fastapi\routing.py:212: in merged_lifespan
    async with original_context(app) as maybe_original_state:
               ^^^^^^^^^^^^^^^^^^^^^
F:\py\Lib\contextlib.py:214: in __aenter__
    return await anext(self.gen)
           ^^^^^^^^^^^^^^^^^^^^^
ai_werewolf_core\main.py:70: in lifespan
    await ModelRegistry.init()
ai_werewolf_core\agents\model\registry.py:13: in init
    for cfg in settings.models:
               ^^^^^^^^^^^^^^^
_ _ _ _ _ _ _ _ _ _ _ _ _ _ _ _ _ _ _ _ _ _ _ _ _ _ _ _ _ _ _ _ _ _ _ _ _ _ _ _

self = Settings(crypto_key='123456', pg_host='192.168.100.128', pg_port=5432, pg_user='yilena', pg_password='XUWENBO219382', ...='postgresql+asyncpg://yilena:XUWENBO219382@192.168.100.128:5432/werewolf', redis_url='redis://192.168.100.128:6379/1')
item = 'models'

    def __getattr__(self, item: str) -> Any:
        private_attributes = object.__getattribute__(self, '__private_attributes__')
        if item in private_attributes:
            attribute = private_attributes[item]
            if hasattr(attribute, '__get__'):
                return attribute.__get__(self, type(self))  # type: ignore
    
            try:
                # Note: self.__pydantic_private__ cannot be None if self.__private_attributes__ has items
                return self.__pydantic_private__[item]  # type: ignore
            except KeyError as exc:
                raise AttributeError(f'{type(self).__name__!r} object has no attribute {item!r}') from exc
        else:
            # `__pydantic_extra__` can fail to be set if the model is not yet fully initialized.
            # See `BaseModel.__repr_args__` for more details
            try:
                pydantic_extra = object.__getattribute__(self, '__pydantic_extra__')
            except AttributeError:
                pydantic_extra = None
    
            if pydantic_extra:
                try:
                    return pydantic_extra[item]
                except KeyError as exc:
                    raise AttributeError(f'{type(self).__name__!r} object has no attribute {item!r}') from exc
            else:
                if hasattr(self.__class__, item):
                    return super().__getattribute__(item)  # Raises AttributeError if appropriate
                else:
                    # this is the current error
>                   raise AttributeError(f'{type(self).__name__!r} object has no attribute {item!r}')
E                   AttributeError: 'Settings' object has no attribute 'models'

F:\py\Lib\site-packages\pydantic\main.py:991: AttributeError
---------------------------- Captured stderr setup ----------------------------
[2m2026-05-14T21:28:11.589791+08:00[0m [[32m[1minfo     [0m] [1mwerewolf_game_engine_starting [0m [[0m[1m[34mai_werewolf_core.main[0m][0m [36mversion[0m=[35m0.1.0[0m
[2m2026-05-14T21:28:11.590114+08:00[0m [[32m[1mdebug    [0m] [1mRedis ¡¨Ω”≥ÿ“—¥¥Ω®                  [0m [[0m[1m[34mai_werewolf_core.utils.redis_client[0m][0m [36mmax_connections[0m=[35m300[0m [36msocket_timeout[0m=[35m10[0m
[2m2026-05-14T21:28:16.593049+08:00[0m [[31m[1merror    [0m] [1mRedis ¡¨Ω”—È÷§ ß∞‹ (PING)           [0m [[0m[1m[34mai_werewolf_core.utils.redis_client[0m][0m [36merror[0m=[35m"Error while reading from 192.168.100.128:6379 : (22, '÷∏∂®µƒÕ¯¬Á√˚≤ª‘Ÿø…”√°£', None, 64, None)"[0m [36mhost[0m=[35m192.168.100.128[0m [36mport[0m=[35m6379[0m
Traceback (most recent call last):
  File "F:\py\Lib\asyncio\windows_events.py", line 463, in finish_socket_func
    return ov.getresult()
           ~~~~~~~~~~~~^^
OSError: [WinError 64] ÷∏∂®µƒÕ¯¬Á√˚≤ª‘Ÿø…”√°£

During handling of the above exception, another exception occurred:

Traceback (most recent call last):
  File "F:\py\Lib\site-packages\redis\asyncio\connection.py", line 725, in read_response
    response = await self._parser.read_response(
               ^^^^^^^^^^^^^^^^^^^^^^^^^^^^^^^^^
        disable_decoding=disable_decoding
        ^^^^^^^^^^^^^^^^^^^^^^^^^^^^^^^^^
    )
    ^
  File "F:\py\Lib\site-packages\redis\_parsers\resp2.py", line 82, in read_response
    response = await self._read_response(disable_decoding=disable_decoding)
               ^^^^^^^^^^^^^^^^^^^^^^^^^^^^^^^^^^^^^^^^^^^^^^^^^^^^^^^^^^^^
  File "F:\py\Lib\site-packages\redis\_parsers\resp2.py", line 90, in _read_response
    raw = await self._readline()
          ^^^^^^^^^^^^^^^^^^^^^^
  File "F:\py\Lib\site-packages\redis\_parsers\base.py", line 559, in _readline
    data = await self._stream.readline()
           ^^^^^^^^^^^^^^^^^^^^^^^^^^^^^
  File "F:\py\Lib\asyncio\streams.py", line 562, in readline
    line = await self.readuntil(sep)
           ^^^^^^^^^^^^^^^^^^^^^^^^^
  File "F:\py\Lib\asyncio\streams.py", line 677, in readuntil
    await self._wait_for_data('readuntil')
  File "F:\py\Lib\asyncio\streams.py", line 539, in _wait_for_data
    await self._waiter
  File "F:\py\Lib\asyncio\proactor_events.py", line 286, in _loop_reading
    length = fut.result()
  File "F:\py\Lib\asyncio\windows_events.py", line 804, in _poll
    value = callback(transferred, key, ov)
  File "F:\py\Lib\asyncio\windows_events.py", line 467, in finish_socket_func
    raise ConnectionResetError(*exc.args)
ConnectionResetError: [WinError 64] ÷∏∂®µƒÕ¯¬Á√˚≤ª‘Ÿø…”√°£

During handling of the above exception, another exception occurred:

Traceback (most recent call last):
  File "F:\YilenaCode\Werewolf\ai_werewolf_core\utils\redis_client.py", line 128, in get_client
    await cls._client.ping()
  File "F:\py\Lib\site-packages\redis\asyncio\client.py", line 764, in execute_command
    conn = self.connection or await pool.get_connection()
                              ^^^^^^^^^^^^^^^^^^^^^^^^^^^
  File "F:\py\Lib\site-packages\redis\utils.py", line 227, in async_wrapper
    return await func(*args, **kwargs)
           ^^^^^^^^^^^^^^^^^^^^^^^^^^^
  File "F:\py\Lib\site-packages\redis\asyncio\connection.py", line 1351, in get_connection
    await self.ensure_connection(connection)
  File "F:\py\Lib\site-packages\redis\asyncio\connection.py", line 1390, in ensure_connection
    await connection.connect()
  File "F:\py\Lib\site-packages\redis\asyncio\connection.py", line 339, in connect
    await self.retry.call_with_retry(
    ...<7 lines>...
    )
  File "F:\py\Lib\site-packages\redis\asyncio\retry.py", line 81, in call_with_retry
    raise error
  File "F:\py\Lib\site-packages\redis\asyncio\retry.py", line 69, in call_with_retry
    return await do()
           ^^^^^^^^^^
  File "F:\py\Lib\site-packages\redis\asyncio\connection.py", line 403, in connect_check_health
    await self.on_connect_check_health(check_health=check_health)
  File "F:\py\Lib\site-packages\redis\asyncio\connection.py", line 560, in on_connect_check_health
    await self.read_response()
  File "F:\py\Lib\site-packages\redis\asyncio\connection.py", line 747, in read_response
    raise ConnectionError(f"Error while reading from {host_error} : {e.args}")
redis.exceptions.ConnectionError: Error while reading from 192.168.100.128:6379 : (22, '÷∏∂®µƒÕ¯¬Á√˚≤ª‘Ÿø…”√°£', None, 64, None)
[2m2026-05-14T21:28:16.595769+08:00[0m [[33m[1mwarning  [0m] [1mredis_connection_failed_at_startup[0m [[0m[1m[34mai_werewolf_core.main[0m][0m [36merror[0m=[35m"Error while reading from 192.168.100.128:6379 : (22, '÷∏∂®µƒÕ¯¬Á√˚≤ª‘Ÿø…”√°£', None, 64, None)"[0m
----------------------------- Captured log setup ------------------------------
INFO     ai_werewolf_core.main:main.py:54 {'version': '0.1.0', 'event': 'werewolf_game_engine_starting', 'level': 'info', 'logger': 'ai_werewolf_core.main', 'timestamp': '2026-05-14T21:28:11.589791+08:00'}
DEBUG    ai_werewolf_core.utils.redis_client:redis_client.py:243 {'max_connections': 300, 'socket_timeout': 10, 'event': 'Redis ¡¨Ω”≥ÿ“—¥¥Ω®', 'level': 'debug', 'logger': 'ai_werewolf_core.utils.redis_client', 'timestamp': '2026-05-14T21:28:11.590114+08:00'}
ERROR    ai_werewolf_core.utils.redis_client:redis_client.py:130 {'host': '192.168.100.128', 'port': 6379, 'error': "Error while reading from 192.168.100.128:6379 : (22, '÷∏∂®µƒÕ¯¬Á√˚≤ª‘Ÿø…”√°£', None, 64, None)", 'event': 'Redis ¡¨Ω”—È÷§ ß∞‹ (PING)', 'level': 'error', 'logger': 'ai_werewolf_core.utils.redis_client', 'timestamp': '2026-05-14T21:28:16.593049+08:00', 'exception': 'Traceback (most recent call last):\n  File "F:\\py\\Lib\\asyncio\\windows_events.py", line 463, in finish_socket_func\n    return ov.getresult()\n           ~~~~~~~~~~~~^^\nOSError: [WinError 64] ÷∏∂®µƒÕ¯¬Á√˚≤ª‘Ÿø…”√°£\n\nDuring handling of the above exception, another exception occurred:\n\nTraceback (most recent call last):\n  File "F:\\py\\Lib\\site-packages\\redis\\asyncio\\connection.py", line 725, in read_response\n    response = await self._parser.read_response(\n               ^^^^^^^^^^^^^^^^^^^^^^^^^^^^^^^^^\n        disable_decoding=disable_decoding\n        ^^^^^^^^^^^^^^^^^^^^^^^^^^^^^^^^^\n    )\n    ^\n  File "F:\\py\\Lib\\site-packages\\redis\\_parsers\\resp2.py", line 82, in read_response\n    response = await self._read_response(disable_decoding=disable_decoding)\n               ^^^^^^^^^^^^^^^^^^^^^^^^^^^^^^^^^^^^^^^^^^^^^^^^^^^^^^^^^^^^\n  File "F:\\py\\Lib\\site-packages\\redis\\_parsers\\resp2.py", line 90, in _read_response\n    raw = await self._readline()\n          ^^^^^^^^^^^^^^^^^^^^^^\n  File "F:\\py\\Lib\\site-packages\\redis\\_parsers\\base.py", line 559, in _readline\n    data = await self._stream.readline()\n           ^^^^^^^^^^^^^^^^^^^^^^^^^^^^^\n  File "F:\\py\\Lib\\asyncio\\streams.py", line 562, in readline\n    line = await self.readuntil(sep)\n           ^^^^^^^^^^^^^^^^^^^^^^^^^\n  File "F:\\py\\Lib\\asyncio\\streams.py", line 677, in readuntil\n    await self._wait_for_data(\'readuntil\')\n  File "F:\\py\\Lib\\asyncio\\streams.py", line 539, in _wait_for_data\n    await self._waiter\n  File "F:\\py\\Lib\\asyncio\\proactor_events.py", line 286, in _loop_reading\n    length = fut.result()\n  File "F:\\py\\Lib\\asyncio\\windows_events.py", line 804, in _poll\n    value = callback(transferred, key, ov)\n  File "F:\\py\\Lib\\asyncio\\windows_events.py", line 467, in finish_socket_func\n    raise ConnectionResetError(*exc.args)\nConnectionResetError: [WinError 64] ÷∏∂®µƒÕ¯¬Á√˚≤ª‘Ÿø…”√°£\n\nDuring handling of the above exception, another exception occurred:\n\nTraceback (most recent call last):\n  File "F:\\YilenaCode\\Werewolf\\ai_werewolf_core\\utils\\redis_client.py", line 128, in get_client\n    await cls._client.ping()\n  File "F:\\py\\Lib\\site-packages\\redis\\asyncio\\client.py", line 764, in execute_command\n    conn = self.connection or await pool.get_connection()\n                              ^^^^^^^^^^^^^^^^^^^^^^^^^^^\n  File "F:\\py\\Lib\\site-packages\\redis\\utils.py", line 227, in async_wrapper\n    return await func(*args, **kwargs)\n           ^^^^^^^^^^^^^^^^^^^^^^^^^^^\n  File "F:\\py\\Lib\\site-packages\\redis\\asyncio\\connection.py", line 1351, in get_connection\n    await self.ensure_connection(connection)\n  File "F:\\py\\Lib\\site-packages\\redis\\asyncio\\connection.py", line 1390, in ensure_connection\n    await connection.connect()\n  File "F:\\py\\Lib\\site-packages\\redis\\asyncio\\connection.py", line 339, in connect\n    await self.retry.call_with_retry(\n    ...<7 lines>...\n    )\n  File "F:\\py\\Lib\\site-packages\\redis\\asyncio\\retry.py", line 81, in call_with_retry\n    raise error\n  File "F:\\py\\Lib\\site-packages\\redis\\asyncio\\retry.py", line 69, in call_with_retry\n    return await do()\n           ^^^^^^^^^^\n  File "F:\\py\\Lib\\site-packages\\redis\\asyncio\\connection.py", line 403, in connect_check_health\n    await self.on_connect_check_health(check_health=check_health)\n  File "F:\\py\\Lib\\site-packages\\redis\\asyncio\\connection.py", line 560, in on_connect_check_health\n    await self.read_response()\n  File "F:\\py\\Lib\\site-packages\\redis\\asyncio\\connection.py", line 747, in read_response\n    raise ConnectionError(f"Error while reading from {host_error} : {e.args}")\nredis.exceptions.ConnectionError: Error while reading from 192.168.100.128:6379 : (22, \'÷∏∂®µƒÕ¯¬Á√˚≤ª‘Ÿø…”√°£\', None, 64, None)'}
WARNING  ai_werewolf_core.main:main.py:66 {'error': "Error while reading from 192.168.100.128:6379 : (22, '÷∏∂®µƒÕ¯¬Á√˚≤ª‘Ÿø…”√°£', None, 64, None)", 'event': 'redis_connection_failed_at_startup', 'level': 'warning', 'logger': 'ai_werewolf_core.main', 'timestamp': '2026-05-14T21:28:16.595769+08:00'}
_ ERROR at setup of TestLuaScriptManagerLoading.test_load_all_scripts_succeeds _

trans = 0, key = 0, ov = <_overlapped.Overlapped object at 0x0000027C30836F70>

    @staticmethod
    def finish_socket_func(trans, key, ov):
        try:
>           return ov.getresult()
                   ^^^^^^^^^^^^^^
E           OSError: [WinError 64] ÷∏∂®µƒÕ¯¬Á√˚≤ª‘Ÿø…”√°£

F:\py\Lib\asyncio\windows_events.py:463: OSError

During handling of the above exception, another exception occurred:

self = <redis.asyncio.connection.Connection(host=192.168.100.128,port=6379,db=1)>
disable_decoding = False, timeout = None

    async def read_response(
        self,
        disable_decoding: bool = False,
        timeout: Optional[float] = None,
        *,
        disconnect_on_error: bool = True,
        push_request: Optional[bool] = False,
    ):
        """Read the response from a previously sent command"""
        read_timeout = timeout if timeout is not None else self.socket_timeout
        host_error = self._host_error()
        try:
            if read_timeout is not None and self.protocol in ["3", 3]:
                async with async_timeout(read_timeout):
                    response = await self._parser.read_response(
                        disable_decoding=disable_decoding, push_request=push_request
                    )
            elif read_timeout is not None:
                async with async_timeout(read_timeout):
>                   response = await self._parser.read_response(
                        disable_decoding=disable_decoding

F:\py\Lib\site-packages\redis\asyncio\connection.py:725: 
_ _ _ _ _ _ _ _ _ _ _ _ _ _ _ _ _ _ _ _ _ _ _ _ _ _ _ _ _ _ _ _ _ _ _ _ _ _ _ _
F:\py\Lib\site-packages\redis\_parsers\resp2.py:82: in read_response
    response = await self._read_response(disable_decoding=disable_decoding)
               ^^^^^^^^^^^^^^^^^^^^^^^^^^^^^^^^^^^^^^^^^^^^^^^^^^^^^^^^^^^^
F:\py\Lib\site-packages\redis\_parsers\resp2.py:90: in _read_response
    raw = await self._readline()
          ^^^^^^^^^^^^^^^^^^^^^^
F:\py\Lib\site-packages\redis\_parsers\base.py:559: in _readline
    data = await self._stream.readline()
           ^^^^^^^^^^^^^^^^^^^^^^^^^^^^^
F:\py\Lib\asyncio\streams.py:562: in readline
    line = await self.readuntil(sep)
           ^^^^^^^^^^^^^^^^^^^^^^^^^
F:\py\Lib\asyncio\streams.py:677: in readuntil
    await self._wait_for_data('readuntil')
F:\py\Lib\asyncio\streams.py:539: in _wait_for_data
    await self._waiter
F:\py\Lib\asyncio\proactor_events.py:286: in _loop_reading
    length = fut.result()
             ^^^^^^^^^^^^
F:\py\Lib\asyncio\windows_events.py:804: in _poll
    value = callback(transferred, key, ov)
            ^^^^^^^^^^^^^^^^^^^^^^^^^^^^^^
_ _ _ _ _ _ _ _ _ _ _ _ _ _ _ _ _ _ _ _ _ _ _ _ _ _ _ _ _ _ _ _ _ _ _ _ _ _ _ _

trans = 0, key = 0, ov = <_overlapped.Overlapped object at 0x0000027C30836F70>

    @staticmethod
    def finish_socket_func(trans, key, ov):
        try:
            return ov.getresult()
        except OSError as exc:
            if exc.winerror in (_overlapped.ERROR_NETNAME_DELETED,
                                _overlapped.ERROR_OPERATION_ABORTED):
>               raise ConnectionResetError(*exc.args)
E               ConnectionResetError: [WinError 64] ÷∏∂®µƒÕ¯¬Á√˚≤ª‘Ÿø…”√°£

F:\py\Lib\asyncio\windows_events.py:467: ConnectionResetError

During handling of the above exception, another exception occurred:

    @pytest.fixture(autouse=True)
    async def _setup_lua_scripts():
        """‘⁄√ø∏ˆ≤‚ ‘«∞»∑±£ Lua Ω≈±æ“—º”‘ÿµΩ Redis°£
    
        ’‚ «“ª∏ˆ autouse fixture£¨ª·‘⁄√ø∏ˆ≤‚ ‘∫Ø ˝÷Æ«∞◊‘∂Ø‘À––°£
         π”√ RedisClientManager ÷ÿ÷√»∑±£∏…æªµƒ≤‚ ‘ª∑æ≥°£
        """
        # »∑±£ Redis øÕªß∂À“—≥ı ºªØ
>       await RedisClientManager.get_client()

tests\test_redis_lua.py:43: 
_ _ _ _ _ _ _ _ _ _ _ _ _ _ _ _ _ _ _ _ _ _ _ _ _ _ _ _ _ _ _ _ _ _ _ _ _ _ _ _
ai_werewolf_core\utils\redis_client.py:128: in get_client
    await cls._client.ping()
F:\py\Lib\site-packages\redis\asyncio\client.py:764: in execute_command
    conn = self.connection or await pool.get_connection()
                              ^^^^^^^^^^^^^^^^^^^^^^^^^^^
F:\py\Lib\site-packages\redis\utils.py:227: in async_wrapper
    return await func(*args, **kwargs)
           ^^^^^^^^^^^^^^^^^^^^^^^^^^^
F:\py\Lib\site-packages\redis\asyncio\connection.py:1351: in get_connection
    await self.ensure_connection(connection)
F:\py\Lib\site-packages\redis\asyncio\connection.py:1390: in ensure_connection
    await connection.connect()
F:\py\Lib\site-packages\redis\asyncio\connection.py:339: in connect
    await self.retry.call_with_retry(
F:\py\Lib\site-packages\redis\asyncio\retry.py:81: in call_with_retry
    raise error
F:\py\Lib\site-packages\redis\asyncio\retry.py:69: in call_with_retry
    return await do()
           ^^^^^^^^^^
F:\py\Lib\site-packages\redis\asyncio\connection.py:403: in connect_check_health
    await self.on_connect_check_health(check_health=check_health)
F:\py\Lib\site-packages\redis\asyncio\connection.py:560: in on_connect_check_health
    await self.read_response()
_ _ _ _ _ _ _ _ _ _ _ _ _ _ _ _ _ _ _ _ _ _ _ _ _ _ _ _ _ _ _ _ _ _ _ _ _ _ _ _

self = <redis.asyncio.connection.Connection(host=192.168.100.128,port=6379,db=1)>
disable_decoding = False, timeout = None

    async def read_response(
        self,
        disable_decoding: bool = False,
        timeout: Optional[float] = None,
        *,
        disconnect_on_error: bool = True,
        push_request: Optional[bool] = False,
    ):
        """Read the response from a previously sent command"""
        read_timeout = timeout if timeout is not None else self.socket_timeout
        host_error = self._host_error()
        try:
            if read_timeout is not None and self.protocol in ["3", 3]:
                async with async_timeout(read_timeout):
                    response = await self._parser.read_response(
                        disable_decoding=disable_decoding, push_request=push_request
                    )
            elif read_timeout is not None:
                async with async_timeout(read_timeout):
                    response = await self._parser.read_response(
                        disable_decoding=disable_decoding
                    )
            elif self.protocol in ["3", 3]:
                response = await self._parser.read_response(
                    disable_decoding=disable_decoding, push_request=push_request
                )
            else:
                response = await self._parser.read_response(
                    disable_decoding=disable_decoding
                )
        except asyncio.TimeoutError:
            if timeout is not None:
                # user requested timeout, return None. Operation can be retried
                return None
            # it was a self.socket_timeout error.
            if disconnect_on_error:
                await self.disconnect(nowait=True)
            raise TimeoutError(f"Timeout reading from {host_error}")
        except OSError as e:
            if disconnect_on_error:
                await self.disconnect(nowait=True)
>           raise ConnectionError(f"Error while reading from {host_error} : {e.args}")
E           redis.exceptions.ConnectionError: Error while reading from 192.168.100.128:6379 : (22, '÷∏∂®µƒÕ¯¬Á√˚≤ª‘Ÿø…”√°£', None, 64, None)

F:\py\Lib\site-packages\redis\asyncio\connection.py:747: ConnectionError
---------------------------- Captured stderr setup ----------------------------
[2m2026-05-14T21:28:47.433526+08:00[0m [[32m[1mdebug    [0m] [1mRedis ¡¨Ω”≥ÿ“—¥¥Ω®                  [0m [[0m[1m[34mai_werewolf_core.utils.redis_client[0m][0m [36mmax_connections[0m=[35m300[0m [36msocket_timeout[0m=[35m10[0m
[2m2026-05-14T21:28:52.436329+08:00[0m [[31m[1merror    [0m] [1mRedis ¡¨Ω”—È÷§ ß∞‹ (PING)           [0m [[0m[1m[34mai_werewolf_core.utils.redis_client[0m][0m [36merror[0m=[35m"Error while reading from 192.168.100.128:6379 : (22, '÷∏∂®µƒÕ¯¬Á√˚≤ª‘Ÿø…”√°£', None, 64, None)"[0m [36mhost[0m=[35m192.168.100.128[0m [36mport[0m=[35m6379[0m
Traceback (most recent call last):
  File "F:\py\Lib\asyncio\windows_events.py", line 463, in finish_socket_func
    return ov.getresult()
           ~~~~~~~~~~~~^^
OSError: [WinError 64] ÷∏∂®µƒÕ¯¬Á√˚≤ª‘Ÿø…”√°£

During handling of the above exception, another exception occurred:

Traceback (most recent call last):
  File "F:\py\Lib\site-packages\redis\asyncio\connection.py", line 725, in read_response
    response = await self._parser.read_response(
               ^^^^^^^^^^^^^^^^^^^^^^^^^^^^^^^^^
        disable_decoding=disable_decoding
        ^^^^^^^^^^^^^^^^^^^^^^^^^^^^^^^^^
    )
    ^
  File "F:\py\Lib\site-packages\redis\_parsers\resp2.py", line 82, in read_response
    response = await self._read_response(disable_decoding=disable_decoding)
               ^^^^^^^^^^^^^^^^^^^^^^^^^^^^^^^^^^^^^^^^^^^^^^^^^^^^^^^^^^^^
  File "F:\py\Lib\site-packages\redis\_parsers\resp2.py", line 90, in _read_response
    raw = await self._readline()
          ^^^^^^^^^^^^^^^^^^^^^^
  File "F:\py\Lib\site-packages\redis\_parsers\base.py", line 559, in _readline
    data = await self._stream.readline()
           ^^^^^^^^^^^^^^^^^^^^^^^^^^^^^
  File "F:\py\Lib\asyncio\streams.py", line 562, in readline
    line = await self.readuntil(sep)
           ^^^^^^^^^^^^^^^^^^^^^^^^^
  File "F:\py\Lib\asyncio\streams.py", line 677, in readuntil
    await self._wait_for_data('readuntil')
  File "F:\py\Lib\asyncio\streams.py", line 539, in _wait_for_data
    await self._waiter
  File "F:\py\Lib\asyncio\proactor_events.py", line 286, in _loop_reading
    length = fut.result()
  File "F:\py\Lib\asyncio\windows_events.py", line 804, in _poll
    value = callback(transferred, key, ov)
  File "F:\py\Lib\asyncio\windows_events.py", line 467, in finish_socket_func
    raise ConnectionResetError(*exc.args)
ConnectionResetError: [WinError 64] ÷∏∂®µƒÕ¯¬Á√˚≤ª‘Ÿø…”√°£

During handling of the above exception, another exception occurred:

Traceback (most recent call last):
  File "F:\YilenaCode\Werewolf\ai_werewolf_core\utils\redis_client.py", line 128, in get_client
    await cls._client.ping()
  File "F:\py\Lib\site-packages\redis\asyncio\client.py", line 764, in execute_command
    conn = self.connection or await pool.get_connection()
                              ^^^^^^^^^^^^^^^^^^^^^^^^^^^
  File "F:\py\Lib\site-packages\redis\utils.py", line 227, in async_wrapper
    return await func(*args, **kwargs)
           ^^^^^^^^^^^^^^^^^^^^^^^^^^^
  File "F:\py\Lib\site-packages\redis\asyncio\connection.py", line 1351, in get_connection
    await self.ensure_connection(connection)
  File "F:\py\Lib\site-packages\redis\asyncio\connection.py", line 1390, in ensure_connection
    await connection.connect()
  File "F:\py\Lib\site-packages\redis\asyncio\connection.py", line 339, in connect
    await self.retry.call_with_retry(
    ...<7 lines>...
    )
  File "F:\py\Lib\site-packages\redis\asyncio\retry.py", line 81, in call_with_retry
    raise error
  File "F:\py\Lib\site-packages\redis\asyncio\retry.py", line 69, in call_with_retry
    return await do()
           ^^^^^^^^^^
  File "F:\py\Lib\site-packages\redis\asyncio\connection.py", line 403, in connect_check_health
    await self.on_connect_check_health(check_health=check_health)
  File "F:\py\Lib\site-packages\redis\asyncio\connection.py", line 560, in on_connect_check_health
    await self.read_response()
  File "F:\py\Lib\site-packages\redis\asyncio\connection.py", line 747, in read_response
    raise ConnectionError(f"Error while reading from {host_error} : {e.args}")
redis.exceptions.ConnectionError: Error while reading from 192.168.100.128:6379 : (22, '÷∏∂®µƒÕ¯¬Á√˚≤ª‘Ÿø…”√°£', None, 64, None)
----------------------------- Captured log setup ------------------------------
DEBUG    ai_werewolf_core.utils.redis_client:redis_client.py:243 {'max_connections': 300, 'socket_timeout': 10, 'event': 'Redis ¡¨Ω”≥ÿ“—¥¥Ω®', 'level': 'debug', 'logger': 'ai_werewolf_core.utils.redis_client', 'timestamp': '2026-05-14T21:28:47.433526+08:00'}
ERROR    ai_werewolf_core.utils.redis_client:redis_client.py:130 {'host': '192.168.100.128', 'port': 6379, 'error': "Error while reading from 192.168.100.128:6379 : (22, '÷∏∂®µƒÕ¯¬Á√˚≤ª‘Ÿø…”√°£', None, 64, None)", 'event': 'Redis ¡¨Ω”—È÷§ ß∞‹ (PING)', 'level': 'error', 'logger': 'ai_werewolf_core.utils.redis_client', 'timestamp': '2026-05-14T21:28:52.436329+08:00', 'exception': 'Traceback (most recent call last):\n  File "F:\\py\\Lib\\asyncio\\windows_events.py", line 463, in finish_socket_func\n    return ov.getresult()\n           ~~~~~~~~~~~~^^\nOSError: [WinError 64] ÷∏∂®µƒÕ¯¬Á√˚≤ª‘Ÿø…”√°£\n\nDuring handling of the above exception, another exception occurred:\n\nTraceback (most recent call last):\n  File "F:\\py\\Lib\\site-packages\\redis\\asyncio\\connection.py", line 725, in read_response\n    response = await self._parser.read_response(\n               ^^^^^^^^^^^^^^^^^^^^^^^^^^^^^^^^^\n        disable_decoding=disable_decoding\n        ^^^^^^^^^^^^^^^^^^^^^^^^^^^^^^^^^\n    )\n    ^\n  File "F:\\py\\Lib\\site-packages\\redis\\_parsers\\resp2.py", line 82, in read_response\n    response = await self._read_response(disable_decoding=disable_decoding)\n               ^^^^^^^^^^^^^^^^^^^^^^^^^^^^^^^^^^^^^^^^^^^^^^^^^^^^^^^^^^^^\n  File "F:\\py\\Lib\\site-packages\\redis\\_parsers\\resp2.py", line 90, in _read_response\n    raw = await self._readline()\n          ^^^^^^^^^^^^^^^^^^^^^^\n  File "F:\\py\\Lib\\site-packages\\redis\\_parsers\\base.py", line 559, in _readline\n    data = await self._stream.readline()\n           ^^^^^^^^^^^^^^^^^^^^^^^^^^^^^\n  File "F:\\py\\Lib\\asyncio\\streams.py", line 562, in readline\n    line = await self.readuntil(sep)\n           ^^^^^^^^^^^^^^^^^^^^^^^^^\n  File "F:\\py\\Lib\\asyncio\\streams.py", line 677, in readuntil\n    await self._wait_for_data(\'readuntil\')\n  File "F:\\py\\Lib\\asyncio\\streams.py", line 539, in _wait_for_data\n    await self._waiter\n  File "F:\\py\\Lib\\asyncio\\proactor_events.py", line 286, in _loop_reading\n    length = fut.result()\n  File "F:\\py\\Lib\\asyncio\\windows_events.py", line 804, in _poll\n    value = callback(transferred, key, ov)\n  File "F:\\py\\Lib\\asyncio\\windows_events.py", line 467, in finish_socket_func\n    raise ConnectionResetError(*exc.args)\nConnectionResetError: [WinError 64] ÷∏∂®µƒÕ¯¬Á√˚≤ª‘Ÿø…”√°£\n\nDuring handling of the above exception, another exception occurred:\n\nTraceback (most recent call last):\n  File "F:\\YilenaCode\\Werewolf\\ai_werewolf_core\\utils\\redis_client.py", line 128, in get_client\n    await cls._client.ping()\n  File "F:\\py\\Lib\\site-packages\\redis\\asyncio\\client.py", line 764, in execute_command\n    conn = self.connection or await pool.get_connection()\n                              ^^^^^^^^^^^^^^^^^^^^^^^^^^^\n  File "F:\\py\\Lib\\site-packages\\redis\\utils.py", line 227, in async_wrapper\n    return await func(*args, **kwargs)\n           ^^^^^^^^^^^^^^^^^^^^^^^^^^^\n  File "F:\\py\\Lib\\site-packages\\redis\\asyncio\\connection.py", line 1351, in get_connection\n    await self.ensure_connection(connection)\n  File "F:\\py\\Lib\\site-packages\\redis\\asyncio\\connection.py", line 1390, in ensure_connection\n    await connection.connect()\n  File "F:\\py\\Lib\\site-packages\\redis\\asyncio\\connection.py", line 339, in connect\n    await self.retry.call_with_retry(\n    ...<7 lines>...\n    )\n  File "F:\\py\\Lib\\site-packages\\redis\\asyncio\\retry.py", line 81, in call_with_retry\n    raise error\n  File "F:\\py\\Lib\\site-packages\\redis\\asyncio\\retry.py", line 69, in call_with_retry\n    return await do()\n           ^^^^^^^^^^\n  File "F:\\py\\Lib\\site-packages\\redis\\asyncio\\connection.py", line 403, in connect_check_health\n    await self.on_connect_check_health(check_health=check_health)\n  File "F:\\py\\Lib\\site-packages\\redis\\asyncio\\connection.py", line 560, in on_connect_check_health\n    await self.read_response()\n  File "F:\\py\\Lib\\site-packages\\redis\\asyncio\\connection.py", line 747, in read_response\n    raise ConnectionError(f"Error while reading from {host_error} : {e.args}")\nredis.exceptions.ConnectionError: Error while reading from 192.168.100.128:6379 : (22, \'÷∏∂®µƒÕ¯¬Á√˚≤ª‘Ÿø…”√°£\', None, 64, None)'}
_ ERROR at setup of TestLuaScriptManagerLoading.test_load_all_scripts_is_idempotent _

trans = 0, key = 0, ov = <_overlapped.Overlapped object at 0x0000027C30836070>

    @staticmethod
    def finish_socket_func(trans, key, ov):
        try:
>           return ov.getresult()
                   ^^^^^^^^^^^^^^
E           OSError: [WinError 64] ÷∏∂®µƒÕ¯¬Á√˚≤ª‘Ÿø…”√°£

F:\py\Lib\asyncio\windows_events.py:463: OSError

During handling of the above exception, another exception occurred:

self = <redis.asyncio.connection.Connection(host=192.168.100.128,port=6379,db=1)>
disable_decoding = False, timeout = None

    async def read_response(
        self,
        disable_decoding: bool = False,
        timeout: Optional[float] = None,
        *,
        disconnect_on_error: bool = True,
        push_request: Optional[bool] = False,
    ):
        """Read the response from a previously sent command"""
        read_timeout = timeout if timeout is not None else self.socket_timeout
        host_error = self._host_error()
        try:
            if read_timeout is not None and self.protocol in ["3", 3]:
                async with async_timeout(read_timeout):
                    response = await self._parser.read_response(
                        disable_decoding=disable_decoding, push_request=push_request
                    )
            elif read_timeout is not None:
                async with async_timeout(read_timeout):
>                   response = await self._parser.read_response(
                        disable_decoding=disable_decoding

F:\py\Lib\site-packages\redis\asyncio\connection.py:725: 
_ _ _ _ _ _ _ _ _ _ _ _ _ _ _ _ _ _ _ _ _ _ _ _ _ _ _ _ _ _ _ _ _ _ _ _ _ _ _ _
F:\py\Lib\site-packages\redis\_parsers\resp2.py:82: in read_response
    response = await self._read_response(disable_decoding=disable_decoding)
               ^^^^^^^^^^^^^^^^^^^^^^^^^^^^^^^^^^^^^^^^^^^^^^^^^^^^^^^^^^^^
F:\py\Lib\site-packages\redis\_parsers\resp2.py:90: in _read_response
    raw = await self._readline()
          ^^^^^^^^^^^^^^^^^^^^^^
F:\py\Lib\site-packages\redis\_parsers\base.py:559: in _readline
    data = await self._stream.readline()
           ^^^^^^^^^^^^^^^^^^^^^^^^^^^^^
F:\py\Lib\asyncio\streams.py:562: in readline
    line = await self.readuntil(sep)
           ^^^^^^^^^^^^^^^^^^^^^^^^^
F:\py\Lib\asyncio\streams.py:677: in readuntil
    await self._wait_for_data('readuntil')
F:\py\Lib\asyncio\streams.py:539: in _wait_for_data
    await self._waiter
F:\py\Lib\asyncio\proactor_events.py:286: in _loop_reading
    length = fut.result()
             ^^^^^^^^^^^^
F:\py\Lib\asyncio\windows_events.py:804: in _poll
    value = callback(transferred, key, ov)
            ^^^^^^^^^^^^^^^^^^^^^^^^^^^^^^
_ _ _ _ _ _ _ _ _ _ _ _ _ _ _ _ _ _ _ _ _ _ _ _ _ _ _ _ _ _ _ _ _ _ _ _ _ _ _ _

trans = 0, key = 0, ov = <_overlapped.Overlapped object at 0x0000027C30836070>

    @staticmethod
    def finish_socket_func(trans, key, ov):
        try:
            return ov.getresult()
        except OSError as exc:
            if exc.winerror in (_overlapped.ERROR_NETNAME_DELETED,
                                _overlapped.ERROR_OPERATION_ABORTED):
>               raise ConnectionResetError(*exc.args)
E               ConnectionResetError: [WinError 64] ÷∏∂®µƒÕ¯¬Á√˚≤ª‘Ÿø…”√°£

F:\py\Lib\asyncio\windows_events.py:467: ConnectionResetError

During handling of the above exception, another exception occurred:

    @pytest.fixture(autouse=True)
    async def _setup_lua_scripts():
        """‘⁄√ø∏ˆ≤‚ ‘«∞»∑±£ Lua Ω≈±æ“—º”‘ÿµΩ Redis°£
    
        ’‚ «“ª∏ˆ autouse fixture£¨ª·‘⁄√ø∏ˆ≤‚ ‘∫Ø ˝÷Æ«∞◊‘∂Ø‘À––°£
         π”√ RedisClientManager ÷ÿ÷√»∑±£∏…æªµƒ≤‚ ‘ª∑æ≥°£
        """
        # »∑±£ Redis øÕªß∂À“—≥ı ºªØ
>       await RedisClientManager.get_client()

tests\test_redis_lua.py:43: 
_ _ _ _ _ _ _ _ _ _ _ _ _ _ _ _ _ _ _ _ _ _ _ _ _ _ _ _ _ _ _ _ _ _ _ _ _ _ _ _
ai_werewolf_core\utils\redis_client.py:128: in get_client
    await cls._client.ping()
F:\py\Lib\site-packages\redis\asyncio\client.py:764: in execute_command
    conn = self.connection or await pool.get_connection()
                              ^^^^^^^^^^^^^^^^^^^^^^^^^^^
F:\py\Lib\site-packages\redis\utils.py:227: in async_wrapper
    return await func(*args, **kwargs)
           ^^^^^^^^^^^^^^^^^^^^^^^^^^^
F:\py\Lib\site-packages\redis\asyncio\connection.py:1351: in get_connection
    await self.ensure_connection(connection)
F:\py\Lib\site-packages\redis\asyncio\connection.py:1390: in ensure_connection
    await connection.connect()
F:\py\Lib\site-packages\redis\asyncio\connection.py:339: in connect
    await self.retry.call_with_retry(
F:\py\Lib\site-packages\redis\asyncio\retry.py:81: in call_with_retry
    raise error
F:\py\Lib\site-packages\redis\asyncio\retry.py:69: in call_with_retry
    return await do()
           ^^^^^^^^^^
F:\py\Lib\site-packages\redis\asyncio\connection.py:403: in connect_check_health
    await self.on_connect_check_health(check_health=check_health)
F:\py\Lib\site-packages\redis\asyncio\connection.py:560: in on_connect_check_health
    await self.read_response()
_ _ _ _ _ _ _ _ _ _ _ _ _ _ _ _ _ _ _ _ _ _ _ _ _ _ _ _ _ _ _ _ _ _ _ _ _ _ _ _

self = <redis.asyncio.connection.Connection(host=192.168.100.128,port=6379,db=1)>
disable_decoding = False, timeout = None

    async def read_response(
        self,
        disable_decoding: bool = False,
        timeout: Optional[float] = None,
        *,
        disconnect_on_error: bool = True,
        push_request: Optional[bool] = False,
    ):
        """Read the response from a previously sent command"""
        read_timeout = timeout if timeout is not None else self.socket_timeout
        host_error = self._host_error()
        try:
            if read_timeout is not None and self.protocol in ["3", 3]:
                async with async_timeout(read_timeout):
                    response = await self._parser.read_response(
                        disable_decoding=disable_decoding, push_request=push_request
                    )
            elif read_timeout is not None:
                async with async_timeout(read_timeout):
                    response = await self._parser.read_response(
                        disable_decoding=disable_decoding
                    )
            elif self.protocol in ["3", 3]:
                response = await self._parser.read_response(
                    disable_decoding=disable_decoding, push_request=push_request
                )
            else:
                response = await self._parser.read_response(
                    disable_decoding=disable_decoding
                )
        except asyncio.TimeoutError:
            if timeout is not None:
                # user requested timeout, return None. Operation can be retried
                return None
            # it was a self.socket_timeout error.
            if disconnect_on_error:
                await self.disconnect(nowait=True)
            raise TimeoutError(f"Timeout reading from {host_error}")
        except OSError as e:
            if disconnect_on_error:
                await self.disconnect(nowait=True)
>           raise ConnectionError(f"Error while reading from {host_error} : {e.args}")
E           redis.exceptions.ConnectionError: Error while reading from 192.168.100.128:6379 : (22, '÷∏∂®µƒÕ¯¬Á√˚≤ª‘Ÿø…”√°£', None, 64, None)

F:\py\Lib\site-packages\redis\asyncio\connection.py:747: ConnectionError
---------------------------- Captured stderr setup ----------------------------
[2m2026-05-14T21:28:52.594979+08:00[0m [[32m[1mdebug    [0m] [1mRedis ¡¨Ω”≥ÿ“—¥¥Ω®                  [0m [[0m[1m[34mai_werewolf_core.utils.redis_client[0m][0m [36mmax_connections[0m=[35m300[0m [36msocket_timeout[0m=[35m10[0m
[2m2026-05-14T21:28:57.597528+08:00[0m [[31m[1merror    [0m] [1mRedis ¡¨Ω”—È÷§ ß∞‹ (PING)           [0m [[0m[1m[34mai_werewolf_core.utils.redis_client[0m][0m [36merror[0m=[35m"Error while reading from 192.168.100.128:6379 : (22, '÷∏∂®µƒÕ¯¬Á√˚≤ª‘Ÿø…”√°£', None, 64, None)"[0m [36mhost[0m=[35m192.168.100.128[0m [36mport[0m=[35m6379[0m
Traceback (most recent call last):
  File "F:\py\Lib\asyncio\windows_events.py", line 463, in finish_socket_func
    return ov.getresult()
           ~~~~~~~~~~~~^^
OSError: [WinError 64] ÷∏∂®µƒÕ¯¬Á√˚≤ª‘Ÿø…”√°£

During handling of the above exception, another exception occurred:

Traceback (most recent call last):
  File "F:\py\Lib\site-packages\redis\asyncio\connection.py", line 725, in read_response
    response = await self._parser.read_response(
               ^^^^^^^^^^^^^^^^^^^^^^^^^^^^^^^^^
        disable_decoding=disable_decoding
        ^^^^^^^^^^^^^^^^^^^^^^^^^^^^^^^^^
    )
    ^
  File "F:\py\Lib\site-packages\redis\_parsers\resp2.py", line 82, in read_response
    response = await self._read_response(disable_decoding=disable_decoding)
               ^^^^^^^^^^^^^^^^^^^^^^^^^^^^^^^^^^^^^^^^^^^^^^^^^^^^^^^^^^^^
  File "F:\py\Lib\site-packages\redis\_parsers\resp2.py", line 90, in _read_response
    raw = await self._readline()
          ^^^^^^^^^^^^^^^^^^^^^^
  File "F:\py\Lib\site-packages\redis\_parsers\base.py", line 559, in _readline
    data = await self._stream.readline()
           ^^^^^^^^^^^^^^^^^^^^^^^^^^^^^
  File "F:\py\Lib\asyncio\streams.py", line 562, in readline
    line = await self.readuntil(sep)
           ^^^^^^^^^^^^^^^^^^^^^^^^^
  File "F:\py\Lib\asyncio\streams.py", line 677, in readuntil
    await self._wait_for_data('readuntil')
  File "F:\py\Lib\asyncio\streams.py", line 539, in _wait_for_data
    await self._waiter
  File "F:\py\Lib\asyncio\proactor_events.py", line 286, in _loop_reading
    length = fut.result()
  File "F:\py\Lib\asyncio\windows_events.py", line 804, in _poll
    value = callback(transferred, key, ov)
  File "F:\py\Lib\asyncio\windows_events.py", line 467, in finish_socket_func
    raise ConnectionResetError(*exc.args)
ConnectionResetError: [WinError 64] ÷∏∂®µƒÕ¯¬Á√˚≤ª‘Ÿø…”√°£

During handling of the above exception, another exception occurred:

Traceback (most recent call last):
  File "F:\YilenaCode\Werewolf\ai_werewolf_core\utils\redis_client.py", line 128, in get_client
    await cls._client.ping()
  File "F:\py\Lib\site-packages\redis\asyncio\client.py", line 764, in execute_command
    conn = self.connection or await pool.get_connection()
                              ^^^^^^^^^^^^^^^^^^^^^^^^^^^
  File "F:\py\Lib\site-packages\redis\utils.py", line 227, in async_wrapper
    return await func(*args, **kwargs)
           ^^^^^^^^^^^^^^^^^^^^^^^^^^^
  File "F:\py\Lib\site-packages\redis\asyncio\connection.py", line 1351, in get_connection
    await self.ensure_connection(connection)
  File "F:\py\Lib\site-packages\redis\asyncio\connection.py", line 1390, in ensure_connection
    await connection.connect()
  File "F:\py\Lib\site-packages\redis\asyncio\connection.py", line 339, in connect
    await self.retry.call_with_retry(
    ...<7 lines>...
    )
  File "F:\py\Lib\site-packages\redis\asyncio\retry.py", line 81, in call_with_retry
    raise error
  File "F:\py\Lib\site-packages\redis\asyncio\retry.py", line 69, in call_with_retry
    return await do()
           ^^^^^^^^^^
  File "F:\py\Lib\site-packages\redis\asyncio\connection.py", line 403, in connect_check_health
    await self.on_connect_check_health(check_health=check_health)
  File "F:\py\Lib\site-packages\redis\asyncio\connection.py", line 560, in on_connect_check_health
    await self.read_response()
  File "F:\py\Lib\site-packages\redis\asyncio\connection.py", line 747, in read_response
    raise ConnectionError(f"Error while reading from {host_error} : {e.args}")
redis.exceptions.ConnectionError: Error while reading from 192.168.100.128:6379 : (22, '÷∏∂®µƒÕ¯¬Á√˚≤ª‘Ÿø…”√°£', None, 64, None)
----------------------------- Captured log setup ------------------------------
DEBUG    ai_werewolf_core.utils.redis_client:redis_client.py:243 {'max_connections': 300, 'socket_timeout': 10, 'event': 'Redis ¡¨Ω”≥ÿ“—¥¥Ω®', 'level': 'debug', 'logger': 'ai_werewolf_core.utils.redis_client', 'timestamp': '2026-05-14T21:28:52.594979+08:00'}
ERROR    ai_werewolf_core.utils.redis_client:redis_client.py:130 {'host': '192.168.100.128', 'port': 6379, 'error': "Error while reading from 192.168.100.128:6379 : (22, '÷∏∂®µƒÕ¯¬Á√˚≤ª‘Ÿø…”√°£', None, 64, None)", 'event': 'Redis ¡¨Ω”—È÷§ ß∞‹ (PING)', 'level': 'error', 'logger': 'ai_werewolf_core.utils.redis_client', 'timestamp': '2026-05-14T21:28:57.597528+08:00', 'exception': 'Traceback (most recent call last):\n  File "F:\\py\\Lib\\asyncio\\windows_events.py", line 463, in finish_socket_func\n    return ov.getresult()\n           ~~~~~~~~~~~~^^\nOSError: [WinError 64] ÷∏∂®µƒÕ¯¬Á√˚≤ª‘Ÿø…”√°£\n\nDuring handling of the above exception, another exception occurred:\n\nTraceback (most recent call last):\n  File "F:\\py\\Lib\\site-packages\\redis\\asyncio\\connection.py", line 725, in read_response\n    response = await self._parser.read_response(\n               ^^^^^^^^^^^^^^^^^^^^^^^^^^^^^^^^^\n        disable_decoding=disable_decoding\n        ^^^^^^^^^^^^^^^^^^^^^^^^^^^^^^^^^\n    )\n    ^\n  File "F:\\py\\Lib\\site-packages\\redis\\_parsers\\resp2.py", line 82, in read_response\n    response = await self._read_response(disable_decoding=disable_decoding)\n               ^^^^^^^^^^^^^^^^^^^^^^^^^^^^^^^^^^^^^^^^^^^^^^^^^^^^^^^^^^^^\n  File "F:\\py\\Lib\\site-packages\\redis\\_parsers\\resp2.py", line 90, in _read_response\n    raw = await self._readline()\n          ^^^^^^^^^^^^^^^^^^^^^^\n  File "F:\\py\\Lib\\site-packages\\redis\\_parsers\\base.py", line 559, in _readline\n    data = await self._stream.readline()\n           ^^^^^^^^^^^^^^^^^^^^^^^^^^^^^\n  File "F:\\py\\Lib\\asyncio\\streams.py", line 562, in readline\n    line = await self.readuntil(sep)\n           ^^^^^^^^^^^^^^^^^^^^^^^^^\n  File "F:\\py\\Lib\\asyncio\\streams.py", line 677, in readuntil\n    await self._wait_for_data(\'readuntil\')\n  File "F:\\py\\Lib\\asyncio\\streams.py", line 539, in _wait_for_data\n    await self._waiter\n  File "F:\\py\\Lib\\asyncio\\proactor_events.py", line 286, in _loop_reading\n    length = fut.result()\n  File "F:\\py\\Lib\\asyncio\\windows_events.py", line 804, in _poll\n    value = callback(transferred, key, ov)\n  File "F:\\py\\Lib\\asyncio\\windows_events.py", line 467, in finish_socket_func\n    raise ConnectionResetError(*exc.args)\nConnectionResetError: [WinError 64] ÷∏∂®µƒÕ¯¬Á√˚≤ª‘Ÿø…”√°£\n\nDuring handling of the above exception, another exception occurred:\n\nTraceback (most recent call last):\n  File "F:\\YilenaCode\\Werewolf\\ai_werewolf_core\\utils\\redis_client.py", line 128, in get_client\n    await cls._client.ping()\n  File "F:\\py\\Lib\\site-packages\\redis\\asyncio\\client.py", line 764, in execute_command\n    conn = self.connection or await pool.get_connection()\n                              ^^^^^^^^^^^^^^^^^^^^^^^^^^^\n  File "F:\\py\\Lib\\site-packages\\redis\\utils.py", line 227, in async_wrapper\n    return await func(*args, **kwargs)\n           ^^^^^^^^^^^^^^^^^^^^^^^^^^^\n  File "F:\\py\\Lib\\site-packages\\redis\\asyncio\\connection.py", line 1351, in get_connection\n    await self.ensure_connection(connection)\n  File "F:\\py\\Lib\\site-packages\\redis\\asyncio\\connection.py", line 1390, in ensure_connection\n    await connection.connect()\n  File "F:\\py\\Lib\\site-packages\\redis\\asyncio\\connection.py", line 339, in connect\n    await self.retry.call_with_retry(\n    ...<7 lines>...\n    )\n  File "F:\\py\\Lib\\site-packages\\redis\\asyncio\\retry.py", line 81, in call_with_retry\n    raise error\n  File "F:\\py\\Lib\\site-packages\\redis\\asyncio\\retry.py", line 69, in call_with_retry\n    return await do()\n           ^^^^^^^^^^\n  File "F:\\py\\Lib\\site-packages\\redis\\asyncio\\connection.py", line 403, in connect_check_health\n    await self.on_connect_check_health(check_health=check_health)\n  File "F:\\py\\Lib\\site-packages\\redis\\asyncio\\connection.py", line 560, in on_connect_check_health\n    await self.read_response()\n  File "F:\\py\\Lib\\site-packages\\redis\\asyncio\\connection.py", line 747, in read_response\n    raise ConnectionError(f"Error while reading from {host_error} : {e.args}")\nredis.exceptions.ConnectionError: Error while reading from 192.168.100.128:6379 : (22, \'÷∏∂®µƒÕ¯¬Á√˚≤ª‘Ÿø…”√°£\', None, 64, None)'}
______ ERROR at setup of TestLuaScriptManagerLoading.test_reload_scripts ______

trans = 0, key = 0, ov = <_overlapped.Overlapped object at 0x0000027C30836430>

    @staticmethod
    def finish_socket_func(trans, key, ov):
        try:
>           return ov.getresult()
                   ^^^^^^^^^^^^^^
E           OSError: [WinError 64] ÷∏∂®µƒÕ¯¬Á√˚≤ª‘Ÿø…”√°£

F:\py\Lib\asyncio\windows_events.py:463: OSError

During handling of the above exception, another exception occurred:

self = <redis.asyncio.connection.Connection(host=192.168.100.128,port=6379,db=1)>
disable_decoding = False, timeout = None

    async def read_response(
        self,
        disable_decoding: bool = False,
        timeout: Optional[float] = None,
        *,
        disconnect_on_error: bool = True,
        push_request: Optional[bool] = False,
    ):
        """Read the response from a previously sent command"""
        read_timeout = timeout if timeout is not None else self.socket_timeout
        host_error = self._host_error()
        try:
            if read_timeout is not None and self.protocol in ["3", 3]:
                async with async_timeout(read_timeout):
                    response = await self._parser.read_response(
                        disable_decoding=disable_decoding, push_request=push_request
                    )
            elif read_timeout is not None:
                async with async_timeout(read_timeout):
>                   response = await self._parser.read_response(
                        disable_decoding=disable_decoding

F:\py\Lib\site-packages\redis\asyncio\connection.py:725: 
_ _ _ _ _ _ _ _ _ _ _ _ _ _ _ _ _ _ _ _ _ _ _ _ _ _ _ _ _ _ _ _ _ _ _ _ _ _ _ _
F:\py\Lib\site-packages\redis\_parsers\resp2.py:82: in read_response
    response = await self._read_response(disable_decoding=disable_decoding)
               ^^^^^^^^^^^^^^^^^^^^^^^^^^^^^^^^^^^^^^^^^^^^^^^^^^^^^^^^^^^^
F:\py\Lib\site-packages\redis\_parsers\resp2.py:90: in _read_response
    raw = await self._readline()
          ^^^^^^^^^^^^^^^^^^^^^^
F:\py\Lib\site-packages\redis\_parsers\base.py:559: in _readline
    data = await self._stream.readline()
           ^^^^^^^^^^^^^^^^^^^^^^^^^^^^^
F:\py\Lib\asyncio\streams.py:562: in readline
    line = await self.readuntil(sep)
           ^^^^^^^^^^^^^^^^^^^^^^^^^
F:\py\Lib\asyncio\streams.py:677: in readuntil
    await self._wait_for_data('readuntil')
F:\py\Lib\asyncio\streams.py:539: in _wait_for_data
    await self._waiter
F:\py\Lib\asyncio\proactor_events.py:286: in _loop_reading
    length = fut.result()
             ^^^^^^^^^^^^
F:\py\Lib\asyncio\windows_events.py:804: in _poll
    value = callback(transferred, key, ov)
            ^^^^^^^^^^^^^^^^^^^^^^^^^^^^^^
_ _ _ _ _ _ _ _ _ _ _ _ _ _ _ _ _ _ _ _ _ _ _ _ _ _ _ _ _ _ _ _ _ _ _ _ _ _ _ _

trans = 0, key = 0, ov = <_overlapped.Overlapped object at 0x0000027C30836430>

    @staticmethod
    def finish_socket_func(trans, key, ov):
        try:
            return ov.getresult()
        except OSError as exc:
            if exc.winerror in (_overlapped.ERROR_NETNAME_DELETED,
                                _overlapped.ERROR_OPERATION_ABORTED):
>               raise ConnectionResetError(*exc.args)
E               ConnectionResetError: [WinError 64] ÷∏∂®µƒÕ¯¬Á√˚≤ª‘Ÿø…”√°£

F:\py\Lib\asyncio\windows_events.py:467: ConnectionResetError

During handling of the above exception, another exception occurred:

    @pytest.fixture(autouse=True)
    async def _setup_lua_scripts():
        """‘⁄√ø∏ˆ≤‚ ‘«∞»∑±£ Lua Ω≈±æ“—º”‘ÿµΩ Redis°£
    
        ’‚ «“ª∏ˆ autouse fixture£¨ª·‘⁄√ø∏ˆ≤‚ ‘∫Ø ˝÷Æ«∞◊‘∂Ø‘À––°£
         π”√ RedisClientManager ÷ÿ÷√»∑±£∏…æªµƒ≤‚ ‘ª∑æ≥°£
        """
        # »∑±£ Redis øÕªß∂À“—≥ı ºªØ
>       await RedisClientManager.get_client()

tests\test_redis_lua.py:43: 
_ _ _ _ _ _ _ _ _ _ _ _ _ _ _ _ _ _ _ _ _ _ _ _ _ _ _ _ _ _ _ _ _ _ _ _ _ _ _ _
ai_werewolf_core\utils\redis_client.py:128: in get_client
    await cls._client.ping()
F:\py\Lib\site-packages\redis\asyncio\client.py:764: in execute_command
    conn = self.connection or await pool.get_connection()
                              ^^^^^^^^^^^^^^^^^^^^^^^^^^^
F:\py\Lib\site-packages\redis\utils.py:227: in async_wrapper
    return await func(*args, **kwargs)
           ^^^^^^^^^^^^^^^^^^^^^^^^^^^
F:\py\Lib\site-packages\redis\asyncio\connection.py:1351: in get_connection
    await self.ensure_connection(connection)
F:\py\Lib\site-packages\redis\asyncio\connection.py:1390: in ensure_connection
    await connection.connect()
F:\py\Lib\site-packages\redis\asyncio\connection.py:339: in connect
    await self.retry.call_with_retry(
F:\py\Lib\site-packages\redis\asyncio\retry.py:81: in call_with_retry
    raise error
F:\py\Lib\site-packages\redis\asyncio\retry.py:69: in call_with_retry
    return await do()
           ^^^^^^^^^^
F:\py\Lib\site-packages\redis\asyncio\connection.py:403: in connect_check_health
    await self.on_connect_check_health(check_health=check_health)
F:\py\Lib\site-packages\redis\asyncio\connection.py:560: in on_connect_check_health
    await self.read_response()
_ _ _ _ _ _ _ _ _ _ _ _ _ _ _ _ _ _ _ _ _ _ _ _ _ _ _ _ _ _ _ _ _ _ _ _ _ _ _ _

self = <redis.asyncio.connection.Connection(host=192.168.100.128,port=6379,db=1)>
disable_decoding = False, timeout = None

    async def read_response(
        self,
        disable_decoding: bool = False,
        timeout: Optional[float] = None,
        *,
        disconnect_on_error: bool = True,
        push_request: Optional[bool] = False,
    ):
        """Read the response from a previously sent command"""
        read_timeout = timeout if timeout is not None else self.socket_timeout
        host_error = self._host_error()
        try:
            if read_timeout is not None and self.protocol in ["3", 3]:
                async with async_timeout(read_timeout):
                    response = await self._parser.read_response(
                        disable_decoding=disable_decoding, push_request=push_request
                    )
            elif read_timeout is not None:
                async with async_timeout(read_timeout):
                    response = await self._parser.read_response(
                        disable_decoding=disable_decoding
                    )
            elif self.protocol in ["3", 3]:
                response = await self._parser.read_response(
                    disable_decoding=disable_decoding, push_request=push_request
                )
            else:
                response = await self._parser.read_response(
                    disable_decoding=disable_decoding
                )
        except asyncio.TimeoutError:
            if timeout is not None:
                # user requested timeout, return None. Operation can be retried
                return None
            # it was a self.socket_timeout error.
            if disconnect_on_error:
                await self.disconnect(nowait=True)
            raise TimeoutError(f"Timeout reading from {host_error}")
        except OSError as e:
            if disconnect_on_error:
                await self.disconnect(nowait=True)
>           raise ConnectionError(f"Error while reading from {host_error} : {e.args}")
E           redis.exceptions.ConnectionError: Error while reading from 192.168.100.128:6379 : (22, '÷∏∂®µƒÕ¯¬Á√˚≤ª‘Ÿø…”√°£', None, 64, None)

F:\py\Lib\site-packages\redis\asyncio\connection.py:747: ConnectionError
---------------------------- Captured stderr setup ----------------------------
[2m2026-05-14T21:28:57.759614+08:00[0m [[32m[1mdebug    [0m] [1mRedis ¡¨Ω”≥ÿ“—¥¥Ω®                  [0m [[0m[1m[34mai_werewolf_core.utils.redis_client[0m][0m [36mmax_connections[0m=[35m300[0m [36msocket_timeout[0m=[35m10[0m
[2m2026-05-14T21:29:02.764204+08:00[0m [[31m[1merror    [0m] [1mRedis ¡¨Ω”—È÷§ ß∞‹ (PING)           [0m [[0m[1m[34mai_werewolf_core.utils.redis_client[0m][0m [36merror[0m=[35m"Error while reading from 192.168.100.128:6379 : (22, '÷∏∂®µƒÕ¯¬Á√˚≤ª‘Ÿø…”√°£', None, 64, None)"[0m [36mhost[0m=[35m192.168.100.128[0m [36mport[0m=[35m6379[0m
Traceback (most recent call last):
  File "F:\py\Lib\asyncio\windows_events.py", line 463, in finish_socket_func
    return ov.getresult()
           ~~~~~~~~~~~~^^
OSError: [WinError 64] ÷∏∂®µƒÕ¯¬Á√˚≤ª‘Ÿø…”√°£

During handling of the above exception, another exception occurred:

Traceback (most recent call last):
  File "F:\py\Lib\site-packages\redis\asyncio\connection.py", line 725, in read_response
    response = await self._parser.read_response(
               ^^^^^^^^^^^^^^^^^^^^^^^^^^^^^^^^^
        disable_decoding=disable_decoding
        ^^^^^^^^^^^^^^^^^^^^^^^^^^^^^^^^^
    )
    ^
  File "F:\py\Lib\site-packages\redis\_parsers\resp2.py", line 82, in read_response
    response = await self._read_response(disable_decoding=disable_decoding)
               ^^^^^^^^^^^^^^^^^^^^^^^^^^^^^^^^^^^^^^^^^^^^^^^^^^^^^^^^^^^^
  File "F:\py\Lib\site-packages\redis\_parsers\resp2.py", line 90, in _read_response
    raw = await self._readline()
          ^^^^^^^^^^^^^^^^^^^^^^
  File "F:\py\Lib\site-packages\redis\_parsers\base.py", line 559, in _readline
    data = await self._stream.readline()
           ^^^^^^^^^^^^^^^^^^^^^^^^^^^^^
  File "F:\py\Lib\asyncio\streams.py", line 562, in readline
    line = await self.readuntil(sep)
           ^^^^^^^^^^^^^^^^^^^^^^^^^
  File "F:\py\Lib\asyncio\streams.py", line 677, in readuntil
    await self._wait_for_data('readuntil')
  File "F:\py\Lib\asyncio\streams.py", line 539, in _wait_for_data
    await self._waiter
  File "F:\py\Lib\asyncio\proactor_events.py", line 286, in _loop_reading
    length = fut.result()
  File "F:\py\Lib\asyncio\windows_events.py", line 804, in _poll
    value = callback(transferred, key, ov)
  File "F:\py\Lib\asyncio\windows_events.py", line 467, in finish_socket_func
    raise ConnectionResetError(*exc.args)
ConnectionResetError: [WinError 64] ÷∏∂®µƒÕ¯¬Á√˚≤ª‘Ÿø…”√°£

During handling of the above exception, another exception occurred:

Traceback (most recent call last):
  File "F:\YilenaCode\Werewolf\ai_werewolf_core\utils\redis_client.py", line 128, in get_client
    await cls._client.ping()
  File "F:\py\Lib\site-packages\redis\asyncio\client.py", line 764, in execute_command
    conn = self.connection or await pool.get_connection()
                              ^^^^^^^^^^^^^^^^^^^^^^^^^^^
  File "F:\py\Lib\site-packages\redis\utils.py", line 227, in async_wrapper
    return await func(*args, **kwargs)
           ^^^^^^^^^^^^^^^^^^^^^^^^^^^
  File "F:\py\Lib\site-packages\redis\asyncio\connection.py", line 1351, in get_connection
    await self.ensure_connection(connection)
  File "F:\py\Lib\site-packages\redis\asyncio\connection.py", line 1390, in ensure_connection
    await connection.connect()
  File "F:\py\Lib\site-packages\redis\asyncio\connection.py", line 339, in connect
    await self.retry.call_with_retry(
    ...<7 lines>...
    )
  File "F:\py\Lib\site-packages\redis\asyncio\retry.py", line 81, in call_with_retry
    raise error
  File "F:\py\Lib\site-packages\redis\asyncio\retry.py", line 69, in call_with_retry
    return await do()
           ^^^^^^^^^^
  File "F:\py\Lib\site-packages\redis\asyncio\connection.py", line 403, in connect_check_health
    await self.on_connect_check_health(check_health=check_health)
  File "F:\py\Lib\site-packages\redis\asyncio\connection.py", line 560, in on_connect_check_health
    await self.read_response()
  File "F:\py\Lib\site-packages\redis\asyncio\connection.py", line 747, in read_response
    raise ConnectionError(f"Error while reading from {host_error} : {e.args}")
redis.exceptions.ConnectionError: Error while reading from 192.168.100.128:6379 : (22, '÷∏∂®µƒÕ¯¬Á√˚≤ª‘Ÿø…”√°£', None, 64, None)
----------------------------- Captured log setup ------------------------------
DEBUG    ai_werewolf_core.utils.redis_client:redis_client.py:243 {'max_connections': 300, 'socket_timeout': 10, 'event': 'Redis ¡¨Ω”≥ÿ“—¥¥Ω®', 'level': 'debug', 'logger': 'ai_werewolf_core.utils.redis_client', 'timestamp': '2026-05-14T21:28:57.759614+08:00'}
ERROR    ai_werewolf_core.utils.redis_client:redis_client.py:130 {'host': '192.168.100.128', 'port': 6379, 'error': "Error while reading from 192.168.100.128:6379 : (22, '÷∏∂®µƒÕ¯¬Á√˚≤ª‘Ÿø…”√°£', None, 64, None)", 'event': 'Redis ¡¨Ω”—È÷§ ß∞‹ (PING)', 'level': 'error', 'logger': 'ai_werewolf_core.utils.redis_client', 'timestamp': '2026-05-14T21:29:02.764204+08:00', 'exception': 'Traceback (most recent call last):\n  File "F:\\py\\Lib\\asyncio\\windows_events.py", line 463, in finish_socket_func\n    return ov.getresult()\n           ~~~~~~~~~~~~^^\nOSError: [WinError 64] ÷∏∂®µƒÕ¯¬Á√˚≤ª‘Ÿø…”√°£\n\nDuring handling of the above exception, another exception occurred:\n\nTraceback (most recent call last):\n  File "F:\\py\\Lib\\site-packages\\redis\\asyncio\\connection.py", line 725, in read_response\n    response = await self._parser.read_response(\n               ^^^^^^^^^^^^^^^^^^^^^^^^^^^^^^^^^\n        disable_decoding=disable_decoding\n        ^^^^^^^^^^^^^^^^^^^^^^^^^^^^^^^^^\n    )\n    ^\n  File "F:\\py\\Lib\\site-packages\\redis\\_parsers\\resp2.py", line 82, in read_response\n    response = await self._read_response(disable_decoding=disable_decoding)\n               ^^^^^^^^^^^^^^^^^^^^^^^^^^^^^^^^^^^^^^^^^^^^^^^^^^^^^^^^^^^^\n  File "F:\\py\\Lib\\site-packages\\redis\\_parsers\\resp2.py", line 90, in _read_response\n    raw = await self._readline()\n          ^^^^^^^^^^^^^^^^^^^^^^\n  File "F:\\py\\Lib\\site-packages\\redis\\_parsers\\base.py", line 559, in _readline\n    data = await self._stream.readline()\n           ^^^^^^^^^^^^^^^^^^^^^^^^^^^^^\n  File "F:\\py\\Lib\\asyncio\\streams.py", line 562, in readline\n    line = await self.readuntil(sep)\n           ^^^^^^^^^^^^^^^^^^^^^^^^^\n  File "F:\\py\\Lib\\asyncio\\streams.py", line 677, in readuntil\n    await self._wait_for_data(\'readuntil\')\n  File "F:\\py\\Lib\\asyncio\\streams.py", line 539, in _wait_for_data\n    await self._waiter\n  File "F:\\py\\Lib\\asyncio\\proactor_events.py", line 286, in _loop_reading\n    length = fut.result()\n  File "F:\\py\\Lib\\asyncio\\windows_events.py", line 804, in _poll\n    value = callback(transferred, key, ov)\n  File "F:\\py\\Lib\\asyncio\\windows_events.py", line 467, in finish_socket_func\n    raise ConnectionResetError(*exc.args)\nConnectionResetError: [WinError 64] ÷∏∂®µƒÕ¯¬Á√˚≤ª‘Ÿø…”√°£\n\nDuring handling of the above exception, another exception occurred:\n\nTraceback (most recent call last):\n  File "F:\\YilenaCode\\Werewolf\\ai_werewolf_core\\utils\\redis_client.py", line 128, in get_client\n    await cls._client.ping()\n  File "F:\\py\\Lib\\site-packages\\redis\\asyncio\\client.py", line 764, in execute_command\n    conn = self.connection or await pool.get_connection()\n                              ^^^^^^^^^^^^^^^^^^^^^^^^^^^\n  File "F:\\py\\Lib\\site-packages\\redis\\utils.py", line 227, in async_wrapper\n    return await func(*args, **kwargs)\n           ^^^^^^^^^^^^^^^^^^^^^^^^^^^\n  File "F:\\py\\Lib\\site-packages\\redis\\asyncio\\connection.py", line 1351, in get_connection\n    await self.ensure_connection(connection)\n  File "F:\\py\\Lib\\site-packages\\redis\\asyncio\\connection.py", line 1390, in ensure_connection\n    await connection.connect()\n  File "F:\\py\\Lib\\site-packages\\redis\\asyncio\\connection.py", line 339, in connect\n    await self.retry.call_with_retry(\n    ...<7 lines>...\n    )\n  File "F:\\py\\Lib\\site-packages\\redis\\asyncio\\retry.py", line 81, in call_with_retry\n    raise error\n  File "F:\\py\\Lib\\site-packages\\redis\\asyncio\\retry.py", line 69, in call_with_retry\n    return await do()\n           ^^^^^^^^^^\n  File "F:\\py\\Lib\\site-packages\\redis\\asyncio\\connection.py", line 403, in connect_check_health\n    await self.on_connect_check_health(check_health=check_health)\n  File "F:\\py\\Lib\\site-packages\\redis\\asyncio\\connection.py", line 560, in on_connect_check_health\n    await self.read_response()\n  File "F:\\py\\Lib\\site-packages\\redis\\asyncio\\connection.py", line 747, in read_response\n    raise ConnectionError(f"Error while reading from {host_error} : {e.args}")\nredis.exceptions.ConnectionError: Error while reading from 192.168.100.128:6379 : (22, \'÷∏∂®µƒÕ¯¬Á√˚≤ª‘Ÿø…”√°£\', None, 64, None)'}
____ ERROR at setup of TestLuaScriptManagerLoading.test_reset_clears_state ____

trans = 0, key = 0, ov = <_overlapped.Overlapped object at 0x0000027C308365B0>

    @staticmethod
    def finish_socket_func(trans, key, ov):
        try:
>           return ov.getresult()
                   ^^^^^^^^^^^^^^
E           OSError: [WinError 64] ÷∏∂®µƒÕ¯¬Á√˚≤ª‘Ÿø…”√°£

F:\py\Lib\asyncio\windows_events.py:463: OSError

During handling of the above exception, another exception occurred:

self = <redis.asyncio.connection.Connection(host=192.168.100.128,port=6379,db=1)>
disable_decoding = False, timeout = None

    async def read_response(
        self,
        disable_decoding: bool = False,
        timeout: Optional[float] = None,
        *,
        disconnect_on_error: bool = True,
        push_request: Optional[bool] = False,
    ):
        """Read the response from a previously sent command"""
        read_timeout = timeout if timeout is not None else self.socket_timeout
        host_error = self._host_error()
        try:
            if read_timeout is not None and self.protocol in ["3", 3]:
                async with async_timeout(read_timeout):
                    response = await self._parser.read_response(
                        disable_decoding=disable_decoding, push_request=push_request
                    )
            elif read_timeout is not None:
                async with async_timeout(read_timeout):
>                   response = await self._parser.read_response(
                        disable_decoding=disable_decoding

F:\py\Lib\site-packages\redis\asyncio\connection.py:725: 
_ _ _ _ _ _ _ _ _ _ _ _ _ _ _ _ _ _ _ _ _ _ _ _ _ _ _ _ _ _ _ _ _ _ _ _ _ _ _ _
F:\py\Lib\site-packages\redis\_parsers\resp2.py:82: in read_response
    response = await self._read_response(disable_decoding=disable_decoding)
               ^^^^^^^^^^^^^^^^^^^^^^^^^^^^^^^^^^^^^^^^^^^^^^^^^^^^^^^^^^^^
F:\py\Lib\site-packages\redis\_parsers\resp2.py:90: in _read_response
    raw = await self._readline()
          ^^^^^^^^^^^^^^^^^^^^^^
F:\py\Lib\site-packages\redis\_parsers\base.py:559: in _readline
    data = await self._stream.readline()
           ^^^^^^^^^^^^^^^^^^^^^^^^^^^^^
F:\py\Lib\asyncio\streams.py:562: in readline
    line = await self.readuntil(sep)
           ^^^^^^^^^^^^^^^^^^^^^^^^^
F:\py\Lib\asyncio\streams.py:677: in readuntil
    await self._wait_for_data('readuntil')
F:\py\Lib\asyncio\streams.py:539: in _wait_for_data
    await self._waiter
F:\py\Lib\asyncio\proactor_events.py:286: in _loop_reading
    length = fut.result()
             ^^^^^^^^^^^^
F:\py\Lib\asyncio\windows_events.py:804: in _poll
    value = callback(transferred, key, ov)
            ^^^^^^^^^^^^^^^^^^^^^^^^^^^^^^
_ _ _ _ _ _ _ _ _ _ _ _ _ _ _ _ _ _ _ _ _ _ _ _ _ _ _ _ _ _ _ _ _ _ _ _ _ _ _ _

trans = 0, key = 0, ov = <_overlapped.Overlapped object at 0x0000027C308365B0>

    @staticmethod
    def finish_socket_func(trans, key, ov):
        try:
            return ov.getresult()
        except OSError as exc:
            if exc.winerror in (_overlapped.ERROR_NETNAME_DELETED,
                                _overlapped.ERROR_OPERATION_ABORTED):
>               raise ConnectionResetError(*exc.args)
E               ConnectionResetError: [WinError 64] ÷∏∂®µƒÕ¯¬Á√˚≤ª‘Ÿø…”√°£

F:\py\Lib\asyncio\windows_events.py:467: ConnectionResetError

During handling of the above exception, another exception occurred:

    @pytest.fixture(autouse=True)
    async def _setup_lua_scripts():
        """‘⁄√ø∏ˆ≤‚ ‘«∞»∑±£ Lua Ω≈±æ“—º”‘ÿµΩ Redis°£
    
        ’‚ «“ª∏ˆ autouse fixture£¨ª·‘⁄√ø∏ˆ≤‚ ‘∫Ø ˝÷Æ«∞◊‘∂Ø‘À––°£
         π”√ RedisClientManager ÷ÿ÷√»∑±£∏…æªµƒ≤‚ ‘ª∑æ≥°£
        """
        # »∑±£ Redis øÕªß∂À“—≥ı ºªØ
>       await RedisClientManager.get_client()

tests\test_redis_lua.py:43: 
_ _ _ _ _ _ _ _ _ _ _ _ _ _ _ _ _ _ _ _ _ _ _ _ _ _ _ _ _ _ _ _ _ _ _ _ _ _ _ _
ai_werewolf_core\utils\redis_client.py:128: in get_client
    await cls._client.ping()
F:\py\Lib\site-packages\redis\asyncio\client.py:764: in execute_command
    conn = self.connection or await pool.get_connection()
                              ^^^^^^^^^^^^^^^^^^^^^^^^^^^
F:\py\Lib\site-packages\redis\utils.py:227: in async_wrapper
    return await func(*args, **kwargs)
           ^^^^^^^^^^^^^^^^^^^^^^^^^^^
F:\py\Lib\site-packages\redis\asyncio\connection.py:1351: in get_connection
    await self.ensure_connection(connection)
F:\py\Lib\site-packages\redis\asyncio\connection.py:1390: in ensure_connection
    await connection.connect()
F:\py\Lib\site-packages\redis\asyncio\connection.py:339: in connect
    await self.retry.call_with_retry(
F:\py\Lib\site-packages\redis\asyncio\retry.py:81: in call_with_retry
    raise error
F:\py\Lib\site-packages\redis\asyncio\retry.py:69: in call_with_retry
    return await do()
           ^^^^^^^^^^
F:\py\Lib\site-packages\redis\asyncio\connection.py:403: in connect_check_health
    await self.on_connect_check_health(check_health=check_health)
F:\py\Lib\site-packages\redis\asyncio\connection.py:560: in on_connect_check_health
    await self.read_response()
_ _ _ _ _ _ _ _ _ _ _ _ _ _ _ _ _ _ _ _ _ _ _ _ _ _ _ _ _ _ _ _ _ _ _ _ _ _ _ _

self = <redis.asyncio.connection.Connection(host=192.168.100.128,port=6379,db=1)>
disable_decoding = False, timeout = None

    async def read_response(
        self,
        disable_decoding: bool = False,
        timeout: Optional[float] = None,
        *,
        disconnect_on_error: bool = True,
        push_request: Optional[bool] = False,
    ):
        """Read the response from a previously sent command"""
        read_timeout = timeout if timeout is not None else self.socket_timeout
        host_error = self._host_error()
        try:
            if read_timeout is not None and self.protocol in ["3", 3]:
                async with async_timeout(read_timeout):
                    response = await self._parser.read_response(
                        disable_decoding=disable_decoding, push_request=push_request
                    )
            elif read_timeout is not None:
                async with async_timeout(read_timeout):
                    response = await self._parser.read_response(
                        disable_decoding=disable_decoding
                    )
            elif self.protocol in ["3", 3]:
                response = await self._parser.read_response(
                    disable_decoding=disable_decoding, push_request=push_request
                )
            else:
                response = await self._parser.read_response(
                    disable_decoding=disable_decoding
                )
        except asyncio.TimeoutError:
            if timeout is not None:
                # user requested timeout, return None. Operation can be retried
                return None
            # it was a self.socket_timeout error.
            if disconnect_on_error:
                await self.disconnect(nowait=True)
            raise TimeoutError(f"Timeout reading from {host_error}")
        except OSError as e:
            if disconnect_on_error:
                await self.disconnect(nowait=True)
>           raise ConnectionError(f"Error while reading from {host_error} : {e.args}")
E           redis.exceptions.ConnectionError: Error while reading from 192.168.100.128:6379 : (22, '÷∏∂®µƒÕ¯¬Á√˚≤ª‘Ÿø…”√°£', None, 64, None)

F:\py\Lib\site-packages\redis\asyncio\connection.py:747: ConnectionError
---------------------------- Captured stderr setup ----------------------------
[2m2026-05-14T21:29:02.947704+08:00[0m [[32m[1mdebug    [0m] [1mRedis ¡¨Ω”≥ÿ“—¥¥Ω®                  [0m [[0m[1m[34mai_werewolf_core.utils.redis_client[0m][0m [36mmax_connections[0m=[35m300[0m [36msocket_timeout[0m=[35m10[0m
[2m2026-05-14T21:29:07.950396+08:00[0m [[31m[1merror    [0m] [1mRedis ¡¨Ω”—È÷§ ß∞‹ (PING)           [0m [[0m[1m[34mai_werewolf_core.utils.redis_client[0m][0m [36merror[0m=[35m"Error while reading from 192.168.100.128:6379 : (22, '÷∏∂®µƒÕ¯¬Á√˚≤ª‘Ÿø…”√°£', None, 64, None)"[0m [36mhost[0m=[35m192.168.100.128[0m [36mport[0m=[35m6379[0m
Traceback (most recent call last):
  File "F:\py\Lib\asyncio\windows_events.py", line 463, in finish_socket_func
    return ov.getresult()
           ~~~~~~~~~~~~^^
OSError: [WinError 64] ÷∏∂®µƒÕ¯¬Á√˚≤ª‘Ÿø…”√°£

During handling of the above exception, another exception occurred:

Traceback (most recent call last):
  File "F:\py\Lib\site-packages\redis\asyncio\connection.py", line 725, in read_response
    response = await self._parser.read_response(
               ^^^^^^^^^^^^^^^^^^^^^^^^^^^^^^^^^
        disable_decoding=disable_decoding
        ^^^^^^^^^^^^^^^^^^^^^^^^^^^^^^^^^
    )
    ^
  File "F:\py\Lib\site-packages\redis\_parsers\resp2.py", line 82, in read_response
    response = await self._read_response(disable_decoding=disable_decoding)
               ^^^^^^^^^^^^^^^^^^^^^^^^^^^^^^^^^^^^^^^^^^^^^^^^^^^^^^^^^^^^
  File "F:\py\Lib\site-packages\redis\_parsers\resp2.py", line 90, in _read_response
    raw = await self._readline()
          ^^^^^^^^^^^^^^^^^^^^^^
  File "F:\py\Lib\site-packages\redis\_parsers\base.py", line 559, in _readline
    data = await self._stream.readline()
           ^^^^^^^^^^^^^^^^^^^^^^^^^^^^^
  File "F:\py\Lib\asyncio\streams.py", line 562, in readline
    line = await self.readuntil(sep)
           ^^^^^^^^^^^^^^^^^^^^^^^^^
  File "F:\py\Lib\asyncio\streams.py", line 677, in readuntil
    await self._wait_for_data('readuntil')
  File "F:\py\Lib\asyncio\streams.py", line 539, in _wait_for_data
    await self._waiter
  File "F:\py\Lib\asyncio\proactor_events.py", line 286, in _loop_reading
    length = fut.result()
  File "F:\py\Lib\asyncio\windows_events.py", line 804, in _poll
    value = callback(transferred, key, ov)
  File "F:\py\Lib\asyncio\windows_events.py", line 467, in finish_socket_func
    raise ConnectionResetError(*exc.args)
ConnectionResetError: [WinError 64] ÷∏∂®µƒÕ¯¬Á√˚≤ª‘Ÿø…”√°£

During handling of the above exception, another exception occurred:

Traceback (most recent call last):
  File "F:\YilenaCode\Werewolf\ai_werewolf_core\utils\redis_client.py", line 128, in get_client
    await cls._client.ping()
  File "F:\py\Lib\site-packages\redis\asyncio\client.py", line 764, in execute_command
    conn = self.connection or await pool.get_connection()
                              ^^^^^^^^^^^^^^^^^^^^^^^^^^^
  File "F:\py\Lib\site-packages\redis\utils.py", line 227, in async_wrapper
    return await func(*args, **kwargs)
           ^^^^^^^^^^^^^^^^^^^^^^^^^^^
  File "F:\py\Lib\site-packages\redis\asyncio\connection.py", line 1351, in get_connection
    await self.ensure_connection(connection)
  File "F:\py\Lib\site-packages\redis\asyncio\connection.py", line 1390, in ensure_connection
    await connection.connect()
  File "F:\py\Lib\site-packages\redis\asyncio\connection.py", line 339, in connect
    await self.retry.call_with_retry(
    ...<7 lines>...
    )
  File "F:\py\Lib\site-packages\redis\asyncio\retry.py", line 81, in call_with_retry
    raise error
  File "F:\py\Lib\site-packages\redis\asyncio\retry.py", line 69, in call_with_retry
    return await do()
           ^^^^^^^^^^
  File "F:\py\Lib\site-packages\redis\asyncio\connection.py", line 403, in connect_check_health
    await self.on_connect_check_health(check_health=check_health)
  File "F:\py\Lib\site-packages\redis\asyncio\connection.py", line 560, in on_connect_check_health
    await self.read_response()
  File "F:\py\Lib\site-packages\redis\asyncio\connection.py", line 747, in read_response
    raise ConnectionError(f"Error while reading from {host_error} : {e.args}")
redis.exceptions.ConnectionError: Error while reading from 192.168.100.128:6379 : (22, '÷∏∂®µƒÕ¯¬Á√˚≤ª‘Ÿø…”√°£', None, 64, None)
----------------------------- Captured log setup ------------------------------
DEBUG    ai_werewolf_core.utils.redis_client:redis_client.py:243 {'max_connections': 300, 'socket_timeout': 10, 'event': 'Redis ¡¨Ω”≥ÿ“—¥¥Ω®', 'level': 'debug', 'logger': 'ai_werewolf_core.utils.redis_client', 'timestamp': '2026-05-14T21:29:02.947704+08:00'}
ERROR    ai_werewolf_core.utils.redis_client:redis_client.py:130 {'host': '192.168.100.128', 'port': 6379, 'error': "Error while reading from 192.168.100.128:6379 : (22, '÷∏∂®µƒÕ¯¬Á√˚≤ª‘Ÿø…”√°£', None, 64, None)", 'event': 'Redis ¡¨Ω”—È÷§ ß∞‹ (PING)', 'level': 'error', 'logger': 'ai_werewolf_core.utils.redis_client', 'timestamp': '2026-05-14T21:29:07.950396+08:00', 'exception': 'Traceback (most recent call last):\n  File "F:\\py\\Lib\\asyncio\\windows_events.py", line 463, in finish_socket_func\n    return ov.getresult()\n           ~~~~~~~~~~~~^^\nOSError: [WinError 64] ÷∏∂®µƒÕ¯¬Á√˚≤ª‘Ÿø…”√°£\n\nDuring handling of the above exception, another exception occurred:\n\nTraceback (most recent call last):\n  File "F:\\py\\Lib\\site-packages\\redis\\asyncio\\connection.py", line 725, in read_response\n    response = await self._parser.read_response(\n               ^^^^^^^^^^^^^^^^^^^^^^^^^^^^^^^^^\n        disable_decoding=disable_decoding\n        ^^^^^^^^^^^^^^^^^^^^^^^^^^^^^^^^^\n    )\n    ^\n  File "F:\\py\\Lib\\site-packages\\redis\\_parsers\\resp2.py", line 82, in read_response\n    response = await self._read_response(disable_decoding=disable_decoding)\n               ^^^^^^^^^^^^^^^^^^^^^^^^^^^^^^^^^^^^^^^^^^^^^^^^^^^^^^^^^^^^\n  File "F:\\py\\Lib\\site-packages\\redis\\_parsers\\resp2.py", line 90, in _read_response\n    raw = await self._readline()\n          ^^^^^^^^^^^^^^^^^^^^^^\n  File "F:\\py\\Lib\\site-packages\\redis\\_parsers\\base.py", line 559, in _readline\n    data = await self._stream.readline()\n           ^^^^^^^^^^^^^^^^^^^^^^^^^^^^^\n  File "F:\\py\\Lib\\asyncio\\streams.py", line 562, in readline\n    line = await self.readuntil(sep)\n           ^^^^^^^^^^^^^^^^^^^^^^^^^\n  File "F:\\py\\Lib\\asyncio\\streams.py", line 677, in readuntil\n    await self._wait_for_data(\'readuntil\')\n  File "F:\\py\\Lib\\asyncio\\streams.py", line 539, in _wait_for_data\n    await self._waiter\n  File "F:\\py\\Lib\\asyncio\\proactor_events.py", line 286, in _loop_reading\n    length = fut.result()\n  File "F:\\py\\Lib\\asyncio\\windows_events.py", line 804, in _poll\n    value = callback(transferred, key, ov)\n  File "F:\\py\\Lib\\asyncio\\windows_events.py", line 467, in finish_socket_func\n    raise ConnectionResetError(*exc.args)\nConnectionResetError: [WinError 64] ÷∏∂®µƒÕ¯¬Á√˚≤ª‘Ÿø…”√°£\n\nDuring handling of the above exception, another exception occurred:\n\nTraceback (most recent call last):\n  File "F:\\YilenaCode\\Werewolf\\ai_werewolf_core\\utils\\redis_client.py", line 128, in get_client\n    await cls._client.ping()\n  File "F:\\py\\Lib\\site-packages\\redis\\asyncio\\client.py", line 764, in execute_command\n    conn = self.connection or await pool.get_connection()\n                              ^^^^^^^^^^^^^^^^^^^^^^^^^^^\n  File "F:\\py\\Lib\\site-packages\\redis\\utils.py", line 227, in async_wrapper\n    return await func(*args, **kwargs)\n           ^^^^^^^^^^^^^^^^^^^^^^^^^^^\n  File "F:\\py\\Lib\\site-packages\\redis\\asyncio\\connection.py", line 1351, in get_connection\n    await self.ensure_connection(connection)\n  File "F:\\py\\Lib\\site-packages\\redis\\asyncio\\connection.py", line 1390, in ensure_connection\n    await connection.connect()\n  File "F:\\py\\Lib\\site-packages\\redis\\asyncio\\connection.py", line 339, in connect\n    await self.retry.call_with_retry(\n    ...<7 lines>...\n    )\n  File "F:\\py\\Lib\\site-packages\\redis\\asyncio\\retry.py", line 81, in call_with_retry\n    raise error\n  File "F:\\py\\Lib\\site-packages\\redis\\asyncio\\retry.py", line 69, in call_with_retry\n    return await do()\n           ^^^^^^^^^^\n  File "F:\\py\\Lib\\site-packages\\redis\\asyncio\\connection.py", line 403, in connect_check_health\n    await self.on_connect_check_health(check_health=check_health)\n  File "F:\\py\\Lib\\site-packages\\redis\\asyncio\\connection.py", line 560, in on_connect_check_health\n    await self.read_response()\n  File "F:\\py\\Lib\\site-packages\\redis\\asyncio\\connection.py", line 747, in read_response\n    raise ConnectionError(f"Error while reading from {host_error} : {e.args}")\nredis.exceptions.ConnectionError: Error while reading from 192.168.100.128:6379 : (22, \'÷∏∂®µƒÕ¯¬Á√˚≤ª‘Ÿø…”√°£\', None, 64, None)'}
_ ERROR at setup of TestLuaScriptManagerLoading.test_evalsha_without_load_raises _

trans = 0, key = 0, ov = <_overlapped.Overlapped object at 0x0000027C30835230>

    @staticmethod
    def finish_socket_func(trans, key, ov):
        try:
>           return ov.getresult()
                   ^^^^^^^^^^^^^^
E           OSError: [WinError 64] ÷∏∂®µƒÕ¯¬Á√˚≤ª‘Ÿø…”√°£

F:\py\Lib\asyncio\windows_events.py:463: OSError

During handling of the above exception, another exception occurred:

self = <redis.asyncio.connection.Connection(host=192.168.100.128,port=6379,db=1)>
disable_decoding = False, timeout = None

    async def read_response(
        self,
        disable_decoding: bool = False,
        timeout: Optional[float] = None,
        *,
        disconnect_on_error: bool = True,
        push_request: Optional[bool] = False,
    ):
        """Read the response from a previously sent command"""
        read_timeout = timeout if timeout is not None else self.socket_timeout
        host_error = self._host_error()
        try:
            if read_timeout is not None and self.protocol in ["3", 3]:
                async with async_timeout(read_timeout):
                    response = await self._parser.read_response(
                        disable_decoding=disable_decoding, push_request=push_request
                    )
            elif read_timeout is not None:
                async with async_timeout(read_timeout):
>                   response = await self._parser.read_response(
                        disable_decoding=disable_decoding

F:\py\Lib\site-packages\redis\asyncio\connection.py:725: 
_ _ _ _ _ _ _ _ _ _ _ _ _ _ _ _ _ _ _ _ _ _ _ _ _ _ _ _ _ _ _ _ _ _ _ _ _ _ _ _
F:\py\Lib\site-packages\redis\_parsers\resp2.py:82: in read_response
    response = await self._read_response(disable_decoding=disable_decoding)
               ^^^^^^^^^^^^^^^^^^^^^^^^^^^^^^^^^^^^^^^^^^^^^^^^^^^^^^^^^^^^
F:\py\Lib\site-packages\redis\_parsers\resp2.py:90: in _read_response
    raw = await self._readline()
          ^^^^^^^^^^^^^^^^^^^^^^
F:\py\Lib\site-packages\redis\_parsers\base.py:559: in _readline
    data = await self._stream.readline()
           ^^^^^^^^^^^^^^^^^^^^^^^^^^^^^
F:\py\Lib\asyncio\streams.py:562: in readline
    line = await self.readuntil(sep)
           ^^^^^^^^^^^^^^^^^^^^^^^^^
F:\py\Lib\asyncio\streams.py:677: in readuntil
    await self._wait_for_data('readuntil')
F:\py\Lib\asyncio\streams.py:539: in _wait_for_data
    await self._waiter
F:\py\Lib\asyncio\proactor_events.py:286: in _loop_reading
    length = fut.result()
             ^^^^^^^^^^^^
F:\py\Lib\asyncio\windows_events.py:804: in _poll
    value = callback(transferred, key, ov)
            ^^^^^^^^^^^^^^^^^^^^^^^^^^^^^^
_ _ _ _ _ _ _ _ _ _ _ _ _ _ _ _ _ _ _ _ _ _ _ _ _ _ _ _ _ _ _ _ _ _ _ _ _ _ _ _

trans = 0, key = 0, ov = <_overlapped.Overlapped object at 0x0000027C30835230>

    @staticmethod
    def finish_socket_func(trans, key, ov):
        try:
            return ov.getresult()
        except OSError as exc:
            if exc.winerror in (_overlapped.ERROR_NETNAME_DELETED,
                                _overlapped.ERROR_OPERATION_ABORTED):
>               raise ConnectionResetError(*exc.args)
E               ConnectionResetError: [WinError 64] ÷∏∂®µƒÕ¯¬Á√˚≤ª‘Ÿø…”√°£

F:\py\Lib\asyncio\windows_events.py:467: ConnectionResetError

During handling of the above exception, another exception occurred:

    @pytest.fixture(autouse=True)
    async def _setup_lua_scripts():
        """‘⁄√ø∏ˆ≤‚ ‘«∞»∑±£ Lua Ω≈±æ“—º”‘ÿµΩ Redis°£
    
        ’‚ «“ª∏ˆ autouse fixture£¨ª·‘⁄√ø∏ˆ≤‚ ‘∫Ø ˝÷Æ«∞◊‘∂Ø‘À––°£
         π”√ RedisClientManager ÷ÿ÷√»∑±£∏…æªµƒ≤‚ ‘ª∑æ≥°£
        """
        # »∑±£ Redis øÕªß∂À“—≥ı ºªØ
>       await RedisClientManager.get_client()

tests\test_redis_lua.py:43: 
_ _ _ _ _ _ _ _ _ _ _ _ _ _ _ _ _ _ _ _ _ _ _ _ _ _ _ _ _ _ _ _ _ _ _ _ _ _ _ _
ai_werewolf_core\utils\redis_client.py:128: in get_client
    await cls._client.ping()
F:\py\Lib\site-packages\redis\asyncio\client.py:764: in execute_command
    conn = self.connection or await pool.get_connection()
                              ^^^^^^^^^^^^^^^^^^^^^^^^^^^
F:\py\Lib\site-packages\redis\utils.py:227: in async_wrapper
    return await func(*args, **kwargs)
           ^^^^^^^^^^^^^^^^^^^^^^^^^^^
F:\py\Lib\site-packages\redis\asyncio\connection.py:1351: in get_connection
    await self.ensure_connection(connection)
F:\py\Lib\site-packages\redis\asyncio\connection.py:1390: in ensure_connection
    await connection.connect()
F:\py\Lib\site-packages\redis\asyncio\connection.py:339: in connect
    await self.retry.call_with_retry(
F:\py\Lib\site-packages\redis\asyncio\retry.py:81: in call_with_retry
    raise error
F:\py\Lib\site-packages\redis\asyncio\retry.py:69: in call_with_retry
    return await do()
           ^^^^^^^^^^
F:\py\Lib\site-packages\redis\asyncio\connection.py:403: in connect_check_health
    await self.on_connect_check_health(check_health=check_health)
F:\py\Lib\site-packages\redis\asyncio\connection.py:560: in on_connect_check_health
    await self.read_response()
_ _ _ _ _ _ _ _ _ _ _ _ _ _ _ _ _ _ _ _ _ _ _ _ _ _ _ _ _ _ _ _ _ _ _ _ _ _ _ _

self = <redis.asyncio.connection.Connection(host=192.168.100.128,port=6379,db=1)>
disable_decoding = False, timeout = None

    async def read_response(
        self,
        disable_decoding: bool = False,
        timeout: Optional[float] = None,
        *,
        disconnect_on_error: bool = True,
        push_request: Optional[bool] = False,
    ):
        """Read the response from a previously sent command"""
        read_timeout = timeout if timeout is not None else self.socket_timeout
        host_error = self._host_error()
        try:
            if read_timeout is not None and self.protocol in ["3", 3]:
                async with async_timeout(read_timeout):
                    response = await self._parser.read_response(
                        disable_decoding=disable_decoding, push_request=push_request
                    )
            elif read_timeout is not None:
                async with async_timeout(read_timeout):
                    response = await self._parser.read_response(
                        disable_decoding=disable_decoding
                    )
            elif self.protocol in ["3", 3]:
                response = await self._parser.read_response(
                    disable_decoding=disable_decoding, push_request=push_request
                )
            else:
                response = await self._parser.read_response(
                    disable_decoding=disable_decoding
                )
        except asyncio.TimeoutError:
            if timeout is not None:
                # user requested timeout, return None. Operation can be retried
                return None
            # it was a self.socket_timeout error.
            if disconnect_on_error:
                await self.disconnect(nowait=True)
            raise TimeoutError(f"Timeout reading from {host_error}")
        except OSError as e:
            if disconnect_on_error:
                await self.disconnect(nowait=True)
>           raise ConnectionError(f"Error while reading from {host_error} : {e.args}")
E           redis.exceptions.ConnectionError: Error while reading from 192.168.100.128:6379 : (22, '÷∏∂®µƒÕ¯¬Á√˚≤ª‘Ÿø…”√°£', None, 64, None)

F:\py\Lib\site-packages\redis\asyncio\connection.py:747: ConnectionError
---------------------------- Captured stderr setup ----------------------------
[2m2026-05-14T21:29:08.109412+08:00[0m [[32m[1mdebug    [0m] [1mRedis ¡¨Ω”≥ÿ“—¥¥Ω®                  [0m [[0m[1m[34mai_werewolf_core.utils.redis_client[0m][0m [36mmax_connections[0m=[35m300[0m [36msocket_timeout[0m=[35m10[0m
[2m2026-05-14T21:29:13.112606+08:00[0m [[31m[1merror    [0m] [1mRedis ¡¨Ω”—È÷§ ß∞‹ (PING)           [0m [[0m[1m[34mai_werewolf_core.utils.redis_client[0m][0m [36merror[0m=[35m"Error while reading from 192.168.100.128:6379 : (22, '÷∏∂®µƒÕ¯¬Á√˚≤ª‘Ÿø…”√°£', None, 64, None)"[0m [36mhost[0m=[35m192.168.100.128[0m [36mport[0m=[35m6379[0m
Traceback (most recent call last):
  File "F:\py\Lib\asyncio\windows_events.py", line 463, in finish_socket_func
    return ov.getresult()
           ~~~~~~~~~~~~^^
OSError: [WinError 64] ÷∏∂®µƒÕ¯¬Á√˚≤ª‘Ÿø…”√°£

During handling of the above exception, another exception occurred:

Traceback (most recent call last):
  File "F:\py\Lib\site-packages\redis\asyncio\connection.py", line 725, in read_response
    response = await self._parser.read_response(
               ^^^^^^^^^^^^^^^^^^^^^^^^^^^^^^^^^
        disable_decoding=disable_decoding
        ^^^^^^^^^^^^^^^^^^^^^^^^^^^^^^^^^
    )
    ^
  File "F:\py\Lib\site-packages\redis\_parsers\resp2.py", line 82, in read_response
    response = await self._read_response(disable_decoding=disable_decoding)
               ^^^^^^^^^^^^^^^^^^^^^^^^^^^^^^^^^^^^^^^^^^^^^^^^^^^^^^^^^^^^
  File "F:\py\Lib\site-packages\redis\_parsers\resp2.py", line 90, in _read_response
    raw = await self._readline()
          ^^^^^^^^^^^^^^^^^^^^^^
  File "F:\py\Lib\site-packages\redis\_parsers\base.py", line 559, in _readline
    data = await self._stream.readline()
           ^^^^^^^^^^^^^^^^^^^^^^^^^^^^^
  File "F:\py\Lib\asyncio\streams.py", line 562, in readline
    line = await self.readuntil(sep)
           ^^^^^^^^^^^^^^^^^^^^^^^^^
  File "F:\py\Lib\asyncio\streams.py", line 677, in readuntil
    await self._wait_for_data('readuntil')
  File "F:\py\Lib\asyncio\streams.py", line 539, in _wait_for_data
    await self._waiter
  File "F:\py\Lib\asyncio\proactor_events.py", line 286, in _loop_reading
    length = fut.result()
  File "F:\py\Lib\asyncio\windows_events.py", line 804, in _poll
    value = callback(transferred, key, ov)
  File "F:\py\Lib\asyncio\windows_events.py", line 467, in finish_socket_func
    raise ConnectionResetError(*exc.args)
ConnectionResetError: [WinError 64] ÷∏∂®µƒÕ¯¬Á√˚≤ª‘Ÿø…”√°£

During handling of the above exception, another exception occurred:

Traceback (most recent call last):
  File "F:\YilenaCode\Werewolf\ai_werewolf_core\utils\redis_client.py", line 128, in get_client
    await cls._client.ping()
  File "F:\py\Lib\site-packages\redis\asyncio\client.py", line 764, in execute_command
    conn = self.connection or await pool.get_connection()
                              ^^^^^^^^^^^^^^^^^^^^^^^^^^^
  File "F:\py\Lib\site-packages\redis\utils.py", line 227, in async_wrapper
    return await func(*args, **kwargs)
           ^^^^^^^^^^^^^^^^^^^^^^^^^^^
  File "F:\py\Lib\site-packages\redis\asyncio\connection.py", line 1351, in get_connection
    await self.ensure_connection(connection)
  File "F:\py\Lib\site-packages\redis\asyncio\connection.py", line 1390, in ensure_connection
    await connection.connect()
  File "F:\py\Lib\site-packages\redis\asyncio\connection.py", line 339, in connect
    await self.retry.call_with_retry(
    ...<7 lines>...
    )
  File "F:\py\Lib\site-packages\redis\asyncio\retry.py", line 81, in call_with_retry
    raise error
  File "F:\py\Lib\site-packages\redis\asyncio\retry.py", line 69, in call_with_retry
    return await do()
           ^^^^^^^^^^
  File "F:\py\Lib\site-packages\redis\asyncio\connection.py", line 403, in connect_check_health
    await self.on_connect_check_health(check_health=check_health)
  File "F:\py\Lib\site-packages\redis\asyncio\connection.py", line 560, in on_connect_check_health
    await self.read_response()
  File "F:\py\Lib\site-packages\redis\asyncio\connection.py", line 747, in read_response
    raise ConnectionError(f"Error while reading from {host_error} : {e.args}")
redis.exceptions.ConnectionError: Error while reading from 192.168.100.128:6379 : (22, '÷∏∂®µƒÕ¯¬Á√˚≤ª‘Ÿø…”√°£', None, 64, None)
----------------------------- Captured log setup ------------------------------
DEBUG    ai_werewolf_core.utils.redis_client:redis_client.py:243 {'max_connections': 300, 'socket_timeout': 10, 'event': 'Redis ¡¨Ω”≥ÿ“—¥¥Ω®', 'level': 'debug', 'logger': 'ai_werewolf_core.utils.redis_client', 'timestamp': '2026-05-14T21:29:08.109412+08:00'}
ERROR    ai_werewolf_core.utils.redis_client:redis_client.py:130 {'host': '192.168.100.128', 'port': 6379, 'error': "Error while reading from 192.168.100.128:6379 : (22, '÷∏∂®µƒÕ¯¬Á√˚≤ª‘Ÿø…”√°£', None, 64, None)", 'event': 'Redis ¡¨Ω”—È÷§ ß∞‹ (PING)', 'level': 'error', 'logger': 'ai_werewolf_core.utils.redis_client', 'timestamp': '2026-05-14T21:29:13.112606+08:00', 'exception': 'Traceback (most recent call last):\n  File "F:\\py\\Lib\\asyncio\\windows_events.py", line 463, in finish_socket_func\n    return ov.getresult()\n           ~~~~~~~~~~~~^^\nOSError: [WinError 64] ÷∏∂®µƒÕ¯¬Á√˚≤ª‘Ÿø…”√°£\n\nDuring handling of the above exception, another exception occurred:\n\nTraceback (most recent call last):\n  File "F:\\py\\Lib\\site-packages\\redis\\asyncio\\connection.py", line 725, in read_response\n    response = await self._parser.read_response(\n               ^^^^^^^^^^^^^^^^^^^^^^^^^^^^^^^^^\n        disable_decoding=disable_decoding\n        ^^^^^^^^^^^^^^^^^^^^^^^^^^^^^^^^^\n    )\n    ^\n  File "F:\\py\\Lib\\site-packages\\redis\\_parsers\\resp2.py", line 82, in read_response\n    response = await self._read_response(disable_decoding=disable_decoding)\n               ^^^^^^^^^^^^^^^^^^^^^^^^^^^^^^^^^^^^^^^^^^^^^^^^^^^^^^^^^^^^\n  File "F:\\py\\Lib\\site-packages\\redis\\_parsers\\resp2.py", line 90, in _read_response\n    raw = await self._readline()\n          ^^^^^^^^^^^^^^^^^^^^^^\n  File "F:\\py\\Lib\\site-packages\\redis\\_parsers\\base.py", line 559, in _readline\n    data = await self._stream.readline()\n           ^^^^^^^^^^^^^^^^^^^^^^^^^^^^^\n  File "F:\\py\\Lib\\asyncio\\streams.py", line 562, in readline\n    line = await self.readuntil(sep)\n           ^^^^^^^^^^^^^^^^^^^^^^^^^\n  File "F:\\py\\Lib\\asyncio\\streams.py", line 677, in readuntil\n    await self._wait_for_data(\'readuntil\')\n  File "F:\\py\\Lib\\asyncio\\streams.py", line 539, in _wait_for_data\n    await self._waiter\n  File "F:\\py\\Lib\\asyncio\\proactor_events.py", line 286, in _loop_reading\n    length = fut.result()\n  File "F:\\py\\Lib\\asyncio\\windows_events.py", line 804, in _poll\n    value = callback(transferred, key, ov)\n  File "F:\\py\\Lib\\asyncio\\windows_events.py", line 467, in finish_socket_func\n    raise ConnectionResetError(*exc.args)\nConnectionResetError: [WinError 64] ÷∏∂®µƒÕ¯¬Á√˚≤ª‘Ÿø…”√°£\n\nDuring handling of the above exception, another exception occurred:\n\nTraceback (most recent call last):\n  File "F:\\YilenaCode\\Werewolf\\ai_werewolf_core\\utils\\redis_client.py", line 128, in get_client\n    await cls._client.ping()\n  File "F:\\py\\Lib\\site-packages\\redis\\asyncio\\client.py", line 764, in execute_command\n    conn = self.connection or await pool.get_connection()\n                              ^^^^^^^^^^^^^^^^^^^^^^^^^^^\n  File "F:\\py\\Lib\\site-packages\\redis\\utils.py", line 227, in async_wrapper\n    return await func(*args, **kwargs)\n           ^^^^^^^^^^^^^^^^^^^^^^^^^^^\n  File "F:\\py\\Lib\\site-packages\\redis\\asyncio\\connection.py", line 1351, in get_connection\n    await self.ensure_connection(connection)\n  File "F:\\py\\Lib\\site-packages\\redis\\asyncio\\connection.py", line 1390, in ensure_connection\n    await connection.connect()\n  File "F:\\py\\Lib\\site-packages\\redis\\asyncio\\connection.py", line 339, in connect\n    await self.retry.call_with_retry(\n    ...<7 lines>...\n    )\n  File "F:\\py\\Lib\\site-packages\\redis\\asyncio\\retry.py", line 81, in call_with_retry\n    raise error\n  File "F:\\py\\Lib\\site-packages\\redis\\asyncio\\retry.py", line 69, in call_with_retry\n    return await do()\n           ^^^^^^^^^^\n  File "F:\\py\\Lib\\site-packages\\redis\\asyncio\\connection.py", line 403, in connect_check_health\n    await self.on_connect_check_health(check_health=check_health)\n  File "F:\\py\\Lib\\site-packages\\redis\\asyncio\\connection.py", line 560, in on_connect_check_health\n    await self.read_response()\n  File "F:\\py\\Lib\\site-packages\\redis\\asyncio\\connection.py", line 747, in read_response\n    raise ConnectionError(f"Error while reading from {host_error} : {e.args}")\nredis.exceptions.ConnectionError: Error while reading from 192.168.100.128:6379 : (22, \'÷∏∂®µƒÕ¯¬Á√˚≤ª‘Ÿø…”√°£\', None, 64, None)'}
_ ERROR at setup of TestLuaHsetWithTtl.test_hset_with_ttl_sets_field_and_ttl __

trans = 0, key = 0, ov = <_overlapped.Overlapped object at 0x0000027C30836A30>

    @staticmethod
    def finish_socket_func(trans, key, ov):
        try:
>           return ov.getresult()
                   ^^^^^^^^^^^^^^
E           OSError: [WinError 64] ÷∏∂®µƒÕ¯¬Á√˚≤ª‘Ÿø…”√°£

F:\py\Lib\asyncio\windows_events.py:463: OSError

During handling of the above exception, another exception occurred:

self = <redis.asyncio.connection.Connection(host=192.168.100.128,port=6379,db=1)>
disable_decoding = False, timeout = None

    async def read_response(
        self,
        disable_decoding: bool = False,
        timeout: Optional[float] = None,
        *,
        disconnect_on_error: bool = True,
        push_request: Optional[bool] = False,
    ):
        """Read the response from a previously sent command"""
        read_timeout = timeout if timeout is not None else self.socket_timeout
        host_error = self._host_error()
        try:
            if read_timeout is not None and self.protocol in ["3", 3]:
                async with async_timeout(read_timeout):
                    response = await self._parser.read_response(
                        disable_decoding=disable_decoding, push_request=push_request
                    )
            elif read_timeout is not None:
                async with async_timeout(read_timeout):
>                   response = await self._parser.read_response(
                        disable_decoding=disable_decoding

F:\py\Lib\site-packages\redis\asyncio\connection.py:725: 
_ _ _ _ _ _ _ _ _ _ _ _ _ _ _ _ _ _ _ _ _ _ _ _ _ _ _ _ _ _ _ _ _ _ _ _ _ _ _ _
F:\py\Lib\site-packages\redis\_parsers\resp2.py:82: in read_response
    response = await self._read_response(disable_decoding=disable_decoding)
               ^^^^^^^^^^^^^^^^^^^^^^^^^^^^^^^^^^^^^^^^^^^^^^^^^^^^^^^^^^^^
F:\py\Lib\site-packages\redis\_parsers\resp2.py:90: in _read_response
    raw = await self._readline()
          ^^^^^^^^^^^^^^^^^^^^^^
F:\py\Lib\site-packages\redis\_parsers\base.py:559: in _readline
    data = await self._stream.readline()
           ^^^^^^^^^^^^^^^^^^^^^^^^^^^^^
F:\py\Lib\asyncio\streams.py:562: in readline
    line = await self.readuntil(sep)
           ^^^^^^^^^^^^^^^^^^^^^^^^^
F:\py\Lib\asyncio\streams.py:677: in readuntil
    await self._wait_for_data('readuntil')
F:\py\Lib\asyncio\streams.py:539: in _wait_for_data
    await self._waiter
F:\py\Lib\asyncio\proactor_events.py:286: in _loop_reading
    length = fut.result()
             ^^^^^^^^^^^^
F:\py\Lib\asyncio\windows_events.py:804: in _poll
    value = callback(transferred, key, ov)
            ^^^^^^^^^^^^^^^^^^^^^^^^^^^^^^
_ _ _ _ _ _ _ _ _ _ _ _ _ _ _ _ _ _ _ _ _ _ _ _ _ _ _ _ _ _ _ _ _ _ _ _ _ _ _ _

trans = 0, key = 0, ov = <_overlapped.Overlapped object at 0x0000027C30836A30>

    @staticmethod
    def finish_socket_func(trans, key, ov):
        try:
            return ov.getresult()
        except OSError as exc:
            if exc.winerror in (_overlapped.ERROR_NETNAME_DELETED,
                                _overlapped.ERROR_OPERATION_ABORTED):
>               raise ConnectionResetError(*exc.args)
E               ConnectionResetError: [WinError 64] ÷∏∂®µƒÕ¯¬Á√˚≤ª‘Ÿø…”√°£

F:\py\Lib\asyncio\windows_events.py:467: ConnectionResetError

During handling of the above exception, another exception occurred:

    @pytest.fixture(autouse=True)
    async def _setup_lua_scripts():
        """‘⁄√ø∏ˆ≤‚ ‘«∞»∑±£ Lua Ω≈±æ“—º”‘ÿµΩ Redis°£
    
        ’‚ «“ª∏ˆ autouse fixture£¨ª·‘⁄√ø∏ˆ≤‚ ‘∫Ø ˝÷Æ«∞◊‘∂Ø‘À––°£
         π”√ RedisClientManager ÷ÿ÷√»∑±£∏…æªµƒ≤‚ ‘ª∑æ≥°£
        """
        # »∑±£ Redis øÕªß∂À“—≥ı ºªØ
>       await RedisClientManager.get_client()

tests\test_redis_lua.py:43: 
_ _ _ _ _ _ _ _ _ _ _ _ _ _ _ _ _ _ _ _ _ _ _ _ _ _ _ _ _ _ _ _ _ _ _ _ _ _ _ _
ai_werewolf_core\utils\redis_client.py:128: in get_client
    await cls._client.ping()
F:\py\Lib\site-packages\redis\asyncio\client.py:764: in execute_command
    conn = self.connection or await pool.get_connection()
                              ^^^^^^^^^^^^^^^^^^^^^^^^^^^
F:\py\Lib\site-packages\redis\utils.py:227: in async_wrapper
    return await func(*args, **kwargs)
           ^^^^^^^^^^^^^^^^^^^^^^^^^^^
F:\py\Lib\site-packages\redis\asyncio\connection.py:1351: in get_connection
    await self.ensure_connection(connection)
F:\py\Lib\site-packages\redis\asyncio\connection.py:1390: in ensure_connection
    await connection.connect()
F:\py\Lib\site-packages\redis\asyncio\connection.py:339: in connect
    await self.retry.call_with_retry(
F:\py\Lib\site-packages\redis\asyncio\retry.py:81: in call_with_retry
    raise error
F:\py\Lib\site-packages\redis\asyncio\retry.py:69: in call_with_retry
    return await do()
           ^^^^^^^^^^
F:\py\Lib\site-packages\redis\asyncio\connection.py:403: in connect_check_health
    await self.on_connect_check_health(check_health=check_health)
F:\py\Lib\site-packages\redis\asyncio\connection.py:560: in on_connect_check_health
    await self.read_response()
_ _ _ _ _ _ _ _ _ _ _ _ _ _ _ _ _ _ _ _ _ _ _ _ _ _ _ _ _ _ _ _ _ _ _ _ _ _ _ _

self = <redis.asyncio.connection.Connection(host=192.168.100.128,port=6379,db=1)>
disable_decoding = False, timeout = None

    async def read_response(
        self,
        disable_decoding: bool = False,
        timeout: Optional[float] = None,
        *,
        disconnect_on_error: bool = True,
        push_request: Optional[bool] = False,
    ):
        """Read the response from a previously sent command"""
        read_timeout = timeout if timeout is not None else self.socket_timeout
        host_error = self._host_error()
        try:
            if read_timeout is not None and self.protocol in ["3", 3]:
                async with async_timeout(read_timeout):
                    response = await self._parser.read_response(
                        disable_decoding=disable_decoding, push_request=push_request
                    )
            elif read_timeout is not None:
                async with async_timeout(read_timeout):
                    response = await self._parser.read_response(
                        disable_decoding=disable_decoding
                    )
            elif self.protocol in ["3", 3]:
                response = await self._parser.read_response(
                    disable_decoding=disable_decoding, push_request=push_request
                )
            else:
                response = await self._parser.read_response(
                    disable_decoding=disable_decoding
                )
        except asyncio.TimeoutError:
            if timeout is not None:
                # user requested timeout, return None. Operation can be retried
                return None
            # it was a self.socket_timeout error.
            if disconnect_on_error:
                await self.disconnect(nowait=True)
            raise TimeoutError(f"Timeout reading from {host_error}")
        except OSError as e:
            if disconnect_on_error:
                await self.disconnect(nowait=True)
>           raise ConnectionError(f"Error while reading from {host_error} : {e.args}")
E           redis.exceptions.ConnectionError: Error while reading from 192.168.100.128:6379 : (22, '÷∏∂®µƒÕ¯¬Á√˚≤ª‘Ÿø…”√°£', None, 64, None)

F:\py\Lib\site-packages\redis\asyncio\connection.py:747: ConnectionError
---------------------------- Captured stderr setup ----------------------------
[2m2026-05-14T21:29:13.275969+08:00[0m [[32m[1mdebug    [0m] [1mRedis ¡¨Ω”≥ÿ“—¥¥Ω®                  [0m [[0m[1m[34mai_werewolf_core.utils.redis_client[0m][0m [36mmax_connections[0m=[35m300[0m [36msocket_timeout[0m=[35m10[0m
[2m2026-05-14T21:29:18.279369+08:00[0m [[31m[1merror    [0m] [1mRedis ¡¨Ω”—È÷§ ß∞‹ (PING)           [0m [[0m[1m[34mai_werewolf_core.utils.redis_client[0m][0m [36merror[0m=[35m"Error while reading from 192.168.100.128:6379 : (22, '÷∏∂®µƒÕ¯¬Á√˚≤ª‘Ÿø…”√°£', None, 64, None)"[0m [36mhost[0m=[35m192.168.100.128[0m [36mport[0m=[35m6379[0m
Traceback (most recent call last):
  File "F:\py\Lib\asyncio\windows_events.py", line 463, in finish_socket_func
    return ov.getresult()
           ~~~~~~~~~~~~^^
OSError: [WinError 64] ÷∏∂®µƒÕ¯¬Á√˚≤ª‘Ÿø…”√°£

During handling of the above exception, another exception occurred:

Traceback (most recent call last):
  File "F:\py\Lib\site-packages\redis\asyncio\connection.py", line 725, in read_response
    response = await self._parser.read_response(
               ^^^^^^^^^^^^^^^^^^^^^^^^^^^^^^^^^
        disable_decoding=disable_decoding
        ^^^^^^^^^^^^^^^^^^^^^^^^^^^^^^^^^
    )
    ^
  File "F:\py\Lib\site-packages\redis\_parsers\resp2.py", line 82, in read_response
    response = await self._read_response(disable_decoding=disable_decoding)
               ^^^^^^^^^^^^^^^^^^^^^^^^^^^^^^^^^^^^^^^^^^^^^^^^^^^^^^^^^^^^
  File "F:\py\Lib\site-packages\redis\_parsers\resp2.py", line 90, in _read_response
    raw = await self._readline()
          ^^^^^^^^^^^^^^^^^^^^^^
  File "F:\py\Lib\site-packages\redis\_parsers\base.py", line 559, in _readline
    data = await self._stream.readline()
           ^^^^^^^^^^^^^^^^^^^^^^^^^^^^^
  File "F:\py\Lib\asyncio\streams.py", line 562, in readline
    line = await self.readuntil(sep)
           ^^^^^^^^^^^^^^^^^^^^^^^^^
  File "F:\py\Lib\asyncio\streams.py", line 677, in readuntil
    await self._wait_for_data('readuntil')
  File "F:\py\Lib\asyncio\streams.py", line 539, in _wait_for_data
    await self._waiter
  File "F:\py\Lib\asyncio\proactor_events.py", line 286, in _loop_reading
    length = fut.result()
  File "F:\py\Lib\asyncio\windows_events.py", line 804, in _poll
    value = callback(transferred, key, ov)
  File "F:\py\Lib\asyncio\windows_events.py", line 467, in finish_socket_func
    raise ConnectionResetError(*exc.args)
ConnectionResetError: [WinError 64] ÷∏∂®µƒÕ¯¬Á√˚≤ª‘Ÿø…”√°£

During handling of the above exception, another exception occurred:

Traceback (most recent call last):
  File "F:\YilenaCode\Werewolf\ai_werewolf_core\utils\redis_client.py", line 128, in get_client
    await cls._client.ping()
  File "F:\py\Lib\site-packages\redis\asyncio\client.py", line 764, in execute_command
    conn = self.connection or await pool.get_connection()
                              ^^^^^^^^^^^^^^^^^^^^^^^^^^^
  File "F:\py\Lib\site-packages\redis\utils.py", line 227, in async_wrapper
    return await func(*args, **kwargs)
           ^^^^^^^^^^^^^^^^^^^^^^^^^^^
  File "F:\py\Lib\site-packages\redis\asyncio\connection.py", line 1351, in get_connection
    await self.ensure_connection(connection)
  File "F:\py\Lib\site-packages\redis\asyncio\connection.py", line 1390, in ensure_connection
    await connection.connect()
  File "F:\py\Lib\site-packages\redis\asyncio\connection.py", line 339, in connect
    await self.retry.call_with_retry(
    ...<7 lines>...
    )
  File "F:\py\Lib\site-packages\redis\asyncio\retry.py", line 81, in call_with_retry
    raise error
  File "F:\py\Lib\site-packages\redis\asyncio\retry.py", line 69, in call_with_retry
    return await do()
           ^^^^^^^^^^
  File "F:\py\Lib\site-packages\redis\asyncio\connection.py", line 403, in connect_check_health
    await self.on_connect_check_health(check_health=check_health)
  File "F:\py\Lib\site-packages\redis\asyncio\connection.py", line 560, in on_connect_check_health
    await self.read_response()
  File "F:\py\Lib\site-packages\redis\asyncio\connection.py", line 747, in read_response
    raise ConnectionError(f"Error while reading from {host_error} : {e.args}")
redis.exceptions.ConnectionError: Error while reading from 192.168.100.128:6379 : (22, '÷∏∂®µƒÕ¯¬Á√˚≤ª‘Ÿø…”√°£', None, 64, None)
----------------------------- Captured log setup ------------------------------
DEBUG    ai_werewolf_core.utils.redis_client:redis_client.py:243 {'max_connections': 300, 'socket_timeout': 10, 'event': 'Redis ¡¨Ω”≥ÿ“—¥¥Ω®', 'level': 'debug', 'logger': 'ai_werewolf_core.utils.redis_client', 'timestamp': '2026-05-14T21:29:13.275969+08:00'}
ERROR    ai_werewolf_core.utils.redis_client:redis_client.py:130 {'host': '192.168.100.128', 'port': 6379, 'error': "Error while reading from 192.168.100.128:6379 : (22, '÷∏∂®µƒÕ¯¬Á√˚≤ª‘Ÿø…”√°£', None, 64, None)", 'event': 'Redis ¡¨Ω”—È÷§ ß∞‹ (PING)', 'level': 'error', 'logger': 'ai_werewolf_core.utils.redis_client', 'timestamp': '2026-05-14T21:29:18.279369+08:00', 'exception': 'Traceback (most recent call last):\n  File "F:\\py\\Lib\\asyncio\\windows_events.py", line 463, in finish_socket_func\n    return ov.getresult()\n           ~~~~~~~~~~~~^^\nOSError: [WinError 64] ÷∏∂®µƒÕ¯¬Á√˚≤ª‘Ÿø…”√°£\n\nDuring handling of the above exception, another exception occurred:\n\nTraceback (most recent call last):\n  File "F:\\py\\Lib\\site-packages\\redis\\asyncio\\connection.py", line 725, in read_response\n    response = await self._parser.read_response(\n               ^^^^^^^^^^^^^^^^^^^^^^^^^^^^^^^^^\n        disable_decoding=disable_decoding\n        ^^^^^^^^^^^^^^^^^^^^^^^^^^^^^^^^^\n    )\n    ^\n  File "F:\\py\\Lib\\site-packages\\redis\\_parsers\\resp2.py", line 82, in read_response\n    response = await self._read_response(disable_decoding=disable_decoding)\n               ^^^^^^^^^^^^^^^^^^^^^^^^^^^^^^^^^^^^^^^^^^^^^^^^^^^^^^^^^^^^\n  File "F:\\py\\Lib\\site-packages\\redis\\_parsers\\resp2.py", line 90, in _read_response\n    raw = await self._readline()\n          ^^^^^^^^^^^^^^^^^^^^^^\n  File "F:\\py\\Lib\\site-packages\\redis\\_parsers\\base.py", line 559, in _readline\n    data = await self._stream.readline()\n           ^^^^^^^^^^^^^^^^^^^^^^^^^^^^^\n  File "F:\\py\\Lib\\asyncio\\streams.py", line 562, in readline\n    line = await self.readuntil(sep)\n           ^^^^^^^^^^^^^^^^^^^^^^^^^\n  File "F:\\py\\Lib\\asyncio\\streams.py", line 677, in readuntil\n    await self._wait_for_data(\'readuntil\')\n  File "F:\\py\\Lib\\asyncio\\streams.py", line 539, in _wait_for_data\n    await self._waiter\n  File "F:\\py\\Lib\\asyncio\\proactor_events.py", line 286, in _loop_reading\n    length = fut.result()\n  File "F:\\py\\Lib\\asyncio\\windows_events.py", line 804, in _poll\n    value = callback(transferred, key, ov)\n  File "F:\\py\\Lib\\asyncio\\windows_events.py", line 467, in finish_socket_func\n    raise ConnectionResetError(*exc.args)\nConnectionResetError: [WinError 64] ÷∏∂®µƒÕ¯¬Á√˚≤ª‘Ÿø…”√°£\n\nDuring handling of the above exception, another exception occurred:\n\nTraceback (most recent call last):\n  File "F:\\YilenaCode\\Werewolf\\ai_werewolf_core\\utils\\redis_client.py", line 128, in get_client\n    await cls._client.ping()\n  File "F:\\py\\Lib\\site-packages\\redis\\asyncio\\client.py", line 764, in execute_command\n    conn = self.connection or await pool.get_connection()\n                              ^^^^^^^^^^^^^^^^^^^^^^^^^^^\n  File "F:\\py\\Lib\\site-packages\\redis\\utils.py", line 227, in async_wrapper\n    return await func(*args, **kwargs)\n           ^^^^^^^^^^^^^^^^^^^^^^^^^^^\n  File "F:\\py\\Lib\\site-packages\\redis\\asyncio\\connection.py", line 1351, in get_connection\n    await self.ensure_connection(connection)\n  File "F:\\py\\Lib\\site-packages\\redis\\asyncio\\connection.py", line 1390, in ensure_connection\n    await connection.connect()\n  File "F:\\py\\Lib\\site-packages\\redis\\asyncio\\connection.py", line 339, in connect\n    await self.retry.call_with_retry(\n    ...<7 lines>...\n    )\n  File "F:\\py\\Lib\\site-packages\\redis\\asyncio\\retry.py", line 81, in call_with_retry\n    raise error\n  File "F:\\py\\Lib\\site-packages\\redis\\asyncio\\retry.py", line 69, in call_with_retry\n    return await do()\n           ^^^^^^^^^^\n  File "F:\\py\\Lib\\site-packages\\redis\\asyncio\\connection.py", line 403, in connect_check_health\n    await self.on_connect_check_health(check_health=check_health)\n  File "F:\\py\\Lib\\site-packages\\redis\\asyncio\\connection.py", line 560, in on_connect_check_health\n    await self.read_response()\n  File "F:\\py\\Lib\\site-packages\\redis\\asyncio\\connection.py", line 747, in read_response\n    raise ConnectionError(f"Error while reading from {host_error} : {e.args}")\nredis.exceptions.ConnectionError: Error while reading from 192.168.100.128:6379 : (22, \'÷∏∂®µƒÕ¯¬Á√˚≤ª‘Ÿø…”√°£\', None, 64, None)'}
_ ERROR at setup of TestLuaHsetWithTtl.test_hset_with_ttl_overwrites_existing _

trans = 0, key = 0, ov = <_overlapped.Overlapped object at 0x0000027C30835FB0>

    @staticmethod
    def finish_socket_func(trans, key, ov):
        try:
>           return ov.getresult()
                   ^^^^^^^^^^^^^^
E           OSError: [WinError 64] ÷∏∂®µƒÕ¯¬Á√˚≤ª‘Ÿø…”√°£

F:\py\Lib\asyncio\windows_events.py:463: OSError

During handling of the above exception, another exception occurred:

self = <redis.asyncio.connection.Connection(host=192.168.100.128,port=6379,db=1)>
disable_decoding = False, timeout = None

    async def read_response(
        self,
        disable_decoding: bool = False,
        timeout: Optional[float] = None,
        *,
        disconnect_on_error: bool = True,
        push_request: Optional[bool] = False,
    ):
        """Read the response from a previously sent command"""
        read_timeout = timeout if timeout is not None else self.socket_timeout
        host_error = self._host_error()
        try:
            if read_timeout is not None and self.protocol in ["3", 3]:
                async with async_timeout(read_timeout):
                    response = await self._parser.read_response(
                        disable_decoding=disable_decoding, push_request=push_request
                    )
            elif read_timeout is not None:
                async with async_timeout(read_timeout):
>                   response = await self._parser.read_response(
                        disable_decoding=disable_decoding

F:\py\Lib\site-packages\redis\asyncio\connection.py:725: 
_ _ _ _ _ _ _ _ _ _ _ _ _ _ _ _ _ _ _ _ _ _ _ _ _ _ _ _ _ _ _ _ _ _ _ _ _ _ _ _
F:\py\Lib\site-packages\redis\_parsers\resp2.py:82: in read_response
    response = await self._read_response(disable_decoding=disable_decoding)
               ^^^^^^^^^^^^^^^^^^^^^^^^^^^^^^^^^^^^^^^^^^^^^^^^^^^^^^^^^^^^
F:\py\Lib\site-packages\redis\_parsers\resp2.py:90: in _read_response
    raw = await self._readline()
          ^^^^^^^^^^^^^^^^^^^^^^
F:\py\Lib\site-packages\redis\_parsers\base.py:559: in _readline
    data = await self._stream.readline()
           ^^^^^^^^^^^^^^^^^^^^^^^^^^^^^
F:\py\Lib\asyncio\streams.py:562: in readline
    line = await self.readuntil(sep)
           ^^^^^^^^^^^^^^^^^^^^^^^^^
F:\py\Lib\asyncio\streams.py:677: in readuntil
    await self._wait_for_data('readuntil')
F:\py\Lib\asyncio\streams.py:539: in _wait_for_data
    await self._waiter
F:\py\Lib\asyncio\proactor_events.py:286: in _loop_reading
    length = fut.result()
             ^^^^^^^^^^^^
F:\py\Lib\asyncio\windows_events.py:804: in _poll
    value = callback(transferred, key, ov)
            ^^^^^^^^^^^^^^^^^^^^^^^^^^^^^^
_ _ _ _ _ _ _ _ _ _ _ _ _ _ _ _ _ _ _ _ _ _ _ _ _ _ _ _ _ _ _ _ _ _ _ _ _ _ _ _

trans = 0, key = 0, ov = <_overlapped.Overlapped object at 0x0000027C30835FB0>

    @staticmethod
    def finish_socket_func(trans, key, ov):
        try:
            return ov.getresult()
        except OSError as exc:
            if exc.winerror in (_overlapped.ERROR_NETNAME_DELETED,
                                _overlapped.ERROR_OPERATION_ABORTED):
>               raise ConnectionResetError(*exc.args)
E               ConnectionResetError: [WinError 64] ÷∏∂®µƒÕ¯¬Á√˚≤ª‘Ÿø…”√°£

F:\py\Lib\asyncio\windows_events.py:467: ConnectionResetError

During handling of the above exception, another exception occurred:

    @pytest.fixture(autouse=True)
    async def _setup_lua_scripts():
        """‘⁄√ø∏ˆ≤‚ ‘«∞»∑±£ Lua Ω≈±æ“—º”‘ÿµΩ Redis°£
    
        ’‚ «“ª∏ˆ autouse fixture£¨ª·‘⁄√ø∏ˆ≤‚ ‘∫Ø ˝÷Æ«∞◊‘∂Ø‘À––°£
         π”√ RedisClientManager ÷ÿ÷√»∑±£∏…æªµƒ≤‚ ‘ª∑æ≥°£
        """
        # »∑±£ Redis øÕªß∂À“—≥ı ºªØ
>       await RedisClientManager.get_client()

tests\test_redis_lua.py:43: 
_ _ _ _ _ _ _ _ _ _ _ _ _ _ _ _ _ _ _ _ _ _ _ _ _ _ _ _ _ _ _ _ _ _ _ _ _ _ _ _
ai_werewolf_core\utils\redis_client.py:128: in get_client
    await cls._client.ping()
F:\py\Lib\site-packages\redis\asyncio\client.py:764: in execute_command
    conn = self.connection or await pool.get_connection()
                              ^^^^^^^^^^^^^^^^^^^^^^^^^^^
F:\py\Lib\site-packages\redis\utils.py:227: in async_wrapper
    return await func(*args, **kwargs)
           ^^^^^^^^^^^^^^^^^^^^^^^^^^^
F:\py\Lib\site-packages\redis\asyncio\connection.py:1351: in get_connection
    await self.ensure_connection(connection)
F:\py\Lib\site-packages\redis\asyncio\connection.py:1390: in ensure_connection
    await connection.connect()
F:\py\Lib\site-packages\redis\asyncio\connection.py:339: in connect
    await self.retry.call_with_retry(
F:\py\Lib\site-packages\redis\asyncio\retry.py:81: in call_with_retry
    raise error
F:\py\Lib\site-packages\redis\asyncio\retry.py:69: in call_with_retry
    return await do()
           ^^^^^^^^^^
F:\py\Lib\site-packages\redis\asyncio\connection.py:403: in connect_check_health
    await self.on_connect_check_health(check_health=check_health)
F:\py\Lib\site-packages\redis\asyncio\connection.py:560: in on_connect_check_health
    await self.read_response()
_ _ _ _ _ _ _ _ _ _ _ _ _ _ _ _ _ _ _ _ _ _ _ _ _ _ _ _ _ _ _ _ _ _ _ _ _ _ _ _

self = <redis.asyncio.connection.Connection(host=192.168.100.128,port=6379,db=1)>
disable_decoding = False, timeout = None

    async def read_response(
        self,
        disable_decoding: bool = False,
        timeout: Optional[float] = None,
        *,
        disconnect_on_error: bool = True,
        push_request: Optional[bool] = False,
    ):
        """Read the response from a previously sent command"""
        read_timeout = timeout if timeout is not None else self.socket_timeout
        host_error = self._host_error()
        try:
            if read_timeout is not None and self.protocol in ["3", 3]:
                async with async_timeout(read_timeout):
                    response = await self._parser.read_response(
                        disable_decoding=disable_decoding, push_request=push_request
                    )
            elif read_timeout is not None:
                async with async_timeout(read_timeout):
                    response = await self._parser.read_response(
                        disable_decoding=disable_decoding
                    )
            elif self.protocol in ["3", 3]:
                response = await self._parser.read_response(
                    disable_decoding=disable_decoding, push_request=push_request
                )
            else:
                response = await self._parser.read_response(
                    disable_decoding=disable_decoding
                )
        except asyncio.TimeoutError:
            if timeout is not None:
                # user requested timeout, return None. Operation can be retried
                return None
            # it was a self.socket_timeout error.
            if disconnect_on_error:
                await self.disconnect(nowait=True)
            raise TimeoutError(f"Timeout reading from {host_error}")
        except OSError as e:
            if disconnect_on_error:
                await self.disconnect(nowait=True)
>           raise ConnectionError(f"Error while reading from {host_error} : {e.args}")
E           redis.exceptions.ConnectionError: Error while reading from 192.168.100.128:6379 : (22, '÷∏∂®µƒÕ¯¬Á√˚≤ª‘Ÿø…”√°£', None, 64, None)

F:\py\Lib\site-packages\redis\asyncio\connection.py:747: ConnectionError
---------------------------- Captured stderr setup ----------------------------
[2m2026-05-14T21:29:18.459908+08:00[0m [[32m[1mdebug    [0m] [1mRedis ¡¨Ω”≥ÿ“—¥¥Ω®                  [0m [[0m[1m[34mai_werewolf_core.utils.redis_client[0m][0m [36mmax_connections[0m=[35m300[0m [36msocket_timeout[0m=[35m10[0m
[2m2026-05-14T21:29:23.463260+08:00[0m [[31m[1merror    [0m] [1mRedis ¡¨Ω”—È÷§ ß∞‹ (PING)           [0m [[0m[1m[34mai_werewolf_core.utils.redis_client[0m][0m [36merror[0m=[35m"Error while reading from 192.168.100.128:6379 : (22, '÷∏∂®µƒÕ¯¬Á√˚≤ª‘Ÿø…”√°£', None, 64, None)"[0m [36mhost[0m=[35m192.168.100.128[0m [36mport[0m=[35m6379[0m
Traceback (most recent call last):
  File "F:\py\Lib\asyncio\windows_events.py", line 463, in finish_socket_func
    return ov.getresult()
           ~~~~~~~~~~~~^^
OSError: [WinError 64] ÷∏∂®µƒÕ¯¬Á√˚≤ª‘Ÿø…”√°£

During handling of the above exception, another exception occurred:

Traceback (most recent call last):
  File "F:\py\Lib\site-packages\redis\asyncio\connection.py", line 725, in read_response
    response = await self._parser.read_response(
               ^^^^^^^^^^^^^^^^^^^^^^^^^^^^^^^^^
        disable_decoding=disable_decoding
        ^^^^^^^^^^^^^^^^^^^^^^^^^^^^^^^^^
    )
    ^
  File "F:\py\Lib\site-packages\redis\_parsers\resp2.py", line 82, in read_response
    response = await self._read_response(disable_decoding=disable_decoding)
               ^^^^^^^^^^^^^^^^^^^^^^^^^^^^^^^^^^^^^^^^^^^^^^^^^^^^^^^^^^^^
  File "F:\py\Lib\site-packages\redis\_parsers\resp2.py", line 90, in _read_response
    raw = await self._readline()
          ^^^^^^^^^^^^^^^^^^^^^^
  File "F:\py\Lib\site-packages\redis\_parsers\base.py", line 559, in _readline
    data = await self._stream.readline()
           ^^^^^^^^^^^^^^^^^^^^^^^^^^^^^
  File "F:\py\Lib\asyncio\streams.py", line 562, in readline
    line = await self.readuntil(sep)
           ^^^^^^^^^^^^^^^^^^^^^^^^^
  File "F:\py\Lib\asyncio\streams.py", line 677, in readuntil
    await self._wait_for_data('readuntil')
  File "F:\py\Lib\asyncio\streams.py", line 539, in _wait_for_data
    await self._waiter
  File "F:\py\Lib\asyncio\proactor_events.py", line 286, in _loop_reading
    length = fut.result()
  File "F:\py\Lib\asyncio\windows_events.py", line 804, in _poll
    value = callback(transferred, key, ov)
  File "F:\py\Lib\asyncio\windows_events.py", line 467, in finish_socket_func
    raise ConnectionResetError(*exc.args)
ConnectionResetError: [WinError 64] ÷∏∂®µƒÕ¯¬Á√˚≤ª‘Ÿø…”√°£

During handling of the above exception, another exception occurred:

Traceback (most recent call last):
  File "F:\YilenaCode\Werewolf\ai_werewolf_core\utils\redis_client.py", line 128, in get_client
    await cls._client.ping()
  File "F:\py\Lib\site-packages\redis\asyncio\client.py", line 764, in execute_command
    conn = self.connection or await pool.get_connection()
                              ^^^^^^^^^^^^^^^^^^^^^^^^^^^
  File "F:\py\Lib\site-packages\redis\utils.py", line 227, in async_wrapper
    return await func(*args, **kwargs)
           ^^^^^^^^^^^^^^^^^^^^^^^^^^^
  File "F:\py\Lib\site-packages\redis\asyncio\connection.py", line 1351, in get_connection
    await self.ensure_connection(connection)
  File "F:\py\Lib\site-packages\redis\asyncio\connection.py", line 1390, in ensure_connection
    await connection.connect()
  File "F:\py\Lib\site-packages\redis\asyncio\connection.py", line 339, in connect
    await self.retry.call_with_retry(
    ...<7 lines>...
    )
  File "F:\py\Lib\site-packages\redis\asyncio\retry.py", line 81, in call_with_retry
    raise error
  File "F:\py\Lib\site-packages\redis\asyncio\retry.py", line 69, in call_with_retry
    return await do()
           ^^^^^^^^^^
  File "F:\py\Lib\site-packages\redis\asyncio\connection.py", line 403, in connect_check_health
    await self.on_connect_check_health(check_health=check_health)
  File "F:\py\Lib\site-packages\redis\asyncio\connection.py", line 560, in on_connect_check_health
    await self.read_response()
  File "F:\py\Lib\site-packages\redis\asyncio\connection.py", line 747, in read_response
    raise ConnectionError(f"Error while reading from {host_error} : {e.args}")
redis.exceptions.ConnectionError: Error while reading from 192.168.100.128:6379 : (22, '÷∏∂®µƒÕ¯¬Á√˚≤ª‘Ÿø…”√°£', None, 64, None)
----------------------------- Captured log setup ------------------------------
DEBUG    ai_werewolf_core.utils.redis_client:redis_client.py:243 {'max_connections': 300, 'socket_timeout': 10, 'event': 'Redis ¡¨Ω”≥ÿ“—¥¥Ω®', 'level': 'debug', 'logger': 'ai_werewolf_core.utils.redis_client', 'timestamp': '2026-05-14T21:29:18.459908+08:00'}
ERROR    ai_werewolf_core.utils.redis_client:redis_client.py:130 {'host': '192.168.100.128', 'port': 6379, 'error': "Error while reading from 192.168.100.128:6379 : (22, '÷∏∂®µƒÕ¯¬Á√˚≤ª‘Ÿø…”√°£', None, 64, None)", 'event': 'Redis ¡¨Ω”—È÷§ ß∞‹ (PING)', 'level': 'error', 'logger': 'ai_werewolf_core.utils.redis_client', 'timestamp': '2026-05-14T21:29:23.463260+08:00', 'exception': 'Traceback (most recent call last):\n  File "F:\\py\\Lib\\asyncio\\windows_events.py", line 463, in finish_socket_func\n    return ov.getresult()\n           ~~~~~~~~~~~~^^\nOSError: [WinError 64] ÷∏∂®µƒÕ¯¬Á√˚≤ª‘Ÿø…”√°£\n\nDuring handling of the above exception, another exception occurred:\n\nTraceback (most recent call last):\n  File "F:\\py\\Lib\\site-packages\\redis\\asyncio\\connection.py", line 725, in read_response\n    response = await self._parser.read_response(\n               ^^^^^^^^^^^^^^^^^^^^^^^^^^^^^^^^^\n        disable_decoding=disable_decoding\n        ^^^^^^^^^^^^^^^^^^^^^^^^^^^^^^^^^\n    )\n    ^\n  File "F:\\py\\Lib\\site-packages\\redis\\_parsers\\resp2.py", line 82, in read_response\n    response = await self._read_response(disable_decoding=disable_decoding)\n               ^^^^^^^^^^^^^^^^^^^^^^^^^^^^^^^^^^^^^^^^^^^^^^^^^^^^^^^^^^^^\n  File "F:\\py\\Lib\\site-packages\\redis\\_parsers\\resp2.py", line 90, in _read_response\n    raw = await self._readline()\n          ^^^^^^^^^^^^^^^^^^^^^^\n  File "F:\\py\\Lib\\site-packages\\redis\\_parsers\\base.py", line 559, in _readline\n    data = await self._stream.readline()\n           ^^^^^^^^^^^^^^^^^^^^^^^^^^^^^\n  File "F:\\py\\Lib\\asyncio\\streams.py", line 562, in readline\n    line = await self.readuntil(sep)\n           ^^^^^^^^^^^^^^^^^^^^^^^^^\n  File "F:\\py\\Lib\\asyncio\\streams.py", line 677, in readuntil\n    await self._wait_for_data(\'readuntil\')\n  File "F:\\py\\Lib\\asyncio\\streams.py", line 539, in _wait_for_data\n    await self._waiter\n  File "F:\\py\\Lib\\asyncio\\proactor_events.py", line 286, in _loop_reading\n    length = fut.result()\n  File "F:\\py\\Lib\\asyncio\\windows_events.py", line 804, in _poll\n    value = callback(transferred, key, ov)\n  File "F:\\py\\Lib\\asyncio\\windows_events.py", line 467, in finish_socket_func\n    raise ConnectionResetError(*exc.args)\nConnectionResetError: [WinError 64] ÷∏∂®µƒÕ¯¬Á√˚≤ª‘Ÿø…”√°£\n\nDuring handling of the above exception, another exception occurred:\n\nTraceback (most recent call last):\n  File "F:\\YilenaCode\\Werewolf\\ai_werewolf_core\\utils\\redis_client.py", line 128, in get_client\n    await cls._client.ping()\n  File "F:\\py\\Lib\\site-packages\\redis\\asyncio\\client.py", line 764, in execute_command\n    conn = self.connection or await pool.get_connection()\n                              ^^^^^^^^^^^^^^^^^^^^^^^^^^^\n  File "F:\\py\\Lib\\site-packages\\redis\\utils.py", line 227, in async_wrapper\n    return await func(*args, **kwargs)\n           ^^^^^^^^^^^^^^^^^^^^^^^^^^^\n  File "F:\\py\\Lib\\site-packages\\redis\\asyncio\\connection.py", line 1351, in get_connection\n    await self.ensure_connection(connection)\n  File "F:\\py\\Lib\\site-packages\\redis\\asyncio\\connection.py", line 1390, in ensure_connection\n    await connection.connect()\n  File "F:\\py\\Lib\\site-packages\\redis\\asyncio\\connection.py", line 339, in connect\n    await self.retry.call_with_retry(\n    ...<7 lines>...\n    )\n  File "F:\\py\\Lib\\site-packages\\redis\\asyncio\\retry.py", line 81, in call_with_retry\n    raise error\n  File "F:\\py\\Lib\\site-packages\\redis\\asyncio\\retry.py", line 69, in call_with_retry\n    return await do()\n           ^^^^^^^^^^\n  File "F:\\py\\Lib\\site-packages\\redis\\asyncio\\connection.py", line 403, in connect_check_health\n    await self.on_connect_check_health(check_health=check_health)\n  File "F:\\py\\Lib\\site-packages\\redis\\asyncio\\connection.py", line 560, in on_connect_check_health\n    await self.read_response()\n  File "F:\\py\\Lib\\site-packages\\redis\\asyncio\\connection.py", line 747, in read_response\n    raise ConnectionError(f"Error while reading from {host_error} : {e.args}")\nredis.exceptions.ConnectionError: Error while reading from 192.168.100.128:6379 : (22, \'÷∏∂®µƒÕ¯¬Á√˚≤ª‘Ÿø…”√°£\', None, 64, None)'}
___ ERROR at setup of TestLuaVoteSubmit.test_first_vote_returns_no_previous ___

trans = 0, key = 0, ov = <_overlapped.Overlapped object at 0x0000027C30834FF0>

    @staticmethod
    def finish_socket_func(trans, key, ov):
        try:
>           return ov.getresult()
                   ^^^^^^^^^^^^^^
E           OSError: [WinError 64] ÷∏∂®µƒÕ¯¬Á√˚≤ª‘Ÿø…”√°£

F:\py\Lib\asyncio\windows_events.py:463: OSError

During handling of the above exception, another exception occurred:

self = <redis.asyncio.connection.Connection(host=192.168.100.128,port=6379,db=1)>
disable_decoding = False, timeout = None

    async def read_response(
        self,
        disable_decoding: bool = False,
        timeout: Optional[float] = None,
        *,
        disconnect_on_error: bool = True,
        push_request: Optional[bool] = False,
    ):
        """Read the response from a previously sent command"""
        read_timeout = timeout if timeout is not None else self.socket_timeout
        host_error = self._host_error()
        try:
            if read_timeout is not None and self.protocol in ["3", 3]:
                async with async_timeout(read_timeout):
                    response = await self._parser.read_response(
                        disable_decoding=disable_decoding, push_request=push_request
                    )
            elif read_timeout is not None:
                async with async_timeout(read_timeout):
>                   response = await self._parser.read_response(
                        disable_decoding=disable_decoding

F:\py\Lib\site-packages\redis\asyncio\connection.py:725: 
_ _ _ _ _ _ _ _ _ _ _ _ _ _ _ _ _ _ _ _ _ _ _ _ _ _ _ _ _ _ _ _ _ _ _ _ _ _ _ _
F:\py\Lib\site-packages\redis\_parsers\resp2.py:82: in read_response
    response = await self._read_response(disable_decoding=disable_decoding)
               ^^^^^^^^^^^^^^^^^^^^^^^^^^^^^^^^^^^^^^^^^^^^^^^^^^^^^^^^^^^^
F:\py\Lib\site-packages\redis\_parsers\resp2.py:90: in _read_response
    raw = await self._readline()
          ^^^^^^^^^^^^^^^^^^^^^^
F:\py\Lib\site-packages\redis\_parsers\base.py:559: in _readline
    data = await self._stream.readline()
           ^^^^^^^^^^^^^^^^^^^^^^^^^^^^^
F:\py\Lib\asyncio\streams.py:562: in readline
    line = await self.readuntil(sep)
           ^^^^^^^^^^^^^^^^^^^^^^^^^
F:\py\Lib\asyncio\streams.py:677: in readuntil
    await self._wait_for_data('readuntil')
F:\py\Lib\asyncio\streams.py:539: in _wait_for_data
    await self._waiter
F:\py\Lib\asyncio\proactor_events.py:286: in _loop_reading
    length = fut.result()
             ^^^^^^^^^^^^
F:\py\Lib\asyncio\windows_events.py:804: in _poll
    value = callback(transferred, key, ov)
            ^^^^^^^^^^^^^^^^^^^^^^^^^^^^^^
_ _ _ _ _ _ _ _ _ _ _ _ _ _ _ _ _ _ _ _ _ _ _ _ _ _ _ _ _ _ _ _ _ _ _ _ _ _ _ _

trans = 0, key = 0, ov = <_overlapped.Overlapped object at 0x0000027C30834FF0>

    @staticmethod
    def finish_socket_func(trans, key, ov):
        try:
            return ov.getresult()
        except OSError as exc:
            if exc.winerror in (_overlapped.ERROR_NETNAME_DELETED,
                                _overlapped.ERROR_OPERATION_ABORTED):
>               raise ConnectionResetError(*exc.args)
E               ConnectionResetError: [WinError 64] ÷∏∂®µƒÕ¯¬Á√˚≤ª‘Ÿø…”√°£

F:\py\Lib\asyncio\windows_events.py:467: ConnectionResetError

During handling of the above exception, another exception occurred:

    @pytest.fixture(autouse=True)
    async def _setup_lua_scripts():
        """‘⁄√ø∏ˆ≤‚ ‘«∞»∑±£ Lua Ω≈±æ“—º”‘ÿµΩ Redis°£
    
        ’‚ «“ª∏ˆ autouse fixture£¨ª·‘⁄√ø∏ˆ≤‚ ‘∫Ø ˝÷Æ«∞◊‘∂Ø‘À––°£
         π”√ RedisClientManager ÷ÿ÷√»∑±£∏…æªµƒ≤‚ ‘ª∑æ≥°£
        """
        # »∑±£ Redis øÕªß∂À“—≥ı ºªØ
>       await RedisClientManager.get_client()

tests\test_redis_lua.py:43: 
_ _ _ _ _ _ _ _ _ _ _ _ _ _ _ _ _ _ _ _ _ _ _ _ _ _ _ _ _ _ _ _ _ _ _ _ _ _ _ _
ai_werewolf_core\utils\redis_client.py:128: in get_client
    await cls._client.ping()
F:\py\Lib\site-packages\redis\asyncio\client.py:764: in execute_command
    conn = self.connection or await pool.get_connection()
                              ^^^^^^^^^^^^^^^^^^^^^^^^^^^
F:\py\Lib\site-packages\redis\utils.py:227: in async_wrapper
    return await func(*args, **kwargs)
           ^^^^^^^^^^^^^^^^^^^^^^^^^^^
F:\py\Lib\site-packages\redis\asyncio\connection.py:1351: in get_connection
    await self.ensure_connection(connection)
F:\py\Lib\site-packages\redis\asyncio\connection.py:1390: in ensure_connection
    await connection.connect()
F:\py\Lib\site-packages\redis\asyncio\connection.py:339: in connect
    await self.retry.call_with_retry(
F:\py\Lib\site-packages\redis\asyncio\retry.py:81: in call_with_retry
    raise error
F:\py\Lib\site-packages\redis\asyncio\retry.py:69: in call_with_retry
    return await do()
           ^^^^^^^^^^
F:\py\Lib\site-packages\redis\asyncio\connection.py:403: in connect_check_health
    await self.on_connect_check_health(check_health=check_health)
F:\py\Lib\site-packages\redis\asyncio\connection.py:560: in on_connect_check_health
    await self.read_response()
_ _ _ _ _ _ _ _ _ _ _ _ _ _ _ _ _ _ _ _ _ _ _ _ _ _ _ _ _ _ _ _ _ _ _ _ _ _ _ _

self = <redis.asyncio.connection.Connection(host=192.168.100.128,port=6379,db=1)>
disable_decoding = False, timeout = None

    async def read_response(
        self,
        disable_decoding: bool = False,
        timeout: Optional[float] = None,
        *,
        disconnect_on_error: bool = True,
        push_request: Optional[bool] = False,
    ):
        """Read the response from a previously sent command"""
        read_timeout = timeout if timeout is not None else self.socket_timeout
        host_error = self._host_error()
        try:
            if read_timeout is not None and self.protocol in ["3", 3]:
                async with async_timeout(read_timeout):
                    response = await self._parser.read_response(
                        disable_decoding=disable_decoding, push_request=push_request
                    )
            elif read_timeout is not None:
                async with async_timeout(read_timeout):
                    response = await self._parser.read_response(
                        disable_decoding=disable_decoding
                    )
            elif self.protocol in ["3", 3]:
                response = await self._parser.read_response(
                    disable_decoding=disable_decoding, push_request=push_request
                )
            else:
                response = await self._parser.read_response(
                    disable_decoding=disable_decoding
                )
        except asyncio.TimeoutError:
            if timeout is not None:
                # user requested timeout, return None. Operation can be retried
                return None
            # it was a self.socket_timeout error.
            if disconnect_on_error:
                await self.disconnect(nowait=True)
            raise TimeoutError(f"Timeout reading from {host_error}")
        except OSError as e:
            if disconnect_on_error:
                await self.disconnect(nowait=True)
>           raise ConnectionError(f"Error while reading from {host_error} : {e.args}")
E           redis.exceptions.ConnectionError: Error while reading from 192.168.100.128:6379 : (22, '÷∏∂®µƒÕ¯¬Á√˚≤ª‘Ÿø…”√°£', None, 64, None)

F:\py\Lib\site-packages\redis\asyncio\connection.py:747: ConnectionError
---------------------------- Captured stderr setup ----------------------------
[2m2026-05-14T21:29:23.622791+08:00[0m [[32m[1mdebug    [0m] [1mRedis ¡¨Ω”≥ÿ“—¥¥Ω®                  [0m [[0m[1m[34mai_werewolf_core.utils.redis_client[0m][0m [36mmax_connections[0m=[35m300[0m [36msocket_timeout[0m=[35m10[0m
[2m2026-05-14T21:29:28.626488+08:00[0m [[31m[1merror    [0m] [1mRedis ¡¨Ω”—È÷§ ß∞‹ (PING)           [0m [[0m[1m[34mai_werewolf_core.utils.redis_client[0m][0m [36merror[0m=[35m"Error while reading from 192.168.100.128:6379 : (22, '÷∏∂®µƒÕ¯¬Á√˚≤ª‘Ÿø…”√°£', None, 64, None)"[0m [36mhost[0m=[35m192.168.100.128[0m [36mport[0m=[35m6379[0m
Traceback (most recent call last):
  File "F:\py\Lib\asyncio\windows_events.py", line 463, in finish_socket_func
    return ov.getresult()
           ~~~~~~~~~~~~^^
OSError: [WinError 64] ÷∏∂®µƒÕ¯¬Á√˚≤ª‘Ÿø…”√°£

During handling of the above exception, another exception occurred:

Traceback (most recent call last):
  File "F:\py\Lib\site-packages\redis\asyncio\connection.py", line 725, in read_response
    response = await self._parser.read_response(
               ^^^^^^^^^^^^^^^^^^^^^^^^^^^^^^^^^
        disable_decoding=disable_decoding
        ^^^^^^^^^^^^^^^^^^^^^^^^^^^^^^^^^
    )
    ^
  File "F:\py\Lib\site-packages\redis\_parsers\resp2.py", line 82, in read_response
    response = await self._read_response(disable_decoding=disable_decoding)
               ^^^^^^^^^^^^^^^^^^^^^^^^^^^^^^^^^^^^^^^^^^^^^^^^^^^^^^^^^^^^
  File "F:\py\Lib\site-packages\redis\_parsers\resp2.py", line 90, in _read_response
    raw = await self._readline()
          ^^^^^^^^^^^^^^^^^^^^^^
  File "F:\py\Lib\site-packages\redis\_parsers\base.py", line 559, in _readline
    data = await self._stream.readline()
           ^^^^^^^^^^^^^^^^^^^^^^^^^^^^^
  File "F:\py\Lib\asyncio\streams.py", line 562, in readline
    line = await self.readuntil(sep)
           ^^^^^^^^^^^^^^^^^^^^^^^^^
  File "F:\py\Lib\asyncio\streams.py", line 677, in readuntil
    await self._wait_for_data('readuntil')
  File "F:\py\Lib\asyncio\streams.py", line 539, in _wait_for_data
    await self._waiter
  File "F:\py\Lib\asyncio\proactor_events.py", line 286, in _loop_reading
    length = fut.result()
  File "F:\py\Lib\asyncio\windows_events.py", line 804, in _poll
    value = callback(transferred, key, ov)
  File "F:\py\Lib\asyncio\windows_events.py", line 467, in finish_socket_func
    raise ConnectionResetError(*exc.args)
ConnectionResetError: [WinError 64] ÷∏∂®µƒÕ¯¬Á√˚≤ª‘Ÿø…”√°£

During handling of the above exception, another exception occurred:

Traceback (most recent call last):
  File "F:\YilenaCode\Werewolf\ai_werewolf_core\utils\redis_client.py", line 128, in get_client
    await cls._client.ping()
  File "F:\py\Lib\site-packages\redis\asyncio\client.py", line 764, in execute_command
    conn = self.connection or await pool.get_connection()
                              ^^^^^^^^^^^^^^^^^^^^^^^^^^^
  File "F:\py\Lib\site-packages\redis\utils.py", line 227, in async_wrapper
    return await func(*args, **kwargs)
           ^^^^^^^^^^^^^^^^^^^^^^^^^^^
  File "F:\py\Lib\site-packages\redis\asyncio\connection.py", line 1351, in get_connection
    await self.ensure_connection(connection)
  File "F:\py\Lib\site-packages\redis\asyncio\connection.py", line 1390, in ensure_connection
    await connection.connect()
  File "F:\py\Lib\site-packages\redis\asyncio\connection.py", line 339, in connect
    await self.retry.call_with_retry(
    ...<7 lines>...
    )
  File "F:\py\Lib\site-packages\redis\asyncio\retry.py", line 81, in call_with_retry
    raise error
  File "F:\py\Lib\site-packages\redis\asyncio\retry.py", line 69, in call_with_retry
    return await do()
           ^^^^^^^^^^
  File "F:\py\Lib\site-packages\redis\asyncio\connection.py", line 403, in connect_check_health
    await self.on_connect_check_health(check_health=check_health)
  File "F:\py\Lib\site-packages\redis\asyncio\connection.py", line 560, in on_connect_check_health
    await self.read_response()
  File "F:\py\Lib\site-packages\redis\asyncio\connection.py", line 747, in read_response
    raise ConnectionError(f"Error while reading from {host_error} : {e.args}")
redis.exceptions.ConnectionError: Error while reading from 192.168.100.128:6379 : (22, '÷∏∂®µƒÕ¯¬Á√˚≤ª‘Ÿø…”√°£', None, 64, None)
----------------------------- Captured log setup ------------------------------
DEBUG    ai_werewolf_core.utils.redis_client:redis_client.py:243 {'max_connections': 300, 'socket_timeout': 10, 'event': 'Redis ¡¨Ω”≥ÿ“—¥¥Ω®', 'level': 'debug', 'logger': 'ai_werewolf_core.utils.redis_client', 'timestamp': '2026-05-14T21:29:23.622791+08:00'}
ERROR    ai_werewolf_core.utils.redis_client:redis_client.py:130 {'host': '192.168.100.128', 'port': 6379, 'error': "Error while reading from 192.168.100.128:6379 : (22, '÷∏∂®µƒÕ¯¬Á√˚≤ª‘Ÿø…”√°£', None, 64, None)", 'event': 'Redis ¡¨Ω”—È÷§ ß∞‹ (PING)', 'level': 'error', 'logger': 'ai_werewolf_core.utils.redis_client', 'timestamp': '2026-05-14T21:29:28.626488+08:00', 'exception': 'Traceback (most recent call last):\n  File "F:\\py\\Lib\\asyncio\\windows_events.py", line 463, in finish_socket_func\n    return ov.getresult()\n           ~~~~~~~~~~~~^^\nOSError: [WinError 64] ÷∏∂®µƒÕ¯¬Á√˚≤ª‘Ÿø…”√°£\n\nDuring handling of the above exception, another exception occurred:\n\nTraceback (most recent call last):\n  File "F:\\py\\Lib\\site-packages\\redis\\asyncio\\connection.py", line 725, in read_response\n    response = await self._parser.read_response(\n               ^^^^^^^^^^^^^^^^^^^^^^^^^^^^^^^^^\n        disable_decoding=disable_decoding\n        ^^^^^^^^^^^^^^^^^^^^^^^^^^^^^^^^^\n    )\n    ^\n  File "F:\\py\\Lib\\site-packages\\redis\\_parsers\\resp2.py", line 82, in read_response\n    response = await self._read_response(disable_decoding=disable_decoding)\n               ^^^^^^^^^^^^^^^^^^^^^^^^^^^^^^^^^^^^^^^^^^^^^^^^^^^^^^^^^^^^\n  File "F:\\py\\Lib\\site-packages\\redis\\_parsers\\resp2.py", line 90, in _read_response\n    raw = await self._readline()\n          ^^^^^^^^^^^^^^^^^^^^^^\n  File "F:\\py\\Lib\\site-packages\\redis\\_parsers\\base.py", line 559, in _readline\n    data = await self._stream.readline()\n           ^^^^^^^^^^^^^^^^^^^^^^^^^^^^^\n  File "F:\\py\\Lib\\asyncio\\streams.py", line 562, in readline\n    line = await self.readuntil(sep)\n           ^^^^^^^^^^^^^^^^^^^^^^^^^\n  File "F:\\py\\Lib\\asyncio\\streams.py", line 677, in readuntil\n    await self._wait_for_data(\'readuntil\')\n  File "F:\\py\\Lib\\asyncio\\streams.py", line 539, in _wait_for_data\n    await self._waiter\n  File "F:\\py\\Lib\\asyncio\\proactor_events.py", line 286, in _loop_reading\n    length = fut.result()\n  File "F:\\py\\Lib\\asyncio\\windows_events.py", line 804, in _poll\n    value = callback(transferred, key, ov)\n  File "F:\\py\\Lib\\asyncio\\windows_events.py", line 467, in finish_socket_func\n    raise ConnectionResetError(*exc.args)\nConnectionResetError: [WinError 64] ÷∏∂®µƒÕ¯¬Á√˚≤ª‘Ÿø…”√°£\n\nDuring handling of the above exception, another exception occurred:\n\nTraceback (most recent call last):\n  File "F:\\YilenaCode\\Werewolf\\ai_werewolf_core\\utils\\redis_client.py", line 128, in get_client\n    await cls._client.ping()\n  File "F:\\py\\Lib\\site-packages\\redis\\asyncio\\client.py", line 764, in execute_command\n    conn = self.connection or await pool.get_connection()\n                              ^^^^^^^^^^^^^^^^^^^^^^^^^^^\n  File "F:\\py\\Lib\\site-packages\\redis\\utils.py", line 227, in async_wrapper\n    return await func(*args, **kwargs)\n           ^^^^^^^^^^^^^^^^^^^^^^^^^^^\n  File "F:\\py\\Lib\\site-packages\\redis\\asyncio\\connection.py", line 1351, in get_connection\n    await self.ensure_connection(connection)\n  File "F:\\py\\Lib\\site-packages\\redis\\asyncio\\connection.py", line 1390, in ensure_connection\n    await connection.connect()\n  File "F:\\py\\Lib\\site-packages\\redis\\asyncio\\connection.py", line 339, in connect\n    await self.retry.call_with_retry(\n    ...<7 lines>...\n    )\n  File "F:\\py\\Lib\\site-packages\\redis\\asyncio\\retry.py", line 81, in call_with_retry\n    raise error\n  File "F:\\py\\Lib\\site-packages\\redis\\asyncio\\retry.py", line 69, in call_with_retry\n    return await do()\n           ^^^^^^^^^^\n  File "F:\\py\\Lib\\site-packages\\redis\\asyncio\\connection.py", line 403, in connect_check_health\n    await self.on_connect_check_health(check_health=check_health)\n  File "F:\\py\\Lib\\site-packages\\redis\\asyncio\\connection.py", line 560, in on_connect_check_health\n    await self.read_response()\n  File "F:\\py\\Lib\\site-packages\\redis\\asyncio\\connection.py", line 747, in read_response\n    raise ConnectionError(f"Error while reading from {host_error} : {e.args}")\nredis.exceptions.ConnectionError: Error while reading from 192.168.100.128:6379 : (22, \'÷∏∂®µƒÕ¯¬Á√˚≤ª‘Ÿø…”√°£\', None, 64, None)'}
__ ERROR at setup of TestLuaVoteSubmit.test_second_vote_returns_had_previous __

trans = 0, key = 0, ov = <_overlapped.Overlapped object at 0x0000027C30834CF0>

    @staticmethod
    def finish_socket_func(trans, key, ov):
        try:
>           return ov.getresult()
                   ^^^^^^^^^^^^^^
E           OSError: [WinError 64] ÷∏∂®µƒÕ¯¬Á√˚≤ª‘Ÿø…”√°£

F:\py\Lib\asyncio\windows_events.py:463: OSError

During handling of the above exception, another exception occurred:

self = <redis.asyncio.connection.Connection(host=192.168.100.128,port=6379,db=1)>
disable_decoding = False, timeout = None

    async def read_response(
        self,
        disable_decoding: bool = False,
        timeout: Optional[float] = None,
        *,
        disconnect_on_error: bool = True,
        push_request: Optional[bool] = False,
    ):
        """Read the response from a previously sent command"""
        read_timeout = timeout if timeout is not None else self.socket_timeout
        host_error = self._host_error()
        try:
            if read_timeout is not None and self.protocol in ["3", 3]:
                async with async_timeout(read_timeout):
                    response = await self._parser.read_response(
                        disable_decoding=disable_decoding, push_request=push_request
                    )
            elif read_timeout is not None:
                async with async_timeout(read_timeout):
>                   response = await self._parser.read_response(
                        disable_decoding=disable_decoding

F:\py\Lib\site-packages\redis\asyncio\connection.py:725: 
_ _ _ _ _ _ _ _ _ _ _ _ _ _ _ _ _ _ _ _ _ _ _ _ _ _ _ _ _ _ _ _ _ _ _ _ _ _ _ _
F:\py\Lib\site-packages\redis\_parsers\resp2.py:82: in read_response
    response = await self._read_response(disable_decoding=disable_decoding)
               ^^^^^^^^^^^^^^^^^^^^^^^^^^^^^^^^^^^^^^^^^^^^^^^^^^^^^^^^^^^^
F:\py\Lib\site-packages\redis\_parsers\resp2.py:90: in _read_response
    raw = await self._readline()
          ^^^^^^^^^^^^^^^^^^^^^^
F:\py\Lib\site-packages\redis\_parsers\base.py:559: in _readline
    data = await self._stream.readline()
           ^^^^^^^^^^^^^^^^^^^^^^^^^^^^^
F:\py\Lib\asyncio\streams.py:562: in readline
    line = await self.readuntil(sep)
           ^^^^^^^^^^^^^^^^^^^^^^^^^
F:\py\Lib\asyncio\streams.py:677: in readuntil
    await self._wait_for_data('readuntil')
F:\py\Lib\asyncio\streams.py:539: in _wait_for_data
    await self._waiter
F:\py\Lib\asyncio\proactor_events.py:286: in _loop_reading
    length = fut.result()
             ^^^^^^^^^^^^
F:\py\Lib\asyncio\windows_events.py:804: in _poll
    value = callback(transferred, key, ov)
            ^^^^^^^^^^^^^^^^^^^^^^^^^^^^^^
_ _ _ _ _ _ _ _ _ _ _ _ _ _ _ _ _ _ _ _ _ _ _ _ _ _ _ _ _ _ _ _ _ _ _ _ _ _ _ _

trans = 0, key = 0, ov = <_overlapped.Overlapped object at 0x0000027C30834CF0>

    @staticmethod
    def finish_socket_func(trans, key, ov):
        try:
            return ov.getresult()
        except OSError as exc:
            if exc.winerror in (_overlapped.ERROR_NETNAME_DELETED,
                                _overlapped.ERROR_OPERATION_ABORTED):
>               raise ConnectionResetError(*exc.args)
E               ConnectionResetError: [WinError 64] ÷∏∂®µƒÕ¯¬Á√˚≤ª‘Ÿø…”√°£

F:\py\Lib\asyncio\windows_events.py:467: ConnectionResetError

During handling of the above exception, another exception occurred:

    @pytest.fixture(autouse=True)
    async def _setup_lua_scripts():
        """‘⁄√ø∏ˆ≤‚ ‘«∞»∑±£ Lua Ω≈±æ“—º”‘ÿµΩ Redis°£
    
        ’‚ «“ª∏ˆ autouse fixture£¨ª·‘⁄√ø∏ˆ≤‚ ‘∫Ø ˝÷Æ«∞◊‘∂Ø‘À––°£
         π”√ RedisClientManager ÷ÿ÷√»∑±£∏…æªµƒ≤‚ ‘ª∑æ≥°£
        """
        # »∑±£ Redis øÕªß∂À“—≥ı ºªØ
>       await RedisClientManager.get_client()

tests\test_redis_lua.py:43: 
_ _ _ _ _ _ _ _ _ _ _ _ _ _ _ _ _ _ _ _ _ _ _ _ _ _ _ _ _ _ _ _ _ _ _ _ _ _ _ _
ai_werewolf_core\utils\redis_client.py:128: in get_client
    await cls._client.ping()
F:\py\Lib\site-packages\redis\asyncio\client.py:764: in execute_command
    conn = self.connection or await pool.get_connection()
                              ^^^^^^^^^^^^^^^^^^^^^^^^^^^
F:\py\Lib\site-packages\redis\utils.py:227: in async_wrapper
    return await func(*args, **kwargs)
           ^^^^^^^^^^^^^^^^^^^^^^^^^^^
F:\py\Lib\site-packages\redis\asyncio\connection.py:1351: in get_connection
    await self.ensure_connection(connection)
F:\py\Lib\site-packages\redis\asyncio\connection.py:1390: in ensure_connection
    await connection.connect()
F:\py\Lib\site-packages\redis\asyncio\connection.py:339: in connect
    await self.retry.call_with_retry(
F:\py\Lib\site-packages\redis\asyncio\retry.py:81: in call_with_retry
    raise error
F:\py\Lib\site-packages\redis\asyncio\retry.py:69: in call_with_retry
    return await do()
           ^^^^^^^^^^
F:\py\Lib\site-packages\redis\asyncio\connection.py:403: in connect_check_health
    await self.on_connect_check_health(check_health=check_health)
F:\py\Lib\site-packages\redis\asyncio\connection.py:560: in on_connect_check_health
    await self.read_response()
_ _ _ _ _ _ _ _ _ _ _ _ _ _ _ _ _ _ _ _ _ _ _ _ _ _ _ _ _ _ _ _ _ _ _ _ _ _ _ _

self = <redis.asyncio.connection.Connection(host=192.168.100.128,port=6379,db=1)>
disable_decoding = False, timeout = None

    async def read_response(
        self,
        disable_decoding: bool = False,
        timeout: Optional[float] = None,
        *,
        disconnect_on_error: bool = True,
        push_request: Optional[bool] = False,
    ):
        """Read the response from a previously sent command"""
        read_timeout = timeout if timeout is not None else self.socket_timeout
        host_error = self._host_error()
        try:
            if read_timeout is not None and self.protocol in ["3", 3]:
                async with async_timeout(read_timeout):
                    response = await self._parser.read_response(
                        disable_decoding=disable_decoding, push_request=push_request
                    )
            elif read_timeout is not None:
                async with async_timeout(read_timeout):
                    response = await self._parser.read_response(
                        disable_decoding=disable_decoding
                    )
            elif self.protocol in ["3", 3]:
                response = await self._parser.read_response(
                    disable_decoding=disable_decoding, push_request=push_request
                )
            else:
                response = await self._parser.read_response(
                    disable_decoding=disable_decoding
                )
        except asyncio.TimeoutError:
            if timeout is not None:
                # user requested timeout, return None. Operation can be retried
                return None
            # it was a self.socket_timeout error.
            if disconnect_on_error:
                await self.disconnect(nowait=True)
            raise TimeoutError(f"Timeout reading from {host_error}")
        except OSError as e:
            if disconnect_on_error:
                await self.disconnect(nowait=True)
>           raise ConnectionError(f"Error while reading from {host_error} : {e.args}")
E           redis.exceptions.ConnectionError: Error while reading from 192.168.100.128:6379 : (22, '÷∏∂®µƒÕ¯¬Á√˚≤ª‘Ÿø…”√°£', None, 64, None)

F:\py\Lib\site-packages\redis\asyncio\connection.py:747: ConnectionError
---------------------------- Captured stderr setup ----------------------------
[2m2026-05-14T21:29:28.789028+08:00[0m [[32m[1mdebug    [0m] [1mRedis ¡¨Ω”≥ÿ“—¥¥Ω®                  [0m [[0m[1m[34mai_werewolf_core.utils.redis_client[0m][0m [36mmax_connections[0m=[35m300[0m [36msocket_timeout[0m=[35m10[0m
[2m2026-05-14T21:29:33.792684+08:00[0m [[31m[1merror    [0m] [1mRedis ¡¨Ω”—È÷§ ß∞‹ (PING)           [0m [[0m[1m[34mai_werewolf_core.utils.redis_client[0m][0m [36merror[0m=[35m"Error while reading from 192.168.100.128:6379 : (22, '÷∏∂®µƒÕ¯¬Á√˚≤ª‘Ÿø…”√°£', None, 64, None)"[0m [36mhost[0m=[35m192.168.100.128[0m [36mport[0m=[35m6379[0m
Traceback (most recent call last):
  File "F:\py\Lib\asyncio\windows_events.py", line 463, in finish_socket_func
    return ov.getresult()
           ~~~~~~~~~~~~^^
OSError: [WinError 64] ÷∏∂®µƒÕ¯¬Á√˚≤ª‘Ÿø…”√°£

During handling of the above exception, another exception occurred:

Traceback (most recent call last):
  File "F:\py\Lib\site-packages\redis\asyncio\connection.py", line 725, in read_response
    response = await self._parser.read_response(
               ^^^^^^^^^^^^^^^^^^^^^^^^^^^^^^^^^
        disable_decoding=disable_decoding
        ^^^^^^^^^^^^^^^^^^^^^^^^^^^^^^^^^
    )
    ^
  File "F:\py\Lib\site-packages\redis\_parsers\resp2.py", line 82, in read_response
    response = await self._read_response(disable_decoding=disable_decoding)
               ^^^^^^^^^^^^^^^^^^^^^^^^^^^^^^^^^^^^^^^^^^^^^^^^^^^^^^^^^^^^
  File "F:\py\Lib\site-packages\redis\_parsers\resp2.py", line 90, in _read_response
    raw = await self._readline()
          ^^^^^^^^^^^^^^^^^^^^^^
  File "F:\py\Lib\site-packages\redis\_parsers\base.py", line 559, in _readline
    data = await self._stream.readline()
           ^^^^^^^^^^^^^^^^^^^^^^^^^^^^^
  File "F:\py\Lib\asyncio\streams.py", line 562, in readline
    line = await self.readuntil(sep)
           ^^^^^^^^^^^^^^^^^^^^^^^^^
  File "F:\py\Lib\asyncio\streams.py", line 677, in readuntil
    await self._wait_for_data('readuntil')
  File "F:\py\Lib\asyncio\streams.py", line 539, in _wait_for_data
    await self._waiter
  File "F:\py\Lib\asyncio\proactor_events.py", line 286, in _loop_reading
    length = fut.result()
  File "F:\py\Lib\asyncio\windows_events.py", line 804, in _poll
    value = callback(transferred, key, ov)
  File "F:\py\Lib\asyncio\windows_events.py", line 467, in finish_socket_func
    raise ConnectionResetError(*exc.args)
ConnectionResetError: [WinError 64] ÷∏∂®µƒÕ¯¬Á√˚≤ª‘Ÿø…”√°£

During handling of the above exception, another exception occurred:

Traceback (most recent call last):
  File "F:\YilenaCode\Werewolf\ai_werewolf_core\utils\redis_client.py", line 128, in get_client
    await cls._client.ping()
  File "F:\py\Lib\site-packages\redis\asyncio\client.py", line 764, in execute_command
    conn = self.connection or await pool.get_connection()
                              ^^^^^^^^^^^^^^^^^^^^^^^^^^^
  File "F:\py\Lib\site-packages\redis\utils.py", line 227, in async_wrapper
    return await func(*args, **kwargs)
           ^^^^^^^^^^^^^^^^^^^^^^^^^^^
  File "F:\py\Lib\site-packages\redis\asyncio\connection.py", line 1351, in get_connection
    await self.ensure_connection(connection)
  File "F:\py\Lib\site-packages\redis\asyncio\connection.py", line 1390, in ensure_connection
    await connection.connect()
  File "F:\py\Lib\site-packages\redis\asyncio\connection.py", line 339, in connect
    await self.retry.call_with_retry(
    ...<7 lines>...
    )
  File "F:\py\Lib\site-packages\redis\asyncio\retry.py", line 81, in call_with_retry
    raise error
  File "F:\py\Lib\site-packages\redis\asyncio\retry.py", line 69, in call_with_retry
    return await do()
           ^^^^^^^^^^
  File "F:\py\Lib\site-packages\redis\asyncio\connection.py", line 403, in connect_check_health
    await self.on_connect_check_health(check_health=check_health)
  File "F:\py\Lib\site-packages\redis\asyncio\connection.py", line 560, in on_connect_check_health
    await self.read_response()
  File "F:\py\Lib\site-packages\redis\asyncio\connection.py", line 747, in read_response
    raise ConnectionError(f"Error while reading from {host_error} : {e.args}")
redis.exceptions.ConnectionError: Error while reading from 192.168.100.128:6379 : (22, '÷∏∂®µƒÕ¯¬Á√˚≤ª‘Ÿø…”√°£', None, 64, None)
----------------------------- Captured log setup ------------------------------
DEBUG    ai_werewolf_core.utils.redis_client:redis_client.py:243 {'max_connections': 300, 'socket_timeout': 10, 'event': 'Redis ¡¨Ω”≥ÿ“—¥¥Ω®', 'level': 'debug', 'logger': 'ai_werewolf_core.utils.redis_client', 'timestamp': '2026-05-14T21:29:28.789028+08:00'}
ERROR    ai_werewolf_core.utils.redis_client:redis_client.py:130 {'host': '192.168.100.128', 'port': 6379, 'error': "Error while reading from 192.168.100.128:6379 : (22, '÷∏∂®µƒÕ¯¬Á√˚≤ª‘Ÿø…”√°£', None, 64, None)", 'event': 'Redis ¡¨Ω”—È÷§ ß∞‹ (PING)', 'level': 'error', 'logger': 'ai_werewolf_core.utils.redis_client', 'timestamp': '2026-05-14T21:29:33.792684+08:00', 'exception': 'Traceback (most recent call last):\n  File "F:\\py\\Lib\\asyncio\\windows_events.py", line 463, in finish_socket_func\n    return ov.getresult()\n           ~~~~~~~~~~~~^^\nOSError: [WinError 64] ÷∏∂®µƒÕ¯¬Á√˚≤ª‘Ÿø…”√°£\n\nDuring handling of the above exception, another exception occurred:\n\nTraceback (most recent call last):\n  File "F:\\py\\Lib\\site-packages\\redis\\asyncio\\connection.py", line 725, in read_response\n    response = await self._parser.read_response(\n               ^^^^^^^^^^^^^^^^^^^^^^^^^^^^^^^^^\n        disable_decoding=disable_decoding\n        ^^^^^^^^^^^^^^^^^^^^^^^^^^^^^^^^^\n    )\n    ^\n  File "F:\\py\\Lib\\site-packages\\redis\\_parsers\\resp2.py", line 82, in read_response\n    response = await self._read_response(disable_decoding=disable_decoding)\n               ^^^^^^^^^^^^^^^^^^^^^^^^^^^^^^^^^^^^^^^^^^^^^^^^^^^^^^^^^^^^\n  File "F:\\py\\Lib\\site-packages\\redis\\_parsers\\resp2.py", line 90, in _read_response\n    raw = await self._readline()\n          ^^^^^^^^^^^^^^^^^^^^^^\n  File "F:\\py\\Lib\\site-packages\\redis\\_parsers\\base.py", line 559, in _readline\n    data = await self._stream.readline()\n           ^^^^^^^^^^^^^^^^^^^^^^^^^^^^^\n  File "F:\\py\\Lib\\asyncio\\streams.py", line 562, in readline\n    line = await self.readuntil(sep)\n           ^^^^^^^^^^^^^^^^^^^^^^^^^\n  File "F:\\py\\Lib\\asyncio\\streams.py", line 677, in readuntil\n    await self._wait_for_data(\'readuntil\')\n  File "F:\\py\\Lib\\asyncio\\streams.py", line 539, in _wait_for_data\n    await self._waiter\n  File "F:\\py\\Lib\\asyncio\\proactor_events.py", line 286, in _loop_reading\n    length = fut.result()\n  File "F:\\py\\Lib\\asyncio\\windows_events.py", line 804, in _poll\n    value = callback(transferred, key, ov)\n  File "F:\\py\\Lib\\asyncio\\windows_events.py", line 467, in finish_socket_func\n    raise ConnectionResetError(*exc.args)\nConnectionResetError: [WinError 64] ÷∏∂®µƒÕ¯¬Á√˚≤ª‘Ÿø…”√°£\n\nDuring handling of the above exception, another exception occurred:\n\nTraceback (most recent call last):\n  File "F:\\YilenaCode\\Werewolf\\ai_werewolf_core\\utils\\redis_client.py", line 128, in get_client\n    await cls._client.ping()\n  File "F:\\py\\Lib\\site-packages\\redis\\asyncio\\client.py", line 764, in execute_command\n    conn = self.connection or await pool.get_connection()\n                              ^^^^^^^^^^^^^^^^^^^^^^^^^^^\n  File "F:\\py\\Lib\\site-packages\\redis\\utils.py", line 227, in async_wrapper\n    return await func(*args, **kwargs)\n           ^^^^^^^^^^^^^^^^^^^^^^^^^^^\n  File "F:\\py\\Lib\\site-packages\\redis\\asyncio\\connection.py", line 1351, in get_connection\n    await self.ensure_connection(connection)\n  File "F:\\py\\Lib\\site-packages\\redis\\asyncio\\connection.py", line 1390, in ensure_connection\n    await connection.connect()\n  File "F:\\py\\Lib\\site-packages\\redis\\asyncio\\connection.py", line 339, in connect\n    await self.retry.call_with_retry(\n    ...<7 lines>...\n    )\n  File "F:\\py\\Lib\\site-packages\\redis\\asyncio\\retry.py", line 81, in call_with_retry\n    raise error\n  File "F:\\py\\Lib\\site-packages\\redis\\asyncio\\retry.py", line 69, in call_with_retry\n    return await do()\n           ^^^^^^^^^^\n  File "F:\\py\\Lib\\site-packages\\redis\\asyncio\\connection.py", line 403, in connect_check_health\n    await self.on_connect_check_health(check_health=check_health)\n  File "F:\\py\\Lib\\site-packages\\redis\\asyncio\\connection.py", line 560, in on_connect_check_health\n    await self.read_response()\n  File "F:\\py\\Lib\\site-packages\\redis\\asyncio\\connection.py", line 747, in read_response\n    raise ConnectionError(f"Error while reading from {host_error} : {e.args}")\nredis.exceptions.ConnectionError: Error while reading from 192.168.100.128:6379 : (22, \'÷∏∂®µƒÕ¯¬Á√˚≤ª‘Ÿø…”√°£\', None, 64, None)'}
_____ ERROR at setup of TestLuaVoteSubmit.test_abstain_vote_empty_target ______

trans = 0, key = 0, ov = <_overlapped.Overlapped object at 0x0000027C3049D8F0>

    @staticmethod
    def finish_socket_func(trans, key, ov):
        try:
>           return ov.getresult()
                   ^^^^^^^^^^^^^^
E           OSError: [WinError 64] ÷∏∂®µƒÕ¯¬Á√˚≤ª‘Ÿø…”√°£

F:\py\Lib\asyncio\windows_events.py:463: OSError

During handling of the above exception, another exception occurred:

self = <redis.asyncio.connection.Connection(host=192.168.100.128,port=6379,db=1)>
disable_decoding = False, timeout = None

    async def read_response(
        self,
        disable_decoding: bool = False,
        timeout: Optional[float] = None,
        *,
        disconnect_on_error: bool = True,
        push_request: Optional[bool] = False,
    ):
        """Read the response from a previously sent command"""
        read_timeout = timeout if timeout is not None else self.socket_timeout
        host_error = self._host_error()
        try:
            if read_timeout is not None and self.protocol in ["3", 3]:
                async with async_timeout(read_timeout):
                    response = await self._parser.read_response(
                        disable_decoding=disable_decoding, push_request=push_request
                    )
            elif read_timeout is not None:
                async with async_timeout(read_timeout):
>                   response = await self._parser.read_response(
                        disable_decoding=disable_decoding

F:\py\Lib\site-packages\redis\asyncio\connection.py:725: 
_ _ _ _ _ _ _ _ _ _ _ _ _ _ _ _ _ _ _ _ _ _ _ _ _ _ _ _ _ _ _ _ _ _ _ _ _ _ _ _
F:\py\Lib\site-packages\redis\_parsers\resp2.py:82: in read_response
    response = await self._read_response(disable_decoding=disable_decoding)
               ^^^^^^^^^^^^^^^^^^^^^^^^^^^^^^^^^^^^^^^^^^^^^^^^^^^^^^^^^^^^
F:\py\Lib\site-packages\redis\_parsers\resp2.py:90: in _read_response
    raw = await self._readline()
          ^^^^^^^^^^^^^^^^^^^^^^
F:\py\Lib\site-packages\redis\_parsers\base.py:559: in _readline
    data = await self._stream.readline()
           ^^^^^^^^^^^^^^^^^^^^^^^^^^^^^
F:\py\Lib\asyncio\streams.py:562: in readline
    line = await self.readuntil(sep)
           ^^^^^^^^^^^^^^^^^^^^^^^^^
F:\py\Lib\asyncio\streams.py:677: in readuntil
    await self._wait_for_data('readuntil')
F:\py\Lib\asyncio\streams.py:539: in _wait_for_data
    await self._waiter
F:\py\Lib\asyncio\proactor_events.py:286: in _loop_reading
    length = fut.result()
             ^^^^^^^^^^^^
F:\py\Lib\asyncio\windows_events.py:804: in _poll
    value = callback(transferred, key, ov)
            ^^^^^^^^^^^^^^^^^^^^^^^^^^^^^^
_ _ _ _ _ _ _ _ _ _ _ _ _ _ _ _ _ _ _ _ _ _ _ _ _ _ _ _ _ _ _ _ _ _ _ _ _ _ _ _

trans = 0, key = 0, ov = <_overlapped.Overlapped object at 0x0000027C3049D8F0>

    @staticmethod
    def finish_socket_func(trans, key, ov):
        try:
            return ov.getresult()
        except OSError as exc:
            if exc.winerror in (_overlapped.ERROR_NETNAME_DELETED,
                                _overlapped.ERROR_OPERATION_ABORTED):
>               raise ConnectionResetError(*exc.args)
E               ConnectionResetError: [WinError 64] ÷∏∂®µƒÕ¯¬Á√˚≤ª‘Ÿø…”√°£

F:\py\Lib\asyncio\windows_events.py:467: ConnectionResetError

During handling of the above exception, another exception occurred:

    @pytest.fixture(autouse=True)
    async def _setup_lua_scripts():
        """‘⁄√ø∏ˆ≤‚ ‘«∞»∑±£ Lua Ω≈±æ“—º”‘ÿµΩ Redis°£
    
        ’‚ «“ª∏ˆ autouse fixture£¨ª·‘⁄√ø∏ˆ≤‚ ‘∫Ø ˝÷Æ«∞◊‘∂Ø‘À––°£
         π”√ RedisClientManager ÷ÿ÷√»∑±£∏…æªµƒ≤‚ ‘ª∑æ≥°£
        """
        # »∑±£ Redis øÕªß∂À“—≥ı ºªØ
>       await RedisClientManager.get_client()

tests\test_redis_lua.py:43: 
_ _ _ _ _ _ _ _ _ _ _ _ _ _ _ _ _ _ _ _ _ _ _ _ _ _ _ _ _ _ _ _ _ _ _ _ _ _ _ _
ai_werewolf_core\utils\redis_client.py:128: in get_client
    await cls._client.ping()
F:\py\Lib\site-packages\redis\asyncio\client.py:764: in execute_command
    conn = self.connection or await pool.get_connection()
                              ^^^^^^^^^^^^^^^^^^^^^^^^^^^
F:\py\Lib\site-packages\redis\utils.py:227: in async_wrapper
    return await func(*args, **kwargs)
           ^^^^^^^^^^^^^^^^^^^^^^^^^^^
F:\py\Lib\site-packages\redis\asyncio\connection.py:1351: in get_connection
    await self.ensure_connection(connection)
F:\py\Lib\site-packages\redis\asyncio\connection.py:1390: in ensure_connection
    await connection.connect()
F:\py\Lib\site-packages\redis\asyncio\connection.py:339: in connect
    await self.retry.call_with_retry(
F:\py\Lib\site-packages\redis\asyncio\retry.py:81: in call_with_retry
    raise error
F:\py\Lib\site-packages\redis\asyncio\retry.py:69: in call_with_retry
    return await do()
           ^^^^^^^^^^
F:\py\Lib\site-packages\redis\asyncio\connection.py:403: in connect_check_health
    await self.on_connect_check_health(check_health=check_health)
F:\py\Lib\site-packages\redis\asyncio\connection.py:560: in on_connect_check_health
    await self.read_response()
_ _ _ _ _ _ _ _ _ _ _ _ _ _ _ _ _ _ _ _ _ _ _ _ _ _ _ _ _ _ _ _ _ _ _ _ _ _ _ _

self = <redis.asyncio.connection.Connection(host=192.168.100.128,port=6379,db=1)>
disable_decoding = False, timeout = None

    async def read_response(
        self,
        disable_decoding: bool = False,
        timeout: Optional[float] = None,
        *,
        disconnect_on_error: bool = True,
        push_request: Optional[bool] = False,
    ):
        """Read the response from a previously sent command"""
        read_timeout = timeout if timeout is not None else self.socket_timeout
        host_error = self._host_error()
        try:
            if read_timeout is not None and self.protocol in ["3", 3]:
                async with async_timeout(read_timeout):
                    response = await self._parser.read_response(
                        disable_decoding=disable_decoding, push_request=push_request
                    )
            elif read_timeout is not None:
                async with async_timeout(read_timeout):
                    response = await self._parser.read_response(
                        disable_decoding=disable_decoding
                    )
            elif self.protocol in ["3", 3]:
                response = await self._parser.read_response(
                    disable_decoding=disable_decoding, push_request=push_request
                )
            else:
                response = await self._parser.read_response(
                    disable_decoding=disable_decoding
                )
        except asyncio.TimeoutError:
            if timeout is not None:
                # user requested timeout, return None. Operation can be retried
                return None
            # it was a self.socket_timeout error.
            if disconnect_on_error:
                await self.disconnect(nowait=True)
            raise TimeoutError(f"Timeout reading from {host_error}")
        except OSError as e:
            if disconnect_on_error:
                await self.disconnect(nowait=True)
>           raise ConnectionError(f"Error while reading from {host_error} : {e.args}")
E           redis.exceptions.ConnectionError: Error while reading from 192.168.100.128:6379 : (22, '÷∏∂®µƒÕ¯¬Á√˚≤ª‘Ÿø…”√°£', None, 64, None)

F:\py\Lib\site-packages\redis\asyncio\connection.py:747: ConnectionError
---------------------------- Captured stderr setup ----------------------------
[2m2026-05-14T21:29:33.974324+08:00[0m [[32m[1mdebug    [0m] [1mRedis ¡¨Ω”≥ÿ“—¥¥Ω®                  [0m [[0m[1m[34mai_werewolf_core.utils.redis_client[0m][0m [36mmax_connections[0m=[35m300[0m [36msocket_timeout[0m=[35m10[0m
[2m2026-05-14T21:29:38.977882+08:00[0m [[31m[1merror    [0m] [1mRedis ¡¨Ω”—È÷§ ß∞‹ (PING)           [0m [[0m[1m[34mai_werewolf_core.utils.redis_client[0m][0m [36merror[0m=[35m"Error while reading from 192.168.100.128:6379 : (22, '÷∏∂®µƒÕ¯¬Á√˚≤ª‘Ÿø…”√°£', None, 64, None)"[0m [36mhost[0m=[35m192.168.100.128[0m [36mport[0m=[35m6379[0m
Traceback (most recent call last):
  File "F:\py\Lib\asyncio\windows_events.py", line 463, in finish_socket_func
    return ov.getresult()
           ~~~~~~~~~~~~^^
OSError: [WinError 64] ÷∏∂®µƒÕ¯¬Á√˚≤ª‘Ÿø…”√°£

During handling of the above exception, another exception occurred:

Traceback (most recent call last):
  File "F:\py\Lib\site-packages\redis\asyncio\connection.py", line 725, in read_response
    response = await self._parser.read_response(
               ^^^^^^^^^^^^^^^^^^^^^^^^^^^^^^^^^
        disable_decoding=disable_decoding
        ^^^^^^^^^^^^^^^^^^^^^^^^^^^^^^^^^
    )
    ^
  File "F:\py\Lib\site-packages\redis\_parsers\resp2.py", line 82, in read_response
    response = await self._read_response(disable_decoding=disable_decoding)
               ^^^^^^^^^^^^^^^^^^^^^^^^^^^^^^^^^^^^^^^^^^^^^^^^^^^^^^^^^^^^
  File "F:\py\Lib\site-packages\redis\_parsers\resp2.py", line 90, in _read_response
    raw = await self._readline()
          ^^^^^^^^^^^^^^^^^^^^^^
  File "F:\py\Lib\site-packages\redis\_parsers\base.py", line 559, in _readline
    data = await self._stream.readline()
           ^^^^^^^^^^^^^^^^^^^^^^^^^^^^^
  File "F:\py\Lib\asyncio\streams.py", line 562, in readline
    line = await self.readuntil(sep)
           ^^^^^^^^^^^^^^^^^^^^^^^^^
  File "F:\py\Lib\asyncio\streams.py", line 677, in readuntil
    await self._wait_for_data('readuntil')
  File "F:\py\Lib\asyncio\streams.py", line 539, in _wait_for_data
    await self._waiter
  File "F:\py\Lib\asyncio\proactor_events.py", line 286, in _loop_reading
    length = fut.result()
  File "F:\py\Lib\asyncio\windows_events.py", line 804, in _poll
    value = callback(transferred, key, ov)
  File "F:\py\Lib\asyncio\windows_events.py", line 467, in finish_socket_func
    raise ConnectionResetError(*exc.args)
ConnectionResetError: [WinError 64] ÷∏∂®µƒÕ¯¬Á√˚≤ª‘Ÿø…”√°£

During handling of the above exception, another exception occurred:

Traceback (most recent call last):
  File "F:\YilenaCode\Werewolf\ai_werewolf_core\utils\redis_client.py", line 128, in get_client
    await cls._client.ping()
  File "F:\py\Lib\site-packages\redis\asyncio\client.py", line 764, in execute_command
    conn = self.connection or await pool.get_connection()
                              ^^^^^^^^^^^^^^^^^^^^^^^^^^^
  File "F:\py\Lib\site-packages\redis\utils.py", line 227, in async_wrapper
    return await func(*args, **kwargs)
           ^^^^^^^^^^^^^^^^^^^^^^^^^^^
  File "F:\py\Lib\site-packages\redis\asyncio\connection.py", line 1351, in get_connection
    await self.ensure_connection(connection)
  File "F:\py\Lib\site-packages\redis\asyncio\connection.py", line 1390, in ensure_connection
    await connection.connect()
  File "F:\py\Lib\site-packages\redis\asyncio\connection.py", line 339, in connect
    await self.retry.call_with_retry(
    ...<7 lines>...
    )
  File "F:\py\Lib\site-packages\redis\asyncio\retry.py", line 81, in call_with_retry
    raise error
  File "F:\py\Lib\site-packages\redis\asyncio\retry.py", line 69, in call_with_retry
    return await do()
           ^^^^^^^^^^
  File "F:\py\Lib\site-packages\redis\asyncio\connection.py", line 403, in connect_check_health
    await self.on_connect_check_health(check_health=check_health)
  File "F:\py\Lib\site-packages\redis\asyncio\connection.py", line 560, in on_connect_check_health
    await self.read_response()
  File "F:\py\Lib\site-packages\redis\asyncio\connection.py", line 747, in read_response
    raise ConnectionError(f"Error while reading from {host_error} : {e.args}")
redis.exceptions.ConnectionError: Error while reading from 192.168.100.128:6379 : (22, '÷∏∂®µƒÕ¯¬Á√˚≤ª‘Ÿø…”√°£', None, 64, None)
----------------------------- Captured log setup ------------------------------
DEBUG    ai_werewolf_core.utils.redis_client:redis_client.py:243 {'max_connections': 300, 'socket_timeout': 10, 'event': 'Redis ¡¨Ω”≥ÿ“—¥¥Ω®', 'level': 'debug', 'logger': 'ai_werewolf_core.utils.redis_client', 'timestamp': '2026-05-14T21:29:33.974324+08:00'}
ERROR    ai_werewolf_core.utils.redis_client:redis_client.py:130 {'host': '192.168.100.128', 'port': 6379, 'error': "Error while reading from 192.168.100.128:6379 : (22, '÷∏∂®µƒÕ¯¬Á√˚≤ª‘Ÿø…”√°£', None, 64, None)", 'event': 'Redis ¡¨Ω”—È÷§ ß∞‹ (PING)', 'level': 'error', 'logger': 'ai_werewolf_core.utils.redis_client', 'timestamp': '2026-05-14T21:29:38.977882+08:00', 'exception': 'Traceback (most recent call last):\n  File "F:\\py\\Lib\\asyncio\\windows_events.py", line 463, in finish_socket_func\n    return ov.getresult()\n           ~~~~~~~~~~~~^^\nOSError: [WinError 64] ÷∏∂®µƒÕ¯¬Á√˚≤ª‘Ÿø…”√°£\n\nDuring handling of the above exception, another exception occurred:\n\nTraceback (most recent call last):\n  File "F:\\py\\Lib\\site-packages\\redis\\asyncio\\connection.py", line 725, in read_response\n    response = await self._parser.read_response(\n               ^^^^^^^^^^^^^^^^^^^^^^^^^^^^^^^^^\n        disable_decoding=disable_decoding\n        ^^^^^^^^^^^^^^^^^^^^^^^^^^^^^^^^^\n    )\n    ^\n  File "F:\\py\\Lib\\site-packages\\redis\\_parsers\\resp2.py", line 82, in read_response\n    response = await self._read_response(disable_decoding=disable_decoding)\n               ^^^^^^^^^^^^^^^^^^^^^^^^^^^^^^^^^^^^^^^^^^^^^^^^^^^^^^^^^^^^\n  File "F:\\py\\Lib\\site-packages\\redis\\_parsers\\resp2.py", line 90, in _read_response\n    raw = await self._readline()\n          ^^^^^^^^^^^^^^^^^^^^^^\n  File "F:\\py\\Lib\\site-packages\\redis\\_parsers\\base.py", line 559, in _readline\n    data = await self._stream.readline()\n           ^^^^^^^^^^^^^^^^^^^^^^^^^^^^^\n  File "F:\\py\\Lib\\asyncio\\streams.py", line 562, in readline\n    line = await self.readuntil(sep)\n           ^^^^^^^^^^^^^^^^^^^^^^^^^\n  File "F:\\py\\Lib\\asyncio\\streams.py", line 677, in readuntil\n    await self._wait_for_data(\'readuntil\')\n  File "F:\\py\\Lib\\asyncio\\streams.py", line 539, in _wait_for_data\n    await self._waiter\n  File "F:\\py\\Lib\\asyncio\\proactor_events.py", line 286, in _loop_reading\n    length = fut.result()\n  File "F:\\py\\Lib\\asyncio\\windows_events.py", line 804, in _poll\n    value = callback(transferred, key, ov)\n  File "F:\\py\\Lib\\asyncio\\windows_events.py", line 467, in finish_socket_func\n    raise ConnectionResetError(*exc.args)\nConnectionResetError: [WinError 64] ÷∏∂®µƒÕ¯¬Á√˚≤ª‘Ÿø…”√°£\n\nDuring handling of the above exception, another exception occurred:\n\nTraceback (most recent call last):\n  File "F:\\YilenaCode\\Werewolf\\ai_werewolf_core\\utils\\redis_client.py", line 128, in get_client\n    await cls._client.ping()\n  File "F:\\py\\Lib\\site-packages\\redis\\asyncio\\client.py", line 764, in execute_command\n    conn = self.connection or await pool.get_connection()\n                              ^^^^^^^^^^^^^^^^^^^^^^^^^^^\n  File "F:\\py\\Lib\\site-packages\\redis\\utils.py", line 227, in async_wrapper\n    return await func(*args, **kwargs)\n           ^^^^^^^^^^^^^^^^^^^^^^^^^^^\n  File "F:\\py\\Lib\\site-packages\\redis\\asyncio\\connection.py", line 1351, in get_connection\n    await self.ensure_connection(connection)\n  File "F:\\py\\Lib\\site-packages\\redis\\asyncio\\connection.py", line 1390, in ensure_connection\n    await connection.connect()\n  File "F:\\py\\Lib\\site-packages\\redis\\asyncio\\connection.py", line 339, in connect\n    await self.retry.call_with_retry(\n    ...<7 lines>...\n    )\n  File "F:\\py\\Lib\\site-packages\\redis\\asyncio\\retry.py", line 81, in call_with_retry\n    raise error\n  File "F:\\py\\Lib\\site-packages\\redis\\asyncio\\retry.py", line 69, in call_with_retry\n    return await do()\n           ^^^^^^^^^^\n  File "F:\\py\\Lib\\site-packages\\redis\\asyncio\\connection.py", line 403, in connect_check_health\n    await self.on_connect_check_health(check_health=check_health)\n  File "F:\\py\\Lib\\site-packages\\redis\\asyncio\\connection.py", line 560, in on_connect_check_health\n    await self.read_response()\n  File "F:\\py\\Lib\\site-packages\\redis\\asyncio\\connection.py", line 747, in read_response\n    raise ConnectionError(f"Error while reading from {host_error} : {e.args}")\nredis.exceptions.ConnectionError: Error while reading from 192.168.100.128:6379 : (22, \'÷∏∂®µƒÕ¯¬Á√˚≤ª‘Ÿø…”√°£\', None, 64, None)'}
_________ ERROR at setup of TestLuaVoteSubmit.test_ttl_is_set_on_vote _________

trans = 0, key = 0, ov = <_overlapped.Overlapped object at 0x0000027C3049E7F0>

    @staticmethod
    def finish_socket_func(trans, key, ov):
        try:
>           return ov.getresult()
                   ^^^^^^^^^^^^^^
E           OSError: [WinError 64] ÷∏∂®µƒÕ¯¬Á√˚≤ª‘Ÿø…”√°£

F:\py\Lib\asyncio\windows_events.py:463: OSError

During handling of the above exception, another exception occurred:

self = <redis.asyncio.connection.Connection(host=192.168.100.128,port=6379,db=1)>
disable_decoding = False, timeout = None

    async def read_response(
        self,
        disable_decoding: bool = False,
        timeout: Optional[float] = None,
        *,
        disconnect_on_error: bool = True,
        push_request: Optional[bool] = False,
    ):
        """Read the response from a previously sent command"""
        read_timeout = timeout if timeout is not None else self.socket_timeout
        host_error = self._host_error()
        try:
            if read_timeout is not None and self.protocol in ["3", 3]:
                async with async_timeout(read_timeout):
                    response = await self._parser.read_response(
                        disable_decoding=disable_decoding, push_request=push_request
                    )
            elif read_timeout is not None:
                async with async_timeout(read_timeout):
>                   response = await self._parser.read_response(
                        disable_decoding=disable_decoding

F:\py\Lib\site-packages\redis\asyncio\connection.py:725: 
_ _ _ _ _ _ _ _ _ _ _ _ _ _ _ _ _ _ _ _ _ _ _ _ _ _ _ _ _ _ _ _ _ _ _ _ _ _ _ _
F:\py\Lib\site-packages\redis\_parsers\resp2.py:82: in read_response
    response = await self._read_response(disable_decoding=disable_decoding)
               ^^^^^^^^^^^^^^^^^^^^^^^^^^^^^^^^^^^^^^^^^^^^^^^^^^^^^^^^^^^^
F:\py\Lib\site-packages\redis\_parsers\resp2.py:90: in _read_response
    raw = await self._readline()
          ^^^^^^^^^^^^^^^^^^^^^^
F:\py\Lib\site-packages\redis\_parsers\base.py:559: in _readline
    data = await self._stream.readline()
           ^^^^^^^^^^^^^^^^^^^^^^^^^^^^^
F:\py\Lib\asyncio\streams.py:562: in readline
    line = await self.readuntil(sep)
           ^^^^^^^^^^^^^^^^^^^^^^^^^
F:\py\Lib\asyncio\streams.py:677: in readuntil
    await self._wait_for_data('readuntil')
F:\py\Lib\asyncio\streams.py:539: in _wait_for_data
    await self._waiter
F:\py\Lib\asyncio\proactor_events.py:286: in _loop_reading
    length = fut.result()
             ^^^^^^^^^^^^
F:\py\Lib\asyncio\windows_events.py:804: in _poll
    value = callback(transferred, key, ov)
            ^^^^^^^^^^^^^^^^^^^^^^^^^^^^^^
_ _ _ _ _ _ _ _ _ _ _ _ _ _ _ _ _ _ _ _ _ _ _ _ _ _ _ _ _ _ _ _ _ _ _ _ _ _ _ _

trans = 0, key = 0, ov = <_overlapped.Overlapped object at 0x0000027C3049E7F0>

    @staticmethod
    def finish_socket_func(trans, key, ov):
        try:
            return ov.getresult()
        except OSError as exc:
            if exc.winerror in (_overlapped.ERROR_NETNAME_DELETED,
                                _overlapped.ERROR_OPERATION_ABORTED):
>               raise ConnectionResetError(*exc.args)
E               ConnectionResetError: [WinError 64] ÷∏∂®µƒÕ¯¬Á√˚≤ª‘Ÿø…”√°£

F:\py\Lib\asyncio\windows_events.py:467: ConnectionResetError

During handling of the above exception, another exception occurred:

    @pytest.fixture(autouse=True)
    async def _setup_lua_scripts():
        """‘⁄√ø∏ˆ≤‚ ‘«∞»∑±£ Lua Ω≈±æ“—º”‘ÿµΩ Redis°£
    
        ’‚ «“ª∏ˆ autouse fixture£¨ª·‘⁄√ø∏ˆ≤‚ ‘∫Ø ˝÷Æ«∞◊‘∂Ø‘À––°£
         π”√ RedisClientManager ÷ÿ÷√»∑±£∏…æªµƒ≤‚ ‘ª∑æ≥°£
        """
        # »∑±£ Redis øÕªß∂À“—≥ı ºªØ
>       await RedisClientManager.get_client()

tests\test_redis_lua.py:43: 
_ _ _ _ _ _ _ _ _ _ _ _ _ _ _ _ _ _ _ _ _ _ _ _ _ _ _ _ _ _ _ _ _ _ _ _ _ _ _ _
ai_werewolf_core\utils\redis_client.py:128: in get_client
    await cls._client.ping()
F:\py\Lib\site-packages\redis\asyncio\client.py:764: in execute_command
    conn = self.connection or await pool.get_connection()
                              ^^^^^^^^^^^^^^^^^^^^^^^^^^^
F:\py\Lib\site-packages\redis\utils.py:227: in async_wrapper
    return await func(*args, **kwargs)
           ^^^^^^^^^^^^^^^^^^^^^^^^^^^
F:\py\Lib\site-packages\redis\asyncio\connection.py:1351: in get_connection
    await self.ensure_connection(connection)
F:\py\Lib\site-packages\redis\asyncio\connection.py:1390: in ensure_connection
    await connection.connect()
F:\py\Lib\site-packages\redis\asyncio\connection.py:339: in connect
    await self.retry.call_with_retry(
F:\py\Lib\site-packages\redis\asyncio\retry.py:81: in call_with_retry
    raise error
F:\py\Lib\site-packages\redis\asyncio\retry.py:69: in call_with_retry
    return await do()
           ^^^^^^^^^^
F:\py\Lib\site-packages\redis\asyncio\connection.py:403: in connect_check_health
    await self.on_connect_check_health(check_health=check_health)
F:\py\Lib\site-packages\redis\asyncio\connection.py:560: in on_connect_check_health
    await self.read_response()
_ _ _ _ _ _ _ _ _ _ _ _ _ _ _ _ _ _ _ _ _ _ _ _ _ _ _ _ _ _ _ _ _ _ _ _ _ _ _ _

self = <redis.asyncio.connection.Connection(host=192.168.100.128,port=6379,db=1)>
disable_decoding = False, timeout = None

    async def read_response(
        self,
        disable_decoding: bool = False,
        timeout: Optional[float] = None,
        *,
        disconnect_on_error: bool = True,
        push_request: Optional[bool] = False,
    ):
        """Read the response from a previously sent command"""
        read_timeout = timeout if timeout is not None else self.socket_timeout
        host_error = self._host_error()
        try:
            if read_timeout is not None and self.protocol in ["3", 3]:
                async with async_timeout(read_timeout):
                    response = await self._parser.read_response(
                        disable_decoding=disable_decoding, push_request=push_request
                    )
            elif read_timeout is not None:
                async with async_timeout(read_timeout):
                    response = await self._parser.read_response(
                        disable_decoding=disable_decoding
                    )
            elif self.protocol in ["3", 3]:
                response = await self._parser.read_response(
                    disable_decoding=disable_decoding, push_request=push_request
                )
            else:
                response = await self._parser.read_response(
                    disable_decoding=disable_decoding
                )
        except asyncio.TimeoutError:
            if timeout is not None:
                # user requested timeout, return None. Operation can be retried
                return None
            # it was a self.socket_timeout error.
            if disconnect_on_error:
                await self.disconnect(nowait=True)
            raise TimeoutError(f"Timeout reading from {host_error}")
        except OSError as e:
            if disconnect_on_error:
                await self.disconnect(nowait=True)
>           raise ConnectionError(f"Error while reading from {host_error} : {e.args}")
E           redis.exceptions.ConnectionError: Error while reading from 192.168.100.128:6379 : (22, '÷∏∂®µƒÕ¯¬Á√˚≤ª‘Ÿø…”√°£', None, 64, None)

F:\py\Lib\site-packages\redis\asyncio\connection.py:747: ConnectionError
---------------------------- Captured stderr setup ----------------------------
[2m2026-05-14T21:29:39.140808+08:00[0m [[32m[1mdebug    [0m] [1mRedis ¡¨Ω”≥ÿ“—¥¥Ω®                  [0m [[0m[1m[34mai_werewolf_core.utils.redis_client[0m][0m [36mmax_connections[0m=[35m300[0m [36msocket_timeout[0m=[35m10[0m
[2m2026-05-14T21:29:44.144031+08:00[0m [[31m[1merror    [0m] [1mRedis ¡¨Ω”—È÷§ ß∞‹ (PING)           [0m [[0m[1m[34mai_werewolf_core.utils.redis_client[0m][0m [36merror[0m=[35m"Error while reading from 192.168.100.128:6379 : (22, '÷∏∂®µƒÕ¯¬Á√˚≤ª‘Ÿø…”√°£', None, 64, None)"[0m [36mhost[0m=[35m192.168.100.128[0m [36mport[0m=[35m6379[0m
Traceback (most recent call last):
  File "F:\py\Lib\asyncio\windows_events.py", line 463, in finish_socket_func
    return ov.getresult()
           ~~~~~~~~~~~~^^
OSError: [WinError 64] ÷∏∂®µƒÕ¯¬Á√˚≤ª‘Ÿø…”√°£

During handling of the above exception, another exception occurred:

Traceback (most recent call last):
  File "F:\py\Lib\site-packages\redis\asyncio\connection.py", line 725, in read_response
    response = await self._parser.read_response(
               ^^^^^^^^^^^^^^^^^^^^^^^^^^^^^^^^^
        disable_decoding=disable_decoding
        ^^^^^^^^^^^^^^^^^^^^^^^^^^^^^^^^^
    )
    ^
  File "F:\py\Lib\site-packages\redis\_parsers\resp2.py", line 82, in read_response
    response = await self._read_response(disable_decoding=disable_decoding)
               ^^^^^^^^^^^^^^^^^^^^^^^^^^^^^^^^^^^^^^^^^^^^^^^^^^^^^^^^^^^^
  File "F:\py\Lib\site-packages\redis\_parsers\resp2.py", line 90, in _read_response
    raw = await self._readline()
          ^^^^^^^^^^^^^^^^^^^^^^
  File "F:\py\Lib\site-packages\redis\_parsers\base.py", line 559, in _readline
    data = await self._stream.readline()
           ^^^^^^^^^^^^^^^^^^^^^^^^^^^^^
  File "F:\py\Lib\asyncio\streams.py", line 562, in readline
    line = await self.readuntil(sep)
           ^^^^^^^^^^^^^^^^^^^^^^^^^
  File "F:\py\Lib\asyncio\streams.py", line 677, in readuntil
    await self._wait_for_data('readuntil')
  File "F:\py\Lib\asyncio\streams.py", line 539, in _wait_for_data
    await self._waiter
  File "F:\py\Lib\asyncio\proactor_events.py", line 286, in _loop_reading
    length = fut.result()
  File "F:\py\Lib\asyncio\windows_events.py", line 804, in _poll
    value = callback(transferred, key, ov)
  File "F:\py\Lib\asyncio\windows_events.py", line 467, in finish_socket_func
    raise ConnectionResetError(*exc.args)
ConnectionResetError: [WinError 64] ÷∏∂®µƒÕ¯¬Á√˚≤ª‘Ÿø…”√°£

During handling of the above exception, another exception occurred:

Traceback (most recent call last):
  File "F:\YilenaCode\Werewolf\ai_werewolf_core\utils\redis_client.py", line 128, in get_client
    await cls._client.ping()
  File "F:\py\Lib\site-packages\redis\asyncio\client.py", line 764, in execute_command
    conn = self.connection or await pool.get_connection()
                              ^^^^^^^^^^^^^^^^^^^^^^^^^^^
  File "F:\py\Lib\site-packages\redis\utils.py", line 227, in async_wrapper
    return await func(*args, **kwargs)
           ^^^^^^^^^^^^^^^^^^^^^^^^^^^
  File "F:\py\Lib\site-packages\redis\asyncio\connection.py", line 1351, in get_connection
    await self.ensure_connection(connection)
  File "F:\py\Lib\site-packages\redis\asyncio\connection.py", line 1390, in ensure_connection
    await connection.connect()
  File "F:\py\Lib\site-packages\redis\asyncio\connection.py", line 339, in connect
    await self.retry.call_with_retry(
    ...<7 lines>...
    )
  File "F:\py\Lib\site-packages\redis\asyncio\retry.py", line 81, in call_with_retry
    raise error
  File "F:\py\Lib\site-packages\redis\asyncio\retry.py", line 69, in call_with_retry
    return await do()
           ^^^^^^^^^^
  File "F:\py\Lib\site-packages\redis\asyncio\connection.py", line 403, in connect_check_health
    await self.on_connect_check_health(check_health=check_health)
  File "F:\py\Lib\site-packages\redis\asyncio\connection.py", line 560, in on_connect_check_health
    await self.read_response()
  File "F:\py\Lib\site-packages\redis\asyncio\connection.py", line 747, in read_response
    raise ConnectionError(f"Error while reading from {host_error} : {e.args}")
redis.exceptions.ConnectionError: Error while reading from 192.168.100.128:6379 : (22, '÷∏∂®µƒÕ¯¬Á√˚≤ª‘Ÿø…”√°£', None, 64, None)
----------------------------- Captured log setup ------------------------------
DEBUG    ai_werewolf_core.utils.redis_client:redis_client.py:243 {'max_connections': 300, 'socket_timeout': 10, 'event': 'Redis ¡¨Ω”≥ÿ“—¥¥Ω®', 'level': 'debug', 'logger': 'ai_werewolf_core.utils.redis_client', 'timestamp': '2026-05-14T21:29:39.140808+08:00'}
ERROR    ai_werewolf_core.utils.redis_client:redis_client.py:130 {'host': '192.168.100.128', 'port': 6379, 'error': "Error while reading from 192.168.100.128:6379 : (22, '÷∏∂®µƒÕ¯¬Á√˚≤ª‘Ÿø…”√°£', None, 64, None)", 'event': 'Redis ¡¨Ω”—È÷§ ß∞‹ (PING)', 'level': 'error', 'logger': 'ai_werewolf_core.utils.redis_client', 'timestamp': '2026-05-14T21:29:44.144031+08:00', 'exception': 'Traceback (most recent call last):\n  File "F:\\py\\Lib\\asyncio\\windows_events.py", line 463, in finish_socket_func\n    return ov.getresult()\n           ~~~~~~~~~~~~^^\nOSError: [WinError 64] ÷∏∂®µƒÕ¯¬Á√˚≤ª‘Ÿø…”√°£\n\nDuring handling of the above exception, another exception occurred:\n\nTraceback (most recent call last):\n  File "F:\\py\\Lib\\site-packages\\redis\\asyncio\\connection.py", line 725, in read_response\n    response = await self._parser.read_response(\n               ^^^^^^^^^^^^^^^^^^^^^^^^^^^^^^^^^\n        disable_decoding=disable_decoding\n        ^^^^^^^^^^^^^^^^^^^^^^^^^^^^^^^^^\n    )\n    ^\n  File "F:\\py\\Lib\\site-packages\\redis\\_parsers\\resp2.py", line 82, in read_response\n    response = await self._read_response(disable_decoding=disable_decoding)\n               ^^^^^^^^^^^^^^^^^^^^^^^^^^^^^^^^^^^^^^^^^^^^^^^^^^^^^^^^^^^^\n  File "F:\\py\\Lib\\site-packages\\redis\\_parsers\\resp2.py", line 90, in _read_response\n    raw = await self._readline()\n          ^^^^^^^^^^^^^^^^^^^^^^\n  File "F:\\py\\Lib\\site-packages\\redis\\_parsers\\base.py", line 559, in _readline\n    data = await self._stream.readline()\n           ^^^^^^^^^^^^^^^^^^^^^^^^^^^^^\n  File "F:\\py\\Lib\\asyncio\\streams.py", line 562, in readline\n    line = await self.readuntil(sep)\n           ^^^^^^^^^^^^^^^^^^^^^^^^^\n  File "F:\\py\\Lib\\asyncio\\streams.py", line 677, in readuntil\n    await self._wait_for_data(\'readuntil\')\n  File "F:\\py\\Lib\\asyncio\\streams.py", line 539, in _wait_for_data\n    await self._waiter\n  File "F:\\py\\Lib\\asyncio\\proactor_events.py", line 286, in _loop_reading\n    length = fut.result()\n  File "F:\\py\\Lib\\asyncio\\windows_events.py", line 804, in _poll\n    value = callback(transferred, key, ov)\n  File "F:\\py\\Lib\\asyncio\\windows_events.py", line 467, in finish_socket_func\n    raise ConnectionResetError(*exc.args)\nConnectionResetError: [WinError 64] ÷∏∂®µƒÕ¯¬Á√˚≤ª‘Ÿø…”√°£\n\nDuring handling of the above exception, another exception occurred:\n\nTraceback (most recent call last):\n  File "F:\\YilenaCode\\Werewolf\\ai_werewolf_core\\utils\\redis_client.py", line 128, in get_client\n    await cls._client.ping()\n  File "F:\\py\\Lib\\site-packages\\redis\\asyncio\\client.py", line 764, in execute_command\n    conn = self.connection or await pool.get_connection()\n                              ^^^^^^^^^^^^^^^^^^^^^^^^^^^\n  File "F:\\py\\Lib\\site-packages\\redis\\utils.py", line 227, in async_wrapper\n    return await func(*args, **kwargs)\n           ^^^^^^^^^^^^^^^^^^^^^^^^^^^\n  File "F:\\py\\Lib\\site-packages\\redis\\asyncio\\connection.py", line 1351, in get_connection\n    await self.ensure_connection(connection)\n  File "F:\\py\\Lib\\site-packages\\redis\\asyncio\\connection.py", line 1390, in ensure_connection\n    await connection.connect()\n  File "F:\\py\\Lib\\site-packages\\redis\\asyncio\\connection.py", line 339, in connect\n    await self.retry.call_with_retry(\n    ...<7 lines>...\n    )\n  File "F:\\py\\Lib\\site-packages\\redis\\asyncio\\retry.py", line 81, in call_with_retry\n    raise error\n  File "F:\\py\\Lib\\site-packages\\redis\\asyncio\\retry.py", line 69, in call_with_retry\n    return await do()\n           ^^^^^^^^^^\n  File "F:\\py\\Lib\\site-packages\\redis\\asyncio\\connection.py", line 403, in connect_check_health\n    await self.on_connect_check_health(check_health=check_health)\n  File "F:\\py\\Lib\\site-packages\\redis\\asyncio\\connection.py", line 560, in on_connect_check_health\n    await self.read_response()\n  File "F:\\py\\Lib\\site-packages\\redis\\asyncio\\connection.py", line 747, in read_response\n    raise ConnectionError(f"Error while reading from {host_error} : {e.args}")\nredis.exceptions.ConnectionError: Error while reading from 192.168.100.128:6379 : (22, \'÷∏∂®µƒÕ¯¬Á√˚≤ª‘Ÿø…”√°£\', None, 64, None)'}
__ ERROR at setup of TestLuaPhaseTransition.test_valid_transition_returns_ok __

trans = 0, key = 0, ov = <_overlapped.Overlapped object at 0x0000027C3049EEB0>

    @staticmethod
    def finish_socket_func(trans, key, ov):
        try:
>           return ov.getresult()
                   ^^^^^^^^^^^^^^
E           OSError: [WinError 64] ÷∏∂®µƒÕ¯¬Á√˚≤ª‘Ÿø…”√°£

F:\py\Lib\asyncio\windows_events.py:463: OSError

During handling of the above exception, another exception occurred:

self = <redis.asyncio.connection.Connection(host=192.168.100.128,port=6379,db=1)>
disable_decoding = False, timeout = None

    async def read_response(
        self,
        disable_decoding: bool = False,
        timeout: Optional[float] = None,
        *,
        disconnect_on_error: bool = True,
        push_request: Optional[bool] = False,
    ):
        """Read the response from a previously sent command"""
        read_timeout = timeout if timeout is not None else self.socket_timeout
        host_error = self._host_error()
        try:
            if read_timeout is not None and self.protocol in ["3", 3]:
                async with async_timeout(read_timeout):
                    response = await self._parser.read_response(
                        disable_decoding=disable_decoding, push_request=push_request
                    )
            elif read_timeout is not None:
                async with async_timeout(read_timeout):
>                   response = await self._parser.read_response(
                        disable_decoding=disable_decoding

F:\py\Lib\site-packages\redis\asyncio\connection.py:725: 
_ _ _ _ _ _ _ _ _ _ _ _ _ _ _ _ _ _ _ _ _ _ _ _ _ _ _ _ _ _ _ _ _ _ _ _ _ _ _ _
F:\py\Lib\site-packages\redis\_parsers\resp2.py:82: in read_response
    response = await self._read_response(disable_decoding=disable_decoding)
               ^^^^^^^^^^^^^^^^^^^^^^^^^^^^^^^^^^^^^^^^^^^^^^^^^^^^^^^^^^^^
F:\py\Lib\site-packages\redis\_parsers\resp2.py:90: in _read_response
    raw = await self._readline()
          ^^^^^^^^^^^^^^^^^^^^^^
F:\py\Lib\site-packages\redis\_parsers\base.py:559: in _readline
    data = await self._stream.readline()
           ^^^^^^^^^^^^^^^^^^^^^^^^^^^^^
F:\py\Lib\asyncio\streams.py:562: in readline
    line = await self.readuntil(sep)
           ^^^^^^^^^^^^^^^^^^^^^^^^^
F:\py\Lib\asyncio\streams.py:677: in readuntil
    await self._wait_for_data('readuntil')
F:\py\Lib\asyncio\streams.py:539: in _wait_for_data
    await self._waiter
F:\py\Lib\asyncio\proactor_events.py:286: in _loop_reading
    length = fut.result()
             ^^^^^^^^^^^^
F:\py\Lib\asyncio\windows_events.py:804: in _poll
    value = callback(transferred, key, ov)
            ^^^^^^^^^^^^^^^^^^^^^^^^^^^^^^
_ _ _ _ _ _ _ _ _ _ _ _ _ _ _ _ _ _ _ _ _ _ _ _ _ _ _ _ _ _ _ _ _ _ _ _ _ _ _ _

trans = 0, key = 0, ov = <_overlapped.Overlapped object at 0x0000027C3049EEB0>

    @staticmethod
    def finish_socket_func(trans, key, ov):
        try:
            return ov.getresult()
        except OSError as exc:
            if exc.winerror in (_overlapped.ERROR_NETNAME_DELETED,
                                _overlapped.ERROR_OPERATION_ABORTED):
>               raise ConnectionResetError(*exc.args)
E               ConnectionResetError: [WinError 64] ÷∏∂®µƒÕ¯¬Á√˚≤ª‘Ÿø…”√°£

F:\py\Lib\asyncio\windows_events.py:467: ConnectionResetError

During handling of the above exception, another exception occurred:

    @pytest.fixture(autouse=True)
    async def _setup_lua_scripts():
        """‘⁄√ø∏ˆ≤‚ ‘«∞»∑±£ Lua Ω≈±æ“—º”‘ÿµΩ Redis°£
    
        ’‚ «“ª∏ˆ autouse fixture£¨ª·‘⁄√ø∏ˆ≤‚ ‘∫Ø ˝÷Æ«∞◊‘∂Ø‘À––°£
         π”√ RedisClientManager ÷ÿ÷√»∑±£∏…æªµƒ≤‚ ‘ª∑æ≥°£
        """
        # »∑±£ Redis øÕªß∂À“—≥ı ºªØ
>       await RedisClientManager.get_client()

tests\test_redis_lua.py:43: 
_ _ _ _ _ _ _ _ _ _ _ _ _ _ _ _ _ _ _ _ _ _ _ _ _ _ _ _ _ _ _ _ _ _ _ _ _ _ _ _
ai_werewolf_core\utils\redis_client.py:128: in get_client
    await cls._client.ping()
F:\py\Lib\site-packages\redis\asyncio\client.py:764: in execute_command
    conn = self.connection or await pool.get_connection()
                              ^^^^^^^^^^^^^^^^^^^^^^^^^^^
F:\py\Lib\site-packages\redis\utils.py:227: in async_wrapper
    return await func(*args, **kwargs)
           ^^^^^^^^^^^^^^^^^^^^^^^^^^^
F:\py\Lib\site-packages\redis\asyncio\connection.py:1351: in get_connection
    await self.ensure_connection(connection)
F:\py\Lib\site-packages\redis\asyncio\connection.py:1390: in ensure_connection
    await connection.connect()
F:\py\Lib\site-packages\redis\asyncio\connection.py:339: in connect
    await self.retry.call_with_retry(
F:\py\Lib\site-packages\redis\asyncio\retry.py:81: in call_with_retry
    raise error
F:\py\Lib\site-packages\redis\asyncio\retry.py:69: in call_with_retry
    return await do()
           ^^^^^^^^^^
F:\py\Lib\site-packages\redis\asyncio\connection.py:403: in connect_check_health
    await self.on_connect_check_health(check_health=check_health)
F:\py\Lib\site-packages\redis\asyncio\connection.py:560: in on_connect_check_health
    await self.read_response()
_ _ _ _ _ _ _ _ _ _ _ _ _ _ _ _ _ _ _ _ _ _ _ _ _ _ _ _ _ _ _ _ _ _ _ _ _ _ _ _

self = <redis.asyncio.connection.Connection(host=192.168.100.128,port=6379,db=1)>
disable_decoding = False, timeout = None

    async def read_response(
        self,
        disable_decoding: bool = False,
        timeout: Optional[float] = None,
        *,
        disconnect_on_error: bool = True,
        push_request: Optional[bool] = False,
    ):
        """Read the response from a previously sent command"""
        read_timeout = timeout if timeout is not None else self.socket_timeout
        host_error = self._host_error()
        try:
            if read_timeout is not None and self.protocol in ["3", 3]:
                async with async_timeout(read_timeout):
                    response = await self._parser.read_response(
                        disable_decoding=disable_decoding, push_request=push_request
                    )
            elif read_timeout is not None:
                async with async_timeout(read_timeout):
                    response = await self._parser.read_response(
                        disable_decoding=disable_decoding
                    )
            elif self.protocol in ["3", 3]:
                response = await self._parser.read_response(
                    disable_decoding=disable_decoding, push_request=push_request
                )
            else:
                response = await self._parser.read_response(
                    disable_decoding=disable_decoding
                )
        except asyncio.TimeoutError:
            if timeout is not None:
                # user requested timeout, return None. Operation can be retried
                return None
            # it was a self.socket_timeout error.
            if disconnect_on_error:
                await self.disconnect(nowait=True)
            raise TimeoutError(f"Timeout reading from {host_error}")
        except OSError as e:
            if disconnect_on_error:
                await self.disconnect(nowait=True)
>           raise ConnectionError(f"Error while reading from {host_error} : {e.args}")
E           redis.exceptions.ConnectionError: Error while reading from 192.168.100.128:6379 : (22, '÷∏∂®µƒÕ¯¬Á√˚≤ª‘Ÿø…”√°£', None, 64, None)

F:\py\Lib\site-packages\redis\asyncio\connection.py:747: ConnectionError
---------------------------- Captured stderr setup ----------------------------
[2m2026-05-14T21:29:44.307469+08:00[0m [[32m[1mdebug    [0m] [1mRedis ¡¨Ω”≥ÿ“—¥¥Ω®                  [0m [[0m[1m[34mai_werewolf_core.utils.redis_client[0m][0m [36mmax_connections[0m=[35m300[0m [36msocket_timeout[0m=[35m10[0m
[2m2026-05-14T21:29:49.310040+08:00[0m [[31m[1merror    [0m] [1mRedis ¡¨Ω”—È÷§ ß∞‹ (PING)           [0m [[0m[1m[34mai_werewolf_core.utils.redis_client[0m][0m [36merror[0m=[35m"Error while reading from 192.168.100.128:6379 : (22, '÷∏∂®µƒÕ¯¬Á√˚≤ª‘Ÿø…”√°£', None, 64, None)"[0m [36mhost[0m=[35m192.168.100.128[0m [36mport[0m=[35m6379[0m
Traceback (most recent call last):
  File "F:\py\Lib\asyncio\windows_events.py", line 463, in finish_socket_func
    return ov.getresult()
           ~~~~~~~~~~~~^^
OSError: [WinError 64] ÷∏∂®µƒÕ¯¬Á√˚≤ª‘Ÿø…”√°£

During handling of the above exception, another exception occurred:

Traceback (most recent call last):
  File "F:\py\Lib\site-packages\redis\asyncio\connection.py", line 725, in read_response
    response = await self._parser.read_response(
               ^^^^^^^^^^^^^^^^^^^^^^^^^^^^^^^^^
        disable_decoding=disable_decoding
        ^^^^^^^^^^^^^^^^^^^^^^^^^^^^^^^^^
    )
    ^
  File "F:\py\Lib\site-packages\redis\_parsers\resp2.py", line 82, in read_response
    response = await self._read_response(disable_decoding=disable_decoding)
               ^^^^^^^^^^^^^^^^^^^^^^^^^^^^^^^^^^^^^^^^^^^^^^^^^^^^^^^^^^^^
  File "F:\py\Lib\site-packages\redis\_parsers\resp2.py", line 90, in _read_response
    raw = await self._readline()
          ^^^^^^^^^^^^^^^^^^^^^^
  File "F:\py\Lib\site-packages\redis\_parsers\base.py", line 559, in _readline
    data = await self._stream.readline()
           ^^^^^^^^^^^^^^^^^^^^^^^^^^^^^
  File "F:\py\Lib\asyncio\streams.py", line 562, in readline
    line = await self.readuntil(sep)
           ^^^^^^^^^^^^^^^^^^^^^^^^^
  File "F:\py\Lib\asyncio\streams.py", line 677, in readuntil
    await self._wait_for_data('readuntil')
  File "F:\py\Lib\asyncio\streams.py", line 539, in _wait_for_data
    await self._waiter
  File "F:\py\Lib\asyncio\proactor_events.py", line 286, in _loop_reading
    length = fut.result()
  File "F:\py\Lib\asyncio\windows_events.py", line 804, in _poll
    value = callback(transferred, key, ov)
  File "F:\py\Lib\asyncio\windows_events.py", line 467, in finish_socket_func
    raise ConnectionResetError(*exc.args)
ConnectionResetError: [WinError 64] ÷∏∂®µƒÕ¯¬Á√˚≤ª‘Ÿø…”√°£

During handling of the above exception, another exception occurred:

Traceback (most recent call last):
  File "F:\YilenaCode\Werewolf\ai_werewolf_core\utils\redis_client.py", line 128, in get_client
    await cls._client.ping()
  File "F:\py\Lib\site-packages\redis\asyncio\client.py", line 764, in execute_command
    conn = self.connection or await pool.get_connection()
                              ^^^^^^^^^^^^^^^^^^^^^^^^^^^
  File "F:\py\Lib\site-packages\redis\utils.py", line 227, in async_wrapper
    return await func(*args, **kwargs)
           ^^^^^^^^^^^^^^^^^^^^^^^^^^^
  File "F:\py\Lib\site-packages\redis\asyncio\connection.py", line 1351, in get_connection
    await self.ensure_connection(connection)
  File "F:\py\Lib\site-packages\redis\asyncio\connection.py", line 1390, in ensure_connection
    await connection.connect()
  File "F:\py\Lib\site-packages\redis\asyncio\connection.py", line 339, in connect
    await self.retry.call_with_retry(
    ...<7 lines>...
    )
  File "F:\py\Lib\site-packages\redis\asyncio\retry.py", line 81, in call_with_retry
    raise error
  File "F:\py\Lib\site-packages\redis\asyncio\retry.py", line 69, in call_with_retry
    return await do()
           ^^^^^^^^^^
  File "F:\py\Lib\site-packages\redis\asyncio\connection.py", line 403, in connect_check_health
    await self.on_connect_check_health(check_health=check_health)
  File "F:\py\Lib\site-packages\redis\asyncio\connection.py", line 560, in on_connect_check_health
    await self.read_response()
  File "F:\py\Lib\site-packages\redis\asyncio\connection.py", line 747, in read_response
    raise ConnectionError(f"Error while reading from {host_error} : {e.args}")
redis.exceptions.ConnectionError: Error while reading from 192.168.100.128:6379 : (22, '÷∏∂®µƒÕ¯¬Á√˚≤ª‘Ÿø…”√°£', None, 64, None)
----------------------------- Captured log setup ------------------------------
DEBUG    ai_werewolf_core.utils.redis_client:redis_client.py:243 {'max_connections': 300, 'socket_timeout': 10, 'event': 'Redis ¡¨Ω”≥ÿ“—¥¥Ω®', 'level': 'debug', 'logger': 'ai_werewolf_core.utils.redis_client', 'timestamp': '2026-05-14T21:29:44.307469+08:00'}
ERROR    ai_werewolf_core.utils.redis_client:redis_client.py:130 {'host': '192.168.100.128', 'port': 6379, 'error': "Error while reading from 192.168.100.128:6379 : (22, '÷∏∂®µƒÕ¯¬Á√˚≤ª‘Ÿø…”√°£', None, 64, None)", 'event': 'Redis ¡¨Ω”—È÷§ ß∞‹ (PING)', 'level': 'error', 'logger': 'ai_werewolf_core.utils.redis_client', 'timestamp': '2026-05-14T21:29:49.310040+08:00', 'exception': 'Traceback (most recent call last):\n  File "F:\\py\\Lib\\asyncio\\windows_events.py", line 463, in finish_socket_func\n    return ov.getresult()\n           ~~~~~~~~~~~~^^\nOSError: [WinError 64] ÷∏∂®µƒÕ¯¬Á√˚≤ª‘Ÿø…”√°£\n\nDuring handling of the above exception, another exception occurred:\n\nTraceback (most recent call last):\n  File "F:\\py\\Lib\\site-packages\\redis\\asyncio\\connection.py", line 725, in read_response\n    response = await self._parser.read_response(\n               ^^^^^^^^^^^^^^^^^^^^^^^^^^^^^^^^^\n        disable_decoding=disable_decoding\n        ^^^^^^^^^^^^^^^^^^^^^^^^^^^^^^^^^\n    )\n    ^\n  File "F:\\py\\Lib\\site-packages\\redis\\_parsers\\resp2.py", line 82, in read_response\n    response = await self._read_response(disable_decoding=disable_decoding)\n               ^^^^^^^^^^^^^^^^^^^^^^^^^^^^^^^^^^^^^^^^^^^^^^^^^^^^^^^^^^^^\n  File "F:\\py\\Lib\\site-packages\\redis\\_parsers\\resp2.py", line 90, in _read_response\n    raw = await self._readline()\n          ^^^^^^^^^^^^^^^^^^^^^^\n  File "F:\\py\\Lib\\site-packages\\redis\\_parsers\\base.py", line 559, in _readline\n    data = await self._stream.readline()\n           ^^^^^^^^^^^^^^^^^^^^^^^^^^^^^\n  File "F:\\py\\Lib\\asyncio\\streams.py", line 562, in readline\n    line = await self.readuntil(sep)\n           ^^^^^^^^^^^^^^^^^^^^^^^^^\n  File "F:\\py\\Lib\\asyncio\\streams.py", line 677, in readuntil\n    await self._wait_for_data(\'readuntil\')\n  File "F:\\py\\Lib\\asyncio\\streams.py", line 539, in _wait_for_data\n    await self._waiter\n  File "F:\\py\\Lib\\asyncio\\proactor_events.py", line 286, in _loop_reading\n    length = fut.result()\n  File "F:\\py\\Lib\\asyncio\\windows_events.py", line 804, in _poll\n    value = callback(transferred, key, ov)\n  File "F:\\py\\Lib\\asyncio\\windows_events.py", line 467, in finish_socket_func\n    raise ConnectionResetError(*exc.args)\nConnectionResetError: [WinError 64] ÷∏∂®µƒÕ¯¬Á√˚≤ª‘Ÿø…”√°£\n\nDuring handling of the above exception, another exception occurred:\n\nTraceback (most recent call last):\n  File "F:\\YilenaCode\\Werewolf\\ai_werewolf_core\\utils\\redis_client.py", line 128, in get_client\n    await cls._client.ping()\n  File "F:\\py\\Lib\\site-packages\\redis\\asyncio\\client.py", line 764, in execute_command\n    conn = self.connection or await pool.get_connection()\n                              ^^^^^^^^^^^^^^^^^^^^^^^^^^^\n  File "F:\\py\\Lib\\site-packages\\redis\\utils.py", line 227, in async_wrapper\n    return await func(*args, **kwargs)\n           ^^^^^^^^^^^^^^^^^^^^^^^^^^^\n  File "F:\\py\\Lib\\site-packages\\redis\\asyncio\\connection.py", line 1351, in get_connection\n    await self.ensure_connection(connection)\n  File "F:\\py\\Lib\\site-packages\\redis\\asyncio\\connection.py", line 1390, in ensure_connection\n    await connection.connect()\n  File "F:\\py\\Lib\\site-packages\\redis\\asyncio\\connection.py", line 339, in connect\n    await self.retry.call_with_retry(\n    ...<7 lines>...\n    )\n  File "F:\\py\\Lib\\site-packages\\redis\\asyncio\\retry.py", line 81, in call_with_retry\n    raise error\n  File "F:\\py\\Lib\\site-packages\\redis\\asyncio\\retry.py", line 69, in call_with_retry\n    return await do()\n           ^^^^^^^^^^\n  File "F:\\py\\Lib\\site-packages\\redis\\asyncio\\connection.py", line 403, in connect_check_health\n    await self.on_connect_check_health(check_health=check_health)\n  File "F:\\py\\Lib\\site-packages\\redis\\asyncio\\connection.py", line 560, in on_connect_check_health\n    await self.read_response()\n  File "F:\\py\\Lib\\site-packages\\redis\\asyncio\\connection.py", line 747, in read_response\n    raise ConnectionError(f"Error while reading from {host_error} : {e.args}")\nredis.exceptions.ConnectionError: Error while reading from 192.168.100.128:6379 : (22, \'÷∏∂®µƒÕ¯¬Á√˚≤ª‘Ÿø…”√°£\', None, 64, None)'}
_ ERROR at setup of TestLuaPhaseTransition.test_invalid_transition_returns_error _

trans = 0, key = 0, ov = <_overlapped.Overlapped object at 0x0000027C30844870>

    @staticmethod
    def finish_socket_func(trans, key, ov):
        try:
>           return ov.getresult()
                   ^^^^^^^^^^^^^^
E           OSError: [WinError 64] ÷∏∂®µƒÕ¯¬Á√˚≤ª‘Ÿø…”√°£

F:\py\Lib\asyncio\windows_events.py:463: OSError

During handling of the above exception, another exception occurred:

self = <redis.asyncio.connection.Connection(host=192.168.100.128,port=6379,db=1)>
disable_decoding = False, timeout = None

    async def read_response(
        self,
        disable_decoding: bool = False,
        timeout: Optional[float] = None,
        *,
        disconnect_on_error: bool = True,
        push_request: Optional[bool] = False,
    ):
        """Read the response from a previously sent command"""
        read_timeout = timeout if timeout is not None else self.socket_timeout
        host_error = self._host_error()
        try:
            if read_timeout is not None and self.protocol in ["3", 3]:
                async with async_timeout(read_timeout):
                    response = await self._parser.read_response(
                        disable_decoding=disable_decoding, push_request=push_request
                    )
            elif read_timeout is not None:
                async with async_timeout(read_timeout):
>                   response = await self._parser.read_response(
                        disable_decoding=disable_decoding

F:\py\Lib\site-packages\redis\asyncio\connection.py:725: 
_ _ _ _ _ _ _ _ _ _ _ _ _ _ _ _ _ _ _ _ _ _ _ _ _ _ _ _ _ _ _ _ _ _ _ _ _ _ _ _
F:\py\Lib\site-packages\redis\_parsers\resp2.py:82: in read_response
    response = await self._read_response(disable_decoding=disable_decoding)
               ^^^^^^^^^^^^^^^^^^^^^^^^^^^^^^^^^^^^^^^^^^^^^^^^^^^^^^^^^^^^
F:\py\Lib\site-packages\redis\_parsers\resp2.py:90: in _read_response
    raw = await self._readline()
          ^^^^^^^^^^^^^^^^^^^^^^
F:\py\Lib\site-packages\redis\_parsers\base.py:559: in _readline
    data = await self._stream.readline()
           ^^^^^^^^^^^^^^^^^^^^^^^^^^^^^
F:\py\Lib\asyncio\streams.py:562: in readline
    line = await self.readuntil(sep)
           ^^^^^^^^^^^^^^^^^^^^^^^^^
F:\py\Lib\asyncio\streams.py:677: in readuntil
    await self._wait_for_data('readuntil')
F:\py\Lib\asyncio\streams.py:539: in _wait_for_data
    await self._waiter
F:\py\Lib\asyncio\proactor_events.py:286: in _loop_reading
    length = fut.result()
             ^^^^^^^^^^^^
F:\py\Lib\asyncio\windows_events.py:804: in _poll
    value = callback(transferred, key, ov)
            ^^^^^^^^^^^^^^^^^^^^^^^^^^^^^^
_ _ _ _ _ _ _ _ _ _ _ _ _ _ _ _ _ _ _ _ _ _ _ _ _ _ _ _ _ _ _ _ _ _ _ _ _ _ _ _

trans = 0, key = 0, ov = <_overlapped.Overlapped object at 0x0000027C30844870>

    @staticmethod
    def finish_socket_func(trans, key, ov):
        try:
            return ov.getresult()
        except OSError as exc:
            if exc.winerror in (_overlapped.ERROR_NETNAME_DELETED,
                                _overlapped.ERROR_OPERATION_ABORTED):
>               raise ConnectionResetError(*exc.args)
E               ConnectionResetError: [WinError 64] ÷∏∂®µƒÕ¯¬Á√˚≤ª‘Ÿø…”√°£

F:\py\Lib\asyncio\windows_events.py:467: ConnectionResetError

During handling of the above exception, another exception occurred:

    @pytest.fixture(autouse=True)
    async def _setup_lua_scripts():
        """‘⁄√ø∏ˆ≤‚ ‘«∞»∑±£ Lua Ω≈±æ“—º”‘ÿµΩ Redis°£
    
        ’‚ «“ª∏ˆ autouse fixture£¨ª·‘⁄√ø∏ˆ≤‚ ‘∫Ø ˝÷Æ«∞◊‘∂Ø‘À––°£
         π”√ RedisClientManager ÷ÿ÷√»∑±£∏…æªµƒ≤‚ ‘ª∑æ≥°£
        """
        # »∑±£ Redis øÕªß∂À“—≥ı ºªØ
>       await RedisClientManager.get_client()

tests\test_redis_lua.py:43: 
_ _ _ _ _ _ _ _ _ _ _ _ _ _ _ _ _ _ _ _ _ _ _ _ _ _ _ _ _ _ _ _ _ _ _ _ _ _ _ _
ai_werewolf_core\utils\redis_client.py:128: in get_client
    await cls._client.ping()
F:\py\Lib\site-packages\redis\asyncio\client.py:764: in execute_command
    conn = self.connection or await pool.get_connection()
                              ^^^^^^^^^^^^^^^^^^^^^^^^^^^
F:\py\Lib\site-packages\redis\utils.py:227: in async_wrapper
    return await func(*args, **kwargs)
           ^^^^^^^^^^^^^^^^^^^^^^^^^^^
F:\py\Lib\site-packages\redis\asyncio\connection.py:1351: in get_connection
    await self.ensure_connection(connection)
F:\py\Lib\site-packages\redis\asyncio\connection.py:1390: in ensure_connection
    await connection.connect()
F:\py\Lib\site-packages\redis\asyncio\connection.py:339: in connect
    await self.retry.call_with_retry(
F:\py\Lib\site-packages\redis\asyncio\retry.py:81: in call_with_retry
    raise error
F:\py\Lib\site-packages\redis\asyncio\retry.py:69: in call_with_retry
    return await do()
           ^^^^^^^^^^
F:\py\Lib\site-packages\redis\asyncio\connection.py:403: in connect_check_health
    await self.on_connect_check_health(check_health=check_health)
F:\py\Lib\site-packages\redis\asyncio\connection.py:560: in on_connect_check_health
    await self.read_response()
_ _ _ _ _ _ _ _ _ _ _ _ _ _ _ _ _ _ _ _ _ _ _ _ _ _ _ _ _ _ _ _ _ _ _ _ _ _ _ _

self = <redis.asyncio.connection.Connection(host=192.168.100.128,port=6379,db=1)>
disable_decoding = False, timeout = None

    async def read_response(
        self,
        disable_decoding: bool = False,
        timeout: Optional[float] = None,
        *,
        disconnect_on_error: bool = True,
        push_request: Optional[bool] = False,
    ):
        """Read the response from a previously sent command"""
        read_timeout = timeout if timeout is not None else self.socket_timeout
        host_error = self._host_error()
        try:
            if read_timeout is not None and self.protocol in ["3", 3]:
                async with async_timeout(read_timeout):
                    response = await self._parser.read_response(
                        disable_decoding=disable_decoding, push_request=push_request
                    )
            elif read_timeout is not None:
                async with async_timeout(read_timeout):
                    response = await self._parser.read_response(
                        disable_decoding=disable_decoding
                    )
            elif self.protocol in ["3", 3]:
                response = await self._parser.read_response(
                    disable_decoding=disable_decoding, push_request=push_request
                )
            else:
                response = await self._parser.read_response(
                    disable_decoding=disable_decoding
                )
        except asyncio.TimeoutError:
            if timeout is not None:
                # user requested timeout, return None. Operation can be retried
                return None
            # it was a self.socket_timeout error.
            if disconnect_on_error:
                await self.disconnect(nowait=True)
            raise TimeoutError(f"Timeout reading from {host_error}")
        except OSError as e:
            if disconnect_on_error:
                await self.disconnect(nowait=True)
>           raise ConnectionError(f"Error while reading from {host_error} : {e.args}")
E           redis.exceptions.ConnectionError: Error while reading from 192.168.100.128:6379 : (22, '÷∏∂®µƒÕ¯¬Á√˚≤ª‘Ÿø…”√°£', None, 64, None)

F:\py\Lib\site-packages\redis\asyncio\connection.py:747: ConnectionError
---------------------------- Captured stderr setup ----------------------------
[2m2026-05-14T21:29:49.485251+08:00[0m [[32m[1mdebug    [0m] [1mRedis ¡¨Ω”≥ÿ“—¥¥Ω®                  [0m [[0m[1m[34mai_werewolf_core.utils.redis_client[0m][0m [36mmax_connections[0m=[35m300[0m [36msocket_timeout[0m=[35m10[0m
[2m2026-05-14T21:29:54.488875+08:00[0m [[31m[1merror    [0m] [1mRedis ¡¨Ω”—È÷§ ß∞‹ (PING)           [0m [[0m[1m[34mai_werewolf_core.utils.redis_client[0m][0m [36merror[0m=[35m"Error while reading from 192.168.100.128:6379 : (22, '÷∏∂®µƒÕ¯¬Á√˚≤ª‘Ÿø…”√°£', None, 64, None)"[0m [36mhost[0m=[35m192.168.100.128[0m [36mport[0m=[35m6379[0m
Traceback (most recent call last):
  File "F:\py\Lib\asyncio\windows_events.py", line 463, in finish_socket_func
    return ov.getresult()
           ~~~~~~~~~~~~^^
OSError: [WinError 64] ÷∏∂®µƒÕ¯¬Á√˚≤ª‘Ÿø…”√°£

During handling of the above exception, another exception occurred:

Traceback (most recent call last):
  File "F:\py\Lib\site-packages\redis\asyncio\connection.py", line 725, in read_response
    response = await self._parser.read_response(
               ^^^^^^^^^^^^^^^^^^^^^^^^^^^^^^^^^
        disable_decoding=disable_decoding
        ^^^^^^^^^^^^^^^^^^^^^^^^^^^^^^^^^
    )
    ^
  File "F:\py\Lib\site-packages\redis\_parsers\resp2.py", line 82, in read_response
    response = await self._read_response(disable_decoding=disable_decoding)
               ^^^^^^^^^^^^^^^^^^^^^^^^^^^^^^^^^^^^^^^^^^^^^^^^^^^^^^^^^^^^
  File "F:\py\Lib\site-packages\redis\_parsers\resp2.py", line 90, in _read_response
    raw = await self._readline()
          ^^^^^^^^^^^^^^^^^^^^^^
  File "F:\py\Lib\site-packages\redis\_parsers\base.py", line 559, in _readline
    data = await self._stream.readline()
           ^^^^^^^^^^^^^^^^^^^^^^^^^^^^^
  File "F:\py\Lib\asyncio\streams.py", line 562, in readline
    line = await self.readuntil(sep)
           ^^^^^^^^^^^^^^^^^^^^^^^^^
  File "F:\py\Lib\asyncio\streams.py", line 677, in readuntil
    await self._wait_for_data('readuntil')
  File "F:\py\Lib\asyncio\streams.py", line 539, in _wait_for_data
    await self._waiter
  File "F:\py\Lib\asyncio\proactor_events.py", line 286, in _loop_reading
    length = fut.result()
  File "F:\py\Lib\asyncio\windows_events.py", line 804, in _poll
    value = callback(transferred, key, ov)
  File "F:\py\Lib\asyncio\windows_events.py", line 467, in finish_socket_func
    raise ConnectionResetError(*exc.args)
ConnectionResetError: [WinError 64] ÷∏∂®µƒÕ¯¬Á√˚≤ª‘Ÿø…”√°£

During handling of the above exception, another exception occurred:

Traceback (most recent call last):
  File "F:\YilenaCode\Werewolf\ai_werewolf_core\utils\redis_client.py", line 128, in get_client
    await cls._client.ping()
  File "F:\py\Lib\site-packages\redis\asyncio\client.py", line 764, in execute_command
    conn = self.connection or await pool.get_connection()
                              ^^^^^^^^^^^^^^^^^^^^^^^^^^^
  File "F:\py\Lib\site-packages\redis\utils.py", line 227, in async_wrapper
    return await func(*args, **kwargs)
           ^^^^^^^^^^^^^^^^^^^^^^^^^^^
  File "F:\py\Lib\site-packages\redis\asyncio\connection.py", line 1351, in get_connection
    await self.ensure_connection(connection)
  File "F:\py\Lib\site-packages\redis\asyncio\connection.py", line 1390, in ensure_connection
    await connection.connect()
  File "F:\py\Lib\site-packages\redis\asyncio\connection.py", line 339, in connect
    await self.retry.call_with_retry(
    ...<7 lines>...
    )
  File "F:\py\Lib\site-packages\redis\asyncio\retry.py", line 81, in call_with_retry
    raise error
  File "F:\py\Lib\site-packages\redis\asyncio\retry.py", line 69, in call_with_retry
    return await do()
           ^^^^^^^^^^
  File "F:\py\Lib\site-packages\redis\asyncio\connection.py", line 403, in connect_check_health
    await self.on_connect_check_health(check_health=check_health)
  File "F:\py\Lib\site-packages\redis\asyncio\connection.py", line 560, in on_connect_check_health
    await self.read_response()
  File "F:\py\Lib\site-packages\redis\asyncio\connection.py", line 747, in read_response
    raise ConnectionError(f"Error while reading from {host_error} : {e.args}")
redis.exceptions.ConnectionError: Error while reading from 192.168.100.128:6379 : (22, '÷∏∂®µƒÕ¯¬Á√˚≤ª‘Ÿø…”√°£', None, 64, None)
----------------------------- Captured log setup ------------------------------
DEBUG    ai_werewolf_core.utils.redis_client:redis_client.py:243 {'max_connections': 300, 'socket_timeout': 10, 'event': 'Redis ¡¨Ω”≥ÿ“—¥¥Ω®', 'level': 'debug', 'logger': 'ai_werewolf_core.utils.redis_client', 'timestamp': '2026-05-14T21:29:49.485251+08:00'}
ERROR    ai_werewolf_core.utils.redis_client:redis_client.py:130 {'host': '192.168.100.128', 'port': 6379, 'error': "Error while reading from 192.168.100.128:6379 : (22, '÷∏∂®µƒÕ¯¬Á√˚≤ª‘Ÿø…”√°£', None, 64, None)", 'event': 'Redis ¡¨Ω”—È÷§ ß∞‹ (PING)', 'level': 'error', 'logger': 'ai_werewolf_core.utils.redis_client', 'timestamp': '2026-05-14T21:29:54.488875+08:00', 'exception': 'Traceback (most recent call last):\n  File "F:\\py\\Lib\\asyncio\\windows_events.py", line 463, in finish_socket_func\n    return ov.getresult()\n           ~~~~~~~~~~~~^^\nOSError: [WinError 64] ÷∏∂®µƒÕ¯¬Á√˚≤ª‘Ÿø…”√°£\n\nDuring handling of the above exception, another exception occurred:\n\nTraceback (most recent call last):\n  File "F:\\py\\Lib\\site-packages\\redis\\asyncio\\connection.py", line 725, in read_response\n    response = await self._parser.read_response(\n               ^^^^^^^^^^^^^^^^^^^^^^^^^^^^^^^^^\n        disable_decoding=disable_decoding\n        ^^^^^^^^^^^^^^^^^^^^^^^^^^^^^^^^^\n    )\n    ^\n  File "F:\\py\\Lib\\site-packages\\redis\\_parsers\\resp2.py", line 82, in read_response\n    response = await self._read_response(disable_decoding=disable_decoding)\n               ^^^^^^^^^^^^^^^^^^^^^^^^^^^^^^^^^^^^^^^^^^^^^^^^^^^^^^^^^^^^\n  File "F:\\py\\Lib\\site-packages\\redis\\_parsers\\resp2.py", line 90, in _read_response\n    raw = await self._readline()\n          ^^^^^^^^^^^^^^^^^^^^^^\n  File "F:\\py\\Lib\\site-packages\\redis\\_parsers\\base.py", line 559, in _readline\n    data = await self._stream.readline()\n           ^^^^^^^^^^^^^^^^^^^^^^^^^^^^^\n  File "F:\\py\\Lib\\asyncio\\streams.py", line 562, in readline\n    line = await self.readuntil(sep)\n           ^^^^^^^^^^^^^^^^^^^^^^^^^\n  File "F:\\py\\Lib\\asyncio\\streams.py", line 677, in readuntil\n    await self._wait_for_data(\'readuntil\')\n  File "F:\\py\\Lib\\asyncio\\streams.py", line 539, in _wait_for_data\n    await self._waiter\n  File "F:\\py\\Lib\\asyncio\\proactor_events.py", line 286, in _loop_reading\n    length = fut.result()\n  File "F:\\py\\Lib\\asyncio\\windows_events.py", line 804, in _poll\n    value = callback(transferred, key, ov)\n  File "F:\\py\\Lib\\asyncio\\windows_events.py", line 467, in finish_socket_func\n    raise ConnectionResetError(*exc.args)\nConnectionResetError: [WinError 64] ÷∏∂®µƒÕ¯¬Á√˚≤ª‘Ÿø…”√°£\n\nDuring handling of the above exception, another exception occurred:\n\nTraceback (most recent call last):\n  File "F:\\YilenaCode\\Werewolf\\ai_werewolf_core\\utils\\redis_client.py", line 128, in get_client\n    await cls._client.ping()\n  File "F:\\py\\Lib\\site-packages\\redis\\asyncio\\client.py", line 764, in execute_command\n    conn = self.connection or await pool.get_connection()\n                              ^^^^^^^^^^^^^^^^^^^^^^^^^^^\n  File "F:\\py\\Lib\\site-packages\\redis\\utils.py", line 227, in async_wrapper\n    return await func(*args, **kwargs)\n           ^^^^^^^^^^^^^^^^^^^^^^^^^^^\n  File "F:\\py\\Lib\\site-packages\\redis\\asyncio\\connection.py", line 1351, in get_connection\n    await self.ensure_connection(connection)\n  File "F:\\py\\Lib\\site-packages\\redis\\asyncio\\connection.py", line 1390, in ensure_connection\n    await connection.connect()\n  File "F:\\py\\Lib\\site-packages\\redis\\asyncio\\connection.py", line 339, in connect\n    await self.retry.call_with_retry(\n    ...<7 lines>...\n    )\n  File "F:\\py\\Lib\\site-packages\\redis\\asyncio\\retry.py", line 81, in call_with_retry\n    raise error\n  File "F:\\py\\Lib\\site-packages\\redis\\asyncio\\retry.py", line 69, in call_with_retry\n    return await do()\n           ^^^^^^^^^^\n  File "F:\\py\\Lib\\site-packages\\redis\\asyncio\\connection.py", line 403, in connect_check_health\n    await self.on_connect_check_health(check_health=check_health)\n  File "F:\\py\\Lib\\site-packages\\redis\\asyncio\\connection.py", line 560, in on_connect_check_health\n    await self.read_response()\n  File "F:\\py\\Lib\\site-packages\\redis\\asyncio\\connection.py", line 747, in read_response\n    raise ConnectionError(f"Error while reading from {host_error} : {e.args}")\nredis.exceptions.ConnectionError: Error while reading from 192.168.100.128:6379 : (22, \'÷∏∂®µƒÕ¯¬Á√˚≤ª‘Ÿø…”√°£\', None, 64, None)'}
_ ERROR at setup of TestLuaPhaseTransition.test_phase_mismatch_detects_concurrent_change _

trans = 0, key = 0, ov = <_overlapped.Overlapped object at 0x0000027C308440F0>

    @staticmethod
    def finish_socket_func(trans, key, ov):
        try:
>           return ov.getresult()
                   ^^^^^^^^^^^^^^
E           OSError: [WinError 64] ÷∏∂®µƒÕ¯¬Á√˚≤ª‘Ÿø…”√°£

F:\py\Lib\asyncio\windows_events.py:463: OSError

During handling of the above exception, another exception occurred:

self = <redis.asyncio.connection.Connection(host=192.168.100.128,port=6379,db=1)>
disable_decoding = False, timeout = None

    async def read_response(
        self,
        disable_decoding: bool = False,
        timeout: Optional[float] = None,
        *,
        disconnect_on_error: bool = True,
        push_request: Optional[bool] = False,
    ):
        """Read the response from a previously sent command"""
        read_timeout = timeout if timeout is not None else self.socket_timeout
        host_error = self._host_error()
        try:
            if read_timeout is not None and self.protocol in ["3", 3]:
                async with async_timeout(read_timeout):
                    response = await self._parser.read_response(
                        disable_decoding=disable_decoding, push_request=push_request
                    )
            elif read_timeout is not None:
                async with async_timeout(read_timeout):
>                   response = await self._parser.read_response(
                        disable_decoding=disable_decoding

F:\py\Lib\site-packages\redis\asyncio\connection.py:725: 
_ _ _ _ _ _ _ _ _ _ _ _ _ _ _ _ _ _ _ _ _ _ _ _ _ _ _ _ _ _ _ _ _ _ _ _ _ _ _ _
F:\py\Lib\site-packages\redis\_parsers\resp2.py:82: in read_response
    response = await self._read_response(disable_decoding=disable_decoding)
               ^^^^^^^^^^^^^^^^^^^^^^^^^^^^^^^^^^^^^^^^^^^^^^^^^^^^^^^^^^^^
F:\py\Lib\site-packages\redis\_parsers\resp2.py:90: in _read_response
    raw = await self._readline()
          ^^^^^^^^^^^^^^^^^^^^^^
F:\py\Lib\site-packages\redis\_parsers\base.py:559: in _readline
    data = await self._stream.readline()
           ^^^^^^^^^^^^^^^^^^^^^^^^^^^^^
F:\py\Lib\asyncio\streams.py:562: in readline
    line = await self.readuntil(sep)
           ^^^^^^^^^^^^^^^^^^^^^^^^^
F:\py\Lib\asyncio\streams.py:677: in readuntil
    await self._wait_for_data('readuntil')
F:\py\Lib\asyncio\streams.py:539: in _wait_for_data
    await self._waiter
F:\py\Lib\asyncio\proactor_events.py:286: in _loop_reading
    length = fut.result()
             ^^^^^^^^^^^^
F:\py\Lib\asyncio\windows_events.py:804: in _poll
    value = callback(transferred, key, ov)
            ^^^^^^^^^^^^^^^^^^^^^^^^^^^^^^
_ _ _ _ _ _ _ _ _ _ _ _ _ _ _ _ _ _ _ _ _ _ _ _ _ _ _ _ _ _ _ _ _ _ _ _ _ _ _ _

trans = 0, key = 0, ov = <_overlapped.Overlapped object at 0x0000027C308440F0>

    @staticmethod
    def finish_socket_func(trans, key, ov):
        try:
            return ov.getresult()
        except OSError as exc:
            if exc.winerror in (_overlapped.ERROR_NETNAME_DELETED,
                                _overlapped.ERROR_OPERATION_ABORTED):
>               raise ConnectionResetError(*exc.args)
E               ConnectionResetError: [WinError 64] ÷∏∂®µƒÕ¯¬Á√˚≤ª‘Ÿø…”√°£

F:\py\Lib\asyncio\windows_events.py:467: ConnectionResetError

During handling of the above exception, another exception occurred:

    @pytest.fixture(autouse=True)
    async def _setup_lua_scripts():
        """‘⁄√ø∏ˆ≤‚ ‘«∞»∑±£ Lua Ω≈±æ“—º”‘ÿµΩ Redis°£
    
        ’‚ «“ª∏ˆ autouse fixture£¨ª·‘⁄√ø∏ˆ≤‚ ‘∫Ø ˝÷Æ«∞◊‘∂Ø‘À––°£
         π”√ RedisClientManager ÷ÿ÷√»∑±£∏…æªµƒ≤‚ ‘ª∑æ≥°£
        """
        # »∑±£ Redis øÕªß∂À“—≥ı ºªØ
>       await RedisClientManager.get_client()

tests\test_redis_lua.py:43: 
_ _ _ _ _ _ _ _ _ _ _ _ _ _ _ _ _ _ _ _ _ _ _ _ _ _ _ _ _ _ _ _ _ _ _ _ _ _ _ _
ai_werewolf_core\utils\redis_client.py:128: in get_client
    await cls._client.ping()
F:\py\Lib\site-packages\redis\asyncio\client.py:764: in execute_command
    conn = self.connection or await pool.get_connection()
                              ^^^^^^^^^^^^^^^^^^^^^^^^^^^
F:\py\Lib\site-packages\redis\utils.py:227: in async_wrapper
    return await func(*args, **kwargs)
           ^^^^^^^^^^^^^^^^^^^^^^^^^^^
F:\py\Lib\site-packages\redis\asyncio\connection.py:1351: in get_connection
    await self.ensure_connection(connection)
F:\py\Lib\site-packages\redis\asyncio\connection.py:1390: in ensure_connection
    await connection.connect()
F:\py\Lib\site-packages\redis\asyncio\connection.py:339: in connect
    await self.retry.call_with_retry(
F:\py\Lib\site-packages\redis\asyncio\retry.py:81: in call_with_retry
    raise error
F:\py\Lib\site-packages\redis\asyncio\retry.py:69: in call_with_retry
    return await do()
           ^^^^^^^^^^
F:\py\Lib\site-packages\redis\asyncio\connection.py:403: in connect_check_health
    await self.on_connect_check_health(check_health=check_health)
F:\py\Lib\site-packages\redis\asyncio\connection.py:560: in on_connect_check_health
    await self.read_response()
_ _ _ _ _ _ _ _ _ _ _ _ _ _ _ _ _ _ _ _ _ _ _ _ _ _ _ _ _ _ _ _ _ _ _ _ _ _ _ _

self = <redis.asyncio.connection.Connection(host=192.168.100.128,port=6379,db=1)>
disable_decoding = False, timeout = None

    async def read_response(
        self,
        disable_decoding: bool = False,
        timeout: Optional[float] = None,
        *,
        disconnect_on_error: bool = True,
        push_request: Optional[bool] = False,
    ):
        """Read the response from a previously sent command"""
        read_timeout = timeout if timeout is not None else self.socket_timeout
        host_error = self._host_error()
        try:
            if read_timeout is not None and self.protocol in ["3", 3]:
                async with async_timeout(read_timeout):
                    response = await self._parser.read_response(
                        disable_decoding=disable_decoding, push_request=push_request
                    )
            elif read_timeout is not None:
                async with async_timeout(read_timeout):
                    response = await self._parser.read_response(
                        disable_decoding=disable_decoding
                    )
            elif self.protocol in ["3", 3]:
                response = await self._parser.read_response(
                    disable_decoding=disable_decoding, push_request=push_request
                )
            else:
                response = await self._parser.read_response(
                    disable_decoding=disable_decoding
                )
        except asyncio.TimeoutError:
            if timeout is not None:
                # user requested timeout, return None. Operation can be retried
                return None
            # it was a self.socket_timeout error.
            if disconnect_on_error:
                await self.disconnect(nowait=True)
            raise TimeoutError(f"Timeout reading from {host_error}")
        except OSError as e:
            if disconnect_on_error:
                await self.disconnect(nowait=True)
>           raise ConnectionError(f"Error while reading from {host_error} : {e.args}")
E           redis.exceptions.ConnectionError: Error while reading from 192.168.100.128:6379 : (22, '÷∏∂®µƒÕ¯¬Á√˚≤ª‘Ÿø…”√°£', None, 64, None)

F:\py\Lib\site-packages\redis\asyncio\connection.py:747: ConnectionError
---------------------------- Captured stderr setup ----------------------------
[2m2026-05-14T21:29:54.656129+08:00[0m [[32m[1mdebug    [0m] [1mRedis ¡¨Ω”≥ÿ“—¥¥Ω®                  [0m [[0m[1m[34mai_werewolf_core.utils.redis_client[0m][0m [36mmax_connections[0m=[35m300[0m [36msocket_timeout[0m=[35m10[0m
[2m2026-05-14T21:29:59.659582+08:00[0m [[31m[1merror    [0m] [1mRedis ¡¨Ω”—È÷§ ß∞‹ (PING)           [0m [[0m[1m[34mai_werewolf_core.utils.redis_client[0m][0m [36merror[0m=[35m"Error while reading from 192.168.100.128:6379 : (22, '÷∏∂®µƒÕ¯¬Á√˚≤ª‘Ÿø…”√°£', None, 64, None)"[0m [36mhost[0m=[35m192.168.100.128[0m [36mport[0m=[35m6379[0m
Traceback (most recent call last):
  File "F:\py\Lib\asyncio\windows_events.py", line 463, in finish_socket_func
    return ov.getresult()
           ~~~~~~~~~~~~^^
OSError: [WinError 64] ÷∏∂®µƒÕ¯¬Á√˚≤ª‘Ÿø…”√°£

During handling of the above exception, another exception occurred:

Traceback (most recent call last):
  File "F:\py\Lib\site-packages\redis\asyncio\connection.py", line 725, in read_response
    response = await self._parser.read_response(
               ^^^^^^^^^^^^^^^^^^^^^^^^^^^^^^^^^
        disable_decoding=disable_decoding
        ^^^^^^^^^^^^^^^^^^^^^^^^^^^^^^^^^
    )
    ^
  File "F:\py\Lib\site-packages\redis\_parsers\resp2.py", line 82, in read_response
    response = await self._read_response(disable_decoding=disable_decoding)
               ^^^^^^^^^^^^^^^^^^^^^^^^^^^^^^^^^^^^^^^^^^^^^^^^^^^^^^^^^^^^
  File "F:\py\Lib\site-packages\redis\_parsers\resp2.py", line 90, in _read_response
    raw = await self._readline()
          ^^^^^^^^^^^^^^^^^^^^^^
  File "F:\py\Lib\site-packages\redis\_parsers\base.py", line 559, in _readline
    data = await self._stream.readline()
           ^^^^^^^^^^^^^^^^^^^^^^^^^^^^^
  File "F:\py\Lib\asyncio\streams.py", line 562, in readline
    line = await self.readuntil(sep)
           ^^^^^^^^^^^^^^^^^^^^^^^^^
  File "F:\py\Lib\asyncio\streams.py", line 677, in readuntil
    await self._wait_for_data('readuntil')
  File "F:\py\Lib\asyncio\streams.py", line 539, in _wait_for_data
    await self._waiter
  File "F:\py\Lib\asyncio\proactor_events.py", line 286, in _loop_reading
    length = fut.result()
  File "F:\py\Lib\asyncio\windows_events.py", line 804, in _poll
    value = callback(transferred, key, ov)
  File "F:\py\Lib\asyncio\windows_events.py", line 467, in finish_socket_func
    raise ConnectionResetError(*exc.args)
ConnectionResetError: [WinError 64] ÷∏∂®µƒÕ¯¬Á√˚≤ª‘Ÿø…”√°£

During handling of the above exception, another exception occurred:

Traceback (most recent call last):
  File "F:\YilenaCode\Werewolf\ai_werewolf_core\utils\redis_client.py", line 128, in get_client
    await cls._client.ping()
  File "F:\py\Lib\site-packages\redis\asyncio\client.py", line 764, in execute_command
    conn = self.connection or await pool.get_connection()
                              ^^^^^^^^^^^^^^^^^^^^^^^^^^^
  File "F:\py\Lib\site-packages\redis\utils.py", line 227, in async_wrapper
    return await func(*args, **kwargs)
           ^^^^^^^^^^^^^^^^^^^^^^^^^^^
  File "F:\py\Lib\site-packages\redis\asyncio\connection.py", line 1351, in get_connection
    await self.ensure_connection(connection)
  File "F:\py\Lib\site-packages\redis\asyncio\connection.py", line 1390, in ensure_connection
    await connection.connect()
  File "F:\py\Lib\site-packages\redis\asyncio\connection.py", line 339, in connect
    await self.retry.call_with_retry(
    ...<7 lines>...
    )
  File "F:\py\Lib\site-packages\redis\asyncio\retry.py", line 81, in call_with_retry
    raise error
  File "F:\py\Lib\site-packages\redis\asyncio\retry.py", line 69, in call_with_retry
    return await do()
           ^^^^^^^^^^
  File "F:\py\Lib\site-packages\redis\asyncio\connection.py", line 403, in connect_check_health
    await self.on_connect_check_health(check_health=check_health)
  File "F:\py\Lib\site-packages\redis\asyncio\connection.py", line 560, in on_connect_check_health
    await self.read_response()
  File "F:\py\Lib\site-packages\redis\asyncio\connection.py", line 747, in read_response
    raise ConnectionError(f"Error while reading from {host_error} : {e.args}")
redis.exceptions.ConnectionError: Error while reading from 192.168.100.128:6379 : (22, '÷∏∂®µƒÕ¯¬Á√˚≤ª‘Ÿø…”√°£', None, 64, None)
----------------------------- Captured log setup ------------------------------
DEBUG    ai_werewolf_core.utils.redis_client:redis_client.py:243 {'max_connections': 300, 'socket_timeout': 10, 'event': 'Redis ¡¨Ω”≥ÿ“—¥¥Ω®', 'level': 'debug', 'logger': 'ai_werewolf_core.utils.redis_client', 'timestamp': '2026-05-14T21:29:54.656129+08:00'}
ERROR    ai_werewolf_core.utils.redis_client:redis_client.py:130 {'host': '192.168.100.128', 'port': 6379, 'error': "Error while reading from 192.168.100.128:6379 : (22, '÷∏∂®µƒÕ¯¬Á√˚≤ª‘Ÿø…”√°£', None, 64, None)", 'event': 'Redis ¡¨Ω”—È÷§ ß∞‹ (PING)', 'level': 'error', 'logger': 'ai_werewolf_core.utils.redis_client', 'timestamp': '2026-05-14T21:29:59.659582+08:00', 'exception': 'Traceback (most recent call last):\n  File "F:\\py\\Lib\\asyncio\\windows_events.py", line 463, in finish_socket_func\n    return ov.getresult()\n           ~~~~~~~~~~~~^^\nOSError: [WinError 64] ÷∏∂®µƒÕ¯¬Á√˚≤ª‘Ÿø…”√°£\n\nDuring handling of the above exception, another exception occurred:\n\nTraceback (most recent call last):\n  File "F:\\py\\Lib\\site-packages\\redis\\asyncio\\connection.py", line 725, in read_response\n    response = await self._parser.read_response(\n               ^^^^^^^^^^^^^^^^^^^^^^^^^^^^^^^^^\n        disable_decoding=disable_decoding\n        ^^^^^^^^^^^^^^^^^^^^^^^^^^^^^^^^^\n    )\n    ^\n  File "F:\\py\\Lib\\site-packages\\redis\\_parsers\\resp2.py", line 82, in read_response\n    response = await self._read_response(disable_decoding=disable_decoding)\n               ^^^^^^^^^^^^^^^^^^^^^^^^^^^^^^^^^^^^^^^^^^^^^^^^^^^^^^^^^^^^\n  File "F:\\py\\Lib\\site-packages\\redis\\_parsers\\resp2.py", line 90, in _read_response\n    raw = await self._readline()\n          ^^^^^^^^^^^^^^^^^^^^^^\n  File "F:\\py\\Lib\\site-packages\\redis\\_parsers\\base.py", line 559, in _readline\n    data = await self._stream.readline()\n           ^^^^^^^^^^^^^^^^^^^^^^^^^^^^^\n  File "F:\\py\\Lib\\asyncio\\streams.py", line 562, in readline\n    line = await self.readuntil(sep)\n           ^^^^^^^^^^^^^^^^^^^^^^^^^\n  File "F:\\py\\Lib\\asyncio\\streams.py", line 677, in readuntil\n    await self._wait_for_data(\'readuntil\')\n  File "F:\\py\\Lib\\asyncio\\streams.py", line 539, in _wait_for_data\n    await self._waiter\n  File "F:\\py\\Lib\\asyncio\\proactor_events.py", line 286, in _loop_reading\n    length = fut.result()\n  File "F:\\py\\Lib\\asyncio\\windows_events.py", line 804, in _poll\n    value = callback(transferred, key, ov)\n  File "F:\\py\\Lib\\asyncio\\windows_events.py", line 467, in finish_socket_func\n    raise ConnectionResetError(*exc.args)\nConnectionResetError: [WinError 64] ÷∏∂®µƒÕ¯¬Á√˚≤ª‘Ÿø…”√°£\n\nDuring handling of the above exception, another exception occurred:\n\nTraceback (most recent call last):\n  File "F:\\YilenaCode\\Werewolf\\ai_werewolf_core\\utils\\redis_client.py", line 128, in get_client\n    await cls._client.ping()\n  File "F:\\py\\Lib\\site-packages\\redis\\asyncio\\client.py", line 764, in execute_command\n    conn = self.connection or await pool.get_connection()\n                              ^^^^^^^^^^^^^^^^^^^^^^^^^^^\n  File "F:\\py\\Lib\\site-packages\\redis\\utils.py", line 227, in async_wrapper\n    return await func(*args, **kwargs)\n           ^^^^^^^^^^^^^^^^^^^^^^^^^^^\n  File "F:\\py\\Lib\\site-packages\\redis\\asyncio\\connection.py", line 1351, in get_connection\n    await self.ensure_connection(connection)\n  File "F:\\py\\Lib\\site-packages\\redis\\asyncio\\connection.py", line 1390, in ensure_connection\n    await connection.connect()\n  File "F:\\py\\Lib\\site-packages\\redis\\asyncio\\connection.py", line 339, in connect\n    await self.retry.call_with_retry(\n    ...<7 lines>...\n    )\n  File "F:\\py\\Lib\\site-packages\\redis\\asyncio\\retry.py", line 81, in call_with_retry\n    raise error\n  File "F:\\py\\Lib\\site-packages\\redis\\asyncio\\retry.py", line 69, in call_with_retry\n    return await do()\n           ^^^^^^^^^^\n  File "F:\\py\\Lib\\site-packages\\redis\\asyncio\\connection.py", line 403, in connect_check_health\n    await self.on_connect_check_health(check_health=check_health)\n  File "F:\\py\\Lib\\site-packages\\redis\\asyncio\\connection.py", line 560, in on_connect_check_health\n    await self.read_response()\n  File "F:\\py\\Lib\\site-packages\\redis\\asyncio\\connection.py", line 747, in read_response\n    raise ConnectionError(f"Error while reading from {host_error} : {e.args}")\nredis.exceptions.ConnectionError: Error while reading from 192.168.100.128:6379 : (22, \'÷∏∂®µƒÕ¯¬Á√˚≤ª‘Ÿø…”√°£\', None, 64, None)'}
___ ERROR at setup of TestLuaPhaseTransition.test_initial_none_state_works ____

trans = 0, key = 0, ov = <_overlapped.Overlapped object at 0x0000027C30844570>

    @staticmethod
    def finish_socket_func(trans, key, ov):
        try:
>           return ov.getresult()
                   ^^^^^^^^^^^^^^
E           OSError: [WinError 64] ÷∏∂®µƒÕ¯¬Á√˚≤ª‘Ÿø…”√°£

F:\py\Lib\asyncio\windows_events.py:463: OSError

During handling of the above exception, another exception occurred:

self = <redis.asyncio.connection.Connection(host=192.168.100.128,port=6379,db=1)>
disable_decoding = False, timeout = None

    async def read_response(
        self,
        disable_decoding: bool = False,
        timeout: Optional[float] = None,
        *,
        disconnect_on_error: bool = True,
        push_request: Optional[bool] = False,
    ):
        """Read the response from a previously sent command"""
        read_timeout = timeout if timeout is not None else self.socket_timeout
        host_error = self._host_error()
        try:
            if read_timeout is not None and self.protocol in ["3", 3]:
                async with async_timeout(read_timeout):
                    response = await self._parser.read_response(
                        disable_decoding=disable_decoding, push_request=push_request
                    )
            elif read_timeout is not None:
                async with async_timeout(read_timeout):
>                   response = await self._parser.read_response(
                        disable_decoding=disable_decoding

F:\py\Lib\site-packages\redis\asyncio\connection.py:725: 
_ _ _ _ _ _ _ _ _ _ _ _ _ _ _ _ _ _ _ _ _ _ _ _ _ _ _ _ _ _ _ _ _ _ _ _ _ _ _ _
F:\py\Lib\site-packages\redis\_parsers\resp2.py:82: in read_response
    response = await self._read_response(disable_decoding=disable_decoding)
               ^^^^^^^^^^^^^^^^^^^^^^^^^^^^^^^^^^^^^^^^^^^^^^^^^^^^^^^^^^^^
F:\py\Lib\site-packages\redis\_parsers\resp2.py:90: in _read_response
    raw = await self._readline()
          ^^^^^^^^^^^^^^^^^^^^^^
F:\py\Lib\site-packages\redis\_parsers\base.py:559: in _readline
    data = await self._stream.readline()
           ^^^^^^^^^^^^^^^^^^^^^^^^^^^^^
F:\py\Lib\asyncio\streams.py:562: in readline
    line = await self.readuntil(sep)
           ^^^^^^^^^^^^^^^^^^^^^^^^^
F:\py\Lib\asyncio\streams.py:677: in readuntil
    await self._wait_for_data('readuntil')
F:\py\Lib\asyncio\streams.py:539: in _wait_for_data
    await self._waiter
F:\py\Lib\asyncio\proactor_events.py:286: in _loop_reading
    length = fut.result()
             ^^^^^^^^^^^^
F:\py\Lib\asyncio\windows_events.py:804: in _poll
    value = callback(transferred, key, ov)
            ^^^^^^^^^^^^^^^^^^^^^^^^^^^^^^
_ _ _ _ _ _ _ _ _ _ _ _ _ _ _ _ _ _ _ _ _ _ _ _ _ _ _ _ _ _ _ _ _ _ _ _ _ _ _ _

trans = 0, key = 0, ov = <_overlapped.Overlapped object at 0x0000027C30844570>

    @staticmethod
    def finish_socket_func(trans, key, ov):
        try:
            return ov.getresult()
        except OSError as exc:
            if exc.winerror in (_overlapped.ERROR_NETNAME_DELETED,
                                _overlapped.ERROR_OPERATION_ABORTED):
>               raise ConnectionResetError(*exc.args)
E               ConnectionResetError: [WinError 64] ÷∏∂®µƒÕ¯¬Á√˚≤ª‘Ÿø…”√°£

F:\py\Lib\asyncio\windows_events.py:467: ConnectionResetError

During handling of the above exception, another exception occurred:

    @pytest.fixture(autouse=True)
    async def _setup_lua_scripts():
        """‘⁄√ø∏ˆ≤‚ ‘«∞»∑±£ Lua Ω≈±æ“—º”‘ÿµΩ Redis°£
    
        ’‚ «“ª∏ˆ autouse fixture£¨ª·‘⁄√ø∏ˆ≤‚ ‘∫Ø ˝÷Æ«∞◊‘∂Ø‘À––°£
         π”√ RedisClientManager ÷ÿ÷√»∑±£∏…æªµƒ≤‚ ‘ª∑æ≥°£
        """
        # »∑±£ Redis øÕªß∂À“—≥ı ºªØ
>       await RedisClientManager.get_client()

tests\test_redis_lua.py:43: 
_ _ _ _ _ _ _ _ _ _ _ _ _ _ _ _ _ _ _ _ _ _ _ _ _ _ _ _ _ _ _ _ _ _ _ _ _ _ _ _
ai_werewolf_core\utils\redis_client.py:128: in get_client
    await cls._client.ping()
F:\py\Lib\site-packages\redis\asyncio\client.py:764: in execute_command
    conn = self.connection or await pool.get_connection()
                              ^^^^^^^^^^^^^^^^^^^^^^^^^^^
F:\py\Lib\site-packages\redis\utils.py:227: in async_wrapper
    return await func(*args, **kwargs)
           ^^^^^^^^^^^^^^^^^^^^^^^^^^^
F:\py\Lib\site-packages\redis\asyncio\connection.py:1351: in get_connection
    await self.ensure_connection(connection)
F:\py\Lib\site-packages\redis\asyncio\connection.py:1390: in ensure_connection
    await connection.connect()
F:\py\Lib\site-packages\redis\asyncio\connection.py:339: in connect
    await self.retry.call_with_retry(
F:\py\Lib\site-packages\redis\asyncio\retry.py:81: in call_with_retry
    raise error
F:\py\Lib\site-packages\redis\asyncio\retry.py:69: in call_with_retry
    return await do()
           ^^^^^^^^^^
F:\py\Lib\site-packages\redis\asyncio\connection.py:403: in connect_check_health
    await self.on_connect_check_health(check_health=check_health)
F:\py\Lib\site-packages\redis\asyncio\connection.py:560: in on_connect_check_health
    await self.read_response()
_ _ _ _ _ _ _ _ _ _ _ _ _ _ _ _ _ _ _ _ _ _ _ _ _ _ _ _ _ _ _ _ _ _ _ _ _ _ _ _

self = <redis.asyncio.connection.Connection(host=192.168.100.128,port=6379,db=1)>
disable_decoding = False, timeout = None

    async def read_response(
        self,
        disable_decoding: bool = False,
        timeout: Optional[float] = None,
        *,
        disconnect_on_error: bool = True,
        push_request: Optional[bool] = False,
    ):
        """Read the response from a previously sent command"""
        read_timeout = timeout if timeout is not None else self.socket_timeout
        host_error = self._host_error()
        try:
            if read_timeout is not None and self.protocol in ["3", 3]:
                async with async_timeout(read_timeout):
                    response = await self._parser.read_response(
                        disable_decoding=disable_decoding, push_request=push_request
                    )
            elif read_timeout is not None:
                async with async_timeout(read_timeout):
                    response = await self._parser.read_response(
                        disable_decoding=disable_decoding
                    )
            elif self.protocol in ["3", 3]:
                response = await self._parser.read_response(
                    disable_decoding=disable_decoding, push_request=push_request
                )
            else:
                response = await self._parser.read_response(
                    disable_decoding=disable_decoding
                )
        except asyncio.TimeoutError:
            if timeout is not None:
                # user requested timeout, return None. Operation can be retried
                return None
            # it was a self.socket_timeout error.
            if disconnect_on_error:
                await self.disconnect(nowait=True)
            raise TimeoutError(f"Timeout reading from {host_error}")
        except OSError as e:
            if disconnect_on_error:
                await self.disconnect(nowait=True)
>           raise ConnectionError(f"Error while reading from {host_error} : {e.args}")
E           redis.exceptions.ConnectionError: Error while reading from 192.168.100.128:6379 : (22, '÷∏∂®µƒÕ¯¬Á√˚≤ª‘Ÿø…”√°£', None, 64, None)

F:\py\Lib\site-packages\redis\asyncio\connection.py:747: ConnectionError
---------------------------- Captured stderr setup ----------------------------
[2m2026-05-14T21:29:59.844620+08:00[0m [[32m[1mdebug    [0m] [1mRedis ¡¨Ω”≥ÿ“—¥¥Ω®                  [0m [[0m[1m[34mai_werewolf_core.utils.redis_client[0m][0m [36mmax_connections[0m=[35m300[0m [36msocket_timeout[0m=[35m10[0m
[2m2026-05-14T21:30:04.848368+08:00[0m [[31m[1merror    [0m] [1mRedis ¡¨Ω”—È÷§ ß∞‹ (PING)           [0m [[0m[1m[34mai_werewolf_core.utils.redis_client[0m][0m [36merror[0m=[35m"Error while reading from 192.168.100.128:6379 : (22, '÷∏∂®µƒÕ¯¬Á√˚≤ª‘Ÿø…”√°£', None, 64, None)"[0m [36mhost[0m=[35m192.168.100.128[0m [36mport[0m=[35m6379[0m
Traceback (most recent call last):
  File "F:\py\Lib\asyncio\windows_events.py", line 463, in finish_socket_func
    return ov.getresult()
           ~~~~~~~~~~~~^^
OSError: [WinError 64] ÷∏∂®µƒÕ¯¬Á√˚≤ª‘Ÿø…”√°£

During handling of the above exception, another exception occurred:

Traceback (most recent call last):
  File "F:\py\Lib\site-packages\redis\asyncio\connection.py", line 725, in read_response
    response = await self._parser.read_response(
               ^^^^^^^^^^^^^^^^^^^^^^^^^^^^^^^^^
        disable_decoding=disable_decoding
        ^^^^^^^^^^^^^^^^^^^^^^^^^^^^^^^^^
    )
    ^
  File "F:\py\Lib\site-packages\redis\_parsers\resp2.py", line 82, in read_response
    response = await self._read_response(disable_decoding=disable_decoding)
               ^^^^^^^^^^^^^^^^^^^^^^^^^^^^^^^^^^^^^^^^^^^^^^^^^^^^^^^^^^^^
  File "F:\py\Lib\site-packages\redis\_parsers\resp2.py", line 90, in _read_response
    raw = await self._readline()
          ^^^^^^^^^^^^^^^^^^^^^^
  File "F:\py\Lib\site-packages\redis\_parsers\base.py", line 559, in _readline
    data = await self._stream.readline()
           ^^^^^^^^^^^^^^^^^^^^^^^^^^^^^
  File "F:\py\Lib\asyncio\streams.py", line 562, in readline
    line = await self.readuntil(sep)
           ^^^^^^^^^^^^^^^^^^^^^^^^^
  File "F:\py\Lib\asyncio\streams.py", line 677, in readuntil
    await self._wait_for_data('readuntil')
  File "F:\py\Lib\asyncio\streams.py", line 539, in _wait_for_data
    await self._waiter
  File "F:\py\Lib\asyncio\proactor_events.py", line 286, in _loop_reading
    length = fut.result()
  File "F:\py\Lib\asyncio\windows_events.py", line 804, in _poll
    value = callback(transferred, key, ov)
  File "F:\py\Lib\asyncio\windows_events.py", line 467, in finish_socket_func
    raise ConnectionResetError(*exc.args)
ConnectionResetError: [WinError 64] ÷∏∂®µƒÕ¯¬Á√˚≤ª‘Ÿø…”√°£

During handling of the above exception, another exception occurred:

Traceback (most recent call last):
  File "F:\YilenaCode\Werewolf\ai_werewolf_core\utils\redis_client.py", line 128, in get_client
    await cls._client.ping()
  File "F:\py\Lib\site-packages\redis\asyncio\client.py", line 764, in execute_command
    conn = self.connection or await pool.get_connection()
                              ^^^^^^^^^^^^^^^^^^^^^^^^^^^
  File "F:\py\Lib\site-packages\redis\utils.py", line 227, in async_wrapper
    return await func(*args, **kwargs)
           ^^^^^^^^^^^^^^^^^^^^^^^^^^^
  File "F:\py\Lib\site-packages\redis\asyncio\connection.py", line 1351, in get_connection
    await self.ensure_connection(connection)
  File "F:\py\Lib\site-packages\redis\asyncio\connection.py", line 1390, in ensure_connection
    await connection.connect()
  File "F:\py\Lib\site-packages\redis\asyncio\connection.py", line 339, in connect
    await self.retry.call_with_retry(
    ...<7 lines>...
    )
  File "F:\py\Lib\site-packages\redis\asyncio\retry.py", line 81, in call_with_retry
    raise error
  File "F:\py\Lib\site-packages\redis\asyncio\retry.py", line 69, in call_with_retry
    return await do()
           ^^^^^^^^^^
  File "F:\py\Lib\site-packages\redis\asyncio\connection.py", line 403, in connect_check_health
    await self.on_connect_check_health(check_health=check_health)
  File "F:\py\Lib\site-packages\redis\asyncio\connection.py", line 560, in on_connect_check_health
    await self.read_response()
  File "F:\py\Lib\site-packages\redis\asyncio\connection.py", line 747, in read_response
    raise ConnectionError(f"Error while reading from {host_error} : {e.args}")
redis.exceptions.ConnectionError: Error while reading from 192.168.100.128:6379 : (22, '÷∏∂®µƒÕ¯¬Á√˚≤ª‘Ÿø…”√°£', None, 64, None)
----------------------------- Captured log setup ------------------------------
DEBUG    ai_werewolf_core.utils.redis_client:redis_client.py:243 {'max_connections': 300, 'socket_timeout': 10, 'event': 'Redis ¡¨Ω”≥ÿ“—¥¥Ω®', 'level': 'debug', 'logger': 'ai_werewolf_core.utils.redis_client', 'timestamp': '2026-05-14T21:29:59.844620+08:00'}
ERROR    ai_werewolf_core.utils.redis_client:redis_client.py:130 {'host': '192.168.100.128', 'port': 6379, 'error': "Error while reading from 192.168.100.128:6379 : (22, '÷∏∂®µƒÕ¯¬Á√˚≤ª‘Ÿø…”√°£', None, 64, None)", 'event': 'Redis ¡¨Ω”—È÷§ ß∞‹ (PING)', 'level': 'error', 'logger': 'ai_werewolf_core.utils.redis_client', 'timestamp': '2026-05-14T21:30:04.848368+08:00', 'exception': 'Traceback (most recent call last):\n  File "F:\\py\\Lib\\asyncio\\windows_events.py", line 463, in finish_socket_func\n    return ov.getresult()\n           ~~~~~~~~~~~~^^\nOSError: [WinError 64] ÷∏∂®µƒÕ¯¬Á√˚≤ª‘Ÿø…”√°£\n\nDuring handling of the above exception, another exception occurred:\n\nTraceback (most recent call last):\n  File "F:\\py\\Lib\\site-packages\\redis\\asyncio\\connection.py", line 725, in read_response\n    response = await self._parser.read_response(\n               ^^^^^^^^^^^^^^^^^^^^^^^^^^^^^^^^^\n        disable_decoding=disable_decoding\n        ^^^^^^^^^^^^^^^^^^^^^^^^^^^^^^^^^\n    )\n    ^\n  File "F:\\py\\Lib\\site-packages\\redis\\_parsers\\resp2.py", line 82, in read_response\n    response = await self._read_response(disable_decoding=disable_decoding)\n               ^^^^^^^^^^^^^^^^^^^^^^^^^^^^^^^^^^^^^^^^^^^^^^^^^^^^^^^^^^^^\n  File "F:\\py\\Lib\\site-packages\\redis\\_parsers\\resp2.py", line 90, in _read_response\n    raw = await self._readline()\n          ^^^^^^^^^^^^^^^^^^^^^^\n  File "F:\\py\\Lib\\site-packages\\redis\\_parsers\\base.py", line 559, in _readline\n    data = await self._stream.readline()\n           ^^^^^^^^^^^^^^^^^^^^^^^^^^^^^\n  File "F:\\py\\Lib\\asyncio\\streams.py", line 562, in readline\n    line = await self.readuntil(sep)\n           ^^^^^^^^^^^^^^^^^^^^^^^^^\n  File "F:\\py\\Lib\\asyncio\\streams.py", line 677, in readuntil\n    await self._wait_for_data(\'readuntil\')\n  File "F:\\py\\Lib\\asyncio\\streams.py", line 539, in _wait_for_data\n    await self._waiter\n  File "F:\\py\\Lib\\asyncio\\proactor_events.py", line 286, in _loop_reading\n    length = fut.result()\n  File "F:\\py\\Lib\\asyncio\\windows_events.py", line 804, in _poll\n    value = callback(transferred, key, ov)\n  File "F:\\py\\Lib\\asyncio\\windows_events.py", line 467, in finish_socket_func\n    raise ConnectionResetError(*exc.args)\nConnectionResetError: [WinError 64] ÷∏∂®µƒÕ¯¬Á√˚≤ª‘Ÿø…”√°£\n\nDuring handling of the above exception, another exception occurred:\n\nTraceback (most recent call last):\n  File "F:\\YilenaCode\\Werewolf\\ai_werewolf_core\\utils\\redis_client.py", line 128, in get_client\n    await cls._client.ping()\n  File "F:\\py\\Lib\\site-packages\\redis\\asyncio\\client.py", line 764, in execute_command\n    conn = self.connection or await pool.get_connection()\n                              ^^^^^^^^^^^^^^^^^^^^^^^^^^^\n  File "F:\\py\\Lib\\site-packages\\redis\\utils.py", line 227, in async_wrapper\n    return await func(*args, **kwargs)\n           ^^^^^^^^^^^^^^^^^^^^^^^^^^^\n  File "F:\\py\\Lib\\site-packages\\redis\\asyncio\\connection.py", line 1351, in get_connection\n    await self.ensure_connection(connection)\n  File "F:\\py\\Lib\\site-packages\\redis\\asyncio\\connection.py", line 1390, in ensure_connection\n    await connection.connect()\n  File "F:\\py\\Lib\\site-packages\\redis\\asyncio\\connection.py", line 339, in connect\n    await self.retry.call_with_retry(\n    ...<7 lines>...\n    )\n  File "F:\\py\\Lib\\site-packages\\redis\\asyncio\\retry.py", line 81, in call_with_retry\n    raise error\n  File "F:\\py\\Lib\\site-packages\\redis\\asyncio\\retry.py", line 69, in call_with_retry\n    return await do()\n           ^^^^^^^^^^\n  File "F:\\py\\Lib\\site-packages\\redis\\asyncio\\connection.py", line 403, in connect_check_health\n    await self.on_connect_check_health(check_health=check_health)\n  File "F:\\py\\Lib\\site-packages\\redis\\asyncio\\connection.py", line 560, in on_connect_check_health\n    await self.read_response()\n  File "F:\\py\\Lib\\site-packages\\redis\\asyncio\\connection.py", line 747, in read_response\n    raise ConnectionError(f"Error while reading from {host_error} : {e.args}")\nredis.exceptions.ConnectionError: Error while reading from 192.168.100.128:6379 : (22, \'÷∏∂®µƒÕ¯¬Á√˚≤ª‘Ÿø…”√°£\', None, 64, None)'}
_ ERROR at setup of TestLuaPhaseTransition.test_concurrent_transitions_are_serialized _

trans = 0, key = 0, ov = <_overlapped.Overlapped object at 0x0000027C3049EAF0>

    @staticmethod
    def finish_socket_func(trans, key, ov):
        try:
>           return ov.getresult()
                   ^^^^^^^^^^^^^^
E           OSError: [WinError 64] ÷∏∂®µƒÕ¯¬Á√˚≤ª‘Ÿø…”√°£

F:\py\Lib\asyncio\windows_events.py:463: OSError

During handling of the above exception, another exception occurred:

self = <redis.asyncio.connection.Connection(host=192.168.100.128,port=6379,db=1)>
disable_decoding = False, timeout = None

    async def read_response(
        self,
        disable_decoding: bool = False,
        timeout: Optional[float] = None,
        *,
        disconnect_on_error: bool = True,
        push_request: Optional[bool] = False,
    ):
        """Read the response from a previously sent command"""
        read_timeout = timeout if timeout is not None else self.socket_timeout
        host_error = self._host_error()
        try:
            if read_timeout is not None and self.protocol in ["3", 3]:
                async with async_timeout(read_timeout):
                    response = await self._parser.read_response(
                        disable_decoding=disable_decoding, push_request=push_request
                    )
            elif read_timeout is not None:
                async with async_timeout(read_timeout):
>                   response = await self._parser.read_response(
                        disable_decoding=disable_decoding

F:\py\Lib\site-packages\redis\asyncio\connection.py:725: 
_ _ _ _ _ _ _ _ _ _ _ _ _ _ _ _ _ _ _ _ _ _ _ _ _ _ _ _ _ _ _ _ _ _ _ _ _ _ _ _
F:\py\Lib\site-packages\redis\_parsers\resp2.py:82: in read_response
    response = await self._read_response(disable_decoding=disable_decoding)
               ^^^^^^^^^^^^^^^^^^^^^^^^^^^^^^^^^^^^^^^^^^^^^^^^^^^^^^^^^^^^
F:\py\Lib\site-packages\redis\_parsers\resp2.py:90: in _read_response
    raw = await self._readline()
          ^^^^^^^^^^^^^^^^^^^^^^
F:\py\Lib\site-packages\redis\_parsers\base.py:559: in _readline
    data = await self._stream.readline()
           ^^^^^^^^^^^^^^^^^^^^^^^^^^^^^
F:\py\Lib\asyncio\streams.py:562: in readline
    line = await self.readuntil(sep)
           ^^^^^^^^^^^^^^^^^^^^^^^^^
F:\py\Lib\asyncio\streams.py:677: in readuntil
    await self._wait_for_data('readuntil')
F:\py\Lib\asyncio\streams.py:539: in _wait_for_data
    await self._waiter
F:\py\Lib\asyncio\proactor_events.py:286: in _loop_reading
    length = fut.result()
             ^^^^^^^^^^^^
F:\py\Lib\asyncio\windows_events.py:804: in _poll
    value = callback(transferred, key, ov)
            ^^^^^^^^^^^^^^^^^^^^^^^^^^^^^^
_ _ _ _ _ _ _ _ _ _ _ _ _ _ _ _ _ _ _ _ _ _ _ _ _ _ _ _ _ _ _ _ _ _ _ _ _ _ _ _

trans = 0, key = 0, ov = <_overlapped.Overlapped object at 0x0000027C3049EAF0>

    @staticmethod
    def finish_socket_func(trans, key, ov):
        try:
            return ov.getresult()
        except OSError as exc:
            if exc.winerror in (_overlapped.ERROR_NETNAME_DELETED,
                                _overlapped.ERROR_OPERATION_ABORTED):
>               raise ConnectionResetError(*exc.args)
E               ConnectionResetError: [WinError 64] ÷∏∂®µƒÕ¯¬Á√˚≤ª‘Ÿø…”√°£

F:\py\Lib\asyncio\windows_events.py:467: ConnectionResetError

During handling of the above exception, another exception occurred:

    @pytest.fixture(autouse=True)
    async def _setup_lua_scripts():
        """‘⁄√ø∏ˆ≤‚ ‘«∞»∑±£ Lua Ω≈±æ“—º”‘ÿµΩ Redis°£
    
        ’‚ «“ª∏ˆ autouse fixture£¨ª·‘⁄√ø∏ˆ≤‚ ‘∫Ø ˝÷Æ«∞◊‘∂Ø‘À––°£
         π”√ RedisClientManager ÷ÿ÷√»∑±£∏…æªµƒ≤‚ ‘ª∑æ≥°£
        """
        # »∑±£ Redis øÕªß∂À“—≥ı ºªØ
>       await RedisClientManager.get_client()

tests\test_redis_lua.py:43: 
_ _ _ _ _ _ _ _ _ _ _ _ _ _ _ _ _ _ _ _ _ _ _ _ _ _ _ _ _ _ _ _ _ _ _ _ _ _ _ _
ai_werewolf_core\utils\redis_client.py:128: in get_client
    await cls._client.ping()
F:\py\Lib\site-packages\redis\asyncio\client.py:764: in execute_command
    conn = self.connection or await pool.get_connection()
                              ^^^^^^^^^^^^^^^^^^^^^^^^^^^
F:\py\Lib\site-packages\redis\utils.py:227: in async_wrapper
    return await func(*args, **kwargs)
           ^^^^^^^^^^^^^^^^^^^^^^^^^^^
F:\py\Lib\site-packages\redis\asyncio\connection.py:1351: in get_connection
    await self.ensure_connection(connection)
F:\py\Lib\site-packages\redis\asyncio\connection.py:1390: in ensure_connection
    await connection.connect()
F:\py\Lib\site-packages\redis\asyncio\connection.py:339: in connect
    await self.retry.call_with_retry(
F:\py\Lib\site-packages\redis\asyncio\retry.py:81: in call_with_retry
    raise error
F:\py\Lib\site-packages\redis\asyncio\retry.py:69: in call_with_retry
    return await do()
           ^^^^^^^^^^
F:\py\Lib\site-packages\redis\asyncio\connection.py:403: in connect_check_health
    await self.on_connect_check_health(check_health=check_health)
F:\py\Lib\site-packages\redis\asyncio\connection.py:560: in on_connect_check_health
    await self.read_response()
_ _ _ _ _ _ _ _ _ _ _ _ _ _ _ _ _ _ _ _ _ _ _ _ _ _ _ _ _ _ _ _ _ _ _ _ _ _ _ _

self = <redis.asyncio.connection.Connection(host=192.168.100.128,port=6379,db=1)>
disable_decoding = False, timeout = None

    async def read_response(
        self,
        disable_decoding: bool = False,
        timeout: Optional[float] = None,
        *,
        disconnect_on_error: bool = True,
        push_request: Optional[bool] = False,
    ):
        """Read the response from a previously sent command"""
        read_timeout = timeout if timeout is not None else self.socket_timeout
        host_error = self._host_error()
        try:
            if read_timeout is not None and self.protocol in ["3", 3]:
                async with async_timeout(read_timeout):
                    response = await self._parser.read_response(
                        disable_decoding=disable_decoding, push_request=push_request
                    )
            elif read_timeout is not None:
                async with async_timeout(read_timeout):
                    response = await self._parser.read_response(
                        disable_decoding=disable_decoding
                    )
            elif self.protocol in ["3", 3]:
                response = await self._parser.read_response(
                    disable_decoding=disable_decoding, push_request=push_request
                )
            else:
                response = await self._parser.read_response(
                    disable_decoding=disable_decoding
                )
        except asyncio.TimeoutError:
            if timeout is not None:
                # user requested timeout, return None. Operation can be retried
                return None
            # it was a self.socket_timeout error.
            if disconnect_on_error:
                await self.disconnect(nowait=True)
            raise TimeoutError(f"Timeout reading from {host_error}")
        except OSError as e:
            if disconnect_on_error:
                await self.disconnect(nowait=True)
>           raise ConnectionError(f"Error while reading from {host_error} : {e.args}")
E           redis.exceptions.ConnectionError: Error while reading from 192.168.100.128:6379 : (22, '÷∏∂®µƒÕ¯¬Á√˚≤ª‘Ÿø…”√°£', None, 64, None)

F:\py\Lib\site-packages\redis\asyncio\connection.py:747: ConnectionError
---------------------------- Captured stderr setup ----------------------------
[2m2026-05-14T21:30:05.153465+08:00[0m [[32m[1mdebug    [0m] [1mRedis ¡¨Ω”≥ÿ“—¥¥Ω®                  [0m [[0m[1m[34mai_werewolf_core.utils.redis_client[0m][0m [36mmax_connections[0m=[35m300[0m [36msocket_timeout[0m=[35m10[0m
[2m2026-05-14T21:30:10.156734+08:00[0m [[31m[1merror    [0m] [1mRedis ¡¨Ω”—È÷§ ß∞‹ (PING)           [0m [[0m[1m[34mai_werewolf_core.utils.redis_client[0m][0m [36merror[0m=[35m"Error while reading from 192.168.100.128:6379 : (22, '÷∏∂®µƒÕ¯¬Á√˚≤ª‘Ÿø…”√°£', None, 64, None)"[0m [36mhost[0m=[35m192.168.100.128[0m [36mport[0m=[35m6379[0m
Traceback (most recent call last):
  File "F:\py\Lib\asyncio\windows_events.py", line 463, in finish_socket_func
    return ov.getresult()
           ~~~~~~~~~~~~^^
OSError: [WinError 64] ÷∏∂®µƒÕ¯¬Á√˚≤ª‘Ÿø…”√°£

During handling of the above exception, another exception occurred:

Traceback (most recent call last):
  File "F:\py\Lib\site-packages\redis\asyncio\connection.py", line 725, in read_response
    response = await self._parser.read_response(
               ^^^^^^^^^^^^^^^^^^^^^^^^^^^^^^^^^
        disable_decoding=disable_decoding
        ^^^^^^^^^^^^^^^^^^^^^^^^^^^^^^^^^
    )
    ^
  File "F:\py\Lib\site-packages\redis\_parsers\resp2.py", line 82, in read_response
    response = await self._read_response(disable_decoding=disable_decoding)
               ^^^^^^^^^^^^^^^^^^^^^^^^^^^^^^^^^^^^^^^^^^^^^^^^^^^^^^^^^^^^
  File "F:\py\Lib\site-packages\redis\_parsers\resp2.py", line 90, in _read_response
    raw = await self._readline()
          ^^^^^^^^^^^^^^^^^^^^^^
  File "F:\py\Lib\site-packages\redis\_parsers\base.py", line 559, in _readline
    data = await self._stream.readline()
           ^^^^^^^^^^^^^^^^^^^^^^^^^^^^^
  File "F:\py\Lib\asyncio\streams.py", line 562, in readline
    line = await self.readuntil(sep)
           ^^^^^^^^^^^^^^^^^^^^^^^^^
  File "F:\py\Lib\asyncio\streams.py", line 677, in readuntil
    await self._wait_for_data('readuntil')
  File "F:\py\Lib\asyncio\streams.py", line 539, in _wait_for_data
    await self._waiter
  File "F:\py\Lib\asyncio\proactor_events.py", line 286, in _loop_reading
    length = fut.result()
  File "F:\py\Lib\asyncio\windows_events.py", line 804, in _poll
    value = callback(transferred, key, ov)
  File "F:\py\Lib\asyncio\windows_events.py", line 467, in finish_socket_func
    raise ConnectionResetError(*exc.args)
ConnectionResetError: [WinError 64] ÷∏∂®µƒÕ¯¬Á√˚≤ª‘Ÿø…”√°£

During handling of the above exception, another exception occurred:

Traceback (most recent call last):
  File "F:\YilenaCode\Werewolf\ai_werewolf_core\utils\redis_client.py", line 128, in get_client
    await cls._client.ping()
  File "F:\py\Lib\site-packages\redis\asyncio\client.py", line 764, in execute_command
    conn = self.connection or await pool.get_connection()
                              ^^^^^^^^^^^^^^^^^^^^^^^^^^^
  File "F:\py\Lib\site-packages\redis\utils.py", line 227, in async_wrapper
    return await func(*args, **kwargs)
           ^^^^^^^^^^^^^^^^^^^^^^^^^^^
  File "F:\py\Lib\site-packages\redis\asyncio\connection.py", line 1351, in get_connection
    await self.ensure_connection(connection)
  File "F:\py\Lib\site-packages\redis\asyncio\connection.py", line 1390, in ensure_connection
    await connection.connect()
  File "F:\py\Lib\site-packages\redis\asyncio\connection.py", line 339, in connect
    await self.retry.call_with_retry(
    ...<7 lines>...
    )
  File "F:\py\Lib\site-packages\redis\asyncio\retry.py", line 81, in call_with_retry
    raise error
  File "F:\py\Lib\site-packages\redis\asyncio\retry.py", line 69, in call_with_retry
    return await do()
           ^^^^^^^^^^
  File "F:\py\Lib\site-packages\redis\asyncio\connection.py", line 403, in connect_check_health
    await self.on_connect_check_health(check_health=check_health)
  File "F:\py\Lib\site-packages\redis\asyncio\connection.py", line 560, in on_connect_check_health
    await self.read_response()
  File "F:\py\Lib\site-packages\redis\asyncio\connection.py", line 747, in read_response
    raise ConnectionError(f"Error while reading from {host_error} : {e.args}")
redis.exceptions.ConnectionError: Error while reading from 192.168.100.128:6379 : (22, '÷∏∂®µƒÕ¯¬Á√˚≤ª‘Ÿø…”√°£', None, 64, None)
----------------------------- Captured log setup ------------------------------
DEBUG    ai_werewolf_core.utils.redis_client:redis_client.py:243 {'max_connections': 300, 'socket_timeout': 10, 'event': 'Redis ¡¨Ω”≥ÿ“—¥¥Ω®', 'level': 'debug', 'logger': 'ai_werewolf_core.utils.redis_client', 'timestamp': '2026-05-14T21:30:05.153465+08:00'}
ERROR    ai_werewolf_core.utils.redis_client:redis_client.py:130 {'host': '192.168.100.128', 'port': 6379, 'error': "Error while reading from 192.168.100.128:6379 : (22, '÷∏∂®µƒÕ¯¬Á√˚≤ª‘Ÿø…”√°£', None, 64, None)", 'event': 'Redis ¡¨Ω”—È÷§ ß∞‹ (PING)', 'level': 'error', 'logger': 'ai_werewolf_core.utils.redis_client', 'timestamp': '2026-05-14T21:30:10.156734+08:00', 'exception': 'Traceback (most recent call last):\n  File "F:\\py\\Lib\\asyncio\\windows_events.py", line 463, in finish_socket_func\n    return ov.getresult()\n           ~~~~~~~~~~~~^^\nOSError: [WinError 64] ÷∏∂®µƒÕ¯¬Á√˚≤ª‘Ÿø…”√°£\n\nDuring handling of the above exception, another exception occurred:\n\nTraceback (most recent call last):\n  File "F:\\py\\Lib\\site-packages\\redis\\asyncio\\connection.py", line 725, in read_response\n    response = await self._parser.read_response(\n               ^^^^^^^^^^^^^^^^^^^^^^^^^^^^^^^^^\n        disable_decoding=disable_decoding\n        ^^^^^^^^^^^^^^^^^^^^^^^^^^^^^^^^^\n    )\n    ^\n  File "F:\\py\\Lib\\site-packages\\redis\\_parsers\\resp2.py", line 82, in read_response\n    response = await self._read_response(disable_decoding=disable_decoding)\n               ^^^^^^^^^^^^^^^^^^^^^^^^^^^^^^^^^^^^^^^^^^^^^^^^^^^^^^^^^^^^\n  File "F:\\py\\Lib\\site-packages\\redis\\_parsers\\resp2.py", line 90, in _read_response\n    raw = await self._readline()\n          ^^^^^^^^^^^^^^^^^^^^^^\n  File "F:\\py\\Lib\\site-packages\\redis\\_parsers\\base.py", line 559, in _readline\n    data = await self._stream.readline()\n           ^^^^^^^^^^^^^^^^^^^^^^^^^^^^^\n  File "F:\\py\\Lib\\asyncio\\streams.py", line 562, in readline\n    line = await self.readuntil(sep)\n           ^^^^^^^^^^^^^^^^^^^^^^^^^\n  File "F:\\py\\Lib\\asyncio\\streams.py", line 677, in readuntil\n    await self._wait_for_data(\'readuntil\')\n  File "F:\\py\\Lib\\asyncio\\streams.py", line 539, in _wait_for_data\n    await self._waiter\n  File "F:\\py\\Lib\\asyncio\\proactor_events.py", line 286, in _loop_reading\n    length = fut.result()\n  File "F:\\py\\Lib\\asyncio\\windows_events.py", line 804, in _poll\n    value = callback(transferred, key, ov)\n  File "F:\\py\\Lib\\asyncio\\windows_events.py", line 467, in finish_socket_func\n    raise ConnectionResetError(*exc.args)\nConnectionResetError: [WinError 64] ÷∏∂®µƒÕ¯¬Á√˚≤ª‘Ÿø…”√°£\n\nDuring handling of the above exception, another exception occurred:\n\nTraceback (most recent call last):\n  File "F:\\YilenaCode\\Werewolf\\ai_werewolf_core\\utils\\redis_client.py", line 128, in get_client\n    await cls._client.ping()\n  File "F:\\py\\Lib\\site-packages\\redis\\asyncio\\client.py", line 764, in execute_command\n    conn = self.connection or await pool.get_connection()\n                              ^^^^^^^^^^^^^^^^^^^^^^^^^^^\n  File "F:\\py\\Lib\\site-packages\\redis\\utils.py", line 227, in async_wrapper\n    return await func(*args, **kwargs)\n           ^^^^^^^^^^^^^^^^^^^^^^^^^^^\n  File "F:\\py\\Lib\\site-packages\\redis\\asyncio\\connection.py", line 1351, in get_connection\n    await self.ensure_connection(connection)\n  File "F:\\py\\Lib\\site-packages\\redis\\asyncio\\connection.py", line 1390, in ensure_connection\n    await connection.connect()\n  File "F:\\py\\Lib\\site-packages\\redis\\asyncio\\connection.py", line 339, in connect\n    await self.retry.call_with_retry(\n    ...<7 lines>...\n    )\n  File "F:\\py\\Lib\\site-packages\\redis\\asyncio\\retry.py", line 81, in call_with_retry\n    raise error\n  File "F:\\py\\Lib\\site-packages\\redis\\asyncio\\retry.py", line 69, in call_with_retry\n    return await do()\n           ^^^^^^^^^^\n  File "F:\\py\\Lib\\site-packages\\redis\\asyncio\\connection.py", line 403, in connect_check_health\n    await self.on_connect_check_health(check_health=check_health)\n  File "F:\\py\\Lib\\site-packages\\redis\\asyncio\\connection.py", line 560, in on_connect_check_health\n    await self.read_response()\n  File "F:\\py\\Lib\\site-packages\\redis\\asyncio\\connection.py", line 747, in read_response\n    raise ConnectionError(f"Error while reading from {host_error} : {e.args}")\nredis.exceptions.ConnectionError: Error while reading from 192.168.100.128:6379 : (22, \'÷∏∂®µƒÕ¯¬Á√˚≤ª‘Ÿø…”√°£\', None, 64, None)'}
___ ERROR at setup of TestLuaStatusTransition.test_valid_status_transition ____

trans = 0, key = 0, ov = <_overlapped.Overlapped object at 0x0000027C3049E7F0>

    @staticmethod
    def finish_socket_func(trans, key, ov):
        try:
>           return ov.getresult()
                   ^^^^^^^^^^^^^^
E           OSError: [WinError 64] ÷∏∂®µƒÕ¯¬Á√˚≤ª‘Ÿø…”√°£

F:\py\Lib\asyncio\windows_events.py:463: OSError

During handling of the above exception, another exception occurred:

self = <redis.asyncio.connection.Connection(host=192.168.100.128,port=6379,db=1)>
disable_decoding = False, timeout = None

    async def read_response(
        self,
        disable_decoding: bool = False,
        timeout: Optional[float] = None,
        *,
        disconnect_on_error: bool = True,
        push_request: Optional[bool] = False,
    ):
        """Read the response from a previously sent command"""
        read_timeout = timeout if timeout is not None else self.socket_timeout
        host_error = self._host_error()
        try:
            if read_timeout is not None and self.protocol in ["3", 3]:
                async with async_timeout(read_timeout):
                    response = await self._parser.read_response(
                        disable_decoding=disable_decoding, push_request=push_request
                    )
            elif read_timeout is not None:
                async with async_timeout(read_timeout):
>                   response = await self._parser.read_response(
                        disable_decoding=disable_decoding

F:\py\Lib\site-packages\redis\asyncio\connection.py:725: 
_ _ _ _ _ _ _ _ _ _ _ _ _ _ _ _ _ _ _ _ _ _ _ _ _ _ _ _ _ _ _ _ _ _ _ _ _ _ _ _
F:\py\Lib\site-packages\redis\_parsers\resp2.py:82: in read_response
    response = await self._read_response(disable_decoding=disable_decoding)
               ^^^^^^^^^^^^^^^^^^^^^^^^^^^^^^^^^^^^^^^^^^^^^^^^^^^^^^^^^^^^
F:\py\Lib\site-packages\redis\_parsers\resp2.py:90: in _read_response
    raw = await self._readline()
          ^^^^^^^^^^^^^^^^^^^^^^
F:\py\Lib\site-packages\redis\_parsers\base.py:559: in _readline
    data = await self._stream.readline()
           ^^^^^^^^^^^^^^^^^^^^^^^^^^^^^
F:\py\Lib\asyncio\streams.py:562: in readline
    line = await self.readuntil(sep)
           ^^^^^^^^^^^^^^^^^^^^^^^^^
F:\py\Lib\asyncio\streams.py:677: in readuntil
    await self._wait_for_data('readuntil')
F:\py\Lib\asyncio\streams.py:539: in _wait_for_data
    await self._waiter
F:\py\Lib\asyncio\proactor_events.py:286: in _loop_reading
    length = fut.result()
             ^^^^^^^^^^^^
F:\py\Lib\asyncio\windows_events.py:804: in _poll
    value = callback(transferred, key, ov)
            ^^^^^^^^^^^^^^^^^^^^^^^^^^^^^^
_ _ _ _ _ _ _ _ _ _ _ _ _ _ _ _ _ _ _ _ _ _ _ _ _ _ _ _ _ _ _ _ _ _ _ _ _ _ _ _

trans = 0, key = 0, ov = <_overlapped.Overlapped object at 0x0000027C3049E7F0>

    @staticmethod
    def finish_socket_func(trans, key, ov):
        try:
            return ov.getresult()
        except OSError as exc:
            if exc.winerror in (_overlapped.ERROR_NETNAME_DELETED,
                                _overlapped.ERROR_OPERATION_ABORTED):
>               raise ConnectionResetError(*exc.args)
E               ConnectionResetError: [WinError 64] ÷∏∂®µƒÕ¯¬Á√˚≤ª‘Ÿø…”√°£

F:\py\Lib\asyncio\windows_events.py:467: ConnectionResetError

During handling of the above exception, another exception occurred:

    @pytest.fixture(autouse=True)
    async def _setup_lua_scripts():
        """‘⁄√ø∏ˆ≤‚ ‘«∞»∑±£ Lua Ω≈±æ“—º”‘ÿµΩ Redis°£
    
        ’‚ «“ª∏ˆ autouse fixture£¨ª·‘⁄√ø∏ˆ≤‚ ‘∫Ø ˝÷Æ«∞◊‘∂Ø‘À––°£
         π”√ RedisClientManager ÷ÿ÷√»∑±£∏…æªµƒ≤‚ ‘ª∑æ≥°£
        """
        # »∑±£ Redis øÕªß∂À“—≥ı ºªØ
>       await RedisClientManager.get_client()

tests\test_redis_lua.py:43: 
_ _ _ _ _ _ _ _ _ _ _ _ _ _ _ _ _ _ _ _ _ _ _ _ _ _ _ _ _ _ _ _ _ _ _ _ _ _ _ _
ai_werewolf_core\utils\redis_client.py:128: in get_client
    await cls._client.ping()
F:\py\Lib\site-packages\redis\asyncio\client.py:764: in execute_command
    conn = self.connection or await pool.get_connection()
                              ^^^^^^^^^^^^^^^^^^^^^^^^^^^
F:\py\Lib\site-packages\redis\utils.py:227: in async_wrapper
    return await func(*args, **kwargs)
           ^^^^^^^^^^^^^^^^^^^^^^^^^^^
F:\py\Lib\site-packages\redis\asyncio\connection.py:1351: in get_connection
    await self.ensure_connection(connection)
F:\py\Lib\site-packages\redis\asyncio\connection.py:1390: in ensure_connection
    await connection.connect()
F:\py\Lib\site-packages\redis\asyncio\connection.py:339: in connect
    await self.retry.call_with_retry(
F:\py\Lib\site-packages\redis\asyncio\retry.py:81: in call_with_retry
    raise error
F:\py\Lib\site-packages\redis\asyncio\retry.py:69: in call_with_retry
    return await do()
           ^^^^^^^^^^
F:\py\Lib\site-packages\redis\asyncio\connection.py:403: in connect_check_health
    await self.on_connect_check_health(check_health=check_health)
F:\py\Lib\site-packages\redis\asyncio\connection.py:560: in on_connect_check_health
    await self.read_response()
_ _ _ _ _ _ _ _ _ _ _ _ _ _ _ _ _ _ _ _ _ _ _ _ _ _ _ _ _ _ _ _ _ _ _ _ _ _ _ _

self = <redis.asyncio.connection.Connection(host=192.168.100.128,port=6379,db=1)>
disable_decoding = False, timeout = None

    async def read_response(
        self,
        disable_decoding: bool = False,
        timeout: Optional[float] = None,
        *,
        disconnect_on_error: bool = True,
        push_request: Optional[bool] = False,
    ):
        """Read the response from a previously sent command"""
        read_timeout = timeout if timeout is not None else self.socket_timeout
        host_error = self._host_error()
        try:
            if read_timeout is not None and self.protocol in ["3", 3]:
                async with async_timeout(read_timeout):
                    response = await self._parser.read_response(
                        disable_decoding=disable_decoding, push_request=push_request
                    )
            elif read_timeout is not None:
                async with async_timeout(read_timeout):
                    response = await self._parser.read_response(
                        disable_decoding=disable_decoding
                    )
            elif self.protocol in ["3", 3]:
                response = await self._parser.read_response(
                    disable_decoding=disable_decoding, push_request=push_request
                )
            else:
                response = await self._parser.read_response(
                    disable_decoding=disable_decoding
                )
        except asyncio.TimeoutError:
            if timeout is not None:
                # user requested timeout, return None. Operation can be retried
                return None
            # it was a self.socket_timeout error.
            if disconnect_on_error:
                await self.disconnect(nowait=True)
            raise TimeoutError(f"Timeout reading from {host_error}")
        except OSError as e:
            if disconnect_on_error:
                await self.disconnect(nowait=True)
>           raise ConnectionError(f"Error while reading from {host_error} : {e.args}")
E           redis.exceptions.ConnectionError: Error while reading from 192.168.100.128:6379 : (22, '÷∏∂®µƒÕ¯¬Á√˚≤ª‘Ÿø…”√°£', None, 64, None)

F:\py\Lib\site-packages\redis\asyncio\connection.py:747: ConnectionError
---------------------------- Captured stderr setup ----------------------------
[2m2026-05-14T21:30:10.321269+08:00[0m [[32m[1mdebug    [0m] [1mRedis ¡¨Ω”≥ÿ“—¥¥Ω®                  [0m [[0m[1m[34mai_werewolf_core.utils.redis_client[0m][0m [36mmax_connections[0m=[35m300[0m [36msocket_timeout[0m=[35m10[0m
[2m2026-05-14T21:30:15.324530+08:00[0m [[31m[1merror    [0m] [1mRedis ¡¨Ω”—È÷§ ß∞‹ (PING)           [0m [[0m[1m[34mai_werewolf_core.utils.redis_client[0m][0m [36merror[0m=[35m"Error while reading from 192.168.100.128:6379 : (22, '÷∏∂®µƒÕ¯¬Á√˚≤ª‘Ÿø…”√°£', None, 64, None)"[0m [36mhost[0m=[35m192.168.100.128[0m [36mport[0m=[35m6379[0m
Traceback (most recent call last):
  File "F:\py\Lib\asyncio\windows_events.py", line 463, in finish_socket_func
    return ov.getresult()
           ~~~~~~~~~~~~^^
OSError: [WinError 64] ÷∏∂®µƒÕ¯¬Á√˚≤ª‘Ÿø…”√°£

During handling of the above exception, another exception occurred:

Traceback (most recent call last):
  File "F:\py\Lib\site-packages\redis\asyncio\connection.py", line 725, in read_response
    response = await self._parser.read_response(
               ^^^^^^^^^^^^^^^^^^^^^^^^^^^^^^^^^
        disable_decoding=disable_decoding
        ^^^^^^^^^^^^^^^^^^^^^^^^^^^^^^^^^
    )
    ^
  File "F:\py\Lib\site-packages\redis\_parsers\resp2.py", line 82, in read_response
    response = await self._read_response(disable_decoding=disable_decoding)
               ^^^^^^^^^^^^^^^^^^^^^^^^^^^^^^^^^^^^^^^^^^^^^^^^^^^^^^^^^^^^
  File "F:\py\Lib\site-packages\redis\_parsers\resp2.py", line 90, in _read_response
    raw = await self._readline()
          ^^^^^^^^^^^^^^^^^^^^^^
  File "F:\py\Lib\site-packages\redis\_parsers\base.py", line 559, in _readline
    data = await self._stream.readline()
           ^^^^^^^^^^^^^^^^^^^^^^^^^^^^^
  File "F:\py\Lib\asyncio\streams.py", line 562, in readline
    line = await self.readuntil(sep)
           ^^^^^^^^^^^^^^^^^^^^^^^^^
  File "F:\py\Lib\asyncio\streams.py", line 677, in readuntil
    await self._wait_for_data('readuntil')
  File "F:\py\Lib\asyncio\streams.py", line 539, in _wait_for_data
    await self._waiter
  File "F:\py\Lib\asyncio\proactor_events.py", line 286, in _loop_reading
    length = fut.result()
  File "F:\py\Lib\asyncio\windows_events.py", line 804, in _poll
    value = callback(transferred, key, ov)
  File "F:\py\Lib\asyncio\windows_events.py", line 467, in finish_socket_func
    raise ConnectionResetError(*exc.args)
ConnectionResetError: [WinError 64] ÷∏∂®µƒÕ¯¬Á√˚≤ª‘Ÿø…”√°£

During handling of the above exception, another exception occurred:

Traceback (most recent call last):
  File "F:\YilenaCode\Werewolf\ai_werewolf_core\utils\redis_client.py", line 128, in get_client
    await cls._client.ping()
  File "F:\py\Lib\site-packages\redis\asyncio\client.py", line 764, in execute_command
    conn = self.connection or await pool.get_connection()
                              ^^^^^^^^^^^^^^^^^^^^^^^^^^^
  File "F:\py\Lib\site-packages\redis\utils.py", line 227, in async_wrapper
    return await func(*args, **kwargs)
           ^^^^^^^^^^^^^^^^^^^^^^^^^^^
  File "F:\py\Lib\site-packages\redis\asyncio\connection.py", line 1351, in get_connection
    await self.ensure_connection(connection)
  File "F:\py\Lib\site-packages\redis\asyncio\connection.py", line 1390, in ensure_connection
    await connection.connect()
  File "F:\py\Lib\site-packages\redis\asyncio\connection.py", line 339, in connect
    await self.retry.call_with_retry(
    ...<7 lines>...
    )
  File "F:\py\Lib\site-packages\redis\asyncio\retry.py", line 81, in call_with_retry
    raise error
  File "F:\py\Lib\site-packages\redis\asyncio\retry.py", line 69, in call_with_retry
    return await do()
           ^^^^^^^^^^
  File "F:\py\Lib\site-packages\redis\asyncio\connection.py", line 403, in connect_check_health
    await self.on_connect_check_health(check_health=check_health)
  File "F:\py\Lib\site-packages\redis\asyncio\connection.py", line 560, in on_connect_check_health
    await self.read_response()
  File "F:\py\Lib\site-packages\redis\asyncio\connection.py", line 747, in read_response
    raise ConnectionError(f"Error while reading from {host_error} : {e.args}")
redis.exceptions.ConnectionError: Error while reading from 192.168.100.128:6379 : (22, '÷∏∂®µƒÕ¯¬Á√˚≤ª‘Ÿø…”√°£', None, 64, None)
----------------------------- Captured log setup ------------------------------
DEBUG    ai_werewolf_core.utils.redis_client:redis_client.py:243 {'max_connections': 300, 'socket_timeout': 10, 'event': 'Redis ¡¨Ω”≥ÿ“—¥¥Ω®', 'level': 'debug', 'logger': 'ai_werewolf_core.utils.redis_client', 'timestamp': '2026-05-14T21:30:10.321269+08:00'}
ERROR    ai_werewolf_core.utils.redis_client:redis_client.py:130 {'host': '192.168.100.128', 'port': 6379, 'error': "Error while reading from 192.168.100.128:6379 : (22, '÷∏∂®µƒÕ¯¬Á√˚≤ª‘Ÿø…”√°£', None, 64, None)", 'event': 'Redis ¡¨Ω”—È÷§ ß∞‹ (PING)', 'level': 'error', 'logger': 'ai_werewolf_core.utils.redis_client', 'timestamp': '2026-05-14T21:30:15.324530+08:00', 'exception': 'Traceback (most recent call last):\n  File "F:\\py\\Lib\\asyncio\\windows_events.py", line 463, in finish_socket_func\n    return ov.getresult()\n           ~~~~~~~~~~~~^^\nOSError: [WinError 64] ÷∏∂®µƒÕ¯¬Á√˚≤ª‘Ÿø…”√°£\n\nDuring handling of the above exception, another exception occurred:\n\nTraceback (most recent call last):\n  File "F:\\py\\Lib\\site-packages\\redis\\asyncio\\connection.py", line 725, in read_response\n    response = await self._parser.read_response(\n               ^^^^^^^^^^^^^^^^^^^^^^^^^^^^^^^^^\n        disable_decoding=disable_decoding\n        ^^^^^^^^^^^^^^^^^^^^^^^^^^^^^^^^^\n    )\n    ^\n  File "F:\\py\\Lib\\site-packages\\redis\\_parsers\\resp2.py", line 82, in read_response\n    response = await self._read_response(disable_decoding=disable_decoding)\n               ^^^^^^^^^^^^^^^^^^^^^^^^^^^^^^^^^^^^^^^^^^^^^^^^^^^^^^^^^^^^\n  File "F:\\py\\Lib\\site-packages\\redis\\_parsers\\resp2.py", line 90, in _read_response\n    raw = await self._readline()\n          ^^^^^^^^^^^^^^^^^^^^^^\n  File "F:\\py\\Lib\\site-packages\\redis\\_parsers\\base.py", line 559, in _readline\n    data = await self._stream.readline()\n           ^^^^^^^^^^^^^^^^^^^^^^^^^^^^^\n  File "F:\\py\\Lib\\asyncio\\streams.py", line 562, in readline\n    line = await self.readuntil(sep)\n           ^^^^^^^^^^^^^^^^^^^^^^^^^\n  File "F:\\py\\Lib\\asyncio\\streams.py", line 677, in readuntil\n    await self._wait_for_data(\'readuntil\')\n  File "F:\\py\\Lib\\asyncio\\streams.py", line 539, in _wait_for_data\n    await self._waiter\n  File "F:\\py\\Lib\\asyncio\\proactor_events.py", line 286, in _loop_reading\n    length = fut.result()\n  File "F:\\py\\Lib\\asyncio\\windows_events.py", line 804, in _poll\n    value = callback(transferred, key, ov)\n  File "F:\\py\\Lib\\asyncio\\windows_events.py", line 467, in finish_socket_func\n    raise ConnectionResetError(*exc.args)\nConnectionResetError: [WinError 64] ÷∏∂®µƒÕ¯¬Á√˚≤ª‘Ÿø…”√°£\n\nDuring handling of the above exception, another exception occurred:\n\nTraceback (most recent call last):\n  File "F:\\YilenaCode\\Werewolf\\ai_werewolf_core\\utils\\redis_client.py", line 128, in get_client\n    await cls._client.ping()\n  File "F:\\py\\Lib\\site-packages\\redis\\asyncio\\client.py", line 764, in execute_command\n    conn = self.connection or await pool.get_connection()\n                              ^^^^^^^^^^^^^^^^^^^^^^^^^^^\n  File "F:\\py\\Lib\\site-packages\\redis\\utils.py", line 227, in async_wrapper\n    return await func(*args, **kwargs)\n           ^^^^^^^^^^^^^^^^^^^^^^^^^^^\n  File "F:\\py\\Lib\\site-packages\\redis\\asyncio\\connection.py", line 1351, in get_connection\n    await self.ensure_connection(connection)\n  File "F:\\py\\Lib\\site-packages\\redis\\asyncio\\connection.py", line 1390, in ensure_connection\n    await connection.connect()\n  File "F:\\py\\Lib\\site-packages\\redis\\asyncio\\connection.py", line 339, in connect\n    await self.retry.call_with_retry(\n    ...<7 lines>...\n    )\n  File "F:\\py\\Lib\\site-packages\\redis\\asyncio\\retry.py", line 81, in call_with_retry\n    raise error\n  File "F:\\py\\Lib\\site-packages\\redis\\asyncio\\retry.py", line 69, in call_with_retry\n    return await do()\n           ^^^^^^^^^^\n  File "F:\\py\\Lib\\site-packages\\redis\\asyncio\\connection.py", line 403, in connect_check_health\n    await self.on_connect_check_health(check_health=check_health)\n  File "F:\\py\\Lib\\site-packages\\redis\\asyncio\\connection.py", line 560, in on_connect_check_health\n    await self.read_response()\n  File "F:\\py\\Lib\\site-packages\\redis\\asyncio\\connection.py", line 747, in read_response\n    raise ConnectionError(f"Error while reading from {host_error} : {e.args}")\nredis.exceptions.ConnectionError: Error while reading from 192.168.100.128:6379 : (22, \'÷∏∂®µƒÕ¯¬Á√˚≤ª‘Ÿø…”√°£\', None, 64, None)'}
__ ERROR at setup of TestLuaStatusTransition.test_invalid_status_transition ___

trans = 0, key = 0, ov = <_overlapped.Overlapped object at 0x0000027C3049E8B0>

    @staticmethod
    def finish_socket_func(trans, key, ov):
        try:
>           return ov.getresult()
                   ^^^^^^^^^^^^^^
E           OSError: [WinError 64] ÷∏∂®µƒÕ¯¬Á√˚≤ª‘Ÿø…”√°£

F:\py\Lib\asyncio\windows_events.py:463: OSError

During handling of the above exception, another exception occurred:

self = <redis.asyncio.connection.Connection(host=192.168.100.128,port=6379,db=1)>
disable_decoding = False, timeout = None

    async def read_response(
        self,
        disable_decoding: bool = False,
        timeout: Optional[float] = None,
        *,
        disconnect_on_error: bool = True,
        push_request: Optional[bool] = False,
    ):
        """Read the response from a previously sent command"""
        read_timeout = timeout if timeout is not None else self.socket_timeout
        host_error = self._host_error()
        try:
            if read_timeout is not None and self.protocol in ["3", 3]:
                async with async_timeout(read_timeout):
                    response = await self._parser.read_response(
                        disable_decoding=disable_decoding, push_request=push_request
                    )
            elif read_timeout is not None:
                async with async_timeout(read_timeout):
>                   response = await self._parser.read_response(
                        disable_decoding=disable_decoding

F:\py\Lib\site-packages\redis\asyncio\connection.py:725: 
_ _ _ _ _ _ _ _ _ _ _ _ _ _ _ _ _ _ _ _ _ _ _ _ _ _ _ _ _ _ _ _ _ _ _ _ _ _ _ _
F:\py\Lib\site-packages\redis\_parsers\resp2.py:82: in read_response
    response = await self._read_response(disable_decoding=disable_decoding)
               ^^^^^^^^^^^^^^^^^^^^^^^^^^^^^^^^^^^^^^^^^^^^^^^^^^^^^^^^^^^^
F:\py\Lib\site-packages\redis\_parsers\resp2.py:90: in _read_response
    raw = await self._readline()
          ^^^^^^^^^^^^^^^^^^^^^^
F:\py\Lib\site-packages\redis\_parsers\base.py:559: in _readline
    data = await self._stream.readline()
           ^^^^^^^^^^^^^^^^^^^^^^^^^^^^^
F:\py\Lib\asyncio\streams.py:562: in readline
    line = await self.readuntil(sep)
           ^^^^^^^^^^^^^^^^^^^^^^^^^
F:\py\Lib\asyncio\streams.py:677: in readuntil
    await self._wait_for_data('readuntil')
F:\py\Lib\asyncio\streams.py:539: in _wait_for_data
    await self._waiter
F:\py\Lib\asyncio\proactor_events.py:286: in _loop_reading
    length = fut.result()
             ^^^^^^^^^^^^
F:\py\Lib\asyncio\windows_events.py:804: in _poll
    value = callback(transferred, key, ov)
            ^^^^^^^^^^^^^^^^^^^^^^^^^^^^^^
_ _ _ _ _ _ _ _ _ _ _ _ _ _ _ _ _ _ _ _ _ _ _ _ _ _ _ _ _ _ _ _ _ _ _ _ _ _ _ _

trans = 0, key = 0, ov = <_overlapped.Overlapped object at 0x0000027C3049E8B0>

    @staticmethod
    def finish_socket_func(trans, key, ov):
        try:
            return ov.getresult()
        except OSError as exc:
            if exc.winerror in (_overlapped.ERROR_NETNAME_DELETED,
                                _overlapped.ERROR_OPERATION_ABORTED):
>               raise ConnectionResetError(*exc.args)
E               ConnectionResetError: [WinError 64] ÷∏∂®µƒÕ¯¬Á√˚≤ª‘Ÿø…”√°£

F:\py\Lib\asyncio\windows_events.py:467: ConnectionResetError

During handling of the above exception, another exception occurred:

    @pytest.fixture(autouse=True)
    async def _setup_lua_scripts():
        """‘⁄√ø∏ˆ≤‚ ‘«∞»∑±£ Lua Ω≈±æ“—º”‘ÿµΩ Redis°£
    
        ’‚ «“ª∏ˆ autouse fixture£¨ª·‘⁄√ø∏ˆ≤‚ ‘∫Ø ˝÷Æ«∞◊‘∂Ø‘À––°£
         π”√ RedisClientManager ÷ÿ÷√»∑±£∏…æªµƒ≤‚ ‘ª∑æ≥°£
        """
        # »∑±£ Redis øÕªß∂À“—≥ı ºªØ
>       await RedisClientManager.get_client()

tests\test_redis_lua.py:43: 
_ _ _ _ _ _ _ _ _ _ _ _ _ _ _ _ _ _ _ _ _ _ _ _ _ _ _ _ _ _ _ _ _ _ _ _ _ _ _ _
ai_werewolf_core\utils\redis_client.py:128: in get_client
    await cls._client.ping()
F:\py\Lib\site-packages\redis\asyncio\client.py:764: in execute_command
    conn = self.connection or await pool.get_connection()
                              ^^^^^^^^^^^^^^^^^^^^^^^^^^^
F:\py\Lib\site-packages\redis\utils.py:227: in async_wrapper
    return await func(*args, **kwargs)
           ^^^^^^^^^^^^^^^^^^^^^^^^^^^
F:\py\Lib\site-packages\redis\asyncio\connection.py:1351: in get_connection
    await self.ensure_connection(connection)
F:\py\Lib\site-packages\redis\asyncio\connection.py:1390: in ensure_connection
    await connection.connect()
F:\py\Lib\site-packages\redis\asyncio\connection.py:339: in connect
    await self.retry.call_with_retry(
F:\py\Lib\site-packages\redis\asyncio\retry.py:81: in call_with_retry
    raise error
F:\py\Lib\site-packages\redis\asyncio\retry.py:69: in call_with_retry
    return await do()
           ^^^^^^^^^^
F:\py\Lib\site-packages\redis\asyncio\connection.py:403: in connect_check_health
    await self.on_connect_check_health(check_health=check_health)
F:\py\Lib\site-packages\redis\asyncio\connection.py:560: in on_connect_check_health
    await self.read_response()
_ _ _ _ _ _ _ _ _ _ _ _ _ _ _ _ _ _ _ _ _ _ _ _ _ _ _ _ _ _ _ _ _ _ _ _ _ _ _ _

self = <redis.asyncio.connection.Connection(host=192.168.100.128,port=6379,db=1)>
disable_decoding = False, timeout = None

    async def read_response(
        self,
        disable_decoding: bool = False,
        timeout: Optional[float] = None,
        *,
        disconnect_on_error: bool = True,
        push_request: Optional[bool] = False,
    ):
        """Read the response from a previously sent command"""
        read_timeout = timeout if timeout is not None else self.socket_timeout
        host_error = self._host_error()
        try:
            if read_timeout is not None and self.protocol in ["3", 3]:
                async with async_timeout(read_timeout):
                    response = await self._parser.read_response(
                        disable_decoding=disable_decoding, push_request=push_request
                    )
            elif read_timeout is not None:
                async with async_timeout(read_timeout):
                    response = await self._parser.read_response(
                        disable_decoding=disable_decoding
                    )
            elif self.protocol in ["3", 3]:
                response = await self._parser.read_response(
                    disable_decoding=disable_decoding, push_request=push_request
                )
            else:
                response = await self._parser.read_response(
                    disable_decoding=disable_decoding
                )
        except asyncio.TimeoutError:
            if timeout is not None:
                # user requested timeout, return None. Operation can be retried
                return None
            # it was a self.socket_timeout error.
            if disconnect_on_error:
                await self.disconnect(nowait=True)
            raise TimeoutError(f"Timeout reading from {host_error}")
        except OSError as e:
            if disconnect_on_error:
                await self.disconnect(nowait=True)
>           raise ConnectionError(f"Error while reading from {host_error} : {e.args}")
E           redis.exceptions.ConnectionError: Error while reading from 192.168.100.128:6379 : (22, '÷∏∂®µƒÕ¯¬Á√˚≤ª‘Ÿø…”√°£', None, 64, None)

F:\py\Lib\site-packages\redis\asyncio\connection.py:747: ConnectionError
---------------------------- Captured stderr setup ----------------------------
[2m2026-05-14T21:30:15.495701+08:00[0m [[32m[1mdebug    [0m] [1mRedis ¡¨Ω”≥ÿ“—¥¥Ω®                  [0m [[0m[1m[34mai_werewolf_core.utils.redis_client[0m][0m [36mmax_connections[0m=[35m300[0m [36msocket_timeout[0m=[35m10[0m
[2m2026-05-14T21:30:20.498160+08:00[0m [[31m[1merror    [0m] [1mRedis ¡¨Ω”—È÷§ ß∞‹ (PING)           [0m [[0m[1m[34mai_werewolf_core.utils.redis_client[0m][0m [36merror[0m=[35m"Error while reading from 192.168.100.128:6379 : (22, '÷∏∂®µƒÕ¯¬Á√˚≤ª‘Ÿø…”√°£', None, 64, None)"[0m [36mhost[0m=[35m192.168.100.128[0m [36mport[0m=[35m6379[0m
Traceback (most recent call last):
  File "F:\py\Lib\asyncio\windows_events.py", line 463, in finish_socket_func
    return ov.getresult()
           ~~~~~~~~~~~~^^
OSError: [WinError 64] ÷∏∂®µƒÕ¯¬Á√˚≤ª‘Ÿø…”√°£

During handling of the above exception, another exception occurred:

Traceback (most recent call last):
  File "F:\py\Lib\site-packages\redis\asyncio\connection.py", line 725, in read_response
    response = await self._parser.read_response(
               ^^^^^^^^^^^^^^^^^^^^^^^^^^^^^^^^^
        disable_decoding=disable_decoding
        ^^^^^^^^^^^^^^^^^^^^^^^^^^^^^^^^^
    )
    ^
  File "F:\py\Lib\site-packages\redis\_parsers\resp2.py", line 82, in read_response
    response = await self._read_response(disable_decoding=disable_decoding)
               ^^^^^^^^^^^^^^^^^^^^^^^^^^^^^^^^^^^^^^^^^^^^^^^^^^^^^^^^^^^^
  File "F:\py\Lib\site-packages\redis\_parsers\resp2.py", line 90, in _read_response
    raw = await self._readline()
          ^^^^^^^^^^^^^^^^^^^^^^
  File "F:\py\Lib\site-packages\redis\_parsers\base.py", line 559, in _readline
    data = await self._stream.readline()
           ^^^^^^^^^^^^^^^^^^^^^^^^^^^^^
  File "F:\py\Lib\asyncio\streams.py", line 562, in readline
    line = await self.readuntil(sep)
           ^^^^^^^^^^^^^^^^^^^^^^^^^
  File "F:\py\Lib\asyncio\streams.py", line 677, in readuntil
    await self._wait_for_data('readuntil')
  File "F:\py\Lib\asyncio\streams.py", line 539, in _wait_for_data
    await self._waiter
  File "F:\py\Lib\asyncio\proactor_events.py", line 286, in _loop_reading
    length = fut.result()
  File "F:\py\Lib\asyncio\windows_events.py", line 804, in _poll
    value = callback(transferred, key, ov)
  File "F:\py\Lib\asyncio\windows_events.py", line 467, in finish_socket_func
    raise ConnectionResetError(*exc.args)
ConnectionResetError: [WinError 64] ÷∏∂®µƒÕ¯¬Á√˚≤ª‘Ÿø…”√°£

During handling of the above exception, another exception occurred:

Traceback (most recent call last):
  File "F:\YilenaCode\Werewolf\ai_werewolf_core\utils\redis_client.py", line 128, in get_client
    await cls._client.ping()
  File "F:\py\Lib\site-packages\redis\asyncio\client.py", line 764, in execute_command
    conn = self.connection or await pool.get_connection()
                              ^^^^^^^^^^^^^^^^^^^^^^^^^^^
  File "F:\py\Lib\site-packages\redis\utils.py", line 227, in async_wrapper
    return await func(*args, **kwargs)
           ^^^^^^^^^^^^^^^^^^^^^^^^^^^
  File "F:\py\Lib\site-packages\redis\asyncio\connection.py", line 1351, in get_connection
    await self.ensure_connection(connection)
  File "F:\py\Lib\site-packages\redis\asyncio\connection.py", line 1390, in ensure_connection
    await connection.connect()
  File "F:\py\Lib\site-packages\redis\asyncio\connection.py", line 339, in connect
    await self.retry.call_with_retry(
    ...<7 lines>...
    )
  File "F:\py\Lib\site-packages\redis\asyncio\retry.py", line 81, in call_with_retry
    raise error
  File "F:\py\Lib\site-packages\redis\asyncio\retry.py", line 69, in call_with_retry
    return await do()
           ^^^^^^^^^^
  File "F:\py\Lib\site-packages\redis\asyncio\connection.py", line 403, in connect_check_health
    await self.on_connect_check_health(check_health=check_health)
  File "F:\py\Lib\site-packages\redis\asyncio\connection.py", line 560, in on_connect_check_health
    await self.read_response()
  File "F:\py\Lib\site-packages\redis\asyncio\connection.py", line 747, in read_response
    raise ConnectionError(f"Error while reading from {host_error} : {e.args}")
redis.exceptions.ConnectionError: Error while reading from 192.168.100.128:6379 : (22, '÷∏∂®µƒÕ¯¬Á√˚≤ª‘Ÿø…”√°£', None, 64, None)
----------------------------- Captured log setup ------------------------------
DEBUG    ai_werewolf_core.utils.redis_client:redis_client.py:243 {'max_connections': 300, 'socket_timeout': 10, 'event': 'Redis ¡¨Ω”≥ÿ“—¥¥Ω®', 'level': 'debug', 'logger': 'ai_werewolf_core.utils.redis_client', 'timestamp': '2026-05-14T21:30:15.495701+08:00'}
ERROR    ai_werewolf_core.utils.redis_client:redis_client.py:130 {'host': '192.168.100.128', 'port': 6379, 'error': "Error while reading from 192.168.100.128:6379 : (22, '÷∏∂®µƒÕ¯¬Á√˚≤ª‘Ÿø…”√°£', None, 64, None)", 'event': 'Redis ¡¨Ω”—È÷§ ß∞‹ (PING)', 'level': 'error', 'logger': 'ai_werewolf_core.utils.redis_client', 'timestamp': '2026-05-14T21:30:20.498160+08:00', 'exception': 'Traceback (most recent call last):\n  File "F:\\py\\Lib\\asyncio\\windows_events.py", line 463, in finish_socket_func\n    return ov.getresult()\n           ~~~~~~~~~~~~^^\nOSError: [WinError 64] ÷∏∂®µƒÕ¯¬Á√˚≤ª‘Ÿø…”√°£\n\nDuring handling of the above exception, another exception occurred:\n\nTraceback (most recent call last):\n  File "F:\\py\\Lib\\site-packages\\redis\\asyncio\\connection.py", line 725, in read_response\n    response = await self._parser.read_response(\n               ^^^^^^^^^^^^^^^^^^^^^^^^^^^^^^^^^\n        disable_decoding=disable_decoding\n        ^^^^^^^^^^^^^^^^^^^^^^^^^^^^^^^^^\n    )\n    ^\n  File "F:\\py\\Lib\\site-packages\\redis\\_parsers\\resp2.py", line 82, in read_response\n    response = await self._read_response(disable_decoding=disable_decoding)\n               ^^^^^^^^^^^^^^^^^^^^^^^^^^^^^^^^^^^^^^^^^^^^^^^^^^^^^^^^^^^^\n  File "F:\\py\\Lib\\site-packages\\redis\\_parsers\\resp2.py", line 90, in _read_response\n    raw = await self._readline()\n          ^^^^^^^^^^^^^^^^^^^^^^\n  File "F:\\py\\Lib\\site-packages\\redis\\_parsers\\base.py", line 559, in _readline\n    data = await self._stream.readline()\n           ^^^^^^^^^^^^^^^^^^^^^^^^^^^^^\n  File "F:\\py\\Lib\\asyncio\\streams.py", line 562, in readline\n    line = await self.readuntil(sep)\n           ^^^^^^^^^^^^^^^^^^^^^^^^^\n  File "F:\\py\\Lib\\asyncio\\streams.py", line 677, in readuntil\n    await self._wait_for_data(\'readuntil\')\n  File "F:\\py\\Lib\\asyncio\\streams.py", line 539, in _wait_for_data\n    await self._waiter\n  File "F:\\py\\Lib\\asyncio\\proactor_events.py", line 286, in _loop_reading\n    length = fut.result()\n  File "F:\\py\\Lib\\asyncio\\windows_events.py", line 804, in _poll\n    value = callback(transferred, key, ov)\n  File "F:\\py\\Lib\\asyncio\\windows_events.py", line 467, in finish_socket_func\n    raise ConnectionResetError(*exc.args)\nConnectionResetError: [WinError 64] ÷∏∂®µƒÕ¯¬Á√˚≤ª‘Ÿø…”√°£\n\nDuring handling of the above exception, another exception occurred:\n\nTraceback (most recent call last):\n  File "F:\\YilenaCode\\Werewolf\\ai_werewolf_core\\utils\\redis_client.py", line 128, in get_client\n    await cls._client.ping()\n  File "F:\\py\\Lib\\site-packages\\redis\\asyncio\\client.py", line 764, in execute_command\n    conn = self.connection or await pool.get_connection()\n                              ^^^^^^^^^^^^^^^^^^^^^^^^^^^\n  File "F:\\py\\Lib\\site-packages\\redis\\utils.py", line 227, in async_wrapper\n    return await func(*args, **kwargs)\n           ^^^^^^^^^^^^^^^^^^^^^^^^^^^\n  File "F:\\py\\Lib\\site-packages\\redis\\asyncio\\connection.py", line 1351, in get_connection\n    await self.ensure_connection(connection)\n  File "F:\\py\\Lib\\site-packages\\redis\\asyncio\\connection.py", line 1390, in ensure_connection\n    await connection.connect()\n  File "F:\\py\\Lib\\site-packages\\redis\\asyncio\\connection.py", line 339, in connect\n    await self.retry.call_with_retry(\n    ...<7 lines>...\n    )\n  File "F:\\py\\Lib\\site-packages\\redis\\asyncio\\retry.py", line 81, in call_with_retry\n    raise error\n  File "F:\\py\\Lib\\site-packages\\redis\\asyncio\\retry.py", line 69, in call_with_retry\n    return await do()\n           ^^^^^^^^^^\n  File "F:\\py\\Lib\\site-packages\\redis\\asyncio\\connection.py", line 403, in connect_check_health\n    await self.on_connect_check_health(check_health=check_health)\n  File "F:\\py\\Lib\\site-packages\\redis\\asyncio\\connection.py", line 560, in on_connect_check_health\n    await self.read_response()\n  File "F:\\py\\Lib\\site-packages\\redis\\asyncio\\connection.py", line 747, in read_response\n    raise ConnectionError(f"Error while reading from {host_error} : {e.args}")\nredis.exceptions.ConnectionError: Error while reading from 192.168.100.128:6379 : (22, \'÷∏∂®µƒÕ¯¬Á√˚≤ª‘Ÿø…”√°£\', None, 64, None)'}
___ ERROR at setup of TestLuaStatusTransition.test_status_mismatch_detected ___

trans = 0, key = 0, ov = <_overlapped.Overlapped object at 0x0000027C308356B0>

    @staticmethod
    def finish_socket_func(trans, key, ov):
        try:
>           return ov.getresult()
                   ^^^^^^^^^^^^^^
E           OSError: [WinError 64] ÷∏∂®µƒÕ¯¬Á√˚≤ª‘Ÿø…”√°£

F:\py\Lib\asyncio\windows_events.py:463: OSError

During handling of the above exception, another exception occurred:

self = <redis.asyncio.connection.Connection(host=192.168.100.128,port=6379,db=1)>
disable_decoding = False, timeout = None

    async def read_response(
        self,
        disable_decoding: bool = False,
        timeout: Optional[float] = None,
        *,
        disconnect_on_error: bool = True,
        push_request: Optional[bool] = False,
    ):
        """Read the response from a previously sent command"""
        read_timeout = timeout if timeout is not None else self.socket_timeout
        host_error = self._host_error()
        try:
            if read_timeout is not None and self.protocol in ["3", 3]:
                async with async_timeout(read_timeout):
                    response = await self._parser.read_response(
                        disable_decoding=disable_decoding, push_request=push_request
                    )
            elif read_timeout is not None:
                async with async_timeout(read_timeout):
>                   response = await self._parser.read_response(
                        disable_decoding=disable_decoding

F:\py\Lib\site-packages\redis\asyncio\connection.py:725: 
_ _ _ _ _ _ _ _ _ _ _ _ _ _ _ _ _ _ _ _ _ _ _ _ _ _ _ _ _ _ _ _ _ _ _ _ _ _ _ _
F:\py\Lib\site-packages\redis\_parsers\resp2.py:82: in read_response
    response = await self._read_response(disable_decoding=disable_decoding)
               ^^^^^^^^^^^^^^^^^^^^^^^^^^^^^^^^^^^^^^^^^^^^^^^^^^^^^^^^^^^^
F:\py\Lib\site-packages\redis\_parsers\resp2.py:90: in _read_response
    raw = await self._readline()
          ^^^^^^^^^^^^^^^^^^^^^^
F:\py\Lib\site-packages\redis\_parsers\base.py:559: in _readline
    data = await self._stream.readline()
           ^^^^^^^^^^^^^^^^^^^^^^^^^^^^^
F:\py\Lib\asyncio\streams.py:562: in readline
    line = await self.readuntil(sep)
           ^^^^^^^^^^^^^^^^^^^^^^^^^
F:\py\Lib\asyncio\streams.py:677: in readuntil
    await self._wait_for_data('readuntil')
F:\py\Lib\asyncio\streams.py:539: in _wait_for_data
    await self._waiter
F:\py\Lib\asyncio\proactor_events.py:286: in _loop_reading
    length = fut.result()
             ^^^^^^^^^^^^
F:\py\Lib\asyncio\windows_events.py:804: in _poll
    value = callback(transferred, key, ov)
            ^^^^^^^^^^^^^^^^^^^^^^^^^^^^^^
_ _ _ _ _ _ _ _ _ _ _ _ _ _ _ _ _ _ _ _ _ _ _ _ _ _ _ _ _ _ _ _ _ _ _ _ _ _ _ _

trans = 0, key = 0, ov = <_overlapped.Overlapped object at 0x0000027C308356B0>

    @staticmethod
    def finish_socket_func(trans, key, ov):
        try:
            return ov.getresult()
        except OSError as exc:
            if exc.winerror in (_overlapped.ERROR_NETNAME_DELETED,
                                _overlapped.ERROR_OPERATION_ABORTED):
>               raise ConnectionResetError(*exc.args)
E               ConnectionResetError: [WinError 64] ÷∏∂®µƒÕ¯¬Á√˚≤ª‘Ÿø…”√°£

F:\py\Lib\asyncio\windows_events.py:467: ConnectionResetError

During handling of the above exception, another exception occurred:

    @pytest.fixture(autouse=True)
    async def _setup_lua_scripts():
        """‘⁄√ø∏ˆ≤‚ ‘«∞»∑±£ Lua Ω≈±æ“—º”‘ÿµΩ Redis°£
    
        ’‚ «“ª∏ˆ autouse fixture£¨ª·‘⁄√ø∏ˆ≤‚ ‘∫Ø ˝÷Æ«∞◊‘∂Ø‘À––°£
         π”√ RedisClientManager ÷ÿ÷√»∑±£∏…æªµƒ≤‚ ‘ª∑æ≥°£
        """
        # »∑±£ Redis øÕªß∂À“—≥ı ºªØ
>       await RedisClientManager.get_client()

tests\test_redis_lua.py:43: 
_ _ _ _ _ _ _ _ _ _ _ _ _ _ _ _ _ _ _ _ _ _ _ _ _ _ _ _ _ _ _ _ _ _ _ _ _ _ _ _
ai_werewolf_core\utils\redis_client.py:128: in get_client
    await cls._client.ping()
F:\py\Lib\site-packages\redis\asyncio\client.py:764: in execute_command
    conn = self.connection or await pool.get_connection()
                              ^^^^^^^^^^^^^^^^^^^^^^^^^^^
F:\py\Lib\site-packages\redis\utils.py:227: in async_wrapper
    return await func(*args, **kwargs)
           ^^^^^^^^^^^^^^^^^^^^^^^^^^^
F:\py\Lib\site-packages\redis\asyncio\connection.py:1351: in get_connection
    await self.ensure_connection(connection)
F:\py\Lib\site-packages\redis\asyncio\connection.py:1390: in ensure_connection
    await connection.connect()
F:\py\Lib\site-packages\redis\asyncio\connection.py:339: in connect
    await self.retry.call_with_retry(
F:\py\Lib\site-packages\redis\asyncio\retry.py:81: in call_with_retry
    raise error
F:\py\Lib\site-packages\redis\asyncio\retry.py:69: in call_with_retry
    return await do()
           ^^^^^^^^^^
F:\py\Lib\site-packages\redis\asyncio\connection.py:403: in connect_check_health
    await self.on_connect_check_health(check_health=check_health)
F:\py\Lib\site-packages\redis\asyncio\connection.py:560: in on_connect_check_health
    await self.read_response()
_ _ _ _ _ _ _ _ _ _ _ _ _ _ _ _ _ _ _ _ _ _ _ _ _ _ _ _ _ _ _ _ _ _ _ _ _ _ _ _

self = <redis.asyncio.connection.Connection(host=192.168.100.128,port=6379,db=1)>
disable_decoding = False, timeout = None

    async def read_response(
        self,
        disable_decoding: bool = False,
        timeout: Optional[float] = None,
        *,
        disconnect_on_error: bool = True,
        push_request: Optional[bool] = False,
    ):
        """Read the response from a previously sent command"""
        read_timeout = timeout if timeout is not None else self.socket_timeout
        host_error = self._host_error()
        try:
            if read_timeout is not None and self.protocol in ["3", 3]:
                async with async_timeout(read_timeout):
                    response = await self._parser.read_response(
                        disable_decoding=disable_decoding, push_request=push_request
                    )
            elif read_timeout is not None:
                async with async_timeout(read_timeout):
                    response = await self._parser.read_response(
                        disable_decoding=disable_decoding
                    )
            elif self.protocol in ["3", 3]:
                response = await self._parser.read_response(
                    disable_decoding=disable_decoding, push_request=push_request
                )
            else:
                response = await self._parser.read_response(
                    disable_decoding=disable_decoding
                )
        except asyncio.TimeoutError:
            if timeout is not None:
                # user requested timeout, return None. Operation can be retried
                return None
            # it was a self.socket_timeout error.
            if disconnect_on_error:
                await self.disconnect(nowait=True)
            raise TimeoutError(f"Timeout reading from {host_error}")
        except OSError as e:
            if disconnect_on_error:
                await self.disconnect(nowait=True)
>           raise ConnectionError(f"Error while reading from {host_error} : {e.args}")
E           redis.exceptions.ConnectionError: Error while reading from 192.168.100.128:6379 : (22, '÷∏∂®µƒÕ¯¬Á√˚≤ª‘Ÿø…”√°£', None, 64, None)

F:\py\Lib\site-packages\redis\asyncio\connection.py:747: ConnectionError
---------------------------- Captured stderr setup ----------------------------
[2m2026-05-14T21:30:20.659282+08:00[0m [[32m[1mdebug    [0m] [1mRedis ¡¨Ω”≥ÿ“—¥¥Ω®                  [0m [[0m[1m[34mai_werewolf_core.utils.redis_client[0m][0m [36mmax_connections[0m=[35m300[0m [36msocket_timeout[0m=[35m10[0m
[2m2026-05-14T21:30:25.662735+08:00[0m [[31m[1merror    [0m] [1mRedis ¡¨Ω”—È÷§ ß∞‹ (PING)           [0m [[0m[1m[34mai_werewolf_core.utils.redis_client[0m][0m [36merror[0m=[35m"Error while reading from 192.168.100.128:6379 : (22, '÷∏∂®µƒÕ¯¬Á√˚≤ª‘Ÿø…”√°£', None, 64, None)"[0m [36mhost[0m=[35m192.168.100.128[0m [36mport[0m=[35m6379[0m
Traceback (most recent call last):
  File "F:\py\Lib\asyncio\windows_events.py", line 463, in finish_socket_func
    return ov.getresult()
           ~~~~~~~~~~~~^^
OSError: [WinError 64] ÷∏∂®µƒÕ¯¬Á√˚≤ª‘Ÿø…”√°£

During handling of the above exception, another exception occurred:

Traceback (most recent call last):
  File "F:\py\Lib\site-packages\redis\asyncio\connection.py", line 725, in read_response
    response = await self._parser.read_response(
               ^^^^^^^^^^^^^^^^^^^^^^^^^^^^^^^^^
        disable_decoding=disable_decoding
        ^^^^^^^^^^^^^^^^^^^^^^^^^^^^^^^^^
    )
    ^
  File "F:\py\Lib\site-packages\redis\_parsers\resp2.py", line 82, in read_response
    response = await self._read_response(disable_decoding=disable_decoding)
               ^^^^^^^^^^^^^^^^^^^^^^^^^^^^^^^^^^^^^^^^^^^^^^^^^^^^^^^^^^^^
  File "F:\py\Lib\site-packages\redis\_parsers\resp2.py", line 90, in _read_response
    raw = await self._readline()
          ^^^^^^^^^^^^^^^^^^^^^^
  File "F:\py\Lib\site-packages\redis\_parsers\base.py", line 559, in _readline
    data = await self._stream.readline()
           ^^^^^^^^^^^^^^^^^^^^^^^^^^^^^
  File "F:\py\Lib\asyncio\streams.py", line 562, in readline
    line = await self.readuntil(sep)
           ^^^^^^^^^^^^^^^^^^^^^^^^^
  File "F:\py\Lib\asyncio\streams.py", line 677, in readuntil
    await self._wait_for_data('readuntil')
  File "F:\py\Lib\asyncio\streams.py", line 539, in _wait_for_data
    await self._waiter
  File "F:\py\Lib\asyncio\proactor_events.py", line 286, in _loop_reading
    length = fut.result()
  File "F:\py\Lib\asyncio\windows_events.py", line 804, in _poll
    value = callback(transferred, key, ov)
  File "F:\py\Lib\asyncio\windows_events.py", line 467, in finish_socket_func
    raise ConnectionResetError(*exc.args)
ConnectionResetError: [WinError 64] ÷∏∂®µƒÕ¯¬Á√˚≤ª‘Ÿø…”√°£

During handling of the above exception, another exception occurred:

Traceback (most recent call last):
  File "F:\YilenaCode\Werewolf\ai_werewolf_core\utils\redis_client.py", line 128, in get_client
    await cls._client.ping()
  File "F:\py\Lib\site-packages\redis\asyncio\client.py", line 764, in execute_command
    conn = self.connection or await pool.get_connection()
                              ^^^^^^^^^^^^^^^^^^^^^^^^^^^
  File "F:\py\Lib\site-packages\redis\utils.py", line 227, in async_wrapper
    return await func(*args, **kwargs)
           ^^^^^^^^^^^^^^^^^^^^^^^^^^^
  File "F:\py\Lib\site-packages\redis\asyncio\connection.py", line 1351, in get_connection
    await self.ensure_connection(connection)
  File "F:\py\Lib\site-packages\redis\asyncio\connection.py", line 1390, in ensure_connection
    await connection.connect()
  File "F:\py\Lib\site-packages\redis\asyncio\connection.py", line 339, in connect
    await self.retry.call_with_retry(
    ...<7 lines>...
    )
  File "F:\py\Lib\site-packages\redis\asyncio\retry.py", line 81, in call_with_retry
    raise error
  File "F:\py\Lib\site-packages\redis\asyncio\retry.py", line 69, in call_with_retry
    return await do()
           ^^^^^^^^^^
  File "F:\py\Lib\site-packages\redis\asyncio\connection.py", line 403, in connect_check_health
    await self.on_connect_check_health(check_health=check_health)
  File "F:\py\Lib\site-packages\redis\asyncio\connection.py", line 560, in on_connect_check_health
    await self.read_response()
  File "F:\py\Lib\site-packages\redis\asyncio\connection.py", line 747, in read_response
    raise ConnectionError(f"Error while reading from {host_error} : {e.args}")
redis.exceptions.ConnectionError: Error while reading from 192.168.100.128:6379 : (22, '÷∏∂®µƒÕ¯¬Á√˚≤ª‘Ÿø…”√°£', None, 64, None)
----------------------------- Captured log setup ------------------------------
DEBUG    ai_werewolf_core.utils.redis_client:redis_client.py:243 {'max_connections': 300, 'socket_timeout': 10, 'event': 'Redis ¡¨Ω”≥ÿ“—¥¥Ω®', 'level': 'debug', 'logger': 'ai_werewolf_core.utils.redis_client', 'timestamp': '2026-05-14T21:30:20.659282+08:00'}
ERROR    ai_werewolf_core.utils.redis_client:redis_client.py:130 {'host': '192.168.100.128', 'port': 6379, 'error': "Error while reading from 192.168.100.128:6379 : (22, '÷∏∂®µƒÕ¯¬Á√˚≤ª‘Ÿø…”√°£', None, 64, None)", 'event': 'Redis ¡¨Ω”—È÷§ ß∞‹ (PING)', 'level': 'error', 'logger': 'ai_werewolf_core.utils.redis_client', 'timestamp': '2026-05-14T21:30:25.662735+08:00', 'exception': 'Traceback (most recent call last):\n  File "F:\\py\\Lib\\asyncio\\windows_events.py", line 463, in finish_socket_func\n    return ov.getresult()\n           ~~~~~~~~~~~~^^\nOSError: [WinError 64] ÷∏∂®µƒÕ¯¬Á√˚≤ª‘Ÿø…”√°£\n\nDuring handling of the above exception, another exception occurred:\n\nTraceback (most recent call last):\n  File "F:\\py\\Lib\\site-packages\\redis\\asyncio\\connection.py", line 725, in read_response\n    response = await self._parser.read_response(\n               ^^^^^^^^^^^^^^^^^^^^^^^^^^^^^^^^^\n        disable_decoding=disable_decoding\n        ^^^^^^^^^^^^^^^^^^^^^^^^^^^^^^^^^\n    )\n    ^\n  File "F:\\py\\Lib\\site-packages\\redis\\_parsers\\resp2.py", line 82, in read_response\n    response = await self._read_response(disable_decoding=disable_decoding)\n               ^^^^^^^^^^^^^^^^^^^^^^^^^^^^^^^^^^^^^^^^^^^^^^^^^^^^^^^^^^^^\n  File "F:\\py\\Lib\\site-packages\\redis\\_parsers\\resp2.py", line 90, in _read_response\n    raw = await self._readline()\n          ^^^^^^^^^^^^^^^^^^^^^^\n  File "F:\\py\\Lib\\site-packages\\redis\\_parsers\\base.py", line 559, in _readline\n    data = await self._stream.readline()\n           ^^^^^^^^^^^^^^^^^^^^^^^^^^^^^\n  File "F:\\py\\Lib\\asyncio\\streams.py", line 562, in readline\n    line = await self.readuntil(sep)\n           ^^^^^^^^^^^^^^^^^^^^^^^^^\n  File "F:\\py\\Lib\\asyncio\\streams.py", line 677, in readuntil\n    await self._wait_for_data(\'readuntil\')\n  File "F:\\py\\Lib\\asyncio\\streams.py", line 539, in _wait_for_data\n    await self._waiter\n  File "F:\\py\\Lib\\asyncio\\proactor_events.py", line 286, in _loop_reading\n    length = fut.result()\n  File "F:\\py\\Lib\\asyncio\\windows_events.py", line 804, in _poll\n    value = callback(transferred, key, ov)\n  File "F:\\py\\Lib\\asyncio\\windows_events.py", line 467, in finish_socket_func\n    raise ConnectionResetError(*exc.args)\nConnectionResetError: [WinError 64] ÷∏∂®µƒÕ¯¬Á√˚≤ª‘Ÿø…”√°£\n\nDuring handling of the above exception, another exception occurred:\n\nTraceback (most recent call last):\n  File "F:\\YilenaCode\\Werewolf\\ai_werewolf_core\\utils\\redis_client.py", line 128, in get_client\n    await cls._client.ping()\n  File "F:\\py\\Lib\\site-packages\\redis\\asyncio\\client.py", line 764, in execute_command\n    conn = self.connection or await pool.get_connection()\n                              ^^^^^^^^^^^^^^^^^^^^^^^^^^^\n  File "F:\\py\\Lib\\site-packages\\redis\\utils.py", line 227, in async_wrapper\n    return await func(*args, **kwargs)\n           ^^^^^^^^^^^^^^^^^^^^^^^^^^^\n  File "F:\\py\\Lib\\site-packages\\redis\\asyncio\\connection.py", line 1351, in get_connection\n    await self.ensure_connection(connection)\n  File "F:\\py\\Lib\\site-packages\\redis\\asyncio\\connection.py", line 1390, in ensure_connection\n    await connection.connect()\n  File "F:\\py\\Lib\\site-packages\\redis\\asyncio\\connection.py", line 339, in connect\n    await self.retry.call_with_retry(\n    ...<7 lines>...\n    )\n  File "F:\\py\\Lib\\site-packages\\redis\\asyncio\\retry.py", line 81, in call_with_retry\n    raise error\n  File "F:\\py\\Lib\\site-packages\\redis\\asyncio\\retry.py", line 69, in call_with_retry\n    return await do()\n           ^^^^^^^^^^\n  File "F:\\py\\Lib\\site-packages\\redis\\asyncio\\connection.py", line 403, in connect_check_health\n    await self.on_connect_check_health(check_health=check_health)\n  File "F:\\py\\Lib\\site-packages\\redis\\asyncio\\connection.py", line 560, in on_connect_check_health\n    await self.read_response()\n  File "F:\\py\\Lib\\site-packages\\redis\\asyncio\\connection.py", line 747, in read_response\n    raise ConnectionError(f"Error while reading from {host_error} : {e.args}")\nredis.exceptions.ConnectionError: Error while reading from 192.168.100.128:6379 : (22, \'÷∏∂®µƒÕ¯¬Á√˚≤ª‘Ÿø…”√°£\', None, 64, None)'}
_ ERROR at setup of TestLuaStatusTransition.test_missing_status_defaults_to_init _

trans = 0, key = 0, ov = <_overlapped.Overlapped object at 0x0000027C308352F0>

    @staticmethod
    def finish_socket_func(trans, key, ov):
        try:
>           return ov.getresult()
                   ^^^^^^^^^^^^^^
E           OSError: [WinError 64] ÷∏∂®µƒÕ¯¬Á√˚≤ª‘Ÿø…”√°£

F:\py\Lib\asyncio\windows_events.py:463: OSError

During handling of the above exception, another exception occurred:

self = <redis.asyncio.connection.Connection(host=192.168.100.128,port=6379,db=1)>
disable_decoding = False, timeout = None

    async def read_response(
        self,
        disable_decoding: bool = False,
        timeout: Optional[float] = None,
        *,
        disconnect_on_error: bool = True,
        push_request: Optional[bool] = False,
    ):
        """Read the response from a previously sent command"""
        read_timeout = timeout if timeout is not None else self.socket_timeout
        host_error = self._host_error()
        try:
            if read_timeout is not None and self.protocol in ["3", 3]:
                async with async_timeout(read_timeout):
                    response = await self._parser.read_response(
                        disable_decoding=disable_decoding, push_request=push_request
                    )
            elif read_timeout is not None:
                async with async_timeout(read_timeout):
>                   response = await self._parser.read_response(
                        disable_decoding=disable_decoding

F:\py\Lib\site-packages\redis\asyncio\connection.py:725: 
_ _ _ _ _ _ _ _ _ _ _ _ _ _ _ _ _ _ _ _ _ _ _ _ _ _ _ _ _ _ _ _ _ _ _ _ _ _ _ _
F:\py\Lib\site-packages\redis\_parsers\resp2.py:82: in read_response
    response = await self._read_response(disable_decoding=disable_decoding)
               ^^^^^^^^^^^^^^^^^^^^^^^^^^^^^^^^^^^^^^^^^^^^^^^^^^^^^^^^^^^^
F:\py\Lib\site-packages\redis\_parsers\resp2.py:90: in _read_response
    raw = await self._readline()
          ^^^^^^^^^^^^^^^^^^^^^^
F:\py\Lib\site-packages\redis\_parsers\base.py:559: in _readline
    data = await self._stream.readline()
           ^^^^^^^^^^^^^^^^^^^^^^^^^^^^^
F:\py\Lib\asyncio\streams.py:562: in readline
    line = await self.readuntil(sep)
           ^^^^^^^^^^^^^^^^^^^^^^^^^
F:\py\Lib\asyncio\streams.py:677: in readuntil
    await self._wait_for_data('readuntil')
F:\py\Lib\asyncio\streams.py:539: in _wait_for_data
    await self._waiter
F:\py\Lib\asyncio\proactor_events.py:286: in _loop_reading
    length = fut.result()
             ^^^^^^^^^^^^
F:\py\Lib\asyncio\windows_events.py:804: in _poll
    value = callback(transferred, key, ov)
            ^^^^^^^^^^^^^^^^^^^^^^^^^^^^^^
_ _ _ _ _ _ _ _ _ _ _ _ _ _ _ _ _ _ _ _ _ _ _ _ _ _ _ _ _ _ _ _ _ _ _ _ _ _ _ _

trans = 0, key = 0, ov = <_overlapped.Overlapped object at 0x0000027C308352F0>

    @staticmethod
    def finish_socket_func(trans, key, ov):
        try:
            return ov.getresult()
        except OSError as exc:
            if exc.winerror in (_overlapped.ERROR_NETNAME_DELETED,
                                _overlapped.ERROR_OPERATION_ABORTED):
>               raise ConnectionResetError(*exc.args)
E               ConnectionResetError: [WinError 64] ÷∏∂®µƒÕ¯¬Á√˚≤ª‘Ÿø…”√°£

F:\py\Lib\asyncio\windows_events.py:467: ConnectionResetError

During handling of the above exception, another exception occurred:

    @pytest.fixture(autouse=True)
    async def _setup_lua_scripts():
        """‘⁄√ø∏ˆ≤‚ ‘«∞»∑±£ Lua Ω≈±æ“—º”‘ÿµΩ Redis°£
    
        ’‚ «“ª∏ˆ autouse fixture£¨ª·‘⁄√ø∏ˆ≤‚ ‘∫Ø ˝÷Æ«∞◊‘∂Ø‘À––°£
         π”√ RedisClientManager ÷ÿ÷√»∑±£∏…æªµƒ≤‚ ‘ª∑æ≥°£
        """
        # »∑±£ Redis øÕªß∂À“—≥ı ºªØ
>       await RedisClientManager.get_client()

tests\test_redis_lua.py:43: 
_ _ _ _ _ _ _ _ _ _ _ _ _ _ _ _ _ _ _ _ _ _ _ _ _ _ _ _ _ _ _ _ _ _ _ _ _ _ _ _
ai_werewolf_core\utils\redis_client.py:128: in get_client
    await cls._client.ping()
F:\py\Lib\site-packages\redis\asyncio\client.py:764: in execute_command
    conn = self.connection or await pool.get_connection()
                              ^^^^^^^^^^^^^^^^^^^^^^^^^^^
F:\py\Lib\site-packages\redis\utils.py:227: in async_wrapper
    return await func(*args, **kwargs)
           ^^^^^^^^^^^^^^^^^^^^^^^^^^^
F:\py\Lib\site-packages\redis\asyncio\connection.py:1351: in get_connection
    await self.ensure_connection(connection)
F:\py\Lib\site-packages\redis\asyncio\connection.py:1390: in ensure_connection
    await connection.connect()
F:\py\Lib\site-packages\redis\asyncio\connection.py:339: in connect
    await self.retry.call_with_retry(
F:\py\Lib\site-packages\redis\asyncio\retry.py:81: in call_with_retry
    raise error
F:\py\Lib\site-packages\redis\asyncio\retry.py:69: in call_with_retry
    return await do()
           ^^^^^^^^^^
F:\py\Lib\site-packages\redis\asyncio\connection.py:403: in connect_check_health
    await self.on_connect_check_health(check_health=check_health)
F:\py\Lib\site-packages\redis\asyncio\connection.py:560: in on_connect_check_health
    await self.read_response()
_ _ _ _ _ _ _ _ _ _ _ _ _ _ _ _ _ _ _ _ _ _ _ _ _ _ _ _ _ _ _ _ _ _ _ _ _ _ _ _

self = <redis.asyncio.connection.Connection(host=192.168.100.128,port=6379,db=1)>
disable_decoding = False, timeout = None

    async def read_response(
        self,
        disable_decoding: bool = False,
        timeout: Optional[float] = None,
        *,
        disconnect_on_error: bool = True,
        push_request: Optional[bool] = False,
    ):
        """Read the response from a previously sent command"""
        read_timeout = timeout if timeout is not None else self.socket_timeout
        host_error = self._host_error()
        try:
            if read_timeout is not None and self.protocol in ["3", 3]:
                async with async_timeout(read_timeout):
                    response = await self._parser.read_response(
                        disable_decoding=disable_decoding, push_request=push_request
                    )
            elif read_timeout is not None:
                async with async_timeout(read_timeout):
                    response = await self._parser.read_response(
                        disable_decoding=disable_decoding
                    )
            elif self.protocol in ["3", 3]:
                response = await self._parser.read_response(
                    disable_decoding=disable_decoding, push_request=push_request
                )
            else:
                response = await self._parser.read_response(
                    disable_decoding=disable_decoding
                )
        except asyncio.TimeoutError:
            if timeout is not None:
                # user requested timeout, return None. Operation can be retried
                return None
            # it was a self.socket_timeout error.
            if disconnect_on_error:
                await self.disconnect(nowait=True)
            raise TimeoutError(f"Timeout reading from {host_error}")
        except OSError as e:
            if disconnect_on_error:
                await self.disconnect(nowait=True)
>           raise ConnectionError(f"Error while reading from {host_error} : {e.args}")
E           redis.exceptions.ConnectionError: Error while reading from 192.168.100.128:6379 : (22, '÷∏∂®µƒÕ¯¬Á√˚≤ª‘Ÿø…”√°£', None, 64, None)

F:\py\Lib\site-packages\redis\asyncio\connection.py:747: ConnectionError
---------------------------- Captured stderr setup ----------------------------
[2m2026-05-14T21:30:25.831446+08:00[0m [[32m[1mdebug    [0m] [1mRedis ¡¨Ω”≥ÿ“—¥¥Ω®                  [0m [[0m[1m[34mai_werewolf_core.utils.redis_client[0m][0m [36mmax_connections[0m=[35m300[0m [36msocket_timeout[0m=[35m10[0m
[2m2026-05-14T21:30:30.834369+08:00[0m [[31m[1merror    [0m] [1mRedis ¡¨Ω”—È÷§ ß∞‹ (PING)           [0m [[0m[1m[34mai_werewolf_core.utils.redis_client[0m][0m [36merror[0m=[35m"Error while reading from 192.168.100.128:6379 : (22, '÷∏∂®µƒÕ¯¬Á√˚≤ª‘Ÿø…”√°£', None, 64, None)"[0m [36mhost[0m=[35m192.168.100.128[0m [36mport[0m=[35m6379[0m
Traceback (most recent call last):
  File "F:\py\Lib\asyncio\windows_events.py", line 463, in finish_socket_func
    return ov.getresult()
           ~~~~~~~~~~~~^^
OSError: [WinError 64] ÷∏∂®µƒÕ¯¬Á√˚≤ª‘Ÿø…”√°£

During handling of the above exception, another exception occurred:

Traceback (most recent call last):
  File "F:\py\Lib\site-packages\redis\asyncio\connection.py", line 725, in read_response
    response = await self._parser.read_response(
               ^^^^^^^^^^^^^^^^^^^^^^^^^^^^^^^^^
        disable_decoding=disable_decoding
        ^^^^^^^^^^^^^^^^^^^^^^^^^^^^^^^^^
    )
    ^
  File "F:\py\Lib\site-packages\redis\_parsers\resp2.py", line 82, in read_response
    response = await self._read_response(disable_decoding=disable_decoding)
               ^^^^^^^^^^^^^^^^^^^^^^^^^^^^^^^^^^^^^^^^^^^^^^^^^^^^^^^^^^^^
  File "F:\py\Lib\site-packages\redis\_parsers\resp2.py", line 90, in _read_response
    raw = await self._readline()
          ^^^^^^^^^^^^^^^^^^^^^^
  File "F:\py\Lib\site-packages\redis\_parsers\base.py", line 559, in _readline
    data = await self._stream.readline()
           ^^^^^^^^^^^^^^^^^^^^^^^^^^^^^
  File "F:\py\Lib\asyncio\streams.py", line 562, in readline
    line = await self.readuntil(sep)
           ^^^^^^^^^^^^^^^^^^^^^^^^^
  File "F:\py\Lib\asyncio\streams.py", line 677, in readuntil
    await self._wait_for_data('readuntil')
  File "F:\py\Lib\asyncio\streams.py", line 539, in _wait_for_data
    await self._waiter
  File "F:\py\Lib\asyncio\proactor_events.py", line 286, in _loop_reading
    length = fut.result()
  File "F:\py\Lib\asyncio\windows_events.py", line 804, in _poll
    value = callback(transferred, key, ov)
  File "F:\py\Lib\asyncio\windows_events.py", line 467, in finish_socket_func
    raise ConnectionResetError(*exc.args)
ConnectionResetError: [WinError 64] ÷∏∂®µƒÕ¯¬Á√˚≤ª‘Ÿø…”√°£

During handling of the above exception, another exception occurred:

Traceback (most recent call last):
  File "F:\YilenaCode\Werewolf\ai_werewolf_core\utils\redis_client.py", line 128, in get_client
    await cls._client.ping()
  File "F:\py\Lib\site-packages\redis\asyncio\client.py", line 764, in execute_command
    conn = self.connection or await pool.get_connection()
                              ^^^^^^^^^^^^^^^^^^^^^^^^^^^
  File "F:\py\Lib\site-packages\redis\utils.py", line 227, in async_wrapper
    return await func(*args, **kwargs)
           ^^^^^^^^^^^^^^^^^^^^^^^^^^^
  File "F:\py\Lib\site-packages\redis\asyncio\connection.py", line 1351, in get_connection
    await self.ensure_connection(connection)
  File "F:\py\Lib\site-packages\redis\asyncio\connection.py", line 1390, in ensure_connection
    await connection.connect()
  File "F:\py\Lib\site-packages\redis\asyncio\connection.py", line 339, in connect
    await self.retry.call_with_retry(
    ...<7 lines>...
    )
  File "F:\py\Lib\site-packages\redis\asyncio\retry.py", line 81, in call_with_retry
    raise error
  File "F:\py\Lib\site-packages\redis\asyncio\retry.py", line 69, in call_with_retry
    return await do()
           ^^^^^^^^^^
  File "F:\py\Lib\site-packages\redis\asyncio\connection.py", line 403, in connect_check_health
    await self.on_connect_check_health(check_health=check_health)
  File "F:\py\Lib\site-packages\redis\asyncio\connection.py", line 560, in on_connect_check_health
    await self.read_response()
  File "F:\py\Lib\site-packages\redis\asyncio\connection.py", line 747, in read_response
    raise ConnectionError(f"Error while reading from {host_error} : {e.args}")
redis.exceptions.ConnectionError: Error while reading from 192.168.100.128:6379 : (22, '÷∏∂®µƒÕ¯¬Á√˚≤ª‘Ÿø…”√°£', None, 64, None)
----------------------------- Captured log setup ------------------------------
DEBUG    ai_werewolf_core.utils.redis_client:redis_client.py:243 {'max_connections': 300, 'socket_timeout': 10, 'event': 'Redis ¡¨Ω”≥ÿ“—¥¥Ω®', 'level': 'debug', 'logger': 'ai_werewolf_core.utils.redis_client', 'timestamp': '2026-05-14T21:30:25.831446+08:00'}
ERROR    ai_werewolf_core.utils.redis_client:redis_client.py:130 {'host': '192.168.100.128', 'port': 6379, 'error': "Error while reading from 192.168.100.128:6379 : (22, '÷∏∂®µƒÕ¯¬Á√˚≤ª‘Ÿø…”√°£', None, 64, None)", 'event': 'Redis ¡¨Ω”—È÷§ ß∞‹ (PING)', 'level': 'error', 'logger': 'ai_werewolf_core.utils.redis_client', 'timestamp': '2026-05-14T21:30:30.834369+08:00', 'exception': 'Traceback (most recent call last):\n  File "F:\\py\\Lib\\asyncio\\windows_events.py", line 463, in finish_socket_func\n    return ov.getresult()\n           ~~~~~~~~~~~~^^\nOSError: [WinError 64] ÷∏∂®µƒÕ¯¬Á√˚≤ª‘Ÿø…”√°£\n\nDuring handling of the above exception, another exception occurred:\n\nTraceback (most recent call last):\n  File "F:\\py\\Lib\\site-packages\\redis\\asyncio\\connection.py", line 725, in read_response\n    response = await self._parser.read_response(\n               ^^^^^^^^^^^^^^^^^^^^^^^^^^^^^^^^^\n        disable_decoding=disable_decoding\n        ^^^^^^^^^^^^^^^^^^^^^^^^^^^^^^^^^\n    )\n    ^\n  File "F:\\py\\Lib\\site-packages\\redis\\_parsers\\resp2.py", line 82, in read_response\n    response = await self._read_response(disable_decoding=disable_decoding)\n               ^^^^^^^^^^^^^^^^^^^^^^^^^^^^^^^^^^^^^^^^^^^^^^^^^^^^^^^^^^^^\n  File "F:\\py\\Lib\\site-packages\\redis\\_parsers\\resp2.py", line 90, in _read_response\n    raw = await self._readline()\n          ^^^^^^^^^^^^^^^^^^^^^^\n  File "F:\\py\\Lib\\site-packages\\redis\\_parsers\\base.py", line 559, in _readline\n    data = await self._stream.readline()\n           ^^^^^^^^^^^^^^^^^^^^^^^^^^^^^\n  File "F:\\py\\Lib\\asyncio\\streams.py", line 562, in readline\n    line = await self.readuntil(sep)\n           ^^^^^^^^^^^^^^^^^^^^^^^^^\n  File "F:\\py\\Lib\\asyncio\\streams.py", line 677, in readuntil\n    await self._wait_for_data(\'readuntil\')\n  File "F:\\py\\Lib\\asyncio\\streams.py", line 539, in _wait_for_data\n    await self._waiter\n  File "F:\\py\\Lib\\asyncio\\proactor_events.py", line 286, in _loop_reading\n    length = fut.result()\n  File "F:\\py\\Lib\\asyncio\\windows_events.py", line 804, in _poll\n    value = callback(transferred, key, ov)\n  File "F:\\py\\Lib\\asyncio\\windows_events.py", line 467, in finish_socket_func\n    raise ConnectionResetError(*exc.args)\nConnectionResetError: [WinError 64] ÷∏∂®µƒÕ¯¬Á√˚≤ª‘Ÿø…”√°£\n\nDuring handling of the above exception, another exception occurred:\n\nTraceback (most recent call last):\n  File "F:\\YilenaCode\\Werewolf\\ai_werewolf_core\\utils\\redis_client.py", line 128, in get_client\n    await cls._client.ping()\n  File "F:\\py\\Lib\\site-packages\\redis\\asyncio\\client.py", line 764, in execute_command\n    conn = self.connection or await pool.get_connection()\n                              ^^^^^^^^^^^^^^^^^^^^^^^^^^^\n  File "F:\\py\\Lib\\site-packages\\redis\\utils.py", line 227, in async_wrapper\n    return await func(*args, **kwargs)\n           ^^^^^^^^^^^^^^^^^^^^^^^^^^^\n  File "F:\\py\\Lib\\site-packages\\redis\\asyncio\\connection.py", line 1351, in get_connection\n    await self.ensure_connection(connection)\n  File "F:\\py\\Lib\\site-packages\\redis\\asyncio\\connection.py", line 1390, in ensure_connection\n    await connection.connect()\n  File "F:\\py\\Lib\\site-packages\\redis\\asyncio\\connection.py", line 339, in connect\n    await self.retry.call_with_retry(\n    ...<7 lines>...\n    )\n  File "F:\\py\\Lib\\site-packages\\redis\\asyncio\\retry.py", line 81, in call_with_retry\n    raise error\n  File "F:\\py\\Lib\\site-packages\\redis\\asyncio\\retry.py", line 69, in call_with_retry\n    return await do()\n           ^^^^^^^^^^\n  File "F:\\py\\Lib\\site-packages\\redis\\asyncio\\connection.py", line 403, in connect_check_health\n    await self.on_connect_check_health(check_health=check_health)\n  File "F:\\py\\Lib\\site-packages\\redis\\asyncio\\connection.py", line 560, in on_connect_check_health\n    await self.read_response()\n  File "F:\\py\\Lib\\site-packages\\redis\\asyncio\\connection.py", line 747, in read_response\n    raise ConnectionError(f"Error while reading from {host_error} : {e.args}")\nredis.exceptions.ConnectionError: Error while reading from 192.168.100.128:6379 : (22, \'÷∏∂®µƒÕ¯¬Á√˚≤ª‘Ÿø…”√°£\', None, 64, None)'}
_ ERROR at setup of TestNoScriptFallback.test_evalsha_falls_back_to_eval_on_noscript _

trans = 0, key = 0, ov = <_overlapped.Overlapped object at 0x0000027C30834330>

    @staticmethod
    def finish_socket_func(trans, key, ov):
        try:
>           return ov.getresult()
                   ^^^^^^^^^^^^^^
E           OSError: [WinError 64] ÷∏∂®µƒÕ¯¬Á√˚≤ª‘Ÿø…”√°£

F:\py\Lib\asyncio\windows_events.py:463: OSError

During handling of the above exception, another exception occurred:

self = <redis.asyncio.connection.Connection(host=192.168.100.128,port=6379,db=1)>
disable_decoding = False, timeout = None

    async def read_response(
        self,
        disable_decoding: bool = False,
        timeout: Optional[float] = None,
        *,
        disconnect_on_error: bool = True,
        push_request: Optional[bool] = False,
    ):
        """Read the response from a previously sent command"""
        read_timeout = timeout if timeout is not None else self.socket_timeout
        host_error = self._host_error()
        try:
            if read_timeout is not None and self.protocol in ["3", 3]:
                async with async_timeout(read_timeout):
                    response = await self._parser.read_response(
                        disable_decoding=disable_decoding, push_request=push_request
                    )
            elif read_timeout is not None:
                async with async_timeout(read_timeout):
>                   response = await self._parser.read_response(
                        disable_decoding=disable_decoding

F:\py\Lib\site-packages\redis\asyncio\connection.py:725: 
_ _ _ _ _ _ _ _ _ _ _ _ _ _ _ _ _ _ _ _ _ _ _ _ _ _ _ _ _ _ _ _ _ _ _ _ _ _ _ _
F:\py\Lib\site-packages\redis\_parsers\resp2.py:82: in read_response
    response = await self._read_response(disable_decoding=disable_decoding)
               ^^^^^^^^^^^^^^^^^^^^^^^^^^^^^^^^^^^^^^^^^^^^^^^^^^^^^^^^^^^^
F:\py\Lib\site-packages\redis\_parsers\resp2.py:90: in _read_response
    raw = await self._readline()
          ^^^^^^^^^^^^^^^^^^^^^^
F:\py\Lib\site-packages\redis\_parsers\base.py:559: in _readline
    data = await self._stream.readline()
           ^^^^^^^^^^^^^^^^^^^^^^^^^^^^^
F:\py\Lib\asyncio\streams.py:562: in readline
    line = await self.readuntil(sep)
           ^^^^^^^^^^^^^^^^^^^^^^^^^
F:\py\Lib\asyncio\streams.py:677: in readuntil
    await self._wait_for_data('readuntil')
F:\py\Lib\asyncio\streams.py:539: in _wait_for_data
    await self._waiter
F:\py\Lib\asyncio\proactor_events.py:286: in _loop_reading
    length = fut.result()
             ^^^^^^^^^^^^
F:\py\Lib\asyncio\windows_events.py:804: in _poll
    value = callback(transferred, key, ov)
            ^^^^^^^^^^^^^^^^^^^^^^^^^^^^^^
_ _ _ _ _ _ _ _ _ _ _ _ _ _ _ _ _ _ _ _ _ _ _ _ _ _ _ _ _ _ _ _ _ _ _ _ _ _ _ _

trans = 0, key = 0, ov = <_overlapped.Overlapped object at 0x0000027C30834330>

    @staticmethod
    def finish_socket_func(trans, key, ov):
        try:
            return ov.getresult()
        except OSError as exc:
            if exc.winerror in (_overlapped.ERROR_NETNAME_DELETED,
                                _overlapped.ERROR_OPERATION_ABORTED):
>               raise ConnectionResetError(*exc.args)
E               ConnectionResetError: [WinError 64] ÷∏∂®µƒÕ¯¬Á√˚≤ª‘Ÿø…”√°£

F:\py\Lib\asyncio\windows_events.py:467: ConnectionResetError

During handling of the above exception, another exception occurred:

    @pytest.fixture(autouse=True)
    async def _setup_lua_scripts():
        """‘⁄√ø∏ˆ≤‚ ‘«∞»∑±£ Lua Ω≈±æ“—º”‘ÿµΩ Redis°£
    
        ’‚ «“ª∏ˆ autouse fixture£¨ª·‘⁄√ø∏ˆ≤‚ ‘∫Ø ˝÷Æ«∞◊‘∂Ø‘À––°£
         π”√ RedisClientManager ÷ÿ÷√»∑±£∏…æªµƒ≤‚ ‘ª∑æ≥°£
        """
        # »∑±£ Redis øÕªß∂À“—≥ı ºªØ
>       await RedisClientManager.get_client()

tests\test_redis_lua.py:43: 
_ _ _ _ _ _ _ _ _ _ _ _ _ _ _ _ _ _ _ _ _ _ _ _ _ _ _ _ _ _ _ _ _ _ _ _ _ _ _ _
ai_werewolf_core\utils\redis_client.py:128: in get_client
    await cls._client.ping()
F:\py\Lib\site-packages\redis\asyncio\client.py:764: in execute_command
    conn = self.connection or await pool.get_connection()
                              ^^^^^^^^^^^^^^^^^^^^^^^^^^^
F:\py\Lib\site-packages\redis\utils.py:227: in async_wrapper
    return await func(*args, **kwargs)
           ^^^^^^^^^^^^^^^^^^^^^^^^^^^
F:\py\Lib\site-packages\redis\asyncio\connection.py:1351: in get_connection
    await self.ensure_connection(connection)
F:\py\Lib\site-packages\redis\asyncio\connection.py:1390: in ensure_connection
    await connection.connect()
F:\py\Lib\site-packages\redis\asyncio\connection.py:339: in connect
    await self.retry.call_with_retry(
F:\py\Lib\site-packages\redis\asyncio\retry.py:81: in call_with_retry
    raise error
F:\py\Lib\site-packages\redis\asyncio\retry.py:69: in call_with_retry
    return await do()
           ^^^^^^^^^^
F:\py\Lib\site-packages\redis\asyncio\connection.py:403: in connect_check_health
    await self.on_connect_check_health(check_health=check_health)
F:\py\Lib\site-packages\redis\asyncio\connection.py:560: in on_connect_check_health
    await self.read_response()
_ _ _ _ _ _ _ _ _ _ _ _ _ _ _ _ _ _ _ _ _ _ _ _ _ _ _ _ _ _ _ _ _ _ _ _ _ _ _ _

self = <redis.asyncio.connection.Connection(host=192.168.100.128,port=6379,db=1)>
disable_decoding = False, timeout = None

    async def read_response(
        self,
        disable_decoding: bool = False,
        timeout: Optional[float] = None,
        *,
        disconnect_on_error: bool = True,
        push_request: Optional[bool] = False,
    ):
        """Read the response from a previously sent command"""
        read_timeout = timeout if timeout is not None else self.socket_timeout
        host_error = self._host_error()
        try:
            if read_timeout is not None and self.protocol in ["3", 3]:
                async with async_timeout(read_timeout):
                    response = await self._parser.read_response(
                        disable_decoding=disable_decoding, push_request=push_request
                    )
            elif read_timeout is not None:
                async with async_timeout(read_timeout):
                    response = await self._parser.read_response(
                        disable_decoding=disable_decoding
                    )
            elif self.protocol in ["3", 3]:
                response = await self._parser.read_response(
                    disable_decoding=disable_decoding, push_request=push_request
                )
            else:
                response = await self._parser.read_response(
                    disable_decoding=disable_decoding
                )
        except asyncio.TimeoutError:
            if timeout is not None:
                # user requested timeout, return None. Operation can be retried
                return None
            # it was a self.socket_timeout error.
            if disconnect_on_error:
                await self.disconnect(nowait=True)
            raise TimeoutError(f"Timeout reading from {host_error}")
        except OSError as e:
            if disconnect_on_error:
                await self.disconnect(nowait=True)
>           raise ConnectionError(f"Error while reading from {host_error} : {e.args}")
E           redis.exceptions.ConnectionError: Error while reading from 192.168.100.128:6379 : (22, '÷∏∂®µƒÕ¯¬Á√˚≤ª‘Ÿø…”√°£', None, 64, None)

F:\py\Lib\site-packages\redis\asyncio\connection.py:747: ConnectionError
---------------------------- Captured stderr setup ----------------------------
[2m2026-05-14T21:30:31.017058+08:00[0m [[32m[1mdebug    [0m] [1mRedis ¡¨Ω”≥ÿ“—¥¥Ω®                  [0m [[0m[1m[34mai_werewolf_core.utils.redis_client[0m][0m [36mmax_connections[0m=[35m300[0m [36msocket_timeout[0m=[35m10[0m
[2m2026-05-14T21:30:36.019996+08:00[0m [[31m[1merror    [0m] [1mRedis ¡¨Ω”—È÷§ ß∞‹ (PING)           [0m [[0m[1m[34mai_werewolf_core.utils.redis_client[0m][0m [36merror[0m=[35m"Error while reading from 192.168.100.128:6379 : (22, '÷∏∂®µƒÕ¯¬Á√˚≤ª‘Ÿø…”√°£', None, 64, None)"[0m [36mhost[0m=[35m192.168.100.128[0m [36mport[0m=[35m6379[0m
Traceback (most recent call last):
  File "F:\py\Lib\asyncio\windows_events.py", line 463, in finish_socket_func
    return ov.getresult()
           ~~~~~~~~~~~~^^
OSError: [WinError 64] ÷∏∂®µƒÕ¯¬Á√˚≤ª‘Ÿø…”√°£

During handling of the above exception, another exception occurred:

Traceback (most recent call last):
  File "F:\py\Lib\site-packages\redis\asyncio\connection.py", line 725, in read_response
    response = await self._parser.read_response(
               ^^^^^^^^^^^^^^^^^^^^^^^^^^^^^^^^^
        disable_decoding=disable_decoding
        ^^^^^^^^^^^^^^^^^^^^^^^^^^^^^^^^^
    )
    ^
  File "F:\py\Lib\site-packages\redis\_parsers\resp2.py", line 82, in read_response
    response = await self._read_response(disable_decoding=disable_decoding)
               ^^^^^^^^^^^^^^^^^^^^^^^^^^^^^^^^^^^^^^^^^^^^^^^^^^^^^^^^^^^^
  File "F:\py\Lib\site-packages\redis\_parsers\resp2.py", line 90, in _read_response
    raw = await self._readline()
          ^^^^^^^^^^^^^^^^^^^^^^
  File "F:\py\Lib\site-packages\redis\_parsers\base.py", line 559, in _readline
    data = await self._stream.readline()
           ^^^^^^^^^^^^^^^^^^^^^^^^^^^^^
  File "F:\py\Lib\asyncio\streams.py", line 562, in readline
    line = await self.readuntil(sep)
           ^^^^^^^^^^^^^^^^^^^^^^^^^
  File "F:\py\Lib\asyncio\streams.py", line 677, in readuntil
    await self._wait_for_data('readuntil')
  File "F:\py\Lib\asyncio\streams.py", line 539, in _wait_for_data
    await self._waiter
  File "F:\py\Lib\asyncio\proactor_events.py", line 286, in _loop_reading
    length = fut.result()
  File "F:\py\Lib\asyncio\windows_events.py", line 804, in _poll
    value = callback(transferred, key, ov)
  File "F:\py\Lib\asyncio\windows_events.py", line 467, in finish_socket_func
    raise ConnectionResetError(*exc.args)
ConnectionResetError: [WinError 64] ÷∏∂®µƒÕ¯¬Á√˚≤ª‘Ÿø…”√°£

During handling of the above exception, another exception occurred:

Traceback (most recent call last):
  File "F:\YilenaCode\Werewolf\ai_werewolf_core\utils\redis_client.py", line 128, in get_client
    await cls._client.ping()
  File "F:\py\Lib\site-packages\redis\asyncio\client.py", line 764, in execute_command
    conn = self.connection or await pool.get_connection()
                              ^^^^^^^^^^^^^^^^^^^^^^^^^^^
  File "F:\py\Lib\site-packages\redis\utils.py", line 227, in async_wrapper
    return await func(*args, **kwargs)
           ^^^^^^^^^^^^^^^^^^^^^^^^^^^
  File "F:\py\Lib\site-packages\redis\asyncio\connection.py", line 1351, in get_connection
    await self.ensure_connection(connection)
  File "F:\py\Lib\site-packages\redis\asyncio\connection.py", line 1390, in ensure_connection
    await connection.connect()
  File "F:\py\Lib\site-packages\redis\asyncio\connection.py", line 339, in connect
    await self.retry.call_with_retry(
    ...<7 lines>...
    )
  File "F:\py\Lib\site-packages\redis\asyncio\retry.py", line 81, in call_with_retry
    raise error
  File "F:\py\Lib\site-packages\redis\asyncio\retry.py", line 69, in call_with_retry
    return await do()
           ^^^^^^^^^^
  File "F:\py\Lib\site-packages\redis\asyncio\connection.py", line 403, in connect_check_health
    await self.on_connect_check_health(check_health=check_health)
  File "F:\py\Lib\site-packages\redis\asyncio\connection.py", line 560, in on_connect_check_health
    await self.read_response()
  File "F:\py\Lib\site-packages\redis\asyncio\connection.py", line 747, in read_response
    raise ConnectionError(f"Error while reading from {host_error} : {e.args}")
redis.exceptions.ConnectionError: Error while reading from 192.168.100.128:6379 : (22, '÷∏∂®µƒÕ¯¬Á√˚≤ª‘Ÿø…”√°£', None, 64, None)
----------------------------- Captured log setup ------------------------------
DEBUG    ai_werewolf_core.utils.redis_client:redis_client.py:243 {'max_connections': 300, 'socket_timeout': 10, 'event': 'Redis ¡¨Ω”≥ÿ“—¥¥Ω®', 'level': 'debug', 'logger': 'ai_werewolf_core.utils.redis_client', 'timestamp': '2026-05-14T21:30:31.017058+08:00'}
ERROR    ai_werewolf_core.utils.redis_client:redis_client.py:130 {'host': '192.168.100.128', 'port': 6379, 'error': "Error while reading from 192.168.100.128:6379 : (22, '÷∏∂®µƒÕ¯¬Á√˚≤ª‘Ÿø…”√°£', None, 64, None)", 'event': 'Redis ¡¨Ω”—È÷§ ß∞‹ (PING)', 'level': 'error', 'logger': 'ai_werewolf_core.utils.redis_client', 'timestamp': '2026-05-14T21:30:36.019996+08:00', 'exception': 'Traceback (most recent call last):\n  File "F:\\py\\Lib\\asyncio\\windows_events.py", line 463, in finish_socket_func\n    return ov.getresult()\n           ~~~~~~~~~~~~^^\nOSError: [WinError 64] ÷∏∂®µƒÕ¯¬Á√˚≤ª‘Ÿø…”√°£\n\nDuring handling of the above exception, another exception occurred:\n\nTraceback (most recent call last):\n  File "F:\\py\\Lib\\site-packages\\redis\\asyncio\\connection.py", line 725, in read_response\n    response = await self._parser.read_response(\n               ^^^^^^^^^^^^^^^^^^^^^^^^^^^^^^^^^\n        disable_decoding=disable_decoding\n        ^^^^^^^^^^^^^^^^^^^^^^^^^^^^^^^^^\n    )\n    ^\n  File "F:\\py\\Lib\\site-packages\\redis\\_parsers\\resp2.py", line 82, in read_response\n    response = await self._read_response(disable_decoding=disable_decoding)\n               ^^^^^^^^^^^^^^^^^^^^^^^^^^^^^^^^^^^^^^^^^^^^^^^^^^^^^^^^^^^^\n  File "F:\\py\\Lib\\site-packages\\redis\\_parsers\\resp2.py", line 90, in _read_response\n    raw = await self._readline()\n          ^^^^^^^^^^^^^^^^^^^^^^\n  File "F:\\py\\Lib\\site-packages\\redis\\_parsers\\base.py", line 559, in _readline\n    data = await self._stream.readline()\n           ^^^^^^^^^^^^^^^^^^^^^^^^^^^^^\n  File "F:\\py\\Lib\\asyncio\\streams.py", line 562, in readline\n    line = await self.readuntil(sep)\n           ^^^^^^^^^^^^^^^^^^^^^^^^^\n  File "F:\\py\\Lib\\asyncio\\streams.py", line 677, in readuntil\n    await self._wait_for_data(\'readuntil\')\n  File "F:\\py\\Lib\\asyncio\\streams.py", line 539, in _wait_for_data\n    await self._waiter\n  File "F:\\py\\Lib\\asyncio\\proactor_events.py", line 286, in _loop_reading\n    length = fut.result()\n  File "F:\\py\\Lib\\asyncio\\windows_events.py", line 804, in _poll\n    value = callback(transferred, key, ov)\n  File "F:\\py\\Lib\\asyncio\\windows_events.py", line 467, in finish_socket_func\n    raise ConnectionResetError(*exc.args)\nConnectionResetError: [WinError 64] ÷∏∂®µƒÕ¯¬Á√˚≤ª‘Ÿø…”√°£\n\nDuring handling of the above exception, another exception occurred:\n\nTraceback (most recent call last):\n  File "F:\\YilenaCode\\Werewolf\\ai_werewolf_core\\utils\\redis_client.py", line 128, in get_client\n    await cls._client.ping()\n  File "F:\\py\\Lib\\site-packages\\redis\\asyncio\\client.py", line 764, in execute_command\n    conn = self.connection or await pool.get_connection()\n                              ^^^^^^^^^^^^^^^^^^^^^^^^^^^\n  File "F:\\py\\Lib\\site-packages\\redis\\utils.py", line 227, in async_wrapper\n    return await func(*args, **kwargs)\n           ^^^^^^^^^^^^^^^^^^^^^^^^^^^\n  File "F:\\py\\Lib\\site-packages\\redis\\asyncio\\connection.py", line 1351, in get_connection\n    await self.ensure_connection(connection)\n  File "F:\\py\\Lib\\site-packages\\redis\\asyncio\\connection.py", line 1390, in ensure_connection\n    await connection.connect()\n  File "F:\\py\\Lib\\site-packages\\redis\\asyncio\\connection.py", line 339, in connect\n    await self.retry.call_with_retry(\n    ...<7 lines>...\n    )\n  File "F:\\py\\Lib\\site-packages\\redis\\asyncio\\retry.py", line 81, in call_with_retry\n    raise error\n  File "F:\\py\\Lib\\site-packages\\redis\\asyncio\\retry.py", line 69, in call_with_retry\n    return await do()\n           ^^^^^^^^^^\n  File "F:\\py\\Lib\\site-packages\\redis\\asyncio\\connection.py", line 403, in connect_check_health\n    await self.on_connect_check_health(check_health=check_health)\n  File "F:\\py\\Lib\\site-packages\\redis\\asyncio\\connection.py", line 560, in on_connect_check_health\n    await self.read_response()\n  File "F:\\py\\Lib\\site-packages\\redis\\asyncio\\connection.py", line 747, in read_response\n    raise ConnectionError(f"Error while reading from {host_error} : {e.args}")\nredis.exceptions.ConnectionError: Error while reading from 192.168.100.128:6379 : (22, \'÷∏∂®µƒÕ¯¬Á√˚≤ª‘Ÿø…”√°£\', None, 64, None)'}
================================== FAILURES ===================================
_____________________ test_event_bus_publish_and_seq_num ______________________

trans = 0, key = 0, ov = <_overlapped.Overlapped object at 0x0000027C30837570>

    @staticmethod
    def finish_socket_func(trans, key, ov):
        try:
>           return ov.getresult()
                   ^^^^^^^^^^^^^^
E           OSError: [WinError 64] ÷∏∂®µƒÕ¯¬Á√˚≤ª‘Ÿø…”√°£

F:\py\Lib\asyncio\windows_events.py:463: OSError

During handling of the above exception, another exception occurred:

self = <redis.asyncio.connection.Connection(host=192.168.100.128,port=6379,db=1)>
disable_decoding = False, timeout = None

    async def read_response(
        self,
        disable_decoding: bool = False,
        timeout: Optional[float] = None,
        *,
        disconnect_on_error: bool = True,
        push_request: Optional[bool] = False,
    ):
        """Read the response from a previously sent command"""
        read_timeout = timeout if timeout is not None else self.socket_timeout
        host_error = self._host_error()
        try:
            if read_timeout is not None and self.protocol in ["3", 3]:
                async with async_timeout(read_timeout):
                    response = await self._parser.read_response(
                        disable_decoding=disable_decoding, push_request=push_request
                    )
            elif read_timeout is not None:
                async with async_timeout(read_timeout):
>                   response = await self._parser.read_response(
                        disable_decoding=disable_decoding

F:\py\Lib\site-packages\redis\asyncio\connection.py:725: 
_ _ _ _ _ _ _ _ _ _ _ _ _ _ _ _ _ _ _ _ _ _ _ _ _ _ _ _ _ _ _ _ _ _ _ _ _ _ _ _
F:\py\Lib\site-packages\redis\_parsers\resp2.py:82: in read_response
    response = await self._read_response(disable_decoding=disable_decoding)
               ^^^^^^^^^^^^^^^^^^^^^^^^^^^^^^^^^^^^^^^^^^^^^^^^^^^^^^^^^^^^
F:\py\Lib\site-packages\redis\_parsers\resp2.py:90: in _read_response
    raw = await self._readline()
          ^^^^^^^^^^^^^^^^^^^^^^
F:\py\Lib\site-packages\redis\_parsers\base.py:559: in _readline
    data = await self._stream.readline()
           ^^^^^^^^^^^^^^^^^^^^^^^^^^^^^
F:\py\Lib\asyncio\streams.py:562: in readline
    line = await self.readuntil(sep)
           ^^^^^^^^^^^^^^^^^^^^^^^^^
F:\py\Lib\asyncio\streams.py:677: in readuntil
    await self._wait_for_data('readuntil')
F:\py\Lib\asyncio\streams.py:539: in _wait_for_data
    await self._waiter
F:\py\Lib\asyncio\proactor_events.py:286: in _loop_reading
    length = fut.result()
             ^^^^^^^^^^^^
F:\py\Lib\asyncio\windows_events.py:804: in _poll
    value = callback(transferred, key, ov)
            ^^^^^^^^^^^^^^^^^^^^^^^^^^^^^^
_ _ _ _ _ _ _ _ _ _ _ _ _ _ _ _ _ _ _ _ _ _ _ _ _ _ _ _ _ _ _ _ _ _ _ _ _ _ _ _

trans = 0, key = 0, ov = <_overlapped.Overlapped object at 0x0000027C30837570>

    @staticmethod
    def finish_socket_func(trans, key, ov):
        try:
            return ov.getresult()
        except OSError as exc:
            if exc.winerror in (_overlapped.ERROR_NETNAME_DELETED,
                                _overlapped.ERROR_OPERATION_ABORTED):
>               raise ConnectionResetError(*exc.args)
E               ConnectionResetError: [WinError 64] ÷∏∂®µƒÕ¯¬Á√˚≤ª‘Ÿø…”√°£

F:\py\Lib\asyncio\windows_events.py:467: ConnectionResetError

During handling of the above exception, another exception occurred:

self = <ai_werewolf_core.utils.redis_seq.RedisSeqGenerator object at 0x0000027C30466BA0>

    async def _get_client(self) -> aioredis.Redis:
        """ªÒ»° Redis øÕªß∂À£¨Õ®π˝π≤œÌ¡¨Ω”≥ÿπ‹¿Ì∆˜°£
    
         π”√ :class:`RedisClientManager` ªÒ»°»´æ÷π≤œÌµƒ Redis øÕªß∂À£¨
        ±‹√‚√ø∏ˆƒ£øÈ∂¿¡¢¥¥Ω®¡¨Ω”≥ÿµº÷¬¡¨Ω” ˝≈Ú’Õ°£
    
        Returns:
            π≤œÌµƒ :class:`redis.asyncio.Redis` øÕªß∂À µ¿˝°£
    
        Raises:
            RedisUnavailableException: ∑¢∫≈∆˜“—πÿ±’ªÚ Redis ≤ªø…”√°£
        """
        if self._closed:
            raise RedisUnavailableException("Redis  ±–Ú∑¢∫≈∆˜“—πÿ±’")
    
        if self._redis is None:
            try:
>               self._redis = await RedisClientManager.get_client()
                              ^^^^^^^^^^^^^^^^^^^^^^^^^^^^^^^^^^^^^

ai_werewolf_core\utils\redis_seq.py:307: 
_ _ _ _ _ _ _ _ _ _ _ _ _ _ _ _ _ _ _ _ _ _ _ _ _ _ _ _ _ _ _ _ _ _ _ _ _ _ _ _
ai_werewolf_core\utils\redis_client.py:128: in get_client
    await cls._client.ping()
F:\py\Lib\site-packages\redis\asyncio\client.py:764: in execute_command
    conn = self.connection or await pool.get_connection()
                              ^^^^^^^^^^^^^^^^^^^^^^^^^^^
F:\py\Lib\site-packages\redis\utils.py:227: in async_wrapper
    return await func(*args, **kwargs)
           ^^^^^^^^^^^^^^^^^^^^^^^^^^^
F:\py\Lib\site-packages\redis\asyncio\connection.py:1351: in get_connection
    await self.ensure_connection(connection)
F:\py\Lib\site-packages\redis\asyncio\connection.py:1390: in ensure_connection
    await connection.connect()
F:\py\Lib\site-packages\redis\asyncio\connection.py:339: in connect
    await self.retry.call_with_retry(
F:\py\Lib\site-packages\redis\asyncio\retry.py:81: in call_with_retry
    raise error
F:\py\Lib\site-packages\redis\asyncio\retry.py:69: in call_with_retry
    return await do()
           ^^^^^^^^^^
F:\py\Lib\site-packages\redis\asyncio\connection.py:403: in connect_check_health
    await self.on_connect_check_health(check_health=check_health)
F:\py\Lib\site-packages\redis\asyncio\connection.py:560: in on_connect_check_health
    await self.read_response()
_ _ _ _ _ _ _ _ _ _ _ _ _ _ _ _ _ _ _ _ _ _ _ _ _ _ _ _ _ _ _ _ _ _ _ _ _ _ _ _

self = <redis.asyncio.connection.Connection(host=192.168.100.128,port=6379,db=1)>
disable_decoding = False, timeout = None

    async def read_response(
        self,
        disable_decoding: bool = False,
        timeout: Optional[float] = None,
        *,
        disconnect_on_error: bool = True,
        push_request: Optional[bool] = False,
    ):
        """Read the response from a previously sent command"""
        read_timeout = timeout if timeout is not None else self.socket_timeout
        host_error = self._host_error()
        try:
            if read_timeout is not None and self.protocol in ["3", 3]:
                async with async_timeout(read_timeout):
                    response = await self._parser.read_response(
                        disable_decoding=disable_decoding, push_request=push_request
                    )
            elif read_timeout is not None:
                async with async_timeout(read_timeout):
                    response = await self._parser.read_response(
                        disable_decoding=disable_decoding
                    )
            elif self.protocol in ["3", 3]:
                response = await self._parser.read_response(
                    disable_decoding=disable_decoding, push_request=push_request
                )
            else:
                response = await self._parser.read_response(
                    disable_decoding=disable_decoding
                )
        except asyncio.TimeoutError:
            if timeout is not None:
                # user requested timeout, return None. Operation can be retried
                return None
            # it was a self.socket_timeout error.
            if disconnect_on_error:
                await self.disconnect(nowait=True)
            raise TimeoutError(f"Timeout reading from {host_error}")
        except OSError as e:
            if disconnect_on_error:
                await self.disconnect(nowait=True)
>           raise ConnectionError(f"Error while reading from {host_error} : {e.args}")
E           redis.exceptions.ConnectionError: Error while reading from 192.168.100.128:6379 : (22, '÷∏∂®µƒÕ¯¬Á√˚≤ª‘Ÿø…”√°£', None, 64, None)

F:\py\Lib\site-packages\redis\asyncio\connection.py:747: ConnectionError

The above exception was the direct cause of the following exception:

event_bus = <ai_werewolf_core.core.event.bus.EventBus object at 0x0000027C3088CAF0>

    @pytest.mark.asyncio
    async def test_event_bus_publish_and_seq_num(event_bus):
        game_id = f"game_{uuid.uuid4().hex}"
        event1 = Event(
            event_id="evt_1",
            game_id=game_id,
            seq_num=0,
            event_type=EventType.SYSTEM_ANNOUNCEMENT,
            visibility=Visibility.PUBLIC,
            timestamp=now_tz(),
            payload={"msg": "hello"}
        )
    
        event2 = Event(
            event_id="evt_2",
            game_id=game_id,
            seq_num=0,
            event_type=EventType.SYSTEM_ANNOUNCEMENT,
            visibility=Visibility.PUBLIC,
            timestamp=now_tz(),
            payload={"msg": "world"}
        )
    
>       await event_bus.publish(event1)

tests\test_event_bus.py:53: 
_ _ _ _ _ _ _ _ _ _ _ _ _ _ _ _ _ _ _ _ _ _ _ _ _ _ _ _ _ _ _ _ _ _ _ _ _ _ _ _
ai_werewolf_core\core\event\bus.py:457: in publish
    event.seq_num = await self._generate_seq_num(event.game_id)
                    ^^^^^^^^^^^^^^^^^^^^^^^^^^^^^^^^^^^^^^^^^^^
ai_werewolf_core\core\event\bus.py:146: in _generate_seq_num
    return await gen.next_seq(game_id)
           ^^^^^^^^^^^^^^^^^^^^^^^^^^^
ai_werewolf_core\utils\redis_seq.py:122: in next_seq
    client = await self._get_client()
             ^^^^^^^^^^^^^^^^^^^^^^^^
_ _ _ _ _ _ _ _ _ _ _ _ _ _ _ _ _ _ _ _ _ _ _ _ _ _ _ _ _ _ _ _ _ _ _ _ _ _ _ _

self = <ai_werewolf_core.utils.redis_seq.RedisSeqGenerator object at 0x0000027C30466BA0>

    async def _get_client(self) -> aioredis.Redis:
        """ªÒ»° Redis øÕªß∂À£¨Õ®π˝π≤œÌ¡¨Ω”≥ÿπ‹¿Ì∆˜°£
    
         π”√ :class:`RedisClientManager` ªÒ»°»´æ÷π≤œÌµƒ Redis øÕªß∂À£¨
        ±‹√‚√ø∏ˆƒ£øÈ∂¿¡¢¥¥Ω®¡¨Ω”≥ÿµº÷¬¡¨Ω” ˝≈Ú’Õ°£
    
        Returns:
            π≤œÌµƒ :class:`redis.asyncio.Redis` øÕªß∂À µ¿˝°£
    
        Raises:
            RedisUnavailableException: ∑¢∫≈∆˜“—πÿ±’ªÚ Redis ≤ªø…”√°£
        """
        if self._closed:
            raise RedisUnavailableException("Redis  ±–Ú∑¢∫≈∆˜“—πÿ±’")
    
        if self._redis is None:
            try:
                self._redis = await RedisClientManager.get_client()
                logger.debug("Redis  ±–Ú∑¢∫≈∆˜“—ªÒ»°π≤œÌøÕªß∂À")
            except (aioredis.ConnectionError, aioredis.TimeoutError) as e:
>               raise RedisUnavailableException(
                    "Œﬁ∑®ªÒ»° Redis øÕªß∂À£∫π≤œÌ¡¨Ω”≥ÿ≥ı ºªØ ß∞‹"
                ) from e
E               ai_werewolf_core.utils.redis_seq.RedisUnavailableException: Œﬁ∑®ªÒ»° Redis øÕªß∂À£∫π≤œÌ¡¨Ω”≥ÿ≥ı ºªØ ß∞‹

ai_werewolf_core\utils\redis_seq.py:310: RedisUnavailableException
---------------------------- Captured stderr setup ----------------------------
[2m2026-05-14T21:28:16.796801+08:00[0m [[32m[1mdebug    [0m] [1mglobal_subscribe              [0m [[0m[1m[34mai_werewolf_core.core.event.bus[0m][0m [36mhandler[0m=[35m_default_log_subscriber[0m
[2m2026-05-14T21:28:16.797184+08:00[0m [[32m[1mdebug    [0m] [1mglobal_subscribe              [0m [[0m[1m[34mai_werewolf_core.core.event.bus[0m][0m [36mhandler[0m=[35m_persist_to_db[0m
----------------------------- Captured log setup ------------------------------
DEBUG    ai_werewolf_core.core.event.bus:bus.py:519 {'handler': '_default_log_subscriber', 'event': 'global_subscribe', 'level': 'debug', 'logger': 'ai_werewolf_core.core.event.bus', 'timestamp': '2026-05-14T21:28:16.796801+08:00'}
DEBUG    ai_werewolf_core.core.event.bus:bus.py:519 {'handler': '_persist_to_db', 'event': 'global_subscribe', 'level': 'debug', 'logger': 'ai_werewolf_core.core.event.bus', 'timestamp': '2026-05-14T21:28:16.797184+08:00'}
---------------------------- Captured stderr call -----------------------------
[2m2026-05-14T21:28:16.798081+08:00[0m [[32m[1mdebug    [0m] [1mRedis ¡¨Ω”≥ÿ“—¥¥Ω®                  [0m [[0m[1m[34mai_werewolf_core.utils.redis_client[0m][0m [36mmax_connections[0m=[35m300[0m [36msocket_timeout[0m=[35m10[0m
[2m2026-05-14T21:28:21.800633+08:00[0m [[31m[1merror    [0m] [1mRedis ¡¨Ω”—È÷§ ß∞‹ (PING)           [0m [[0m[1m[34mai_werewolf_core.utils.redis_client[0m][0m [36merror[0m=[35m"Error while reading from 192.168.100.128:6379 : (22, '÷∏∂®µƒÕ¯¬Á√˚≤ª‘Ÿø…”√°£', None, 64, None)"[0m [36mhost[0m=[35m192.168.100.128[0m [36mport[0m=[35m6379[0m
Traceback (most recent call last):
  File "F:\py\Lib\asyncio\windows_events.py", line 463, in finish_socket_func
    return ov.getresult()
           ~~~~~~~~~~~~^^
OSError: [WinError 64] ÷∏∂®µƒÕ¯¬Á√˚≤ª‘Ÿø…”√°£

During handling of the above exception, another exception occurred:

Traceback (most recent call last):
  File "F:\py\Lib\site-packages\redis\asyncio\connection.py", line 725, in read_response
    response = await self._parser.read_response(
               ^^^^^^^^^^^^^^^^^^^^^^^^^^^^^^^^^
        disable_decoding=disable_decoding
        ^^^^^^^^^^^^^^^^^^^^^^^^^^^^^^^^^
    )
    ^
  File "F:\py\Lib\site-packages\redis\_parsers\resp2.py", line 82, in read_response
    response = await self._read_response(disable_decoding=disable_decoding)
               ^^^^^^^^^^^^^^^^^^^^^^^^^^^^^^^^^^^^^^^^^^^^^^^^^^^^^^^^^^^^
  File "F:\py\Lib\site-packages\redis\_parsers\resp2.py", line 90, in _read_response
    raw = await self._readline()
          ^^^^^^^^^^^^^^^^^^^^^^
  File "F:\py\Lib\site-packages\redis\_parsers\base.py", line 559, in _readline
    data = await self._stream.readline()
           ^^^^^^^^^^^^^^^^^^^^^^^^^^^^^
  File "F:\py\Lib\asyncio\streams.py", line 562, in readline
    line = await self.readuntil(sep)
           ^^^^^^^^^^^^^^^^^^^^^^^^^
  File "F:\py\Lib\asyncio\streams.py", line 677, in readuntil
    await self._wait_for_data('readuntil')
  File "F:\py\Lib\asyncio\streams.py", line 539, in _wait_for_data
    await self._waiter
  File "F:\py\Lib\asyncio\proactor_events.py", line 286, in _loop_reading
    length = fut.result()
  File "F:\py\Lib\asyncio\windows_events.py", line 804, in _poll
    value = callback(transferred, key, ov)
  File "F:\py\Lib\asyncio\windows_events.py", line 467, in finish_socket_func
    raise ConnectionResetError(*exc.args)
ConnectionResetError: [WinError 64] ÷∏∂®µƒÕ¯¬Á√˚≤ª‘Ÿø…”√°£

During handling of the above exception, another exception occurred:

Traceback (most recent call last):
  File "F:\YilenaCode\Werewolf\ai_werewolf_core\utils\redis_client.py", line 128, in get_client
    await cls._client.ping()
  File "F:\py\Lib\site-packages\redis\asyncio\client.py", line 764, in execute_command
    conn = self.connection or await pool.get_connection()
                              ^^^^^^^^^^^^^^^^^^^^^^^^^^^
  File "F:\py\Lib\site-packages\redis\utils.py", line 227, in async_wrapper
    return await func(*args, **kwargs)
           ^^^^^^^^^^^^^^^^^^^^^^^^^^^
  File "F:\py\Lib\site-packages\redis\asyncio\connection.py", line 1351, in get_connection
    await self.ensure_connection(connection)
  File "F:\py\Lib\site-packages\redis\asyncio\connection.py", line 1390, in ensure_connection
    await connection.connect()
  File "F:\py\Lib\site-packages\redis\asyncio\connection.py", line 339, in connect
    await self.retry.call_with_retry(
    ...<7 lines>...
    )
  File "F:\py\Lib\site-packages\redis\asyncio\retry.py", line 81, in call_with_retry
    raise error
  File "F:\py\Lib\site-packages\redis\asyncio\retry.py", line 69, in call_with_retry
    return await do()
           ^^^^^^^^^^
  File "F:\py\Lib\site-packages\redis\asyncio\connection.py", line 403, in connect_check_health
    await self.on_connect_check_health(check_health=check_health)
  File "F:\py\Lib\site-packages\redis\asyncio\connection.py", line 560, in on_connect_check_health
    await self.read_response()
  File "F:\py\Lib\site-packages\redis\asyncio\connection.py", line 747, in read_response
    raise ConnectionError(f"Error while reading from {host_error} : {e.args}")
redis.exceptions.ConnectionError: Error while reading from 192.168.100.128:6379 : (22, '÷∏∂®µƒÕ¯¬Á√˚≤ª‘Ÿø…”√°£', None, 64, None)
[2m2026-05-14T21:28:21.803000+08:00[0m [[31m[1merror    [0m] [1mRedis ≤ªø…”√£¨Œﬁ∑®∑÷≈‰ seq_num£¨ ¬º˛∑¢≤º ß∞‹ [0m [[0m[1m[34mai_werewolf_core.core.event.bus[0m][0m [36merror[0m=[35m'Œﬁ∑®ªÒ»° Redis øÕªß∂À£∫π≤œÌ¡¨Ω”≥ÿ≥ı ºªØ ß∞‹'[0m [36mevent_id[0m=[35mevt_1[0m [36mgame_id[0m=[35mgame_55116c069e0a437abaa56da48cd1bf37[0m
Traceback (most recent call last):
  File "F:\py\Lib\asyncio\windows_events.py", line 463, in finish_socket_func
    return ov.getresult()
           ~~~~~~~~~~~~^^
OSError: [WinError 64] ÷∏∂®µƒÕ¯¬Á√˚≤ª‘Ÿø…”√°£

During handling of the above exception, another exception occurred:

Traceback (most recent call last):
  File "F:\py\Lib\site-packages\redis\asyncio\connection.py", line 725, in read_response
    response = await self._parser.read_response(
               ^^^^^^^^^^^^^^^^^^^^^^^^^^^^^^^^^
        disable_decoding=disable_decoding
        ^^^^^^^^^^^^^^^^^^^^^^^^^^^^^^^^^
    )
    ^
  File "F:\py\Lib\site-packages\redis\_parsers\resp2.py", line 82, in read_response
    response = await self._read_response(disable_decoding=disable_decoding)
               ^^^^^^^^^^^^^^^^^^^^^^^^^^^^^^^^^^^^^^^^^^^^^^^^^^^^^^^^^^^^
  File "F:\py\Lib\site-packages\redis\_parsers\resp2.py", line 90, in _read_response
    raw = await self._readline()
          ^^^^^^^^^^^^^^^^^^^^^^
  File "F:\py\Lib\site-packages\redis\_parsers\base.py", line 559, in _readline
    data = await self._stream.readline()
           ^^^^^^^^^^^^^^^^^^^^^^^^^^^^^
  File "F:\py\Lib\asyncio\streams.py", line 562, in readline
    line = await self.readuntil(sep)
           ^^^^^^^^^^^^^^^^^^^^^^^^^
  File "F:\py\Lib\asyncio\streams.py", line 677, in readuntil
    await self._wait_for_data('readuntil')
  File "F:\py\Lib\asyncio\streams.py", line 539, in _wait_for_data
    await self._waiter
  File "F:\py\Lib\asyncio\proactor_events.py", line 286, in _loop_reading
    length = fut.result()
  File "F:\py\Lib\asyncio\windows_events.py", line 804, in _poll
    value = callback(transferred, key, ov)
  File "F:\py\Lib\asyncio\windows_events.py", line 467, in finish_socket_func
    raise ConnectionResetError(*exc.args)
ConnectionResetError: [WinError 64] ÷∏∂®µƒÕ¯¬Á√˚≤ª‘Ÿø…”√°£

During handling of the above exception, another exception occurred:

Traceback (most recent call last):
  File "F:\YilenaCode\Werewolf\ai_werewolf_core\utils\redis_seq.py", line 307, in _get_client
    self._redis = await RedisClientManager.get_client()
                  ^^^^^^^^^^^^^^^^^^^^^^^^^^^^^^^^^^^^^
  File "F:\YilenaCode\Werewolf\ai_werewolf_core\utils\redis_client.py", line 128, in get_client
    await cls._client.ping()
  File "F:\py\Lib\site-packages\redis\asyncio\client.py", line 764, in execute_command
    conn = self.connection or await pool.get_connection()
                              ^^^^^^^^^^^^^^^^^^^^^^^^^^^
  File "F:\py\Lib\site-packages\redis\utils.py", line 227, in async_wrapper
    return await func(*args, **kwargs)
           ^^^^^^^^^^^^^^^^^^^^^^^^^^^
  File "F:\py\Lib\site-packages\redis\asyncio\connection.py", line 1351, in get_connection
    await self.ensure_connection(connection)
  File "F:\py\Lib\site-packages\redis\asyncio\connection.py", line 1390, in ensure_connection
    await connection.connect()
  File "F:\py\Lib\site-packages\redis\asyncio\connection.py", line 339, in connect
    await self.retry.call_with_retry(
    ...<7 lines>...
    )
  File "F:\py\Lib\site-packages\redis\asyncio\retry.py", line 81, in call_with_retry
    raise error
  File "F:\py\Lib\site-packages\redis\asyncio\retry.py", line 69, in call_with_retry
    return await do()
           ^^^^^^^^^^
  File "F:\py\Lib\site-packages\redis\asyncio\connection.py", line 403, in connect_check_health
    await self.on_connect_check_health(check_health=check_health)
  File "F:\py\Lib\site-packages\redis\asyncio\connection.py", line 560, in on_connect_check_health
    await self.read_response()
  File "F:\py\Lib\site-packages\redis\asyncio\connection.py", line 747, in read_response
    raise ConnectionError(f"Error while reading from {host_error} : {e.args}")
redis.exceptions.ConnectionError: Error while reading from 192.168.100.128:6379 : (22, '÷∏∂®µƒÕ¯¬Á√˚≤ª‘Ÿø…”√°£', None, 64, None)

The above exception was the direct cause of the following exception:

Traceback (most recent call last):
  File "F:\YilenaCode\Werewolf\ai_werewolf_core\core\event\bus.py", line 457, in publish
    event.seq_num = await self._generate_seq_num(event.game_id)
                    ^^^^^^^^^^^^^^^^^^^^^^^^^^^^^^^^^^^^^^^^^^^
  File "F:\YilenaCode\Werewolf\ai_werewolf_core\core\event\bus.py", line 146, in _generate_seq_num
    return await gen.next_seq(game_id)
           ^^^^^^^^^^^^^^^^^^^^^^^^^^^
  File "F:\YilenaCode\Werewolf\ai_werewolf_core\utils\redis_seq.py", line 122, in next_seq
    client = await self._get_client()
             ^^^^^^^^^^^^^^^^^^^^^^^^
  File "F:\YilenaCode\Werewolf\ai_werewolf_core\utils\redis_seq.py", line 310, in _get_client
    raise RedisUnavailableException(
        "Œﬁ∑®ªÒ»° Redis øÕªß∂À£∫π≤œÌ¡¨Ω”≥ÿ≥ı ºªØ ß∞‹"
    ) from e
ai_werewolf_core.utils.redis_seq.RedisUnavailableException: Œﬁ∑®ªÒ»° Redis øÕªß∂À£∫π≤œÌ¡¨Ω”≥ÿ≥ı ºªØ ß∞‹
------------------------------ Captured log call ------------------------------
DEBUG    ai_werewolf_core.utils.redis_client:redis_client.py:243 {'max_connections': 300, 'socket_timeout': 10, 'event': 'Redis ¡¨Ω”≥ÿ“—¥¥Ω®', 'level': 'debug', 'logger': 'ai_werewolf_core.utils.redis_client', 'timestamp': '2026-05-14T21:28:16.798081+08:00'}
ERROR    ai_werewolf_core.utils.redis_client:redis_client.py:130 {'host': '192.168.100.128', 'port': 6379, 'error': "Error while reading from 192.168.100.128:6379 : (22, '÷∏∂®µƒÕ¯¬Á√˚≤ª‘Ÿø…”√°£', None, 64, None)", 'event': 'Redis ¡¨Ω”—È÷§ ß∞‹ (PING)', 'level': 'error', 'logger': 'ai_werewolf_core.utils.redis_client', 'timestamp': '2026-05-14T21:28:21.800633+08:00', 'exception': 'Traceback (most recent call last):\n  File "F:\\py\\Lib\\asyncio\\windows_events.py", line 463, in finish_socket_func\n    return ov.getresult()\n           ~~~~~~~~~~~~^^\nOSError: [WinError 64] ÷∏∂®µƒÕ¯¬Á√˚≤ª‘Ÿø…”√°£\n\nDuring handling of the above exception, another exception occurred:\n\nTraceback (most recent call last):\n  File "F:\\py\\Lib\\site-packages\\redis\\asyncio\\connection.py", line 725, in read_response\n    response = await self._parser.read_response(\n               ^^^^^^^^^^^^^^^^^^^^^^^^^^^^^^^^^\n        disable_decoding=disable_decoding\n        ^^^^^^^^^^^^^^^^^^^^^^^^^^^^^^^^^\n    )\n    ^\n  File "F:\\py\\Lib\\site-packages\\redis\\_parsers\\resp2.py", line 82, in read_response\n    response = await self._read_response(disable_decoding=disable_decoding)\n               ^^^^^^^^^^^^^^^^^^^^^^^^^^^^^^^^^^^^^^^^^^^^^^^^^^^^^^^^^^^^\n  File "F:\\py\\Lib\\site-packages\\redis\\_parsers\\resp2.py", line 90, in _read_response\n    raw = await self._readline()\n          ^^^^^^^^^^^^^^^^^^^^^^\n  File "F:\\py\\Lib\\site-packages\\redis\\_parsers\\base.py", line 559, in _readline\n    data = await self._stream.readline()\n           ^^^^^^^^^^^^^^^^^^^^^^^^^^^^^\n  File "F:\\py\\Lib\\asyncio\\streams.py", line 562, in readline\n    line = await self.readuntil(sep)\n           ^^^^^^^^^^^^^^^^^^^^^^^^^\n  File "F:\\py\\Lib\\asyncio\\streams.py", line 677, in readuntil\n    await self._wait_for_data(\'readuntil\')\n  File "F:\\py\\Lib\\asyncio\\streams.py", line 539, in _wait_for_data\n    await self._waiter\n  File "F:\\py\\Lib\\asyncio\\proactor_events.py", line 286, in _loop_reading\n    length = fut.result()\n  File "F:\\py\\Lib\\asyncio\\windows_events.py", line 804, in _poll\n    value = callback(transferred, key, ov)\n  File "F:\\py\\Lib\\asyncio\\windows_events.py", line 467, in finish_socket_func\n    raise ConnectionResetError(*exc.args)\nConnectionResetError: [WinError 64] ÷∏∂®µƒÕ¯¬Á√˚≤ª‘Ÿø…”√°£\n\nDuring handling of the above exception, another exception occurred:\n\nTraceback (most recent call last):\n  File "F:\\YilenaCode\\Werewolf\\ai_werewolf_core\\utils\\redis_client.py", line 128, in get_client\n    await cls._client.ping()\n  File "F:\\py\\Lib\\site-packages\\redis\\asyncio\\client.py", line 764, in execute_command\n    conn = self.connection or await pool.get_connection()\n                              ^^^^^^^^^^^^^^^^^^^^^^^^^^^\n  File "F:\\py\\Lib\\site-packages\\redis\\utils.py", line 227, in async_wrapper\n    return await func(*args, **kwargs)\n           ^^^^^^^^^^^^^^^^^^^^^^^^^^^\n  File "F:\\py\\Lib\\site-packages\\redis\\asyncio\\connection.py", line 1351, in get_connection\n    await self.ensure_connection(connection)\n  File "F:\\py\\Lib\\site-packages\\redis\\asyncio\\connection.py", line 1390, in ensure_connection\n    await connection.connect()\n  File "F:\\py\\Lib\\site-packages\\redis\\asyncio\\connection.py", line 339, in connect\n    await self.retry.call_with_retry(\n    ...<7 lines>...\n    )\n  File "F:\\py\\Lib\\site-packages\\redis\\asyncio\\retry.py", line 81, in call_with_retry\n    raise error\n  File "F:\\py\\Lib\\site-packages\\redis\\asyncio\\retry.py", line 69, in call_with_retry\n    return await do()\n           ^^^^^^^^^^\n  File "F:\\py\\Lib\\site-packages\\redis\\asyncio\\connection.py", line 403, in connect_check_health\n    await self.on_connect_check_health(check_health=check_health)\n  File "F:\\py\\Lib\\site-packages\\redis\\asyncio\\connection.py", line 560, in on_connect_check_health\n    await self.read_response()\n  File "F:\\py\\Lib\\site-packages\\redis\\asyncio\\connection.py", line 747, in read_response\n    raise ConnectionError(f"Error while reading from {host_error} : {e.args}")\nredis.exceptions.ConnectionError: Error while reading from 192.168.100.128:6379 : (22, \'÷∏∂®µƒÕ¯¬Á√˚≤ª‘Ÿø…”√°£\', None, 64, None)'}
ERROR    ai_werewolf_core.core.event.bus:bus.py:459 {'event_id': 'evt_1', 'game_id': 'game_55116c069e0a437abaa56da48cd1bf37', 'error': 'Œﬁ∑®ªÒ»° Redis øÕªß∂À£∫π≤œÌ¡¨Ω”≥ÿ≥ı ºªØ ß∞‹', 'event': 'Redis ≤ªø…”√£¨Œﬁ∑®∑÷≈‰ seq_num£¨ ¬º˛∑¢≤º ß∞‹', 'level': 'error', 'logger': 'ai_werewolf_core.core.event.bus', 'timestamp': '2026-05-14T21:28:21.803000+08:00', 'exception': 'Traceback (most recent call last):\n  File "F:\\py\\Lib\\asyncio\\windows_events.py", line 463, in finish_socket_func\n    return ov.getresult()\n           ~~~~~~~~~~~~^^\nOSError: [WinError 64] ÷∏∂®µƒÕ¯¬Á√˚≤ª‘Ÿø…”√°£\n\nDuring handling of the above exception, another exception occurred:\n\nTraceback (most recent call last):\n  File "F:\\py\\Lib\\site-packages\\redis\\asyncio\\connection.py", line 725, in read_response\n    response = await self._parser.read_response(\n               ^^^^^^^^^^^^^^^^^^^^^^^^^^^^^^^^^\n        disable_decoding=disable_decoding\n        ^^^^^^^^^^^^^^^^^^^^^^^^^^^^^^^^^\n    )\n    ^\n  File "F:\\py\\Lib\\site-packages\\redis\\_parsers\\resp2.py", line 82, in read_response\n    response = await self._read_response(disable_decoding=disable_decoding)\n               ^^^^^^^^^^^^^^^^^^^^^^^^^^^^^^^^^^^^^^^^^^^^^^^^^^^^^^^^^^^^\n  File "F:\\py\\Lib\\site-packages\\redis\\_parsers\\resp2.py", line 90, in _read_response\n    raw = await self._readline()\n          ^^^^^^^^^^^^^^^^^^^^^^\n  File "F:\\py\\Lib\\site-packages\\redis\\_parsers\\base.py", line 559, in _readline\n    data = await self._stream.readline()\n           ^^^^^^^^^^^^^^^^^^^^^^^^^^^^^\n  File "F:\\py\\Lib\\asyncio\\streams.py", line 562, in readline\n    line = await self.readuntil(sep)\n           ^^^^^^^^^^^^^^^^^^^^^^^^^\n  File "F:\\py\\Lib\\asyncio\\streams.py", line 677, in readuntil\n    await self._wait_for_data(\'readuntil\')\n  File "F:\\py\\Lib\\asyncio\\streams.py", line 539, in _wait_for_data\n    await self._waiter\n  File "F:\\py\\Lib\\asyncio\\proactor_events.py", line 286, in _loop_reading\n    length = fut.result()\n  File "F:\\py\\Lib\\asyncio\\windows_events.py", line 804, in _poll\n    value = callback(transferred, key, ov)\n  File "F:\\py\\Lib\\asyncio\\windows_events.py", line 467, in finish_socket_func\n    raise ConnectionResetError(*exc.args)\nConnectionResetError: [WinError 64] ÷∏∂®µƒÕ¯¬Á√˚≤ª‘Ÿø…”√°£\n\nDuring handling of the above exception, another exception occurred:\n\nTraceback (most recent call last):\n  File "F:\\YilenaCode\\Werewolf\\ai_werewolf_core\\utils\\redis_seq.py", line 307, in _get_client\n    self._redis = await RedisClientManager.get_client()\n                  ^^^^^^^^^^^^^^^^^^^^^^^^^^^^^^^^^^^^^\n  File "F:\\YilenaCode\\Werewolf\\ai_werewolf_core\\utils\\redis_client.py", line 128, in get_client\n    await cls._client.ping()\n  File "F:\\py\\Lib\\site-packages\\redis\\asyncio\\client.py", line 764, in execute_command\n    conn = self.connection or await pool.get_connection()\n                              ^^^^^^^^^^^^^^^^^^^^^^^^^^^\n  File "F:\\py\\Lib\\site-packages\\redis\\utils.py", line 227, in async_wrapper\n    return await func(*args, **kwargs)\n           ^^^^^^^^^^^^^^^^^^^^^^^^^^^\n  File "F:\\py\\Lib\\site-packages\\redis\\asyncio\\connection.py", line 1351, in get_connection\n    await self.ensure_connection(connection)\n  File "F:\\py\\Lib\\site-packages\\redis\\asyncio\\connection.py", line 1390, in ensure_connection\n    await connection.connect()\n  File "F:\\py\\Lib\\site-packages\\redis\\asyncio\\connection.py", line 339, in connect\n    await self.retry.call_with_retry(\n    ...<7 lines>...\n    )\n  File "F:\\py\\Lib\\site-packages\\redis\\asyncio\\retry.py", line 81, in call_with_retry\n    raise error\n  File "F:\\py\\Lib\\site-packages\\redis\\asyncio\\retry.py", line 69, in call_with_retry\n    return await do()\n           ^^^^^^^^^^\n  File "F:\\py\\Lib\\site-packages\\redis\\asyncio\\connection.py", line 403, in connect_check_health\n    await self.on_connect_check_health(check_health=check_health)\n  File "F:\\py\\Lib\\site-packages\\redis\\asyncio\\connection.py", line 560, in on_connect_check_health\n    await self.read_response()\n  File "F:\\py\\Lib\\site-packages\\redis\\asyncio\\connection.py", line 747, in read_response\n    raise ConnectionError(f"Error while reading from {host_error} : {e.args}")\nredis.exceptions.ConnectionError: Error while reading from 192.168.100.128:6379 : (22, \'÷∏∂®µƒÕ¯¬Á√˚≤ª‘Ÿø…”√°£\', None, 64, None)\n\nThe above exception was the direct cause of the following exception:\n\nTraceback (most recent call last):\n  File "F:\\YilenaCode\\Werewolf\\ai_werewolf_core\\core\\event\\bus.py", line 457, in publish\n    event.seq_num = await self._generate_seq_num(event.game_id)\n                    ^^^^^^^^^^^^^^^^^^^^^^^^^^^^^^^^^^^^^^^^^^^\n  File "F:\\YilenaCode\\Werewolf\\ai_werewolf_core\\core\\event\\bus.py", line 146, in _generate_seq_num\n    return await gen.next_seq(game_id)\n           ^^^^^^^^^^^^^^^^^^^^^^^^^^^\n  File "F:\\YilenaCode\\Werewolf\\ai_werewolf_core\\utils\\redis_seq.py", line 122, in next_seq\n    client = await self._get_client()\n             ^^^^^^^^^^^^^^^^^^^^^^^^\n  File "F:\\YilenaCode\\Werewolf\\ai_werewolf_core\\utils\\redis_seq.py", line 310, in _get_client\n    raise RedisUnavailableException(\n        "Œﬁ∑®ªÒ»° Redis øÕªß∂À£∫π≤œÌ¡¨Ω”≥ÿ≥ı ºªØ ß∞‹"\n    ) from e\nai_werewolf_core.utils.redis_seq.RedisUnavailableException: Œﬁ∑®ªÒ»° Redis øÕªß∂À£∫π≤œÌ¡¨Ω”≥ÿ≥ı ºªØ ß∞‹'}
-------------------------- Captured stderr teardown ---------------------------
[2m2026-05-14T21:28:21.950585+08:00[0m [[32m[1mdebug    [0m] [1mRedis ¡¨Ω”≥ÿ“—¥¥Ω®                  [0m [[0m[1m[34mai_werewolf_core.utils.redis_client[0m][0m [36mmax_connections[0m=[35m300[0m [36msocket_timeout[0m=[35m10[0m
[2m2026-05-14T21:28:26.953813+08:00[0m [[31m[1merror    [0m] [1mRedis ¡¨Ω”—È÷§ ß∞‹ (PING)           [0m [[0m[1m[34mai_werewolf_core.utils.redis_client[0m][0m [36merror[0m=[35m"Error while reading from 192.168.100.128:6379 : (22, '÷∏∂®µƒÕ¯¬Á√˚≤ª‘Ÿø…”√°£', None, 64, None)"[0m [36mhost[0m=[35m192.168.100.128[0m [36mport[0m=[35m6379[0m
Traceback (most recent call last):
  File "F:\py\Lib\asyncio\windows_events.py", line 463, in finish_socket_func
    return ov.getresult()
           ~~~~~~~~~~~~^^
OSError: [WinError 64] ÷∏∂®µƒÕ¯¬Á√˚≤ª‘Ÿø…”√°£

During handling of the above exception, another exception occurred:

Traceback (most recent call last):
  File "F:\py\Lib\site-packages\redis\asyncio\connection.py", line 725, in read_response
    response = await self._parser.read_response(
               ^^^^^^^^^^^^^^^^^^^^^^^^^^^^^^^^^
        disable_decoding=disable_decoding
        ^^^^^^^^^^^^^^^^^^^^^^^^^^^^^^^^^
    )
    ^
  File "F:\py\Lib\site-packages\redis\_parsers\resp2.py", line 82, in read_response
    response = await self._read_response(disable_decoding=disable_decoding)
               ^^^^^^^^^^^^^^^^^^^^^^^^^^^^^^^^^^^^^^^^^^^^^^^^^^^^^^^^^^^^
  File "F:\py\Lib\site-packages\redis\_parsers\resp2.py", line 90, in _read_response
    raw = await self._readline()
          ^^^^^^^^^^^^^^^^^^^^^^
  File "F:\py\Lib\site-packages\redis\_parsers\base.py", line 559, in _readline
    data = await self._stream.readline()
           ^^^^^^^^^^^^^^^^^^^^^^^^^^^^^
  File "F:\py\Lib\asyncio\streams.py", line 562, in readline
    line = await self.readuntil(sep)
           ^^^^^^^^^^^^^^^^^^^^^^^^^
  File "F:\py\Lib\asyncio\streams.py", line 677, in readuntil
    await self._wait_for_data('readuntil')
  File "F:\py\Lib\asyncio\streams.py", line 539, in _wait_for_data
    await self._waiter
  File "F:\py\Lib\asyncio\proactor_events.py", line 286, in _loop_reading
    length = fut.result()
  File "F:\py\Lib\asyncio\windows_events.py", line 804, in _poll
    value = callback(transferred, key, ov)
  File "F:\py\Lib\asyncio\windows_events.py", line 467, in finish_socket_func
    raise ConnectionResetError(*exc.args)
ConnectionResetError: [WinError 64] ÷∏∂®µƒÕ¯¬Á√˚≤ª‘Ÿø…”√°£

During handling of the above exception, another exception occurred:

Traceback (most recent call last):
  File "F:\YilenaCode\Werewolf\ai_werewolf_core\utils\redis_client.py", line 128, in get_client
    await cls._client.ping()
  File "F:\py\Lib\site-packages\redis\asyncio\client.py", line 764, in execute_command
    conn = self.connection or await pool.get_connection()
                              ^^^^^^^^^^^^^^^^^^^^^^^^^^^
  File "F:\py\Lib\site-packages\redis\utils.py", line 227, in async_wrapper
    return await func(*args, **kwargs)
           ^^^^^^^^^^^^^^^^^^^^^^^^^^^
  File "F:\py\Lib\site-packages\redis\asyncio\connection.py", line 1351, in get_connection
    await self.ensure_connection(connection)
  File "F:\py\Lib\site-packages\redis\asyncio\connection.py", line 1390, in ensure_connection
    await connection.connect()
  File "F:\py\Lib\site-packages\redis\asyncio\connection.py", line 339, in connect
    await self.retry.call_with_retry(
    ...<7 lines>...
    )
  File "F:\py\Lib\site-packages\redis\asyncio\retry.py", line 81, in call_with_retry
    raise error
  File "F:\py\Lib\site-packages\redis\asyncio\retry.py", line 69, in call_with_retry
    return await do()
           ^^^^^^^^^^
  File "F:\py\Lib\site-packages\redis\asyncio\connection.py", line 403, in connect_check_health
    await self.on_connect_check_health(check_health=check_health)
  File "F:\py\Lib\site-packages\redis\asyncio\connection.py", line 560, in on_connect_check_health
    await self.read_response()
  File "F:\py\Lib\site-packages\redis\asyncio\connection.py", line 747, in read_response
    raise ConnectionError(f"Error while reading from {host_error} : {e.args}")
redis.exceptions.ConnectionError: Error while reading from 192.168.100.128:6379 : (22, '÷∏∂®µƒÕ¯¬Á√˚≤ª‘Ÿø…”√°£', None, 64, None)
[2m2026-05-14T21:28:26.956737+08:00[0m [[31m[1merror    [0m] [1m«Â¿Ì ¬º˛ Stream “Ï≥£                [0m [[0m[1m[34mai_werewolf_core.core.event.bus[0m][0m [36merror[0m=[35m'EventBus Œﬁ∑®ªÒ»° Redis øÕªß∂À'[0m [36mgame_id[0m=[35mNone[0m
Traceback (most recent call last):
  File "F:\py\Lib\asyncio\windows_events.py", line 463, in finish_socket_func
    return ov.getresult()
           ~~~~~~~~~~~~^^
OSError: [WinError 64] ÷∏∂®µƒÕ¯¬Á√˚≤ª‘Ÿø…”√°£

During handling of the above exception, another exception occurred:

Traceback (most recent call last):
  File "F:\py\Lib\site-packages\redis\asyncio\connection.py", line 725, in read_response
    response = await self._parser.read_response(
               ^^^^^^^^^^^^^^^^^^^^^^^^^^^^^^^^^
        disable_decoding=disable_decoding
        ^^^^^^^^^^^^^^^^^^^^^^^^^^^^^^^^^
    )
    ^
  File "F:\py\Lib\site-packages\redis\_parsers\resp2.py", line 82, in read_response
    response = await self._read_response(disable_decoding=disable_decoding)
               ^^^^^^^^^^^^^^^^^^^^^^^^^^^^^^^^^^^^^^^^^^^^^^^^^^^^^^^^^^^^
  File "F:\py\Lib\site-packages\redis\_parsers\resp2.py", line 90, in _read_response
    raw = await self._readline()
          ^^^^^^^^^^^^^^^^^^^^^^
  File "F:\py\Lib\site-packages\redis\_parsers\base.py", line 559, in _readline
    data = await self._stream.readline()
           ^^^^^^^^^^^^^^^^^^^^^^^^^^^^^
  File "F:\py\Lib\asyncio\streams.py", line 562, in readline
    line = await self.readuntil(sep)
           ^^^^^^^^^^^^^^^^^^^^^^^^^
  File "F:\py\Lib\asyncio\streams.py", line 677, in readuntil
    await self._wait_for_data('readuntil')
  File "F:\py\Lib\asyncio\streams.py", line 539, in _wait_for_data
    await self._waiter
  File "F:\py\Lib\asyncio\proactor_events.py", line 286, in _loop_reading
    length = fut.result()
  File "F:\py\Lib\asyncio\windows_events.py", line 804, in _poll
    value = callback(transferred, key, ov)
  File "F:\py\Lib\asyncio\windows_events.py", line 467, in finish_socket_func
    raise ConnectionResetError(*exc.args)
ConnectionResetError: [WinError 64] ÷∏∂®µƒÕ¯¬Á√˚≤ª‘Ÿø…”√°£

During handling of the above exception, another exception occurred:

Traceback (most recent call last):
  File "F:\YilenaCode\Werewolf\ai_werewolf_core\core\event\bus.py", line 111, in _get_redis
    self._redis_client = await RedisClientManager.get_client()
                         ^^^^^^^^^^^^^^^^^^^^^^^^^^^^^^^^^^^^^
  File "F:\YilenaCode\Werewolf\ai_werewolf_core\utils\redis_client.py", line 128, in get_client
    await cls._client.ping()
  File "F:\py\Lib\site-packages\redis\asyncio\client.py", line 764, in execute_command
    conn = self.connection or await pool.get_connection()
                              ^^^^^^^^^^^^^^^^^^^^^^^^^^^
  File "F:\py\Lib\site-packages\redis\utils.py", line 227, in async_wrapper
    return await func(*args, **kwargs)
           ^^^^^^^^^^^^^^^^^^^^^^^^^^^
  File "F:\py\Lib\site-packages\redis\asyncio\connection.py", line 1351, in get_connection
    await self.ensure_connection(connection)
  File "F:\py\Lib\site-packages\redis\asyncio\connection.py", line 1390, in ensure_connection
    await connection.connect()
  File "F:\py\Lib\site-packages\redis\asyncio\connection.py", line 339, in connect
    await self.retry.call_with_retry(
    ...<7 lines>...
    )
  File "F:\py\Lib\site-packages\redis\asyncio\retry.py", line 81, in call_with_retry
    raise error
  File "F:\py\Lib\site-packages\redis\asyncio\retry.py", line 69, in call_with_retry
    return await do()
           ^^^^^^^^^^
  File "F:\py\Lib\site-packages\redis\asyncio\connection.py", line 403, in connect_check_health
    await self.on_connect_check_health(check_health=check_health)
  File "F:\py\Lib\site-packages\redis\asyncio\connection.py", line 560, in on_connect_check_health
    await self.read_response()
  File "F:\py\Lib\site-packages\redis\asyncio\connection.py", line 747, in read_response
    raise ConnectionError(f"Error while reading from {host_error} : {e.args}")
redis.exceptions.ConnectionError: Error while reading from 192.168.100.128:6379 : (22, '÷∏∂®µƒÕ¯¬Á√˚≤ª‘Ÿø…”√°£', None, 64, None)

The above exception was the direct cause of the following exception:

Traceback (most recent call last):
  File "F:\YilenaCode\Werewolf\ai_werewolf_core\core\event\bus.py", line 710, in clear
    redis = await self._get_redis()
            ^^^^^^^^^^^^^^^^^^^^^^^
  File "F:\YilenaCode\Werewolf\ai_werewolf_core\core\event\bus.py", line 114, in _get_redis
    raise RedisUnavailableException(
        "EventBus Œﬁ∑®ªÒ»° Redis øÕªß∂À"
    ) from e
ai_werewolf_core.utils.redis_seq.RedisUnavailableException: EventBus Œﬁ∑®ªÒ»° Redis øÕªß∂À
---------------------------- Captured log teardown ----------------------------
DEBUG    ai_werewolf_core.utils.redis_client:redis_client.py:243 {'max_connections': 300, 'socket_timeout': 10, 'event': 'Redis ¡¨Ω”≥ÿ“—¥¥Ω®', 'level': 'debug', 'logger': 'ai_werewolf_core.utils.redis_client', 'timestamp': '2026-05-14T21:28:21.950585+08:00'}
ERROR    ai_werewolf_core.utils.redis_client:redis_client.py:130 {'host': '192.168.100.128', 'port': 6379, 'error': "Error while reading from 192.168.100.128:6379 : (22, '÷∏∂®µƒÕ¯¬Á√˚≤ª‘Ÿø…”√°£', None, 64, None)", 'event': 'Redis ¡¨Ω”—È÷§ ß∞‹ (PING)', 'level': 'error', 'logger': 'ai_werewolf_core.utils.redis_client', 'timestamp': '2026-05-14T21:28:26.953813+08:00', 'exception': 'Traceback (most recent call last):\n  File "F:\\py\\Lib\\asyncio\\windows_events.py", line 463, in finish_socket_func\n    return ov.getresult()\n           ~~~~~~~~~~~~^^\nOSError: [WinError 64] ÷∏∂®µƒÕ¯¬Á√˚≤ª‘Ÿø…”√°£\n\nDuring handling of the above exception, another exception occurred:\n\nTraceback (most recent call last):\n  File "F:\\py\\Lib\\site-packages\\redis\\asyncio\\connection.py", line 725, in read_response\n    response = await self._parser.read_response(\n               ^^^^^^^^^^^^^^^^^^^^^^^^^^^^^^^^^\n        disable_decoding=disable_decoding\n        ^^^^^^^^^^^^^^^^^^^^^^^^^^^^^^^^^\n    )\n    ^\n  File "F:\\py\\Lib\\site-packages\\redis\\_parsers\\resp2.py", line 82, in read_response\n    response = await self._read_response(disable_decoding=disable_decoding)\n               ^^^^^^^^^^^^^^^^^^^^^^^^^^^^^^^^^^^^^^^^^^^^^^^^^^^^^^^^^^^^\n  File "F:\\py\\Lib\\site-packages\\redis\\_parsers\\resp2.py", line 90, in _read_response\n    raw = await self._readline()\n          ^^^^^^^^^^^^^^^^^^^^^^\n  File "F:\\py\\Lib\\site-packages\\redis\\_parsers\\base.py", line 559, in _readline\n    data = await self._stream.readline()\n           ^^^^^^^^^^^^^^^^^^^^^^^^^^^^^\n  File "F:\\py\\Lib\\asyncio\\streams.py", line 562, in readline\n    line = await self.readuntil(sep)\n           ^^^^^^^^^^^^^^^^^^^^^^^^^\n  File "F:\\py\\Lib\\asyncio\\streams.py", line 677, in readuntil\n    await self._wait_for_data(\'readuntil\')\n  File "F:\\py\\Lib\\asyncio\\streams.py", line 539, in _wait_for_data\n    await self._waiter\n  File "F:\\py\\Lib\\asyncio\\proactor_events.py", line 286, in _loop_reading\n    length = fut.result()\n  File "F:\\py\\Lib\\asyncio\\windows_events.py", line 804, in _poll\n    value = callback(transferred, key, ov)\n  File "F:\\py\\Lib\\asyncio\\windows_events.py", line 467, in finish_socket_func\n    raise ConnectionResetError(*exc.args)\nConnectionResetError: [WinError 64] ÷∏∂®µƒÕ¯¬Á√˚≤ª‘Ÿø…”√°£\n\nDuring handling of the above exception, another exception occurred:\n\nTraceback (most recent call last):\n  File "F:\\YilenaCode\\Werewolf\\ai_werewolf_core\\utils\\redis_client.py", line 128, in get_client\n    await cls._client.ping()\n  File "F:\\py\\Lib\\site-packages\\redis\\asyncio\\client.py", line 764, in execute_command\n    conn = self.connection or await pool.get_connection()\n                              ^^^^^^^^^^^^^^^^^^^^^^^^^^^\n  File "F:\\py\\Lib\\site-packages\\redis\\utils.py", line 227, in async_wrapper\n    return await func(*args, **kwargs)\n           ^^^^^^^^^^^^^^^^^^^^^^^^^^^\n  File "F:\\py\\Lib\\site-packages\\redis\\asyncio\\connection.py", line 1351, in get_connection\n    await self.ensure_connection(connection)\n  File "F:\\py\\Lib\\site-packages\\redis\\asyncio\\connection.py", line 1390, in ensure_connection\n    await connection.connect()\n  File "F:\\py\\Lib\\site-packages\\redis\\asyncio\\connection.py", line 339, in connect\n    await self.retry.call_with_retry(\n    ...<7 lines>...\n    )\n  File "F:\\py\\Lib\\site-packages\\redis\\asyncio\\retry.py", line 81, in call_with_retry\n    raise error\n  File "F:\\py\\Lib\\site-packages\\redis\\asyncio\\retry.py", line 69, in call_with_retry\n    return await do()\n           ^^^^^^^^^^\n  File "F:\\py\\Lib\\site-packages\\redis\\asyncio\\connection.py", line 403, in connect_check_health\n    await self.on_connect_check_health(check_health=check_health)\n  File "F:\\py\\Lib\\site-packages\\redis\\asyncio\\connection.py", line 560, in on_connect_check_health\n    await self.read_response()\n  File "F:\\py\\Lib\\site-packages\\redis\\asyncio\\connection.py", line 747, in read_response\n    raise ConnectionError(f"Error while reading from {host_error} : {e.args}")\nredis.exceptions.ConnectionError: Error while reading from 192.168.100.128:6379 : (22, \'÷∏∂®µƒÕ¯¬Á√˚≤ª‘Ÿø…”√°£\', None, 64, None)'}
ERROR    ai_werewolf_core.core.event.bus:bus.py:741 {'game_id': None, 'error': 'EventBus Œﬁ∑®ªÒ»° Redis øÕªß∂À', 'event': '«Â¿Ì ¬º˛ Stream “Ï≥£', 'level': 'error', 'logger': 'ai_werewolf_core.core.event.bus', 'timestamp': '2026-05-14T21:28:26.956737+08:00', 'exception': 'Traceback (most recent call last):\n  File "F:\\py\\Lib\\asyncio\\windows_events.py", line 463, in finish_socket_func\n    return ov.getresult()\n           ~~~~~~~~~~~~^^\nOSError: [WinError 64] ÷∏∂®µƒÕ¯¬Á√˚≤ª‘Ÿø…”√°£\n\nDuring handling of the above exception, another exception occurred:\n\nTraceback (most recent call last):\n  File "F:\\py\\Lib\\site-packages\\redis\\asyncio\\connection.py", line 725, in read_response\n    response = await self._parser.read_response(\n               ^^^^^^^^^^^^^^^^^^^^^^^^^^^^^^^^^\n        disable_decoding=disable_decoding\n        ^^^^^^^^^^^^^^^^^^^^^^^^^^^^^^^^^\n    )\n    ^\n  File "F:\\py\\Lib\\site-packages\\redis\\_parsers\\resp2.py", line 82, in read_response\n    response = await self._read_response(disable_decoding=disable_decoding)\n               ^^^^^^^^^^^^^^^^^^^^^^^^^^^^^^^^^^^^^^^^^^^^^^^^^^^^^^^^^^^^\n  File "F:\\py\\Lib\\site-packages\\redis\\_parsers\\resp2.py", line 90, in _read_response\n    raw = await self._readline()\n          ^^^^^^^^^^^^^^^^^^^^^^\n  File "F:\\py\\Lib\\site-packages\\redis\\_parsers\\base.py", line 559, in _readline\n    data = await self._stream.readline()\n           ^^^^^^^^^^^^^^^^^^^^^^^^^^^^^\n  File "F:\\py\\Lib\\asyncio\\streams.py", line 562, in readline\n    line = await self.readuntil(sep)\n           ^^^^^^^^^^^^^^^^^^^^^^^^^\n  File "F:\\py\\Lib\\asyncio\\streams.py", line 677, in readuntil\n    await self._wait_for_data(\'readuntil\')\n  File "F:\\py\\Lib\\asyncio\\streams.py", line 539, in _wait_for_data\n    await self._waiter\n  File "F:\\py\\Lib\\asyncio\\proactor_events.py", line 286, in _loop_reading\n    length = fut.result()\n  File "F:\\py\\Lib\\asyncio\\windows_events.py", line 804, in _poll\n    value = callback(transferred, key, ov)\n  File "F:\\py\\Lib\\asyncio\\windows_events.py", line 467, in finish_socket_func\n    raise ConnectionResetError(*exc.args)\nConnectionResetError: [WinError 64] ÷∏∂®µƒÕ¯¬Á√˚≤ª‘Ÿø…”√°£\n\nDuring handling of the above exception, another exception occurred:\n\nTraceback (most recent call last):\n  File "F:\\YilenaCode\\Werewolf\\ai_werewolf_core\\core\\event\\bus.py", line 111, in _get_redis\n    self._redis_client = await RedisClientManager.get_client()\n                         ^^^^^^^^^^^^^^^^^^^^^^^^^^^^^^^^^^^^^\n  File "F:\\YilenaCode\\Werewolf\\ai_werewolf_core\\utils\\redis_client.py", line 128, in get_client\n    await cls._client.ping()\n  File "F:\\py\\Lib\\site-packages\\redis\\asyncio\\client.py", line 764, in execute_command\n    conn = self.connection or await pool.get_connection()\n                              ^^^^^^^^^^^^^^^^^^^^^^^^^^^\n  File "F:\\py\\Lib\\site-packages\\redis\\utils.py", line 227, in async_wrapper\n    return await func(*args, **kwargs)\n           ^^^^^^^^^^^^^^^^^^^^^^^^^^^\n  File "F:\\py\\Lib\\site-packages\\redis\\asyncio\\connection.py", line 1351, in get_connection\n    await self.ensure_connection(connection)\n  File "F:\\py\\Lib\\site-packages\\redis\\asyncio\\connection.py", line 1390, in ensure_connection\n    await connection.connect()\n  File "F:\\py\\Lib\\site-packages\\redis\\asyncio\\connection.py", line 339, in connect\n    await self.retry.call_with_retry(\n    ...<7 lines>...\n    )\n  File "F:\\py\\Lib\\site-packages\\redis\\asyncio\\retry.py", line 81, in call_with_retry\n    raise error\n  File "F:\\py\\Lib\\site-packages\\redis\\asyncio\\retry.py", line 69, in call_with_retry\n    return await do()\n           ^^^^^^^^^^\n  File "F:\\py\\Lib\\site-packages\\redis\\asyncio\\connection.py", line 403, in connect_check_health\n    await self.on_connect_check_health(check_health=check_health)\n  File "F:\\py\\Lib\\site-packages\\redis\\asyncio\\connection.py", line 560, in on_connect_check_health\n    await self.read_response()\n  File "F:\\py\\Lib\\site-packages\\redis\\asyncio\\connection.py", line 747, in read_response\n    raise ConnectionError(f"Error while reading from {host_error} : {e.args}")\nredis.exceptions.ConnectionError: Error while reading from 192.168.100.128:6379 : (22, \'÷∏∂®µƒÕ¯¬Á√˚≤ª‘Ÿø…”√°£\', None, 64, None)\n\nThe above exception was the direct cause of the following exception:\n\nTraceback (most recent call last):\n  File "F:\\YilenaCode\\Werewolf\\ai_werewolf_core\\core\\event\\bus.py", line 710, in clear\n    redis = await self._get_redis()\n            ^^^^^^^^^^^^^^^^^^^^^^^\n  File "F:\\YilenaCode\\Werewolf\\ai_werewolf_core\\core\\event\\bus.py", line 114, in _get_redis\n    raise RedisUnavailableException(\n        "EventBus Œﬁ∑®ªÒ»° Redis øÕªß∂À"\n    ) from e\nai_werewolf_core.utils.redis_seq.RedisUnavailableException: EventBus Œﬁ∑®ªÒ»° Redis øÕªß∂À'}
__________________________ test_event_bus_subscribe ___________________________

trans = 0, key = 0, ov = <_overlapped.Overlapped object at 0x0000027C308371B0>

    @staticmethod
    def finish_socket_func(trans, key, ov):
        try:
>           return ov.getresult()
                   ^^^^^^^^^^^^^^
E           OSError: [WinError 64] ÷∏∂®µƒÕ¯¬Á√˚≤ª‘Ÿø…”√°£

F:\py\Lib\asyncio\windows_events.py:463: OSError

During handling of the above exception, another exception occurred:

self = <redis.asyncio.connection.Connection(host=192.168.100.128,port=6379,db=1)>
disable_decoding = False, timeout = None

    async def read_response(
        self,
        disable_decoding: bool = False,
        timeout: Optional[float] = None,
        *,
        disconnect_on_error: bool = True,
        push_request: Optional[bool] = False,
    ):
        """Read the response from a previously sent command"""
        read_timeout = timeout if timeout is not None else self.socket_timeout
        host_error = self._host_error()
        try:
            if read_timeout is not None and self.protocol in ["3", 3]:
                async with async_timeout(read_timeout):
                    response = await self._parser.read_response(
                        disable_decoding=disable_decoding, push_request=push_request
                    )
            elif read_timeout is not None:
                async with async_timeout(read_timeout):
>                   response = await self._parser.read_response(
                        disable_decoding=disable_decoding

F:\py\Lib\site-packages\redis\asyncio\connection.py:725: 
_ _ _ _ _ _ _ _ _ _ _ _ _ _ _ _ _ _ _ _ _ _ _ _ _ _ _ _ _ _ _ _ _ _ _ _ _ _ _ _
F:\py\Lib\site-packages\redis\_parsers\resp2.py:82: in read_response
    response = await self._read_response(disable_decoding=disable_decoding)
               ^^^^^^^^^^^^^^^^^^^^^^^^^^^^^^^^^^^^^^^^^^^^^^^^^^^^^^^^^^^^
F:\py\Lib\site-packages\redis\_parsers\resp2.py:90: in _read_response
    raw = await self._readline()
          ^^^^^^^^^^^^^^^^^^^^^^
F:\py\Lib\site-packages\redis\_parsers\base.py:559: in _readline
    data = await self._stream.readline()
           ^^^^^^^^^^^^^^^^^^^^^^^^^^^^^
F:\py\Lib\asyncio\streams.py:562: in readline
    line = await self.readuntil(sep)
           ^^^^^^^^^^^^^^^^^^^^^^^^^
F:\py\Lib\asyncio\streams.py:677: in readuntil
    await self._wait_for_data('readuntil')
F:\py\Lib\asyncio\streams.py:539: in _wait_for_data
    await self._waiter
F:\py\Lib\asyncio\proactor_events.py:286: in _loop_reading
    length = fut.result()
             ^^^^^^^^^^^^
F:\py\Lib\asyncio\windows_events.py:804: in _poll
    value = callback(transferred, key, ov)
            ^^^^^^^^^^^^^^^^^^^^^^^^^^^^^^
_ _ _ _ _ _ _ _ _ _ _ _ _ _ _ _ _ _ _ _ _ _ _ _ _ _ _ _ _ _ _ _ _ _ _ _ _ _ _ _

trans = 0, key = 0, ov = <_overlapped.Overlapped object at 0x0000027C308371B0>

    @staticmethod
    def finish_socket_func(trans, key, ov):
        try:
            return ov.getresult()
        except OSError as exc:
            if exc.winerror in (_overlapped.ERROR_NETNAME_DELETED,
                                _overlapped.ERROR_OPERATION_ABORTED):
>               raise ConnectionResetError(*exc.args)
E               ConnectionResetError: [WinError 64] ÷∏∂®µƒÕ¯¬Á√˚≤ª‘Ÿø…”√°£

F:\py\Lib\asyncio\windows_events.py:467: ConnectionResetError

During handling of the above exception, another exception occurred:

self = <ai_werewolf_core.utils.redis_seq.RedisSeqGenerator object at 0x0000027C30466BA0>

    async def _get_client(self) -> aioredis.Redis:
        """ªÒ»° Redis øÕªß∂À£¨Õ®π˝π≤œÌ¡¨Ω”≥ÿπ‹¿Ì∆˜°£
    
         π”√ :class:`RedisClientManager` ªÒ»°»´æ÷π≤œÌµƒ Redis øÕªß∂À£¨
        ±‹√‚√ø∏ˆƒ£øÈ∂¿¡¢¥¥Ω®¡¨Ω”≥ÿµº÷¬¡¨Ω” ˝≈Ú’Õ°£
    
        Returns:
            π≤œÌµƒ :class:`redis.asyncio.Redis` øÕªß∂À µ¿˝°£
    
        Raises:
            RedisUnavailableException: ∑¢∫≈∆˜“—πÿ±’ªÚ Redis ≤ªø…”√°£
        """
        if self._closed:
            raise RedisUnavailableException("Redis  ±–Ú∑¢∫≈∆˜“—πÿ±’")
    
        if self._redis is None:
            try:
>               self._redis = await RedisClientManager.get_client()
                              ^^^^^^^^^^^^^^^^^^^^^^^^^^^^^^^^^^^^^

ai_werewolf_core\utils\redis_seq.py:307: 
_ _ _ _ _ _ _ _ _ _ _ _ _ _ _ _ _ _ _ _ _ _ _ _ _ _ _ _ _ _ _ _ _ _ _ _ _ _ _ _
ai_werewolf_core\utils\redis_client.py:128: in get_client
    await cls._client.ping()
F:\py\Lib\site-packages\redis\asyncio\client.py:764: in execute_command
    conn = self.connection or await pool.get_connection()
                              ^^^^^^^^^^^^^^^^^^^^^^^^^^^
F:\py\Lib\site-packages\redis\utils.py:227: in async_wrapper
    return await func(*args, **kwargs)
           ^^^^^^^^^^^^^^^^^^^^^^^^^^^
F:\py\Lib\site-packages\redis\asyncio\connection.py:1351: in get_connection
    await self.ensure_connection(connection)
F:\py\Lib\site-packages\redis\asyncio\connection.py:1390: in ensure_connection
    await connection.connect()
F:\py\Lib\site-packages\redis\asyncio\connection.py:339: in connect
    await self.retry.call_with_retry(
F:\py\Lib\site-packages\redis\asyncio\retry.py:81: in call_with_retry
    raise error
F:\py\Lib\site-packages\redis\asyncio\retry.py:69: in call_with_retry
    return await do()
           ^^^^^^^^^^
F:\py\Lib\site-packages\redis\asyncio\connection.py:403: in connect_check_health
    await self.on_connect_check_health(check_health=check_health)
F:\py\Lib\site-packages\redis\asyncio\connection.py:560: in on_connect_check_health
    await self.read_response()
_ _ _ _ _ _ _ _ _ _ _ _ _ _ _ _ _ _ _ _ _ _ _ _ _ _ _ _ _ _ _ _ _ _ _ _ _ _ _ _

self = <redis.asyncio.connection.Connection(host=192.168.100.128,port=6379,db=1)>
disable_decoding = False, timeout = None

    async def read_response(
        self,
        disable_decoding: bool = False,
        timeout: Optional[float] = None,
        *,
        disconnect_on_error: bool = True,
        push_request: Optional[bool] = False,
    ):
        """Read the response from a previously sent command"""
        read_timeout = timeout if timeout is not None else self.socket_timeout
        host_error = self._host_error()
        try:
            if read_timeout is not None and self.protocol in ["3", 3]:
                async with async_timeout(read_timeout):
                    response = await self._parser.read_response(
                        disable_decoding=disable_decoding, push_request=push_request
                    )
            elif read_timeout is not None:
                async with async_timeout(read_timeout):
                    response = await self._parser.read_response(
                        disable_decoding=disable_decoding
                    )
            elif self.protocol in ["3", 3]:
                response = await self._parser.read_response(
                    disable_decoding=disable_decoding, push_request=push_request
                )
            else:
                response = await self._parser.read_response(
                    disable_decoding=disable_decoding
                )
        except asyncio.TimeoutError:
            if timeout is not None:
                # user requested timeout, return None. Operation can be retried
                return None
            # it was a self.socket_timeout error.
            if disconnect_on_error:
                await self.disconnect(nowait=True)
            raise TimeoutError(f"Timeout reading from {host_error}")
        except OSError as e:
            if disconnect_on_error:
                await self.disconnect(nowait=True)
>           raise ConnectionError(f"Error while reading from {host_error} : {e.args}")
E           redis.exceptions.ConnectionError: Error while reading from 192.168.100.128:6379 : (22, '÷∏∂®µƒÕ¯¬Á√˚≤ª‘Ÿø…”√°£', None, 64, None)

F:\py\Lib\site-packages\redis\asyncio\connection.py:747: ConnectionError

The above exception was the direct cause of the following exception:

event_bus = <ai_werewolf_core.core.event.bus.EventBus object at 0x0000027C30616950>

    @pytest.mark.asyncio
    async def test_event_bus_subscribe(event_bus):
        game_id = f"game_{uuid.uuid4().hex}"
        received_events = []
    
        def handler(event: Event):
            received_events.append(event)
    
        event_bus.subscribe(EventType.SPEECH_EVENT, handler)
    
        event1 = Event(
            event_id="evt_1",
            game_id=game_id,
            seq_num=0,
            event_type=EventType.SPEECH_EVENT,
            visibility=Visibility.PUBLIC,
            timestamp=now_tz(),
            payload={"msg": "I am villager"}
        )
    
        event2 = Event(
            event_id="evt_2",
            game_id=game_id,
            seq_num=0,
            event_type=EventType.SYSTEM_ANNOUNCEMENT,
            visibility=Visibility.PUBLIC,
            timestamp=now_tz(),
            payload={"msg": "Day 1"}
        )
    
>       await event_bus.publish(event1)

tests\test_event_bus.py:94: 
_ _ _ _ _ _ _ _ _ _ _ _ _ _ _ _ _ _ _ _ _ _ _ _ _ _ _ _ _ _ _ _ _ _ _ _ _ _ _ _
ai_werewolf_core\core\event\bus.py:457: in publish
    event.seq_num = await self._generate_seq_num(event.game_id)
                    ^^^^^^^^^^^^^^^^^^^^^^^^^^^^^^^^^^^^^^^^^^^
ai_werewolf_core\core\event\bus.py:146: in _generate_seq_num
    return await gen.next_seq(game_id)
           ^^^^^^^^^^^^^^^^^^^^^^^^^^^
ai_werewolf_core\utils\redis_seq.py:122: in next_seq
    client = await self._get_client()
             ^^^^^^^^^^^^^^^^^^^^^^^^
_ _ _ _ _ _ _ _ _ _ _ _ _ _ _ _ _ _ _ _ _ _ _ _ _ _ _ _ _ _ _ _ _ _ _ _ _ _ _ _

self = <ai_werewolf_core.utils.redis_seq.RedisSeqGenerator object at 0x0000027C30466BA0>

    async def _get_client(self) -> aioredis.Redis:
        """ªÒ»° Redis øÕªß∂À£¨Õ®π˝π≤œÌ¡¨Ω”≥ÿπ‹¿Ì∆˜°£
    
         π”√ :class:`RedisClientManager` ªÒ»°»´æ÷π≤œÌµƒ Redis øÕªß∂À£¨
        ±‹√‚√ø∏ˆƒ£øÈ∂¿¡¢¥¥Ω®¡¨Ω”≥ÿµº÷¬¡¨Ω” ˝≈Ú’Õ°£
    
        Returns:
            π≤œÌµƒ :class:`redis.asyncio.Redis` øÕªß∂À µ¿˝°£
    
        Raises:
            RedisUnavailableException: ∑¢∫≈∆˜“—πÿ±’ªÚ Redis ≤ªø…”√°£
        """
        if self._closed:
            raise RedisUnavailableException("Redis  ±–Ú∑¢∫≈∆˜“—πÿ±’")
    
        if self._redis is None:
            try:
                self._redis = await RedisClientManager.get_client()
                logger.debug("Redis  ±–Ú∑¢∫≈∆˜“—ªÒ»°π≤œÌøÕªß∂À")
            except (aioredis.ConnectionError, aioredis.TimeoutError) as e:
>               raise RedisUnavailableException(
                    "Œﬁ∑®ªÒ»° Redis øÕªß∂À£∫π≤œÌ¡¨Ω”≥ÿ≥ı ºªØ ß∞‹"
                ) from e
E               ai_werewolf_core.utils.redis_seq.RedisUnavailableException: Œﬁ∑®ªÒ»° Redis øÕªß∂À£∫π≤œÌ¡¨Ω”≥ÿ≥ı ºªØ ß∞‹

ai_werewolf_core\utils\redis_seq.py:310: RedisUnavailableException
---------------------------- Captured stderr setup ----------------------------
[2m2026-05-14T21:28:26.959763+08:00[0m [[32m[1mdebug    [0m] [1mglobal_subscribe              [0m [[0m[1m[34mai_werewolf_core.core.event.bus[0m][0m [36mhandler[0m=[35m_default_log_subscriber[0m
[2m2026-05-14T21:28:26.960214+08:00[0m [[32m[1mdebug    [0m] [1mglobal_subscribe              [0m [[0m[1m[34mai_werewolf_core.core.event.bus[0m][0m [36mhandler[0m=[35m_persist_to_db[0m
----------------------------- Captured log setup ------------------------------
DEBUG    ai_werewolf_core.core.event.bus:bus.py:519 {'handler': '_default_log_subscriber', 'event': 'global_subscribe', 'level': 'debug', 'logger': 'ai_werewolf_core.core.event.bus', 'timestamp': '2026-05-14T21:28:26.959763+08:00'}
DEBUG    ai_werewolf_core.core.event.bus:bus.py:519 {'handler': '_persist_to_db', 'event': 'global_subscribe', 'level': 'debug', 'logger': 'ai_werewolf_core.core.event.bus', 'timestamp': '2026-05-14T21:28:26.960214+08:00'}
---------------------------- Captured stderr call -----------------------------
[2m2026-05-14T21:28:26.961499+08:00[0m [[32m[1mdebug    [0m] [1mevent_subscribe               [0m [[0m[1m[34mai_werewolf_core.core.event.bus[0m][0m [36mevent_type[0m=[35mSPEECH_EVENT[0m [36mhandler[0m=[35mhandler[0m
[2m2026-05-14T21:28:26.961849+08:00[0m [[32m[1mdebug    [0m] [1mRedis ¡¨Ω”≥ÿ“—¥¥Ω®                  [0m [[0m[1m[34mai_werewolf_core.utils.redis_client[0m][0m [36mmax_connections[0m=[35m300[0m [36msocket_timeout[0m=[35m10[0m
[2m2026-05-14T21:28:31.965273+08:00[0m [[31m[1merror    [0m] [1mRedis ¡¨Ω”—È÷§ ß∞‹ (PING)           [0m [[0m[1m[34mai_werewolf_core.utils.redis_client[0m][0m [36merror[0m=[35m"Error while reading from 192.168.100.128:6379 : (22, '÷∏∂®µƒÕ¯¬Á√˚≤ª‘Ÿø…”√°£', None, 64, None)"[0m [36mhost[0m=[35m192.168.100.128[0m [36mport[0m=[35m6379[0m
Traceback (most recent call last):
  File "F:\py\Lib\asyncio\windows_events.py", line 463, in finish_socket_func
    return ov.getresult()
           ~~~~~~~~~~~~^^
OSError: [WinError 64] ÷∏∂®µƒÕ¯¬Á√˚≤ª‘Ÿø…”√°£

During handling of the above exception, another exception occurred:

Traceback (most recent call last):
  File "F:\py\Lib\site-packages\redis\asyncio\connection.py", line 725, in read_response
    response = await self._parser.read_response(
               ^^^^^^^^^^^^^^^^^^^^^^^^^^^^^^^^^
        disable_decoding=disable_decoding
        ^^^^^^^^^^^^^^^^^^^^^^^^^^^^^^^^^
    )
    ^
  File "F:\py\Lib\site-packages\redis\_parsers\resp2.py", line 82, in read_response
    response = await self._read_response(disable_decoding=disable_decoding)
               ^^^^^^^^^^^^^^^^^^^^^^^^^^^^^^^^^^^^^^^^^^^^^^^^^^^^^^^^^^^^
  File "F:\py\Lib\site-packages\redis\_parsers\resp2.py", line 90, in _read_response
    raw = await self._readline()
          ^^^^^^^^^^^^^^^^^^^^^^
  File "F:\py\Lib\site-packages\redis\_parsers\base.py", line 559, in _readline
    data = await self._stream.readline()
           ^^^^^^^^^^^^^^^^^^^^^^^^^^^^^
  File "F:\py\Lib\asyncio\streams.py", line 562, in readline
    line = await self.readuntil(sep)
           ^^^^^^^^^^^^^^^^^^^^^^^^^
  File "F:\py\Lib\asyncio\streams.py", line 677, in readuntil
    await self._wait_for_data('readuntil')
  File "F:\py\Lib\asyncio\streams.py", line 539, in _wait_for_data
    await self._waiter
  File "F:\py\Lib\asyncio\proactor_events.py", line 286, in _loop_reading
    length = fut.result()
  File "F:\py\Lib\asyncio\windows_events.py", line 804, in _poll
    value = callback(transferred, key, ov)
  File "F:\py\Lib\asyncio\windows_events.py", line 467, in finish_socket_func
    raise ConnectionResetError(*exc.args)
ConnectionResetError: [WinError 64] ÷∏∂®µƒÕ¯¬Á√˚≤ª‘Ÿø…”√°£

During handling of the above exception, another exception occurred:

Traceback (most recent call last):
  File "F:\YilenaCode\Werewolf\ai_werewolf_core\utils\redis_client.py", line 128, in get_client
    await cls._client.ping()
  File "F:\py\Lib\site-packages\redis\asyncio\client.py", line 764, in execute_command
    conn = self.connection or await pool.get_connection()
                              ^^^^^^^^^^^^^^^^^^^^^^^^^^^
  File "F:\py\Lib\site-packages\redis\utils.py", line 227, in async_wrapper
    return await func(*args, **kwargs)
           ^^^^^^^^^^^^^^^^^^^^^^^^^^^
  File "F:\py\Lib\site-packages\redis\asyncio\connection.py", line 1351, in get_connection
    await self.ensure_connection(connection)
  File "F:\py\Lib\site-packages\redis\asyncio\connection.py", line 1390, in ensure_connection
    await connection.connect()
  File "F:\py\Lib\site-packages\redis\asyncio\connection.py", line 339, in connect
    await self.retry.call_with_retry(
    ...<7 lines>...
    )
  File "F:\py\Lib\site-packages\redis\asyncio\retry.py", line 81, in call_with_retry
    raise error
  File "F:\py\Lib\site-packages\redis\asyncio\retry.py", line 69, in call_with_retry
    return await do()
           ^^^^^^^^^^
  File "F:\py\Lib\site-packages\redis\asyncio\connection.py", line 403, in connect_check_health
    await self.on_connect_check_health(check_health=check_health)
  File "F:\py\Lib\site-packages\redis\asyncio\connection.py", line 560, in on_connect_check_health
    await self.read_response()
  File "F:\py\Lib\site-packages\redis\asyncio\connection.py", line 747, in read_response
    raise ConnectionError(f"Error while reading from {host_error} : {e.args}")
redis.exceptions.ConnectionError: Error while reading from 192.168.100.128:6379 : (22, '÷∏∂®µƒÕ¯¬Á√˚≤ª‘Ÿø…”√°£', None, 64, None)
[2m2026-05-14T21:28:31.967326+08:00[0m [[31m[1merror    [0m] [1mRedis ≤ªø…”√£¨Œﬁ∑®∑÷≈‰ seq_num£¨ ¬º˛∑¢≤º ß∞‹ [0m [[0m[1m[34mai_werewolf_core.core.event.bus[0m][0m [36merror[0m=[35m'Œﬁ∑®ªÒ»° Redis øÕªß∂À£∫π≤œÌ¡¨Ω”≥ÿ≥ı ºªØ ß∞‹'[0m [36mevent_id[0m=[35mevt_1[0m [36mgame_id[0m=[35mgame_8249d130ed6e4c8b94ac3c527b9057e9[0m
Traceback (most recent call last):
  File "F:\py\Lib\asyncio\windows_events.py", line 463, in finish_socket_func
    return ov.getresult()
           ~~~~~~~~~~~~^^
OSError: [WinError 64] ÷∏∂®µƒÕ¯¬Á√˚≤ª‘Ÿø…”√°£

During handling of the above exception, another exception occurred:

Traceback (most recent call last):
  File "F:\py\Lib\site-packages\redis\asyncio\connection.py", line 725, in read_response
    response = await self._parser.read_response(
               ^^^^^^^^^^^^^^^^^^^^^^^^^^^^^^^^^
        disable_decoding=disable_decoding
        ^^^^^^^^^^^^^^^^^^^^^^^^^^^^^^^^^
    )
    ^
  File "F:\py\Lib\site-packages\redis\_parsers\resp2.py", line 82, in read_response
    response = await self._read_response(disable_decoding=disable_decoding)
               ^^^^^^^^^^^^^^^^^^^^^^^^^^^^^^^^^^^^^^^^^^^^^^^^^^^^^^^^^^^^
  File "F:\py\Lib\site-packages\redis\_parsers\resp2.py", line 90, in _read_response
    raw = await self._readline()
          ^^^^^^^^^^^^^^^^^^^^^^
  File "F:\py\Lib\site-packages\redis\_parsers\base.py", line 559, in _readline
    data = await self._stream.readline()
           ^^^^^^^^^^^^^^^^^^^^^^^^^^^^^
  File "F:\py\Lib\asyncio\streams.py", line 562, in readline
    line = await self.readuntil(sep)
           ^^^^^^^^^^^^^^^^^^^^^^^^^
  File "F:\py\Lib\asyncio\streams.py", line 677, in readuntil
    await self._wait_for_data('readuntil')
  File "F:\py\Lib\asyncio\streams.py", line 539, in _wait_for_data
    await self._waiter
  File "F:\py\Lib\asyncio\proactor_events.py", line 286, in _loop_reading
    length = fut.result()
  File "F:\py\Lib\asyncio\windows_events.py", line 804, in _poll
    value = callback(transferred, key, ov)
  File "F:\py\Lib\asyncio\windows_events.py", line 467, in finish_socket_func
    raise ConnectionResetError(*exc.args)
ConnectionResetError: [WinError 64] ÷∏∂®µƒÕ¯¬Á√˚≤ª‘Ÿø…”√°£

During handling of the above exception, another exception occurred:

Traceback (most recent call last):
  File "F:\YilenaCode\Werewolf\ai_werewolf_core\utils\redis_seq.py", line 307, in _get_client
    self._redis = await RedisClientManager.get_client()
                  ^^^^^^^^^^^^^^^^^^^^^^^^^^^^^^^^^^^^^
  File "F:\YilenaCode\Werewolf\ai_werewolf_core\utils\redis_client.py", line 128, in get_client
    await cls._client.ping()
  File "F:\py\Lib\site-packages\redis\asyncio\client.py", line 764, in execute_command
    conn = self.connection or await pool.get_connection()
                              ^^^^^^^^^^^^^^^^^^^^^^^^^^^
  File "F:\py\Lib\site-packages\redis\utils.py", line 227, in async_wrapper
    return await func(*args, **kwargs)
           ^^^^^^^^^^^^^^^^^^^^^^^^^^^
  File "F:\py\Lib\site-packages\redis\asyncio\connection.py", line 1351, in get_connection
    await self.ensure_connection(connection)
  File "F:\py\Lib\site-packages\redis\asyncio\connection.py", line 1390, in ensure_connection
    await connection.connect()
  File "F:\py\Lib\site-packages\redis\asyncio\connection.py", line 339, in connect
    await self.retry.call_with_retry(
    ...<7 lines>...
    )
  File "F:\py\Lib\site-packages\redis\asyncio\retry.py", line 81, in call_with_retry
    raise error
  File "F:\py\Lib\site-packages\redis\asyncio\retry.py", line 69, in call_with_retry
    return await do()
           ^^^^^^^^^^
  File "F:\py\Lib\site-packages\redis\asyncio\connection.py", line 403, in connect_check_health
    await self.on_connect_check_health(check_health=check_health)
  File "F:\py\Lib\site-packages\redis\asyncio\connection.py", line 560, in on_connect_check_health
    await self.read_response()
  File "F:\py\Lib\site-packages\redis\asyncio\connection.py", line 747, in read_response
    raise ConnectionError(f"Error while reading from {host_error} : {e.args}")
redis.exceptions.ConnectionError: Error while reading from 192.168.100.128:6379 : (22, '÷∏∂®µƒÕ¯¬Á√˚≤ª‘Ÿø…”√°£', None, 64, None)

The above exception was the direct cause of the following exception:

Traceback (most recent call last):
  File "F:\YilenaCode\Werewolf\ai_werewolf_core\core\event\bus.py", line 457, in publish
    event.seq_num = await self._generate_seq_num(event.game_id)
                    ^^^^^^^^^^^^^^^^^^^^^^^^^^^^^^^^^^^^^^^^^^^
  File "F:\YilenaCode\Werewolf\ai_werewolf_core\core\event\bus.py", line 146, in _generate_seq_num
    return await gen.next_seq(game_id)
           ^^^^^^^^^^^^^^^^^^^^^^^^^^^
  File "F:\YilenaCode\Werewolf\ai_werewolf_core\utils\redis_seq.py", line 122, in next_seq
    client = await self._get_client()
             ^^^^^^^^^^^^^^^^^^^^^^^^
  File "F:\YilenaCode\Werewolf\ai_werewolf_core\utils\redis_seq.py", line 310, in _get_client
    raise RedisUnavailableException(
        "Œﬁ∑®ªÒ»° Redis øÕªß∂À£∫π≤œÌ¡¨Ω”≥ÿ≥ı ºªØ ß∞‹"
    ) from e
ai_werewolf_core.utils.redis_seq.RedisUnavailableException: Œﬁ∑®ªÒ»° Redis øÕªß∂À£∫π≤œÌ¡¨Ω”≥ÿ≥ı ºªØ ß∞‹
------------------------------ Captured log call ------------------------------
DEBUG    ai_werewolf_core.core.event.bus:bus.py:506 {'event_type': 'SPEECH_EVENT', 'handler': 'handler', 'event': 'event_subscribe', 'level': 'debug', 'logger': 'ai_werewolf_core.core.event.bus', 'timestamp': '2026-05-14T21:28:26.961499+08:00'}
DEBUG    ai_werewolf_core.utils.redis_client:redis_client.py:243 {'max_connections': 300, 'socket_timeout': 10, 'event': 'Redis ¡¨Ω”≥ÿ“—¥¥Ω®', 'level': 'debug', 'logger': 'ai_werewolf_core.utils.redis_client', 'timestamp': '2026-05-14T21:28:26.961849+08:00'}
ERROR    ai_werewolf_core.utils.redis_client:redis_client.py:130 {'host': '192.168.100.128', 'port': 6379, 'error': "Error while reading from 192.168.100.128:6379 : (22, '÷∏∂®µƒÕ¯¬Á√˚≤ª‘Ÿø…”√°£', None, 64, None)", 'event': 'Redis ¡¨Ω”—È÷§ ß∞‹ (PING)', 'level': 'error', 'logger': 'ai_werewolf_core.utils.redis_client', 'timestamp': '2026-05-14T21:28:31.965273+08:00', 'exception': 'Traceback (most recent call last):\n  File "F:\\py\\Lib\\asyncio\\windows_events.py", line 463, in finish_socket_func\n    return ov.getresult()\n           ~~~~~~~~~~~~^^\nOSError: [WinError 64] ÷∏∂®µƒÕ¯¬Á√˚≤ª‘Ÿø…”√°£\n\nDuring handling of the above exception, another exception occurred:\n\nTraceback (most recent call last):\n  File "F:\\py\\Lib\\site-packages\\redis\\asyncio\\connection.py", line 725, in read_response\n    response = await self._parser.read_response(\n               ^^^^^^^^^^^^^^^^^^^^^^^^^^^^^^^^^\n        disable_decoding=disable_decoding\n        ^^^^^^^^^^^^^^^^^^^^^^^^^^^^^^^^^\n    )\n    ^\n  File "F:\\py\\Lib\\site-packages\\redis\\_parsers\\resp2.py", line 82, in read_response\n    response = await self._read_response(disable_decoding=disable_decoding)\n               ^^^^^^^^^^^^^^^^^^^^^^^^^^^^^^^^^^^^^^^^^^^^^^^^^^^^^^^^^^^^\n  File "F:\\py\\Lib\\site-packages\\redis\\_parsers\\resp2.py", line 90, in _read_response\n    raw = await self._readline()\n          ^^^^^^^^^^^^^^^^^^^^^^\n  File "F:\\py\\Lib\\site-packages\\redis\\_parsers\\base.py", line 559, in _readline\n    data = await self._stream.readline()\n           ^^^^^^^^^^^^^^^^^^^^^^^^^^^^^\n  File "F:\\py\\Lib\\asyncio\\streams.py", line 562, in readline\n    line = await self.readuntil(sep)\n           ^^^^^^^^^^^^^^^^^^^^^^^^^\n  File "F:\\py\\Lib\\asyncio\\streams.py", line 677, in readuntil\n    await self._wait_for_data(\'readuntil\')\n  File "F:\\py\\Lib\\asyncio\\streams.py", line 539, in _wait_for_data\n    await self._waiter\n  File "F:\\py\\Lib\\asyncio\\proactor_events.py", line 286, in _loop_reading\n    length = fut.result()\n  File "F:\\py\\Lib\\asyncio\\windows_events.py", line 804, in _poll\n    value = callback(transferred, key, ov)\n  File "F:\\py\\Lib\\asyncio\\windows_events.py", line 467, in finish_socket_func\n    raise ConnectionResetError(*exc.args)\nConnectionResetError: [WinError 64] ÷∏∂®µƒÕ¯¬Á√˚≤ª‘Ÿø…”√°£\n\nDuring handling of the above exception, another exception occurred:\n\nTraceback (most recent call last):\n  File "F:\\YilenaCode\\Werewolf\\ai_werewolf_core\\utils\\redis_client.py", line 128, in get_client\n    await cls._client.ping()\n  File "F:\\py\\Lib\\site-packages\\redis\\asyncio\\client.py", line 764, in execute_command\n    conn = self.connection or await pool.get_connection()\n                              ^^^^^^^^^^^^^^^^^^^^^^^^^^^\n  File "F:\\py\\Lib\\site-packages\\redis\\utils.py", line 227, in async_wrapper\n    return await func(*args, **kwargs)\n           ^^^^^^^^^^^^^^^^^^^^^^^^^^^\n  File "F:\\py\\Lib\\site-packages\\redis\\asyncio\\connection.py", line 1351, in get_connection\n    await self.ensure_connection(connection)\n  File "F:\\py\\Lib\\site-packages\\redis\\asyncio\\connection.py", line 1390, in ensure_connection\n    await connection.connect()\n  File "F:\\py\\Lib\\site-packages\\redis\\asyncio\\connection.py", line 339, in connect\n    await self.retry.call_with_retry(\n    ...<7 lines>...\n    )\n  File "F:\\py\\Lib\\site-packages\\redis\\asyncio\\retry.py", line 81, in call_with_retry\n    raise error\n  File "F:\\py\\Lib\\site-packages\\redis\\asyncio\\retry.py", line 69, in call_with_retry\n    return await do()\n           ^^^^^^^^^^\n  File "F:\\py\\Lib\\site-packages\\redis\\asyncio\\connection.py", line 403, in connect_check_health\n    await self.on_connect_check_health(check_health=check_health)\n  File "F:\\py\\Lib\\site-packages\\redis\\asyncio\\connection.py", line 560, in on_connect_check_health\n    await self.read_response()\n  File "F:\\py\\Lib\\site-packages\\redis\\asyncio\\connection.py", line 747, in read_response\n    raise ConnectionError(f"Error while reading from {host_error} : {e.args}")\nredis.exceptions.ConnectionError: Error while reading from 192.168.100.128:6379 : (22, \'÷∏∂®µƒÕ¯¬Á√˚≤ª‘Ÿø…”√°£\', None, 64, None)'}
ERROR    ai_werewolf_core.core.event.bus:bus.py:459 {'event_id': 'evt_1', 'game_id': 'game_8249d130ed6e4c8b94ac3c527b9057e9', 'error': 'Œﬁ∑®ªÒ»° Redis øÕªß∂À£∫π≤œÌ¡¨Ω”≥ÿ≥ı ºªØ ß∞‹', 'event': 'Redis ≤ªø…”√£¨Œﬁ∑®∑÷≈‰ seq_num£¨ ¬º˛∑¢≤º ß∞‹', 'level': 'error', 'logger': 'ai_werewolf_core.core.event.bus', 'timestamp': '2026-05-14T21:28:31.967326+08:00', 'exception': 'Traceback (most recent call last):\n  File "F:\\py\\Lib\\asyncio\\windows_events.py", line 463, in finish_socket_func\n    return ov.getresult()\n           ~~~~~~~~~~~~^^\nOSError: [WinError 64] ÷∏∂®µƒÕ¯¬Á√˚≤ª‘Ÿø…”√°£\n\nDuring handling of the above exception, another exception occurred:\n\nTraceback (most recent call last):\n  File "F:\\py\\Lib\\site-packages\\redis\\asyncio\\connection.py", line 725, in read_response\n    response = await self._parser.read_response(\n               ^^^^^^^^^^^^^^^^^^^^^^^^^^^^^^^^^\n        disable_decoding=disable_decoding\n        ^^^^^^^^^^^^^^^^^^^^^^^^^^^^^^^^^\n    )\n    ^\n  File "F:\\py\\Lib\\site-packages\\redis\\_parsers\\resp2.py", line 82, in read_response\n    response = await self._read_response(disable_decoding=disable_decoding)\n               ^^^^^^^^^^^^^^^^^^^^^^^^^^^^^^^^^^^^^^^^^^^^^^^^^^^^^^^^^^^^\n  File "F:\\py\\Lib\\site-packages\\redis\\_parsers\\resp2.py", line 90, in _read_response\n    raw = await self._readline()\n          ^^^^^^^^^^^^^^^^^^^^^^\n  File "F:\\py\\Lib\\site-packages\\redis\\_parsers\\base.py", line 559, in _readline\n    data = await self._stream.readline()\n           ^^^^^^^^^^^^^^^^^^^^^^^^^^^^^\n  File "F:\\py\\Lib\\asyncio\\streams.py", line 562, in readline\n    line = await self.readuntil(sep)\n           ^^^^^^^^^^^^^^^^^^^^^^^^^\n  File "F:\\py\\Lib\\asyncio\\streams.py", line 677, in readuntil\n    await self._wait_for_data(\'readuntil\')\n  File "F:\\py\\Lib\\asyncio\\streams.py", line 539, in _wait_for_data\n    await self._waiter\n  File "F:\\py\\Lib\\asyncio\\proactor_events.py", line 286, in _loop_reading\n    length = fut.result()\n  File "F:\\py\\Lib\\asyncio\\windows_events.py", line 804, in _poll\n    value = callback(transferred, key, ov)\n  File "F:\\py\\Lib\\asyncio\\windows_events.py", line 467, in finish_socket_func\n    raise ConnectionResetError(*exc.args)\nConnectionResetError: [WinError 64] ÷∏∂®µƒÕ¯¬Á√˚≤ª‘Ÿø…”√°£\n\nDuring handling of the above exception, another exception occurred:\n\nTraceback (most recent call last):\n  File "F:\\YilenaCode\\Werewolf\\ai_werewolf_core\\utils\\redis_seq.py", line 307, in _get_client\n    self._redis = await RedisClientManager.get_client()\n                  ^^^^^^^^^^^^^^^^^^^^^^^^^^^^^^^^^^^^^\n  File "F:\\YilenaCode\\Werewolf\\ai_werewolf_core\\utils\\redis_client.py", line 128, in get_client\n    await cls._client.ping()\n  File "F:\\py\\Lib\\site-packages\\redis\\asyncio\\client.py", line 764, in execute_command\n    conn = self.connection or await pool.get_connection()\n                              ^^^^^^^^^^^^^^^^^^^^^^^^^^^\n  File "F:\\py\\Lib\\site-packages\\redis\\utils.py", line 227, in async_wrapper\n    return await func(*args, **kwargs)\n           ^^^^^^^^^^^^^^^^^^^^^^^^^^^\n  File "F:\\py\\Lib\\site-packages\\redis\\asyncio\\connection.py", line 1351, in get_connection\n    await self.ensure_connection(connection)\n  File "F:\\py\\Lib\\site-packages\\redis\\asyncio\\connection.py", line 1390, in ensure_connection\n    await connection.connect()\n  File "F:\\py\\Lib\\site-packages\\redis\\asyncio\\connection.py", line 339, in connect\n    await self.retry.call_with_retry(\n    ...<7 lines>...\n    )\n  File "F:\\py\\Lib\\site-packages\\redis\\asyncio\\retry.py", line 81, in call_with_retry\n    raise error\n  File "F:\\py\\Lib\\site-packages\\redis\\asyncio\\retry.py", line 69, in call_with_retry\n    return await do()\n           ^^^^^^^^^^\n  File "F:\\py\\Lib\\site-packages\\redis\\asyncio\\connection.py", line 403, in connect_check_health\n    await self.on_connect_check_health(check_health=check_health)\n  File "F:\\py\\Lib\\site-packages\\redis\\asyncio\\connection.py", line 560, in on_connect_check_health\n    await self.read_response()\n  File "F:\\py\\Lib\\site-packages\\redis\\asyncio\\connection.py", line 747, in read_response\n    raise ConnectionError(f"Error while reading from {host_error} : {e.args}")\nredis.exceptions.ConnectionError: Error while reading from 192.168.100.128:6379 : (22, \'÷∏∂®µƒÕ¯¬Á√˚≤ª‘Ÿø…”√°£\', None, 64, None)\n\nThe above exception was the direct cause of the following exception:\n\nTraceback (most recent call last):\n  File "F:\\YilenaCode\\Werewolf\\ai_werewolf_core\\core\\event\\bus.py", line 457, in publish\n    event.seq_num = await self._generate_seq_num(event.game_id)\n                    ^^^^^^^^^^^^^^^^^^^^^^^^^^^^^^^^^^^^^^^^^^^\n  File "F:\\YilenaCode\\Werewolf\\ai_werewolf_core\\core\\event\\bus.py", line 146, in _generate_seq_num\n    return await gen.next_seq(game_id)\n           ^^^^^^^^^^^^^^^^^^^^^^^^^^^\n  File "F:\\YilenaCode\\Werewolf\\ai_werewolf_core\\utils\\redis_seq.py", line 122, in next_seq\n    client = await self._get_client()\n             ^^^^^^^^^^^^^^^^^^^^^^^^\n  File "F:\\YilenaCode\\Werewolf\\ai_werewolf_core\\utils\\redis_seq.py", line 310, in _get_client\n    raise RedisUnavailableException(\n        "Œﬁ∑®ªÒ»° Redis øÕªß∂À£∫π≤œÌ¡¨Ω”≥ÿ≥ı ºªØ ß∞‹"\n    ) from e\nai_werewolf_core.utils.redis_seq.RedisUnavailableException: Œﬁ∑®ªÒ»° Redis øÕªß∂À£∫π≤œÌ¡¨Ω”≥ÿ≥ı ºªØ ß∞‹'}
-------------------------- Captured stderr teardown ---------------------------
[2m2026-05-14T21:28:32.228797+08:00[0m [[32m[1mdebug    [0m] [1mRedis ¡¨Ω”≥ÿ“—¥¥Ω®                  [0m [[0m[1m[34mai_werewolf_core.utils.redis_client[0m][0m [36mmax_connections[0m=[35m300[0m [36msocket_timeout[0m=[35m10[0m
[2m2026-05-14T21:28:37.231351+08:00[0m [[31m[1merror    [0m] [1mRedis ¡¨Ω”—È÷§ ß∞‹ (PING)           [0m [[0m[1m[34mai_werewolf_core.utils.redis_client[0m][0m [36merror[0m=[35m"Error while reading from 192.168.100.128:6379 : (22, '÷∏∂®µƒÕ¯¬Á√˚≤ª‘Ÿø…”√°£', None, 64, None)"[0m [36mhost[0m=[35m192.168.100.128[0m [36mport[0m=[35m6379[0m
Traceback (most recent call last):
  File "F:\py\Lib\asyncio\windows_events.py", line 463, in finish_socket_func
    return ov.getresult()
           ~~~~~~~~~~~~^^
OSError: [WinError 64] ÷∏∂®µƒÕ¯¬Á√˚≤ª‘Ÿø…”√°£

During handling of the above exception, another exception occurred:

Traceback (most recent call last):
  File "F:\py\Lib\site-packages\redis\asyncio\connection.py", line 725, in read_response
    response = await self._parser.read_response(
               ^^^^^^^^^^^^^^^^^^^^^^^^^^^^^^^^^
        disable_decoding=disable_decoding
        ^^^^^^^^^^^^^^^^^^^^^^^^^^^^^^^^^
    )
    ^
  File "F:\py\Lib\site-packages\redis\_parsers\resp2.py", line 82, in read_response
    response = await self._read_response(disable_decoding=disable_decoding)
               ^^^^^^^^^^^^^^^^^^^^^^^^^^^^^^^^^^^^^^^^^^^^^^^^^^^^^^^^^^^^
  File "F:\py\Lib\site-packages\redis\_parsers\resp2.py", line 90, in _read_response
    raw = await self._readline()
          ^^^^^^^^^^^^^^^^^^^^^^
  File "F:\py\Lib\site-packages\redis\_parsers\base.py", line 559, in _readline
    data = await self._stream.readline()
           ^^^^^^^^^^^^^^^^^^^^^^^^^^^^^
  File "F:\py\Lib\asyncio\streams.py", line 562, in readline
    line = await self.readuntil(sep)
           ^^^^^^^^^^^^^^^^^^^^^^^^^
  File "F:\py\Lib\asyncio\streams.py", line 677, in readuntil
    await self._wait_for_data('readuntil')
  File "F:\py\Lib\asyncio\streams.py", line 539, in _wait_for_data
    await self._waiter
  File "F:\py\Lib\asyncio\proactor_events.py", line 286, in _loop_reading
    length = fut.result()
  File "F:\py\Lib\asyncio\windows_events.py", line 804, in _poll
    value = callback(transferred, key, ov)
  File "F:\py\Lib\asyncio\windows_events.py", line 467, in finish_socket_func
    raise ConnectionResetError(*exc.args)
ConnectionResetError: [WinError 64] ÷∏∂®µƒÕ¯¬Á√˚≤ª‘Ÿø…”√°£

During handling of the above exception, another exception occurred:

Traceback (most recent call last):
  File "F:\YilenaCode\Werewolf\ai_werewolf_core\utils\redis_client.py", line 128, in get_client
    await cls._client.ping()
  File "F:\py\Lib\site-packages\redis\asyncio\client.py", line 764, in execute_command
    conn = self.connection or await pool.get_connection()
                              ^^^^^^^^^^^^^^^^^^^^^^^^^^^
  File "F:\py\Lib\site-packages\redis\utils.py", line 227, in async_wrapper
    return await func(*args, **kwargs)
           ^^^^^^^^^^^^^^^^^^^^^^^^^^^
  File "F:\py\Lib\site-packages\redis\asyncio\connection.py", line 1351, in get_connection
    await self.ensure_connection(connection)
  File "F:\py\Lib\site-packages\redis\asyncio\connection.py", line 1390, in ensure_connection
    await connection.connect()
  File "F:\py\Lib\site-packages\redis\asyncio\connection.py", line 339, in connect
    await self.retry.call_with_retry(
    ...<7 lines>...
    )
  File "F:\py\Lib\site-packages\redis\asyncio\retry.py", line 81, in call_with_retry
    raise error
  File "F:\py\Lib\site-packages\redis\asyncio\retry.py", line 69, in call_with_retry
    return await do()
           ^^^^^^^^^^
  File "F:\py\Lib\site-packages\redis\asyncio\connection.py", line 403, in connect_check_health
    await self.on_connect_check_health(check_health=check_health)
  File "F:\py\Lib\site-packages\redis\asyncio\connection.py", line 560, in on_connect_check_health
    await self.read_response()
  File "F:\py\Lib\site-packages\redis\asyncio\connection.py", line 747, in read_response
    raise ConnectionError(f"Error while reading from {host_error} : {e.args}")
redis.exceptions.ConnectionError: Error while reading from 192.168.100.128:6379 : (22, '÷∏∂®µƒÕ¯¬Á√˚≤ª‘Ÿø…”√°£', None, 64, None)
[2m2026-05-14T21:28:37.233395+08:00[0m [[31m[1merror    [0m] [1m«Â¿Ì ¬º˛ Stream “Ï≥£                [0m [[0m[1m[34mai_werewolf_core.core.event.bus[0m][0m [36merror[0m=[35m'EventBus Œﬁ∑®ªÒ»° Redis øÕªß∂À'[0m [36mgame_id[0m=[35mNone[0m
Traceback (most recent call last):
  File "F:\py\Lib\asyncio\windows_events.py", line 463, in finish_socket_func
    return ov.getresult()
           ~~~~~~~~~~~~^^
OSError: [WinError 64] ÷∏∂®µƒÕ¯¬Á√˚≤ª‘Ÿø…”√°£

During handling of the above exception, another exception occurred:

Traceback (most recent call last):
  File "F:\py\Lib\site-packages\redis\asyncio\connection.py", line 725, in read_response
    response = await self._parser.read_response(
               ^^^^^^^^^^^^^^^^^^^^^^^^^^^^^^^^^
        disable_decoding=disable_decoding
        ^^^^^^^^^^^^^^^^^^^^^^^^^^^^^^^^^
    )
    ^
  File "F:\py\Lib\site-packages\redis\_parsers\resp2.py", line 82, in read_response
    response = await self._read_response(disable_decoding=disable_decoding)
               ^^^^^^^^^^^^^^^^^^^^^^^^^^^^^^^^^^^^^^^^^^^^^^^^^^^^^^^^^^^^
  File "F:\py\Lib\site-packages\redis\_parsers\resp2.py", line 90, in _read_response
    raw = await self._readline()
          ^^^^^^^^^^^^^^^^^^^^^^
  File "F:\py\Lib\site-packages\redis\_parsers\base.py", line 559, in _readline
    data = await self._stream.readline()
           ^^^^^^^^^^^^^^^^^^^^^^^^^^^^^
  File "F:\py\Lib\asyncio\streams.py", line 562, in readline
    line = await self.readuntil(sep)
           ^^^^^^^^^^^^^^^^^^^^^^^^^
  File "F:\py\Lib\asyncio\streams.py", line 677, in readuntil
    await self._wait_for_data('readuntil')
  File "F:\py\Lib\asyncio\streams.py", line 539, in _wait_for_data
    await self._waiter
  File "F:\py\Lib\asyncio\proactor_events.py", line 286, in _loop_reading
    length = fut.result()
  File "F:\py\Lib\asyncio\windows_events.py", line 804, in _poll
    value = callback(transferred, key, ov)
  File "F:\py\Lib\asyncio\windows_events.py", line 467, in finish_socket_func
    raise ConnectionResetError(*exc.args)
ConnectionResetError: [WinError 64] ÷∏∂®µƒÕ¯¬Á√˚≤ª‘Ÿø…”√°£

During handling of the above exception, another exception occurred:

Traceback (most recent call last):
  File "F:\YilenaCode\Werewolf\ai_werewolf_core\core\event\bus.py", line 111, in _get_redis
    self._redis_client = await RedisClientManager.get_client()
                         ^^^^^^^^^^^^^^^^^^^^^^^^^^^^^^^^^^^^^
  File "F:\YilenaCode\Werewolf\ai_werewolf_core\utils\redis_client.py", line 128, in get_client
    await cls._client.ping()
  File "F:\py\Lib\site-packages\redis\asyncio\client.py", line 764, in execute_command
    conn = self.connection or await pool.get_connection()
                              ^^^^^^^^^^^^^^^^^^^^^^^^^^^
  File "F:\py\Lib\site-packages\redis\utils.py", line 227, in async_wrapper
    return await func(*args, **kwargs)
           ^^^^^^^^^^^^^^^^^^^^^^^^^^^
  File "F:\py\Lib\site-packages\redis\asyncio\connection.py", line 1351, in get_connection
    await self.ensure_connection(connection)
  File "F:\py\Lib\site-packages\redis\asyncio\connection.py", line 1390, in ensure_connection
    await connection.connect()
  File "F:\py\Lib\site-packages\redis\asyncio\connection.py", line 339, in connect
    await self.retry.call_with_retry(
    ...<7 lines>...
    )
  File "F:\py\Lib\site-packages\redis\asyncio\retry.py", line 81, in call_with_retry
    raise error
  File "F:\py\Lib\site-packages\redis\asyncio\retry.py", line 69, in call_with_retry
    return await do()
           ^^^^^^^^^^
  File "F:\py\Lib\site-packages\redis\asyncio\connection.py", line 403, in connect_check_health
    await self.on_connect_check_health(check_health=check_health)
  File "F:\py\Lib\site-packages\redis\asyncio\connection.py", line 560, in on_connect_check_health
    await self.read_response()
  File "F:\py\Lib\site-packages\redis\asyncio\connection.py", line 747, in read_response
    raise ConnectionError(f"Error while reading from {host_error} : {e.args}")
redis.exceptions.ConnectionError: Error while reading from 192.168.100.128:6379 : (22, '÷∏∂®µƒÕ¯¬Á√˚≤ª‘Ÿø…”√°£', None, 64, None)

The above exception was the direct cause of the following exception:

Traceback (most recent call last):
  File "F:\YilenaCode\Werewolf\ai_werewolf_core\core\event\bus.py", line 710, in clear
    redis = await self._get_redis()
            ^^^^^^^^^^^^^^^^^^^^^^^
  File "F:\YilenaCode\Werewolf\ai_werewolf_core\core\event\bus.py", line 114, in _get_redis
    raise RedisUnavailableException(
        "EventBus Œﬁ∑®ªÒ»° Redis øÕªß∂À"
    ) from e
ai_werewolf_core.utils.redis_seq.RedisUnavailableException: EventBus Œﬁ∑®ªÒ»° Redis øÕªß∂À
---------------------------- Captured log teardown ----------------------------
DEBUG    ai_werewolf_core.utils.redis_client:redis_client.py:243 {'max_connections': 300, 'socket_timeout': 10, 'event': 'Redis ¡¨Ω”≥ÿ“—¥¥Ω®', 'level': 'debug', 'logger': 'ai_werewolf_core.utils.redis_client', 'timestamp': '2026-05-14T21:28:32.228797+08:00'}
ERROR    ai_werewolf_core.utils.redis_client:redis_client.py:130 {'host': '192.168.100.128', 'port': 6379, 'error': "Error while reading from 192.168.100.128:6379 : (22, '÷∏∂®µƒÕ¯¬Á√˚≤ª‘Ÿø…”√°£', None, 64, None)", 'event': 'Redis ¡¨Ω”—È÷§ ß∞‹ (PING)', 'level': 'error', 'logger': 'ai_werewolf_core.utils.redis_client', 'timestamp': '2026-05-14T21:28:37.231351+08:00', 'exception': 'Traceback (most recent call last):\n  File "F:\\py\\Lib\\asyncio\\windows_events.py", line 463, in finish_socket_func\n    return ov.getresult()\n           ~~~~~~~~~~~~^^\nOSError: [WinError 64] ÷∏∂®µƒÕ¯¬Á√˚≤ª‘Ÿø…”√°£\n\nDuring handling of the above exception, another exception occurred:\n\nTraceback (most recent call last):\n  File "F:\\py\\Lib\\site-packages\\redis\\asyncio\\connection.py", line 725, in read_response\n    response = await self._parser.read_response(\n               ^^^^^^^^^^^^^^^^^^^^^^^^^^^^^^^^^\n        disable_decoding=disable_decoding\n        ^^^^^^^^^^^^^^^^^^^^^^^^^^^^^^^^^\n    )\n    ^\n  File "F:\\py\\Lib\\site-packages\\redis\\_parsers\\resp2.py", line 82, in read_response\n    response = await self._read_response(disable_decoding=disable_decoding)\n               ^^^^^^^^^^^^^^^^^^^^^^^^^^^^^^^^^^^^^^^^^^^^^^^^^^^^^^^^^^^^\n  File "F:\\py\\Lib\\site-packages\\redis\\_parsers\\resp2.py", line 90, in _read_response\n    raw = await self._readline()\n          ^^^^^^^^^^^^^^^^^^^^^^\n  File "F:\\py\\Lib\\site-packages\\redis\\_parsers\\base.py", line 559, in _readline\n    data = await self._stream.readline()\n           ^^^^^^^^^^^^^^^^^^^^^^^^^^^^^\n  File "F:\\py\\Lib\\asyncio\\streams.py", line 562, in readline\n    line = await self.readuntil(sep)\n           ^^^^^^^^^^^^^^^^^^^^^^^^^\n  File "F:\\py\\Lib\\asyncio\\streams.py", line 677, in readuntil\n    await self._wait_for_data(\'readuntil\')\n  File "F:\\py\\Lib\\asyncio\\streams.py", line 539, in _wait_for_data\n    await self._waiter\n  File "F:\\py\\Lib\\asyncio\\proactor_events.py", line 286, in _loop_reading\n    length = fut.result()\n  File "F:\\py\\Lib\\asyncio\\windows_events.py", line 804, in _poll\n    value = callback(transferred, key, ov)\n  File "F:\\py\\Lib\\asyncio\\windows_events.py", line 467, in finish_socket_func\n    raise ConnectionResetError(*exc.args)\nConnectionResetError: [WinError 64] ÷∏∂®µƒÕ¯¬Á√˚≤ª‘Ÿø…”√°£\n\nDuring handling of the above exception, another exception occurred:\n\nTraceback (most recent call last):\n  File "F:\\YilenaCode\\Werewolf\\ai_werewolf_core\\utils\\redis_client.py", line 128, in get_client\n    await cls._client.ping()\n  File "F:\\py\\Lib\\site-packages\\redis\\asyncio\\client.py", line 764, in execute_command\n    conn = self.connection or await pool.get_connection()\n                              ^^^^^^^^^^^^^^^^^^^^^^^^^^^\n  File "F:\\py\\Lib\\site-packages\\redis\\utils.py", line 227, in async_wrapper\n    return await func(*args, **kwargs)\n           ^^^^^^^^^^^^^^^^^^^^^^^^^^^\n  File "F:\\py\\Lib\\site-packages\\redis\\asyncio\\connection.py", line 1351, in get_connection\n    await self.ensure_connection(connection)\n  File "F:\\py\\Lib\\site-packages\\redis\\asyncio\\connection.py", line 1390, in ensure_connection\n    await connection.connect()\n  File "F:\\py\\Lib\\site-packages\\redis\\asyncio\\connection.py", line 339, in connect\n    await self.retry.call_with_retry(\n    ...<7 lines>...\n    )\n  File "F:\\py\\Lib\\site-packages\\redis\\asyncio\\retry.py", line 81, in call_with_retry\n    raise error\n  File "F:\\py\\Lib\\site-packages\\redis\\asyncio\\retry.py", line 69, in call_with_retry\n    return await do()\n           ^^^^^^^^^^\n  File "F:\\py\\Lib\\site-packages\\redis\\asyncio\\connection.py", line 403, in connect_check_health\n    await self.on_connect_check_health(check_health=check_health)\n  File "F:\\py\\Lib\\site-packages\\redis\\asyncio\\connection.py", line 560, in on_connect_check_health\n    await self.read_response()\n  File "F:\\py\\Lib\\site-packages\\redis\\asyncio\\connection.py", line 747, in read_response\n    raise ConnectionError(f"Error while reading from {host_error} : {e.args}")\nredis.exceptions.ConnectionError: Error while reading from 192.168.100.128:6379 : (22, \'÷∏∂®µƒÕ¯¬Á√˚≤ª‘Ÿø…”√°£\', None, 64, None)'}
ERROR    ai_werewolf_core.core.event.bus:bus.py:741 {'game_id': None, 'error': 'EventBus Œﬁ∑®ªÒ»° Redis øÕªß∂À', 'event': '«Â¿Ì ¬º˛ Stream “Ï≥£', 'level': 'error', 'logger': 'ai_werewolf_core.core.event.bus', 'timestamp': '2026-05-14T21:28:37.233395+08:00', 'exception': 'Traceback (most recent call last):\n  File "F:\\py\\Lib\\asyncio\\windows_events.py", line 463, in finish_socket_func\n    return ov.getresult()\n           ~~~~~~~~~~~~^^\nOSError: [WinError 64] ÷∏∂®µƒÕ¯¬Á√˚≤ª‘Ÿø…”√°£\n\nDuring handling of the above exception, another exception occurred:\n\nTraceback (most recent call last):\n  File "F:\\py\\Lib\\site-packages\\redis\\asyncio\\connection.py", line 725, in read_response\n    response = await self._parser.read_response(\n               ^^^^^^^^^^^^^^^^^^^^^^^^^^^^^^^^^\n        disable_decoding=disable_decoding\n        ^^^^^^^^^^^^^^^^^^^^^^^^^^^^^^^^^\n    )\n    ^\n  File "F:\\py\\Lib\\site-packages\\redis\\_parsers\\resp2.py", line 82, in read_response\n    response = await self._read_response(disable_decoding=disable_decoding)\n               ^^^^^^^^^^^^^^^^^^^^^^^^^^^^^^^^^^^^^^^^^^^^^^^^^^^^^^^^^^^^\n  File "F:\\py\\Lib\\site-packages\\redis\\_parsers\\resp2.py", line 90, in _read_response\n    raw = await self._readline()\n          ^^^^^^^^^^^^^^^^^^^^^^\n  File "F:\\py\\Lib\\site-packages\\redis\\_parsers\\base.py", line 559, in _readline\n    data = await self._stream.readline()\n           ^^^^^^^^^^^^^^^^^^^^^^^^^^^^^\n  File "F:\\py\\Lib\\asyncio\\streams.py", line 562, in readline\n    line = await self.readuntil(sep)\n           ^^^^^^^^^^^^^^^^^^^^^^^^^\n  File "F:\\py\\Lib\\asyncio\\streams.py", line 677, in readuntil\n    await self._wait_for_data(\'readuntil\')\n  File "F:\\py\\Lib\\asyncio\\streams.py", line 539, in _wait_for_data\n    await self._waiter\n  File "F:\\py\\Lib\\asyncio\\proactor_events.py", line 286, in _loop_reading\n    length = fut.result()\n  File "F:\\py\\Lib\\asyncio\\windows_events.py", line 804, in _poll\n    value = callback(transferred, key, ov)\n  File "F:\\py\\Lib\\asyncio\\windows_events.py", line 467, in finish_socket_func\n    raise ConnectionResetError(*exc.args)\nConnectionResetError: [WinError 64] ÷∏∂®µƒÕ¯¬Á√˚≤ª‘Ÿø…”√°£\n\nDuring handling of the above exception, another exception occurred:\n\nTraceback (most recent call last):\n  File "F:\\YilenaCode\\Werewolf\\ai_werewolf_core\\core\\event\\bus.py", line 111, in _get_redis\n    self._redis_client = await RedisClientManager.get_client()\n                         ^^^^^^^^^^^^^^^^^^^^^^^^^^^^^^^^^^^^^\n  File "F:\\YilenaCode\\Werewolf\\ai_werewolf_core\\utils\\redis_client.py", line 128, in get_client\n    await cls._client.ping()\n  File "F:\\py\\Lib\\site-packages\\redis\\asyncio\\client.py", line 764, in execute_command\n    conn = self.connection or await pool.get_connection()\n                              ^^^^^^^^^^^^^^^^^^^^^^^^^^^\n  File "F:\\py\\Lib\\site-packages\\redis\\utils.py", line 227, in async_wrapper\n    return await func(*args, **kwargs)\n           ^^^^^^^^^^^^^^^^^^^^^^^^^^^\n  File "F:\\py\\Lib\\site-packages\\redis\\asyncio\\connection.py", line 1351, in get_connection\n    await self.ensure_connection(connection)\n  File "F:\\py\\Lib\\site-packages\\redis\\asyncio\\connection.py", line 1390, in ensure_connection\n    await connection.connect()\n  File "F:\\py\\Lib\\site-packages\\redis\\asyncio\\connection.py", line 339, in connect\n    await self.retry.call_with_retry(\n    ...<7 lines>...\n    )\n  File "F:\\py\\Lib\\site-packages\\redis\\asyncio\\retry.py", line 81, in call_with_retry\n    raise error\n  File "F:\\py\\Lib\\site-packages\\redis\\asyncio\\retry.py", line 69, in call_with_retry\n    return await do()\n           ^^^^^^^^^^\n  File "F:\\py\\Lib\\site-packages\\redis\\asyncio\\connection.py", line 403, in connect_check_health\n    await self.on_connect_check_health(check_health=check_health)\n  File "F:\\py\\Lib\\site-packages\\redis\\asyncio\\connection.py", line 560, in on_connect_check_health\n    await self.read_response()\n  File "F:\\py\\Lib\\site-packages\\redis\\asyncio\\connection.py", line 747, in read_response\n    raise ConnectionError(f"Error while reading from {host_error} : {e.args}")\nredis.exceptions.ConnectionError: Error while reading from 192.168.100.128:6379 : (22, \'÷∏∂®µƒÕ¯¬Á√˚≤ª‘Ÿø…”√°£\', None, 64, None)\n\nThe above exception was the direct cause of the following exception:\n\nTraceback (most recent call last):\n  File "F:\\YilenaCode\\Werewolf\\ai_werewolf_core\\core\\event\\bus.py", line 710, in clear\n    redis = await self._get_redis()\n            ^^^^^^^^^^^^^^^^^^^^^^^\n  File "F:\\YilenaCode\\Werewolf\\ai_werewolf_core\\core\\event\\bus.py", line 114, in _get_redis\n    raise RedisUnavailableException(\n        "EventBus Œﬁ∑®ªÒ»° Redis øÕªß∂À"\n    ) from e\nai_werewolf_core.utils.redis_seq.RedisUnavailableException: EventBus Œﬁ∑®ªÒ»° Redis øÕªß∂À'}
_____________________ test_event_bus_visibility_filtering _____________________

trans = 0, key = 0, ov = <_overlapped.Overlapped object at 0x0000027C308373F0>

    @staticmethod
    def finish_socket_func(trans, key, ov):
        try:
>           return ov.getresult()
                   ^^^^^^^^^^^^^^
E           OSError: [WinError 64] ÷∏∂®µƒÕ¯¬Á√˚≤ª‘Ÿø…”√°£

F:\py\Lib\asyncio\windows_events.py:463: OSError

During handling of the above exception, another exception occurred:

self = <redis.asyncio.connection.Connection(host=192.168.100.128,port=6379,db=1)>
disable_decoding = False, timeout = None

    async def read_response(
        self,
        disable_decoding: bool = False,
        timeout: Optional[float] = None,
        *,
        disconnect_on_error: bool = True,
        push_request: Optional[bool] = False,
    ):
        """Read the response from a previously sent command"""
        read_timeout = timeout if timeout is not None else self.socket_timeout
        host_error = self._host_error()
        try:
            if read_timeout is not None and self.protocol in ["3", 3]:
                async with async_timeout(read_timeout):
                    response = await self._parser.read_response(
                        disable_decoding=disable_decoding, push_request=push_request
                    )
            elif read_timeout is not None:
                async with async_timeout(read_timeout):
>                   response = await self._parser.read_response(
                        disable_decoding=disable_decoding

F:\py\Lib\site-packages\redis\asyncio\connection.py:725: 
_ _ _ _ _ _ _ _ _ _ _ _ _ _ _ _ _ _ _ _ _ _ _ _ _ _ _ _ _ _ _ _ _ _ _ _ _ _ _ _
F:\py\Lib\site-packages\redis\_parsers\resp2.py:82: in read_response
    response = await self._read_response(disable_decoding=disable_decoding)
               ^^^^^^^^^^^^^^^^^^^^^^^^^^^^^^^^^^^^^^^^^^^^^^^^^^^^^^^^^^^^
F:\py\Lib\site-packages\redis\_parsers\resp2.py:90: in _read_response
    raw = await self._readline()
          ^^^^^^^^^^^^^^^^^^^^^^
F:\py\Lib\site-packages\redis\_parsers\base.py:559: in _readline
    data = await self._stream.readline()
           ^^^^^^^^^^^^^^^^^^^^^^^^^^^^^
F:\py\Lib\asyncio\streams.py:562: in readline
    line = await self.readuntil(sep)
           ^^^^^^^^^^^^^^^^^^^^^^^^^
F:\py\Lib\asyncio\streams.py:677: in readuntil
    await self._wait_for_data('readuntil')
F:\py\Lib\asyncio\streams.py:539: in _wait_for_data
    await self._waiter
F:\py\Lib\asyncio\proactor_events.py:286: in _loop_reading
    length = fut.result()
             ^^^^^^^^^^^^
F:\py\Lib\asyncio\windows_events.py:804: in _poll
    value = callback(transferred, key, ov)
            ^^^^^^^^^^^^^^^^^^^^^^^^^^^^^^
_ _ _ _ _ _ _ _ _ _ _ _ _ _ _ _ _ _ _ _ _ _ _ _ _ _ _ _ _ _ _ _ _ _ _ _ _ _ _ _

trans = 0, key = 0, ov = <_overlapped.Overlapped object at 0x0000027C308373F0>

    @staticmethod
    def finish_socket_func(trans, key, ov):
        try:
            return ov.getresult()
        except OSError as exc:
            if exc.winerror in (_overlapped.ERROR_NETNAME_DELETED,
                                _overlapped.ERROR_OPERATION_ABORTED):
>               raise ConnectionResetError(*exc.args)
E               ConnectionResetError: [WinError 64] ÷∏∂®µƒÕ¯¬Á√˚≤ª‘Ÿø…”√°£

F:\py\Lib\asyncio\windows_events.py:467: ConnectionResetError

During handling of the above exception, another exception occurred:

self = <ai_werewolf_core.utils.redis_seq.RedisSeqGenerator object at 0x0000027C30466BA0>

    async def _get_client(self) -> aioredis.Redis:
        """ªÒ»° Redis øÕªß∂À£¨Õ®π˝π≤œÌ¡¨Ω”≥ÿπ‹¿Ì∆˜°£
    
         π”√ :class:`RedisClientManager` ªÒ»°»´æ÷π≤œÌµƒ Redis øÕªß∂À£¨
        ±‹√‚√ø∏ˆƒ£øÈ∂¿¡¢¥¥Ω®¡¨Ω”≥ÿµº÷¬¡¨Ω” ˝≈Ú’Õ°£
    
        Returns:
            π≤œÌµƒ :class:`redis.asyncio.Redis` øÕªß∂À µ¿˝°£
    
        Raises:
            RedisUnavailableException: ∑¢∫≈∆˜“—πÿ±’ªÚ Redis ≤ªø…”√°£
        """
        if self._closed:
            raise RedisUnavailableException("Redis  ±–Ú∑¢∫≈∆˜“—πÿ±’")
    
        if self._redis is None:
            try:
>               self._redis = await RedisClientManager.get_client()
                              ^^^^^^^^^^^^^^^^^^^^^^^^^^^^^^^^^^^^^

ai_werewolf_core\utils\redis_seq.py:307: 
_ _ _ _ _ _ _ _ _ _ _ _ _ _ _ _ _ _ _ _ _ _ _ _ _ _ _ _ _ _ _ _ _ _ _ _ _ _ _ _
ai_werewolf_core\utils\redis_client.py:128: in get_client
    await cls._client.ping()
F:\py\Lib\site-packages\redis\asyncio\client.py:764: in execute_command
    conn = self.connection or await pool.get_connection()
                              ^^^^^^^^^^^^^^^^^^^^^^^^^^^
F:\py\Lib\site-packages\redis\utils.py:227: in async_wrapper
    return await func(*args, **kwargs)
           ^^^^^^^^^^^^^^^^^^^^^^^^^^^
F:\py\Lib\site-packages\redis\asyncio\connection.py:1351: in get_connection
    await self.ensure_connection(connection)
F:\py\Lib\site-packages\redis\asyncio\connection.py:1390: in ensure_connection
    await connection.connect()
F:\py\Lib\site-packages\redis\asyncio\connection.py:339: in connect
    await self.retry.call_with_retry(
F:\py\Lib\site-packages\redis\asyncio\retry.py:81: in call_with_retry
    raise error
F:\py\Lib\site-packages\redis\asyncio\retry.py:69: in call_with_retry
    return await do()
           ^^^^^^^^^^
F:\py\Lib\site-packages\redis\asyncio\connection.py:403: in connect_check_health
    await self.on_connect_check_health(check_health=check_health)
F:\py\Lib\site-packages\redis\asyncio\connection.py:560: in on_connect_check_health
    await self.read_response()
_ _ _ _ _ _ _ _ _ _ _ _ _ _ _ _ _ _ _ _ _ _ _ _ _ _ _ _ _ _ _ _ _ _ _ _ _ _ _ _

self = <redis.asyncio.connection.Connection(host=192.168.100.128,port=6379,db=1)>
disable_decoding = False, timeout = None

    async def read_response(
        self,
        disable_decoding: bool = False,
        timeout: Optional[float] = None,
        *,
        disconnect_on_error: bool = True,
        push_request: Optional[bool] = False,
    ):
        """Read the response from a previously sent command"""
        read_timeout = timeout if timeout is not None else self.socket_timeout
        host_error = self._host_error()
        try:
            if read_timeout is not None and self.protocol in ["3", 3]:
                async with async_timeout(read_timeout):
                    response = await self._parser.read_response(
                        disable_decoding=disable_decoding, push_request=push_request
                    )
            elif read_timeout is not None:
                async with async_timeout(read_timeout):
                    response = await self._parser.read_response(
                        disable_decoding=disable_decoding
                    )
            elif self.protocol in ["3", 3]:
                response = await self._parser.read_response(
                    disable_decoding=disable_decoding, push_request=push_request
                )
            else:
                response = await self._parser.read_response(
                    disable_decoding=disable_decoding
                )
        except asyncio.TimeoutError:
            if timeout is not None:
                # user requested timeout, return None. Operation can be retried
                return None
            # it was a self.socket_timeout error.
            if disconnect_on_error:
                await self.disconnect(nowait=True)
            raise TimeoutError(f"Timeout reading from {host_error}")
        except OSError as e:
            if disconnect_on_error:
                await self.disconnect(nowait=True)
>           raise ConnectionError(f"Error while reading from {host_error} : {e.args}")
E           redis.exceptions.ConnectionError: Error while reading from 192.168.100.128:6379 : (22, '÷∏∂®µƒÕ¯¬Á√˚≤ª‘Ÿø…”√°£', None, 64, None)

F:\py\Lib\site-packages\redis\asyncio\connection.py:747: ConnectionError

The above exception was the direct cause of the following exception:

event_bus = <ai_werewolf_core.core.event.bus.EventBus object at 0x0000027C304A0C50>

    @pytest.mark.asyncio
    async def test_event_bus_visibility_filtering(event_bus):
        game_id = f"game_{uuid.uuid4().hex}"
        # PUBLIC event
        event_pub = Event(
            event_id="evt_pub",
            game_id=game_id,
            seq_num=0,
            event_type=EventType.SYSTEM_ANNOUNCEMENT,
            visibility=Visibility.PUBLIC,
            timestamp=now_tz()
        )
    
        # PRIVATE event for player_1
        event_priv = Event(
            event_id="evt_priv",
            game_id=game_id,
            seq_num=0,
            event_type=EventType.PRIVATE_RESOLUTION_EVENT,
            visibility=Visibility.PRIVATE,
            target_agents=["player_1"],
            timestamp=now_tz()
        )
    
        # FACTION event: target_agents Õ≥“ªÃÓæﬂÃÂÕÊº“ ID£®¥À¥¶Œ™¿«»À player_2£©
        event_fac = Event(
            event_id="evt_fac",
            game_id=game_id,
            seq_num=0,
            event_type=EventType.SPEECH_EVENT,
            visibility=Visibility.FACTION,
            target_agents=["player_2"],
            timestamp=now_tz()
        )
    
>       await event_bus.publish(event_pub)

tests\test_event_bus.py:135: 
_ _ _ _ _ _ _ _ _ _ _ _ _ _ _ _ _ _ _ _ _ _ _ _ _ _ _ _ _ _ _ _ _ _ _ _ _ _ _ _
ai_werewolf_core\core\event\bus.py:457: in publish
    event.seq_num = await self._generate_seq_num(event.game_id)
                    ^^^^^^^^^^^^^^^^^^^^^^^^^^^^^^^^^^^^^^^^^^^
ai_werewolf_core\core\event\bus.py:146: in _generate_seq_num
    return await gen.next_seq(game_id)
           ^^^^^^^^^^^^^^^^^^^^^^^^^^^
ai_werewolf_core\utils\redis_seq.py:122: in next_seq
    client = await self._get_client()
             ^^^^^^^^^^^^^^^^^^^^^^^^
_ _ _ _ _ _ _ _ _ _ _ _ _ _ _ _ _ _ _ _ _ _ _ _ _ _ _ _ _ _ _ _ _ _ _ _ _ _ _ _

self = <ai_werewolf_core.utils.redis_seq.RedisSeqGenerator object at 0x0000027C30466BA0>

    async def _get_client(self) -> aioredis.Redis:
        """ªÒ»° Redis øÕªß∂À£¨Õ®π˝π≤œÌ¡¨Ω”≥ÿπ‹¿Ì∆˜°£
    
         π”√ :class:`RedisClientManager` ªÒ»°»´æ÷π≤œÌµƒ Redis øÕªß∂À£¨
        ±‹√‚√ø∏ˆƒ£øÈ∂¿¡¢¥¥Ω®¡¨Ω”≥ÿµº÷¬¡¨Ω” ˝≈Ú’Õ°£
    
        Returns:
            π≤œÌµƒ :class:`redis.asyncio.Redis` øÕªß∂À µ¿˝°£
    
        Raises:
            RedisUnavailableException: ∑¢∫≈∆˜“—πÿ±’ªÚ Redis ≤ªø…”√°£
        """
        if self._closed:
            raise RedisUnavailableException("Redis  ±–Ú∑¢∫≈∆˜“—πÿ±’")
    
        if self._redis is None:
            try:
                self._redis = await RedisClientManager.get_client()
                logger.debug("Redis  ±–Ú∑¢∫≈∆˜“—ªÒ»°π≤œÌøÕªß∂À")
            except (aioredis.ConnectionError, aioredis.TimeoutError) as e:
>               raise RedisUnavailableException(
                    "Œﬁ∑®ªÒ»° Redis øÕªß∂À£∫π≤œÌ¡¨Ω”≥ÿ≥ı ºªØ ß∞‹"
                ) from e
E               ai_werewolf_core.utils.redis_seq.RedisUnavailableException: Œﬁ∑®ªÒ»° Redis øÕªß∂À£∫π≤œÌ¡¨Ω”≥ÿ≥ı ºªØ ß∞‹

ai_werewolf_core\utils\redis_seq.py:310: RedisUnavailableException
---------------------------- Captured stderr setup ----------------------------
[2m2026-05-14T21:28:37.236772+08:00[0m [[32m[1mdebug    [0m] [1mglobal_subscribe              [0m [[0m[1m[34mai_werewolf_core.core.event.bus[0m][0m [36mhandler[0m=[35m_default_log_subscriber[0m
[2m2026-05-14T21:28:37.236995+08:00[0m [[32m[1mdebug    [0m] [1mglobal_subscribe              [0m [[0m[1m[34mai_werewolf_core.core.event.bus[0m][0m [36mhandler[0m=[35m_persist_to_db[0m
----------------------------- Captured log setup ------------------------------
DEBUG    ai_werewolf_core.core.event.bus:bus.py:519 {'handler': '_default_log_subscriber', 'event': 'global_subscribe', 'level': 'debug', 'logger': 'ai_werewolf_core.core.event.bus', 'timestamp': '2026-05-14T21:28:37.236772+08:00'}
DEBUG    ai_werewolf_core.core.event.bus:bus.py:519 {'handler': '_persist_to_db', 'event': 'global_subscribe', 'level': 'debug', 'logger': 'ai_werewolf_core.core.event.bus', 'timestamp': '2026-05-14T21:28:37.236995+08:00'}
---------------------------- Captured stderr call -----------------------------
[2m2026-05-14T21:28:37.237558+08:00[0m [[32m[1mdebug    [0m] [1mRedis ¡¨Ω”≥ÿ“—¥¥Ω®                  [0m [[0m[1m[34mai_werewolf_core.utils.redis_client[0m][0m [36mmax_connections[0m=[35m300[0m [36msocket_timeout[0m=[35m10[0m
[2m2026-05-14T21:28:42.240726+08:00[0m [[31m[1merror    [0m] [1mRedis ¡¨Ω”—È÷§ ß∞‹ (PING)           [0m [[0m[1m[34mai_werewolf_core.utils.redis_client[0m][0m [36merror[0m=[35m"Error while reading from 192.168.100.128:6379 : (22, '÷∏∂®µƒÕ¯¬Á√˚≤ª‘Ÿø…”√°£', None, 64, None)"[0m [36mhost[0m=[35m192.168.100.128[0m [36mport[0m=[35m6379[0m
Traceback (most recent call last):
  File "F:\py\Lib\asyncio\windows_events.py", line 463, in finish_socket_func
    return ov.getresult()
           ~~~~~~~~~~~~^^
OSError: [WinError 64] ÷∏∂®µƒÕ¯¬Á√˚≤ª‘Ÿø…”√°£

During handling of the above exception, another exception occurred:

Traceback (most recent call last):
  File "F:\py\Lib\site-packages\redis\asyncio\connection.py", line 725, in read_response
    response = await self._parser.read_response(
               ^^^^^^^^^^^^^^^^^^^^^^^^^^^^^^^^^
        disable_decoding=disable_decoding
        ^^^^^^^^^^^^^^^^^^^^^^^^^^^^^^^^^
    )
    ^
  File "F:\py\Lib\site-packages\redis\_parsers\resp2.py", line 82, in read_response
    response = await self._read_response(disable_decoding=disable_decoding)
               ^^^^^^^^^^^^^^^^^^^^^^^^^^^^^^^^^^^^^^^^^^^^^^^^^^^^^^^^^^^^
  File "F:\py\Lib\site-packages\redis\_parsers\resp2.py", line 90, in _read_response
    raw = await self._readline()
          ^^^^^^^^^^^^^^^^^^^^^^
  File "F:\py\Lib\site-packages\redis\_parsers\base.py", line 559, in _readline
    data = await self._stream.readline()
           ^^^^^^^^^^^^^^^^^^^^^^^^^^^^^
  File "F:\py\Lib\asyncio\streams.py", line 562, in readline
    line = await self.readuntil(sep)
           ^^^^^^^^^^^^^^^^^^^^^^^^^
  File "F:\py\Lib\asyncio\streams.py", line 677, in readuntil
    await self._wait_for_data('readuntil')
  File "F:\py\Lib\asyncio\streams.py", line 539, in _wait_for_data
    await self._waiter
  File "F:\py\Lib\asyncio\proactor_events.py", line 286, in _loop_reading
    length = fut.result()
  File "F:\py\Lib\asyncio\windows_events.py", line 804, in _poll
    value = callback(transferred, key, ov)
  File "F:\py\Lib\asyncio\windows_events.py", line 467, in finish_socket_func
    raise ConnectionResetError(*exc.args)
ConnectionResetError: [WinError 64] ÷∏∂®µƒÕ¯¬Á√˚≤ª‘Ÿø…”√°£

During handling of the above exception, another exception occurred:

Traceback (most recent call last):
  File "F:\YilenaCode\Werewolf\ai_werewolf_core\utils\redis_client.py", line 128, in get_client
    await cls._client.ping()
  File "F:\py\Lib\site-packages\redis\asyncio\client.py", line 764, in execute_command
    conn = self.connection or await pool.get_connection()
                              ^^^^^^^^^^^^^^^^^^^^^^^^^^^
  File "F:\py\Lib\site-packages\redis\utils.py", line 227, in async_wrapper
    return await func(*args, **kwargs)
           ^^^^^^^^^^^^^^^^^^^^^^^^^^^
  File "F:\py\Lib\site-packages\redis\asyncio\connection.py", line 1351, in get_connection
    await self.ensure_connection(connection)
  File "F:\py\Lib\site-packages\redis\asyncio\connection.py", line 1390, in ensure_connection
    await connection.connect()
  File "F:\py\Lib\site-packages\redis\asyncio\connection.py", line 339, in connect
    await self.retry.call_with_retry(
    ...<7 lines>...
    )
  File "F:\py\Lib\site-packages\redis\asyncio\retry.py", line 81, in call_with_retry
    raise error
  File "F:\py\Lib\site-packages\redis\asyncio\retry.py", line 69, in call_with_retry
    return await do()
           ^^^^^^^^^^
  File "F:\py\Lib\site-packages\redis\asyncio\connection.py", line 403, in connect_check_health
    await self.on_connect_check_health(check_health=check_health)
  File "F:\py\Lib\site-packages\redis\asyncio\connection.py", line 560, in on_connect_check_health
    await self.read_response()
  File "F:\py\Lib\site-packages\redis\asyncio\connection.py", line 747, in read_response
    raise ConnectionError(f"Error while reading from {host_error} : {e.args}")
redis.exceptions.ConnectionError: Error while reading from 192.168.100.128:6379 : (22, '÷∏∂®µƒÕ¯¬Á√˚≤ª‘Ÿø…”√°£', None, 64, None)
[2m2026-05-14T21:28:42.243123+08:00[0m [[31m[1merror    [0m] [1mRedis ≤ªø…”√£¨Œﬁ∑®∑÷≈‰ seq_num£¨ ¬º˛∑¢≤º ß∞‹ [0m [[0m[1m[34mai_werewolf_core.core.event.bus[0m][0m [36merror[0m=[35m'Œﬁ∑®ªÒ»° Redis øÕªß∂À£∫π≤œÌ¡¨Ω”≥ÿ≥ı ºªØ ß∞‹'[0m [36mevent_id[0m=[35mevt_pub[0m [36mgame_id[0m=[35mgame_948d408790de4e3d90655ff7bc0c57e2[0m
Traceback (most recent call last):
  File "F:\py\Lib\asyncio\windows_events.py", line 463, in finish_socket_func
    return ov.getresult()
           ~~~~~~~~~~~~^^
OSError: [WinError 64] ÷∏∂®µƒÕ¯¬Á√˚≤ª‘Ÿø…”√°£

During handling of the above exception, another exception occurred:

Traceback (most recent call last):
  File "F:\py\Lib\site-packages\redis\asyncio\connection.py", line 725, in read_response
    response = await self._parser.read_response(
               ^^^^^^^^^^^^^^^^^^^^^^^^^^^^^^^^^
        disable_decoding=disable_decoding
        ^^^^^^^^^^^^^^^^^^^^^^^^^^^^^^^^^
    )
    ^
  File "F:\py\Lib\site-packages\redis\_parsers\resp2.py", line 82, in read_response
    response = await self._read_response(disable_decoding=disable_decoding)
               ^^^^^^^^^^^^^^^^^^^^^^^^^^^^^^^^^^^^^^^^^^^^^^^^^^^^^^^^^^^^
  File "F:\py\Lib\site-packages\redis\_parsers\resp2.py", line 90, in _read_response
    raw = await self._readline()
          ^^^^^^^^^^^^^^^^^^^^^^
  File "F:\py\Lib\site-packages\redis\_parsers\base.py", line 559, in _readline
    data = await self._stream.readline()
           ^^^^^^^^^^^^^^^^^^^^^^^^^^^^^
  File "F:\py\Lib\asyncio\streams.py", line 562, in readline
    line = await self.readuntil(sep)
           ^^^^^^^^^^^^^^^^^^^^^^^^^
  File "F:\py\Lib\asyncio\streams.py", line 677, in readuntil
    await self._wait_for_data('readuntil')
  File "F:\py\Lib\asyncio\streams.py", line 539, in _wait_for_data
    await self._waiter
  File "F:\py\Lib\asyncio\proactor_events.py", line 286, in _loop_reading
    length = fut.result()
  File "F:\py\Lib\asyncio\windows_events.py", line 804, in _poll
    value = callback(transferred, key, ov)
  File "F:\py\Lib\asyncio\windows_events.py", line 467, in finish_socket_func
    raise ConnectionResetError(*exc.args)
ConnectionResetError: [WinError 64] ÷∏∂®µƒÕ¯¬Á√˚≤ª‘Ÿø…”√°£

During handling of the above exception, another exception occurred:

Traceback (most recent call last):
  File "F:\YilenaCode\Werewolf\ai_werewolf_core\utils\redis_seq.py", line 307, in _get_client
    self._redis = await RedisClientManager.get_client()
                  ^^^^^^^^^^^^^^^^^^^^^^^^^^^^^^^^^^^^^
  File "F:\YilenaCode\Werewolf\ai_werewolf_core\utils\redis_client.py", line 128, in get_client
    await cls._client.ping()
  File "F:\py\Lib\site-packages\redis\asyncio\client.py", line 764, in execute_command
    conn = self.connection or await pool.get_connection()
                              ^^^^^^^^^^^^^^^^^^^^^^^^^^^
  File "F:\py\Lib\site-packages\redis\utils.py", line 227, in async_wrapper
    return await func(*args, **kwargs)
           ^^^^^^^^^^^^^^^^^^^^^^^^^^^
  File "F:\py\Lib\site-packages\redis\asyncio\connection.py", line 1351, in get_connection
    await self.ensure_connection(connection)
  File "F:\py\Lib\site-packages\redis\asyncio\connection.py", line 1390, in ensure_connection
    await connection.connect()
  File "F:\py\Lib\site-packages\redis\asyncio\connection.py", line 339, in connect
    await self.retry.call_with_retry(
    ...<7 lines>...
    )
  File "F:\py\Lib\site-packages\redis\asyncio\retry.py", line 81, in call_with_retry
    raise error
  File "F:\py\Lib\site-packages\redis\asyncio\retry.py", line 69, in call_with_retry
    return await do()
           ^^^^^^^^^^
  File "F:\py\Lib\site-packages\redis\asyncio\connection.py", line 403, in connect_check_health
    await self.on_connect_check_health(check_health=check_health)
  File "F:\py\Lib\site-packages\redis\asyncio\connection.py", line 560, in on_connect_check_health
    await self.read_response()
  File "F:\py\Lib\site-packages\redis\asyncio\connection.py", line 747, in read_response
    raise ConnectionError(f"Error while reading from {host_error} : {e.args}")
redis.exceptions.ConnectionError: Error while reading from 192.168.100.128:6379 : (22, '÷∏∂®µƒÕ¯¬Á√˚≤ª‘Ÿø…”√°£', None, 64, None)

The above exception was the direct cause of the following exception:

Traceback (most recent call last):
  File "F:\YilenaCode\Werewolf\ai_werewolf_core\core\event\bus.py", line 457, in publish
    event.seq_num = await self._generate_seq_num(event.game_id)
                    ^^^^^^^^^^^^^^^^^^^^^^^^^^^^^^^^^^^^^^^^^^^
  File "F:\YilenaCode\Werewolf\ai_werewolf_core\core\event\bus.py", line 146, in _generate_seq_num
    return await gen.next_seq(game_id)
           ^^^^^^^^^^^^^^^^^^^^^^^^^^^
  File "F:\YilenaCode\Werewolf\ai_werewolf_core\utils\redis_seq.py", line 122, in next_seq
    client = await self._get_client()
             ^^^^^^^^^^^^^^^^^^^^^^^^
  File "F:\YilenaCode\Werewolf\ai_werewolf_core\utils\redis_seq.py", line 310, in _get_client
    raise RedisUnavailableException(
        "Œﬁ∑®ªÒ»° Redis øÕªß∂À£∫π≤œÌ¡¨Ω”≥ÿ≥ı ºªØ ß∞‹"
    ) from e
ai_werewolf_core.utils.redis_seq.RedisUnavailableException: Œﬁ∑®ªÒ»° Redis øÕªß∂À£∫π≤œÌ¡¨Ω”≥ÿ≥ı ºªØ ß∞‹
------------------------------ Captured log call ------------------------------
DEBUG    ai_werewolf_core.utils.redis_client:redis_client.py:243 {'max_connections': 300, 'socket_timeout': 10, 'event': 'Redis ¡¨Ω”≥ÿ“—¥¥Ω®', 'level': 'debug', 'logger': 'ai_werewolf_core.utils.redis_client', 'timestamp': '2026-05-14T21:28:37.237558+08:00'}
ERROR    ai_werewolf_core.utils.redis_client:redis_client.py:130 {'host': '192.168.100.128', 'port': 6379, 'error': "Error while reading from 192.168.100.128:6379 : (22, '÷∏∂®µƒÕ¯¬Á√˚≤ª‘Ÿø…”√°£', None, 64, None)", 'event': 'Redis ¡¨Ω”—È÷§ ß∞‹ (PING)', 'level': 'error', 'logger': 'ai_werewolf_core.utils.redis_client', 'timestamp': '2026-05-14T21:28:42.240726+08:00', 'exception': 'Traceback (most recent call last):\n  File "F:\\py\\Lib\\asyncio\\windows_events.py", line 463, in finish_socket_func\n    return ov.getresult()\n           ~~~~~~~~~~~~^^\nOSError: [WinError 64] ÷∏∂®µƒÕ¯¬Á√˚≤ª‘Ÿø…”√°£\n\nDuring handling of the above exception, another exception occurred:\n\nTraceback (most recent call last):\n  File "F:\\py\\Lib\\site-packages\\redis\\asyncio\\connection.py", line 725, in read_response\n    response = await self._parser.read_response(\n               ^^^^^^^^^^^^^^^^^^^^^^^^^^^^^^^^^\n        disable_decoding=disable_decoding\n        ^^^^^^^^^^^^^^^^^^^^^^^^^^^^^^^^^\n    )\n    ^\n  File "F:\\py\\Lib\\site-packages\\redis\\_parsers\\resp2.py", line 82, in read_response\n    response = await self._read_response(disable_decoding=disable_decoding)\n               ^^^^^^^^^^^^^^^^^^^^^^^^^^^^^^^^^^^^^^^^^^^^^^^^^^^^^^^^^^^^\n  File "F:\\py\\Lib\\site-packages\\redis\\_parsers\\resp2.py", line 90, in _read_response\n    raw = await self._readline()\n          ^^^^^^^^^^^^^^^^^^^^^^\n  File "F:\\py\\Lib\\site-packages\\redis\\_parsers\\base.py", line 559, in _readline\n    data = await self._stream.readline()\n           ^^^^^^^^^^^^^^^^^^^^^^^^^^^^^\n  File "F:\\py\\Lib\\asyncio\\streams.py", line 562, in readline\n    line = await self.readuntil(sep)\n           ^^^^^^^^^^^^^^^^^^^^^^^^^\n  File "F:\\py\\Lib\\asyncio\\streams.py", line 677, in readuntil\n    await self._wait_for_data(\'readuntil\')\n  File "F:\\py\\Lib\\asyncio\\streams.py", line 539, in _wait_for_data\n    await self._waiter\n  File "F:\\py\\Lib\\asyncio\\proactor_events.py", line 286, in _loop_reading\n    length = fut.result()\n  File "F:\\py\\Lib\\asyncio\\windows_events.py", line 804, in _poll\n    value = callback(transferred, key, ov)\n  File "F:\\py\\Lib\\asyncio\\windows_events.py", line 467, in finish_socket_func\n    raise ConnectionResetError(*exc.args)\nConnectionResetError: [WinError 64] ÷∏∂®µƒÕ¯¬Á√˚≤ª‘Ÿø…”√°£\n\nDuring handling of the above exception, another exception occurred:\n\nTraceback (most recent call last):\n  File "F:\\YilenaCode\\Werewolf\\ai_werewolf_core\\utils\\redis_client.py", line 128, in get_client\n    await cls._client.ping()\n  File "F:\\py\\Lib\\site-packages\\redis\\asyncio\\client.py", line 764, in execute_command\n    conn = self.connection or await pool.get_connection()\n                              ^^^^^^^^^^^^^^^^^^^^^^^^^^^\n  File "F:\\py\\Lib\\site-packages\\redis\\utils.py", line 227, in async_wrapper\n    return await func(*args, **kwargs)\n           ^^^^^^^^^^^^^^^^^^^^^^^^^^^\n  File "F:\\py\\Lib\\site-packages\\redis\\asyncio\\connection.py", line 1351, in get_connection\n    await self.ensure_connection(connection)\n  File "F:\\py\\Lib\\site-packages\\redis\\asyncio\\connection.py", line 1390, in ensure_connection\n    await connection.connect()\n  File "F:\\py\\Lib\\site-packages\\redis\\asyncio\\connection.py", line 339, in connect\n    await self.retry.call_with_retry(\n    ...<7 lines>...\n    )\n  File "F:\\py\\Lib\\site-packages\\redis\\asyncio\\retry.py", line 81, in call_with_retry\n    raise error\n  File "F:\\py\\Lib\\site-packages\\redis\\asyncio\\retry.py", line 69, in call_with_retry\n    return await do()\n           ^^^^^^^^^^\n  File "F:\\py\\Lib\\site-packages\\redis\\asyncio\\connection.py", line 403, in connect_check_health\n    await self.on_connect_check_health(check_health=check_health)\n  File "F:\\py\\Lib\\site-packages\\redis\\asyncio\\connection.py", line 560, in on_connect_check_health\n    await self.read_response()\n  File "F:\\py\\Lib\\site-packages\\redis\\asyncio\\connection.py", line 747, in read_response\n    raise ConnectionError(f"Error while reading from {host_error} : {e.args}")\nredis.exceptions.ConnectionError: Error while reading from 192.168.100.128:6379 : (22, \'÷∏∂®µƒÕ¯¬Á√˚≤ª‘Ÿø…”√°£\', None, 64, None)'}
ERROR    ai_werewolf_core.core.event.bus:bus.py:459 {'event_id': 'evt_pub', 'game_id': 'game_948d408790de4e3d90655ff7bc0c57e2', 'error': 'Œﬁ∑®ªÒ»° Redis øÕªß∂À£∫π≤œÌ¡¨Ω”≥ÿ≥ı ºªØ ß∞‹', 'event': 'Redis ≤ªø…”√£¨Œﬁ∑®∑÷≈‰ seq_num£¨ ¬º˛∑¢≤º ß∞‹', 'level': 'error', 'logger': 'ai_werewolf_core.core.event.bus', 'timestamp': '2026-05-14T21:28:42.243123+08:00', 'exception': 'Traceback (most recent call last):\n  File "F:\\py\\Lib\\asyncio\\windows_events.py", line 463, in finish_socket_func\n    return ov.getresult()\n           ~~~~~~~~~~~~^^\nOSError: [WinError 64] ÷∏∂®µƒÕ¯¬Á√˚≤ª‘Ÿø…”√°£\n\nDuring handling of the above exception, another exception occurred:\n\nTraceback (most recent call last):\n  File "F:\\py\\Lib\\site-packages\\redis\\asyncio\\connection.py", line 725, in read_response\n    response = await self._parser.read_response(\n               ^^^^^^^^^^^^^^^^^^^^^^^^^^^^^^^^^\n        disable_decoding=disable_decoding\n        ^^^^^^^^^^^^^^^^^^^^^^^^^^^^^^^^^\n    )\n    ^\n  File "F:\\py\\Lib\\site-packages\\redis\\_parsers\\resp2.py", line 82, in read_response\n    response = await self._read_response(disable_decoding=disable_decoding)\n               ^^^^^^^^^^^^^^^^^^^^^^^^^^^^^^^^^^^^^^^^^^^^^^^^^^^^^^^^^^^^\n  File "F:\\py\\Lib\\site-packages\\redis\\_parsers\\resp2.py", line 90, in _read_response\n    raw = await self._readline()\n          ^^^^^^^^^^^^^^^^^^^^^^\n  File "F:\\py\\Lib\\site-packages\\redis\\_parsers\\base.py", line 559, in _readline\n    data = await self._stream.readline()\n           ^^^^^^^^^^^^^^^^^^^^^^^^^^^^^\n  File "F:\\py\\Lib\\asyncio\\streams.py", line 562, in readline\n    line = await self.readuntil(sep)\n           ^^^^^^^^^^^^^^^^^^^^^^^^^\n  File "F:\\py\\Lib\\asyncio\\streams.py", line 677, in readuntil\n    await self._wait_for_data(\'readuntil\')\n  File "F:\\py\\Lib\\asyncio\\streams.py", line 539, in _wait_for_data\n    await self._waiter\n  File "F:\\py\\Lib\\asyncio\\proactor_events.py", line 286, in _loop_reading\n    length = fut.result()\n  File "F:\\py\\Lib\\asyncio\\windows_events.py", line 804, in _poll\n    value = callback(transferred, key, ov)\n  File "F:\\py\\Lib\\asyncio\\windows_events.py", line 467, in finish_socket_func\n    raise ConnectionResetError(*exc.args)\nConnectionResetError: [WinError 64] ÷∏∂®µƒÕ¯¬Á√˚≤ª‘Ÿø…”√°£\n\nDuring handling of the above exception, another exception occurred:\n\nTraceback (most recent call last):\n  File "F:\\YilenaCode\\Werewolf\\ai_werewolf_core\\utils\\redis_seq.py", line 307, in _get_client\n    self._redis = await RedisClientManager.get_client()\n                  ^^^^^^^^^^^^^^^^^^^^^^^^^^^^^^^^^^^^^\n  File "F:\\YilenaCode\\Werewolf\\ai_werewolf_core\\utils\\redis_client.py", line 128, in get_client\n    await cls._client.ping()\n  File "F:\\py\\Lib\\site-packages\\redis\\asyncio\\client.py", line 764, in execute_command\n    conn = self.connection or await pool.get_connection()\n                              ^^^^^^^^^^^^^^^^^^^^^^^^^^^\n  File "F:\\py\\Lib\\site-packages\\redis\\utils.py", line 227, in async_wrapper\n    return await func(*args, **kwargs)\n           ^^^^^^^^^^^^^^^^^^^^^^^^^^^\n  File "F:\\py\\Lib\\site-packages\\redis\\asyncio\\connection.py", line 1351, in get_connection\n    await self.ensure_connection(connection)\n  File "F:\\py\\Lib\\site-packages\\redis\\asyncio\\connection.py", line 1390, in ensure_connection\n    await connection.connect()\n  File "F:\\py\\Lib\\site-packages\\redis\\asyncio\\connection.py", line 339, in connect\n    await self.retry.call_with_retry(\n    ...<7 lines>...\n    )\n  File "F:\\py\\Lib\\site-packages\\redis\\asyncio\\retry.py", line 81, in call_with_retry\n    raise error\n  File "F:\\py\\Lib\\site-packages\\redis\\asyncio\\retry.py", line 69, in call_with_retry\n    return await do()\n           ^^^^^^^^^^\n  File "F:\\py\\Lib\\site-packages\\redis\\asyncio\\connection.py", line 403, in connect_check_health\n    await self.on_connect_check_health(check_health=check_health)\n  File "F:\\py\\Lib\\site-packages\\redis\\asyncio\\connection.py", line 560, in on_connect_check_health\n    await self.read_response()\n  File "F:\\py\\Lib\\site-packages\\redis\\asyncio\\connection.py", line 747, in read_response\n    raise ConnectionError(f"Error while reading from {host_error} : {e.args}")\nredis.exceptions.ConnectionError: Error while reading from 192.168.100.128:6379 : (22, \'÷∏∂®µƒÕ¯¬Á√˚≤ª‘Ÿø…”√°£\', None, 64, None)\n\nThe above exception was the direct cause of the following exception:\n\nTraceback (most recent call last):\n  File "F:\\YilenaCode\\Werewolf\\ai_werewolf_core\\core\\event\\bus.py", line 457, in publish\n    event.seq_num = await self._generate_seq_num(event.game_id)\n                    ^^^^^^^^^^^^^^^^^^^^^^^^^^^^^^^^^^^^^^^^^^^\n  File "F:\\YilenaCode\\Werewolf\\ai_werewolf_core\\core\\event\\bus.py", line 146, in _generate_seq_num\n    return await gen.next_seq(game_id)\n           ^^^^^^^^^^^^^^^^^^^^^^^^^^^\n  File "F:\\YilenaCode\\Werewolf\\ai_werewolf_core\\utils\\redis_seq.py", line 122, in next_seq\n    client = await self._get_client()\n             ^^^^^^^^^^^^^^^^^^^^^^^^\n  File "F:\\YilenaCode\\Werewolf\\ai_werewolf_core\\utils\\redis_seq.py", line 310, in _get_client\n    raise RedisUnavailableException(\n        "Œﬁ∑®ªÒ»° Redis øÕªß∂À£∫π≤œÌ¡¨Ω”≥ÿ≥ı ºªØ ß∞‹"\n    ) from e\nai_werewolf_core.utils.redis_seq.RedisUnavailableException: Œﬁ∑®ªÒ»° Redis øÕªß∂À£∫π≤œÌ¡¨Ω”≥ÿ≥ı ºªØ ß∞‹'}
-------------------------- Captured stderr teardown ---------------------------
[2m2026-05-14T21:28:42.405932+08:00[0m [[32m[1mdebug    [0m] [1mRedis ¡¨Ω”≥ÿ“—¥¥Ω®                  [0m [[0m[1m[34mai_werewolf_core.utils.redis_client[0m][0m [36mmax_connections[0m=[35m300[0m [36msocket_timeout[0m=[35m10[0m
[2m2026-05-14T21:28:47.408696+08:00[0m [[31m[1merror    [0m] [1mRedis ¡¨Ω”—È÷§ ß∞‹ (PING)           [0m [[0m[1m[34mai_werewolf_core.utils.redis_client[0m][0m [36merror[0m=[35m"Error while reading from 192.168.100.128:6379 : (22, '÷∏∂®µƒÕ¯¬Á√˚≤ª‘Ÿø…”√°£', None, 64, None)"[0m [36mhost[0m=[35m192.168.100.128[0m [36mport[0m=[35m6379[0m
Traceback (most recent call last):
  File "F:\py\Lib\asyncio\windows_events.py", line 463, in finish_socket_func
    return ov.getresult()
           ~~~~~~~~~~~~^^
OSError: [WinError 64] ÷∏∂®µƒÕ¯¬Á√˚≤ª‘Ÿø…”√°£

During handling of the above exception, another exception occurred:

Traceback (most recent call last):
  File "F:\py\Lib\site-packages\redis\asyncio\connection.py", line 725, in read_response
    response = await self._parser.read_response(
               ^^^^^^^^^^^^^^^^^^^^^^^^^^^^^^^^^
        disable_decoding=disable_decoding
        ^^^^^^^^^^^^^^^^^^^^^^^^^^^^^^^^^
    )
    ^
  File "F:\py\Lib\site-packages\redis\_parsers\resp2.py", line 82, in read_response
    response = await self._read_response(disable_decoding=disable_decoding)
               ^^^^^^^^^^^^^^^^^^^^^^^^^^^^^^^^^^^^^^^^^^^^^^^^^^^^^^^^^^^^
  File "F:\py\Lib\site-packages\redis\_parsers\resp2.py", line 90, in _read_response
    raw = await self._readline()
          ^^^^^^^^^^^^^^^^^^^^^^
  File "F:\py\Lib\site-packages\redis\_parsers\base.py", line 559, in _readline
    data = await self._stream.readline()
           ^^^^^^^^^^^^^^^^^^^^^^^^^^^^^
  File "F:\py\Lib\asyncio\streams.py", line 562, in readline
    line = await self.readuntil(sep)
           ^^^^^^^^^^^^^^^^^^^^^^^^^
  File "F:\py\Lib\asyncio\streams.py", line 677, in readuntil
    await self._wait_for_data('readuntil')
  File "F:\py\Lib\asyncio\streams.py", line 539, in _wait_for_data
    await self._waiter
  File "F:\py\Lib\asyncio\proactor_events.py", line 286, in _loop_reading
    length = fut.result()
  File "F:\py\Lib\asyncio\windows_events.py", line 804, in _poll
    value = callback(transferred, key, ov)
  File "F:\py\Lib\asyncio\windows_events.py", line 467, in finish_socket_func
    raise ConnectionResetError(*exc.args)
ConnectionResetError: [WinError 64] ÷∏∂®µƒÕ¯¬Á√˚≤ª‘Ÿø…”√°£

During handling of the above exception, another exception occurred:

Traceback (most recent call last):
  File "F:\YilenaCode\Werewolf\ai_werewolf_core\utils\redis_client.py", line 128, in get_client
    await cls._client.ping()
  File "F:\py\Lib\site-packages\redis\asyncio\client.py", line 764, in execute_command
    conn = self.connection or await pool.get_connection()
                              ^^^^^^^^^^^^^^^^^^^^^^^^^^^
  File "F:\py\Lib\site-packages\redis\utils.py", line 227, in async_wrapper
    return await func(*args, **kwargs)
           ^^^^^^^^^^^^^^^^^^^^^^^^^^^
  File "F:\py\Lib\site-packages\redis\asyncio\connection.py", line 1351, in get_connection
    await self.ensure_connection(connection)
  File "F:\py\Lib\site-packages\redis\asyncio\connection.py", line 1390, in ensure_connection
    await connection.connect()
  File "F:\py\Lib\site-packages\redis\asyncio\connection.py", line 339, in connect
    await self.retry.call_with_retry(
    ...<7 lines>...
    )
  File "F:\py\Lib\site-packages\redis\asyncio\retry.py", line 81, in call_with_retry
    raise error
  File "F:\py\Lib\site-packages\redis\asyncio\retry.py", line 69, in call_with_retry
    return await do()
           ^^^^^^^^^^
  File "F:\py\Lib\site-packages\redis\asyncio\connection.py", line 403, in connect_check_health
    await self.on_connect_check_health(check_health=check_health)
  File "F:\py\Lib\site-packages\redis\asyncio\connection.py", line 560, in on_connect_check_health
    await self.read_response()
  File "F:\py\Lib\site-packages\redis\asyncio\connection.py", line 747, in read_response
    raise ConnectionError(f"Error while reading from {host_error} : {e.args}")
redis.exceptions.ConnectionError: Error while reading from 192.168.100.128:6379 : (22, '÷∏∂®µƒÕ¯¬Á√˚≤ª‘Ÿø…”√°£', None, 64, None)
[2m2026-05-14T21:28:47.411027+08:00[0m [[31m[1merror    [0m] [1m«Â¿Ì ¬º˛ Stream “Ï≥£                [0m [[0m[1m[34mai_werewolf_core.core.event.bus[0m][0m [36merror[0m=[35m'EventBus Œﬁ∑®ªÒ»° Redis øÕªß∂À'[0m [36mgame_id[0m=[35mNone[0m
Traceback (most recent call last):
  File "F:\py\Lib\asyncio\windows_events.py", line 463, in finish_socket_func
    return ov.getresult()
           ~~~~~~~~~~~~^^
OSError: [WinError 64] ÷∏∂®µƒÕ¯¬Á√˚≤ª‘Ÿø…”√°£

During handling of the above exception, another exception occurred:

Traceback (most recent call last):
  File "F:\py\Lib\site-packages\redis\asyncio\connection.py", line 725, in read_response
    response = await self._parser.read_response(
               ^^^^^^^^^^^^^^^^^^^^^^^^^^^^^^^^^
        disable_decoding=disable_decoding
        ^^^^^^^^^^^^^^^^^^^^^^^^^^^^^^^^^
    )
    ^
  File "F:\py\Lib\site-packages\redis\_parsers\resp2.py", line 82, in read_response
    response = await self._read_response(disable_decoding=disable_decoding)
               ^^^^^^^^^^^^^^^^^^^^^^^^^^^^^^^^^^^^^^^^^^^^^^^^^^^^^^^^^^^^
  File "F:\py\Lib\site-packages\redis\_parsers\resp2.py", line 90, in _read_response
    raw = await self._readline()
          ^^^^^^^^^^^^^^^^^^^^^^
  File "F:\py\Lib\site-packages\redis\_parsers\base.py", line 559, in _readline
    data = await self._stream.readline()
           ^^^^^^^^^^^^^^^^^^^^^^^^^^^^^
  File "F:\py\Lib\asyncio\streams.py", line 562, in readline
    line = await self.readuntil(sep)
           ^^^^^^^^^^^^^^^^^^^^^^^^^
  File "F:\py\Lib\asyncio\streams.py", line 677, in readuntil
    await self._wait_for_data('readuntil')
  File "F:\py\Lib\asyncio\streams.py", line 539, in _wait_for_data
    await self._waiter
  File "F:\py\Lib\asyncio\proactor_events.py", line 286, in _loop_reading
    length = fut.result()
  File "F:\py\Lib\asyncio\windows_events.py", line 804, in _poll
    value = callback(transferred, key, ov)
  File "F:\py\Lib\asyncio\windows_events.py", line 467, in finish_socket_func
    raise ConnectionResetError(*exc.args)
ConnectionResetError: [WinError 64] ÷∏∂®µƒÕ¯¬Á√˚≤ª‘Ÿø…”√°£

During handling of the above exception, another exception occurred:

Traceback (most recent call last):
  File "F:\YilenaCode\Werewolf\ai_werewolf_core\core\event\bus.py", line 111, in _get_redis
    self._redis_client = await RedisClientManager.get_client()
                         ^^^^^^^^^^^^^^^^^^^^^^^^^^^^^^^^^^^^^
  File "F:\YilenaCode\Werewolf\ai_werewolf_core\utils\redis_client.py", line 128, in get_client
    await cls._client.ping()
  File "F:\py\Lib\site-packages\redis\asyncio\client.py", line 764, in execute_command
    conn = self.connection or await pool.get_connection()
                              ^^^^^^^^^^^^^^^^^^^^^^^^^^^
  File "F:\py\Lib\site-packages\redis\utils.py", line 227, in async_wrapper
    return await func(*args, **kwargs)
           ^^^^^^^^^^^^^^^^^^^^^^^^^^^
  File "F:\py\Lib\site-packages\redis\asyncio\connection.py", line 1351, in get_connection
    await self.ensure_connection(connection)
  File "F:\py\Lib\site-packages\redis\asyncio\connection.py", line 1390, in ensure_connection
    await connection.connect()
  File "F:\py\Lib\site-packages\redis\asyncio\connection.py", line 339, in connect
    await self.retry.call_with_retry(
    ...<7 lines>...
    )
  File "F:\py\Lib\site-packages\redis\asyncio\retry.py", line 81, in call_with_retry
    raise error
  File "F:\py\Lib\site-packages\redis\asyncio\retry.py", line 69, in call_with_retry
    return await do()
           ^^^^^^^^^^
  File "F:\py\Lib\site-packages\redis\asyncio\connection.py", line 403, in connect_check_health
    await self.on_connect_check_health(check_health=check_health)
  File "F:\py\Lib\site-packages\redis\asyncio\connection.py", line 560, in on_connect_check_health
    await self.read_response()
  File "F:\py\Lib\site-packages\redis\asyncio\connection.py", line 747, in read_response
    raise ConnectionError(f"Error while reading from {host_error} : {e.args}")
redis.exceptions.ConnectionError: Error while reading from 192.168.100.128:6379 : (22, '÷∏∂®µƒÕ¯¬Á√˚≤ª‘Ÿø…”√°£', None, 64, None)

The above exception was the direct cause of the following exception:

Traceback (most recent call last):
  File "F:\YilenaCode\Werewolf\ai_werewolf_core\core\event\bus.py", line 710, in clear
    redis = await self._get_redis()
            ^^^^^^^^^^^^^^^^^^^^^^^
  File "F:\YilenaCode\Werewolf\ai_werewolf_core\core\event\bus.py", line 114, in _get_redis
    raise RedisUnavailableException(
        "EventBus Œﬁ∑®ªÒ»° Redis øÕªß∂À"
    ) from e
ai_werewolf_core.utils.redis_seq.RedisUnavailableException: EventBus Œﬁ∑®ªÒ»° Redis øÕªß∂À
---------------------------- Captured log teardown ----------------------------
DEBUG    ai_werewolf_core.utils.redis_client:redis_client.py:243 {'max_connections': 300, 'socket_timeout': 10, 'event': 'Redis ¡¨Ω”≥ÿ“—¥¥Ω®', 'level': 'debug', 'logger': 'ai_werewolf_core.utils.redis_client', 'timestamp': '2026-05-14T21:28:42.405932+08:00'}
ERROR    ai_werewolf_core.utils.redis_client:redis_client.py:130 {'host': '192.168.100.128', 'port': 6379, 'error': "Error while reading from 192.168.100.128:6379 : (22, '÷∏∂®µƒÕ¯¬Á√˚≤ª‘Ÿø…”√°£', None, 64, None)", 'event': 'Redis ¡¨Ω”—È÷§ ß∞‹ (PING)', 'level': 'error', 'logger': 'ai_werewolf_core.utils.redis_client', 'timestamp': '2026-05-14T21:28:47.408696+08:00', 'exception': 'Traceback (most recent call last):\n  File "F:\\py\\Lib\\asyncio\\windows_events.py", line 463, in finish_socket_func\n    return ov.getresult()\n           ~~~~~~~~~~~~^^\nOSError: [WinError 64] ÷∏∂®µƒÕ¯¬Á√˚≤ª‘Ÿø…”√°£\n\nDuring handling of the above exception, another exception occurred:\n\nTraceback (most recent call last):\n  File "F:\\py\\Lib\\site-packages\\redis\\asyncio\\connection.py", line 725, in read_response\n    response = await self._parser.read_response(\n               ^^^^^^^^^^^^^^^^^^^^^^^^^^^^^^^^^\n        disable_decoding=disable_decoding\n        ^^^^^^^^^^^^^^^^^^^^^^^^^^^^^^^^^\n    )\n    ^\n  File "F:\\py\\Lib\\site-packages\\redis\\_parsers\\resp2.py", line 82, in read_response\n    response = await self._read_response(disable_decoding=disable_decoding)\n               ^^^^^^^^^^^^^^^^^^^^^^^^^^^^^^^^^^^^^^^^^^^^^^^^^^^^^^^^^^^^\n  File "F:\\py\\Lib\\site-packages\\redis\\_parsers\\resp2.py", line 90, in _read_response\n    raw = await self._readline()\n          ^^^^^^^^^^^^^^^^^^^^^^\n  File "F:\\py\\Lib\\site-packages\\redis\\_parsers\\base.py", line 559, in _readline\n    data = await self._stream.readline()\n           ^^^^^^^^^^^^^^^^^^^^^^^^^^^^^\n  File "F:\\py\\Lib\\asyncio\\streams.py", line 562, in readline\n    line = await self.readuntil(sep)\n           ^^^^^^^^^^^^^^^^^^^^^^^^^\n  File "F:\\py\\Lib\\asyncio\\streams.py", line 677, in readuntil\n    await self._wait_for_data(\'readuntil\')\n  File "F:\\py\\Lib\\asyncio\\streams.py", line 539, in _wait_for_data\n    await self._waiter\n  File "F:\\py\\Lib\\asyncio\\proactor_events.py", line 286, in _loop_reading\n    length = fut.result()\n  File "F:\\py\\Lib\\asyncio\\windows_events.py", line 804, in _poll\n    value = callback(transferred, key, ov)\n  File "F:\\py\\Lib\\asyncio\\windows_events.py", line 467, in finish_socket_func\n    raise ConnectionResetError(*exc.args)\nConnectionResetError: [WinError 64] ÷∏∂®µƒÕ¯¬Á√˚≤ª‘Ÿø…”√°£\n\nDuring handling of the above exception, another exception occurred:\n\nTraceback (most recent call last):\n  File "F:\\YilenaCode\\Werewolf\\ai_werewolf_core\\utils\\redis_client.py", line 128, in get_client\n    await cls._client.ping()\n  File "F:\\py\\Lib\\site-packages\\redis\\asyncio\\client.py", line 764, in execute_command\n    conn = self.connection or await pool.get_connection()\n                              ^^^^^^^^^^^^^^^^^^^^^^^^^^^\n  File "F:\\py\\Lib\\site-packages\\redis\\utils.py", line 227, in async_wrapper\n    return await func(*args, **kwargs)\n           ^^^^^^^^^^^^^^^^^^^^^^^^^^^\n  File "F:\\py\\Lib\\site-packages\\redis\\asyncio\\connection.py", line 1351, in get_connection\n    await self.ensure_connection(connection)\n  File "F:\\py\\Lib\\site-packages\\redis\\asyncio\\connection.py", line 1390, in ensure_connection\n    await connection.connect()\n  File "F:\\py\\Lib\\site-packages\\redis\\asyncio\\connection.py", line 339, in connect\n    await self.retry.call_with_retry(\n    ...<7 lines>...\n    )\n  File "F:\\py\\Lib\\site-packages\\redis\\asyncio\\retry.py", line 81, in call_with_retry\n    raise error\n  File "F:\\py\\Lib\\site-packages\\redis\\asyncio\\retry.py", line 69, in call_with_retry\n    return await do()\n           ^^^^^^^^^^\n  File "F:\\py\\Lib\\site-packages\\redis\\asyncio\\connection.py", line 403, in connect_check_health\n    await self.on_connect_check_health(check_health=check_health)\n  File "F:\\py\\Lib\\site-packages\\redis\\asyncio\\connection.py", line 560, in on_connect_check_health\n    await self.read_response()\n  File "F:\\py\\Lib\\site-packages\\redis\\asyncio\\connection.py", line 747, in read_response\n    raise ConnectionError(f"Error while reading from {host_error} : {e.args}")\nredis.exceptions.ConnectionError: Error while reading from 192.168.100.128:6379 : (22, \'÷∏∂®µƒÕ¯¬Á√˚≤ª‘Ÿø…”√°£\', None, 64, None)'}
ERROR    ai_werewolf_core.core.event.bus:bus.py:741 {'game_id': None, 'error': 'EventBus Œﬁ∑®ªÒ»° Redis øÕªß∂À', 'event': '«Â¿Ì ¬º˛ Stream “Ï≥£', 'level': 'error', 'logger': 'ai_werewolf_core.core.event.bus', 'timestamp': '2026-05-14T21:28:47.411027+08:00', 'exception': 'Traceback (most recent call last):\n  File "F:\\py\\Lib\\asyncio\\windows_events.py", line 463, in finish_socket_func\n    return ov.getresult()\n           ~~~~~~~~~~~~^^\nOSError: [WinError 64] ÷∏∂®µƒÕ¯¬Á√˚≤ª‘Ÿø…”√°£\n\nDuring handling of the above exception, another exception occurred:\n\nTraceback (most recent call last):\n  File "F:\\py\\Lib\\site-packages\\redis\\asyncio\\connection.py", line 725, in read_response\n    response = await self._parser.read_response(\n               ^^^^^^^^^^^^^^^^^^^^^^^^^^^^^^^^^\n        disable_decoding=disable_decoding\n        ^^^^^^^^^^^^^^^^^^^^^^^^^^^^^^^^^\n    )\n    ^\n  File "F:\\py\\Lib\\site-packages\\redis\\_parsers\\resp2.py", line 82, in read_response\n    response = await self._read_response(disable_decoding=disable_decoding)\n               ^^^^^^^^^^^^^^^^^^^^^^^^^^^^^^^^^^^^^^^^^^^^^^^^^^^^^^^^^^^^\n  File "F:\\py\\Lib\\site-packages\\redis\\_parsers\\resp2.py", line 90, in _read_response\n    raw = await self._readline()\n          ^^^^^^^^^^^^^^^^^^^^^^\n  File "F:\\py\\Lib\\site-packages\\redis\\_parsers\\base.py", line 559, in _readline\n    data = await self._stream.readline()\n           ^^^^^^^^^^^^^^^^^^^^^^^^^^^^^\n  File "F:\\py\\Lib\\asyncio\\streams.py", line 562, in readline\n    line = await self.readuntil(sep)\n           ^^^^^^^^^^^^^^^^^^^^^^^^^\n  File "F:\\py\\Lib\\asyncio\\streams.py", line 677, in readuntil\n    await self._wait_for_data(\'readuntil\')\n  File "F:\\py\\Lib\\asyncio\\streams.py", line 539, in _wait_for_data\n    await self._waiter\n  File "F:\\py\\Lib\\asyncio\\proactor_events.py", line 286, in _loop_reading\n    length = fut.result()\n  File "F:\\py\\Lib\\asyncio\\windows_events.py", line 804, in _poll\n    value = callback(transferred, key, ov)\n  File "F:\\py\\Lib\\asyncio\\windows_events.py", line 467, in finish_socket_func\n    raise ConnectionResetError(*exc.args)\nConnectionResetError: [WinError 64] ÷∏∂®µƒÕ¯¬Á√˚≤ª‘Ÿø…”√°£\n\nDuring handling of the above exception, another exception occurred:\n\nTraceback (most recent call last):\n  File "F:\\YilenaCode\\Werewolf\\ai_werewolf_core\\core\\event\\bus.py", line 111, in _get_redis\n    self._redis_client = await RedisClientManager.get_client()\n                         ^^^^^^^^^^^^^^^^^^^^^^^^^^^^^^^^^^^^^\n  File "F:\\YilenaCode\\Werewolf\\ai_werewolf_core\\utils\\redis_client.py", line 128, in get_client\n    await cls._client.ping()\n  File "F:\\py\\Lib\\site-packages\\redis\\asyncio\\client.py", line 764, in execute_command\n    conn = self.connection or await pool.get_connection()\n                              ^^^^^^^^^^^^^^^^^^^^^^^^^^^\n  File "F:\\py\\Lib\\site-packages\\redis\\utils.py", line 227, in async_wrapper\n    return await func(*args, **kwargs)\n           ^^^^^^^^^^^^^^^^^^^^^^^^^^^\n  File "F:\\py\\Lib\\site-packages\\redis\\asyncio\\connection.py", line 1351, in get_connection\n    await self.ensure_connection(connection)\n  File "F:\\py\\Lib\\site-packages\\redis\\asyncio\\connection.py", line 1390, in ensure_connection\n    await connection.connect()\n  File "F:\\py\\Lib\\site-packages\\redis\\asyncio\\connection.py", line 339, in connect\n    await self.retry.call_with_retry(\n    ...<7 lines>...\n    )\n  File "F:\\py\\Lib\\site-packages\\redis\\asyncio\\retry.py", line 81, in call_with_retry\n    raise error\n  File "F:\\py\\Lib\\site-packages\\redis\\asyncio\\retry.py", line 69, in call_with_retry\n    return await do()\n           ^^^^^^^^^^\n  File "F:\\py\\Lib\\site-packages\\redis\\asyncio\\connection.py", line 403, in connect_check_health\n    await self.on_connect_check_health(check_health=check_health)\n  File "F:\\py\\Lib\\site-packages\\redis\\asyncio\\connection.py", line 560, in on_connect_check_health\n    await self.read_response()\n  File "F:\\py\\Lib\\site-packages\\redis\\asyncio\\connection.py", line 747, in read_response\n    raise ConnectionError(f"Error while reading from {host_error} : {e.args}")\nredis.exceptions.ConnectionError: Error while reading from 192.168.100.128:6379 : (22, \'÷∏∂®µƒÕ¯¬Á√˚≤ª‘Ÿø…”√°£\', None, 64, None)\n\nThe above exception was the direct cause of the following exception:\n\nTraceback (most recent call last):\n  File "F:\\YilenaCode\\Werewolf\\ai_werewolf_core\\core\\event\\bus.py", line 710, in clear\n    redis = await self._get_redis()\n            ^^^^^^^^^^^^^^^^^^^^^^^\n  File "F:\\YilenaCode\\Werewolf\\ai_werewolf_core\\core\\event\\bus.py", line 114, in _get_redis\n    raise RedisUnavailableException(\n        "EventBus Œﬁ∑®ªÒ»° Redis øÕªß∂À"\n    ) from e\nai_werewolf_core.utils.redis_seq.RedisUnavailableException: EventBus Œﬁ∑®ªÒ»° Redis øÕªß∂À'}
________________ TestInitialState.test_initial_status_is_init _________________

trans = 0, key = 0, ov = <_overlapped.Overlapped object at 0x0000027C320BC7B0>

    @staticmethod
    def finish_socket_func(trans, key, ov):
        try:
>           return ov.getresult()
                   ^^^^^^^^^^^^^^
E           OSError: [WinError 64] ÷∏∂®µƒÕ¯¬Á√˚≤ª‘Ÿø…”√°£

F:\py\Lib\asyncio\windows_events.py:463: OSError

During handling of the above exception, another exception occurred:

self = <redis.asyncio.connection.Connection(host=192.168.100.128,port=6379,db=1)>
disable_decoding = False, timeout = None

    async def read_response(
        self,
        disable_decoding: bool = False,
        timeout: Optional[float] = None,
        *,
        disconnect_on_error: bool = True,
        push_request: Optional[bool] = False,
    ):
        """Read the response from a previously sent command"""
        read_timeout = timeout if timeout is not None else self.socket_timeout
        host_error = self._host_error()
        try:
            if read_timeout is not None and self.protocol in ["3", 3]:
                async with async_timeout(read_timeout):
                    response = await self._parser.read_response(
                        disable_decoding=disable_decoding, push_request=push_request
                    )
            elif read_timeout is not None:
                async with async_timeout(read_timeout):
>                   response = await self._parser.read_response(
                        disable_decoding=disable_decoding

F:\py\Lib\site-packages\redis\asyncio\connection.py:725: 
_ _ _ _ _ _ _ _ _ _ _ _ _ _ _ _ _ _ _ _ _ _ _ _ _ _ _ _ _ _ _ _ _ _ _ _ _ _ _ _
F:\py\Lib\site-packages\redis\_parsers\resp2.py:82: in read_response
    response = await self._read_response(disable_decoding=disable_decoding)
               ^^^^^^^^^^^^^^^^^^^^^^^^^^^^^^^^^^^^^^^^^^^^^^^^^^^^^^^^^^^^
F:\py\Lib\site-packages\redis\_parsers\resp2.py:90: in _read_response
    raw = await self._readline()
          ^^^^^^^^^^^^^^^^^^^^^^
F:\py\Lib\site-packages\redis\_parsers\base.py:559: in _readline
    data = await self._stream.readline()
           ^^^^^^^^^^^^^^^^^^^^^^^^^^^^^
F:\py\Lib\asyncio\streams.py:562: in readline
    line = await self.readuntil(sep)
           ^^^^^^^^^^^^^^^^^^^^^^^^^
F:\py\Lib\asyncio\streams.py:677: in readuntil
    await self._wait_for_data('readuntil')
F:\py\Lib\asyncio\streams.py:539: in _wait_for_data
    await self._waiter
F:\py\Lib\asyncio\proactor_events.py:286: in _loop_reading
    length = fut.result()
             ^^^^^^^^^^^^
F:\py\Lib\asyncio\windows_events.py:804: in _poll
    value = callback(transferred, key, ov)
            ^^^^^^^^^^^^^^^^^^^^^^^^^^^^^^
_ _ _ _ _ _ _ _ _ _ _ _ _ _ _ _ _ _ _ _ _ _ _ _ _ _ _ _ _ _ _ _ _ _ _ _ _ _ _ _

trans = 0, key = 0, ov = <_overlapped.Overlapped object at 0x0000027C320BC7B0>

    @staticmethod
    def finish_socket_func(trans, key, ov):
        try:
            return ov.getresult()
        except OSError as exc:
            if exc.winerror in (_overlapped.ERROR_NETNAME_DELETED,
                                _overlapped.ERROR_OPERATION_ABORTED):
>               raise ConnectionResetError(*exc.args)
E               ConnectionResetError: [WinError 64] ÷∏∂®µƒÕ¯¬Á√˚≤ª‘Ÿø…”√°£

F:\py\Lib\asyncio\windows_events.py:467: ConnectionResetError

During handling of the above exception, another exception occurred:

self = <ai_werewolf_core.core.engine.lifecycle.LifecycleManager object at 0x0000027C303A0FA0>

    async def _get_redis(self) -> aioredis.Redis:
        """ªÒ»° Redis “Ï≤ΩøÕªß∂À£®¿¡≥ı ºªØ£¨π≤œÌ¡¨Ω”≥ÿ£©°£"""
        if self._redis is None:
            try:
>               self._redis = await RedisClientManager.get_client()
                              ^^^^^^^^^^^^^^^^^^^^^^^^^^^^^^^^^^^^^

ai_werewolf_core\core\engine\lifecycle.py:143: 
_ _ _ _ _ _ _ _ _ _ _ _ _ _ _ _ _ _ _ _ _ _ _ _ _ _ _ _ _ _ _ _ _ _ _ _ _ _ _ _
ai_werewolf_core\utils\redis_client.py:128: in get_client
    await cls._client.ping()
F:\py\Lib\site-packages\redis\asyncio\client.py:764: in execute_command
    conn = self.connection or await pool.get_connection()
                              ^^^^^^^^^^^^^^^^^^^^^^^^^^^
F:\py\Lib\site-packages\redis\utils.py:227: in async_wrapper
    return await func(*args, **kwargs)
           ^^^^^^^^^^^^^^^^^^^^^^^^^^^
F:\py\Lib\site-packages\redis\asyncio\connection.py:1351: in get_connection
    await self.ensure_connection(connection)
F:\py\Lib\site-packages\redis\asyncio\connection.py:1390: in ensure_connection
    await connection.connect()
F:\py\Lib\site-packages\redis\asyncio\connection.py:339: in connect
    await self.retry.call_with_retry(
F:\py\Lib\site-packages\redis\asyncio\retry.py:81: in call_with_retry
    raise error
F:\py\Lib\site-packages\redis\asyncio\retry.py:69: in call_with_retry
    return await do()
           ^^^^^^^^^^
F:\py\Lib\site-packages\redis\asyncio\connection.py:403: in connect_check_health
    await self.on_connect_check_health(check_health=check_health)
F:\py\Lib\site-packages\redis\asyncio\connection.py:560: in on_connect_check_health
    await self.read_response()
_ _ _ _ _ _ _ _ _ _ _ _ _ _ _ _ _ _ _ _ _ _ _ _ _ _ _ _ _ _ _ _ _ _ _ _ _ _ _ _

self = <redis.asyncio.connection.Connection(host=192.168.100.128,port=6379,db=1)>
disable_decoding = False, timeout = None

    async def read_response(
        self,
        disable_decoding: bool = False,
        timeout: Optional[float] = None,
        *,
        disconnect_on_error: bool = True,
        push_request: Optional[bool] = False,
    ):
        """Read the response from a previously sent command"""
        read_timeout = timeout if timeout is not None else self.socket_timeout
        host_error = self._host_error()
        try:
            if read_timeout is not None and self.protocol in ["3", 3]:
                async with async_timeout(read_timeout):
                    response = await self._parser.read_response(
                        disable_decoding=disable_decoding, push_request=push_request
                    )
            elif read_timeout is not None:
                async with async_timeout(read_timeout):
                    response = await self._parser.read_response(
                        disable_decoding=disable_decoding
                    )
            elif self.protocol in ["3", 3]:
                response = await self._parser.read_response(
                    disable_decoding=disable_decoding, push_request=push_request
                )
            else:
                response = await self._parser.read_response(
                    disable_decoding=disable_decoding
                )
        except asyncio.TimeoutError:
            if timeout is not None:
                # user requested timeout, return None. Operation can be retried
                return None
            # it was a self.socket_timeout error.
            if disconnect_on_error:
                await self.disconnect(nowait=True)
            raise TimeoutError(f"Timeout reading from {host_error}")
        except OSError as e:
            if disconnect_on_error:
                await self.disconnect(nowait=True)
>           raise ConnectionError(f"Error while reading from {host_error} : {e.args}")
E           redis.exceptions.ConnectionError: Error while reading from 192.168.100.128:6379 : (22, '÷∏∂®µƒÕ¯¬Á√˚≤ª‘Ÿø…”√°£', None, 64, None)

F:\py\Lib\site-packages\redis\asyncio\connection.py:747: ConnectionError

The above exception was the direct cause of the following exception:

self = <test_lifecycle.TestInitialState object at 0x0000027C303D2350>
lifecycle = <ai_werewolf_core.core.engine.lifecycle.LifecycleManager object at 0x0000027C303A0FA0>

    @pytest.mark.asyncio
    async def test_initial_status_is_init(self, lifecycle):
        """–¬¥¥Ω®µƒ LifecycleManager ◊¥Ã¨”¶Œ™ INIT°£"""
>       assert await lifecycle.get_status() == GameStatus.INIT
               ^^^^^^^^^^^^^^^^^^^^^^^^^^^^

tests\unit\core\engine\test_lifecycle.py:64: 
_ _ _ _ _ _ _ _ _ _ _ _ _ _ _ _ _ _ _ _ _ _ _ _ _ _ _ _ _ _ _ _ _ _ _ _ _ _ _ _
ai_werewolf_core\core\engine\lifecycle.py:262: in get_status
    status = await self._get_status_from_redis()
             ^^^^^^^^^^^^^^^^^^^^^^^^^^^^^^^^^^^
ai_werewolf_core\core\engine\lifecycle.py:167: in _get_status_from_redis
    redis = await self._get_redis()
            ^^^^^^^^^^^^^^^^^^^^^^^
_ _ _ _ _ _ _ _ _ _ _ _ _ _ _ _ _ _ _ _ _ _ _ _ _ _ _ _ _ _ _ _ _ _ _ _ _ _ _ _

self = <ai_werewolf_core.core.engine.lifecycle.LifecycleManager object at 0x0000027C303A0FA0>

    async def _get_redis(self) -> aioredis.Redis:
        """ªÒ»° Redis “Ï≤ΩøÕªß∂À£®¿¡≥ı ºªØ£¨π≤œÌ¡¨Ω”≥ÿ£©°£"""
        if self._redis is None:
            try:
                self._redis = await RedisClientManager.get_client()
                self._logger.debug("LifecycleManager “—ªÒ»°π≤œÌ Redis øÕªß∂À")
            except (aioredis.ConnectionError, aioredis.TimeoutError) as e:
>               raise RedisUnavailableException(
                    f"LifecycleManager Œﬁ∑®ªÒ»° Redis øÕªß∂À: game_id={self.game_id}"
                ) from e
E               ai_werewolf_core.utils.redis_seq.RedisUnavailableException: LifecycleManager Œﬁ∑®ªÒ»° Redis øÕªß∂À: game_id=test_lifecycle_2af2470e04254455b282dfa7b45285c9

ai_werewolf_core\core\engine\lifecycle.py:146: RedisUnavailableException
---------------------------- Captured stderr setup ----------------------------
[2m2026-05-14T21:30:57.390241+08:00[0m [[32m[1mdebug    [0m] [1mglobal_subscribe              [0m [[0m[1m[34mai_werewolf_core.core.event.bus[0m][0m [36mhandler[0m=[35m_default_log_subscriber[0m
[2m2026-05-14T21:30:57.390437+08:00[0m [[32m[1mdebug    [0m] [1mglobal_subscribe              [0m [[0m[1m[34mai_werewolf_core.core.event.bus[0m][0m [36mhandler[0m=[35m_persist_to_db[0m
----------------------------- Captured log setup ------------------------------
DEBUG    ai_werewolf_core.core.event.bus:bus.py:519 {'handler': '_default_log_subscriber', 'event': 'global_subscribe', 'level': 'debug', 'logger': 'ai_werewolf_core.core.event.bus', 'timestamp': '2026-05-14T21:30:57.390241+08:00'}
DEBUG    ai_werewolf_core.core.event.bus:bus.py:519 {'handler': '_persist_to_db', 'event': 'global_subscribe', 'level': 'debug', 'logger': 'ai_werewolf_core.core.event.bus', 'timestamp': '2026-05-14T21:30:57.390437+08:00'}
---------------------------- Captured stderr call -----------------------------
[2m2026-05-14T21:30:57.391033+08:00[0m [[32m[1mdebug    [0m] [1mRedis ¡¨Ω”≥ÿ“—¥¥Ω®                  [0m [[0m[1m[34mai_werewolf_core.utils.redis_client[0m][0m [36mmax_connections[0m=[35m300[0m [36msocket_timeout[0m=[35m10[0m
[2m2026-05-14T21:31:02.392969+08:00[0m [[31m[1merror    [0m] [1mRedis ¡¨Ω”—È÷§ ß∞‹ (PING)           [0m [[0m[1m[34mai_werewolf_core.utils.redis_client[0m][0m [36merror[0m=[35m"Error while reading from 192.168.100.128:6379 : (22, '÷∏∂®µƒÕ¯¬Á√˚≤ª‘Ÿø…”√°£', None, 64, None)"[0m [36mhost[0m=[35m192.168.100.128[0m [36mport[0m=[35m6379[0m
Traceback (most recent call last):
  File "F:\py\Lib\asyncio\windows_events.py", line 463, in finish_socket_func
    return ov.getresult()
           ~~~~~~~~~~~~^^
OSError: [WinError 64] ÷∏∂®µƒÕ¯¬Á√˚≤ª‘Ÿø…”√°£

During handling of the above exception, another exception occurred:

Traceback (most recent call last):
  File "F:\py\Lib\site-packages\redis\asyncio\connection.py", line 725, in read_response
    response = await self._parser.read_response(
               ^^^^^^^^^^^^^^^^^^^^^^^^^^^^^^^^^
        disable_decoding=disable_decoding
        ^^^^^^^^^^^^^^^^^^^^^^^^^^^^^^^^^
    )
    ^
  File "F:\py\Lib\site-packages\redis\_parsers\resp2.py", line 82, in read_response
    response = await self._read_response(disable_decoding=disable_decoding)
               ^^^^^^^^^^^^^^^^^^^^^^^^^^^^^^^^^^^^^^^^^^^^^^^^^^^^^^^^^^^^
  File "F:\py\Lib\site-packages\redis\_parsers\resp2.py", line 90, in _read_response
    raw = await self._readline()
          ^^^^^^^^^^^^^^^^^^^^^^
  File "F:\py\Lib\site-packages\redis\_parsers\base.py", line 559, in _readline
    data = await self._stream.readline()
           ^^^^^^^^^^^^^^^^^^^^^^^^^^^^^
  File "F:\py\Lib\asyncio\streams.py", line 562, in readline
    line = await self.readuntil(sep)
           ^^^^^^^^^^^^^^^^^^^^^^^^^
  File "F:\py\Lib\asyncio\streams.py", line 677, in readuntil
    await self._wait_for_data('readuntil')
  File "F:\py\Lib\asyncio\streams.py", line 539, in _wait_for_data
    await self._waiter
  File "F:\py\Lib\asyncio\proactor_events.py", line 286, in _loop_reading
    length = fut.result()
  File "F:\py\Lib\asyncio\windows_events.py", line 804, in _poll
    value = callback(transferred, key, ov)
  File "F:\py\Lib\asyncio\windows_events.py", line 467, in finish_socket_func
    raise ConnectionResetError(*exc.args)
ConnectionResetError: [WinError 64] ÷∏∂®µƒÕ¯¬Á√˚≤ª‘Ÿø…”√°£

During handling of the above exception, another exception occurred:

Traceback (most recent call last):
  File "F:\YilenaCode\Werewolf\ai_werewolf_core\utils\redis_client.py", line 128, in get_client
    await cls._client.ping()
  File "F:\py\Lib\site-packages\redis\asyncio\client.py", line 764, in execute_command
    conn = self.connection or await pool.get_connection()
                              ^^^^^^^^^^^^^^^^^^^^^^^^^^^
  File "F:\py\Lib\site-packages\redis\utils.py", line 227, in async_wrapper
    return await func(*args, **kwargs)
           ^^^^^^^^^^^^^^^^^^^^^^^^^^^
  File "F:\py\Lib\site-packages\redis\asyncio\connection.py", line 1351, in get_connection
    await self.ensure_connection(connection)
  File "F:\py\Lib\site-packages\redis\asyncio\connection.py", line 1390, in ensure_connection
    await connection.connect()
  File "F:\py\Lib\site-packages\redis\asyncio\connection.py", line 339, in connect
    await self.retry.call_with_retry(
    ...<7 lines>...
    )
  File "F:\py\Lib\site-packages\redis\asyncio\retry.py", line 81, in call_with_retry
    raise error
  File "F:\py\Lib\site-packages\redis\asyncio\retry.py", line 69, in call_with_retry
    return await do()
           ^^^^^^^^^^
  File "F:\py\Lib\site-packages\redis\asyncio\connection.py", line 403, in connect_check_health
    await self.on_connect_check_health(check_health=check_health)
  File "F:\py\Lib\site-packages\redis\asyncio\connection.py", line 560, in on_connect_check_health
    await self.read_response()
  File "F:\py\Lib\site-packages\redis\asyncio\connection.py", line 747, in read_response
    raise ConnectionError(f"Error while reading from {host_error} : {e.args}")
redis.exceptions.ConnectionError: Error while reading from 192.168.100.128:6379 : (22, '÷∏∂®µƒÕ¯¬Á√˚≤ª‘Ÿø…”√°£', None, 64, None)
------------------------------ Captured log call ------------------------------
DEBUG    ai_werewolf_core.utils.redis_client:redis_client.py:243 {'max_connections': 300, 'socket_timeout': 10, 'event': 'Redis ¡¨Ω”≥ÿ“—¥¥Ω®', 'level': 'debug', 'logger': 'ai_werewolf_core.utils.redis_client', 'timestamp': '2026-05-14T21:30:57.391033+08:00'}
ERROR    ai_werewolf_core.utils.redis_client:redis_client.py:130 {'host': '192.168.100.128', 'port': 6379, 'error': "Error while reading from 192.168.100.128:6379 : (22, '÷∏∂®µƒÕ¯¬Á√˚≤ª‘Ÿø…”√°£', None, 64, None)", 'event': 'Redis ¡¨Ω”—È÷§ ß∞‹ (PING)', 'level': 'error', 'logger': 'ai_werewolf_core.utils.redis_client', 'timestamp': '2026-05-14T21:31:02.392969+08:00', 'exception': 'Traceback (most recent call last):\n  File "F:\\py\\Lib\\asyncio\\windows_events.py", line 463, in finish_socket_func\n    return ov.getresult()\n           ~~~~~~~~~~~~^^\nOSError: [WinError 64] ÷∏∂®µƒÕ¯¬Á√˚≤ª‘Ÿø…”√°£\n\nDuring handling of the above exception, another exception occurred:\n\nTraceback (most recent call last):\n  File "F:\\py\\Lib\\site-packages\\redis\\asyncio\\connection.py", line 725, in read_response\n    response = await self._parser.read_response(\n               ^^^^^^^^^^^^^^^^^^^^^^^^^^^^^^^^^\n        disable_decoding=disable_decoding\n        ^^^^^^^^^^^^^^^^^^^^^^^^^^^^^^^^^\n    )\n    ^\n  File "F:\\py\\Lib\\site-packages\\redis\\_parsers\\resp2.py", line 82, in read_response\n    response = await self._read_response(disable_decoding=disable_decoding)\n               ^^^^^^^^^^^^^^^^^^^^^^^^^^^^^^^^^^^^^^^^^^^^^^^^^^^^^^^^^^^^\n  File "F:\\py\\Lib\\site-packages\\redis\\_parsers\\resp2.py", line 90, in _read_response\n    raw = await self._readline()\n          ^^^^^^^^^^^^^^^^^^^^^^\n  File "F:\\py\\Lib\\site-packages\\redis\\_parsers\\base.py", line 559, in _readline\n    data = await self._stream.readline()\n           ^^^^^^^^^^^^^^^^^^^^^^^^^^^^^\n  File "F:\\py\\Lib\\asyncio\\streams.py", line 562, in readline\n    line = await self.readuntil(sep)\n           ^^^^^^^^^^^^^^^^^^^^^^^^^\n  File "F:\\py\\Lib\\asyncio\\streams.py", line 677, in readuntil\n    await self._wait_for_data(\'readuntil\')\n  File "F:\\py\\Lib\\asyncio\\streams.py", line 539, in _wait_for_data\n    await self._waiter\n  File "F:\\py\\Lib\\asyncio\\proactor_events.py", line 286, in _loop_reading\n    length = fut.result()\n  File "F:\\py\\Lib\\asyncio\\windows_events.py", line 804, in _poll\n    value = callback(transferred, key, ov)\n  File "F:\\py\\Lib\\asyncio\\windows_events.py", line 467, in finish_socket_func\n    raise ConnectionResetError(*exc.args)\nConnectionResetError: [WinError 64] ÷∏∂®µƒÕ¯¬Á√˚≤ª‘Ÿø…”√°£\n\nDuring handling of the above exception, another exception occurred:\n\nTraceback (most recent call last):\n  File "F:\\YilenaCode\\Werewolf\\ai_werewolf_core\\utils\\redis_client.py", line 128, in get_client\n    await cls._client.ping()\n  File "F:\\py\\Lib\\site-packages\\redis\\asyncio\\client.py", line 764, in execute_command\n    conn = self.connection or await pool.get_connection()\n                              ^^^^^^^^^^^^^^^^^^^^^^^^^^^\n  File "F:\\py\\Lib\\site-packages\\redis\\utils.py", line 227, in async_wrapper\n    return await func(*args, **kwargs)\n           ^^^^^^^^^^^^^^^^^^^^^^^^^^^\n  File "F:\\py\\Lib\\site-packages\\redis\\asyncio\\connection.py", line 1351, in get_connection\n    await self.ensure_connection(connection)\n  File "F:\\py\\Lib\\site-packages\\redis\\asyncio\\connection.py", line 1390, in ensure_connection\n    await connection.connect()\n  File "F:\\py\\Lib\\site-packages\\redis\\asyncio\\connection.py", line 339, in connect\n    await self.retry.call_with_retry(\n    ...<7 lines>...\n    )\n  File "F:\\py\\Lib\\site-packages\\redis\\asyncio\\retry.py", line 81, in call_with_retry\n    raise error\n  File "F:\\py\\Lib\\site-packages\\redis\\asyncio\\retry.py", line 69, in call_with_retry\n    return await do()\n           ^^^^^^^^^^\n  File "F:\\py\\Lib\\site-packages\\redis\\asyncio\\connection.py", line 403, in connect_check_health\n    await self.on_connect_check_health(check_health=check_health)\n  File "F:\\py\\Lib\\site-packages\\redis\\asyncio\\connection.py", line 560, in on_connect_check_health\n    await self.read_response()\n  File "F:\\py\\Lib\\site-packages\\redis\\asyncio\\connection.py", line 747, in read_response\n    raise ConnectionError(f"Error while reading from {host_error} : {e.args}")\nredis.exceptions.ConnectionError: Error while reading from 192.168.100.128:6379 : (22, \'÷∏∂®µƒÕ¯¬Á√˚≤ª‘Ÿø…”√°£\', None, 64, None)'}
-------------------------- Captured stderr teardown ---------------------------
[2m2026-05-14T21:31:02.546852+08:00[0m [[32m[1mdebug    [0m] [1mRedis ¡¨Ω”≥ÿ“—¥¥Ω®                  [0m [[0m[1m[34mai_werewolf_core.utils.redis_client[0m][0m [36mmax_connections[0m=[35m300[0m [36msocket_timeout[0m=[35m10[0m
[2m2026-05-14T21:31:07.549775+08:00[0m [[31m[1merror    [0m] [1mRedis ¡¨Ω”—È÷§ ß∞‹ (PING)           [0m [[0m[1m[34mai_werewolf_core.utils.redis_client[0m][0m [36merror[0m=[35m"Error while reading from 192.168.100.128:6379 : (22, '÷∏∂®µƒÕ¯¬Á√˚≤ª‘Ÿø…”√°£', None, 64, None)"[0m [36mhost[0m=[35m192.168.100.128[0m [36mport[0m=[35m6379[0m
Traceback (most recent call last):
  File "F:\py\Lib\asyncio\windows_events.py", line 463, in finish_socket_func
    return ov.getresult()
           ~~~~~~~~~~~~^^
OSError: [WinError 64] ÷∏∂®µƒÕ¯¬Á√˚≤ª‘Ÿø…”√°£

During handling of the above exception, another exception occurred:

Traceback (most recent call last):
  File "F:\py\Lib\site-packages\redis\asyncio\connection.py", line 725, in read_response
    response = await self._parser.read_response(
               ^^^^^^^^^^^^^^^^^^^^^^^^^^^^^^^^^
        disable_decoding=disable_decoding
        ^^^^^^^^^^^^^^^^^^^^^^^^^^^^^^^^^
    )
    ^
  File "F:\py\Lib\site-packages\redis\_parsers\resp2.py", line 82, in read_response
    response = await self._read_response(disable_decoding=disable_decoding)
               ^^^^^^^^^^^^^^^^^^^^^^^^^^^^^^^^^^^^^^^^^^^^^^^^^^^^^^^^^^^^
  File "F:\py\Lib\site-packages\redis\_parsers\resp2.py", line 90, in _read_response
    raw = await self._readline()
          ^^^^^^^^^^^^^^^^^^^^^^
  File "F:\py\Lib\site-packages\redis\_parsers\base.py", line 559, in _readline
    data = await self._stream.readline()
           ^^^^^^^^^^^^^^^^^^^^^^^^^^^^^
  File "F:\py\Lib\asyncio\streams.py", line 562, in readline
    line = await self.readuntil(sep)
           ^^^^^^^^^^^^^^^^^^^^^^^^^
  File "F:\py\Lib\asyncio\streams.py", line 677, in readuntil
    await self._wait_for_data('readuntil')
  File "F:\py\Lib\asyncio\streams.py", line 539, in _wait_for_data
    await self._waiter
  File "F:\py\Lib\asyncio\proactor_events.py", line 286, in _loop_reading
    length = fut.result()
  File "F:\py\Lib\asyncio\windows_events.py", line 804, in _poll
    value = callback(transferred, key, ov)
  File "F:\py\Lib\asyncio\windows_events.py", line 467, in finish_socket_func
    raise ConnectionResetError(*exc.args)
ConnectionResetError: [WinError 64] ÷∏∂®µƒÕ¯¬Á√˚≤ª‘Ÿø…”√°£

During handling of the above exception, another exception occurred:

Traceback (most recent call last):
  File "F:\YilenaCode\Werewolf\ai_werewolf_core\utils\redis_client.py", line 128, in get_client
    await cls._client.ping()
  File "F:\py\Lib\site-packages\redis\asyncio\client.py", line 764, in execute_command
    conn = self.connection or await pool.get_connection()
                              ^^^^^^^^^^^^^^^^^^^^^^^^^^^
  File "F:\py\Lib\site-packages\redis\utils.py", line 227, in async_wrapper
    return await func(*args, **kwargs)
           ^^^^^^^^^^^^^^^^^^^^^^^^^^^
  File "F:\py\Lib\site-packages\redis\asyncio\connection.py", line 1351, in get_connection
    await self.ensure_connection(connection)
  File "F:\py\Lib\site-packages\redis\asyncio\connection.py", line 1390, in ensure_connection
    await connection.connect()
  File "F:\py\Lib\site-packages\redis\asyncio\connection.py", line 339, in connect
    await self.retry.call_with_retry(
    ...<7 lines>...
    )
  File "F:\py\Lib\site-packages\redis\asyncio\retry.py", line 81, in call_with_retry
    raise error
  File "F:\py\Lib\site-packages\redis\asyncio\retry.py", line 69, in call_with_retry
    return await do()
           ^^^^^^^^^^
  File "F:\py\Lib\site-packages\redis\asyncio\connection.py", line 403, in connect_check_health
    await self.on_connect_check_health(check_health=check_health)
  File "F:\py\Lib\site-packages\redis\asyncio\connection.py", line 560, in on_connect_check_health
    await self.read_response()
  File "F:\py\Lib\site-packages\redis\asyncio\connection.py", line 747, in read_response
    raise ConnectionError(f"Error while reading from {host_error} : {e.args}")
redis.exceptions.ConnectionError: Error while reading from 192.168.100.128:6379 : (22, '÷∏∂®µƒÕ¯¬Á√˚≤ª‘Ÿø…”√°£', None, 64, None)
[2m2026-05-14T21:31:07.552175+08:00[0m [[31m[1merror    [0m] [1m«Â¿Ì ¬º˛ Stream “Ï≥£                [0m [[0m[1m[34mai_werewolf_core.core.event.bus[0m][0m [36merror[0m=[35m'EventBus Œﬁ∑®ªÒ»° Redis øÕªß∂À'[0m [36mgame_id[0m=[35mNone[0m
Traceback (most recent call last):
  File "F:\py\Lib\asyncio\windows_events.py", line 463, in finish_socket_func
    return ov.getresult()
           ~~~~~~~~~~~~^^
OSError: [WinError 64] ÷∏∂®µƒÕ¯¬Á√˚≤ª‘Ÿø…”√°£

During handling of the above exception, another exception occurred:

Traceback (most recent call last):
  File "F:\py\Lib\site-packages\redis\asyncio\connection.py", line 725, in read_response
    response = await self._parser.read_response(
               ^^^^^^^^^^^^^^^^^^^^^^^^^^^^^^^^^
        disable_decoding=disable_decoding
        ^^^^^^^^^^^^^^^^^^^^^^^^^^^^^^^^^
    )
    ^
  File "F:\py\Lib\site-packages\redis\_parsers\resp2.py", line 82, in read_response
    response = await self._read_response(disable_decoding=disable_decoding)
               ^^^^^^^^^^^^^^^^^^^^^^^^^^^^^^^^^^^^^^^^^^^^^^^^^^^^^^^^^^^^
  File "F:\py\Lib\site-packages\redis\_parsers\resp2.py", line 90, in _read_response
    raw = await self._readline()
          ^^^^^^^^^^^^^^^^^^^^^^
  File "F:\py\Lib\site-packages\redis\_parsers\base.py", line 559, in _readline
    data = await self._stream.readline()
           ^^^^^^^^^^^^^^^^^^^^^^^^^^^^^
  File "F:\py\Lib\asyncio\streams.py", line 562, in readline
    line = await self.readuntil(sep)
           ^^^^^^^^^^^^^^^^^^^^^^^^^
  File "F:\py\Lib\asyncio\streams.py", line 677, in readuntil
    await self._wait_for_data('readuntil')
  File "F:\py\Lib\asyncio\streams.py", line 539, in _wait_for_data
    await self._waiter
  File "F:\py\Lib\asyncio\proactor_events.py", line 286, in _loop_reading
    length = fut.result()
  File "F:\py\Lib\asyncio\windows_events.py", line 804, in _poll
    value = callback(transferred, key, ov)
  File "F:\py\Lib\asyncio\windows_events.py", line 467, in finish_socket_func
    raise ConnectionResetError(*exc.args)
ConnectionResetError: [WinError 64] ÷∏∂®µƒÕ¯¬Á√˚≤ª‘Ÿø…”√°£

During handling of the above exception, another exception occurred:

Traceback (most recent call last):
  File "F:\YilenaCode\Werewolf\ai_werewolf_core\core\event\bus.py", line 111, in _get_redis
    self._redis_client = await RedisClientManager.get_client()
                         ^^^^^^^^^^^^^^^^^^^^^^^^^^^^^^^^^^^^^
  File "F:\YilenaCode\Werewolf\ai_werewolf_core\utils\redis_client.py", line 128, in get_client
    await cls._client.ping()
  File "F:\py\Lib\site-packages\redis\asyncio\client.py", line 764, in execute_command
    conn = self.connection or await pool.get_connection()
                              ^^^^^^^^^^^^^^^^^^^^^^^^^^^
  File "F:\py\Lib\site-packages\redis\utils.py", line 227, in async_wrapper
    return await func(*args, **kwargs)
           ^^^^^^^^^^^^^^^^^^^^^^^^^^^
  File "F:\py\Lib\site-packages\redis\asyncio\connection.py", line 1351, in get_connection
    await self.ensure_connection(connection)
  File "F:\py\Lib\site-packages\redis\asyncio\connection.py", line 1390, in ensure_connection
    await connection.connect()
  File "F:\py\Lib\site-packages\redis\asyncio\connection.py", line 339, in connect
    await self.retry.call_with_retry(
    ...<7 lines>...
    )
  File "F:\py\Lib\site-packages\redis\asyncio\retry.py", line 81, in call_with_retry
    raise error
  File "F:\py\Lib\site-packages\redis\asyncio\retry.py", line 69, in call_with_retry
    return await do()
           ^^^^^^^^^^
  File "F:\py\Lib\site-packages\redis\asyncio\connection.py", line 403, in connect_check_health
    await self.on_connect_check_health(check_health=check_health)
  File "F:\py\Lib\site-packages\redis\asyncio\connection.py", line 560, in on_connect_check_health
    await self.read_response()
  File "F:\py\Lib\site-packages\redis\asyncio\connection.py", line 747, in read_response
    raise ConnectionError(f"Error while reading from {host_error} : {e.args}")
redis.exceptions.ConnectionError: Error while reading from 192.168.100.128:6379 : (22, '÷∏∂®µƒÕ¯¬Á√˚≤ª‘Ÿø…”√°£', None, 64, None)

The above exception was the direct cause of the following exception:

Traceback (most recent call last):
  File "F:\YilenaCode\Werewolf\ai_werewolf_core\core\event\bus.py", line 710, in clear
    redis = await self._get_redis()
            ^^^^^^^^^^^^^^^^^^^^^^^
  File "F:\YilenaCode\Werewolf\ai_werewolf_core\core\event\bus.py", line 114, in _get_redis
    raise RedisUnavailableException(
        "EventBus Œﬁ∑®ªÒ»° Redis øÕªß∂À"
    ) from e
ai_werewolf_core.utils.redis_seq.RedisUnavailableException: EventBus Œﬁ∑®ªÒ»° Redis øÕªß∂À
---------------------------- Captured log teardown ----------------------------
DEBUG    ai_werewolf_core.utils.redis_client:redis_client.py:243 {'max_connections': 300, 'socket_timeout': 10, 'event': 'Redis ¡¨Ω”≥ÿ“—¥¥Ω®', 'level': 'debug', 'logger': 'ai_werewolf_core.utils.redis_client', 'timestamp': '2026-05-14T21:31:02.546852+08:00'}
ERROR    ai_werewolf_core.utils.redis_client:redis_client.py:130 {'host': '192.168.100.128', 'port': 6379, 'error': "Error while reading from 192.168.100.128:6379 : (22, '÷∏∂®µƒÕ¯¬Á√˚≤ª‘Ÿø…”√°£', None, 64, None)", 'event': 'Redis ¡¨Ω”—È÷§ ß∞‹ (PING)', 'level': 'error', 'logger': 'ai_werewolf_core.utils.redis_client', 'timestamp': '2026-05-14T21:31:07.549775+08:00', 'exception': 'Traceback (most recent call last):\n  File "F:\\py\\Lib\\asyncio\\windows_events.py", line 463, in finish_socket_func\n    return ov.getresult()\n           ~~~~~~~~~~~~^^\nOSError: [WinError 64] ÷∏∂®µƒÕ¯¬Á√˚≤ª‘Ÿø…”√°£\n\nDuring handling of the above exception, another exception occurred:\n\nTraceback (most recent call last):\n  File "F:\\py\\Lib\\site-packages\\redis\\asyncio\\connection.py", line 725, in read_response\n    response = await self._parser.read_response(\n               ^^^^^^^^^^^^^^^^^^^^^^^^^^^^^^^^^\n        disable_decoding=disable_decoding\n        ^^^^^^^^^^^^^^^^^^^^^^^^^^^^^^^^^\n    )\n    ^\n  File "F:\\py\\Lib\\site-packages\\redis\\_parsers\\resp2.py", line 82, in read_response\n    response = await self._read_response(disable_decoding=disable_decoding)\n               ^^^^^^^^^^^^^^^^^^^^^^^^^^^^^^^^^^^^^^^^^^^^^^^^^^^^^^^^^^^^\n  File "F:\\py\\Lib\\site-packages\\redis\\_parsers\\resp2.py", line 90, in _read_response\n    raw = await self._readline()\n          ^^^^^^^^^^^^^^^^^^^^^^\n  File "F:\\py\\Lib\\site-packages\\redis\\_parsers\\base.py", line 559, in _readline\n    data = await self._stream.readline()\n           ^^^^^^^^^^^^^^^^^^^^^^^^^^^^^\n  File "F:\\py\\Lib\\asyncio\\streams.py", line 562, in readline\n    line = await self.readuntil(sep)\n           ^^^^^^^^^^^^^^^^^^^^^^^^^\n  File "F:\\py\\Lib\\asyncio\\streams.py", line 677, in readuntil\n    await self._wait_for_data(\'readuntil\')\n  File "F:\\py\\Lib\\asyncio\\streams.py", line 539, in _wait_for_data\n    await self._waiter\n  File "F:\\py\\Lib\\asyncio\\proactor_events.py", line 286, in _loop_reading\n    length = fut.result()\n  File "F:\\py\\Lib\\asyncio\\windows_events.py", line 804, in _poll\n    value = callback(transferred, key, ov)\n  File "F:\\py\\Lib\\asyncio\\windows_events.py", line 467, in finish_socket_func\n    raise ConnectionResetError(*exc.args)\nConnectionResetError: [WinError 64] ÷∏∂®µƒÕ¯¬Á√˚≤ª‘Ÿø…”√°£\n\nDuring handling of the above exception, another exception occurred:\n\nTraceback (most recent call last):\n  File "F:\\YilenaCode\\Werewolf\\ai_werewolf_core\\utils\\redis_client.py", line 128, in get_client\n    await cls._client.ping()\n  File "F:\\py\\Lib\\site-packages\\redis\\asyncio\\client.py", line 764, in execute_command\n    conn = self.connection or await pool.get_connection()\n                              ^^^^^^^^^^^^^^^^^^^^^^^^^^^\n  File "F:\\py\\Lib\\site-packages\\redis\\utils.py", line 227, in async_wrapper\n    return await func(*args, **kwargs)\n           ^^^^^^^^^^^^^^^^^^^^^^^^^^^\n  File "F:\\py\\Lib\\site-packages\\redis\\asyncio\\connection.py", line 1351, in get_connection\n    await self.ensure_connection(connection)\n  File "F:\\py\\Lib\\site-packages\\redis\\asyncio\\connection.py", line 1390, in ensure_connection\n    await connection.connect()\n  File "F:\\py\\Lib\\site-packages\\redis\\asyncio\\connection.py", line 339, in connect\n    await self.retry.call_with_retry(\n    ...<7 lines>...\n    )\n  File "F:\\py\\Lib\\site-packages\\redis\\asyncio\\retry.py", line 81, in call_with_retry\n    raise error\n  File "F:\\py\\Lib\\site-packages\\redis\\asyncio\\retry.py", line 69, in call_with_retry\n    return await do()\n           ^^^^^^^^^^\n  File "F:\\py\\Lib\\site-packages\\redis\\asyncio\\connection.py", line 403, in connect_check_health\n    await self.on_connect_check_health(check_health=check_health)\n  File "F:\\py\\Lib\\site-packages\\redis\\asyncio\\connection.py", line 560, in on_connect_check_health\n    await self.read_response()\n  File "F:\\py\\Lib\\site-packages\\redis\\asyncio\\connection.py", line 747, in read_response\n    raise ConnectionError(f"Error while reading from {host_error} : {e.args}")\nredis.exceptions.ConnectionError: Error while reading from 192.168.100.128:6379 : (22, \'÷∏∂®µƒÕ¯¬Á√˚≤ª‘Ÿø…”√°£\', None, 64, None)'}
ERROR    ai_werewolf_core.core.event.bus:bus.py:741 {'game_id': None, 'error': 'EventBus Œﬁ∑®ªÒ»° Redis øÕªß∂À', 'event': '«Â¿Ì ¬º˛ Stream “Ï≥£', 'level': 'error', 'logger': 'ai_werewolf_core.core.event.bus', 'timestamp': '2026-05-14T21:31:07.552175+08:00', 'exception': 'Traceback (most recent call last):\n  File "F:\\py\\Lib\\asyncio\\windows_events.py", line 463, in finish_socket_func\n    return ov.getresult()\n           ~~~~~~~~~~~~^^\nOSError: [WinError 64] ÷∏∂®µƒÕ¯¬Á√˚≤ª‘Ÿø…”√°£\n\nDuring handling of the above exception, another exception occurred:\n\nTraceback (most recent call last):\n  File "F:\\py\\Lib\\site-packages\\redis\\asyncio\\connection.py", line 725, in read_response\n    response = await self._parser.read_response(\n               ^^^^^^^^^^^^^^^^^^^^^^^^^^^^^^^^^\n        disable_decoding=disable_decoding\n        ^^^^^^^^^^^^^^^^^^^^^^^^^^^^^^^^^\n    )\n    ^\n  File "F:\\py\\Lib\\site-packages\\redis\\_parsers\\resp2.py", line 82, in read_response\n    response = await self._read_response(disable_decoding=disable_decoding)\n               ^^^^^^^^^^^^^^^^^^^^^^^^^^^^^^^^^^^^^^^^^^^^^^^^^^^^^^^^^^^^\n  File "F:\\py\\Lib\\site-packages\\redis\\_parsers\\resp2.py", line 90, in _read_response\n    raw = await self._readline()\n          ^^^^^^^^^^^^^^^^^^^^^^\n  File "F:\\py\\Lib\\site-packages\\redis\\_parsers\\base.py", line 559, in _readline\n    data = await self._stream.readline()\n           ^^^^^^^^^^^^^^^^^^^^^^^^^^^^^\n  File "F:\\py\\Lib\\asyncio\\streams.py", line 562, in readline\n    line = await self.readuntil(sep)\n           ^^^^^^^^^^^^^^^^^^^^^^^^^\n  File "F:\\py\\Lib\\asyncio\\streams.py", line 677, in readuntil\n    await self._wait_for_data(\'readuntil\')\n  File "F:\\py\\Lib\\asyncio\\streams.py", line 539, in _wait_for_data\n    await self._waiter\n  File "F:\\py\\Lib\\asyncio\\proactor_events.py", line 286, in _loop_reading\n    length = fut.result()\n  File "F:\\py\\Lib\\asyncio\\windows_events.py", line 804, in _poll\n    value = callback(transferred, key, ov)\n  File "F:\\py\\Lib\\asyncio\\windows_events.py", line 467, in finish_socket_func\n    raise ConnectionResetError(*exc.args)\nConnectionResetError: [WinError 64] ÷∏∂®µƒÕ¯¬Á√˚≤ª‘Ÿø…”√°£\n\nDuring handling of the above exception, another exception occurred:\n\nTraceback (most recent call last):\n  File "F:\\YilenaCode\\Werewolf\\ai_werewolf_core\\core\\event\\bus.py", line 111, in _get_redis\n    self._redis_client = await RedisClientManager.get_client()\n                         ^^^^^^^^^^^^^^^^^^^^^^^^^^^^^^^^^^^^^\n  File "F:\\YilenaCode\\Werewolf\\ai_werewolf_core\\utils\\redis_client.py", line 128, in get_client\n    await cls._client.ping()\n  File "F:\\py\\Lib\\site-packages\\redis\\asyncio\\client.py", line 764, in execute_command\n    conn = self.connection or await pool.get_connection()\n                              ^^^^^^^^^^^^^^^^^^^^^^^^^^^\n  File "F:\\py\\Lib\\site-packages\\redis\\utils.py", line 227, in async_wrapper\n    return await func(*args, **kwargs)\n           ^^^^^^^^^^^^^^^^^^^^^^^^^^^\n  File "F:\\py\\Lib\\site-packages\\redis\\asyncio\\connection.py", line 1351, in get_connection\n    await self.ensure_connection(connection)\n  File "F:\\py\\Lib\\site-packages\\redis\\asyncio\\connection.py", line 1390, in ensure_connection\n    await connection.connect()\n  File "F:\\py\\Lib\\site-packages\\redis\\asyncio\\connection.py", line 339, in connect\n    await self.retry.call_with_retry(\n    ...<7 lines>...\n    )\n  File "F:\\py\\Lib\\site-packages\\redis\\asyncio\\retry.py", line 81, in call_with_retry\n    raise error\n  File "F:\\py\\Lib\\site-packages\\redis\\asyncio\\retry.py", line 69, in call_with_retry\n    return await do()\n           ^^^^^^^^^^\n  File "F:\\py\\Lib\\site-packages\\redis\\asyncio\\connection.py", line 403, in connect_check_health\n    await self.on_connect_check_health(check_health=check_health)\n  File "F:\\py\\Lib\\site-packages\\redis\\asyncio\\connection.py", line 560, in on_connect_check_health\n    await self.read_response()\n  File "F:\\py\\Lib\\site-packages\\redis\\asyncio\\connection.py", line 747, in read_response\n    raise ConnectionError(f"Error while reading from {host_error} : {e.args}")\nredis.exceptions.ConnectionError: Error while reading from 192.168.100.128:6379 : (22, \'÷∏∂®µƒÕ¯¬Á√˚≤ª‘Ÿø…”√°£\', None, 64, None)\n\nThe above exception was the direct cause of the following exception:\n\nTraceback (most recent call last):\n  File "F:\\YilenaCode\\Werewolf\\ai_werewolf_core\\core\\event\\bus.py", line 710, in clear\n    redis = await self._get_redis()\n            ^^^^^^^^^^^^^^^^^^^^^^^\n  File "F:\\YilenaCode\\Werewolf\\ai_werewolf_core\\core\\event\\bus.py", line 114, in _get_redis\n    raise RedisUnavailableException(\n        "EventBus Œﬁ∑®ªÒ»° Redis øÕªß∂À"\n    ) from e\nai_werewolf_core.utils.redis_seq.RedisUnavailableException: EventBus Œﬁ∑®ªÒ»° Redis øÕªß∂À'}
_______________ TestInitialState.test_state_machine_is_created ________________

trans = 0, key = 0, ov = <_overlapped.Overlapped object at 0x0000027C320BDCB0>

    @staticmethod
    def finish_socket_func(trans, key, ov):
        try:
>           return ov.getresult()
                   ^^^^^^^^^^^^^^
E           OSError: [WinError 64] ÷∏∂®µƒÕ¯¬Á√˚≤ª‘Ÿø…”√°£

F:\py\Lib\asyncio\windows_events.py:463: OSError

During handling of the above exception, another exception occurred:

self = <redis.asyncio.connection.Connection(host=192.168.100.128,port=6379,db=1)>
disable_decoding = False, timeout = None

    async def read_response(
        self,
        disable_decoding: bool = False,
        timeout: Optional[float] = None,
        *,
        disconnect_on_error: bool = True,
        push_request: Optional[bool] = False,
    ):
        """Read the response from a previously sent command"""
        read_timeout = timeout if timeout is not None else self.socket_timeout
        host_error = self._host_error()
        try:
            if read_timeout is not None and self.protocol in ["3", 3]:
                async with async_timeout(read_timeout):
                    response = await self._parser.read_response(
                        disable_decoding=disable_decoding, push_request=push_request
                    )
            elif read_timeout is not None:
                async with async_timeout(read_timeout):
>                   response = await self._parser.read_response(
                        disable_decoding=disable_decoding

F:\py\Lib\site-packages\redis\asyncio\connection.py:725: 
_ _ _ _ _ _ _ _ _ _ _ _ _ _ _ _ _ _ _ _ _ _ _ _ _ _ _ _ _ _ _ _ _ _ _ _ _ _ _ _
F:\py\Lib\site-packages\redis\_parsers\resp2.py:82: in read_response
    response = await self._read_response(disable_decoding=disable_decoding)
               ^^^^^^^^^^^^^^^^^^^^^^^^^^^^^^^^^^^^^^^^^^^^^^^^^^^^^^^^^^^^
F:\py\Lib\site-packages\redis\_parsers\resp2.py:90: in _read_response
    raw = await self._readline()
          ^^^^^^^^^^^^^^^^^^^^^^
F:\py\Lib\site-packages\redis\_parsers\base.py:559: in _readline
    data = await self._stream.readline()
           ^^^^^^^^^^^^^^^^^^^^^^^^^^^^^
F:\py\Lib\asyncio\streams.py:562: in readline
    line = await self.readuntil(sep)
           ^^^^^^^^^^^^^^^^^^^^^^^^^
F:\py\Lib\asyncio\streams.py:677: in readuntil
    await self._wait_for_data('readuntil')
F:\py\Lib\asyncio\streams.py:539: in _wait_for_data
    await self._waiter
F:\py\Lib\asyncio\proactor_events.py:286: in _loop_reading
    length = fut.result()
             ^^^^^^^^^^^^
F:\py\Lib\asyncio\windows_events.py:804: in _poll
    value = callback(transferred, key, ov)
            ^^^^^^^^^^^^^^^^^^^^^^^^^^^^^^
_ _ _ _ _ _ _ _ _ _ _ _ _ _ _ _ _ _ _ _ _ _ _ _ _ _ _ _ _ _ _ _ _ _ _ _ _ _ _ _

trans = 0, key = 0, ov = <_overlapped.Overlapped object at 0x0000027C320BDCB0>

    @staticmethod
    def finish_socket_func(trans, key, ov):
        try:
            return ov.getresult()
        except OSError as exc:
            if exc.winerror in (_overlapped.ERROR_NETNAME_DELETED,
                                _overlapped.ERROR_OPERATION_ABORTED):
>               raise ConnectionResetError(*exc.args)
E               ConnectionResetError: [WinError 64] ÷∏∂®µƒÕ¯¬Á√˚≤ª‘Ÿø…”√°£

F:\py\Lib\asyncio\windows_events.py:467: ConnectionResetError

During handling of the above exception, another exception occurred:

self = <ai_werewolf_core.core.engine.state_machine.PhaseStateMachine object at 0x0000027C31DE3BD0>

    async def _get_redis(self) -> aioredis.Redis:
        """ªÒ»° Redis “Ï≤ΩøÕªß∂À£®¿¡≥ı ºªØ£¨π≤œÌ¡¨Ω”≥ÿ£©°£"""
        if self._redis is None:
            try:
>               self._redis = await RedisClientManager.get_client()
                              ^^^^^^^^^^^^^^^^^^^^^^^^^^^^^^^^^^^^^

ai_werewolf_core\core\engine\state_machine.py:156: 
_ _ _ _ _ _ _ _ _ _ _ _ _ _ _ _ _ _ _ _ _ _ _ _ _ _ _ _ _ _ _ _ _ _ _ _ _ _ _ _
ai_werewolf_core\utils\redis_client.py:128: in get_client
    await cls._client.ping()
F:\py\Lib\site-packages\redis\asyncio\client.py:764: in execute_command
    conn = self.connection or await pool.get_connection()
                              ^^^^^^^^^^^^^^^^^^^^^^^^^^^
F:\py\Lib\site-packages\redis\utils.py:227: in async_wrapper
    return await func(*args, **kwargs)
           ^^^^^^^^^^^^^^^^^^^^^^^^^^^
F:\py\Lib\site-packages\redis\asyncio\connection.py:1351: in get_connection
    await self.ensure_connection(connection)
F:\py\Lib\site-packages\redis\asyncio\connection.py:1390: in ensure_connection
    await connection.connect()
F:\py\Lib\site-packages\redis\asyncio\connection.py:339: in connect
    await self.retry.call_with_retry(
F:\py\Lib\site-packages\redis\asyncio\retry.py:81: in call_with_retry
    raise error
F:\py\Lib\site-packages\redis\asyncio\retry.py:69: in call_with_retry
    return await do()
           ^^^^^^^^^^
F:\py\Lib\site-packages\redis\asyncio\connection.py:403: in connect_check_health
    await self.on_connect_check_health(check_health=check_health)
F:\py\Lib\site-packages\redis\asyncio\connection.py:560: in on_connect_check_health
    await self.read_response()
_ _ _ _ _ _ _ _ _ _ _ _ _ _ _ _ _ _ _ _ _ _ _ _ _ _ _ _ _ _ _ _ _ _ _ _ _ _ _ _

self = <redis.asyncio.connection.Connection(host=192.168.100.128,port=6379,db=1)>
disable_decoding = False, timeout = None

    async def read_response(
        self,
        disable_decoding: bool = False,
        timeout: Optional[float] = None,
        *,
        disconnect_on_error: bool = True,
        push_request: Optional[bool] = False,
    ):
        """Read the response from a previously sent command"""
        read_timeout = timeout if timeout is not None else self.socket_timeout
        host_error = self._host_error()
        try:
            if read_timeout is not None and self.protocol in ["3", 3]:
                async with async_timeout(read_timeout):
                    response = await self._parser.read_response(
                        disable_decoding=disable_decoding, push_request=push_request
                    )
            elif read_timeout is not None:
                async with async_timeout(read_timeout):
                    response = await self._parser.read_response(
                        disable_decoding=disable_decoding
                    )
            elif self.protocol in ["3", 3]:
                response = await self._parser.read_response(
                    disable_decoding=disable_decoding, push_request=push_request
                )
            else:
                response = await self._parser.read_response(
                    disable_decoding=disable_decoding
                )
        except asyncio.TimeoutError:
            if timeout is not None:
                # user requested timeout, return None. Operation can be retried
                return None
            # it was a self.socket_timeout error.
            if disconnect_on_error:
                await self.disconnect(nowait=True)
            raise TimeoutError(f"Timeout reading from {host_error}")
        except OSError as e:
            if disconnect_on_error:
                await self.disconnect(nowait=True)
>           raise ConnectionError(f"Error while reading from {host_error} : {e.args}")
E           redis.exceptions.ConnectionError: Error while reading from 192.168.100.128:6379 : (22, '÷∏∂®µƒÕ¯¬Á√˚≤ª‘Ÿø…”√°£', None, 64, None)

F:\py\Lib\site-packages\redis\asyncio\connection.py:747: ConnectionError

The above exception was the direct cause of the following exception:

self = <test_lifecycle.TestInitialState object at 0x0000027C303D6060>
lifecycle = <ai_werewolf_core.core.engine.lifecycle.LifecycleManager object at 0x0000027C302BCF30>

    @pytest.mark.asyncio
    async def test_state_machine_is_created(self, lifecycle):
        """ƒ⁄≤øµƒ PhaseStateMachine ”¶‘⁄ππ‘Ï∫Ø ˝÷–¥¥Ω®°£"""
        assert lifecycle.state_machine is not None
>       assert await lifecycle.state_machine.get_current_phase() is None
               ^^^^^^^^^^^^^^^^^^^^^^^^^^^^^^^^^^^^^^^^^^^^^^^^^

tests\unit\core\engine\test_lifecycle.py:74: 
_ _ _ _ _ _ _ _ _ _ _ _ _ _ _ _ _ _ _ _ _ _ _ _ _ _ _ _ _ _ _ _ _ _ _ _ _ _ _ _
ai_werewolf_core\core\engine\state_machine.py:324: in get_current_phase
    ctx = await self._load_context()
          ^^^^^^^^^^^^^^^^^^^^^^^^^^
ai_werewolf_core\core\engine\state_machine.py:181: in _load_context
    redis = await self._get_redis()
            ^^^^^^^^^^^^^^^^^^^^^^^
_ _ _ _ _ _ _ _ _ _ _ _ _ _ _ _ _ _ _ _ _ _ _ _ _ _ _ _ _ _ _ _ _ _ _ _ _ _ _ _

self = <ai_werewolf_core.core.engine.state_machine.PhaseStateMachine object at 0x0000027C31DE3BD0>

    async def _get_redis(self) -> aioredis.Redis:
        """ªÒ»° Redis “Ï≤ΩøÕªß∂À£®¿¡≥ı ºªØ£¨π≤œÌ¡¨Ω”≥ÿ£©°£"""
        if self._redis is None:
            try:
                self._redis = await RedisClientManager.get_client()
                self._logger.debug("PhaseStateMachine “—ªÒ»°π≤œÌ Redis øÕªß∂À")
            except (aioredis.ConnectionError, aioredis.TimeoutError) as e:
>               raise RedisUnavailableException(
                    f"PhaseStateMachine Œﬁ∑®ªÒ»° Redis øÕªß∂À: game_id={self.game_id}"
                ) from e
E               ai_werewolf_core.utils.redis_seq.RedisUnavailableException: PhaseStateMachine Œﬁ∑®ªÒ»° Redis øÕªß∂À: game_id=test_lifecycle_50f0f76411934f7587c81158911e30f6

ai_werewolf_core\core\engine\state_machine.py:159: RedisUnavailableException
---------------------------- Captured stderr setup ----------------------------
[2m2026-05-14T21:31:12.565219+08:00[0m [[32m[1mdebug    [0m] [1mglobal_subscribe              [0m [[0m[1m[34mai_werewolf_core.core.event.bus[0m][0m [36mhandler[0m=[35m_default_log_subscriber[0m
[2m2026-05-14T21:31:12.565397+08:00[0m [[32m[1mdebug    [0m] [1mglobal_subscribe              [0m [[0m[1m[34mai_werewolf_core.core.event.bus[0m][0m [36mhandler[0m=[35m_persist_to_db[0m
----------------------------- Captured log setup ------------------------------
DEBUG    ai_werewolf_core.core.event.bus:bus.py:519 {'handler': '_default_log_subscriber', 'event': 'global_subscribe', 'level': 'debug', 'logger': 'ai_werewolf_core.core.event.bus', 'timestamp': '2026-05-14T21:31:12.565219+08:00'}
DEBUG    ai_werewolf_core.core.event.bus:bus.py:519 {'handler': '_persist_to_db', 'event': 'global_subscribe', 'level': 'debug', 'logger': 'ai_werewolf_core.core.event.bus', 'timestamp': '2026-05-14T21:31:12.565397+08:00'}
---------------------------- Captured stderr call -----------------------------
[2m2026-05-14T21:31:12.566109+08:00[0m [[32m[1mdebug    [0m] [1mRedis ¡¨Ω”≥ÿ“—¥¥Ω®                  [0m [[0m[1m[34mai_werewolf_core.utils.redis_client[0m][0m [36mmax_connections[0m=[35m300[0m [36msocket_timeout[0m=[35m10[0m
[2m2026-05-14T21:31:17.569343+08:00[0m [[31m[1merror    [0m] [1mRedis ¡¨Ω”—È÷§ ß∞‹ (PING)           [0m [[0m[1m[34mai_werewolf_core.utils.redis_client[0m][0m [36merror[0m=[35m"Error while reading from 192.168.100.128:6379 : (22, '÷∏∂®µƒÕ¯¬Á√˚≤ª‘Ÿø…”√°£', None, 64, None)"[0m [36mhost[0m=[35m192.168.100.128[0m [36mport[0m=[35m6379[0m
Traceback (most recent call last):
  File "F:\py\Lib\asyncio\windows_events.py", line 463, in finish_socket_func
    return ov.getresult()
           ~~~~~~~~~~~~^^
OSError: [WinError 64] ÷∏∂®µƒÕ¯¬Á√˚≤ª‘Ÿø…”√°£

During handling of the above exception, another exception occurred:

Traceback (most recent call last):
  File "F:\py\Lib\site-packages\redis\asyncio\connection.py", line 725, in read_response
    response = await self._parser.read_response(
               ^^^^^^^^^^^^^^^^^^^^^^^^^^^^^^^^^
        disable_decoding=disable_decoding
        ^^^^^^^^^^^^^^^^^^^^^^^^^^^^^^^^^
    )
    ^
  File "F:\py\Lib\site-packages\redis\_parsers\resp2.py", line 82, in read_response
    response = await self._read_response(disable_decoding=disable_decoding)
               ^^^^^^^^^^^^^^^^^^^^^^^^^^^^^^^^^^^^^^^^^^^^^^^^^^^^^^^^^^^^
  File "F:\py\Lib\site-packages\redis\_parsers\resp2.py", line 90, in _read_response
    raw = await self._readline()
          ^^^^^^^^^^^^^^^^^^^^^^
  File "F:\py\Lib\site-packages\redis\_parsers\base.py", line 559, in _readline
    data = await self._stream.readline()
           ^^^^^^^^^^^^^^^^^^^^^^^^^^^^^
  File "F:\py\Lib\asyncio\streams.py", line 562, in readline
    line = await self.readuntil(sep)
           ^^^^^^^^^^^^^^^^^^^^^^^^^
  File "F:\py\Lib\asyncio\streams.py", line 677, in readuntil
    await self._wait_for_data('readuntil')
  File "F:\py\Lib\asyncio\streams.py", line 539, in _wait_for_data
    await self._waiter
  File "F:\py\Lib\asyncio\proactor_events.py", line 286, in _loop_reading
    length = fut.result()
  File "F:\py\Lib\asyncio\windows_events.py", line 804, in _poll
    value = callback(transferred, key, ov)
  File "F:\py\Lib\asyncio\windows_events.py", line 467, in finish_socket_func
    raise ConnectionResetError(*exc.args)
ConnectionResetError: [WinError 64] ÷∏∂®µƒÕ¯¬Á√˚≤ª‘Ÿø…”√°£

During handling of the above exception, another exception occurred:

Traceback (most recent call last):
  File "F:\YilenaCode\Werewolf\ai_werewolf_core\utils\redis_client.py", line 128, in get_client
    await cls._client.ping()
  File "F:\py\Lib\site-packages\redis\asyncio\client.py", line 764, in execute_command
    conn = self.connection or await pool.get_connection()
                              ^^^^^^^^^^^^^^^^^^^^^^^^^^^
  File "F:\py\Lib\site-packages\redis\utils.py", line 227, in async_wrapper
    return await func(*args, **kwargs)
           ^^^^^^^^^^^^^^^^^^^^^^^^^^^
  File "F:\py\Lib\site-packages\redis\asyncio\connection.py", line 1351, in get_connection
    await self.ensure_connection(connection)
  File "F:\py\Lib\site-packages\redis\asyncio\connection.py", line 1390, in ensure_connection
    await connection.connect()
  File "F:\py\Lib\site-packages\redis\asyncio\connection.py", line 339, in connect
    await self.retry.call_with_retry(
    ...<7 lines>...
    )
  File "F:\py\Lib\site-packages\redis\asyncio\retry.py", line 81, in call_with_retry
    raise error
  File "F:\py\Lib\site-packages\redis\asyncio\retry.py", line 69, in call_with_retry
    return await do()
           ^^^^^^^^^^
  File "F:\py\Lib\site-packages\redis\asyncio\connection.py", line 403, in connect_check_health
    await self.on_connect_check_health(check_health=check_health)
  File "F:\py\Lib\site-packages\redis\asyncio\connection.py", line 560, in on_connect_check_health
    await self.read_response()
  File "F:\py\Lib\site-packages\redis\asyncio\connection.py", line 747, in read_response
    raise ConnectionError(f"Error while reading from {host_error} : {e.args}")
redis.exceptions.ConnectionError: Error while reading from 192.168.100.128:6379 : (22, '÷∏∂®µƒÕ¯¬Á√˚≤ª‘Ÿø…”√°£', None, 64, None)
------------------------------ Captured log call ------------------------------
DEBUG    ai_werewolf_core.utils.redis_client:redis_client.py:243 {'max_connections': 300, 'socket_timeout': 10, 'event': 'Redis ¡¨Ω”≥ÿ“—¥¥Ω®', 'level': 'debug', 'logger': 'ai_werewolf_core.utils.redis_client', 'timestamp': '2026-05-14T21:31:12.566109+08:00'}
ERROR    ai_werewolf_core.utils.redis_client:redis_client.py:130 {'host': '192.168.100.128', 'port': 6379, 'error': "Error while reading from 192.168.100.128:6379 : (22, '÷∏∂®µƒÕ¯¬Á√˚≤ª‘Ÿø…”√°£', None, 64, None)", 'event': 'Redis ¡¨Ω”—È÷§ ß∞‹ (PING)', 'level': 'error', 'logger': 'ai_werewolf_core.utils.redis_client', 'timestamp': '2026-05-14T21:31:17.569343+08:00', 'exception': 'Traceback (most recent call last):\n  File "F:\\py\\Lib\\asyncio\\windows_events.py", line 463, in finish_socket_func\n    return ov.getresult()\n           ~~~~~~~~~~~~^^\nOSError: [WinError 64] ÷∏∂®µƒÕ¯¬Á√˚≤ª‘Ÿø…”√°£\n\nDuring handling of the above exception, another exception occurred:\n\nTraceback (most recent call last):\n  File "F:\\py\\Lib\\site-packages\\redis\\asyncio\\connection.py", line 725, in read_response\n    response = await self._parser.read_response(\n               ^^^^^^^^^^^^^^^^^^^^^^^^^^^^^^^^^\n        disable_decoding=disable_decoding\n        ^^^^^^^^^^^^^^^^^^^^^^^^^^^^^^^^^\n    )\n    ^\n  File "F:\\py\\Lib\\site-packages\\redis\\_parsers\\resp2.py", line 82, in read_response\n    response = await self._read_response(disable_decoding=disable_decoding)\n               ^^^^^^^^^^^^^^^^^^^^^^^^^^^^^^^^^^^^^^^^^^^^^^^^^^^^^^^^^^^^\n  File "F:\\py\\Lib\\site-packages\\redis\\_parsers\\resp2.py", line 90, in _read_response\n    raw = await self._readline()\n          ^^^^^^^^^^^^^^^^^^^^^^\n  File "F:\\py\\Lib\\site-packages\\redis\\_parsers\\base.py", line 559, in _readline\n    data = await self._stream.readline()\n           ^^^^^^^^^^^^^^^^^^^^^^^^^^^^^\n  File "F:\\py\\Lib\\asyncio\\streams.py", line 562, in readline\n    line = await self.readuntil(sep)\n           ^^^^^^^^^^^^^^^^^^^^^^^^^\n  File "F:\\py\\Lib\\asyncio\\streams.py", line 677, in readuntil\n    await self._wait_for_data(\'readuntil\')\n  File "F:\\py\\Lib\\asyncio\\streams.py", line 539, in _wait_for_data\n    await self._waiter\n  File "F:\\py\\Lib\\asyncio\\proactor_events.py", line 286, in _loop_reading\n    length = fut.result()\n  File "F:\\py\\Lib\\asyncio\\windows_events.py", line 804, in _poll\n    value = callback(transferred, key, ov)\n  File "F:\\py\\Lib\\asyncio\\windows_events.py", line 467, in finish_socket_func\n    raise ConnectionResetError(*exc.args)\nConnectionResetError: [WinError 64] ÷∏∂®µƒÕ¯¬Á√˚≤ª‘Ÿø…”√°£\n\nDuring handling of the above exception, another exception occurred:\n\nTraceback (most recent call last):\n  File "F:\\YilenaCode\\Werewolf\\ai_werewolf_core\\utils\\redis_client.py", line 128, in get_client\n    await cls._client.ping()\n  File "F:\\py\\Lib\\site-packages\\redis\\asyncio\\client.py", line 764, in execute_command\n    conn = self.connection or await pool.get_connection()\n                              ^^^^^^^^^^^^^^^^^^^^^^^^^^^\n  File "F:\\py\\Lib\\site-packages\\redis\\utils.py", line 227, in async_wrapper\n    return await func(*args, **kwargs)\n           ^^^^^^^^^^^^^^^^^^^^^^^^^^^\n  File "F:\\py\\Lib\\site-packages\\redis\\asyncio\\connection.py", line 1351, in get_connection\n    await self.ensure_connection(connection)\n  File "F:\\py\\Lib\\site-packages\\redis\\asyncio\\connection.py", line 1390, in ensure_connection\n    await connection.connect()\n  File "F:\\py\\Lib\\site-packages\\redis\\asyncio\\connection.py", line 339, in connect\n    await self.retry.call_with_retry(\n    ...<7 lines>...\n    )\n  File "F:\\py\\Lib\\site-packages\\redis\\asyncio\\retry.py", line 81, in call_with_retry\n    raise error\n  File "F:\\py\\Lib\\site-packages\\redis\\asyncio\\retry.py", line 69, in call_with_retry\n    return await do()\n           ^^^^^^^^^^\n  File "F:\\py\\Lib\\site-packages\\redis\\asyncio\\connection.py", line 403, in connect_check_health\n    await self.on_connect_check_health(check_health=check_health)\n  File "F:\\py\\Lib\\site-packages\\redis\\asyncio\\connection.py", line 560, in on_connect_check_health\n    await self.read_response()\n  File "F:\\py\\Lib\\site-packages\\redis\\asyncio\\connection.py", line 747, in read_response\n    raise ConnectionError(f"Error while reading from {host_error} : {e.args}")\nredis.exceptions.ConnectionError: Error while reading from 192.168.100.128:6379 : (22, \'÷∏∂®µƒÕ¯¬Á√˚≤ª‘Ÿø…”√°£\', None, 64, None)'}
-------------------------- Captured stderr teardown ---------------------------
[2m2026-05-14T21:31:17.719661+08:00[0m [[32m[1mdebug    [0m] [1mRedis ¡¨Ω”≥ÿ“—¥¥Ω®                  [0m [[0m[1m[34mai_werewolf_core.utils.redis_client[0m][0m [36mmax_connections[0m=[35m300[0m [36msocket_timeout[0m=[35m10[0m
[2m2026-05-14T21:31:22.722265+08:00[0m [[31m[1merror    [0m] [1mRedis ¡¨Ω”—È÷§ ß∞‹ (PING)           [0m [[0m[1m[34mai_werewolf_core.utils.redis_client[0m][0m [36merror[0m=[35m"Error while reading from 192.168.100.128:6379 : (22, '÷∏∂®µƒÕ¯¬Á√˚≤ª‘Ÿø…”√°£', None, 64, None)"[0m [36mhost[0m=[35m192.168.100.128[0m [36mport[0m=[35m6379[0m
Traceback (most recent call last):
  File "F:\py\Lib\asyncio\windows_events.py", line 463, in finish_socket_func
    return ov.getresult()
           ~~~~~~~~~~~~^^
OSError: [WinError 64] ÷∏∂®µƒÕ¯¬Á√˚≤ª‘Ÿø…”√°£

During handling of the above exception, another exception occurred:

Traceback (most recent call last):
  File "F:\py\Lib\site-packages\redis\asyncio\connection.py", line 725, in read_response
    response = await self._parser.read_response(
               ^^^^^^^^^^^^^^^^^^^^^^^^^^^^^^^^^
        disable_decoding=disable_decoding
        ^^^^^^^^^^^^^^^^^^^^^^^^^^^^^^^^^
    )
    ^
  File "F:\py\Lib\site-packages\redis\_parsers\resp2.py", line 82, in read_response
    response = await self._read_response(disable_decoding=disable_decoding)
               ^^^^^^^^^^^^^^^^^^^^^^^^^^^^^^^^^^^^^^^^^^^^^^^^^^^^^^^^^^^^
  File "F:\py\Lib\site-packages\redis\_parsers\resp2.py", line 90, in _read_response
    raw = await self._readline()
          ^^^^^^^^^^^^^^^^^^^^^^
  File "F:\py\Lib\site-packages\redis\_parsers\base.py", line 559, in _readline
    data = await self._stream.readline()
           ^^^^^^^^^^^^^^^^^^^^^^^^^^^^^
  File "F:\py\Lib\asyncio\streams.py", line 562, in readline
    line = await self.readuntil(sep)
           ^^^^^^^^^^^^^^^^^^^^^^^^^
  File "F:\py\Lib\asyncio\streams.py", line 677, in readuntil
    await self._wait_for_data('readuntil')
  File "F:\py\Lib\asyncio\streams.py", line 539, in _wait_for_data
    await self._waiter
  File "F:\py\Lib\asyncio\proactor_events.py", line 286, in _loop_reading
    length = fut.result()
  File "F:\py\Lib\asyncio\windows_events.py", line 804, in _poll
    value = callback(transferred, key, ov)
  File "F:\py\Lib\asyncio\windows_events.py", line 467, in finish_socket_func
    raise ConnectionResetError(*exc.args)
ConnectionResetError: [WinError 64] ÷∏∂®µƒÕ¯¬Á√˚≤ª‘Ÿø…”√°£

During handling of the above exception, another exception occurred:

Traceback (most recent call last):
  File "F:\YilenaCode\Werewolf\ai_werewolf_core\utils\redis_client.py", line 128, in get_client
    await cls._client.ping()
  File "F:\py\Lib\site-packages\redis\asyncio\client.py", line 764, in execute_command
    conn = self.connection or await pool.get_connection()
                              ^^^^^^^^^^^^^^^^^^^^^^^^^^^
  File "F:\py\Lib\site-packages\redis\utils.py", line 227, in async_wrapper
    return await func(*args, **kwargs)
           ^^^^^^^^^^^^^^^^^^^^^^^^^^^
  File "F:\py\Lib\site-packages\redis\asyncio\connection.py", line 1351, in get_connection
    await self.ensure_connection(connection)
  File "F:\py\Lib\site-packages\redis\asyncio\connection.py", line 1390, in ensure_connection
    await connection.connect()
  File "F:\py\Lib\site-packages\redis\asyncio\connection.py", line 339, in connect
    await self.retry.call_with_retry(
    ...<7 lines>...
    )
  File "F:\py\Lib\site-packages\redis\asyncio\retry.py", line 81, in call_with_retry
    raise error
  File "F:\py\Lib\site-packages\redis\asyncio\retry.py", line 69, in call_with_retry
    return await do()
           ^^^^^^^^^^
  File "F:\py\Lib\site-packages\redis\asyncio\connection.py", line 403, in connect_check_health
    await self.on_connect_check_health(check_health=check_health)
  File "F:\py\Lib\site-packages\redis\asyncio\connection.py", line 560, in on_connect_check_health
    await self.read_response()
  File "F:\py\Lib\site-packages\redis\asyncio\connection.py", line 747, in read_response
    raise ConnectionError(f"Error while reading from {host_error} : {e.args}")
redis.exceptions.ConnectionError: Error while reading from 192.168.100.128:6379 : (22, '÷∏∂®µƒÕ¯¬Á√˚≤ª‘Ÿø…”√°£', None, 64, None)
[2m2026-05-14T21:31:22.724205+08:00[0m [[31m[1merror    [0m] [1m«Â¿Ì ¬º˛ Stream “Ï≥£                [0m [[0m[1m[34mai_werewolf_core.core.event.bus[0m][0m [36merror[0m=[35m'EventBus Œﬁ∑®ªÒ»° Redis øÕªß∂À'[0m [36mgame_id[0m=[35mNone[0m
Traceback (most recent call last):
  File "F:\py\Lib\asyncio\windows_events.py", line 463, in finish_socket_func
    return ov.getresult()
           ~~~~~~~~~~~~^^
OSError: [WinError 64] ÷∏∂®µƒÕ¯¬Á√˚≤ª‘Ÿø…”√°£

During handling of the above exception, another exception occurred:

Traceback (most recent call last):
  File "F:\py\Lib\site-packages\redis\asyncio\connection.py", line 725, in read_response
    response = await self._parser.read_response(
               ^^^^^^^^^^^^^^^^^^^^^^^^^^^^^^^^^
        disable_decoding=disable_decoding
        ^^^^^^^^^^^^^^^^^^^^^^^^^^^^^^^^^
    )
    ^
  File "F:\py\Lib\site-packages\redis\_parsers\resp2.py", line 82, in read_response
    response = await self._read_response(disable_decoding=disable_decoding)
               ^^^^^^^^^^^^^^^^^^^^^^^^^^^^^^^^^^^^^^^^^^^^^^^^^^^^^^^^^^^^
  File "F:\py\Lib\site-packages\redis\_parsers\resp2.py", line 90, in _read_response
    raw = await self._readline()
          ^^^^^^^^^^^^^^^^^^^^^^
  File "F:\py\Lib\site-packages\redis\_parsers\base.py", line 559, in _readline
    data = await self._stream.readline()
           ^^^^^^^^^^^^^^^^^^^^^^^^^^^^^
  File "F:\py\Lib\asyncio\streams.py", line 562, in readline
    line = await self.readuntil(sep)
           ^^^^^^^^^^^^^^^^^^^^^^^^^
  File "F:\py\Lib\asyncio\streams.py", line 677, in readuntil
    await self._wait_for_data('readuntil')
  File "F:\py\Lib\asyncio\streams.py", line 539, in _wait_for_data
    await self._waiter
  File "F:\py\Lib\asyncio\proactor_events.py", line 286, in _loop_reading
    length = fut.result()
  File "F:\py\Lib\asyncio\windows_events.py", line 804, in _poll
    value = callback(transferred, key, ov)
  File "F:\py\Lib\asyncio\windows_events.py", line 467, in finish_socket_func
    raise ConnectionResetError(*exc.args)
ConnectionResetError: [WinError 64] ÷∏∂®µƒÕ¯¬Á√˚≤ª‘Ÿø…”√°£

During handling of the above exception, another exception occurred:

Traceback (most recent call last):
  File "F:\YilenaCode\Werewolf\ai_werewolf_core\core\event\bus.py", line 111, in _get_redis
    self._redis_client = await RedisClientManager.get_client()
                         ^^^^^^^^^^^^^^^^^^^^^^^^^^^^^^^^^^^^^
  File "F:\YilenaCode\Werewolf\ai_werewolf_core\utils\redis_client.py", line 128, in get_client
    await cls._client.ping()
  File "F:\py\Lib\site-packages\redis\asyncio\client.py", line 764, in execute_command
    conn = self.connection or await pool.get_connection()
                              ^^^^^^^^^^^^^^^^^^^^^^^^^^^
  File "F:\py\Lib\site-packages\redis\utils.py", line 227, in async_wrapper
    return await func(*args, **kwargs)
           ^^^^^^^^^^^^^^^^^^^^^^^^^^^
  File "F:\py\Lib\site-packages\redis\asyncio\connection.py", line 1351, in get_connection
    await self.ensure_connection(connection)
  File "F:\py\Lib\site-packages\redis\asyncio\connection.py", line 1390, in ensure_connection
    await connection.connect()
  File "F:\py\Lib\site-packages\redis\asyncio\connection.py", line 339, in connect
    await self.retry.call_with_retry(
    ...<7 lines>...
    )
  File "F:\py\Lib\site-packages\redis\asyncio\retry.py", line 81, in call_with_retry
    raise error
  File "F:\py\Lib\site-packages\redis\asyncio\retry.py", line 69, in call_with_retry
    return await do()
           ^^^^^^^^^^
  File "F:\py\Lib\site-packages\redis\asyncio\connection.py", line 403, in connect_check_health
    await self.on_connect_check_health(check_health=check_health)
  File "F:\py\Lib\site-packages\redis\asyncio\connection.py", line 560, in on_connect_check_health
    await self.read_response()
  File "F:\py\Lib\site-packages\redis\asyncio\connection.py", line 747, in read_response
    raise ConnectionError(f"Error while reading from {host_error} : {e.args}")
redis.exceptions.ConnectionError: Error while reading from 192.168.100.128:6379 : (22, '÷∏∂®µƒÕ¯¬Á√˚≤ª‘Ÿø…”√°£', None, 64, None)

The above exception was the direct cause of the following exception:

Traceback (most recent call last):
  File "F:\YilenaCode\Werewolf\ai_werewolf_core\core\event\bus.py", line 710, in clear
    redis = await self._get_redis()
            ^^^^^^^^^^^^^^^^^^^^^^^
  File "F:\YilenaCode\Werewolf\ai_werewolf_core\core\event\bus.py", line 114, in _get_redis
    raise RedisUnavailableException(
        "EventBus Œﬁ∑®ªÒ»° Redis øÕªß∂À"
    ) from e
ai_werewolf_core.utils.redis_seq.RedisUnavailableException: EventBus Œﬁ∑®ªÒ»° Redis øÕªß∂À
---------------------------- Captured log teardown ----------------------------
DEBUG    ai_werewolf_core.utils.redis_client:redis_client.py:243 {'max_connections': 300, 'socket_timeout': 10, 'event': 'Redis ¡¨Ω”≥ÿ“—¥¥Ω®', 'level': 'debug', 'logger': 'ai_werewolf_core.utils.redis_client', 'timestamp': '2026-05-14T21:31:17.719661+08:00'}
ERROR    ai_werewolf_core.utils.redis_client:redis_client.py:130 {'host': '192.168.100.128', 'port': 6379, 'error': "Error while reading from 192.168.100.128:6379 : (22, '÷∏∂®µƒÕ¯¬Á√˚≤ª‘Ÿø…”√°£', None, 64, None)", 'event': 'Redis ¡¨Ω”—È÷§ ß∞‹ (PING)', 'level': 'error', 'logger': 'ai_werewolf_core.utils.redis_client', 'timestamp': '2026-05-14T21:31:22.722265+08:00', 'exception': 'Traceback (most recent call last):\n  File "F:\\py\\Lib\\asyncio\\windows_events.py", line 463, in finish_socket_func\n    return ov.getresult()\n           ~~~~~~~~~~~~^^\nOSError: [WinError 64] ÷∏∂®µƒÕ¯¬Á√˚≤ª‘Ÿø…”√°£\n\nDuring handling of the above exception, another exception occurred:\n\nTraceback (most recent call last):\n  File "F:\\py\\Lib\\site-packages\\redis\\asyncio\\connection.py", line 725, in read_response\n    response = await self._parser.read_response(\n               ^^^^^^^^^^^^^^^^^^^^^^^^^^^^^^^^^\n        disable_decoding=disable_decoding\n        ^^^^^^^^^^^^^^^^^^^^^^^^^^^^^^^^^\n    )\n    ^\n  File "F:\\py\\Lib\\site-packages\\redis\\_parsers\\resp2.py", line 82, in read_response\n    response = await self._read_response(disable_decoding=disable_decoding)\n               ^^^^^^^^^^^^^^^^^^^^^^^^^^^^^^^^^^^^^^^^^^^^^^^^^^^^^^^^^^^^\n  File "F:\\py\\Lib\\site-packages\\redis\\_parsers\\resp2.py", line 90, in _read_response\n    raw = await self._readline()\n          ^^^^^^^^^^^^^^^^^^^^^^\n  File "F:\\py\\Lib\\site-packages\\redis\\_parsers\\base.py", line 559, in _readline\n    data = await self._stream.readline()\n           ^^^^^^^^^^^^^^^^^^^^^^^^^^^^^\n  File "F:\\py\\Lib\\asyncio\\streams.py", line 562, in readline\n    line = await self.readuntil(sep)\n           ^^^^^^^^^^^^^^^^^^^^^^^^^\n  File "F:\\py\\Lib\\asyncio\\streams.py", line 677, in readuntil\n    await self._wait_for_data(\'readuntil\')\n  File "F:\\py\\Lib\\asyncio\\streams.py", line 539, in _wait_for_data\n    await self._waiter\n  File "F:\\py\\Lib\\asyncio\\proactor_events.py", line 286, in _loop_reading\n    length = fut.result()\n  File "F:\\py\\Lib\\asyncio\\windows_events.py", line 804, in _poll\n    value = callback(transferred, key, ov)\n  File "F:\\py\\Lib\\asyncio\\windows_events.py", line 467, in finish_socket_func\n    raise ConnectionResetError(*exc.args)\nConnectionResetError: [WinError 64] ÷∏∂®µƒÕ¯¬Á√˚≤ª‘Ÿø…”√°£\n\nDuring handling of the above exception, another exception occurred:\n\nTraceback (most recent call last):\n  File "F:\\YilenaCode\\Werewolf\\ai_werewolf_core\\utils\\redis_client.py", line 128, in get_client\n    await cls._client.ping()\n  File "F:\\py\\Lib\\site-packages\\redis\\asyncio\\client.py", line 764, in execute_command\n    conn = self.connection or await pool.get_connection()\n                              ^^^^^^^^^^^^^^^^^^^^^^^^^^^\n  File "F:\\py\\Lib\\site-packages\\redis\\utils.py", line 227, in async_wrapper\n    return await func(*args, **kwargs)\n           ^^^^^^^^^^^^^^^^^^^^^^^^^^^\n  File "F:\\py\\Lib\\site-packages\\redis\\asyncio\\connection.py", line 1351, in get_connection\n    await self.ensure_connection(connection)\n  File "F:\\py\\Lib\\site-packages\\redis\\asyncio\\connection.py", line 1390, in ensure_connection\n    await connection.connect()\n  File "F:\\py\\Lib\\site-packages\\redis\\asyncio\\connection.py", line 339, in connect\n    await self.retry.call_with_retry(\n    ...<7 lines>...\n    )\n  File "F:\\py\\Lib\\site-packages\\redis\\asyncio\\retry.py", line 81, in call_with_retry\n    raise error\n  File "F:\\py\\Lib\\site-packages\\redis\\asyncio\\retry.py", line 69, in call_with_retry\n    return await do()\n           ^^^^^^^^^^\n  File "F:\\py\\Lib\\site-packages\\redis\\asyncio\\connection.py", line 403, in connect_check_health\n    await self.on_connect_check_health(check_health=check_health)\n  File "F:\\py\\Lib\\site-packages\\redis\\asyncio\\connection.py", line 560, in on_connect_check_health\n    await self.read_response()\n  File "F:\\py\\Lib\\site-packages\\redis\\asyncio\\connection.py", line 747, in read_response\n    raise ConnectionError(f"Error while reading from {host_error} : {e.args}")\nredis.exceptions.ConnectionError: Error while reading from 192.168.100.128:6379 : (22, \'÷∏∂®µƒÕ¯¬Á√˚≤ª‘Ÿø…”√°£\', None, 64, None)'}
ERROR    ai_werewolf_core.core.event.bus:bus.py:741 {'game_id': None, 'error': 'EventBus Œﬁ∑®ªÒ»° Redis øÕªß∂À', 'event': '«Â¿Ì ¬º˛ Stream “Ï≥£', 'level': 'error', 'logger': 'ai_werewolf_core.core.event.bus', 'timestamp': '2026-05-14T21:31:22.724205+08:00', 'exception': 'Traceback (most recent call last):\n  File "F:\\py\\Lib\\asyncio\\windows_events.py", line 463, in finish_socket_func\n    return ov.getresult()\n           ~~~~~~~~~~~~^^\nOSError: [WinError 64] ÷∏∂®µƒÕ¯¬Á√˚≤ª‘Ÿø…”√°£\n\nDuring handling of the above exception, another exception occurred:\n\nTraceback (most recent call last):\n  File "F:\\py\\Lib\\site-packages\\redis\\asyncio\\connection.py", line 725, in read_response\n    response = await self._parser.read_response(\n               ^^^^^^^^^^^^^^^^^^^^^^^^^^^^^^^^^\n        disable_decoding=disable_decoding\n        ^^^^^^^^^^^^^^^^^^^^^^^^^^^^^^^^^\n    )\n    ^\n  File "F:\\py\\Lib\\site-packages\\redis\\_parsers\\resp2.py", line 82, in read_response\n    response = await self._read_response(disable_decoding=disable_decoding)\n               ^^^^^^^^^^^^^^^^^^^^^^^^^^^^^^^^^^^^^^^^^^^^^^^^^^^^^^^^^^^^\n  File "F:\\py\\Lib\\site-packages\\redis\\_parsers\\resp2.py", line 90, in _read_response\n    raw = await self._readline()\n          ^^^^^^^^^^^^^^^^^^^^^^\n  File "F:\\py\\Lib\\site-packages\\redis\\_parsers\\base.py", line 559, in _readline\n    data = await self._stream.readline()\n           ^^^^^^^^^^^^^^^^^^^^^^^^^^^^^\n  File "F:\\py\\Lib\\asyncio\\streams.py", line 562, in readline\n    line = await self.readuntil(sep)\n           ^^^^^^^^^^^^^^^^^^^^^^^^^\n  File "F:\\py\\Lib\\asyncio\\streams.py", line 677, in readuntil\n    await self._wait_for_data(\'readuntil\')\n  File "F:\\py\\Lib\\asyncio\\streams.py", line 539, in _wait_for_data\n    await self._waiter\n  File "F:\\py\\Lib\\asyncio\\proactor_events.py", line 286, in _loop_reading\n    length = fut.result()\n  File "F:\\py\\Lib\\asyncio\\windows_events.py", line 804, in _poll\n    value = callback(transferred, key, ov)\n  File "F:\\py\\Lib\\asyncio\\windows_events.py", line 467, in finish_socket_func\n    raise ConnectionResetError(*exc.args)\nConnectionResetError: [WinError 64] ÷∏∂®µƒÕ¯¬Á√˚≤ª‘Ÿø…”√°£\n\nDuring handling of the above exception, another exception occurred:\n\nTraceback (most recent call last):\n  File "F:\\YilenaCode\\Werewolf\\ai_werewolf_core\\core\\event\\bus.py", line 111, in _get_redis\n    self._redis_client = await RedisClientManager.get_client()\n                         ^^^^^^^^^^^^^^^^^^^^^^^^^^^^^^^^^^^^^\n  File "F:\\YilenaCode\\Werewolf\\ai_werewolf_core\\utils\\redis_client.py", line 128, in get_client\n    await cls._client.ping()\n  File "F:\\py\\Lib\\site-packages\\redis\\asyncio\\client.py", line 764, in execute_command\n    conn = self.connection or await pool.get_connection()\n                              ^^^^^^^^^^^^^^^^^^^^^^^^^^^\n  File "F:\\py\\Lib\\site-packages\\redis\\utils.py", line 227, in async_wrapper\n    return await func(*args, **kwargs)\n           ^^^^^^^^^^^^^^^^^^^^^^^^^^^\n  File "F:\\py\\Lib\\site-packages\\redis\\asyncio\\connection.py", line 1351, in get_connection\n    await self.ensure_connection(connection)\n  File "F:\\py\\Lib\\site-packages\\redis\\asyncio\\connection.py", line 1390, in ensure_connection\n    await connection.connect()\n  File "F:\\py\\Lib\\site-packages\\redis\\asyncio\\connection.py", line 339, in connect\n    await self.retry.call_with_retry(\n    ...<7 lines>...\n    )\n  File "F:\\py\\Lib\\site-packages\\redis\\asyncio\\retry.py", line 81, in call_with_retry\n    raise error\n  File "F:\\py\\Lib\\site-packages\\redis\\asyncio\\retry.py", line 69, in call_with_retry\n    return await do()\n           ^^^^^^^^^^\n  File "F:\\py\\Lib\\site-packages\\redis\\asyncio\\connection.py", line 403, in connect_check_health\n    await self.on_connect_check_health(check_health=check_health)\n  File "F:\\py\\Lib\\site-packages\\redis\\asyncio\\connection.py", line 560, in on_connect_check_health\n    await self.read_response()\n  File "F:\\py\\Lib\\site-packages\\redis\\asyncio\\connection.py", line 747, in read_response\n    raise ConnectionError(f"Error while reading from {host_error} : {e.args}")\nredis.exceptions.ConnectionError: Error while reading from 192.168.100.128:6379 : (22, \'÷∏∂®µƒÕ¯¬Á√˚≤ª‘Ÿø…”√°£\', None, 64, None)\n\nThe above exception was the direct cause of the following exception:\n\nTraceback (most recent call last):\n  File "F:\\YilenaCode\\Werewolf\\ai_werewolf_core\\core\\event\\bus.py", line 710, in clear\n    redis = await self._get_redis()\n            ^^^^^^^^^^^^^^^^^^^^^^^\n  File "F:\\YilenaCode\\Werewolf\\ai_werewolf_core\\core\\event\\bus.py", line 114, in _get_redis\n    raise RedisUnavailableException(\n        "EventBus Œﬁ∑®ªÒ»° Redis øÕªß∂À"\n    ) from e\nai_werewolf_core.utils.redis_seq.RedisUnavailableException: EventBus Œﬁ∑®ªÒ»° Redis øÕªß∂À'}
____________________ TestInitGame.test_init_game_from_init ____________________

trans = 0, key = 0, ov = <_overlapped.Overlapped object at 0x0000027C320BE970>

    @staticmethod
    def finish_socket_func(trans, key, ov):
        try:
>           return ov.getresult()
                   ^^^^^^^^^^^^^^
E           OSError: [WinError 64] ÷∏∂®µƒÕ¯¬Á√˚≤ª‘Ÿø…”√°£

F:\py\Lib\asyncio\windows_events.py:463: OSError

During handling of the above exception, another exception occurred:

self = <redis.asyncio.connection.Connection(host=192.168.100.128,port=6379,db=1)>
disable_decoding = False, timeout = None

    async def read_response(
        self,
        disable_decoding: bool = False,
        timeout: Optional[float] = None,
        *,
        disconnect_on_error: bool = True,
        push_request: Optional[bool] = False,
    ):
        """Read the response from a previously sent command"""
        read_timeout = timeout if timeout is not None else self.socket_timeout
        host_error = self._host_error()
        try:
            if read_timeout is not None and self.protocol in ["3", 3]:
                async with async_timeout(read_timeout):
                    response = await self._parser.read_response(
                        disable_decoding=disable_decoding, push_request=push_request
                    )
            elif read_timeout is not None:
                async with async_timeout(read_timeout):
>                   response = await self._parser.read_response(
                        disable_decoding=disable_decoding

F:\py\Lib\site-packages\redis\asyncio\connection.py:725: 
_ _ _ _ _ _ _ _ _ _ _ _ _ _ _ _ _ _ _ _ _ _ _ _ _ _ _ _ _ _ _ _ _ _ _ _ _ _ _ _
F:\py\Lib\site-packages\redis\_parsers\resp2.py:82: in read_response
    response = await self._read_response(disable_decoding=disable_decoding)
               ^^^^^^^^^^^^^^^^^^^^^^^^^^^^^^^^^^^^^^^^^^^^^^^^^^^^^^^^^^^^
F:\py\Lib\site-packages\redis\_parsers\resp2.py:90: in _read_response
    raw = await self._readline()
          ^^^^^^^^^^^^^^^^^^^^^^
F:\py\Lib\site-packages\redis\_parsers\base.py:559: in _readline
    data = await self._stream.readline()
           ^^^^^^^^^^^^^^^^^^^^^^^^^^^^^
F:\py\Lib\asyncio\streams.py:562: in readline
    line = await self.readuntil(sep)
           ^^^^^^^^^^^^^^^^^^^^^^^^^
F:\py\Lib\asyncio\streams.py:677: in readuntil
    await self._wait_for_data('readuntil')
F:\py\Lib\asyncio\streams.py:539: in _wait_for_data
    await self._waiter
F:\py\Lib\asyncio\proactor_events.py:286: in _loop_reading
    length = fut.result()
             ^^^^^^^^^^^^
F:\py\Lib\asyncio\windows_events.py:804: in _poll
    value = callback(transferred, key, ov)
            ^^^^^^^^^^^^^^^^^^^^^^^^^^^^^^
_ _ _ _ _ _ _ _ _ _ _ _ _ _ _ _ _ _ _ _ _ _ _ _ _ _ _ _ _ _ _ _ _ _ _ _ _ _ _ _

trans = 0, key = 0, ov = <_overlapped.Overlapped object at 0x0000027C320BE970>

    @staticmethod
    def finish_socket_func(trans, key, ov):
        try:
            return ov.getresult()
        except OSError as exc:
            if exc.winerror in (_overlapped.ERROR_NETNAME_DELETED,
                                _overlapped.ERROR_OPERATION_ABORTED):
>               raise ConnectionResetError(*exc.args)
E               ConnectionResetError: [WinError 64] ÷∏∂®µƒÕ¯¬Á√˚≤ª‘Ÿø…”√°£

F:\py\Lib\asyncio\windows_events.py:467: ConnectionResetError

During handling of the above exception, another exception occurred:

self = <ai_werewolf_core.core.engine.lifecycle.LifecycleManager object at 0x0000027C31E0A430>

    async def _get_redis(self) -> aioredis.Redis:
        """ªÒ»° Redis “Ï≤ΩøÕªß∂À£®¿¡≥ı ºªØ£¨π≤œÌ¡¨Ω”≥ÿ£©°£"""
        if self._redis is None:
            try:
>               self._redis = await RedisClientManager.get_client()
                              ^^^^^^^^^^^^^^^^^^^^^^^^^^^^^^^^^^^^^

ai_werewolf_core\core\engine\lifecycle.py:143: 
_ _ _ _ _ _ _ _ _ _ _ _ _ _ _ _ _ _ _ _ _ _ _ _ _ _ _ _ _ _ _ _ _ _ _ _ _ _ _ _
ai_werewolf_core\utils\redis_client.py:128: in get_client
    await cls._client.ping()
F:\py\Lib\site-packages\redis\asyncio\client.py:764: in execute_command
    conn = self.connection or await pool.get_connection()
                              ^^^^^^^^^^^^^^^^^^^^^^^^^^^
F:\py\Lib\site-packages\redis\utils.py:227: in async_wrapper
    return await func(*args, **kwargs)
           ^^^^^^^^^^^^^^^^^^^^^^^^^^^
F:\py\Lib\site-packages\redis\asyncio\connection.py:1351: in get_connection
    await self.ensure_connection(connection)
F:\py\Lib\site-packages\redis\asyncio\connection.py:1390: in ensure_connection
    await connection.connect()
F:\py\Lib\site-packages\redis\asyncio\connection.py:339: in connect
    await self.retry.call_with_retry(
F:\py\Lib\site-packages\redis\asyncio\retry.py:81: in call_with_retry
    raise error
F:\py\Lib\site-packages\redis\asyncio\retry.py:69: in call_with_retry
    return await do()
           ^^^^^^^^^^
F:\py\Lib\site-packages\redis\asyncio\connection.py:403: in connect_check_health
    await self.on_connect_check_health(check_health=check_health)
F:\py\Lib\site-packages\redis\asyncio\connection.py:560: in on_connect_check_health
    await self.read_response()
_ _ _ _ _ _ _ _ _ _ _ _ _ _ _ _ _ _ _ _ _ _ _ _ _ _ _ _ _ _ _ _ _ _ _ _ _ _ _ _

self = <redis.asyncio.connection.Connection(host=192.168.100.128,port=6379,db=1)>
disable_decoding = False, timeout = None

    async def read_response(
        self,
        disable_decoding: bool = False,
        timeout: Optional[float] = None,
        *,
        disconnect_on_error: bool = True,
        push_request: Optional[bool] = False,
    ):
        """Read the response from a previously sent command"""
        read_timeout = timeout if timeout is not None else self.socket_timeout
        host_error = self._host_error()
        try:
            if read_timeout is not None and self.protocol in ["3", 3]:
                async with async_timeout(read_timeout):
                    response = await self._parser.read_response(
                        disable_decoding=disable_decoding, push_request=push_request
                    )
            elif read_timeout is not None:
                async with async_timeout(read_timeout):
                    response = await self._parser.read_response(
                        disable_decoding=disable_decoding
                    )
            elif self.protocol in ["3", 3]:
                response = await self._parser.read_response(
                    disable_decoding=disable_decoding, push_request=push_request
                )
            else:
                response = await self._parser.read_response(
                    disable_decoding=disable_decoding
                )
        except asyncio.TimeoutError:
            if timeout is not None:
                # user requested timeout, return None. Operation can be retried
                return None
            # it was a self.socket_timeout error.
            if disconnect_on_error:
                await self.disconnect(nowait=True)
            raise TimeoutError(f"Timeout reading from {host_error}")
        except OSError as e:
            if disconnect_on_error:
                await self.disconnect(nowait=True)
>           raise ConnectionError(f"Error while reading from {host_error} : {e.args}")
E           redis.exceptions.ConnectionError: Error while reading from 192.168.100.128:6379 : (22, '÷∏∂®µƒÕ¯¬Á√˚≤ª‘Ÿø…”√°£', None, 64, None)

F:\py\Lib\site-packages\redis\asyncio\connection.py:747: ConnectionError

The above exception was the direct cause of the following exception:

self = <test_lifecycle.TestInitGame object at 0x0000027C303D25D0>
lifecycle = <ai_werewolf_core.core.engine.lifecycle.LifecycleManager object at 0x0000027C31E0A430>

    @pytest.mark.asyncio
    async def test_init_game_from_init(self, lifecycle):
        """¥” INIT µ˜”√ init_game ”¶«®“∆µΩ START°£"""
>       await lifecycle.init_game()

tests\unit\core\engine\test_lifecycle.py:88: 
_ _ _ _ _ _ _ _ _ _ _ _ _ _ _ _ _ _ _ _ _ _ _ _ _ _ _ _ _ _ _ _ _ _ _ _ _ _ _ _
ai_werewolf_core\core\engine\lifecycle.py:420: in init_game
    current_status = await self.get_status()
                     ^^^^^^^^^^^^^^^^^^^^^^^
ai_werewolf_core\core\engine\lifecycle.py:262: in get_status
    status = await self._get_status_from_redis()
             ^^^^^^^^^^^^^^^^^^^^^^^^^^^^^^^^^^^
ai_werewolf_core\core\engine\lifecycle.py:167: in _get_status_from_redis
    redis = await self._get_redis()
            ^^^^^^^^^^^^^^^^^^^^^^^
_ _ _ _ _ _ _ _ _ _ _ _ _ _ _ _ _ _ _ _ _ _ _ _ _ _ _ _ _ _ _ _ _ _ _ _ _ _ _ _

self = <ai_werewolf_core.core.engine.lifecycle.LifecycleManager object at 0x0000027C31E0A430>

    async def _get_redis(self) -> aioredis.Redis:
        """ªÒ»° Redis “Ï≤ΩøÕªß∂À£®¿¡≥ı ºªØ£¨π≤œÌ¡¨Ω”≥ÿ£©°£"""
        if self._redis is None:
            try:
                self._redis = await RedisClientManager.get_client()
                self._logger.debug("LifecycleManager “—ªÒ»°π≤œÌ Redis øÕªß∂À")
            except (aioredis.ConnectionError, aioredis.TimeoutError) as e:
>               raise RedisUnavailableException(
                    f"LifecycleManager Œﬁ∑®ªÒ»° Redis øÕªß∂À: game_id={self.game_id}"
                ) from e
E               ai_werewolf_core.utils.redis_seq.RedisUnavailableException: LifecycleManager Œﬁ∑®ªÒ»° Redis øÕªß∂À: game_id=test_lifecycle_a9a14ccc300b407eb11d7de82c9ba914

ai_werewolf_core\core\engine\lifecycle.py:146: RedisUnavailableException
---------------------------- Captured stderr setup ----------------------------
[2m2026-05-14T21:31:27.735978+08:00[0m [[32m[1mdebug    [0m] [1mglobal_subscribe              [0m [[0m[1m[34mai_werewolf_core.core.event.bus[0m][0m [36mhandler[0m=[35m_default_log_subscriber[0m
[2m2026-05-14T21:31:27.736196+08:00[0m [[32m[1mdebug    [0m] [1mglobal_subscribe              [0m [[0m[1m[34mai_werewolf_core.core.event.bus[0m][0m [36mhandler[0m=[35m_persist_to_db[0m
----------------------------- Captured log setup ------------------------------
DEBUG    ai_werewolf_core.core.event.bus:bus.py:519 {'handler': '_default_log_subscriber', 'event': 'global_subscribe', 'level': 'debug', 'logger': 'ai_werewolf_core.core.event.bus', 'timestamp': '2026-05-14T21:31:27.735978+08:00'}
DEBUG    ai_werewolf_core.core.event.bus:bus.py:519 {'handler': '_persist_to_db', 'event': 'global_subscribe', 'level': 'debug', 'logger': 'ai_werewolf_core.core.event.bus', 'timestamp': '2026-05-14T21:31:27.736196+08:00'}
---------------------------- Captured stderr call -----------------------------
[2m2026-05-14T21:31:27.737063+08:00[0m [[32m[1minfo     [0m] [1mgame_init                     [0m [[0m[1m[34mai_werewolf_core.core.engine.lifecycle[0m][0m [36mgame_id[0m=[35mtest_lifecycle_a9a14ccc300b407eb11d7de82c9ba914[0m [36mmodule[0m=[35mLifecycleManager[0m
[2m2026-05-14T21:31:27.737296+08:00[0m [[32m[1mdebug    [0m] [1mRedis ¡¨Ω”≥ÿ“—¥¥Ω®                  [0m [[0m[1m[34mai_werewolf_core.utils.redis_client[0m][0m [36mmax_connections[0m=[35m300[0m [36msocket_timeout[0m=[35m10[0m
[2m2026-05-14T21:31:32.740193+08:00[0m [[31m[1merror    [0m] [1mRedis ¡¨Ω”—È÷§ ß∞‹ (PING)           [0m [[0m[1m[34mai_werewolf_core.utils.redis_client[0m][0m [36merror[0m=[35m"Error while reading from 192.168.100.128:6379 : (22, '÷∏∂®µƒÕ¯¬Á√˚≤ª‘Ÿø…”√°£', None, 64, None)"[0m [36mhost[0m=[35m192.168.100.128[0m [36mport[0m=[35m6379[0m
Traceback (most recent call last):
  File "F:\py\Lib\asyncio\windows_events.py", line 463, in finish_socket_func
    return ov.getresult()
           ~~~~~~~~~~~~^^
OSError: [WinError 64] ÷∏∂®µƒÕ¯¬Á√˚≤ª‘Ÿø…”√°£

During handling of the above exception, another exception occurred:

Traceback (most recent call last):
  File "F:\py\Lib\site-packages\redis\asyncio\connection.py", line 725, in read_response
    response = await self._parser.read_response(
               ^^^^^^^^^^^^^^^^^^^^^^^^^^^^^^^^^
        disable_decoding=disable_decoding
        ^^^^^^^^^^^^^^^^^^^^^^^^^^^^^^^^^
    )
    ^
  File "F:\py\Lib\site-packages\redis\_parsers\resp2.py", line 82, in read_response
    response = await self._read_response(disable_decoding=disable_decoding)
               ^^^^^^^^^^^^^^^^^^^^^^^^^^^^^^^^^^^^^^^^^^^^^^^^^^^^^^^^^^^^
  File "F:\py\Lib\site-packages\redis\_parsers\resp2.py", line 90, in _read_response
    raw = await self._readline()
          ^^^^^^^^^^^^^^^^^^^^^^
  File "F:\py\Lib\site-packages\redis\_parsers\base.py", line 559, in _readline
    data = await self._stream.readline()
           ^^^^^^^^^^^^^^^^^^^^^^^^^^^^^
  File "F:\py\Lib\asyncio\streams.py", line 562, in readline
    line = await self.readuntil(sep)
           ^^^^^^^^^^^^^^^^^^^^^^^^^
  File "F:\py\Lib\asyncio\streams.py", line 677, in readuntil
    await self._wait_for_data('readuntil')
  File "F:\py\Lib\asyncio\streams.py", line 539, in _wait_for_data
    await self._waiter
  File "F:\py\Lib\asyncio\proactor_events.py", line 286, in _loop_reading
    length = fut.result()
  File "F:\py\Lib\asyncio\windows_events.py", line 804, in _poll
    value = callback(transferred, key, ov)
  File "F:\py\Lib\asyncio\windows_events.py", line 467, in finish_socket_func
    raise ConnectionResetError(*exc.args)
ConnectionResetError: [WinError 64] ÷∏∂®µƒÕ¯¬Á√˚≤ª‘Ÿø…”√°£

During handling of the above exception, another exception occurred:

Traceback (most recent call last):
  File "F:\YilenaCode\Werewolf\ai_werewolf_core\utils\redis_client.py", line 128, in get_client
    await cls._client.ping()
  File "F:\py\Lib\site-packages\redis\asyncio\client.py", line 764, in execute_command
    conn = self.connection or await pool.get_connection()
                              ^^^^^^^^^^^^^^^^^^^^^^^^^^^
  File "F:\py\Lib\site-packages\redis\utils.py", line 227, in async_wrapper
    return await func(*args, **kwargs)
           ^^^^^^^^^^^^^^^^^^^^^^^^^^^
  File "F:\py\Lib\site-packages\redis\asyncio\connection.py", line 1351, in get_connection
    await self.ensure_connection(connection)
  File "F:\py\Lib\site-packages\redis\asyncio\connection.py", line 1390, in ensure_connection
    await connection.connect()
  File "F:\py\Lib\site-packages\redis\asyncio\connection.py", line 339, in connect
    await self.retry.call_with_retry(
    ...<7 lines>...
    )
  File "F:\py\Lib\site-packages\redis\asyncio\retry.py", line 81, in call_with_retry
    raise error
  File "F:\py\Lib\site-packages\redis\asyncio\retry.py", line 69, in call_with_retry
    return await do()
           ^^^^^^^^^^
  File "F:\py\Lib\site-packages\redis\asyncio\connection.py", line 403, in connect_check_health
    await self.on_connect_check_health(check_health=check_health)
  File "F:\py\Lib\site-packages\redis\asyncio\connection.py", line 560, in on_connect_check_health
    await self.read_response()
  File "F:\py\Lib\site-packages\redis\asyncio\connection.py", line 747, in read_response
    raise ConnectionError(f"Error while reading from {host_error} : {e.args}")
redis.exceptions.ConnectionError: Error while reading from 192.168.100.128:6379 : (22, '÷∏∂®µƒÕ¯¬Á√˚≤ª‘Ÿø…”√°£', None, 64, None)
------------------------------ Captured log call ------------------------------
INFO     ai_werewolf_core.core.engine.lifecycle:lifecycle.py:418 {'game_id': 'test_lifecycle_a9a14ccc300b407eb11d7de82c9ba914', 'module': 'LifecycleManager', 'event': 'game_init', 'level': 'info', 'logger': 'ai_werewolf_core.core.engine.lifecycle', 'timestamp': '2026-05-14T21:31:27.737063+08:00'}
DEBUG    ai_werewolf_core.utils.redis_client:redis_client.py:243 {'max_connections': 300, 'socket_timeout': 10, 'event': 'Redis ¡¨Ω”≥ÿ“—¥¥Ω®', 'level': 'debug', 'logger': 'ai_werewolf_core.utils.redis_client', 'timestamp': '2026-05-14T21:31:27.737296+08:00'}
ERROR    ai_werewolf_core.utils.redis_client:redis_client.py:130 {'host': '192.168.100.128', 'port': 6379, 'error': "Error while reading from 192.168.100.128:6379 : (22, '÷∏∂®µƒÕ¯¬Á√˚≤ª‘Ÿø…”√°£', None, 64, None)", 'event': 'Redis ¡¨Ω”—È÷§ ß∞‹ (PING)', 'level': 'error', 'logger': 'ai_werewolf_core.utils.redis_client', 'timestamp': '2026-05-14T21:31:32.740193+08:00', 'exception': 'Traceback (most recent call last):\n  File "F:\\py\\Lib\\asyncio\\windows_events.py", line 463, in finish_socket_func\n    return ov.getresult()\n           ~~~~~~~~~~~~^^\nOSError: [WinError 64] ÷∏∂®µƒÕ¯¬Á√˚≤ª‘Ÿø…”√°£\n\nDuring handling of the above exception, another exception occurred:\n\nTraceback (most recent call last):\n  File "F:\\py\\Lib\\site-packages\\redis\\asyncio\\connection.py", line 725, in read_response\n    response = await self._parser.read_response(\n               ^^^^^^^^^^^^^^^^^^^^^^^^^^^^^^^^^\n        disable_decoding=disable_decoding\n        ^^^^^^^^^^^^^^^^^^^^^^^^^^^^^^^^^\n    )\n    ^\n  File "F:\\py\\Lib\\site-packages\\redis\\_parsers\\resp2.py", line 82, in read_response\n    response = await self._read_response(disable_decoding=disable_decoding)\n               ^^^^^^^^^^^^^^^^^^^^^^^^^^^^^^^^^^^^^^^^^^^^^^^^^^^^^^^^^^^^\n  File "F:\\py\\Lib\\site-packages\\redis\\_parsers\\resp2.py", line 90, in _read_response\n    raw = await self._readline()\n          ^^^^^^^^^^^^^^^^^^^^^^\n  File "F:\\py\\Lib\\site-packages\\redis\\_parsers\\base.py", line 559, in _readline\n    data = await self._stream.readline()\n           ^^^^^^^^^^^^^^^^^^^^^^^^^^^^^\n  File "F:\\py\\Lib\\asyncio\\streams.py", line 562, in readline\n    line = await self.readuntil(sep)\n           ^^^^^^^^^^^^^^^^^^^^^^^^^\n  File "F:\\py\\Lib\\asyncio\\streams.py", line 677, in readuntil\n    await self._wait_for_data(\'readuntil\')\n  File "F:\\py\\Lib\\asyncio\\streams.py", line 539, in _wait_for_data\n    await self._waiter\n  File "F:\\py\\Lib\\asyncio\\proactor_events.py", line 286, in _loop_reading\n    length = fut.result()\n  File "F:\\py\\Lib\\asyncio\\windows_events.py", line 804, in _poll\n    value = callback(transferred, key, ov)\n  File "F:\\py\\Lib\\asyncio\\windows_events.py", line 467, in finish_socket_func\n    raise ConnectionResetError(*exc.args)\nConnectionResetError: [WinError 64] ÷∏∂®µƒÕ¯¬Á√˚≤ª‘Ÿø…”√°£\n\nDuring handling of the above exception, another exception occurred:\n\nTraceback (most recent call last):\n  File "F:\\YilenaCode\\Werewolf\\ai_werewolf_core\\utils\\redis_client.py", line 128, in get_client\n    await cls._client.ping()\n  File "F:\\py\\Lib\\site-packages\\redis\\asyncio\\client.py", line 764, in execute_command\n    conn = self.connection or await pool.get_connection()\n                              ^^^^^^^^^^^^^^^^^^^^^^^^^^^\n  File "F:\\py\\Lib\\site-packages\\redis\\utils.py", line 227, in async_wrapper\n    return await func(*args, **kwargs)\n           ^^^^^^^^^^^^^^^^^^^^^^^^^^^\n  File "F:\\py\\Lib\\site-packages\\redis\\asyncio\\connection.py", line 1351, in get_connection\n    await self.ensure_connection(connection)\n  File "F:\\py\\Lib\\site-packages\\redis\\asyncio\\connection.py", line 1390, in ensure_connection\n    await connection.connect()\n  File "F:\\py\\Lib\\site-packages\\redis\\asyncio\\connection.py", line 339, in connect\n    await self.retry.call_with_retry(\n    ...<7 lines>...\n    )\n  File "F:\\py\\Lib\\site-packages\\redis\\asyncio\\retry.py", line 81, in call_with_retry\n    raise error\n  File "F:\\py\\Lib\\site-packages\\redis\\asyncio\\retry.py", line 69, in call_with_retry\n    return await do()\n           ^^^^^^^^^^\n  File "F:\\py\\Lib\\site-packages\\redis\\asyncio\\connection.py", line 403, in connect_check_health\n    await self.on_connect_check_health(check_health=check_health)\n  File "F:\\py\\Lib\\site-packages\\redis\\asyncio\\connection.py", line 560, in on_connect_check_health\n    await self.read_response()\n  File "F:\\py\\Lib\\site-packages\\redis\\asyncio\\connection.py", line 747, in read_response\n    raise ConnectionError(f"Error while reading from {host_error} : {e.args}")\nredis.exceptions.ConnectionError: Error while reading from 192.168.100.128:6379 : (22, \'÷∏∂®µƒÕ¯¬Á√˚≤ª‘Ÿø…”√°£\', None, 64, None)'}
-------------------------- Captured stderr teardown ---------------------------
[2m2026-05-14T21:31:32.885012+08:00[0m [[32m[1mdebug    [0m] [1mRedis ¡¨Ω”≥ÿ“—¥¥Ω®                  [0m [[0m[1m[34mai_werewolf_core.utils.redis_client[0m][0m [36mmax_connections[0m=[35m300[0m [36msocket_timeout[0m=[35m10[0m
[2m2026-05-14T21:31:37.887620+08:00[0m [[31m[1merror    [0m] [1mRedis ¡¨Ω”—È÷§ ß∞‹ (PING)           [0m [[0m[1m[34mai_werewolf_core.utils.redis_client[0m][0m [36merror[0m=[35m"Error while reading from 192.168.100.128:6379 : (22, '÷∏∂®µƒÕ¯¬Á√˚≤ª‘Ÿø…”√°£', None, 64, None)"[0m [36mhost[0m=[35m192.168.100.128[0m [36mport[0m=[35m6379[0m
Traceback (most recent call last):
  File "F:\py\Lib\asyncio\windows_events.py", line 463, in finish_socket_func
    return ov.getresult()
           ~~~~~~~~~~~~^^
OSError: [WinError 64] ÷∏∂®µƒÕ¯¬Á√˚≤ª‘Ÿø…”√°£

During handling of the above exception, another exception occurred:

Traceback (most recent call last):
  File "F:\py\Lib\site-packages\redis\asyncio\connection.py", line 725, in read_response
    response = await self._parser.read_response(
               ^^^^^^^^^^^^^^^^^^^^^^^^^^^^^^^^^
        disable_decoding=disable_decoding
        ^^^^^^^^^^^^^^^^^^^^^^^^^^^^^^^^^
    )
    ^
  File "F:\py\Lib\site-packages\redis\_parsers\resp2.py", line 82, in read_response
    response = await self._read_response(disable_decoding=disable_decoding)
               ^^^^^^^^^^^^^^^^^^^^^^^^^^^^^^^^^^^^^^^^^^^^^^^^^^^^^^^^^^^^
  File "F:\py\Lib\site-packages\redis\_parsers\resp2.py", line 90, in _read_response
    raw = await self._readline()
          ^^^^^^^^^^^^^^^^^^^^^^
  File "F:\py\Lib\site-packages\redis\_parsers\base.py", line 559, in _readline
    data = await self._stream.readline()
           ^^^^^^^^^^^^^^^^^^^^^^^^^^^^^
  File "F:\py\Lib\asyncio\streams.py", line 562, in readline
    line = await self.readuntil(sep)
           ^^^^^^^^^^^^^^^^^^^^^^^^^
  File "F:\py\Lib\asyncio\streams.py", line 677, in readuntil
    await self._wait_for_data('readuntil')
  File "F:\py\Lib\asyncio\streams.py", line 539, in _wait_for_data
    await self._waiter
  File "F:\py\Lib\asyncio\proactor_events.py", line 286, in _loop_reading
    length = fut.result()
  File "F:\py\Lib\asyncio\windows_events.py", line 804, in _poll
    value = callback(transferred, key, ov)
  File "F:\py\Lib\asyncio\windows_events.py", line 467, in finish_socket_func
    raise ConnectionResetError(*exc.args)
ConnectionResetError: [WinError 64] ÷∏∂®µƒÕ¯¬Á√˚≤ª‘Ÿø…”√°£

During handling of the above exception, another exception occurred:

Traceback (most recent call last):
  File "F:\YilenaCode\Werewolf\ai_werewolf_core\utils\redis_client.py", line 128, in get_client
    await cls._client.ping()
  File "F:\py\Lib\site-packages\redis\asyncio\client.py", line 764, in execute_command
    conn = self.connection or await pool.get_connection()
                              ^^^^^^^^^^^^^^^^^^^^^^^^^^^
  File "F:\py\Lib\site-packages\redis\utils.py", line 227, in async_wrapper
    return await func(*args, **kwargs)
           ^^^^^^^^^^^^^^^^^^^^^^^^^^^
  File "F:\py\Lib\site-packages\redis\asyncio\connection.py", line 1351, in get_connection
    await self.ensure_connection(connection)
  File "F:\py\Lib\site-packages\redis\asyncio\connection.py", line 1390, in ensure_connection
    await connection.connect()
  File "F:\py\Lib\site-packages\redis\asyncio\connection.py", line 339, in connect
    await self.retry.call_with_retry(
    ...<7 lines>...
    )
  File "F:\py\Lib\site-packages\redis\asyncio\retry.py", line 81, in call_with_retry
    raise error
  File "F:\py\Lib\site-packages\redis\asyncio\retry.py", line 69, in call_with_retry
    return await do()
           ^^^^^^^^^^
  File "F:\py\Lib\site-packages\redis\asyncio\connection.py", line 403, in connect_check_health
    await self.on_connect_check_health(check_health=check_health)
  File "F:\py\Lib\site-packages\redis\asyncio\connection.py", line 560, in on_connect_check_health
    await self.read_response()
  File "F:\py\Lib\site-packages\redis\asyncio\connection.py", line 747, in read_response
    raise ConnectionError(f"Error while reading from {host_error} : {e.args}")
redis.exceptions.ConnectionError: Error while reading from 192.168.100.128:6379 : (22, '÷∏∂®µƒÕ¯¬Á√˚≤ª‘Ÿø…”√°£', None, 64, None)
[2m2026-05-14T21:31:37.889865+08:00[0m [[31m[1merror    [0m] [1m«Â¿Ì ¬º˛ Stream “Ï≥£                [0m [[0m[1m[34mai_werewolf_core.core.event.bus[0m][0m [36merror[0m=[35m'EventBus Œﬁ∑®ªÒ»° Redis øÕªß∂À'[0m [36mgame_id[0m=[35mNone[0m
Traceback (most recent call last):
  File "F:\py\Lib\asyncio\windows_events.py", line 463, in finish_socket_func
    return ov.getresult()
           ~~~~~~~~~~~~^^
OSError: [WinError 64] ÷∏∂®µƒÕ¯¬Á√˚≤ª‘Ÿø…”√°£

During handling of the above exception, another exception occurred:

Traceback (most recent call last):
  File "F:\py\Lib\site-packages\redis\asyncio\connection.py", line 725, in read_response
    response = await self._parser.read_response(
               ^^^^^^^^^^^^^^^^^^^^^^^^^^^^^^^^^
        disable_decoding=disable_decoding
        ^^^^^^^^^^^^^^^^^^^^^^^^^^^^^^^^^
    )
    ^
  File "F:\py\Lib\site-packages\redis\_parsers\resp2.py", line 82, in read_response
    response = await self._read_response(disable_decoding=disable_decoding)
               ^^^^^^^^^^^^^^^^^^^^^^^^^^^^^^^^^^^^^^^^^^^^^^^^^^^^^^^^^^^^
  File "F:\py\Lib\site-packages\redis\_parsers\resp2.py", line 90, in _read_response
    raw = await self._readline()
          ^^^^^^^^^^^^^^^^^^^^^^
  File "F:\py\Lib\site-packages\redis\_parsers\base.py", line 559, in _readline
    data = await self._stream.readline()
           ^^^^^^^^^^^^^^^^^^^^^^^^^^^^^
  File "F:\py\Lib\asyncio\streams.py", line 562, in readline
    line = await self.readuntil(sep)
           ^^^^^^^^^^^^^^^^^^^^^^^^^
  File "F:\py\Lib\asyncio\streams.py", line 677, in readuntil
    await self._wait_for_data('readuntil')
  File "F:\py\Lib\asyncio\streams.py", line 539, in _wait_for_data
    await self._waiter
  File "F:\py\Lib\asyncio\proactor_events.py", line 286, in _loop_reading
    length = fut.result()
  File "F:\py\Lib\asyncio\windows_events.py", line 804, in _poll
    value = callback(transferred, key, ov)
  File "F:\py\Lib\asyncio\windows_events.py", line 467, in finish_socket_func
    raise ConnectionResetError(*exc.args)
ConnectionResetError: [WinError 64] ÷∏∂®µƒÕ¯¬Á√˚≤ª‘Ÿø…”√°£

During handling of the above exception, another exception occurred:

Traceback (most recent call last):
  File "F:\YilenaCode\Werewolf\ai_werewolf_core\core\event\bus.py", line 111, in _get_redis
    self._redis_client = await RedisClientManager.get_client()
                         ^^^^^^^^^^^^^^^^^^^^^^^^^^^^^^^^^^^^^
  File "F:\YilenaCode\Werewolf\ai_werewolf_core\utils\redis_client.py", line 128, in get_client
    await cls._client.ping()
  File "F:\py\Lib\site-packages\redis\asyncio\client.py", line 764, in execute_command
    conn = self.connection or await pool.get_connection()
                              ^^^^^^^^^^^^^^^^^^^^^^^^^^^
  File "F:\py\Lib\site-packages\redis\utils.py", line 227, in async_wrapper
    return await func(*args, **kwargs)
           ^^^^^^^^^^^^^^^^^^^^^^^^^^^
  File "F:\py\Lib\site-packages\redis\asyncio\connection.py", line 1351, in get_connection
    await self.ensure_connection(connection)
  File "F:\py\Lib\site-packages\redis\asyncio\connection.py", line 1390, in ensure_connection
    await connection.connect()
  File "F:\py\Lib\site-packages\redis\asyncio\connection.py", line 339, in connect
    await self.retry.call_with_retry(
    ...<7 lines>...
    )
  File "F:\py\Lib\site-packages\redis\asyncio\retry.py", line 81, in call_with_retry
    raise error
  File "F:\py\Lib\site-packages\redis\asyncio\retry.py", line 69, in call_with_retry
    return await do()
           ^^^^^^^^^^
  File "F:\py\Lib\site-packages\redis\asyncio\connection.py", line 403, in connect_check_health
    await self.on_connect_check_health(check_health=check_health)
  File "F:\py\Lib\site-packages\redis\asyncio\connection.py", line 560, in on_connect_check_health
    await self.read_response()
  File "F:\py\Lib\site-packages\redis\asyncio\connection.py", line 747, in read_response
    raise ConnectionError(f"Error while reading from {host_error} : {e.args}")
redis.exceptions.ConnectionError: Error while reading from 192.168.100.128:6379 : (22, '÷∏∂®µƒÕ¯¬Á√˚≤ª‘Ÿø…”√°£', None, 64, None)

The above exception was the direct cause of the following exception:

Traceback (most recent call last):
  File "F:\YilenaCode\Werewolf\ai_werewolf_core\core\event\bus.py", line 710, in clear
    redis = await self._get_redis()
            ^^^^^^^^^^^^^^^^^^^^^^^
  File "F:\YilenaCode\Werewolf\ai_werewolf_core\core\event\bus.py", line 114, in _get_redis
    raise RedisUnavailableException(
        "EventBus Œﬁ∑®ªÒ»° Redis øÕªß∂À"
    ) from e
ai_werewolf_core.utils.redis_seq.RedisUnavailableException: EventBus Œﬁ∑®ªÒ»° Redis øÕªß∂À
---------------------------- Captured log teardown ----------------------------
DEBUG    ai_werewolf_core.utils.redis_client:redis_client.py:243 {'max_connections': 300, 'socket_timeout': 10, 'event': 'Redis ¡¨Ω”≥ÿ“—¥¥Ω®', 'level': 'debug', 'logger': 'ai_werewolf_core.utils.redis_client', 'timestamp': '2026-05-14T21:31:32.885012+08:00'}
ERROR    ai_werewolf_core.utils.redis_client:redis_client.py:130 {'host': '192.168.100.128', 'port': 6379, 'error': "Error while reading from 192.168.100.128:6379 : (22, '÷∏∂®µƒÕ¯¬Á√˚≤ª‘Ÿø…”√°£', None, 64, None)", 'event': 'Redis ¡¨Ω”—È÷§ ß∞‹ (PING)', 'level': 'error', 'logger': 'ai_werewolf_core.utils.redis_client', 'timestamp': '2026-05-14T21:31:37.887620+08:00', 'exception': 'Traceback (most recent call last):\n  File "F:\\py\\Lib\\asyncio\\windows_events.py", line 463, in finish_socket_func\n    return ov.getresult()\n           ~~~~~~~~~~~~^^\nOSError: [WinError 64] ÷∏∂®µƒÕ¯¬Á√˚≤ª‘Ÿø…”√°£\n\nDuring handling of the above exception, another exception occurred:\n\nTraceback (most recent call last):\n  File "F:\\py\\Lib\\site-packages\\redis\\asyncio\\connection.py", line 725, in read_response\n    response = await self._parser.read_response(\n               ^^^^^^^^^^^^^^^^^^^^^^^^^^^^^^^^^\n        disable_decoding=disable_decoding\n        ^^^^^^^^^^^^^^^^^^^^^^^^^^^^^^^^^\n    )\n    ^\n  File "F:\\py\\Lib\\site-packages\\redis\\_parsers\\resp2.py", line 82, in read_response\n    response = await self._read_response(disable_decoding=disable_decoding)\n               ^^^^^^^^^^^^^^^^^^^^^^^^^^^^^^^^^^^^^^^^^^^^^^^^^^^^^^^^^^^^\n  File "F:\\py\\Lib\\site-packages\\redis\\_parsers\\resp2.py", line 90, in _read_response\n    raw = await self._readline()\n          ^^^^^^^^^^^^^^^^^^^^^^\n  File "F:\\py\\Lib\\site-packages\\redis\\_parsers\\base.py", line 559, in _readline\n    data = await self._stream.readline()\n           ^^^^^^^^^^^^^^^^^^^^^^^^^^^^^\n  File "F:\\py\\Lib\\asyncio\\streams.py", line 562, in readline\n    line = await self.readuntil(sep)\n           ^^^^^^^^^^^^^^^^^^^^^^^^^\n  File "F:\\py\\Lib\\asyncio\\streams.py", line 677, in readuntil\n    await self._wait_for_data(\'readuntil\')\n  File "F:\\py\\Lib\\asyncio\\streams.py", line 539, in _wait_for_data\n    await self._waiter\n  File "F:\\py\\Lib\\asyncio\\proactor_events.py", line 286, in _loop_reading\n    length = fut.result()\n  File "F:\\py\\Lib\\asyncio\\windows_events.py", line 804, in _poll\n    value = callback(transferred, key, ov)\n  File "F:\\py\\Lib\\asyncio\\windows_events.py", line 467, in finish_socket_func\n    raise ConnectionResetError(*exc.args)\nConnectionResetError: [WinError 64] ÷∏∂®µƒÕ¯¬Á√˚≤ª‘Ÿø…”√°£\n\nDuring handling of the above exception, another exception occurred:\n\nTraceback (most recent call last):\n  File "F:\\YilenaCode\\Werewolf\\ai_werewolf_core\\utils\\redis_client.py", line 128, in get_client\n    await cls._client.ping()\n  File "F:\\py\\Lib\\site-packages\\redis\\asyncio\\client.py", line 764, in execute_command\n    conn = self.connection or await pool.get_connection()\n                              ^^^^^^^^^^^^^^^^^^^^^^^^^^^\n  File "F:\\py\\Lib\\site-packages\\redis\\utils.py", line 227, in async_wrapper\n    return await func(*args, **kwargs)\n           ^^^^^^^^^^^^^^^^^^^^^^^^^^^\n  File "F:\\py\\Lib\\site-packages\\redis\\asyncio\\connection.py", line 1351, in get_connection\n    await self.ensure_connection(connection)\n  File "F:\\py\\Lib\\site-packages\\redis\\asyncio\\connection.py", line 1390, in ensure_connection\n    await connection.connect()\n  File "F:\\py\\Lib\\site-packages\\redis\\asyncio\\connection.py", line 339, in connect\n    await self.retry.call_with_retry(\n    ...<7 lines>...\n    )\n  File "F:\\py\\Lib\\site-packages\\redis\\asyncio\\retry.py", line 81, in call_with_retry\n    raise error\n  File "F:\\py\\Lib\\site-packages\\redis\\asyncio\\retry.py", line 69, in call_with_retry\n    return await do()\n           ^^^^^^^^^^\n  File "F:\\py\\Lib\\site-packages\\redis\\asyncio\\connection.py", line 403, in connect_check_health\n    await self.on_connect_check_health(check_health=check_health)\n  File "F:\\py\\Lib\\site-packages\\redis\\asyncio\\connection.py", line 560, in on_connect_check_health\n    await self.read_response()\n  File "F:\\py\\Lib\\site-packages\\redis\\asyncio\\connection.py", line 747, in read_response\n    raise ConnectionError(f"Error while reading from {host_error} : {e.args}")\nredis.exceptions.ConnectionError: Error while reading from 192.168.100.128:6379 : (22, \'÷∏∂®µƒÕ¯¬Á√˚≤ª‘Ÿø…”√°£\', None, 64, None)'}
ERROR    ai_werewolf_core.core.event.bus:bus.py:741 {'game_id': None, 'error': 'EventBus Œﬁ∑®ªÒ»° Redis øÕªß∂À', 'event': '«Â¿Ì ¬º˛ Stream “Ï≥£', 'level': 'error', 'logger': 'ai_werewolf_core.core.event.bus', 'timestamp': '2026-05-14T21:31:37.889865+08:00', 'exception': 'Traceback (most recent call last):\n  File "F:\\py\\Lib\\asyncio\\windows_events.py", line 463, in finish_socket_func\n    return ov.getresult()\n           ~~~~~~~~~~~~^^\nOSError: [WinError 64] ÷∏∂®µƒÕ¯¬Á√˚≤ª‘Ÿø…”√°£\n\nDuring handling of the above exception, another exception occurred:\n\nTraceback (most recent call last):\n  File "F:\\py\\Lib\\site-packages\\redis\\asyncio\\connection.py", line 725, in read_response\n    response = await self._parser.read_response(\n               ^^^^^^^^^^^^^^^^^^^^^^^^^^^^^^^^^\n        disable_decoding=disable_decoding\n        ^^^^^^^^^^^^^^^^^^^^^^^^^^^^^^^^^\n    )\n    ^\n  File "F:\\py\\Lib\\site-packages\\redis\\_parsers\\resp2.py", line 82, in read_response\n    response = await self._read_response(disable_decoding=disable_decoding)\n               ^^^^^^^^^^^^^^^^^^^^^^^^^^^^^^^^^^^^^^^^^^^^^^^^^^^^^^^^^^^^\n  File "F:\\py\\Lib\\site-packages\\redis\\_parsers\\resp2.py", line 90, in _read_response\n    raw = await self._readline()\n          ^^^^^^^^^^^^^^^^^^^^^^\n  File "F:\\py\\Lib\\site-packages\\redis\\_parsers\\base.py", line 559, in _readline\n    data = await self._stream.readline()\n           ^^^^^^^^^^^^^^^^^^^^^^^^^^^^^\n  File "F:\\py\\Lib\\asyncio\\streams.py", line 562, in readline\n    line = await self.readuntil(sep)\n           ^^^^^^^^^^^^^^^^^^^^^^^^^\n  File "F:\\py\\Lib\\asyncio\\streams.py", line 677, in readuntil\n    await self._wait_for_data(\'readuntil\')\n  File "F:\\py\\Lib\\asyncio\\streams.py", line 539, in _wait_for_data\n    await self._waiter\n  File "F:\\py\\Lib\\asyncio\\proactor_events.py", line 286, in _loop_reading\n    length = fut.result()\n  File "F:\\py\\Lib\\asyncio\\windows_events.py", line 804, in _poll\n    value = callback(transferred, key, ov)\n  File "F:\\py\\Lib\\asyncio\\windows_events.py", line 467, in finish_socket_func\n    raise ConnectionResetError(*exc.args)\nConnectionResetError: [WinError 64] ÷∏∂®µƒÕ¯¬Á√˚≤ª‘Ÿø…”√°£\n\nDuring handling of the above exception, another exception occurred:\n\nTraceback (most recent call last):\n  File "F:\\YilenaCode\\Werewolf\\ai_werewolf_core\\core\\event\\bus.py", line 111, in _get_redis\n    self._redis_client = await RedisClientManager.get_client()\n                         ^^^^^^^^^^^^^^^^^^^^^^^^^^^^^^^^^^^^^\n  File "F:\\YilenaCode\\Werewolf\\ai_werewolf_core\\utils\\redis_client.py", line 128, in get_client\n    await cls._client.ping()\n  File "F:\\py\\Lib\\site-packages\\redis\\asyncio\\client.py", line 764, in execute_command\n    conn = self.connection or await pool.get_connection()\n                              ^^^^^^^^^^^^^^^^^^^^^^^^^^^\n  File "F:\\py\\Lib\\site-packages\\redis\\utils.py", line 227, in async_wrapper\n    return await func(*args, **kwargs)\n           ^^^^^^^^^^^^^^^^^^^^^^^^^^^\n  File "F:\\py\\Lib\\site-packages\\redis\\asyncio\\connection.py", line 1351, in get_connection\n    await self.ensure_connection(connection)\n  File "F:\\py\\Lib\\site-packages\\redis\\asyncio\\connection.py", line 1390, in ensure_connection\n    await connection.connect()\n  File "F:\\py\\Lib\\site-packages\\redis\\asyncio\\connection.py", line 339, in connect\n    await self.retry.call_with_retry(\n    ...<7 lines>...\n    )\n  File "F:\\py\\Lib\\site-packages\\redis\\asyncio\\retry.py", line 81, in call_with_retry\n    raise error\n  File "F:\\py\\Lib\\site-packages\\redis\\asyncio\\retry.py", line 69, in call_with_retry\n    return await do()\n           ^^^^^^^^^^\n  File "F:\\py\\Lib\\site-packages\\redis\\asyncio\\connection.py", line 403, in connect_check_health\n    await self.on_connect_check_health(check_health=check_health)\n  File "F:\\py\\Lib\\site-packages\\redis\\asyncio\\connection.py", line 560, in on_connect_check_health\n    await self.read_response()\n  File "F:\\py\\Lib\\site-packages\\redis\\asyncio\\connection.py", line 747, in read_response\n    raise ConnectionError(f"Error while reading from {host_error} : {e.args}")\nredis.exceptions.ConnectionError: Error while reading from 192.168.100.128:6379 : (22, \'÷∏∂®µƒÕ¯¬Á√˚≤ª‘Ÿø…”√°£\', None, 64, None)\n\nThe above exception was the direct cause of the following exception:\n\nTraceback (most recent call last):\n  File "F:\\YilenaCode\\Werewolf\\ai_werewolf_core\\core\\event\\bus.py", line 710, in clear\n    redis = await self._get_redis()\n            ^^^^^^^^^^^^^^^^^^^^^^^\n  File "F:\\YilenaCode\\Werewolf\\ai_werewolf_core\\core\\event\\bus.py", line 114, in _get_redis\n    raise RedisUnavailableException(\n        "EventBus Œﬁ∑®ªÒ»° Redis øÕªß∂À"\n    ) from e\nai_werewolf_core.utils.redis_seq.RedisUnavailableException: EventBus Œﬁ∑®ªÒ»° Redis øÕªß∂À'}
_________________ TestInitGame.test_init_game_publishes_event _________________

trans = 0, key = 0, ov = <_overlapped.Overlapped object at 0x0000027C320BC6F0>

    @staticmethod
    def finish_socket_func(trans, key, ov):
        try:
>           return ov.getresult()
                   ^^^^^^^^^^^^^^
E           OSError: [WinError 64] ÷∏∂®µƒÕ¯¬Á√˚≤ª‘Ÿø…”√°£

F:\py\Lib\asyncio\windows_events.py:463: OSError

During handling of the above exception, another exception occurred:

self = <redis.asyncio.connection.Connection(host=192.168.100.128,port=6379,db=1)>
disable_decoding = False, timeout = None

    async def read_response(
        self,
        disable_decoding: bool = False,
        timeout: Optional[float] = None,
        *,
        disconnect_on_error: bool = True,
        push_request: Optional[bool] = False,
    ):
        """Read the response from a previously sent command"""
        read_timeout = timeout if timeout is not None else self.socket_timeout
        host_error = self._host_error()
        try:
            if read_timeout is not None and self.protocol in ["3", 3]:
                async with async_timeout(read_timeout):
                    response = await self._parser.read_response(
                        disable_decoding=disable_decoding, push_request=push_request
                    )
            elif read_timeout is not None:
                async with async_timeout(read_timeout):
>                   response = await self._parser.read_response(
                        disable_decoding=disable_decoding

F:\py\Lib\site-packages\redis\asyncio\connection.py:725: 
_ _ _ _ _ _ _ _ _ _ _ _ _ _ _ _ _ _ _ _ _ _ _ _ _ _ _ _ _ _ _ _ _ _ _ _ _ _ _ _
F:\py\Lib\site-packages\redis\_parsers\resp2.py:82: in read_response
    response = await self._read_response(disable_decoding=disable_decoding)
               ^^^^^^^^^^^^^^^^^^^^^^^^^^^^^^^^^^^^^^^^^^^^^^^^^^^^^^^^^^^^
F:\py\Lib\site-packages\redis\_parsers\resp2.py:90: in _read_response
    raw = await self._readline()
          ^^^^^^^^^^^^^^^^^^^^^^
F:\py\Lib\site-packages\redis\_parsers\base.py:559: in _readline
    data = await self._stream.readline()
           ^^^^^^^^^^^^^^^^^^^^^^^^^^^^^
F:\py\Lib\asyncio\streams.py:562: in readline
    line = await self.readuntil(sep)
           ^^^^^^^^^^^^^^^^^^^^^^^^^
F:\py\Lib\asyncio\streams.py:677: in readuntil
    await self._wait_for_data('readuntil')
F:\py\Lib\asyncio\streams.py:539: in _wait_for_data
    await self._waiter
F:\py\Lib\asyncio\proactor_events.py:286: in _loop_reading
    length = fut.result()
             ^^^^^^^^^^^^
F:\py\Lib\asyncio\windows_events.py:804: in _poll
    value = callback(transferred, key, ov)
            ^^^^^^^^^^^^^^^^^^^^^^^^^^^^^^
_ _ _ _ _ _ _ _ _ _ _ _ _ _ _ _ _ _ _ _ _ _ _ _ _ _ _ _ _ _ _ _ _ _ _ _ _ _ _ _

trans = 0, key = 0, ov = <_overlapped.Overlapped object at 0x0000027C320BC6F0>

    @staticmethod
    def finish_socket_func(trans, key, ov):
        try:
            return ov.getresult()
        except OSError as exc:
            if exc.winerror in (_overlapped.ERROR_NETNAME_DELETED,
                                _overlapped.ERROR_OPERATION_ABORTED):
>               raise ConnectionResetError(*exc.args)
E               ConnectionResetError: [WinError 64] ÷∏∂®µƒÕ¯¬Á√˚≤ª‘Ÿø…”√°£

F:\py\Lib\asyncio\windows_events.py:467: ConnectionResetError

During handling of the above exception, another exception occurred:

self = <ai_werewolf_core.core.engine.lifecycle.LifecycleManager object at 0x0000027C31E08210>

    async def _get_redis(self) -> aioredis.Redis:
        """ªÒ»° Redis “Ï≤ΩøÕªß∂À£®¿¡≥ı ºªØ£¨π≤œÌ¡¨Ω”≥ÿ£©°£"""
        if self._redis is None:
            try:
>               self._redis = await RedisClientManager.get_client()
                              ^^^^^^^^^^^^^^^^^^^^^^^^^^^^^^^^^^^^^

ai_werewolf_core\core\engine\lifecycle.py:143: 
_ _ _ _ _ _ _ _ _ _ _ _ _ _ _ _ _ _ _ _ _ _ _ _ _ _ _ _ _ _ _ _ _ _ _ _ _ _ _ _
ai_werewolf_core\utils\redis_client.py:128: in get_client
    await cls._client.ping()
F:\py\Lib\site-packages\redis\asyncio\client.py:764: in execute_command
    conn = self.connection or await pool.get_connection()
                              ^^^^^^^^^^^^^^^^^^^^^^^^^^^
F:\py\Lib\site-packages\redis\utils.py:227: in async_wrapper
    return await func(*args, **kwargs)
           ^^^^^^^^^^^^^^^^^^^^^^^^^^^
F:\py\Lib\site-packages\redis\asyncio\connection.py:1351: in get_connection
    await self.ensure_connection(connection)
F:\py\Lib\site-packages\redis\asyncio\connection.py:1390: in ensure_connection
    await connection.connect()
F:\py\Lib\site-packages\redis\asyncio\connection.py:339: in connect
    await self.retry.call_with_retry(
F:\py\Lib\site-packages\redis\asyncio\retry.py:81: in call_with_retry
    raise error
F:\py\Lib\site-packages\redis\asyncio\retry.py:69: in call_with_retry
    return await do()
           ^^^^^^^^^^
F:\py\Lib\site-packages\redis\asyncio\connection.py:403: in connect_check_health
    await self.on_connect_check_health(check_health=check_health)
F:\py\Lib\site-packages\redis\asyncio\connection.py:560: in on_connect_check_health
    await self.read_response()
_ _ _ _ _ _ _ _ _ _ _ _ _ _ _ _ _ _ _ _ _ _ _ _ _ _ _ _ _ _ _ _ _ _ _ _ _ _ _ _

self = <redis.asyncio.connection.Connection(host=192.168.100.128,port=6379,db=1)>
disable_decoding = False, timeout = None

    async def read_response(
        self,
        disable_decoding: bool = False,
        timeout: Optional[float] = None,
        *,
        disconnect_on_error: bool = True,
        push_request: Optional[bool] = False,
    ):
        """Read the response from a previously sent command"""
        read_timeout = timeout if timeout is not None else self.socket_timeout
        host_error = self._host_error()
        try:
            if read_timeout is not None and self.protocol in ["3", 3]:
                async with async_timeout(read_timeout):
                    response = await self._parser.read_response(
                        disable_decoding=disable_decoding, push_request=push_request
                    )
            elif read_timeout is not None:
                async with async_timeout(read_timeout):
                    response = await self._parser.read_response(
                        disable_decoding=disable_decoding
                    )
            elif self.protocol in ["3", 3]:
                response = await self._parser.read_response(
                    disable_decoding=disable_decoding, push_request=push_request
                )
            else:
                response = await self._parser.read_response(
                    disable_decoding=disable_decoding
                )
        except asyncio.TimeoutError:
            if timeout is not None:
                # user requested timeout, return None. Operation can be retried
                return None
            # it was a self.socket_timeout error.
            if disconnect_on_error:
                await self.disconnect(nowait=True)
            raise TimeoutError(f"Timeout reading from {host_error}")
        except OSError as e:
            if disconnect_on_error:
                await self.disconnect(nowait=True)
>           raise ConnectionError(f"Error while reading from {host_error} : {e.args}")
E           redis.exceptions.ConnectionError: Error while reading from 192.168.100.128:6379 : (22, '÷∏∂®µƒÕ¯¬Á√˚≤ª‘Ÿø…”√°£', None, 64, None)

F:\py\Lib\site-packages\redis\asyncio\connection.py:747: ConnectionError

The above exception was the direct cause of the following exception:

self = <test_lifecycle.TestInitGame object at 0x0000027C303D2710>
lifecycle = <ai_werewolf_core.core.engine.lifecycle.LifecycleManager object at 0x0000027C31E08210>
event_bus = <ai_werewolf_core.core.event.bus.EventBus object at 0x0000027C320BF110>

    @pytest.mark.asyncio
    async def test_init_game_publishes_event(self, lifecycle, event_bus):
        """init_game ”¶Õ®π˝ EventBus ∑¢≤º◊¥Ã¨±‰∏¸ ¬º˛°£"""
        captured = []
        event_bus.publish = AsyncMock(side_effect=lambda e: captured.append(e))
    
>       await lifecycle.init_game()

tests\unit\core\engine\test_lifecycle.py:97: 
_ _ _ _ _ _ _ _ _ _ _ _ _ _ _ _ _ _ _ _ _ _ _ _ _ _ _ _ _ _ _ _ _ _ _ _ _ _ _ _
ai_werewolf_core\core\engine\lifecycle.py:420: in init_game
    current_status = await self.get_status()
                     ^^^^^^^^^^^^^^^^^^^^^^^
ai_werewolf_core\core\engine\lifecycle.py:262: in get_status
    status = await self._get_status_from_redis()
             ^^^^^^^^^^^^^^^^^^^^^^^^^^^^^^^^^^^
ai_werewolf_core\core\engine\lifecycle.py:167: in _get_status_from_redis
    redis = await self._get_redis()
            ^^^^^^^^^^^^^^^^^^^^^^^
_ _ _ _ _ _ _ _ _ _ _ _ _ _ _ _ _ _ _ _ _ _ _ _ _ _ _ _ _ _ _ _ _ _ _ _ _ _ _ _

self = <ai_werewolf_core.core.engine.lifecycle.LifecycleManager object at 0x0000027C31E08210>

    async def _get_redis(self) -> aioredis.Redis:
        """ªÒ»° Redis “Ï≤ΩøÕªß∂À£®¿¡≥ı ºªØ£¨π≤œÌ¡¨Ω”≥ÿ£©°£"""
        if self._redis is None:
            try:
                self._redis = await RedisClientManager.get_client()
                self._logger.debug("LifecycleManager “—ªÒ»°π≤œÌ Redis øÕªß∂À")
            except (aioredis.ConnectionError, aioredis.TimeoutError) as e:
>               raise RedisUnavailableException(
                    f"LifecycleManager Œﬁ∑®ªÒ»° Redis øÕªß∂À: game_id={self.game_id}"
                ) from e
E               ai_werewolf_core.utils.redis_seq.RedisUnavailableException: LifecycleManager Œﬁ∑®ªÒ»° Redis øÕªß∂À: game_id=test_lifecycle_22e43e438f57408a993492496e5d4490

ai_werewolf_core\core\engine\lifecycle.py:146: RedisUnavailableException
---------------------------- Captured stderr setup ----------------------------
[2m2026-05-14T21:31:37.892574+08:00[0m [[32m[1mdebug    [0m] [1mglobal_subscribe              [0m [[0m[1m[34mai_werewolf_core.core.event.bus[0m][0m [36mhandler[0m=[35m_default_log_subscriber[0m
[2m2026-05-14T21:31:37.892722+08:00[0m [[32m[1mdebug    [0m] [1mglobal_subscribe              [0m [[0m[1m[34mai_werewolf_core.core.event.bus[0m][0m [36mhandler[0m=[35m_persist_to_db[0m
----------------------------- Captured log setup ------------------------------
DEBUG    ai_werewolf_core.core.event.bus:bus.py:519 {'handler': '_default_log_subscriber', 'event': 'global_subscribe', 'level': 'debug', 'logger': 'ai_werewolf_core.core.event.bus', 'timestamp': '2026-05-14T21:31:37.892574+08:00'}
DEBUG    ai_werewolf_core.core.event.bus:bus.py:519 {'handler': '_persist_to_db', 'event': 'global_subscribe', 'level': 'debug', 'logger': 'ai_werewolf_core.core.event.bus', 'timestamp': '2026-05-14T21:31:37.892722+08:00'}
---------------------------- Captured stderr call -----------------------------
[2m2026-05-14T21:31:37.893399+08:00[0m [[32m[1minfo     [0m] [1mgame_init                     [0m [[0m[1m[34mai_werewolf_core.core.engine.lifecycle[0m][0m [36mgame_id[0m=[35mtest_lifecycle_22e43e438f57408a993492496e5d4490[0m [36mmodule[0m=[35mLifecycleManager[0m
[2m2026-05-14T21:31:37.893538+08:00[0m [[32m[1mdebug    [0m] [1mRedis ¡¨Ω”≥ÿ“—¥¥Ω®                  [0m [[0m[1m[34mai_werewolf_core.utils.redis_client[0m][0m [36mmax_connections[0m=[35m300[0m [36msocket_timeout[0m=[35m10[0m
[2m2026-05-14T21:31:42.895831+08:00[0m [[31m[1merror    [0m] [1mRedis ¡¨Ω”—È÷§ ß∞‹ (PING)           [0m [[0m[1m[34mai_werewolf_core.utils.redis_client[0m][0m [36merror[0m=[35m"Error while reading from 192.168.100.128:6379 : (22, '÷∏∂®µƒÕ¯¬Á√˚≤ª‘Ÿø…”√°£', None, 64, None)"[0m [36mhost[0m=[35m192.168.100.128[0m [36mport[0m=[35m6379[0m
Traceback (most recent call last):
  File "F:\py\Lib\asyncio\windows_events.py", line 463, in finish_socket_func
    return ov.getresult()
           ~~~~~~~~~~~~^^
OSError: [WinError 64] ÷∏∂®µƒÕ¯¬Á√˚≤ª‘Ÿø…”√°£

During handling of the above exception, another exception occurred:

Traceback (most recent call last):
  File "F:\py\Lib\site-packages\redis\asyncio\connection.py", line 725, in read_response
    response = await self._parser.read_response(
               ^^^^^^^^^^^^^^^^^^^^^^^^^^^^^^^^^
        disable_decoding=disable_decoding
        ^^^^^^^^^^^^^^^^^^^^^^^^^^^^^^^^^
    )
    ^
  File "F:\py\Lib\site-packages\redis\_parsers\resp2.py", line 82, in read_response
    response = await self._read_response(disable_decoding=disable_decoding)
               ^^^^^^^^^^^^^^^^^^^^^^^^^^^^^^^^^^^^^^^^^^^^^^^^^^^^^^^^^^^^
  File "F:\py\Lib\site-packages\redis\_parsers\resp2.py", line 90, in _read_response
    raw = await self._readline()
          ^^^^^^^^^^^^^^^^^^^^^^
  File "F:\py\Lib\site-packages\redis\_parsers\base.py", line 559, in _readline
    data = await self._stream.readline()
           ^^^^^^^^^^^^^^^^^^^^^^^^^^^^^
  File "F:\py\Lib\asyncio\streams.py", line 562, in readline
    line = await self.readuntil(sep)
           ^^^^^^^^^^^^^^^^^^^^^^^^^
  File "F:\py\Lib\asyncio\streams.py", line 677, in readuntil
    await self._wait_for_data('readuntil')
  File "F:\py\Lib\asyncio\streams.py", line 539, in _wait_for_data
    await self._waiter
  File "F:\py\Lib\asyncio\proactor_events.py", line 286, in _loop_reading
    length = fut.result()
  File "F:\py\Lib\asyncio\windows_events.py", line 804, in _poll
    value = callback(transferred, key, ov)
  File "F:\py\Lib\asyncio\windows_events.py", line 467, in finish_socket_func
    raise ConnectionResetError(*exc.args)
ConnectionResetError: [WinError 64] ÷∏∂®µƒÕ¯¬Á√˚≤ª‘Ÿø…”√°£

During handling of the above exception, another exception occurred:

Traceback (most recent call last):
  File "F:\YilenaCode\Werewolf\ai_werewolf_core\utils\redis_client.py", line 128, in get_client
    await cls._client.ping()
  File "F:\py\Lib\site-packages\redis\asyncio\client.py", line 764, in execute_command
    conn = self.connection or await pool.get_connection()
                              ^^^^^^^^^^^^^^^^^^^^^^^^^^^
  File "F:\py\Lib\site-packages\redis\utils.py", line 227, in async_wrapper
    return await func(*args, **kwargs)
           ^^^^^^^^^^^^^^^^^^^^^^^^^^^
  File "F:\py\Lib\site-packages\redis\asyncio\connection.py", line 1351, in get_connection
    await self.ensure_connection(connection)
  File "F:\py\Lib\site-packages\redis\asyncio\connection.py", line 1390, in ensure_connection
    await connection.connect()
  File "F:\py\Lib\site-packages\redis\asyncio\connection.py", line 339, in connect
    await self.retry.call_with_retry(
    ...<7 lines>...
    )
  File "F:\py\Lib\site-packages\redis\asyncio\retry.py", line 81, in call_with_retry
    raise error
  File "F:\py\Lib\site-packages\redis\asyncio\retry.py", line 69, in call_with_retry
    return await do()
           ^^^^^^^^^^
  File "F:\py\Lib\site-packages\redis\asyncio\connection.py", line 403, in connect_check_health
    await self.on_connect_check_health(check_health=check_health)
  File "F:\py\Lib\site-packages\redis\asyncio\connection.py", line 560, in on_connect_check_health
    await self.read_response()
  File "F:\py\Lib\site-packages\redis\asyncio\connection.py", line 747, in read_response
    raise ConnectionError(f"Error while reading from {host_error} : {e.args}")
redis.exceptions.ConnectionError: Error while reading from 192.168.100.128:6379 : (22, '÷∏∂®µƒÕ¯¬Á√˚≤ª‘Ÿø…”√°£', None, 64, None)
------------------------------ Captured log call ------------------------------
INFO     ai_werewolf_core.core.engine.lifecycle:lifecycle.py:418 {'game_id': 'test_lifecycle_22e43e438f57408a993492496e5d4490', 'module': 'LifecycleManager', 'event': 'game_init', 'level': 'info', 'logger': 'ai_werewolf_core.core.engine.lifecycle', 'timestamp': '2026-05-14T21:31:37.893399+08:00'}
DEBUG    ai_werewolf_core.utils.redis_client:redis_client.py:243 {'max_connections': 300, 'socket_timeout': 10, 'event': 'Redis ¡¨Ω”≥ÿ“—¥¥Ω®', 'level': 'debug', 'logger': 'ai_werewolf_core.utils.redis_client', 'timestamp': '2026-05-14T21:31:37.893538+08:00'}
ERROR    ai_werewolf_core.utils.redis_client:redis_client.py:130 {'host': '192.168.100.128', 'port': 6379, 'error': "Error while reading from 192.168.100.128:6379 : (22, '÷∏∂®µƒÕ¯¬Á√˚≤ª‘Ÿø…”√°£', None, 64, None)", 'event': 'Redis ¡¨Ω”—È÷§ ß∞‹ (PING)', 'level': 'error', 'logger': 'ai_werewolf_core.utils.redis_client', 'timestamp': '2026-05-14T21:31:42.895831+08:00', 'exception': 'Traceback (most recent call last):\n  File "F:\\py\\Lib\\asyncio\\windows_events.py", line 463, in finish_socket_func\n    return ov.getresult()\n           ~~~~~~~~~~~~^^\nOSError: [WinError 64] ÷∏∂®µƒÕ¯¬Á√˚≤ª‘Ÿø…”√°£\n\nDuring handling of the above exception, another exception occurred:\n\nTraceback (most recent call last):\n  File "F:\\py\\Lib\\site-packages\\redis\\asyncio\\connection.py", line 725, in read_response\n    response = await self._parser.read_response(\n               ^^^^^^^^^^^^^^^^^^^^^^^^^^^^^^^^^\n        disable_decoding=disable_decoding\n        ^^^^^^^^^^^^^^^^^^^^^^^^^^^^^^^^^\n    )\n    ^\n  File "F:\\py\\Lib\\site-packages\\redis\\_parsers\\resp2.py", line 82, in read_response\n    response = await self._read_response(disable_decoding=disable_decoding)\n               ^^^^^^^^^^^^^^^^^^^^^^^^^^^^^^^^^^^^^^^^^^^^^^^^^^^^^^^^^^^^\n  File "F:\\py\\Lib\\site-packages\\redis\\_parsers\\resp2.py", line 90, in _read_response\n    raw = await self._readline()\n          ^^^^^^^^^^^^^^^^^^^^^^\n  File "F:\\py\\Lib\\site-packages\\redis\\_parsers\\base.py", line 559, in _readline\n    data = await self._stream.readline()\n           ^^^^^^^^^^^^^^^^^^^^^^^^^^^^^\n  File "F:\\py\\Lib\\asyncio\\streams.py", line 562, in readline\n    line = await self.readuntil(sep)\n           ^^^^^^^^^^^^^^^^^^^^^^^^^\n  File "F:\\py\\Lib\\asyncio\\streams.py", line 677, in readuntil\n    await self._wait_for_data(\'readuntil\')\n  File "F:\\py\\Lib\\asyncio\\streams.py", line 539, in _wait_for_data\n    await self._waiter\n  File "F:\\py\\Lib\\asyncio\\proactor_events.py", line 286, in _loop_reading\n    length = fut.result()\n  File "F:\\py\\Lib\\asyncio\\windows_events.py", line 804, in _poll\n    value = callback(transferred, key, ov)\n  File "F:\\py\\Lib\\asyncio\\windows_events.py", line 467, in finish_socket_func\n    raise ConnectionResetError(*exc.args)\nConnectionResetError: [WinError 64] ÷∏∂®µƒÕ¯¬Á√˚≤ª‘Ÿø…”√°£\n\nDuring handling of the above exception, another exception occurred:\n\nTraceback (most recent call last):\n  File "F:\\YilenaCode\\Werewolf\\ai_werewolf_core\\utils\\redis_client.py", line 128, in get_client\n    await cls._client.ping()\n  File "F:\\py\\Lib\\site-packages\\redis\\asyncio\\client.py", line 764, in execute_command\n    conn = self.connection or await pool.get_connection()\n                              ^^^^^^^^^^^^^^^^^^^^^^^^^^^\n  File "F:\\py\\Lib\\site-packages\\redis\\utils.py", line 227, in async_wrapper\n    return await func(*args, **kwargs)\n           ^^^^^^^^^^^^^^^^^^^^^^^^^^^\n  File "F:\\py\\Lib\\site-packages\\redis\\asyncio\\connection.py", line 1351, in get_connection\n    await self.ensure_connection(connection)\n  File "F:\\py\\Lib\\site-packages\\redis\\asyncio\\connection.py", line 1390, in ensure_connection\n    await connection.connect()\n  File "F:\\py\\Lib\\site-packages\\redis\\asyncio\\connection.py", line 339, in connect\n    await self.retry.call_with_retry(\n    ...<7 lines>...\n    )\n  File "F:\\py\\Lib\\site-packages\\redis\\asyncio\\retry.py", line 81, in call_with_retry\n    raise error\n  File "F:\\py\\Lib\\site-packages\\redis\\asyncio\\retry.py", line 69, in call_with_retry\n    return await do()\n           ^^^^^^^^^^\n  File "F:\\py\\Lib\\site-packages\\redis\\asyncio\\connection.py", line 403, in connect_check_health\n    await self.on_connect_check_health(check_health=check_health)\n  File "F:\\py\\Lib\\site-packages\\redis\\asyncio\\connection.py", line 560, in on_connect_check_health\n    await self.read_response()\n  File "F:\\py\\Lib\\site-packages\\redis\\asyncio\\connection.py", line 747, in read_response\n    raise ConnectionError(f"Error while reading from {host_error} : {e.args}")\nredis.exceptions.ConnectionError: Error while reading from 192.168.100.128:6379 : (22, \'÷∏∂®µƒÕ¯¬Á√˚≤ª‘Ÿø…”√°£\', None, 64, None)'}
-------------------------- Captured stderr teardown ---------------------------
[2m2026-05-14T21:31:43.045527+08:00[0m [[32m[1mdebug    [0m] [1mRedis ¡¨Ω”≥ÿ“—¥¥Ω®                  [0m [[0m[1m[34mai_werewolf_core.utils.redis_client[0m][0m [36mmax_connections[0m=[35m300[0m [36msocket_timeout[0m=[35m10[0m
[2m2026-05-14T21:31:48.048636+08:00[0m [[31m[1merror    [0m] [1mRedis ¡¨Ω”—È÷§ ß∞‹ (PING)           [0m [[0m[1m[34mai_werewolf_core.utils.redis_client[0m][0m [36merror[0m=[35m"Error while reading from 192.168.100.128:6379 : (22, '÷∏∂®µƒÕ¯¬Á√˚≤ª‘Ÿø…”√°£', None, 64, None)"[0m [36mhost[0m=[35m192.168.100.128[0m [36mport[0m=[35m6379[0m
Traceback (most recent call last):
  File "F:\py\Lib\asyncio\windows_events.py", line 463, in finish_socket_func
    return ov.getresult()
           ~~~~~~~~~~~~^^
OSError: [WinError 64] ÷∏∂®µƒÕ¯¬Á√˚≤ª‘Ÿø…”√°£

During handling of the above exception, another exception occurred:

Traceback (most recent call last):
  File "F:\py\Lib\site-packages\redis\asyncio\connection.py", line 725, in read_response
    response = await self._parser.read_response(
               ^^^^^^^^^^^^^^^^^^^^^^^^^^^^^^^^^
        disable_decoding=disable_decoding
        ^^^^^^^^^^^^^^^^^^^^^^^^^^^^^^^^^
    )
    ^
  File "F:\py\Lib\site-packages\redis\_parsers\resp2.py", line 82, in read_response
    response = await self._read_response(disable_decoding=disable_decoding)
               ^^^^^^^^^^^^^^^^^^^^^^^^^^^^^^^^^^^^^^^^^^^^^^^^^^^^^^^^^^^^
  File "F:\py\Lib\site-packages\redis\_parsers\resp2.py", line 90, in _read_response
    raw = await self._readline()
          ^^^^^^^^^^^^^^^^^^^^^^
  File "F:\py\Lib\site-packages\redis\_parsers\base.py", line 559, in _readline
    data = await self._stream.readline()
           ^^^^^^^^^^^^^^^^^^^^^^^^^^^^^
  File "F:\py\Lib\asyncio\streams.py", line 562, in readline
    line = await self.readuntil(sep)
           ^^^^^^^^^^^^^^^^^^^^^^^^^
  File "F:\py\Lib\asyncio\streams.py", line 677, in readuntil
    await self._wait_for_data('readuntil')
  File "F:\py\Lib\asyncio\streams.py", line 539, in _wait_for_data
    await self._waiter
  File "F:\py\Lib\asyncio\proactor_events.py", line 286, in _loop_reading
    length = fut.result()
  File "F:\py\Lib\asyncio\windows_events.py", line 804, in _poll
    value = callback(transferred, key, ov)
  File "F:\py\Lib\asyncio\windows_events.py", line 467, in finish_socket_func
    raise ConnectionResetError(*exc.args)
ConnectionResetError: [WinError 64] ÷∏∂®µƒÕ¯¬Á√˚≤ª‘Ÿø…”√°£

During handling of the above exception, another exception occurred:

Traceback (most recent call last):
  File "F:\YilenaCode\Werewolf\ai_werewolf_core\utils\redis_client.py", line 128, in get_client
    await cls._client.ping()
  File "F:\py\Lib\site-packages\redis\asyncio\client.py", line 764, in execute_command
    conn = self.connection or await pool.get_connection()
                              ^^^^^^^^^^^^^^^^^^^^^^^^^^^
  File "F:\py\Lib\site-packages\redis\utils.py", line 227, in async_wrapper
    return await func(*args, **kwargs)
           ^^^^^^^^^^^^^^^^^^^^^^^^^^^
  File "F:\py\Lib\site-packages\redis\asyncio\connection.py", line 1351, in get_connection
    await self.ensure_connection(connection)
  File "F:\py\Lib\site-packages\redis\asyncio\connection.py", line 1390, in ensure_connection
    await connection.connect()
  File "F:\py\Lib\site-packages\redis\asyncio\connection.py", line 339, in connect
    await self.retry.call_with_retry(
    ...<7 lines>...
    )
  File "F:\py\Lib\site-packages\redis\asyncio\retry.py", line 81, in call_with_retry
    raise error
  File "F:\py\Lib\site-packages\redis\asyncio\retry.py", line 69, in call_with_retry
    return await do()
           ^^^^^^^^^^
  File "F:\py\Lib\site-packages\redis\asyncio\connection.py", line 403, in connect_check_health
    await self.on_connect_check_health(check_health=check_health)
  File "F:\py\Lib\site-packages\redis\asyncio\connection.py", line 560, in on_connect_check_health
    await self.read_response()
  File "F:\py\Lib\site-packages\redis\asyncio\connection.py", line 747, in read_response
    raise ConnectionError(f"Error while reading from {host_error} : {e.args}")
redis.exceptions.ConnectionError: Error while reading from 192.168.100.128:6379 : (22, '÷∏∂®µƒÕ¯¬Á√˚≤ª‘Ÿø…”√°£', None, 64, None)
[2m2026-05-14T21:31:48.051194+08:00[0m [[31m[1merror    [0m] [1m«Â¿Ì ¬º˛ Stream “Ï≥£                [0m [[0m[1m[34mai_werewolf_core.core.event.bus[0m][0m [36merror[0m=[35m'EventBus Œﬁ∑®ªÒ»° Redis øÕªß∂À'[0m [36mgame_id[0m=[35mNone[0m
Traceback (most recent call last):
  File "F:\py\Lib\asyncio\windows_events.py", line 463, in finish_socket_func
    return ov.getresult()
           ~~~~~~~~~~~~^^
OSError: [WinError 64] ÷∏∂®µƒÕ¯¬Á√˚≤ª‘Ÿø…”√°£

During handling of the above exception, another exception occurred:

Traceback (most recent call last):
  File "F:\py\Lib\site-packages\redis\asyncio\connection.py", line 725, in read_response
    response = await self._parser.read_response(
               ^^^^^^^^^^^^^^^^^^^^^^^^^^^^^^^^^
        disable_decoding=disable_decoding
        ^^^^^^^^^^^^^^^^^^^^^^^^^^^^^^^^^
    )
    ^
  File "F:\py\Lib\site-packages\redis\_parsers\resp2.py", line 82, in read_response
    response = await self._read_response(disable_decoding=disable_decoding)
               ^^^^^^^^^^^^^^^^^^^^^^^^^^^^^^^^^^^^^^^^^^^^^^^^^^^^^^^^^^^^
  File "F:\py\Lib\site-packages\redis\_parsers\resp2.py", line 90, in _read_response
    raw = await self._readline()
          ^^^^^^^^^^^^^^^^^^^^^^
  File "F:\py\Lib\site-packages\redis\_parsers\base.py", line 559, in _readline
    data = await self._stream.readline()
           ^^^^^^^^^^^^^^^^^^^^^^^^^^^^^
  File "F:\py\Lib\asyncio\streams.py", line 562, in readline
    line = await self.readuntil(sep)
           ^^^^^^^^^^^^^^^^^^^^^^^^^
  File "F:\py\Lib\asyncio\streams.py", line 677, in readuntil
    await self._wait_for_data('readuntil')
  File "F:\py\Lib\asyncio\streams.py", line 539, in _wait_for_data
    await self._waiter
  File "F:\py\Lib\asyncio\proactor_events.py", line 286, in _loop_reading
    length = fut.result()
  File "F:\py\Lib\asyncio\windows_events.py", line 804, in _poll
    value = callback(transferred, key, ov)
  File "F:\py\Lib\asyncio\windows_events.py", line 467, in finish_socket_func
    raise ConnectionResetError(*exc.args)
ConnectionResetError: [WinError 64] ÷∏∂®µƒÕ¯¬Á√˚≤ª‘Ÿø…”√°£

During handling of the above exception, another exception occurred:

Traceback (most recent call last):
  File "F:\YilenaCode\Werewolf\ai_werewolf_core\core\event\bus.py", line 111, in _get_redis
    self._redis_client = await RedisClientManager.get_client()
                         ^^^^^^^^^^^^^^^^^^^^^^^^^^^^^^^^^^^^^
  File "F:\YilenaCode\Werewolf\ai_werewolf_core\utils\redis_client.py", line 128, in get_client
    await cls._client.ping()
  File "F:\py\Lib\site-packages\redis\asyncio\client.py", line 764, in execute_command
    conn = self.connection or await pool.get_connection()
                              ^^^^^^^^^^^^^^^^^^^^^^^^^^^
  File "F:\py\Lib\site-packages\redis\utils.py", line 227, in async_wrapper
    return await func(*args, **kwargs)
           ^^^^^^^^^^^^^^^^^^^^^^^^^^^
  File "F:\py\Lib\site-packages\redis\asyncio\connection.py", line 1351, in get_connection
    await self.ensure_connection(connection)
  File "F:\py\Lib\site-packages\redis\asyncio\connection.py", line 1390, in ensure_connection
    await connection.connect()
  File "F:\py\Lib\site-packages\redis\asyncio\connection.py", line 339, in connect
    await self.retry.call_with_retry(
    ...<7 lines>...
    )
  File "F:\py\Lib\site-packages\redis\asyncio\retry.py", line 81, in call_with_retry
    raise error
  File "F:\py\Lib\site-packages\redis\asyncio\retry.py", line 69, in call_with_retry
    return await do()
           ^^^^^^^^^^
  File "F:\py\Lib\site-packages\redis\asyncio\connection.py", line 403, in connect_check_health
    await self.on_connect_check_health(check_health=check_health)
  File "F:\py\Lib\site-packages\redis\asyncio\connection.py", line 560, in on_connect_check_health
    await self.read_response()
  File "F:\py\Lib\site-packages\redis\asyncio\connection.py", line 747, in read_response
    raise ConnectionError(f"Error while reading from {host_error} : {e.args}")
redis.exceptions.ConnectionError: Error while reading from 192.168.100.128:6379 : (22, '÷∏∂®µƒÕ¯¬Á√˚≤ª‘Ÿø…”√°£', None, 64, None)

The above exception was the direct cause of the following exception:

Traceback (most recent call last):
  File "F:\YilenaCode\Werewolf\ai_werewolf_core\core\event\bus.py", line 710, in clear
    redis = await self._get_redis()
            ^^^^^^^^^^^^^^^^^^^^^^^
  File "F:\YilenaCode\Werewolf\ai_werewolf_core\core\event\bus.py", line 114, in _get_redis
    raise RedisUnavailableException(
        "EventBus Œﬁ∑®ªÒ»° Redis øÕªß∂À"
    ) from e
ai_werewolf_core.utils.redis_seq.RedisUnavailableException: EventBus Œﬁ∑®ªÒ»° Redis øÕªß∂À
---------------------------- Captured log teardown ----------------------------
DEBUG    ai_werewolf_core.utils.redis_client:redis_client.py:243 {'max_connections': 300, 'socket_timeout': 10, 'event': 'Redis ¡¨Ω”≥ÿ“—¥¥Ω®', 'level': 'debug', 'logger': 'ai_werewolf_core.utils.redis_client', 'timestamp': '2026-05-14T21:31:43.045527+08:00'}
ERROR    ai_werewolf_core.utils.redis_client:redis_client.py:130 {'host': '192.168.100.128', 'port': 6379, 'error': "Error while reading from 192.168.100.128:6379 : (22, '÷∏∂®µƒÕ¯¬Á√˚≤ª‘Ÿø…”√°£', None, 64, None)", 'event': 'Redis ¡¨Ω”—È÷§ ß∞‹ (PING)', 'level': 'error', 'logger': 'ai_werewolf_core.utils.redis_client', 'timestamp': '2026-05-14T21:31:48.048636+08:00', 'exception': 'Traceback (most recent call last):\n  File "F:\\py\\Lib\\asyncio\\windows_events.py", line 463, in finish_socket_func\n    return ov.getresult()\n           ~~~~~~~~~~~~^^\nOSError: [WinError 64] ÷∏∂®µƒÕ¯¬Á√˚≤ª‘Ÿø…”√°£\n\nDuring handling of the above exception, another exception occurred:\n\nTraceback (most recent call last):\n  File "F:\\py\\Lib\\site-packages\\redis\\asyncio\\connection.py", line 725, in read_response\n    response = await self._parser.read_response(\n               ^^^^^^^^^^^^^^^^^^^^^^^^^^^^^^^^^\n        disable_decoding=disable_decoding\n        ^^^^^^^^^^^^^^^^^^^^^^^^^^^^^^^^^\n    )\n    ^\n  File "F:\\py\\Lib\\site-packages\\redis\\_parsers\\resp2.py", line 82, in read_response\n    response = await self._read_response(disable_decoding=disable_decoding)\n               ^^^^^^^^^^^^^^^^^^^^^^^^^^^^^^^^^^^^^^^^^^^^^^^^^^^^^^^^^^^^\n  File "F:\\py\\Lib\\site-packages\\redis\\_parsers\\resp2.py", line 90, in _read_response\n    raw = await self._readline()\n          ^^^^^^^^^^^^^^^^^^^^^^\n  File "F:\\py\\Lib\\site-packages\\redis\\_parsers\\base.py", line 559, in _readline\n    data = await self._stream.readline()\n           ^^^^^^^^^^^^^^^^^^^^^^^^^^^^^\n  File "F:\\py\\Lib\\asyncio\\streams.py", line 562, in readline\n    line = await self.readuntil(sep)\n           ^^^^^^^^^^^^^^^^^^^^^^^^^\n  File "F:\\py\\Lib\\asyncio\\streams.py", line 677, in readuntil\n    await self._wait_for_data(\'readuntil\')\n  File "F:\\py\\Lib\\asyncio\\streams.py", line 539, in _wait_for_data\n    await self._waiter\n  File "F:\\py\\Lib\\asyncio\\proactor_events.py", line 286, in _loop_reading\n    length = fut.result()\n  File "F:\\py\\Lib\\asyncio\\windows_events.py", line 804, in _poll\n    value = callback(transferred, key, ov)\n  File "F:\\py\\Lib\\asyncio\\windows_events.py", line 467, in finish_socket_func\n    raise ConnectionResetError(*exc.args)\nConnectionResetError: [WinError 64] ÷∏∂®µƒÕ¯¬Á√˚≤ª‘Ÿø…”√°£\n\nDuring handling of the above exception, another exception occurred:\n\nTraceback (most recent call last):\n  File "F:\\YilenaCode\\Werewolf\\ai_werewolf_core\\utils\\redis_client.py", line 128, in get_client\n    await cls._client.ping()\n  File "F:\\py\\Lib\\site-packages\\redis\\asyncio\\client.py", line 764, in execute_command\n    conn = self.connection or await pool.get_connection()\n                              ^^^^^^^^^^^^^^^^^^^^^^^^^^^\n  File "F:\\py\\Lib\\site-packages\\redis\\utils.py", line 227, in async_wrapper\n    return await func(*args, **kwargs)\n           ^^^^^^^^^^^^^^^^^^^^^^^^^^^\n  File "F:\\py\\Lib\\site-packages\\redis\\asyncio\\connection.py", line 1351, in get_connection\n    await self.ensure_connection(connection)\n  File "F:\\py\\Lib\\site-packages\\redis\\asyncio\\connection.py", line 1390, in ensure_connection\n    await connection.connect()\n  File "F:\\py\\Lib\\site-packages\\redis\\asyncio\\connection.py", line 339, in connect\n    await self.retry.call_with_retry(\n    ...<7 lines>...\n    )\n  File "F:\\py\\Lib\\site-packages\\redis\\asyncio\\retry.py", line 81, in call_with_retry\n    raise error\n  File "F:\\py\\Lib\\site-packages\\redis\\asyncio\\retry.py", line 69, in call_with_retry\n    return await do()\n           ^^^^^^^^^^\n  File "F:\\py\\Lib\\site-packages\\redis\\asyncio\\connection.py", line 403, in connect_check_health\n    await self.on_connect_check_health(check_health=check_health)\n  File "F:\\py\\Lib\\site-packages\\redis\\asyncio\\connection.py", line 560, in on_connect_check_health\n    await self.read_response()\n  File "F:\\py\\Lib\\site-packages\\redis\\asyncio\\connection.py", line 747, in read_response\n    raise ConnectionError(f"Error while reading from {host_error} : {e.args}")\nredis.exceptions.ConnectionError: Error while reading from 192.168.100.128:6379 : (22, \'÷∏∂®µƒÕ¯¬Á√˚≤ª‘Ÿø…”√°£\', None, 64, None)'}
ERROR    ai_werewolf_core.core.event.bus:bus.py:741 {'game_id': None, 'error': 'EventBus Œﬁ∑®ªÒ»° Redis øÕªß∂À', 'event': '«Â¿Ì ¬º˛ Stream “Ï≥£', 'level': 'error', 'logger': 'ai_werewolf_core.core.event.bus', 'timestamp': '2026-05-14T21:31:48.051194+08:00', 'exception': 'Traceback (most recent call last):\n  File "F:\\py\\Lib\\asyncio\\windows_events.py", line 463, in finish_socket_func\n    return ov.getresult()\n           ~~~~~~~~~~~~^^\nOSError: [WinError 64] ÷∏∂®µƒÕ¯¬Á√˚≤ª‘Ÿø…”√°£\n\nDuring handling of the above exception, another exception occurred:\n\nTraceback (most recent call last):\n  File "F:\\py\\Lib\\site-packages\\redis\\asyncio\\connection.py", line 725, in read_response\n    response = await self._parser.read_response(\n               ^^^^^^^^^^^^^^^^^^^^^^^^^^^^^^^^^\n        disable_decoding=disable_decoding\n        ^^^^^^^^^^^^^^^^^^^^^^^^^^^^^^^^^\n    )\n    ^\n  File "F:\\py\\Lib\\site-packages\\redis\\_parsers\\resp2.py", line 82, in read_response\n    response = await self._read_response(disable_decoding=disable_decoding)\n               ^^^^^^^^^^^^^^^^^^^^^^^^^^^^^^^^^^^^^^^^^^^^^^^^^^^^^^^^^^^^\n  File "F:\\py\\Lib\\site-packages\\redis\\_parsers\\resp2.py", line 90, in _read_response\n    raw = await self._readline()\n          ^^^^^^^^^^^^^^^^^^^^^^\n  File "F:\\py\\Lib\\site-packages\\redis\\_parsers\\base.py", line 559, in _readline\n    data = await self._stream.readline()\n           ^^^^^^^^^^^^^^^^^^^^^^^^^^^^^\n  File "F:\\py\\Lib\\asyncio\\streams.py", line 562, in readline\n    line = await self.readuntil(sep)\n           ^^^^^^^^^^^^^^^^^^^^^^^^^\n  File "F:\\py\\Lib\\asyncio\\streams.py", line 677, in readuntil\n    await self._wait_for_data(\'readuntil\')\n  File "F:\\py\\Lib\\asyncio\\streams.py", line 539, in _wait_for_data\n    await self._waiter\n  File "F:\\py\\Lib\\asyncio\\proactor_events.py", line 286, in _loop_reading\n    length = fut.result()\n  File "F:\\py\\Lib\\asyncio\\windows_events.py", line 804, in _poll\n    value = callback(transferred, key, ov)\n  File "F:\\py\\Lib\\asyncio\\windows_events.py", line 467, in finish_socket_func\n    raise ConnectionResetError(*exc.args)\nConnectionResetError: [WinError 64] ÷∏∂®µƒÕ¯¬Á√˚≤ª‘Ÿø…”√°£\n\nDuring handling of the above exception, another exception occurred:\n\nTraceback (most recent call last):\n  File "F:\\YilenaCode\\Werewolf\\ai_werewolf_core\\core\\event\\bus.py", line 111, in _get_redis\n    self._redis_client = await RedisClientManager.get_client()\n                         ^^^^^^^^^^^^^^^^^^^^^^^^^^^^^^^^^^^^^\n  File "F:\\YilenaCode\\Werewolf\\ai_werewolf_core\\utils\\redis_client.py", line 128, in get_client\n    await cls._client.ping()\n  File "F:\\py\\Lib\\site-packages\\redis\\asyncio\\client.py", line 764, in execute_command\n    conn = self.connection or await pool.get_connection()\n                              ^^^^^^^^^^^^^^^^^^^^^^^^^^^\n  File "F:\\py\\Lib\\site-packages\\redis\\utils.py", line 227, in async_wrapper\n    return await func(*args, **kwargs)\n           ^^^^^^^^^^^^^^^^^^^^^^^^^^^\n  File "F:\\py\\Lib\\site-packages\\redis\\asyncio\\connection.py", line 1351, in get_connection\n    await self.ensure_connection(connection)\n  File "F:\\py\\Lib\\site-packages\\redis\\asyncio\\connection.py", line 1390, in ensure_connection\n    await connection.connect()\n  File "F:\\py\\Lib\\site-packages\\redis\\asyncio\\connection.py", line 339, in connect\n    await self.retry.call_with_retry(\n    ...<7 lines>...\n    )\n  File "F:\\py\\Lib\\site-packages\\redis\\asyncio\\retry.py", line 81, in call_with_retry\n    raise error\n  File "F:\\py\\Lib\\site-packages\\redis\\asyncio\\retry.py", line 69, in call_with_retry\n    return await do()\n           ^^^^^^^^^^\n  File "F:\\py\\Lib\\site-packages\\redis\\asyncio\\connection.py", line 403, in connect_check_health\n    await self.on_connect_check_health(check_health=check_health)\n  File "F:\\py\\Lib\\site-packages\\redis\\asyncio\\connection.py", line 560, in on_connect_check_health\n    await self.read_response()\n  File "F:\\py\\Lib\\site-packages\\redis\\asyncio\\connection.py", line 747, in read_response\n    raise ConnectionError(f"Error while reading from {host_error} : {e.args}")\nredis.exceptions.ConnectionError: Error while reading from 192.168.100.128:6379 : (22, \'÷∏∂®µƒÕ¯¬Á√˚≤ª‘Ÿø…”√°£\', None, 64, None)\n\nThe above exception was the direct cause of the following exception:\n\nTraceback (most recent call last):\n  File "F:\\YilenaCode\\Werewolf\\ai_werewolf_core\\core\\event\\bus.py", line 710, in clear\n    redis = await self._get_redis()\n            ^^^^^^^^^^^^^^^^^^^^^^^\n  File "F:\\YilenaCode\\Werewolf\\ai_werewolf_core\\core\\event\\bus.py", line 114, in _get_redis\n    raise RedisUnavailableException(\n        "EventBus Œﬁ∑®ªÒ»° Redis øÕªß∂À"\n    ) from e\nai_werewolf_core.utils.redis_seq.RedisUnavailableException: EventBus Œﬁ∑®ªÒ»° Redis øÕªß∂À'}
__________________ TestInitGame.test_init_game_twice_raises ___________________

trans = 0, key = 0, ov = <_overlapped.Overlapped object at 0x0000027C320BE7F0>

    @staticmethod
    def finish_socket_func(trans, key, ov):
        try:
>           return ov.getresult()
                   ^^^^^^^^^^^^^^
E           OSError: [WinError 64] ÷∏∂®µƒÕ¯¬Á√˚≤ª‘Ÿø…”√°£

F:\py\Lib\asyncio\windows_events.py:463: OSError

During handling of the above exception, another exception occurred:

self = <redis.asyncio.connection.Connection(host=192.168.100.128,port=6379,db=1)>
disable_decoding = False, timeout = None

    async def read_response(
        self,
        disable_decoding: bool = False,
        timeout: Optional[float] = None,
        *,
        disconnect_on_error: bool = True,
        push_request: Optional[bool] = False,
    ):
        """Read the response from a previously sent command"""
        read_timeout = timeout if timeout is not None else self.socket_timeout
        host_error = self._host_error()
        try:
            if read_timeout is not None and self.protocol in ["3", 3]:
                async with async_timeout(read_timeout):
                    response = await self._parser.read_response(
                        disable_decoding=disable_decoding, push_request=push_request
                    )
            elif read_timeout is not None:
                async with async_timeout(read_timeout):
>                   response = await self._parser.read_response(
                        disable_decoding=disable_decoding

F:\py\Lib\site-packages\redis\asyncio\connection.py:725: 
_ _ _ _ _ _ _ _ _ _ _ _ _ _ _ _ _ _ _ _ _ _ _ _ _ _ _ _ _ _ _ _ _ _ _ _ _ _ _ _
F:\py\Lib\site-packages\redis\_parsers\resp2.py:82: in read_response
    response = await self._read_response(disable_decoding=disable_decoding)
               ^^^^^^^^^^^^^^^^^^^^^^^^^^^^^^^^^^^^^^^^^^^^^^^^^^^^^^^^^^^^
F:\py\Lib\site-packages\redis\_parsers\resp2.py:90: in _read_response
    raw = await self._readline()
          ^^^^^^^^^^^^^^^^^^^^^^
F:\py\Lib\site-packages\redis\_parsers\base.py:559: in _readline
    data = await self._stream.readline()
           ^^^^^^^^^^^^^^^^^^^^^^^^^^^^^
F:\py\Lib\asyncio\streams.py:562: in readline
    line = await self.readuntil(sep)
           ^^^^^^^^^^^^^^^^^^^^^^^^^
F:\py\Lib\asyncio\streams.py:677: in readuntil
    await self._wait_for_data('readuntil')
F:\py\Lib\asyncio\streams.py:539: in _wait_for_data
    await self._waiter
F:\py\Lib\asyncio\proactor_events.py:286: in _loop_reading
    length = fut.result()
             ^^^^^^^^^^^^
F:\py\Lib\asyncio\windows_events.py:804: in _poll
    value = callback(transferred, key, ov)
            ^^^^^^^^^^^^^^^^^^^^^^^^^^^^^^
_ _ _ _ _ _ _ _ _ _ _ _ _ _ _ _ _ _ _ _ _ _ _ _ _ _ _ _ _ _ _ _ _ _ _ _ _ _ _ _

trans = 0, key = 0, ov = <_overlapped.Overlapped object at 0x0000027C320BE7F0>

    @staticmethod
    def finish_socket_func(trans, key, ov):
        try:
            return ov.getresult()
        except OSError as exc:
            if exc.winerror in (_overlapped.ERROR_NETNAME_DELETED,
                                _overlapped.ERROR_OPERATION_ABORTED):
>               raise ConnectionResetError(*exc.args)
E               ConnectionResetError: [WinError 64] ÷∏∂®µƒÕ¯¬Á√˚≤ª‘Ÿø…”√°£

F:\py\Lib\asyncio\windows_events.py:467: ConnectionResetError

During handling of the above exception, another exception occurred:

self = <ai_werewolf_core.core.engine.lifecycle.LifecycleManager object at 0x0000027C31E0E270>

    async def _get_redis(self) -> aioredis.Redis:
        """ªÒ»° Redis “Ï≤ΩøÕªß∂À£®¿¡≥ı ºªØ£¨π≤œÌ¡¨Ω”≥ÿ£©°£"""
        if self._redis is None:
            try:
>               self._redis = await RedisClientManager.get_client()
                              ^^^^^^^^^^^^^^^^^^^^^^^^^^^^^^^^^^^^^

ai_werewolf_core\core\engine\lifecycle.py:143: 
_ _ _ _ _ _ _ _ _ _ _ _ _ _ _ _ _ _ _ _ _ _ _ _ _ _ _ _ _ _ _ _ _ _ _ _ _ _ _ _
ai_werewolf_core\utils\redis_client.py:128: in get_client
    await cls._client.ping()
F:\py\Lib\site-packages\redis\asyncio\client.py:764: in execute_command
    conn = self.connection or await pool.get_connection()
                              ^^^^^^^^^^^^^^^^^^^^^^^^^^^
F:\py\Lib\site-packages\redis\utils.py:227: in async_wrapper
    return await func(*args, **kwargs)
           ^^^^^^^^^^^^^^^^^^^^^^^^^^^
F:\py\Lib\site-packages\redis\asyncio\connection.py:1351: in get_connection
    await self.ensure_connection(connection)
F:\py\Lib\site-packages\redis\asyncio\connection.py:1390: in ensure_connection
    await connection.connect()
F:\py\Lib\site-packages\redis\asyncio\connection.py:339: in connect
    await self.retry.call_with_retry(
F:\py\Lib\site-packages\redis\asyncio\retry.py:81: in call_with_retry
    raise error
F:\py\Lib\site-packages\redis\asyncio\retry.py:69: in call_with_retry
    return await do()
           ^^^^^^^^^^
F:\py\Lib\site-packages\redis\asyncio\connection.py:403: in connect_check_health
    await self.on_connect_check_health(check_health=check_health)
F:\py\Lib\site-packages\redis\asyncio\connection.py:560: in on_connect_check_health
    await self.read_response()
_ _ _ _ _ _ _ _ _ _ _ _ _ _ _ _ _ _ _ _ _ _ _ _ _ _ _ _ _ _ _ _ _ _ _ _ _ _ _ _

self = <redis.asyncio.connection.Connection(host=192.168.100.128,port=6379,db=1)>
disable_decoding = False, timeout = None

    async def read_response(
        self,
        disable_decoding: bool = False,
        timeout: Optional[float] = None,
        *,
        disconnect_on_error: bool = True,
        push_request: Optional[bool] = False,
    ):
        """Read the response from a previously sent command"""
        read_timeout = timeout if timeout is not None else self.socket_timeout
        host_error = self._host_error()
        try:
            if read_timeout is not None and self.protocol in ["3", 3]:
                async with async_timeout(read_timeout):
                    response = await self._parser.read_response(
                        disable_decoding=disable_decoding, push_request=push_request
                    )
            elif read_timeout is not None:
                async with async_timeout(read_timeout):
                    response = await self._parser.read_response(
                        disable_decoding=disable_decoding
                    )
            elif self.protocol in ["3", 3]:
                response = await self._parser.read_response(
                    disable_decoding=disable_decoding, push_request=push_request
                )
            else:
                response = await self._parser.read_response(
                    disable_decoding=disable_decoding
                )
        except asyncio.TimeoutError:
            if timeout is not None:
                # user requested timeout, return None. Operation can be retried
                return None
            # it was a self.socket_timeout error.
            if disconnect_on_error:
                await self.disconnect(nowait=True)
            raise TimeoutError(f"Timeout reading from {host_error}")
        except OSError as e:
            if disconnect_on_error:
                await self.disconnect(nowait=True)
>           raise ConnectionError(f"Error while reading from {host_error} : {e.args}")
E           redis.exceptions.ConnectionError: Error while reading from 192.168.100.128:6379 : (22, '÷∏∂®µƒÕ¯¬Á√˚≤ª‘Ÿø…”√°£', None, 64, None)

F:\py\Lib\site-packages\redis\asyncio\connection.py:747: ConnectionError

The above exception was the direct cause of the following exception:

self = <test_lifecycle.TestInitGame object at 0x0000027C303D62C0>
lifecycle = <ai_werewolf_core.core.engine.lifecycle.LifecycleManager object at 0x0000027C31E0E270>

    @pytest.mark.asyncio
    async def test_init_game_twice_raises(self, lifecycle):
        """÷ÿ∏¥µ˜”√ init_game ”¶≈◊≥ˆ InvalidTransitionError (START ≤ª‘⁄ INIT µƒ∫ÛºÃ÷–)°£"""
>       await lifecycle.init_game()

tests\unit\core\engine\test_lifecycle.py:115: 
_ _ _ _ _ _ _ _ _ _ _ _ _ _ _ _ _ _ _ _ _ _ _ _ _ _ _ _ _ _ _ _ _ _ _ _ _ _ _ _
ai_werewolf_core\core\engine\lifecycle.py:420: in init_game
    current_status = await self.get_status()
                     ^^^^^^^^^^^^^^^^^^^^^^^
ai_werewolf_core\core\engine\lifecycle.py:262: in get_status
    status = await self._get_status_from_redis()
             ^^^^^^^^^^^^^^^^^^^^^^^^^^^^^^^^^^^
ai_werewolf_core\core\engine\lifecycle.py:167: in _get_status_from_redis
    redis = await self._get_redis()
            ^^^^^^^^^^^^^^^^^^^^^^^
_ _ _ _ _ _ _ _ _ _ _ _ _ _ _ _ _ _ _ _ _ _ _ _ _ _ _ _ _ _ _ _ _ _ _ _ _ _ _ _

self = <ai_werewolf_core.core.engine.lifecycle.LifecycleManager object at 0x0000027C31E0E270>

    async def _get_redis(self) -> aioredis.Redis:
        """ªÒ»° Redis “Ï≤ΩøÕªß∂À£®¿¡≥ı ºªØ£¨π≤œÌ¡¨Ω”≥ÿ£©°£"""
        if self._redis is None:
            try:
                self._redis = await RedisClientManager.get_client()
                self._logger.debug("LifecycleManager “—ªÒ»°π≤œÌ Redis øÕªß∂À")
            except (aioredis.ConnectionError, aioredis.TimeoutError) as e:
>               raise RedisUnavailableException(
                    f"LifecycleManager Œﬁ∑®ªÒ»° Redis øÕªß∂À: game_id={self.game_id}"
                ) from e
E               ai_werewolf_core.utils.redis_seq.RedisUnavailableException: LifecycleManager Œﬁ∑®ªÒ»° Redis øÕªß∂À: game_id=test_lifecycle_e078b43bc5ca4fd8a49034e45dbedee8

ai_werewolf_core\core\engine\lifecycle.py:146: RedisUnavailableException
---------------------------- Captured stderr setup ----------------------------
[2m2026-05-14T21:31:48.054269+08:00[0m [[32m[1mdebug    [0m] [1mglobal_subscribe              [0m [[0m[1m[34mai_werewolf_core.core.event.bus[0m][0m [36mhandler[0m=[35m_default_log_subscriber[0m
[2m2026-05-14T21:31:48.054453+08:00[0m [[32m[1mdebug    [0m] [1mglobal_subscribe              [0m [[0m[1m[34mai_werewolf_core.core.event.bus[0m][0m [36mhandler[0m=[35m_persist_to_db[0m
----------------------------- Captured log setup ------------------------------
DEBUG    ai_werewolf_core.core.event.bus:bus.py:519 {'handler': '_default_log_subscriber', 'event': 'global_subscribe', 'level': 'debug', 'logger': 'ai_werewolf_core.core.event.bus', 'timestamp': '2026-05-14T21:31:48.054269+08:00'}
DEBUG    ai_werewolf_core.core.event.bus:bus.py:519 {'handler': '_persist_to_db', 'event': 'global_subscribe', 'level': 'debug', 'logger': 'ai_werewolf_core.core.event.bus', 'timestamp': '2026-05-14T21:31:48.054453+08:00'}
---------------------------- Captured stderr call -----------------------------
[2m2026-05-14T21:31:48.055198+08:00[0m [[32m[1minfo     [0m] [1mgame_init                     [0m [[0m[1m[34mai_werewolf_core.core.engine.lifecycle[0m][0m [36mgame_id[0m=[35mtest_lifecycle_e078b43bc5ca4fd8a49034e45dbedee8[0m [36mmodule[0m=[35mLifecycleManager[0m
[2m2026-05-14T21:31:48.055362+08:00[0m [[32m[1mdebug    [0m] [1mRedis ¡¨Ω”≥ÿ“—¥¥Ω®                  [0m [[0m[1m[34mai_werewolf_core.utils.redis_client[0m][0m [36mmax_connections[0m=[35m300[0m [36msocket_timeout[0m=[35m10[0m
[2m2026-05-14T21:31:53.058722+08:00[0m [[31m[1merror    [0m] [1mRedis ¡¨Ω”—È÷§ ß∞‹ (PING)           [0m [[0m[1m[34mai_werewolf_core.utils.redis_client[0m][0m [36merror[0m=[35m"Error while reading from 192.168.100.128:6379 : (22, '÷∏∂®µƒÕ¯¬Á√˚≤ª‘Ÿø…”√°£', None, 64, None)"[0m [36mhost[0m=[35m192.168.100.128[0m [36mport[0m=[35m6379[0m
Traceback (most recent call last):
  File "F:\py\Lib\asyncio\windows_events.py", line 463, in finish_socket_func
    return ov.getresult()
           ~~~~~~~~~~~~^^
OSError: [WinError 64] ÷∏∂®µƒÕ¯¬Á√˚≤ª‘Ÿø…”√°£

During handling of the above exception, another exception occurred:

Traceback (most recent call last):
  File "F:\py\Lib\site-packages\redis\asyncio\connection.py", line 725, in read_response
    response = await self._parser.read_response(
               ^^^^^^^^^^^^^^^^^^^^^^^^^^^^^^^^^
        disable_decoding=disable_decoding
        ^^^^^^^^^^^^^^^^^^^^^^^^^^^^^^^^^
    )
    ^
  File "F:\py\Lib\site-packages\redis\_parsers\resp2.py", line 82, in read_response
    response = await self._read_response(disable_decoding=disable_decoding)
               ^^^^^^^^^^^^^^^^^^^^^^^^^^^^^^^^^^^^^^^^^^^^^^^^^^^^^^^^^^^^
  File "F:\py\Lib\site-packages\redis\_parsers\resp2.py", line 90, in _read_response
    raw = await self._readline()
          ^^^^^^^^^^^^^^^^^^^^^^
  File "F:\py\Lib\site-packages\redis\_parsers\base.py", line 559, in _readline
    data = await self._stream.readline()
           ^^^^^^^^^^^^^^^^^^^^^^^^^^^^^
  File "F:\py\Lib\asyncio\streams.py", line 562, in readline
    line = await self.readuntil(sep)
           ^^^^^^^^^^^^^^^^^^^^^^^^^
  File "F:\py\Lib\asyncio\streams.py", line 677, in readuntil
    await self._wait_for_data('readuntil')
  File "F:\py\Lib\asyncio\streams.py", line 539, in _wait_for_data
    await self._waiter
  File "F:\py\Lib\asyncio\proactor_events.py", line 286, in _loop_reading
    length = fut.result()
  File "F:\py\Lib\asyncio\windows_events.py", line 804, in _poll
    value = callback(transferred, key, ov)
  File "F:\py\Lib\asyncio\windows_events.py", line 467, in finish_socket_func
    raise ConnectionResetError(*exc.args)
ConnectionResetError: [WinError 64] ÷∏∂®µƒÕ¯¬Á√˚≤ª‘Ÿø…”√°£

During handling of the above exception, another exception occurred:

Traceback (most recent call last):
  File "F:\YilenaCode\Werewolf\ai_werewolf_core\utils\redis_client.py", line 128, in get_client
    await cls._client.ping()
  File "F:\py\Lib\site-packages\redis\asyncio\client.py", line 764, in execute_command
    conn = self.connection or await pool.get_connection()
                              ^^^^^^^^^^^^^^^^^^^^^^^^^^^
  File "F:\py\Lib\site-packages\redis\utils.py", line 227, in async_wrapper
    return await func(*args, **kwargs)
           ^^^^^^^^^^^^^^^^^^^^^^^^^^^
  File "F:\py\Lib\site-packages\redis\asyncio\connection.py", line 1351, in get_connection
    await self.ensure_connection(connection)
  File "F:\py\Lib\site-packages\redis\asyncio\connection.py", line 1390, in ensure_connection
    await connection.connect()
  File "F:\py\Lib\site-packages\redis\asyncio\connection.py", line 339, in connect
    await self.retry.call_with_retry(
    ...<7 lines>...
    )
  File "F:\py\Lib\site-packages\redis\asyncio\retry.py", line 81, in call_with_retry
    raise error
  File "F:\py\Lib\site-packages\redis\asyncio\retry.py", line 69, in call_with_retry
    return await do()
           ^^^^^^^^^^
  File "F:\py\Lib\site-packages\redis\asyncio\connection.py", line 403, in connect_check_health
    await self.on_connect_check_health(check_health=check_health)
  File "F:\py\Lib\site-packages\redis\asyncio\connection.py", line 560, in on_connect_check_health
    await self.read_response()
  File "F:\py\Lib\site-packages\redis\asyncio\connection.py", line 747, in read_response
    raise ConnectionError(f"Error while reading from {host_error} : {e.args}")
redis.exceptions.ConnectionError: Error while reading from 192.168.100.128:6379 : (22, '÷∏∂®µƒÕ¯¬Á√˚≤ª‘Ÿø…”√°£', None, 64, None)
------------------------------ Captured log call ------------------------------
INFO     ai_werewolf_core.core.engine.lifecycle:lifecycle.py:418 {'game_id': 'test_lifecycle_e078b43bc5ca4fd8a49034e45dbedee8', 'module': 'LifecycleManager', 'event': 'game_init', 'level': 'info', 'logger': 'ai_werewolf_core.core.engine.lifecycle', 'timestamp': '2026-05-14T21:31:48.055198+08:00'}
DEBUG    ai_werewolf_core.utils.redis_client:redis_client.py:243 {'max_connections': 300, 'socket_timeout': 10, 'event': 'Redis ¡¨Ω”≥ÿ“—¥¥Ω®', 'level': 'debug', 'logger': 'ai_werewolf_core.utils.redis_client', 'timestamp': '2026-05-14T21:31:48.055362+08:00'}
ERROR    ai_werewolf_core.utils.redis_client:redis_client.py:130 {'host': '192.168.100.128', 'port': 6379, 'error': "Error while reading from 192.168.100.128:6379 : (22, '÷∏∂®µƒÕ¯¬Á√˚≤ª‘Ÿø…”√°£', None, 64, None)", 'event': 'Redis ¡¨Ω”—È÷§ ß∞‹ (PING)', 'level': 'error', 'logger': 'ai_werewolf_core.utils.redis_client', 'timestamp': '2026-05-14T21:31:53.058722+08:00', 'exception': 'Traceback (most recent call last):\n  File "F:\\py\\Lib\\asyncio\\windows_events.py", line 463, in finish_socket_func\n    return ov.getresult()\n           ~~~~~~~~~~~~^^\nOSError: [WinError 64] ÷∏∂®µƒÕ¯¬Á√˚≤ª‘Ÿø…”√°£\n\nDuring handling of the above exception, another exception occurred:\n\nTraceback (most recent call last):\n  File "F:\\py\\Lib\\site-packages\\redis\\asyncio\\connection.py", line 725, in read_response\n    response = await self._parser.read_response(\n               ^^^^^^^^^^^^^^^^^^^^^^^^^^^^^^^^^\n        disable_decoding=disable_decoding\n        ^^^^^^^^^^^^^^^^^^^^^^^^^^^^^^^^^\n    )\n    ^\n  File "F:\\py\\Lib\\site-packages\\redis\\_parsers\\resp2.py", line 82, in read_response\n    response = await self._read_response(disable_decoding=disable_decoding)\n               ^^^^^^^^^^^^^^^^^^^^^^^^^^^^^^^^^^^^^^^^^^^^^^^^^^^^^^^^^^^^\n  File "F:\\py\\Lib\\site-packages\\redis\\_parsers\\resp2.py", line 90, in _read_response\n    raw = await self._readline()\n          ^^^^^^^^^^^^^^^^^^^^^^\n  File "F:\\py\\Lib\\site-packages\\redis\\_parsers\\base.py", line 559, in _readline\n    data = await self._stream.readline()\n           ^^^^^^^^^^^^^^^^^^^^^^^^^^^^^\n  File "F:\\py\\Lib\\asyncio\\streams.py", line 562, in readline\n    line = await self.readuntil(sep)\n           ^^^^^^^^^^^^^^^^^^^^^^^^^\n  File "F:\\py\\Lib\\asyncio\\streams.py", line 677, in readuntil\n    await self._wait_for_data(\'readuntil\')\n  File "F:\\py\\Lib\\asyncio\\streams.py", line 539, in _wait_for_data\n    await self._waiter\n  File "F:\\py\\Lib\\asyncio\\proactor_events.py", line 286, in _loop_reading\n    length = fut.result()\n  File "F:\\py\\Lib\\asyncio\\windows_events.py", line 804, in _poll\n    value = callback(transferred, key, ov)\n  File "F:\\py\\Lib\\asyncio\\windows_events.py", line 467, in finish_socket_func\n    raise ConnectionResetError(*exc.args)\nConnectionResetError: [WinError 64] ÷∏∂®µƒÕ¯¬Á√˚≤ª‘Ÿø…”√°£\n\nDuring handling of the above exception, another exception occurred:\n\nTraceback (most recent call last):\n  File "F:\\YilenaCode\\Werewolf\\ai_werewolf_core\\utils\\redis_client.py", line 128, in get_client\n    await cls._client.ping()\n  File "F:\\py\\Lib\\site-packages\\redis\\asyncio\\client.py", line 764, in execute_command\n    conn = self.connection or await pool.get_connection()\n                              ^^^^^^^^^^^^^^^^^^^^^^^^^^^\n  File "F:\\py\\Lib\\site-packages\\redis\\utils.py", line 227, in async_wrapper\n    return await func(*args, **kwargs)\n           ^^^^^^^^^^^^^^^^^^^^^^^^^^^\n  File "F:\\py\\Lib\\site-packages\\redis\\asyncio\\connection.py", line 1351, in get_connection\n    await self.ensure_connection(connection)\n  File "F:\\py\\Lib\\site-packages\\redis\\asyncio\\connection.py", line 1390, in ensure_connection\n    await connection.connect()\n  File "F:\\py\\Lib\\site-packages\\redis\\asyncio\\connection.py", line 339, in connect\n    await self.retry.call_with_retry(\n    ...<7 lines>...\n    )\n  File "F:\\py\\Lib\\site-packages\\redis\\asyncio\\retry.py", line 81, in call_with_retry\n    raise error\n  File "F:\\py\\Lib\\site-packages\\redis\\asyncio\\retry.py", line 69, in call_with_retry\n    return await do()\n           ^^^^^^^^^^\n  File "F:\\py\\Lib\\site-packages\\redis\\asyncio\\connection.py", line 403, in connect_check_health\n    await self.on_connect_check_health(check_health=check_health)\n  File "F:\\py\\Lib\\site-packages\\redis\\asyncio\\connection.py", line 560, in on_connect_check_health\n    await self.read_response()\n  File "F:\\py\\Lib\\site-packages\\redis\\asyncio\\connection.py", line 747, in read_response\n    raise ConnectionError(f"Error while reading from {host_error} : {e.args}")\nredis.exceptions.ConnectionError: Error while reading from 192.168.100.128:6379 : (22, \'÷∏∂®µƒÕ¯¬Á√˚≤ª‘Ÿø…”√°£\', None, 64, None)'}
-------------------------- Captured stderr teardown ---------------------------
[2m2026-05-14T21:31:53.205977+08:00[0m [[32m[1mdebug    [0m] [1mRedis ¡¨Ω”≥ÿ“—¥¥Ω®                  [0m [[0m[1m[34mai_werewolf_core.utils.redis_client[0m][0m [36mmax_connections[0m=[35m300[0m [36msocket_timeout[0m=[35m10[0m
[2m2026-05-14T21:31:58.208874+08:00[0m [[31m[1merror    [0m] [1mRedis ¡¨Ω”—È÷§ ß∞‹ (PING)           [0m [[0m[1m[34mai_werewolf_core.utils.redis_client[0m][0m [36merror[0m=[35m"Error while reading from 192.168.100.128:6379 : (22, '÷∏∂®µƒÕ¯¬Á√˚≤ª‘Ÿø…”√°£', None, 64, None)"[0m [36mhost[0m=[35m192.168.100.128[0m [36mport[0m=[35m6379[0m
Traceback (most recent call last):
  File "F:\py\Lib\asyncio\windows_events.py", line 463, in finish_socket_func
    return ov.getresult()
           ~~~~~~~~~~~~^^
OSError: [WinError 64] ÷∏∂®µƒÕ¯¬Á√˚≤ª‘Ÿø…”√°£

During handling of the above exception, another exception occurred:

Traceback (most recent call last):
  File "F:\py\Lib\site-packages\redis\asyncio\connection.py", line 725, in read_response
    response = await self._parser.read_response(
               ^^^^^^^^^^^^^^^^^^^^^^^^^^^^^^^^^
        disable_decoding=disable_decoding
        ^^^^^^^^^^^^^^^^^^^^^^^^^^^^^^^^^
    )
    ^
  File "F:\py\Lib\site-packages\redis\_parsers\resp2.py", line 82, in read_response
    response = await self._read_response(disable_decoding=disable_decoding)
               ^^^^^^^^^^^^^^^^^^^^^^^^^^^^^^^^^^^^^^^^^^^^^^^^^^^^^^^^^^^^
  File "F:\py\Lib\site-packages\redis\_parsers\resp2.py", line 90, in _read_response
    raw = await self._readline()
          ^^^^^^^^^^^^^^^^^^^^^^
  File "F:\py\Lib\site-packages\redis\_parsers\base.py", line 559, in _readline
    data = await self._stream.readline()
           ^^^^^^^^^^^^^^^^^^^^^^^^^^^^^
  File "F:\py\Lib\asyncio\streams.py", line 562, in readline
    line = await self.readuntil(sep)
           ^^^^^^^^^^^^^^^^^^^^^^^^^
  File "F:\py\Lib\asyncio\streams.py", line 677, in readuntil
    await self._wait_for_data('readuntil')
  File "F:\py\Lib\asyncio\streams.py", line 539, in _wait_for_data
    await self._waiter
  File "F:\py\Lib\asyncio\proactor_events.py", line 286, in _loop_reading
    length = fut.result()
  File "F:\py\Lib\asyncio\windows_events.py", line 804, in _poll
    value = callback(transferred, key, ov)
  File "F:\py\Lib\asyncio\windows_events.py", line 467, in finish_socket_func
    raise ConnectionResetError(*exc.args)
ConnectionResetError: [WinError 64] ÷∏∂®µƒÕ¯¬Á√˚≤ª‘Ÿø…”√°£

During handling of the above exception, another exception occurred:

Traceback (most recent call last):
  File "F:\YilenaCode\Werewolf\ai_werewolf_core\utils\redis_client.py", line 128, in get_client
    await cls._client.ping()
  File "F:\py\Lib\site-packages\redis\asyncio\client.py", line 764, in execute_command
    conn = self.connection or await pool.get_connection()
                              ^^^^^^^^^^^^^^^^^^^^^^^^^^^
  File "F:\py\Lib\site-packages\redis\utils.py", line 227, in async_wrapper
    return await func(*args, **kwargs)
           ^^^^^^^^^^^^^^^^^^^^^^^^^^^
  File "F:\py\Lib\site-packages\redis\asyncio\connection.py", line 1351, in get_connection
    await self.ensure_connection(connection)
  File "F:\py\Lib\site-packages\redis\asyncio\connection.py", line 1390, in ensure_connection
    await connection.connect()
  File "F:\py\Lib\site-packages\redis\asyncio\connection.py", line 339, in connect
    await self.retry.call_with_retry(
    ...<7 lines>...
    )
  File "F:\py\Lib\site-packages\redis\asyncio\retry.py", line 81, in call_with_retry
    raise error
  File "F:\py\Lib\site-packages\redis\asyncio\retry.py", line 69, in call_with_retry
    return await do()
           ^^^^^^^^^^
  File "F:\py\Lib\site-packages\redis\asyncio\connection.py", line 403, in connect_check_health
    await self.on_connect_check_health(check_health=check_health)
  File "F:\py\Lib\site-packages\redis\asyncio\connection.py", line 560, in on_connect_check_health
    await self.read_response()
  File "F:\py\Lib\site-packages\redis\asyncio\connection.py", line 747, in read_response
    raise ConnectionError(f"Error while reading from {host_error} : {e.args}")
redis.exceptions.ConnectionError: Error while reading from 192.168.100.128:6379 : (22, '÷∏∂®µƒÕ¯¬Á√˚≤ª‘Ÿø…”√°£', None, 64, None)
[2m2026-05-14T21:31:58.211451+08:00[0m [[31m[1merror    [0m] [1m«Â¿Ì ¬º˛ Stream “Ï≥£                [0m [[0m[1m[34mai_werewolf_core.core.event.bus[0m][0m [36merror[0m=[35m'EventBus Œﬁ∑®ªÒ»° Redis øÕªß∂À'[0m [36mgame_id[0m=[35mNone[0m
Traceback (most recent call last):
  File "F:\py\Lib\asyncio\windows_events.py", line 463, in finish_socket_func
    return ov.getresult()
           ~~~~~~~~~~~~^^
OSError: [WinError 64] ÷∏∂®µƒÕ¯¬Á√˚≤ª‘Ÿø…”√°£

During handling of the above exception, another exception occurred:

Traceback (most recent call last):
  File "F:\py\Lib\site-packages\redis\asyncio\connection.py", line 725, in read_response
    response = await self._parser.read_response(
               ^^^^^^^^^^^^^^^^^^^^^^^^^^^^^^^^^
        disable_decoding=disable_decoding
        ^^^^^^^^^^^^^^^^^^^^^^^^^^^^^^^^^
    )
    ^
  File "F:\py\Lib\site-packages\redis\_parsers\resp2.py", line 82, in read_response
    response = await self._read_response(disable_decoding=disable_decoding)
               ^^^^^^^^^^^^^^^^^^^^^^^^^^^^^^^^^^^^^^^^^^^^^^^^^^^^^^^^^^^^
  File "F:\py\Lib\site-packages\redis\_parsers\resp2.py", line 90, in _read_response
    raw = await self._readline()
          ^^^^^^^^^^^^^^^^^^^^^^
  File "F:\py\Lib\site-packages\redis\_parsers\base.py", line 559, in _readline
    data = await self._stream.readline()
           ^^^^^^^^^^^^^^^^^^^^^^^^^^^^^
  File "F:\py\Lib\asyncio\streams.py", line 562, in readline
    line = await self.readuntil(sep)
           ^^^^^^^^^^^^^^^^^^^^^^^^^
  File "F:\py\Lib\asyncio\streams.py", line 677, in readuntil
    await self._wait_for_data('readuntil')
  File "F:\py\Lib\asyncio\streams.py", line 539, in _wait_for_data
    await self._waiter
  File "F:\py\Lib\asyncio\proactor_events.py", line 286, in _loop_reading
    length = fut.result()
  File "F:\py\Lib\asyncio\windows_events.py", line 804, in _poll
    value = callback(transferred, key, ov)
  File "F:\py\Lib\asyncio\windows_events.py", line 467, in finish_socket_func
    raise ConnectionResetError(*exc.args)
ConnectionResetError: [WinError 64] ÷∏∂®µƒÕ¯¬Á√˚≤ª‘Ÿø…”√°£

During handling of the above exception, another exception occurred:

Traceback (most recent call last):
  File "F:\YilenaCode\Werewolf\ai_werewolf_core\core\event\bus.py", line 111, in _get_redis
    self._redis_client = await RedisClientManager.get_client()
                         ^^^^^^^^^^^^^^^^^^^^^^^^^^^^^^^^^^^^^
  File "F:\YilenaCode\Werewolf\ai_werewolf_core\utils\redis_client.py", line 128, in get_client
    await cls._client.ping()
  File "F:\py\Lib\site-packages\redis\asyncio\client.py", line 764, in execute_command
    conn = self.connection or await pool.get_connection()
                              ^^^^^^^^^^^^^^^^^^^^^^^^^^^
  File "F:\py\Lib\site-packages\redis\utils.py", line 227, in async_wrapper
    return await func(*args, **kwargs)
           ^^^^^^^^^^^^^^^^^^^^^^^^^^^
  File "F:\py\Lib\site-packages\redis\asyncio\connection.py", line 1351, in get_connection
    await self.ensure_connection(connection)
  File "F:\py\Lib\site-packages\redis\asyncio\connection.py", line 1390, in ensure_connection
    await connection.connect()
  File "F:\py\Lib\site-packages\redis\asyncio\connection.py", line 339, in connect
    await self.retry.call_with_retry(
    ...<7 lines>...
    )
  File "F:\py\Lib\site-packages\redis\asyncio\retry.py", line 81, in call_with_retry
    raise error
  File "F:\py\Lib\site-packages\redis\asyncio\retry.py", line 69, in call_with_retry
    return await do()
           ^^^^^^^^^^
  File "F:\py\Lib\site-packages\redis\asyncio\connection.py", line 403, in connect_check_health
    await self.on_connect_check_health(check_health=check_health)
  File "F:\py\Lib\site-packages\redis\asyncio\connection.py", line 560, in on_connect_check_health
    await self.read_response()
  File "F:\py\Lib\site-packages\redis\asyncio\connection.py", line 747, in read_response
    raise ConnectionError(f"Error while reading from {host_error} : {e.args}")
redis.exceptions.ConnectionError: Error while reading from 192.168.100.128:6379 : (22, '÷∏∂®µƒÕ¯¬Á√˚≤ª‘Ÿø…”√°£', None, 64, None)

The above exception was the direct cause of the following exception:

Traceback (most recent call last):
  File "F:\YilenaCode\Werewolf\ai_werewolf_core\core\event\bus.py", line 710, in clear
    redis = await self._get_redis()
            ^^^^^^^^^^^^^^^^^^^^^^^
  File "F:\YilenaCode\Werewolf\ai_werewolf_core\core\event\bus.py", line 114, in _get_redis
    raise RedisUnavailableException(
        "EventBus Œﬁ∑®ªÒ»° Redis øÕªß∂À"
    ) from e
ai_werewolf_core.utils.redis_seq.RedisUnavailableException: EventBus Œﬁ∑®ªÒ»° Redis øÕªß∂À
---------------------------- Captured log teardown ----------------------------
DEBUG    ai_werewolf_core.utils.redis_client:redis_client.py:243 {'max_connections': 300, 'socket_timeout': 10, 'event': 'Redis ¡¨Ω”≥ÿ“—¥¥Ω®', 'level': 'debug', 'logger': 'ai_werewolf_core.utils.redis_client', 'timestamp': '2026-05-14T21:31:53.205977+08:00'}
ERROR    ai_werewolf_core.utils.redis_client:redis_client.py:130 {'host': '192.168.100.128', 'port': 6379, 'error': "Error while reading from 192.168.100.128:6379 : (22, '÷∏∂®µƒÕ¯¬Á√˚≤ª‘Ÿø…”√°£', None, 64, None)", 'event': 'Redis ¡¨Ω”—È÷§ ß∞‹ (PING)', 'level': 'error', 'logger': 'ai_werewolf_core.utils.redis_client', 'timestamp': '2026-05-14T21:31:58.208874+08:00', 'exception': 'Traceback (most recent call last):\n  File "F:\\py\\Lib\\asyncio\\windows_events.py", line 463, in finish_socket_func\n    return ov.getresult()\n           ~~~~~~~~~~~~^^\nOSError: [WinError 64] ÷∏∂®µƒÕ¯¬Á√˚≤ª‘Ÿø…”√°£\n\nDuring handling of the above exception, another exception occurred:\n\nTraceback (most recent call last):\n  File "F:\\py\\Lib\\site-packages\\redis\\asyncio\\connection.py", line 725, in read_response\n    response = await self._parser.read_response(\n               ^^^^^^^^^^^^^^^^^^^^^^^^^^^^^^^^^\n        disable_decoding=disable_decoding\n        ^^^^^^^^^^^^^^^^^^^^^^^^^^^^^^^^^\n    )\n    ^\n  File "F:\\py\\Lib\\site-packages\\redis\\_parsers\\resp2.py", line 82, in read_response\n    response = await self._read_response(disable_decoding=disable_decoding)\n               ^^^^^^^^^^^^^^^^^^^^^^^^^^^^^^^^^^^^^^^^^^^^^^^^^^^^^^^^^^^^\n  File "F:\\py\\Lib\\site-packages\\redis\\_parsers\\resp2.py", line 90, in _read_response\n    raw = await self._readline()\n          ^^^^^^^^^^^^^^^^^^^^^^\n  File "F:\\py\\Lib\\site-packages\\redis\\_parsers\\base.py", line 559, in _readline\n    data = await self._stream.readline()\n           ^^^^^^^^^^^^^^^^^^^^^^^^^^^^^\n  File "F:\\py\\Lib\\asyncio\\streams.py", line 562, in readline\n    line = await self.readuntil(sep)\n           ^^^^^^^^^^^^^^^^^^^^^^^^^\n  File "F:\\py\\Lib\\asyncio\\streams.py", line 677, in readuntil\n    await self._wait_for_data(\'readuntil\')\n  File "F:\\py\\Lib\\asyncio\\streams.py", line 539, in _wait_for_data\n    await self._waiter\n  File "F:\\py\\Lib\\asyncio\\proactor_events.py", line 286, in _loop_reading\n    length = fut.result()\n  File "F:\\py\\Lib\\asyncio\\windows_events.py", line 804, in _poll\n    value = callback(transferred, key, ov)\n  File "F:\\py\\Lib\\asyncio\\windows_events.py", line 467, in finish_socket_func\n    raise ConnectionResetError(*exc.args)\nConnectionResetError: [WinError 64] ÷∏∂®µƒÕ¯¬Á√˚≤ª‘Ÿø…”√°£\n\nDuring handling of the above exception, another exception occurred:\n\nTraceback (most recent call last):\n  File "F:\\YilenaCode\\Werewolf\\ai_werewolf_core\\utils\\redis_client.py", line 128, in get_client\n    await cls._client.ping()\n  File "F:\\py\\Lib\\site-packages\\redis\\asyncio\\client.py", line 764, in execute_command\n    conn = self.connection or await pool.get_connection()\n                              ^^^^^^^^^^^^^^^^^^^^^^^^^^^\n  File "F:\\py\\Lib\\site-packages\\redis\\utils.py", line 227, in async_wrapper\n    return await func(*args, **kwargs)\n           ^^^^^^^^^^^^^^^^^^^^^^^^^^^\n  File "F:\\py\\Lib\\site-packages\\redis\\asyncio\\connection.py", line 1351, in get_connection\n    await self.ensure_connection(connection)\n  File "F:\\py\\Lib\\site-packages\\redis\\asyncio\\connection.py", line 1390, in ensure_connection\n    await connection.connect()\n  File "F:\\py\\Lib\\site-packages\\redis\\asyncio\\connection.py", line 339, in connect\n    await self.retry.call_with_retry(\n    ...<7 lines>...\n    )\n  File "F:\\py\\Lib\\site-packages\\redis\\asyncio\\retry.py", line 81, in call_with_retry\n    raise error\n  File "F:\\py\\Lib\\site-packages\\redis\\asyncio\\retry.py", line 69, in call_with_retry\n    return await do()\n           ^^^^^^^^^^\n  File "F:\\py\\Lib\\site-packages\\redis\\asyncio\\connection.py", line 403, in connect_check_health\n    await self.on_connect_check_health(check_health=check_health)\n  File "F:\\py\\Lib\\site-packages\\redis\\asyncio\\connection.py", line 560, in on_connect_check_health\n    await self.read_response()\n  File "F:\\py\\Lib\\site-packages\\redis\\asyncio\\connection.py", line 747, in read_response\n    raise ConnectionError(f"Error while reading from {host_error} : {e.args}")\nredis.exceptions.ConnectionError: Error while reading from 192.168.100.128:6379 : (22, \'÷∏∂®µƒÕ¯¬Á√˚≤ª‘Ÿø…”√°£\', None, 64, None)'}
ERROR    ai_werewolf_core.core.event.bus:bus.py:741 {'game_id': None, 'error': 'EventBus Œﬁ∑®ªÒ»° Redis øÕªß∂À', 'event': '«Â¿Ì ¬º˛ Stream “Ï≥£', 'level': 'error', 'logger': 'ai_werewolf_core.core.event.bus', 'timestamp': '2026-05-14T21:31:58.211451+08:00', 'exception': 'Traceback (most recent call last):\n  File "F:\\py\\Lib\\asyncio\\windows_events.py", line 463, in finish_socket_func\n    return ov.getresult()\n           ~~~~~~~~~~~~^^\nOSError: [WinError 64] ÷∏∂®µƒÕ¯¬Á√˚≤ª‘Ÿø…”√°£\n\nDuring handling of the above exception, another exception occurred:\n\nTraceback (most recent call last):\n  File "F:\\py\\Lib\\site-packages\\redis\\asyncio\\connection.py", line 725, in read_response\n    response = await self._parser.read_response(\n               ^^^^^^^^^^^^^^^^^^^^^^^^^^^^^^^^^\n        disable_decoding=disable_decoding\n        ^^^^^^^^^^^^^^^^^^^^^^^^^^^^^^^^^\n    )\n    ^\n  File "F:\\py\\Lib\\site-packages\\redis\\_parsers\\resp2.py", line 82, in read_response\n    response = await self._read_response(disable_decoding=disable_decoding)\n               ^^^^^^^^^^^^^^^^^^^^^^^^^^^^^^^^^^^^^^^^^^^^^^^^^^^^^^^^^^^^\n  File "F:\\py\\Lib\\site-packages\\redis\\_parsers\\resp2.py", line 90, in _read_response\n    raw = await self._readline()\n          ^^^^^^^^^^^^^^^^^^^^^^\n  File "F:\\py\\Lib\\site-packages\\redis\\_parsers\\base.py", line 559, in _readline\n    data = await self._stream.readline()\n           ^^^^^^^^^^^^^^^^^^^^^^^^^^^^^\n  File "F:\\py\\Lib\\asyncio\\streams.py", line 562, in readline\n    line = await self.readuntil(sep)\n           ^^^^^^^^^^^^^^^^^^^^^^^^^\n  File "F:\\py\\Lib\\asyncio\\streams.py", line 677, in readuntil\n    await self._wait_for_data(\'readuntil\')\n  File "F:\\py\\Lib\\asyncio\\streams.py", line 539, in _wait_for_data\n    await self._waiter\n  File "F:\\py\\Lib\\asyncio\\proactor_events.py", line 286, in _loop_reading\n    length = fut.result()\n  File "F:\\py\\Lib\\asyncio\\windows_events.py", line 804, in _poll\n    value = callback(transferred, key, ov)\n  File "F:\\py\\Lib\\asyncio\\windows_events.py", line 467, in finish_socket_func\n    raise ConnectionResetError(*exc.args)\nConnectionResetError: [WinError 64] ÷∏∂®µƒÕ¯¬Á√˚≤ª‘Ÿø…”√°£\n\nDuring handling of the above exception, another exception occurred:\n\nTraceback (most recent call last):\n  File "F:\\YilenaCode\\Werewolf\\ai_werewolf_core\\core\\event\\bus.py", line 111, in _get_redis\n    self._redis_client = await RedisClientManager.get_client()\n                         ^^^^^^^^^^^^^^^^^^^^^^^^^^^^^^^^^^^^^\n  File "F:\\YilenaCode\\Werewolf\\ai_werewolf_core\\utils\\redis_client.py", line 128, in get_client\n    await cls._client.ping()\n  File "F:\\py\\Lib\\site-packages\\redis\\asyncio\\client.py", line 764, in execute_command\n    conn = self.connection or await pool.get_connection()\n                              ^^^^^^^^^^^^^^^^^^^^^^^^^^^\n  File "F:\\py\\Lib\\site-packages\\redis\\utils.py", line 227, in async_wrapper\n    return await func(*args, **kwargs)\n           ^^^^^^^^^^^^^^^^^^^^^^^^^^^\n  File "F:\\py\\Lib\\site-packages\\redis\\asyncio\\connection.py", line 1351, in get_connection\n    await self.ensure_connection(connection)\n  File "F:\\py\\Lib\\site-packages\\redis\\asyncio\\connection.py", line 1390, in ensure_connection\n    await connection.connect()\n  File "F:\\py\\Lib\\site-packages\\redis\\asyncio\\connection.py", line 339, in connect\n    await self.retry.call_with_retry(\n    ...<7 lines>...\n    )\n  File "F:\\py\\Lib\\site-packages\\redis\\asyncio\\retry.py", line 81, in call_with_retry\n    raise error\n  File "F:\\py\\Lib\\site-packages\\redis\\asyncio\\retry.py", line 69, in call_with_retry\n    return await do()\n           ^^^^^^^^^^\n  File "F:\\py\\Lib\\site-packages\\redis\\asyncio\\connection.py", line 403, in connect_check_health\n    await self.on_connect_check_health(check_health=check_health)\n  File "F:\\py\\Lib\\site-packages\\redis\\asyncio\\connection.py", line 560, in on_connect_check_health\n    await self.read_response()\n  File "F:\\py\\Lib\\site-packages\\redis\\asyncio\\connection.py", line 747, in read_response\n    raise ConnectionError(f"Error while reading from {host_error} : {e.args}")\nredis.exceptions.ConnectionError: Error while reading from 192.168.100.128:6379 : (22, \'÷∏∂®µƒÕ¯¬Á√˚≤ª‘Ÿø…”√°£\', None, 64, None)\n\nThe above exception was the direct cause of the following exception:\n\nTraceback (most recent call last):\n  File "F:\\YilenaCode\\Werewolf\\ai_werewolf_core\\core\\event\\bus.py", line 710, in clear\n    redis = await self._get_redis()\n            ^^^^^^^^^^^^^^^^^^^^^^^\n  File "F:\\YilenaCode\\Werewolf\\ai_werewolf_core\\core\\event\\bus.py", line 114, in _get_redis\n    raise RedisUnavailableException(\n        "EventBus Œﬁ∑®ªÒ»° Redis øÕªß∂À"\n    ) from e\nai_werewolf_core.utils.redis_seq.RedisUnavailableException: EventBus Œﬁ∑®ªÒ»° Redis øÕªß∂À'}
__________________ TestStartGame.test_start_game_from_start ___________________

trans = 0, key = 0, ov = <_overlapped.Overlapped object at 0x0000027C320BF3F0>

    @staticmethod
    def finish_socket_func(trans, key, ov):
        try:
>           return ov.getresult()
                   ^^^^^^^^^^^^^^
E           OSError: [WinError 64] ÷∏∂®µƒÕ¯¬Á√˚≤ª‘Ÿø…”√°£

F:\py\Lib\asyncio\windows_events.py:463: OSError

During handling of the above exception, another exception occurred:

self = <redis.asyncio.connection.Connection(host=192.168.100.128,port=6379,db=1)>
disable_decoding = False, timeout = None

    async def read_response(
        self,
        disable_decoding: bool = False,
        timeout: Optional[float] = None,
        *,
        disconnect_on_error: bool = True,
        push_request: Optional[bool] = False,
    ):
        """Read the response from a previously sent command"""
        read_timeout = timeout if timeout is not None else self.socket_timeout
        host_error = self._host_error()
        try:
            if read_timeout is not None and self.protocol in ["3", 3]:
                async with async_timeout(read_timeout):
                    response = await self._parser.read_response(
                        disable_decoding=disable_decoding, push_request=push_request
                    )
            elif read_timeout is not None:
                async with async_timeout(read_timeout):
>                   response = await self._parser.read_response(
                        disable_decoding=disable_decoding

F:\py\Lib\site-packages\redis\asyncio\connection.py:725: 
_ _ _ _ _ _ _ _ _ _ _ _ _ _ _ _ _ _ _ _ _ _ _ _ _ _ _ _ _ _ _ _ _ _ _ _ _ _ _ _
F:\py\Lib\site-packages\redis\_parsers\resp2.py:82: in read_response
    response = await self._read_response(disable_decoding=disable_decoding)
               ^^^^^^^^^^^^^^^^^^^^^^^^^^^^^^^^^^^^^^^^^^^^^^^^^^^^^^^^^^^^
F:\py\Lib\site-packages\redis\_parsers\resp2.py:90: in _read_response
    raw = await self._readline()
          ^^^^^^^^^^^^^^^^^^^^^^
F:\py\Lib\site-packages\redis\_parsers\base.py:559: in _readline
    data = await self._stream.readline()
           ^^^^^^^^^^^^^^^^^^^^^^^^^^^^^
F:\py\Lib\asyncio\streams.py:562: in readline
    line = await self.readuntil(sep)
           ^^^^^^^^^^^^^^^^^^^^^^^^^
F:\py\Lib\asyncio\streams.py:677: in readuntil
    await self._wait_for_data('readuntil')
F:\py\Lib\asyncio\streams.py:539: in _wait_for_data
    await self._waiter
F:\py\Lib\asyncio\proactor_events.py:286: in _loop_reading
    length = fut.result()
             ^^^^^^^^^^^^
F:\py\Lib\asyncio\windows_events.py:804: in _poll
    value = callback(transferred, key, ov)
            ^^^^^^^^^^^^^^^^^^^^^^^^^^^^^^
_ _ _ _ _ _ _ _ _ _ _ _ _ _ _ _ _ _ _ _ _ _ _ _ _ _ _ _ _ _ _ _ _ _ _ _ _ _ _ _

trans = 0, key = 0, ov = <_overlapped.Overlapped object at 0x0000027C320BF3F0>

    @staticmethod
    def finish_socket_func(trans, key, ov):
        try:
            return ov.getresult()
        except OSError as exc:
            if exc.winerror in (_overlapped.ERROR_NETNAME_DELETED,
                                _overlapped.ERROR_OPERATION_ABORTED):
>               raise ConnectionResetError(*exc.args)
E               ConnectionResetError: [WinError 64] ÷∏∂®µƒÕ¯¬Á√˚≤ª‘Ÿø…”√°£

F:\py\Lib\asyncio\windows_events.py:467: ConnectionResetError

During handling of the above exception, another exception occurred:

self = <ai_werewolf_core.core.engine.lifecycle.LifecycleManager object at 0x0000027C31E09FD0>

    async def _get_redis(self) -> aioredis.Redis:
        """ªÒ»° Redis “Ï≤ΩøÕªß∂À£®¿¡≥ı ºªØ£¨π≤œÌ¡¨Ω”≥ÿ£©°£"""
        if self._redis is None:
            try:
>               self._redis = await RedisClientManager.get_client()
                              ^^^^^^^^^^^^^^^^^^^^^^^^^^^^^^^^^^^^^

ai_werewolf_core\core\engine\lifecycle.py:143: 
_ _ _ _ _ _ _ _ _ _ _ _ _ _ _ _ _ _ _ _ _ _ _ _ _ _ _ _ _ _ _ _ _ _ _ _ _ _ _ _
ai_werewolf_core\utils\redis_client.py:128: in get_client
    await cls._client.ping()
F:\py\Lib\site-packages\redis\asyncio\client.py:764: in execute_command
    conn = self.connection or await pool.get_connection()
                              ^^^^^^^^^^^^^^^^^^^^^^^^^^^
F:\py\Lib\site-packages\redis\utils.py:227: in async_wrapper
    return await func(*args, **kwargs)
           ^^^^^^^^^^^^^^^^^^^^^^^^^^^
F:\py\Lib\site-packages\redis\asyncio\connection.py:1351: in get_connection
    await self.ensure_connection(connection)
F:\py\Lib\site-packages\redis\asyncio\connection.py:1390: in ensure_connection
    await connection.connect()
F:\py\Lib\site-packages\redis\asyncio\connection.py:339: in connect
    await self.retry.call_with_retry(
F:\py\Lib\site-packages\redis\asyncio\retry.py:81: in call_with_retry
    raise error
F:\py\Lib\site-packages\redis\asyncio\retry.py:69: in call_with_retry
    return await do()
           ^^^^^^^^^^
F:\py\Lib\site-packages\redis\asyncio\connection.py:403: in connect_check_health
    await self.on_connect_check_health(check_health=check_health)
F:\py\Lib\site-packages\redis\asyncio\connection.py:560: in on_connect_check_health
    await self.read_response()
_ _ _ _ _ _ _ _ _ _ _ _ _ _ _ _ _ _ _ _ _ _ _ _ _ _ _ _ _ _ _ _ _ _ _ _ _ _ _ _

self = <redis.asyncio.connection.Connection(host=192.168.100.128,port=6379,db=1)>
disable_decoding = False, timeout = None

    async def read_response(
        self,
        disable_decoding: bool = False,
        timeout: Optional[float] = None,
        *,
        disconnect_on_error: bool = True,
        push_request: Optional[bool] = False,
    ):
        """Read the response from a previously sent command"""
        read_timeout = timeout if timeout is not None else self.socket_timeout
        host_error = self._host_error()
        try:
            if read_timeout is not None and self.protocol in ["3", 3]:
                async with async_timeout(read_timeout):
                    response = await self._parser.read_response(
                        disable_decoding=disable_decoding, push_request=push_request
                    )
            elif read_timeout is not None:
                async with async_timeout(read_timeout):
                    response = await self._parser.read_response(
                        disable_decoding=disable_decoding
                    )
            elif self.protocol in ["3", 3]:
                response = await self._parser.read_response(
                    disable_decoding=disable_decoding, push_request=push_request
                )
            else:
                response = await self._parser.read_response(
                    disable_decoding=disable_decoding
                )
        except asyncio.TimeoutError:
            if timeout is not None:
                # user requested timeout, return None. Operation can be retried
                return None
            # it was a self.socket_timeout error.
            if disconnect_on_error:
                await self.disconnect(nowait=True)
            raise TimeoutError(f"Timeout reading from {host_error}")
        except OSError as e:
            if disconnect_on_error:
                await self.disconnect(nowait=True)
>           raise ConnectionError(f"Error while reading from {host_error} : {e.args}")
E           redis.exceptions.ConnectionError: Error while reading from 192.168.100.128:6379 : (22, '÷∏∂®µƒÕ¯¬Á√˚≤ª‘Ÿø…”√°£', None, 64, None)

F:\py\Lib\site-packages\redis\asyncio\connection.py:747: ConnectionError

The above exception was the direct cause of the following exception:

self = <test_lifecycle.TestStartGame object at 0x0000027C303D2850>
lifecycle = <ai_werewolf_core.core.engine.lifecycle.LifecycleManager object at 0x0000027C31E09FD0>

    @pytest.mark.asyncio
    async def test_start_game_from_start(self, lifecycle):
        """’˝≥£¡˜≥Ã: init_game ∫Û start_game£¨◊¥Ã¨”¶Œ™ RUNNING°£"""
>       await lifecycle.init_game()

tests\unit\core\engine\test_lifecycle.py:132: 
_ _ _ _ _ _ _ _ _ _ _ _ _ _ _ _ _ _ _ _ _ _ _ _ _ _ _ _ _ _ _ _ _ _ _ _ _ _ _ _
ai_werewolf_core\core\engine\lifecycle.py:420: in init_game
    current_status = await self.get_status()
                     ^^^^^^^^^^^^^^^^^^^^^^^
ai_werewolf_core\core\engine\lifecycle.py:262: in get_status
    status = await self._get_status_from_redis()
             ^^^^^^^^^^^^^^^^^^^^^^^^^^^^^^^^^^^
ai_werewolf_core\core\engine\lifecycle.py:167: in _get_status_from_redis
    redis = await self._get_redis()
            ^^^^^^^^^^^^^^^^^^^^^^^
_ _ _ _ _ _ _ _ _ _ _ _ _ _ _ _ _ _ _ _ _ _ _ _ _ _ _ _ _ _ _ _ _ _ _ _ _ _ _ _

self = <ai_werewolf_core.core.engine.lifecycle.LifecycleManager object at 0x0000027C31E09FD0>

    async def _get_redis(self) -> aioredis.Redis:
        """ªÒ»° Redis “Ï≤ΩøÕªß∂À£®¿¡≥ı ºªØ£¨π≤œÌ¡¨Ω”≥ÿ£©°£"""
        if self._redis is None:
            try:
                self._redis = await RedisClientManager.get_client()
                self._logger.debug("LifecycleManager “—ªÒ»°π≤œÌ Redis øÕªß∂À")
            except (aioredis.ConnectionError, aioredis.TimeoutError) as e:
>               raise RedisUnavailableException(
                    f"LifecycleManager Œﬁ∑®ªÒ»° Redis øÕªß∂À: game_id={self.game_id}"
                ) from e
E               ai_werewolf_core.utils.redis_seq.RedisUnavailableException: LifecycleManager Œﬁ∑®ªÒ»° Redis øÕªß∂À: game_id=test_lifecycle_0f97a35d006a4763ac28e6fb07f1920b

ai_werewolf_core\core\engine\lifecycle.py:146: RedisUnavailableException
---------------------------- Captured stderr setup ----------------------------
[2m2026-05-14T21:31:58.214893+08:00[0m [[32m[1mdebug    [0m] [1mglobal_subscribe              [0m [[0m[1m[34mai_werewolf_core.core.event.bus[0m][0m [36mhandler[0m=[35m_default_log_subscriber[0m
[2m2026-05-14T21:31:58.215090+08:00[0m [[32m[1mdebug    [0m] [1mglobal_subscribe              [0m [[0m[1m[34mai_werewolf_core.core.event.bus[0m][0m [36mhandler[0m=[35m_persist_to_db[0m
----------------------------- Captured log setup ------------------------------
DEBUG    ai_werewolf_core.core.event.bus:bus.py:519 {'handler': '_default_log_subscriber', 'event': 'global_subscribe', 'level': 'debug', 'logger': 'ai_werewolf_core.core.event.bus', 'timestamp': '2026-05-14T21:31:58.214893+08:00'}
DEBUG    ai_werewolf_core.core.event.bus:bus.py:519 {'handler': '_persist_to_db', 'event': 'global_subscribe', 'level': 'debug', 'logger': 'ai_werewolf_core.core.event.bus', 'timestamp': '2026-05-14T21:31:58.215090+08:00'}
---------------------------- Captured stderr call -----------------------------
[2m2026-05-14T21:31:58.215879+08:00[0m [[32m[1minfo     [0m] [1mgame_init                     [0m [[0m[1m[34mai_werewolf_core.core.engine.lifecycle[0m][0m [36mgame_id[0m=[35mtest_lifecycle_0f97a35d006a4763ac28e6fb07f1920b[0m [36mmodule[0m=[35mLifecycleManager[0m
[2m2026-05-14T21:31:58.216041+08:00[0m [[32m[1mdebug    [0m] [1mRedis ¡¨Ω”≥ÿ“—¥¥Ω®                  [0m [[0m[1m[34mai_werewolf_core.utils.redis_client[0m][0m [36mmax_connections[0m=[35m300[0m [36msocket_timeout[0m=[35m10[0m
[2m2026-05-14T21:32:03.219935+08:00[0m [[31m[1merror    [0m] [1mRedis ¡¨Ω”—È÷§ ß∞‹ (PING)           [0m [[0m[1m[34mai_werewolf_core.utils.redis_client[0m][0m [36merror[0m=[35m"Error while reading from 192.168.100.128:6379 : (22, '÷∏∂®µƒÕ¯¬Á√˚≤ª‘Ÿø…”√°£', None, 64, None)"[0m [36mhost[0m=[35m192.168.100.128[0m [36mport[0m=[35m6379[0m
Traceback (most recent call last):
  File "F:\py\Lib\asyncio\windows_events.py", line 463, in finish_socket_func
    return ov.getresult()
           ~~~~~~~~~~~~^^
OSError: [WinError 64] ÷∏∂®µƒÕ¯¬Á√˚≤ª‘Ÿø…”√°£

During handling of the above exception, another exception occurred:

Traceback (most recent call last):
  File "F:\py\Lib\site-packages\redis\asyncio\connection.py", line 725, in read_response
    response = await self._parser.read_response(
               ^^^^^^^^^^^^^^^^^^^^^^^^^^^^^^^^^
        disable_decoding=disable_decoding
        ^^^^^^^^^^^^^^^^^^^^^^^^^^^^^^^^^
    )
    ^
  File "F:\py\Lib\site-packages\redis\_parsers\resp2.py", line 82, in read_response
    response = await self._read_response(disable_decoding=disable_decoding)
               ^^^^^^^^^^^^^^^^^^^^^^^^^^^^^^^^^^^^^^^^^^^^^^^^^^^^^^^^^^^^
  File "F:\py\Lib\site-packages\redis\_parsers\resp2.py", line 90, in _read_response
    raw = await self._readline()
          ^^^^^^^^^^^^^^^^^^^^^^
  File "F:\py\Lib\site-packages\redis\_parsers\base.py", line 559, in _readline
    data = await self._stream.readline()
           ^^^^^^^^^^^^^^^^^^^^^^^^^^^^^
  File "F:\py\Lib\asyncio\streams.py", line 562, in readline
    line = await self.readuntil(sep)
           ^^^^^^^^^^^^^^^^^^^^^^^^^
  File "F:\py\Lib\asyncio\streams.py", line 677, in readuntil
    await self._wait_for_data('readuntil')
  File "F:\py\Lib\asyncio\streams.py", line 539, in _wait_for_data
    await self._waiter
  File "F:\py\Lib\asyncio\proactor_events.py", line 286, in _loop_reading
    length = fut.result()
  File "F:\py\Lib\asyncio\windows_events.py", line 804, in _poll
    value = callback(transferred, key, ov)
  File "F:\py\Lib\asyncio\windows_events.py", line 467, in finish_socket_func
    raise ConnectionResetError(*exc.args)
ConnectionResetError: [WinError 64] ÷∏∂®µƒÕ¯¬Á√˚≤ª‘Ÿø…”√°£

During handling of the above exception, another exception occurred:

Traceback (most recent call last):
  File "F:\YilenaCode\Werewolf\ai_werewolf_core\utils\redis_client.py", line 128, in get_client
    await cls._client.ping()
  File "F:\py\Lib\site-packages\redis\asyncio\client.py", line 764, in execute_command
    conn = self.connection or await pool.get_connection()
                              ^^^^^^^^^^^^^^^^^^^^^^^^^^^
  File "F:\py\Lib\site-packages\redis\utils.py", line 227, in async_wrapper
    return await func(*args, **kwargs)
           ^^^^^^^^^^^^^^^^^^^^^^^^^^^
  File "F:\py\Lib\site-packages\redis\asyncio\connection.py", line 1351, in get_connection
    await self.ensure_connection(connection)
  File "F:\py\Lib\site-packages\redis\asyncio\connection.py", line 1390, in ensure_connection
    await connection.connect()
  File "F:\py\Lib\site-packages\redis\asyncio\connection.py", line 339, in connect
    await self.retry.call_with_retry(
    ...<7 lines>...
    )
  File "F:\py\Lib\site-packages\redis\asyncio\retry.py", line 81, in call_with_retry
    raise error
  File "F:\py\Lib\site-packages\redis\asyncio\retry.py", line 69, in call_with_retry
    return await do()
           ^^^^^^^^^^
  File "F:\py\Lib\site-packages\redis\asyncio\connection.py", line 403, in connect_check_health
    await self.on_connect_check_health(check_health=check_health)
  File "F:\py\Lib\site-packages\redis\asyncio\connection.py", line 560, in on_connect_check_health
    await self.read_response()
  File "F:\py\Lib\site-packages\redis\asyncio\connection.py", line 747, in read_response
    raise ConnectionError(f"Error while reading from {host_error} : {e.args}")
redis.exceptions.ConnectionError: Error while reading from 192.168.100.128:6379 : (22, '÷∏∂®µƒÕ¯¬Á√˚≤ª‘Ÿø…”√°£', None, 64, None)
------------------------------ Captured log call ------------------------------
INFO     ai_werewolf_core.core.engine.lifecycle:lifecycle.py:418 {'game_id': 'test_lifecycle_0f97a35d006a4763ac28e6fb07f1920b', 'module': 'LifecycleManager', 'event': 'game_init', 'level': 'info', 'logger': 'ai_werewolf_core.core.engine.lifecycle', 'timestamp': '2026-05-14T21:31:58.215879+08:00'}
DEBUG    ai_werewolf_core.utils.redis_client:redis_client.py:243 {'max_connections': 300, 'socket_timeout': 10, 'event': 'Redis ¡¨Ω”≥ÿ“—¥¥Ω®', 'level': 'debug', 'logger': 'ai_werewolf_core.utils.redis_client', 'timestamp': '2026-05-14T21:31:58.216041+08:00'}
ERROR    ai_werewolf_core.utils.redis_client:redis_client.py:130 {'host': '192.168.100.128', 'port': 6379, 'error': "Error while reading from 192.168.100.128:6379 : (22, '÷∏∂®µƒÕ¯¬Á√˚≤ª‘Ÿø…”√°£', None, 64, None)", 'event': 'Redis ¡¨Ω”—È÷§ ß∞‹ (PING)', 'level': 'error', 'logger': 'ai_werewolf_core.utils.redis_client', 'timestamp': '2026-05-14T21:32:03.219935+08:00', 'exception': 'Traceback (most recent call last):\n  File "F:\\py\\Lib\\asyncio\\windows_events.py", line 463, in finish_socket_func\n    return ov.getresult()\n           ~~~~~~~~~~~~^^\nOSError: [WinError 64] ÷∏∂®µƒÕ¯¬Á√˚≤ª‘Ÿø…”√°£\n\nDuring handling of the above exception, another exception occurred:\n\nTraceback (most recent call last):\n  File "F:\\py\\Lib\\site-packages\\redis\\asyncio\\connection.py", line 725, in read_response\n    response = await self._parser.read_response(\n               ^^^^^^^^^^^^^^^^^^^^^^^^^^^^^^^^^\n        disable_decoding=disable_decoding\n        ^^^^^^^^^^^^^^^^^^^^^^^^^^^^^^^^^\n    )\n    ^\n  File "F:\\py\\Lib\\site-packages\\redis\\_parsers\\resp2.py", line 82, in read_response\n    response = await self._read_response(disable_decoding=disable_decoding)\n               ^^^^^^^^^^^^^^^^^^^^^^^^^^^^^^^^^^^^^^^^^^^^^^^^^^^^^^^^^^^^\n  File "F:\\py\\Lib\\site-packages\\redis\\_parsers\\resp2.py", line 90, in _read_response\n    raw = await self._readline()\n          ^^^^^^^^^^^^^^^^^^^^^^\n  File "F:\\py\\Lib\\site-packages\\redis\\_parsers\\base.py", line 559, in _readline\n    data = await self._stream.readline()\n           ^^^^^^^^^^^^^^^^^^^^^^^^^^^^^\n  File "F:\\py\\Lib\\asyncio\\streams.py", line 562, in readline\n    line = await self.readuntil(sep)\n           ^^^^^^^^^^^^^^^^^^^^^^^^^\n  File "F:\\py\\Lib\\asyncio\\streams.py", line 677, in readuntil\n    await self._wait_for_data(\'readuntil\')\n  File "F:\\py\\Lib\\asyncio\\streams.py", line 539, in _wait_for_data\n    await self._waiter\n  File "F:\\py\\Lib\\asyncio\\proactor_events.py", line 286, in _loop_reading\n    length = fut.result()\n  File "F:\\py\\Lib\\asyncio\\windows_events.py", line 804, in _poll\n    value = callback(transferred, key, ov)\n  File "F:\\py\\Lib\\asyncio\\windows_events.py", line 467, in finish_socket_func\n    raise ConnectionResetError(*exc.args)\nConnectionResetError: [WinError 64] ÷∏∂®µƒÕ¯¬Á√˚≤ª‘Ÿø…”√°£\n\nDuring handling of the above exception, another exception occurred:\n\nTraceback (most recent call last):\n  File "F:\\YilenaCode\\Werewolf\\ai_werewolf_core\\utils\\redis_client.py", line 128, in get_client\n    await cls._client.ping()\n  File "F:\\py\\Lib\\site-packages\\redis\\asyncio\\client.py", line 764, in execute_command\n    conn = self.connection or await pool.get_connection()\n                              ^^^^^^^^^^^^^^^^^^^^^^^^^^^\n  File "F:\\py\\Lib\\site-packages\\redis\\utils.py", line 227, in async_wrapper\n    return await func(*args, **kwargs)\n           ^^^^^^^^^^^^^^^^^^^^^^^^^^^\n  File "F:\\py\\Lib\\site-packages\\redis\\asyncio\\connection.py", line 1351, in get_connection\n    await self.ensure_connection(connection)\n  File "F:\\py\\Lib\\site-packages\\redis\\asyncio\\connection.py", line 1390, in ensure_connection\n    await connection.connect()\n  File "F:\\py\\Lib\\site-packages\\redis\\asyncio\\connection.py", line 339, in connect\n    await self.retry.call_with_retry(\n    ...<7 lines>...\n    )\n  File "F:\\py\\Lib\\site-packages\\redis\\asyncio\\retry.py", line 81, in call_with_retry\n    raise error\n  File "F:\\py\\Lib\\site-packages\\redis\\asyncio\\retry.py", line 69, in call_with_retry\n    return await do()\n           ^^^^^^^^^^\n  File "F:\\py\\Lib\\site-packages\\redis\\asyncio\\connection.py", line 403, in connect_check_health\n    await self.on_connect_check_health(check_health=check_health)\n  File "F:\\py\\Lib\\site-packages\\redis\\asyncio\\connection.py", line 560, in on_connect_check_health\n    await self.read_response()\n  File "F:\\py\\Lib\\site-packages\\redis\\asyncio\\connection.py", line 747, in read_response\n    raise ConnectionError(f"Error while reading from {host_error} : {e.args}")\nredis.exceptions.ConnectionError: Error while reading from 192.168.100.128:6379 : (22, \'÷∏∂®µƒÕ¯¬Á√˚≤ª‘Ÿø…”√°£\', None, 64, None)'}
-------------------------- Captured stderr teardown ---------------------------
[2m2026-05-14T21:32:03.384928+08:00[0m [[32m[1mdebug    [0m] [1mRedis ¡¨Ω”≥ÿ“—¥¥Ω®                  [0m [[0m[1m[34mai_werewolf_core.utils.redis_client[0m][0m [36mmax_connections[0m=[35m300[0m [36msocket_timeout[0m=[35m10[0m
[2m2026-05-14T21:32:08.388208+08:00[0m [[31m[1merror    [0m] [1mRedis ¡¨Ω”—È÷§ ß∞‹ (PING)           [0m [[0m[1m[34mai_werewolf_core.utils.redis_client[0m][0m [36merror[0m=[35m"Error while reading from 192.168.100.128:6379 : (22, '÷∏∂®µƒÕ¯¬Á√˚≤ª‘Ÿø…”√°£', None, 64, None)"[0m [36mhost[0m=[35m192.168.100.128[0m [36mport[0m=[35m6379[0m
Traceback (most recent call last):
  File "F:\py\Lib\asyncio\windows_events.py", line 463, in finish_socket_func
    return ov.getresult()
           ~~~~~~~~~~~~^^
OSError: [WinError 64] ÷∏∂®µƒÕ¯¬Á√˚≤ª‘Ÿø…”√°£

During handling of the above exception, another exception occurred:

Traceback (most recent call last):
  File "F:\py\Lib\site-packages\redis\asyncio\connection.py", line 725, in read_response
    response = await self._parser.read_response(
               ^^^^^^^^^^^^^^^^^^^^^^^^^^^^^^^^^
        disable_decoding=disable_decoding
        ^^^^^^^^^^^^^^^^^^^^^^^^^^^^^^^^^
    )
    ^
  File "F:\py\Lib\site-packages\redis\_parsers\resp2.py", line 82, in read_response
    response = await self._read_response(disable_decoding=disable_decoding)
               ^^^^^^^^^^^^^^^^^^^^^^^^^^^^^^^^^^^^^^^^^^^^^^^^^^^^^^^^^^^^
  File "F:\py\Lib\site-packages\redis\_parsers\resp2.py", line 90, in _read_response
    raw = await self._readline()
          ^^^^^^^^^^^^^^^^^^^^^^
  File "F:\py\Lib\site-packages\redis\_parsers\base.py", line 559, in _readline
    data = await self._stream.readline()
           ^^^^^^^^^^^^^^^^^^^^^^^^^^^^^
  File "F:\py\Lib\asyncio\streams.py", line 562, in readline
    line = await self.readuntil(sep)
           ^^^^^^^^^^^^^^^^^^^^^^^^^
  File "F:\py\Lib\asyncio\streams.py", line 677, in readuntil
    await self._wait_for_data('readuntil')
  File "F:\py\Lib\asyncio\streams.py", line 539, in _wait_for_data
    await self._waiter
  File "F:\py\Lib\asyncio\proactor_events.py", line 286, in _loop_reading
    length = fut.result()
  File "F:\py\Lib\asyncio\windows_events.py", line 804, in _poll
    value = callback(transferred, key, ov)
  File "F:\py\Lib\asyncio\windows_events.py", line 467, in finish_socket_func
    raise ConnectionResetError(*exc.args)
ConnectionResetError: [WinError 64] ÷∏∂®µƒÕ¯¬Á√˚≤ª‘Ÿø…”√°£

During handling of the above exception, another exception occurred:

Traceback (most recent call last):
  File "F:\YilenaCode\Werewolf\ai_werewolf_core\utils\redis_client.py", line 128, in get_client
    await cls._client.ping()
  File "F:\py\Lib\site-packages\redis\asyncio\client.py", line 764, in execute_command
    conn = self.connection or await pool.get_connection()
                              ^^^^^^^^^^^^^^^^^^^^^^^^^^^
  File "F:\py\Lib\site-packages\redis\utils.py", line 227, in async_wrapper
    return await func(*args, **kwargs)
           ^^^^^^^^^^^^^^^^^^^^^^^^^^^
  File "F:\py\Lib\site-packages\redis\asyncio\connection.py", line 1351, in get_connection
    await self.ensure_connection(connection)
  File "F:\py\Lib\site-packages\redis\asyncio\connection.py", line 1390, in ensure_connection
    await connection.connect()
  File "F:\py\Lib\site-packages\redis\asyncio\connection.py", line 339, in connect
    await self.retry.call_with_retry(
    ...<7 lines>...
    )
  File "F:\py\Lib\site-packages\redis\asyncio\retry.py", line 81, in call_with_retry
    raise error
  File "F:\py\Lib\site-packages\redis\asyncio\retry.py", line 69, in call_with_retry
    return await do()
           ^^^^^^^^^^
  File "F:\py\Lib\site-packages\redis\asyncio\connection.py", line 403, in connect_check_health
    await self.on_connect_check_health(check_health=check_health)
  File "F:\py\Lib\site-packages\redis\asyncio\connection.py", line 560, in on_connect_check_health
    await self.read_response()
  File "F:\py\Lib\site-packages\redis\asyncio\connection.py", line 747, in read_response
    raise ConnectionError(f"Error while reading from {host_error} : {e.args}")
redis.exceptions.ConnectionError: Error while reading from 192.168.100.128:6379 : (22, '÷∏∂®µƒÕ¯¬Á√˚≤ª‘Ÿø…”√°£', None, 64, None)
[2m2026-05-14T21:32:08.391111+08:00[0m [[31m[1merror    [0m] [1m«Â¿Ì ¬º˛ Stream “Ï≥£                [0m [[0m[1m[34mai_werewolf_core.core.event.bus[0m][0m [36merror[0m=[35m'EventBus Œﬁ∑®ªÒ»° Redis øÕªß∂À'[0m [36mgame_id[0m=[35mNone[0m
Traceback (most recent call last):
  File "F:\py\Lib\asyncio\windows_events.py", line 463, in finish_socket_func
    return ov.getresult()
           ~~~~~~~~~~~~^^
OSError: [WinError 64] ÷∏∂®µƒÕ¯¬Á√˚≤ª‘Ÿø…”√°£

During handling of the above exception, another exception occurred:

Traceback (most recent call last):
  File "F:\py\Lib\site-packages\redis\asyncio\connection.py", line 725, in read_response
    response = await self._parser.read_response(
               ^^^^^^^^^^^^^^^^^^^^^^^^^^^^^^^^^
        disable_decoding=disable_decoding
        ^^^^^^^^^^^^^^^^^^^^^^^^^^^^^^^^^
    )
    ^
  File "F:\py\Lib\site-packages\redis\_parsers\resp2.py", line 82, in read_response
    response = await self._read_response(disable_decoding=disable_decoding)
               ^^^^^^^^^^^^^^^^^^^^^^^^^^^^^^^^^^^^^^^^^^^^^^^^^^^^^^^^^^^^
  File "F:\py\Lib\site-packages\redis\_parsers\resp2.py", line 90, in _read_response
    raw = await self._readline()
          ^^^^^^^^^^^^^^^^^^^^^^
  File "F:\py\Lib\site-packages\redis\_parsers\base.py", line 559, in _readline
    data = await self._stream.readline()
           ^^^^^^^^^^^^^^^^^^^^^^^^^^^^^
  File "F:\py\Lib\asyncio\streams.py", line 562, in readline
    line = await self.readuntil(sep)
           ^^^^^^^^^^^^^^^^^^^^^^^^^
  File "F:\py\Lib\asyncio\streams.py", line 677, in readuntil
    await self._wait_for_data('readuntil')
  File "F:\py\Lib\asyncio\streams.py", line 539, in _wait_for_data
    await self._waiter
  File "F:\py\Lib\asyncio\proactor_events.py", line 286, in _loop_reading
    length = fut.result()
  File "F:\py\Lib\asyncio\windows_events.py", line 804, in _poll
    value = callback(transferred, key, ov)
  File "F:\py\Lib\asyncio\windows_events.py", line 467, in finish_socket_func
    raise ConnectionResetError(*exc.args)
ConnectionResetError: [WinError 64] ÷∏∂®µƒÕ¯¬Á√˚≤ª‘Ÿø…”√°£

During handling of the above exception, another exception occurred:

Traceback (most recent call last):
  File "F:\YilenaCode\Werewolf\ai_werewolf_core\core\event\bus.py", line 111, in _get_redis
    self._redis_client = await RedisClientManager.get_client()
                         ^^^^^^^^^^^^^^^^^^^^^^^^^^^^^^^^^^^^^
  File "F:\YilenaCode\Werewolf\ai_werewolf_core\utils\redis_client.py", line 128, in get_client
    await cls._client.ping()
  File "F:\py\Lib\site-packages\redis\asyncio\client.py", line 764, in execute_command
    conn = self.connection or await pool.get_connection()
                              ^^^^^^^^^^^^^^^^^^^^^^^^^^^
  File "F:\py\Lib\site-packages\redis\utils.py", line 227, in async_wrapper
    return await func(*args, **kwargs)
           ^^^^^^^^^^^^^^^^^^^^^^^^^^^
  File "F:\py\Lib\site-packages\redis\asyncio\connection.py", line 1351, in get_connection
    await self.ensure_connection(connection)
  File "F:\py\Lib\site-packages\redis\asyncio\connection.py", line 1390, in ensure_connection
    await connection.connect()
  File "F:\py\Lib\site-packages\redis\asyncio\connection.py", line 339, in connect
    await self.retry.call_with_retry(
    ...<7 lines>...
    )
  File "F:\py\Lib\site-packages\redis\asyncio\retry.py", line 81, in call_with_retry
    raise error
  File "F:\py\Lib\site-packages\redis\asyncio\retry.py", line 69, in call_with_retry
    return await do()
           ^^^^^^^^^^
  File "F:\py\Lib\site-packages\redis\asyncio\connection.py", line 403, in connect_check_health
    await self.on_connect_check_health(check_health=check_health)
  File "F:\py\Lib\site-packages\redis\asyncio\connection.py", line 560, in on_connect_check_health
    await self.read_response()
  File "F:\py\Lib\site-packages\redis\asyncio\connection.py", line 747, in read_response
    raise ConnectionError(f"Error while reading from {host_error} : {e.args}")
redis.exceptions.ConnectionError: Error while reading from 192.168.100.128:6379 : (22, '÷∏∂®µƒÕ¯¬Á√˚≤ª‘Ÿø…”√°£', None, 64, None)

The above exception was the direct cause of the following exception:

Traceback (most recent call last):
  File "F:\YilenaCode\Werewolf\ai_werewolf_core\core\event\bus.py", line 710, in clear
    redis = await self._get_redis()
            ^^^^^^^^^^^^^^^^^^^^^^^
  File "F:\YilenaCode\Werewolf\ai_werewolf_core\core\event\bus.py", line 114, in _get_redis
    raise RedisUnavailableException(
        "EventBus Œﬁ∑®ªÒ»° Redis øÕªß∂À"
    ) from e
ai_werewolf_core.utils.redis_seq.RedisUnavailableException: EventBus Œﬁ∑®ªÒ»° Redis øÕªß∂À
---------------------------- Captured log teardown ----------------------------
DEBUG    ai_werewolf_core.utils.redis_client:redis_client.py:243 {'max_connections': 300, 'socket_timeout': 10, 'event': 'Redis ¡¨Ω”≥ÿ“—¥¥Ω®', 'level': 'debug', 'logger': 'ai_werewolf_core.utils.redis_client', 'timestamp': '2026-05-14T21:32:03.384928+08:00'}
ERROR    ai_werewolf_core.utils.redis_client:redis_client.py:130 {'host': '192.168.100.128', 'port': 6379, 'error': "Error while reading from 192.168.100.128:6379 : (22, '÷∏∂®µƒÕ¯¬Á√˚≤ª‘Ÿø…”√°£', None, 64, None)", 'event': 'Redis ¡¨Ω”—È÷§ ß∞‹ (PING)', 'level': 'error', 'logger': 'ai_werewolf_core.utils.redis_client', 'timestamp': '2026-05-14T21:32:08.388208+08:00', 'exception': 'Traceback (most recent call last):\n  File "F:\\py\\Lib\\asyncio\\windows_events.py", line 463, in finish_socket_func\n    return ov.getresult()\n           ~~~~~~~~~~~~^^\nOSError: [WinError 64] ÷∏∂®µƒÕ¯¬Á√˚≤ª‘Ÿø…”√°£\n\nDuring handling of the above exception, another exception occurred:\n\nTraceback (most recent call last):\n  File "F:\\py\\Lib\\site-packages\\redis\\asyncio\\connection.py", line 725, in read_response\n    response = await self._parser.read_response(\n               ^^^^^^^^^^^^^^^^^^^^^^^^^^^^^^^^^\n        disable_decoding=disable_decoding\n        ^^^^^^^^^^^^^^^^^^^^^^^^^^^^^^^^^\n    )\n    ^\n  File "F:\\py\\Lib\\site-packages\\redis\\_parsers\\resp2.py", line 82, in read_response\n    response = await self._read_response(disable_decoding=disable_decoding)\n               ^^^^^^^^^^^^^^^^^^^^^^^^^^^^^^^^^^^^^^^^^^^^^^^^^^^^^^^^^^^^\n  File "F:\\py\\Lib\\site-packages\\redis\\_parsers\\resp2.py", line 90, in _read_response\n    raw = await self._readline()\n          ^^^^^^^^^^^^^^^^^^^^^^\n  File "F:\\py\\Lib\\site-packages\\redis\\_parsers\\base.py", line 559, in _readline\n    data = await self._stream.readline()\n           ^^^^^^^^^^^^^^^^^^^^^^^^^^^^^\n  File "F:\\py\\Lib\\asyncio\\streams.py", line 562, in readline\n    line = await self.readuntil(sep)\n           ^^^^^^^^^^^^^^^^^^^^^^^^^\n  File "F:\\py\\Lib\\asyncio\\streams.py", line 677, in readuntil\n    await self._wait_for_data(\'readuntil\')\n  File "F:\\py\\Lib\\asyncio\\streams.py", line 539, in _wait_for_data\n    await self._waiter\n  File "F:\\py\\Lib\\asyncio\\proactor_events.py", line 286, in _loop_reading\n    length = fut.result()\n  File "F:\\py\\Lib\\asyncio\\windows_events.py", line 804, in _poll\n    value = callback(transferred, key, ov)\n  File "F:\\py\\Lib\\asyncio\\windows_events.py", line 467, in finish_socket_func\n    raise ConnectionResetError(*exc.args)\nConnectionResetError: [WinError 64] ÷∏∂®µƒÕ¯¬Á√˚≤ª‘Ÿø…”√°£\n\nDuring handling of the above exception, another exception occurred:\n\nTraceback (most recent call last):\n  File "F:\\YilenaCode\\Werewolf\\ai_werewolf_core\\utils\\redis_client.py", line 128, in get_client\n    await cls._client.ping()\n  File "F:\\py\\Lib\\site-packages\\redis\\asyncio\\client.py", line 764, in execute_command\n    conn = self.connection or await pool.get_connection()\n                              ^^^^^^^^^^^^^^^^^^^^^^^^^^^\n  File "F:\\py\\Lib\\site-packages\\redis\\utils.py", line 227, in async_wrapper\n    return await func(*args, **kwargs)\n           ^^^^^^^^^^^^^^^^^^^^^^^^^^^\n  File "F:\\py\\Lib\\site-packages\\redis\\asyncio\\connection.py", line 1351, in get_connection\n    await self.ensure_connection(connection)\n  File "F:\\py\\Lib\\site-packages\\redis\\asyncio\\connection.py", line 1390, in ensure_connection\n    await connection.connect()\n  File "F:\\py\\Lib\\site-packages\\redis\\asyncio\\connection.py", line 339, in connect\n    await self.retry.call_with_retry(\n    ...<7 lines>...\n    )\n  File "F:\\py\\Lib\\site-packages\\redis\\asyncio\\retry.py", line 81, in call_with_retry\n    raise error\n  File "F:\\py\\Lib\\site-packages\\redis\\asyncio\\retry.py", line 69, in call_with_retry\n    return await do()\n           ^^^^^^^^^^\n  File "F:\\py\\Lib\\site-packages\\redis\\asyncio\\connection.py", line 403, in connect_check_health\n    await self.on_connect_check_health(check_health=check_health)\n  File "F:\\py\\Lib\\site-packages\\redis\\asyncio\\connection.py", line 560, in on_connect_check_health\n    await self.read_response()\n  File "F:\\py\\Lib\\site-packages\\redis\\asyncio\\connection.py", line 747, in read_response\n    raise ConnectionError(f"Error while reading from {host_error} : {e.args}")\nredis.exceptions.ConnectionError: Error while reading from 192.168.100.128:6379 : (22, \'÷∏∂®µƒÕ¯¬Á√˚≤ª‘Ÿø…”√°£\', None, 64, None)'}
ERROR    ai_werewolf_core.core.event.bus:bus.py:741 {'game_id': None, 'error': 'EventBus Œﬁ∑®ªÒ»° Redis øÕªß∂À', 'event': '«Â¿Ì ¬º˛ Stream “Ï≥£', 'level': 'error', 'logger': 'ai_werewolf_core.core.event.bus', 'timestamp': '2026-05-14T21:32:08.391111+08:00', 'exception': 'Traceback (most recent call last):\n  File "F:\\py\\Lib\\asyncio\\windows_events.py", line 463, in finish_socket_func\n    return ov.getresult()\n           ~~~~~~~~~~~~^^\nOSError: [WinError 64] ÷∏∂®µƒÕ¯¬Á√˚≤ª‘Ÿø…”√°£\n\nDuring handling of the above exception, another exception occurred:\n\nTraceback (most recent call last):\n  File "F:\\py\\Lib\\site-packages\\redis\\asyncio\\connection.py", line 725, in read_response\n    response = await self._parser.read_response(\n               ^^^^^^^^^^^^^^^^^^^^^^^^^^^^^^^^^\n        disable_decoding=disable_decoding\n        ^^^^^^^^^^^^^^^^^^^^^^^^^^^^^^^^^\n    )\n    ^\n  File "F:\\py\\Lib\\site-packages\\redis\\_parsers\\resp2.py", line 82, in read_response\n    response = await self._read_response(disable_decoding=disable_decoding)\n               ^^^^^^^^^^^^^^^^^^^^^^^^^^^^^^^^^^^^^^^^^^^^^^^^^^^^^^^^^^^^\n  File "F:\\py\\Lib\\site-packages\\redis\\_parsers\\resp2.py", line 90, in _read_response\n    raw = await self._readline()\n          ^^^^^^^^^^^^^^^^^^^^^^\n  File "F:\\py\\Lib\\site-packages\\redis\\_parsers\\base.py", line 559, in _readline\n    data = await self._stream.readline()\n           ^^^^^^^^^^^^^^^^^^^^^^^^^^^^^\n  File "F:\\py\\Lib\\asyncio\\streams.py", line 562, in readline\n    line = await self.readuntil(sep)\n           ^^^^^^^^^^^^^^^^^^^^^^^^^\n  File "F:\\py\\Lib\\asyncio\\streams.py", line 677, in readuntil\n    await self._wait_for_data(\'readuntil\')\n  File "F:\\py\\Lib\\asyncio\\streams.py", line 539, in _wait_for_data\n    await self._waiter\n  File "F:\\py\\Lib\\asyncio\\proactor_events.py", line 286, in _loop_reading\n    length = fut.result()\n  File "F:\\py\\Lib\\asyncio\\windows_events.py", line 804, in _poll\n    value = callback(transferred, key, ov)\n  File "F:\\py\\Lib\\asyncio\\windows_events.py", line 467, in finish_socket_func\n    raise ConnectionResetError(*exc.args)\nConnectionResetError: [WinError 64] ÷∏∂®µƒÕ¯¬Á√˚≤ª‘Ÿø…”√°£\n\nDuring handling of the above exception, another exception occurred:\n\nTraceback (most recent call last):\n  File "F:\\YilenaCode\\Werewolf\\ai_werewolf_core\\core\\event\\bus.py", line 111, in _get_redis\n    self._redis_client = await RedisClientManager.get_client()\n                         ^^^^^^^^^^^^^^^^^^^^^^^^^^^^^^^^^^^^^\n  File "F:\\YilenaCode\\Werewolf\\ai_werewolf_core\\utils\\redis_client.py", line 128, in get_client\n    await cls._client.ping()\n  File "F:\\py\\Lib\\site-packages\\redis\\asyncio\\client.py", line 764, in execute_command\n    conn = self.connection or await pool.get_connection()\n                              ^^^^^^^^^^^^^^^^^^^^^^^^^^^\n  File "F:\\py\\Lib\\site-packages\\redis\\utils.py", line 227, in async_wrapper\n    return await func(*args, **kwargs)\n           ^^^^^^^^^^^^^^^^^^^^^^^^^^^\n  File "F:\\py\\Lib\\site-packages\\redis\\asyncio\\connection.py", line 1351, in get_connection\n    await self.ensure_connection(connection)\n  File "F:\\py\\Lib\\site-packages\\redis\\asyncio\\connection.py", line 1390, in ensure_connection\n    await connection.connect()\n  File "F:\\py\\Lib\\site-packages\\redis\\asyncio\\connection.py", line 339, in connect\n    await self.retry.call_with_retry(\n    ...<7 lines>...\n    )\n  File "F:\\py\\Lib\\site-packages\\redis\\asyncio\\retry.py", line 81, in call_with_retry\n    raise error\n  File "F:\\py\\Lib\\site-packages\\redis\\asyncio\\retry.py", line 69, in call_with_retry\n    return await do()\n           ^^^^^^^^^^\n  File "F:\\py\\Lib\\site-packages\\redis\\asyncio\\connection.py", line 403, in connect_check_health\n    await self.on_connect_check_health(check_health=check_health)\n  File "F:\\py\\Lib\\site-packages\\redis\\asyncio\\connection.py", line 560, in on_connect_check_health\n    await self.read_response()\n  File "F:\\py\\Lib\\site-packages\\redis\\asyncio\\connection.py", line 747, in read_response\n    raise ConnectionError(f"Error while reading from {host_error} : {e.args}")\nredis.exceptions.ConnectionError: Error while reading from 192.168.100.128:6379 : (22, \'÷∏∂®µƒÕ¯¬Á√˚≤ª‘Ÿø…”√°£\', None, 64, None)\n\nThe above exception was the direct cause of the following exception:\n\nTraceback (most recent call last):\n  File "F:\\YilenaCode\\Werewolf\\ai_werewolf_core\\core\\event\\bus.py", line 710, in clear\n    redis = await self._get_redis()\n            ^^^^^^^^^^^^^^^^^^^^^^^\n  File "F:\\YilenaCode\\Werewolf\\ai_werewolf_core\\core\\event\\bus.py", line 114, in _get_redis\n    raise RedisUnavailableException(\n        "EventBus Œﬁ∑®ªÒ»° Redis øÕªß∂À"\n    ) from e\nai_werewolf_core.utils.redis_seq.RedisUnavailableException: EventBus Œﬁ∑®ªÒ»° Redis øÕªß∂À'}
____________ TestStartGame.test_start_game_activates_state_machine ____________

trans = 0, key = 0, ov = <_overlapped.Overlapped object at 0x0000027C320BF870>

    @staticmethod
    def finish_socket_func(trans, key, ov):
        try:
>           return ov.getresult()
                   ^^^^^^^^^^^^^^
E           OSError: [WinError 64] ÷∏∂®µƒÕ¯¬Á√˚≤ª‘Ÿø…”√°£

F:\py\Lib\asyncio\windows_events.py:463: OSError

During handling of the above exception, another exception occurred:

self = <redis.asyncio.connection.Connection(host=192.168.100.128,port=6379,db=1)>
disable_decoding = False, timeout = None

    async def read_response(
        self,
        disable_decoding: bool = False,
        timeout: Optional[float] = None,
        *,
        disconnect_on_error: bool = True,
        push_request: Optional[bool] = False,
    ):
        """Read the response from a previously sent command"""
        read_timeout = timeout if timeout is not None else self.socket_timeout
        host_error = self._host_error()
        try:
            if read_timeout is not None and self.protocol in ["3", 3]:
                async with async_timeout(read_timeout):
                    response = await self._parser.read_response(
                        disable_decoding=disable_decoding, push_request=push_request
                    )
            elif read_timeout is not None:
                async with async_timeout(read_timeout):
>                   response = await self._parser.read_response(
                        disable_decoding=disable_decoding

F:\py\Lib\site-packages\redis\asyncio\connection.py:725: 
_ _ _ _ _ _ _ _ _ _ _ _ _ _ _ _ _ _ _ _ _ _ _ _ _ _ _ _ _ _ _ _ _ _ _ _ _ _ _ _
F:\py\Lib\site-packages\redis\_parsers\resp2.py:82: in read_response
    response = await self._read_response(disable_decoding=disable_decoding)
               ^^^^^^^^^^^^^^^^^^^^^^^^^^^^^^^^^^^^^^^^^^^^^^^^^^^^^^^^^^^^
F:\py\Lib\site-packages\redis\_parsers\resp2.py:90: in _read_response
    raw = await self._readline()
          ^^^^^^^^^^^^^^^^^^^^^^
F:\py\Lib\site-packages\redis\_parsers\base.py:559: in _readline
    data = await self._stream.readline()
           ^^^^^^^^^^^^^^^^^^^^^^^^^^^^^
F:\py\Lib\asyncio\streams.py:562: in readline
    line = await self.readuntil(sep)
           ^^^^^^^^^^^^^^^^^^^^^^^^^
F:\py\Lib\asyncio\streams.py:677: in readuntil
    await self._wait_for_data('readuntil')
F:\py\Lib\asyncio\streams.py:539: in _wait_for_data
    await self._waiter
F:\py\Lib\asyncio\proactor_events.py:286: in _loop_reading
    length = fut.result()
             ^^^^^^^^^^^^
F:\py\Lib\asyncio\windows_events.py:804: in _poll
    value = callback(transferred, key, ov)
            ^^^^^^^^^^^^^^^^^^^^^^^^^^^^^^
_ _ _ _ _ _ _ _ _ _ _ _ _ _ _ _ _ _ _ _ _ _ _ _ _ _ _ _ _ _ _ _ _ _ _ _ _ _ _ _

trans = 0, key = 0, ov = <_overlapped.Overlapped object at 0x0000027C320BF870>

    @staticmethod
    def finish_socket_func(trans, key, ov):
        try:
            return ov.getresult()
        except OSError as exc:
            if exc.winerror in (_overlapped.ERROR_NETNAME_DELETED,
                                _overlapped.ERROR_OPERATION_ABORTED):
>               raise ConnectionResetError(*exc.args)
E               ConnectionResetError: [WinError 64] ÷∏∂®µƒÕ¯¬Á√˚≤ª‘Ÿø…”√°£

F:\py\Lib\asyncio\windows_events.py:467: ConnectionResetError

During handling of the above exception, another exception occurred:

self = <ai_werewolf_core.core.engine.lifecycle.LifecycleManager object at 0x0000027C31E0ECF0>

    async def _get_redis(self) -> aioredis.Redis:
        """ªÒ»° Redis “Ï≤ΩøÕªß∂À£®¿¡≥ı ºªØ£¨π≤œÌ¡¨Ω”≥ÿ£©°£"""
        if self._redis is None:
            try:
>               self._redis = await RedisClientManager.get_client()
                              ^^^^^^^^^^^^^^^^^^^^^^^^^^^^^^^^^^^^^

ai_werewolf_core\core\engine\lifecycle.py:143: 
_ _ _ _ _ _ _ _ _ _ _ _ _ _ _ _ _ _ _ _ _ _ _ _ _ _ _ _ _ _ _ _ _ _ _ _ _ _ _ _
ai_werewolf_core\utils\redis_client.py:128: in get_client
    await cls._client.ping()
F:\py\Lib\site-packages\redis\asyncio\client.py:764: in execute_command
    conn = self.connection or await pool.get_connection()
                              ^^^^^^^^^^^^^^^^^^^^^^^^^^^
F:\py\Lib\site-packages\redis\utils.py:227: in async_wrapper
    return await func(*args, **kwargs)
           ^^^^^^^^^^^^^^^^^^^^^^^^^^^
F:\py\Lib\site-packages\redis\asyncio\connection.py:1351: in get_connection
    await self.ensure_connection(connection)
F:\py\Lib\site-packages\redis\asyncio\connection.py:1390: in ensure_connection
    await connection.connect()
F:\py\Lib\site-packages\redis\asyncio\connection.py:339: in connect
    await self.retry.call_with_retry(
F:\py\Lib\site-packages\redis\asyncio\retry.py:81: in call_with_retry
    raise error
F:\py\Lib\site-packages\redis\asyncio\retry.py:69: in call_with_retry
    return await do()
           ^^^^^^^^^^
F:\py\Lib\site-packages\redis\asyncio\connection.py:403: in connect_check_health
    await self.on_connect_check_health(check_health=check_health)
F:\py\Lib\site-packages\redis\asyncio\connection.py:560: in on_connect_check_health
    await self.read_response()
_ _ _ _ _ _ _ _ _ _ _ _ _ _ _ _ _ _ _ _ _ _ _ _ _ _ _ _ _ _ _ _ _ _ _ _ _ _ _ _

self = <redis.asyncio.connection.Connection(host=192.168.100.128,port=6379,db=1)>
disable_decoding = False, timeout = None

    async def read_response(
        self,
        disable_decoding: bool = False,
        timeout: Optional[float] = None,
        *,
        disconnect_on_error: bool = True,
        push_request: Optional[bool] = False,
    ):
        """Read the response from a previously sent command"""
        read_timeout = timeout if timeout is not None else self.socket_timeout
        host_error = self._host_error()
        try:
            if read_timeout is not None and self.protocol in ["3", 3]:
                async with async_timeout(read_timeout):
                    response = await self._parser.read_response(
                        disable_decoding=disable_decoding, push_request=push_request
                    )
            elif read_timeout is not None:
                async with async_timeout(read_timeout):
                    response = await self._parser.read_response(
                        disable_decoding=disable_decoding
                    )
            elif self.protocol in ["3", 3]:
                response = await self._parser.read_response(
                    disable_decoding=disable_decoding, push_request=push_request
                )
            else:
                response = await self._parser.read_response(
                    disable_decoding=disable_decoding
                )
        except asyncio.TimeoutError:
            if timeout is not None:
                # user requested timeout, return None. Operation can be retried
                return None
            # it was a self.socket_timeout error.
            if disconnect_on_error:
                await self.disconnect(nowait=True)
            raise TimeoutError(f"Timeout reading from {host_error}")
        except OSError as e:
            if disconnect_on_error:
                await self.disconnect(nowait=True)
>           raise ConnectionError(f"Error while reading from {host_error} : {e.args}")
E           redis.exceptions.ConnectionError: Error while reading from 192.168.100.128:6379 : (22, '÷∏∂®µƒÕ¯¬Á√˚≤ª‘Ÿø…”√°£', None, 64, None)

F:\py\Lib\site-packages\redis\asyncio\connection.py:747: ConnectionError

The above exception was the direct cause of the following exception:

self = <test_lifecycle.TestStartGame object at 0x0000027C303D2990>
lifecycle = <ai_werewolf_core.core.engine.lifecycle.LifecycleManager object at 0x0000027C31E0ECF0>

    @pytest.mark.asyncio
    async def test_start_game_activates_state_machine(self, lifecycle):
        """
        start_game ”¶º§ªÓƒ⁄≤øµƒ PhaseStateMachine ≤¢Ω¯»Î NIGHT_START Ω◊∂Œ°£
    
        **Why**: start_game ≤ªΩˆ «◊¥Ã¨±‰∏¸£¨ªπ±Í÷æ◊≈æ÷ƒ⁄Ω◊∂Œ¡˜◊™µƒø™ º°£
        """
>       await lifecycle.init_game()

tests\unit\core\engine\test_lifecycle.py:143: 
_ _ _ _ _ _ _ _ _ _ _ _ _ _ _ _ _ _ _ _ _ _ _ _ _ _ _ _ _ _ _ _ _ _ _ _ _ _ _ _
ai_werewolf_core\core\engine\lifecycle.py:420: in init_game
    current_status = await self.get_status()
                     ^^^^^^^^^^^^^^^^^^^^^^^
ai_werewolf_core\core\engine\lifecycle.py:262: in get_status
    status = await self._get_status_from_redis()
             ^^^^^^^^^^^^^^^^^^^^^^^^^^^^^^^^^^^
ai_werewolf_core\core\engine\lifecycle.py:167: in _get_status_from_redis
    redis = await self._get_redis()
            ^^^^^^^^^^^^^^^^^^^^^^^
_ _ _ _ _ _ _ _ _ _ _ _ _ _ _ _ _ _ _ _ _ _ _ _ _ _ _ _ _ _ _ _ _ _ _ _ _ _ _ _

self = <ai_werewolf_core.core.engine.lifecycle.LifecycleManager object at 0x0000027C31E0ECF0>

    async def _get_redis(self) -> aioredis.Redis:
        """ªÒ»° Redis “Ï≤ΩøÕªß∂À£®¿¡≥ı ºªØ£¨π≤œÌ¡¨Ω”≥ÿ£©°£"""
        if self._redis is None:
            try:
                self._redis = await RedisClientManager.get_client()
                self._logger.debug("LifecycleManager “—ªÒ»°π≤œÌ Redis øÕªß∂À")
            except (aioredis.ConnectionError, aioredis.TimeoutError) as e:
>               raise RedisUnavailableException(
                    f"LifecycleManager Œﬁ∑®ªÒ»° Redis øÕªß∂À: game_id={self.game_id}"
                ) from e
E               ai_werewolf_core.utils.redis_seq.RedisUnavailableException: LifecycleManager Œﬁ∑®ªÒ»° Redis øÕªß∂À: game_id=test_lifecycle_f8f3e6fd49ea42aa9a615d32ac5dd8e1

ai_werewolf_core\core\engine\lifecycle.py:146: RedisUnavailableException
---------------------------- Captured stderr setup ----------------------------
[2m2026-05-14T21:32:08.394424+08:00[0m [[32m[1mdebug    [0m] [1mglobal_subscribe              [0m [[0m[1m[34mai_werewolf_core.core.event.bus[0m][0m [36mhandler[0m=[35m_default_log_subscriber[0m
[2m2026-05-14T21:32:08.394610+08:00[0m [[32m[1mdebug    [0m] [1mglobal_subscribe              [0m [[0m[1m[34mai_werewolf_core.core.event.bus[0m][0m [36mhandler[0m=[35m_persist_to_db[0m
----------------------------- Captured log setup ------------------------------
DEBUG    ai_werewolf_core.core.event.bus:bus.py:519 {'handler': '_default_log_subscriber', 'event': 'global_subscribe', 'level': 'debug', 'logger': 'ai_werewolf_core.core.event.bus', 'timestamp': '2026-05-14T21:32:08.394424+08:00'}
DEBUG    ai_werewolf_core.core.event.bus:bus.py:519 {'handler': '_persist_to_db', 'event': 'global_subscribe', 'level': 'debug', 'logger': 'ai_werewolf_core.core.event.bus', 'timestamp': '2026-05-14T21:32:08.394610+08:00'}
---------------------------- Captured stderr call -----------------------------
[2m2026-05-14T21:32:08.395367+08:00[0m [[32m[1minfo     [0m] [1mgame_init                     [0m [[0m[1m[34mai_werewolf_core.core.engine.lifecycle[0m][0m [36mgame_id[0m=[35mtest_lifecycle_f8f3e6fd49ea42aa9a615d32ac5dd8e1[0m [36mmodule[0m=[35mLifecycleManager[0m
[2m2026-05-14T21:32:08.395534+08:00[0m [[32m[1mdebug    [0m] [1mRedis ¡¨Ω”≥ÿ“—¥¥Ω®                  [0m [[0m[1m[34mai_werewolf_core.utils.redis_client[0m][0m [36mmax_connections[0m=[35m300[0m [36msocket_timeout[0m=[35m10[0m
[2m2026-05-14T21:32:13.398362+08:00[0m [[31m[1merror    [0m] [1mRedis ¡¨Ω”—È÷§ ß∞‹ (PING)           [0m [[0m[1m[34mai_werewolf_core.utils.redis_client[0m][0m [36merror[0m=[35m"Error while reading from 192.168.100.128:6379 : (22, '÷∏∂®µƒÕ¯¬Á√˚≤ª‘Ÿø…”√°£', None, 64, None)"[0m [36mhost[0m=[35m192.168.100.128[0m [36mport[0m=[35m6379[0m
Traceback (most recent call last):
  File "F:\py\Lib\asyncio\windows_events.py", line 463, in finish_socket_func
    return ov.getresult()
           ~~~~~~~~~~~~^^
OSError: [WinError 64] ÷∏∂®µƒÕ¯¬Á√˚≤ª‘Ÿø…”√°£

During handling of the above exception, another exception occurred:

Traceback (most recent call last):
  File "F:\py\Lib\site-packages\redis\asyncio\connection.py", line 725, in read_response
    response = await self._parser.read_response(
               ^^^^^^^^^^^^^^^^^^^^^^^^^^^^^^^^^
        disable_decoding=disable_decoding
        ^^^^^^^^^^^^^^^^^^^^^^^^^^^^^^^^^
    )
    ^
  File "F:\py\Lib\site-packages\redis\_parsers\resp2.py", line 82, in read_response
    response = await self._read_response(disable_decoding=disable_decoding)
               ^^^^^^^^^^^^^^^^^^^^^^^^^^^^^^^^^^^^^^^^^^^^^^^^^^^^^^^^^^^^
  File "F:\py\Lib\site-packages\redis\_parsers\resp2.py", line 90, in _read_response
    raw = await self._readline()
          ^^^^^^^^^^^^^^^^^^^^^^
  File "F:\py\Lib\site-packages\redis\_parsers\base.py", line 559, in _readline
    data = await self._stream.readline()
           ^^^^^^^^^^^^^^^^^^^^^^^^^^^^^
  File "F:\py\Lib\asyncio\streams.py", line 562, in readline
    line = await self.readuntil(sep)
           ^^^^^^^^^^^^^^^^^^^^^^^^^
  File "F:\py\Lib\asyncio\streams.py", line 677, in readuntil
    await self._wait_for_data('readuntil')
  File "F:\py\Lib\asyncio\streams.py", line 539, in _wait_for_data
    await self._waiter
  File "F:\py\Lib\asyncio\proactor_events.py", line 286, in _loop_reading
    length = fut.result()
  File "F:\py\Lib\asyncio\windows_events.py", line 804, in _poll
    value = callback(transferred, key, ov)
  File "F:\py\Lib\asyncio\windows_events.py", line 467, in finish_socket_func
    raise ConnectionResetError(*exc.args)
ConnectionResetError: [WinError 64] ÷∏∂®µƒÕ¯¬Á√˚≤ª‘Ÿø…”√°£

During handling of the above exception, another exception occurred:

Traceback (most recent call last):
  File "F:\YilenaCode\Werewolf\ai_werewolf_core\utils\redis_client.py", line 128, in get_client
    await cls._client.ping()
  File "F:\py\Lib\site-packages\redis\asyncio\client.py", line 764, in execute_command
    conn = self.connection or await pool.get_connection()
                              ^^^^^^^^^^^^^^^^^^^^^^^^^^^
  File "F:\py\Lib\site-packages\redis\utils.py", line 227, in async_wrapper
    return await func(*args, **kwargs)
           ^^^^^^^^^^^^^^^^^^^^^^^^^^^
  File "F:\py\Lib\site-packages\redis\asyncio\connection.py", line 1351, in get_connection
    await self.ensure_connection(connection)
  File "F:\py\Lib\site-packages\redis\asyncio\connection.py", line 1390, in ensure_connection
    await connection.connect()
  File "F:\py\Lib\site-packages\redis\asyncio\connection.py", line 339, in connect
    await self.retry.call_with_retry(
    ...<7 lines>...
    )
  File "F:\py\Lib\site-packages\redis\asyncio\retry.py", line 81, in call_with_retry
    raise error
  File "F:\py\Lib\site-packages\redis\asyncio\retry.py", line 69, in call_with_retry
    return await do()
           ^^^^^^^^^^
  File "F:\py\Lib\site-packages\redis\asyncio\connection.py", line 403, in connect_check_health
    await self.on_connect_check_health(check_health=check_health)
  File "F:\py\Lib\site-packages\redis\asyncio\connection.py", line 560, in on_connect_check_health
    await self.read_response()
  File "F:\py\Lib\site-packages\redis\asyncio\connection.py", line 747, in read_response
    raise ConnectionError(f"Error while reading from {host_error} : {e.args}")
redis.exceptions.ConnectionError: Error while reading from 192.168.100.128:6379 : (22, '÷∏∂®µƒÕ¯¬Á√˚≤ª‘Ÿø…”√°£', None, 64, None)
------------------------------ Captured log call ------------------------------
INFO     ai_werewolf_core.core.engine.lifecycle:lifecycle.py:418 {'game_id': 'test_lifecycle_f8f3e6fd49ea42aa9a615d32ac5dd8e1', 'module': 'LifecycleManager', 'event': 'game_init', 'level': 'info', 'logger': 'ai_werewolf_core.core.engine.lifecycle', 'timestamp': '2026-05-14T21:32:08.395367+08:00'}
DEBUG    ai_werewolf_core.utils.redis_client:redis_client.py:243 {'max_connections': 300, 'socket_timeout': 10, 'event': 'Redis ¡¨Ω”≥ÿ“—¥¥Ω®', 'level': 'debug', 'logger': 'ai_werewolf_core.utils.redis_client', 'timestamp': '2026-05-14T21:32:08.395534+08:00'}
ERROR    ai_werewolf_core.utils.redis_client:redis_client.py:130 {'host': '192.168.100.128', 'port': 6379, 'error': "Error while reading from 192.168.100.128:6379 : (22, '÷∏∂®µƒÕ¯¬Á√˚≤ª‘Ÿø…”√°£', None, 64, None)", 'event': 'Redis ¡¨Ω”—È÷§ ß∞‹ (PING)', 'level': 'error', 'logger': 'ai_werewolf_core.utils.redis_client', 'timestamp': '2026-05-14T21:32:13.398362+08:00', 'exception': 'Traceback (most recent call last):\n  File "F:\\py\\Lib\\asyncio\\windows_events.py", line 463, in finish_socket_func\n    return ov.getresult()\n           ~~~~~~~~~~~~^^\nOSError: [WinError 64] ÷∏∂®µƒÕ¯¬Á√˚≤ª‘Ÿø…”√°£\n\nDuring handling of the above exception, another exception occurred:\n\nTraceback (most recent call last):\n  File "F:\\py\\Lib\\site-packages\\redis\\asyncio\\connection.py", line 725, in read_response\n    response = await self._parser.read_response(\n               ^^^^^^^^^^^^^^^^^^^^^^^^^^^^^^^^^\n        disable_decoding=disable_decoding\n        ^^^^^^^^^^^^^^^^^^^^^^^^^^^^^^^^^\n    )\n    ^\n  File "F:\\py\\Lib\\site-packages\\redis\\_parsers\\resp2.py", line 82, in read_response\n    response = await self._read_response(disable_decoding=disable_decoding)\n               ^^^^^^^^^^^^^^^^^^^^^^^^^^^^^^^^^^^^^^^^^^^^^^^^^^^^^^^^^^^^\n  File "F:\\py\\Lib\\site-packages\\redis\\_parsers\\resp2.py", line 90, in _read_response\n    raw = await self._readline()\n          ^^^^^^^^^^^^^^^^^^^^^^\n  File "F:\\py\\Lib\\site-packages\\redis\\_parsers\\base.py", line 559, in _readline\n    data = await self._stream.readline()\n           ^^^^^^^^^^^^^^^^^^^^^^^^^^^^^\n  File "F:\\py\\Lib\\asyncio\\streams.py", line 562, in readline\n    line = await self.readuntil(sep)\n           ^^^^^^^^^^^^^^^^^^^^^^^^^\n  File "F:\\py\\Lib\\asyncio\\streams.py", line 677, in readuntil\n    await self._wait_for_data(\'readuntil\')\n  File "F:\\py\\Lib\\asyncio\\streams.py", line 539, in _wait_for_data\n    await self._waiter\n  File "F:\\py\\Lib\\asyncio\\proactor_events.py", line 286, in _loop_reading\n    length = fut.result()\n  File "F:\\py\\Lib\\asyncio\\windows_events.py", line 804, in _poll\n    value = callback(transferred, key, ov)\n  File "F:\\py\\Lib\\asyncio\\windows_events.py", line 467, in finish_socket_func\n    raise ConnectionResetError(*exc.args)\nConnectionResetError: [WinError 64] ÷∏∂®µƒÕ¯¬Á√˚≤ª‘Ÿø…”√°£\n\nDuring handling of the above exception, another exception occurred:\n\nTraceback (most recent call last):\n  File "F:\\YilenaCode\\Werewolf\\ai_werewolf_core\\utils\\redis_client.py", line 128, in get_client\n    await cls._client.ping()\n  File "F:\\py\\Lib\\site-packages\\redis\\asyncio\\client.py", line 764, in execute_command\n    conn = self.connection or await pool.get_connection()\n                              ^^^^^^^^^^^^^^^^^^^^^^^^^^^\n  File "F:\\py\\Lib\\site-packages\\redis\\utils.py", line 227, in async_wrapper\n    return await func(*args, **kwargs)\n           ^^^^^^^^^^^^^^^^^^^^^^^^^^^\n  File "F:\\py\\Lib\\site-packages\\redis\\asyncio\\connection.py", line 1351, in get_connection\n    await self.ensure_connection(connection)\n  File "F:\\py\\Lib\\site-packages\\redis\\asyncio\\connection.py", line 1390, in ensure_connection\n    await connection.connect()\n  File "F:\\py\\Lib\\site-packages\\redis\\asyncio\\connection.py", line 339, in connect\n    await self.retry.call_with_retry(\n    ...<7 lines>...\n    )\n  File "F:\\py\\Lib\\site-packages\\redis\\asyncio\\retry.py", line 81, in call_with_retry\n    raise error\n  File "F:\\py\\Lib\\site-packages\\redis\\asyncio\\retry.py", line 69, in call_with_retry\n    return await do()\n           ^^^^^^^^^^\n  File "F:\\py\\Lib\\site-packages\\redis\\asyncio\\connection.py", line 403, in connect_check_health\n    await self.on_connect_check_health(check_health=check_health)\n  File "F:\\py\\Lib\\site-packages\\redis\\asyncio\\connection.py", line 560, in on_connect_check_health\n    await self.read_response()\n  File "F:\\py\\Lib\\site-packages\\redis\\asyncio\\connection.py", line 747, in read_response\n    raise ConnectionError(f"Error while reading from {host_error} : {e.args}")\nredis.exceptions.ConnectionError: Error while reading from 192.168.100.128:6379 : (22, \'÷∏∂®µƒÕ¯¬Á√˚≤ª‘Ÿø…”√°£\', None, 64, None)'}
-------------------------- Captured stderr teardown ---------------------------
[2m2026-05-14T21:32:13.545723+08:00[0m [[32m[1mdebug    [0m] [1mRedis ¡¨Ω”≥ÿ“—¥¥Ω®                  [0m [[0m[1m[34mai_werewolf_core.utils.redis_client[0m][0m [36mmax_connections[0m=[35m300[0m [36msocket_timeout[0m=[35m10[0m
[2m2026-05-14T21:32:18.550102+08:00[0m [[31m[1merror    [0m] [1mRedis ¡¨Ω”—È÷§ ß∞‹ (PING)           [0m [[0m[1m[34mai_werewolf_core.utils.redis_client[0m][0m [36merror[0m=[35m"Error while reading from 192.168.100.128:6379 : (22, '÷∏∂®µƒÕ¯¬Á√˚≤ª‘Ÿø…”√°£', None, 64, None)"[0m [36mhost[0m=[35m192.168.100.128[0m [36mport[0m=[35m6379[0m
Traceback (most recent call last):
  File "F:\py\Lib\asyncio\windows_events.py", line 463, in finish_socket_func
    return ov.getresult()
           ~~~~~~~~~~~~^^
OSError: [WinError 64] ÷∏∂®µƒÕ¯¬Á√˚≤ª‘Ÿø…”√°£

During handling of the above exception, another exception occurred:

Traceback (most recent call last):
  File "F:\py\Lib\site-packages\redis\asyncio\connection.py", line 725, in read_response
    response = await self._parser.read_response(
               ^^^^^^^^^^^^^^^^^^^^^^^^^^^^^^^^^
        disable_decoding=disable_decoding
        ^^^^^^^^^^^^^^^^^^^^^^^^^^^^^^^^^
    )
    ^
  File "F:\py\Lib\site-packages\redis\_parsers\resp2.py", line 82, in read_response
    response = await self._read_response(disable_decoding=disable_decoding)
               ^^^^^^^^^^^^^^^^^^^^^^^^^^^^^^^^^^^^^^^^^^^^^^^^^^^^^^^^^^^^
  File "F:\py\Lib\site-packages\redis\_parsers\resp2.py", line 90, in _read_response
    raw = await self._readline()
          ^^^^^^^^^^^^^^^^^^^^^^
  File "F:\py\Lib\site-packages\redis\_parsers\base.py", line 559, in _readline
    data = await self._stream.readline()
           ^^^^^^^^^^^^^^^^^^^^^^^^^^^^^
  File "F:\py\Lib\asyncio\streams.py", line 562, in readline
    line = await self.readuntil(sep)
           ^^^^^^^^^^^^^^^^^^^^^^^^^
  File "F:\py\Lib\asyncio\streams.py", line 677, in readuntil
    await self._wait_for_data('readuntil')
  File "F:\py\Lib\asyncio\streams.py", line 539, in _wait_for_data
    await self._waiter
  File "F:\py\Lib\asyncio\proactor_events.py", line 286, in _loop_reading
    length = fut.result()
  File "F:\py\Lib\asyncio\windows_events.py", line 804, in _poll
    value = callback(transferred, key, ov)
  File "F:\py\Lib\asyncio\windows_events.py", line 467, in finish_socket_func
    raise ConnectionResetError(*exc.args)
ConnectionResetError: [WinError 64] ÷∏∂®µƒÕ¯¬Á√˚≤ª‘Ÿø…”√°£

During handling of the above exception, another exception occurred:

Traceback (most recent call last):
  File "F:\YilenaCode\Werewolf\ai_werewolf_core\utils\redis_client.py", line 128, in get_client
    await cls._client.ping()
  File "F:\py\Lib\site-packages\redis\asyncio\client.py", line 764, in execute_command
    conn = self.connection or await pool.get_connection()
                              ^^^^^^^^^^^^^^^^^^^^^^^^^^^
  File "F:\py\Lib\site-packages\redis\utils.py", line 227, in async_wrapper
    return await func(*args, **kwargs)
           ^^^^^^^^^^^^^^^^^^^^^^^^^^^
  File "F:\py\Lib\site-packages\redis\asyncio\connection.py", line 1351, in get_connection
    await self.ensure_connection(connection)
  File "F:\py\Lib\site-packages\redis\asyncio\connection.py", line 1390, in ensure_connection
    await connection.connect()
  File "F:\py\Lib\site-packages\redis\asyncio\connection.py", line 339, in connect
    await self.retry.call_with_retry(
    ...<7 lines>...
    )
  File "F:\py\Lib\site-packages\redis\asyncio\retry.py", line 81, in call_with_retry
    raise error
  File "F:\py\Lib\site-packages\redis\asyncio\retry.py", line 69, in call_with_retry
    return await do()
           ^^^^^^^^^^
  File "F:\py\Lib\site-packages\redis\asyncio\connection.py", line 403, in connect_check_health
    await self.on_connect_check_health(check_health=check_health)
  File "F:\py\Lib\site-packages\redis\asyncio\connection.py", line 560, in on_connect_check_health
    await self.read_response()
  File "F:\py\Lib\site-packages\redis\asyncio\connection.py", line 747, in read_response
    raise ConnectionError(f"Error while reading from {host_error} : {e.args}")
redis.exceptions.ConnectionError: Error while reading from 192.168.100.128:6379 : (22, '÷∏∂®µƒÕ¯¬Á√˚≤ª‘Ÿø…”√°£', None, 64, None)
[2m2026-05-14T21:32:18.552487+08:00[0m [[31m[1merror    [0m] [1m«Â¿Ì ¬º˛ Stream “Ï≥£                [0m [[0m[1m[34mai_werewolf_core.core.event.bus[0m][0m [36merror[0m=[35m'EventBus Œﬁ∑®ªÒ»° Redis øÕªß∂À'[0m [36mgame_id[0m=[35mNone[0m
Traceback (most recent call last):
  File "F:\py\Lib\asyncio\windows_events.py", line 463, in finish_socket_func
    return ov.getresult()
           ~~~~~~~~~~~~^^
OSError: [WinError 64] ÷∏∂®µƒÕ¯¬Á√˚≤ª‘Ÿø…”√°£

During handling of the above exception, another exception occurred:

Traceback (most recent call last):
  File "F:\py\Lib\site-packages\redis\asyncio\connection.py", line 725, in read_response
    response = await self._parser.read_response(
               ^^^^^^^^^^^^^^^^^^^^^^^^^^^^^^^^^
        disable_decoding=disable_decoding
        ^^^^^^^^^^^^^^^^^^^^^^^^^^^^^^^^^
    )
    ^
  File "F:\py\Lib\site-packages\redis\_parsers\resp2.py", line 82, in read_response
    response = await self._read_response(disable_decoding=disable_decoding)
               ^^^^^^^^^^^^^^^^^^^^^^^^^^^^^^^^^^^^^^^^^^^^^^^^^^^^^^^^^^^^
  File "F:\py\Lib\site-packages\redis\_parsers\resp2.py", line 90, in _read_response
    raw = await self._readline()
          ^^^^^^^^^^^^^^^^^^^^^^
  File "F:\py\Lib\site-packages\redis\_parsers\base.py", line 559, in _readline
    data = await self._stream.readline()
           ^^^^^^^^^^^^^^^^^^^^^^^^^^^^^
  File "F:\py\Lib\asyncio\streams.py", line 562, in readline
    line = await self.readuntil(sep)
           ^^^^^^^^^^^^^^^^^^^^^^^^^
  File "F:\py\Lib\asyncio\streams.py", line 677, in readuntil
    await self._wait_for_data('readuntil')
  File "F:\py\Lib\asyncio\streams.py", line 539, in _wait_for_data
    await self._waiter
  File "F:\py\Lib\asyncio\proactor_events.py", line 286, in _loop_reading
    length = fut.result()
  File "F:\py\Lib\asyncio\windows_events.py", line 804, in _poll
    value = callback(transferred, key, ov)
  File "F:\py\Lib\asyncio\windows_events.py", line 467, in finish_socket_func
    raise ConnectionResetError(*exc.args)
ConnectionResetError: [WinError 64] ÷∏∂®µƒÕ¯¬Á√˚≤ª‘Ÿø…”√°£

During handling of the above exception, another exception occurred:

Traceback (most recent call last):
  File "F:\YilenaCode\Werewolf\ai_werewolf_core\core\event\bus.py", line 111, in _get_redis
    self._redis_client = await RedisClientManager.get_client()
                         ^^^^^^^^^^^^^^^^^^^^^^^^^^^^^^^^^^^^^
  File "F:\YilenaCode\Werewolf\ai_werewolf_core\utils\redis_client.py", line 128, in get_client
    await cls._client.ping()
  File "F:\py\Lib\site-packages\redis\asyncio\client.py", line 764, in execute_command
    conn = self.connection or await pool.get_connection()
                              ^^^^^^^^^^^^^^^^^^^^^^^^^^^
  File "F:\py\Lib\site-packages\redis\utils.py", line 227, in async_wrapper
    return await func(*args, **kwargs)
           ^^^^^^^^^^^^^^^^^^^^^^^^^^^
  File "F:\py\Lib\site-packages\redis\asyncio\connection.py", line 1351, in get_connection
    await self.ensure_connection(connection)
  File "F:\py\Lib\site-packages\redis\asyncio\connection.py", line 1390, in ensure_connection
    await connection.connect()
  File "F:\py\Lib\site-packages\redis\asyncio\connection.py", line 339, in connect
    await self.retry.call_with_retry(
    ...<7 lines>...
    )
  File "F:\py\Lib\site-packages\redis\asyncio\retry.py", line 81, in call_with_retry
    raise error
  File "F:\py\Lib\site-packages\redis\asyncio\retry.py", line 69, in call_with_retry
    return await do()
           ^^^^^^^^^^
  File "F:\py\Lib\site-packages\redis\asyncio\connection.py", line 403, in connect_check_health
    await self.on_connect_check_health(check_health=check_health)
  File "F:\py\Lib\site-packages\redis\asyncio\connection.py", line 560, in on_connect_check_health
    await self.read_response()
  File "F:\py\Lib\site-packages\redis\asyncio\connection.py", line 747, in read_response
    raise ConnectionError(f"Error while reading from {host_error} : {e.args}")
redis.exceptions.ConnectionError: Error while reading from 192.168.100.128:6379 : (22, '÷∏∂®µƒÕ¯¬Á√˚≤ª‘Ÿø…”√°£', None, 64, None)

The above exception was the direct cause of the following exception:

Traceback (most recent call last):
  File "F:\YilenaCode\Werewolf\ai_werewolf_core\core\event\bus.py", line 710, in clear
    redis = await self._get_redis()
            ^^^^^^^^^^^^^^^^^^^^^^^
  File "F:\YilenaCode\Werewolf\ai_werewolf_core\core\event\bus.py", line 114, in _get_redis
    raise RedisUnavailableException(
        "EventBus Œﬁ∑®ªÒ»° Redis øÕªß∂À"
    ) from e
ai_werewolf_core.utils.redis_seq.RedisUnavailableException: EventBus Œﬁ∑®ªÒ»° Redis øÕªß∂À
---------------------------- Captured log teardown ----------------------------
DEBUG    ai_werewolf_core.utils.redis_client:redis_client.py:243 {'max_connections': 300, 'socket_timeout': 10, 'event': 'Redis ¡¨Ω”≥ÿ“—¥¥Ω®', 'level': 'debug', 'logger': 'ai_werewolf_core.utils.redis_client', 'timestamp': '2026-05-14T21:32:13.545723+08:00'}
ERROR    ai_werewolf_core.utils.redis_client:redis_client.py:130 {'host': '192.168.100.128', 'port': 6379, 'error': "Error while reading from 192.168.100.128:6379 : (22, '÷∏∂®µƒÕ¯¬Á√˚≤ª‘Ÿø…”√°£', None, 64, None)", 'event': 'Redis ¡¨Ω”—È÷§ ß∞‹ (PING)', 'level': 'error', 'logger': 'ai_werewolf_core.utils.redis_client', 'timestamp': '2026-05-14T21:32:18.550102+08:00', 'exception': 'Traceback (most recent call last):\n  File "F:\\py\\Lib\\asyncio\\windows_events.py", line 463, in finish_socket_func\n    return ov.getresult()\n           ~~~~~~~~~~~~^^\nOSError: [WinError 64] ÷∏∂®µƒÕ¯¬Á√˚≤ª‘Ÿø…”√°£\n\nDuring handling of the above exception, another exception occurred:\n\nTraceback (most recent call last):\n  File "F:\\py\\Lib\\site-packages\\redis\\asyncio\\connection.py", line 725, in read_response\n    response = await self._parser.read_response(\n               ^^^^^^^^^^^^^^^^^^^^^^^^^^^^^^^^^\n        disable_decoding=disable_decoding\n        ^^^^^^^^^^^^^^^^^^^^^^^^^^^^^^^^^\n    )\n    ^\n  File "F:\\py\\Lib\\site-packages\\redis\\_parsers\\resp2.py", line 82, in read_response\n    response = await self._read_response(disable_decoding=disable_decoding)\n               ^^^^^^^^^^^^^^^^^^^^^^^^^^^^^^^^^^^^^^^^^^^^^^^^^^^^^^^^^^^^\n  File "F:\\py\\Lib\\site-packages\\redis\\_parsers\\resp2.py", line 90, in _read_response\n    raw = await self._readline()\n          ^^^^^^^^^^^^^^^^^^^^^^\n  File "F:\\py\\Lib\\site-packages\\redis\\_parsers\\base.py", line 559, in _readline\n    data = await self._stream.readline()\n           ^^^^^^^^^^^^^^^^^^^^^^^^^^^^^\n  File "F:\\py\\Lib\\asyncio\\streams.py", line 562, in readline\n    line = await self.readuntil(sep)\n           ^^^^^^^^^^^^^^^^^^^^^^^^^\n  File "F:\\py\\Lib\\asyncio\\streams.py", line 677, in readuntil\n    await self._wait_for_data(\'readuntil\')\n  File "F:\\py\\Lib\\asyncio\\streams.py", line 539, in _wait_for_data\n    await self._waiter\n  File "F:\\py\\Lib\\asyncio\\proactor_events.py", line 286, in _loop_reading\n    length = fut.result()\n  File "F:\\py\\Lib\\asyncio\\windows_events.py", line 804, in _poll\n    value = callback(transferred, key, ov)\n  File "F:\\py\\Lib\\asyncio\\windows_events.py", line 467, in finish_socket_func\n    raise ConnectionResetError(*exc.args)\nConnectionResetError: [WinError 64] ÷∏∂®µƒÕ¯¬Á√˚≤ª‘Ÿø…”√°£\n\nDuring handling of the above exception, another exception occurred:\n\nTraceback (most recent call last):\n  File "F:\\YilenaCode\\Werewolf\\ai_werewolf_core\\utils\\redis_client.py", line 128, in get_client\n    await cls._client.ping()\n  File "F:\\py\\Lib\\site-packages\\redis\\asyncio\\client.py", line 764, in execute_command\n    conn = self.connection or await pool.get_connection()\n                              ^^^^^^^^^^^^^^^^^^^^^^^^^^^\n  File "F:\\py\\Lib\\site-packages\\redis\\utils.py", line 227, in async_wrapper\n    return await func(*args, **kwargs)\n           ^^^^^^^^^^^^^^^^^^^^^^^^^^^\n  File "F:\\py\\Lib\\site-packages\\redis\\asyncio\\connection.py", line 1351, in get_connection\n    await self.ensure_connection(connection)\n  File "F:\\py\\Lib\\site-packages\\redis\\asyncio\\connection.py", line 1390, in ensure_connection\n    await connection.connect()\n  File "F:\\py\\Lib\\site-packages\\redis\\asyncio\\connection.py", line 339, in connect\n    await self.retry.call_with_retry(\n    ...<7 lines>...\n    )\n  File "F:\\py\\Lib\\site-packages\\redis\\asyncio\\retry.py", line 81, in call_with_retry\n    raise error\n  File "F:\\py\\Lib\\site-packages\\redis\\asyncio\\retry.py", line 69, in call_with_retry\n    return await do()\n           ^^^^^^^^^^\n  File "F:\\py\\Lib\\site-packages\\redis\\asyncio\\connection.py", line 403, in connect_check_health\n    await self.on_connect_check_health(check_health=check_health)\n  File "F:\\py\\Lib\\site-packages\\redis\\asyncio\\connection.py", line 560, in on_connect_check_health\n    await self.read_response()\n  File "F:\\py\\Lib\\site-packages\\redis\\asyncio\\connection.py", line 747, in read_response\n    raise ConnectionError(f"Error while reading from {host_error} : {e.args}")\nredis.exceptions.ConnectionError: Error while reading from 192.168.100.128:6379 : (22, \'÷∏∂®µƒÕ¯¬Á√˚≤ª‘Ÿø…”√°£\', None, 64, None)'}
ERROR    ai_werewolf_core.core.event.bus:bus.py:741 {'game_id': None, 'error': 'EventBus Œﬁ∑®ªÒ»° Redis øÕªß∂À', 'event': '«Â¿Ì ¬º˛ Stream “Ï≥£', 'level': 'error', 'logger': 'ai_werewolf_core.core.event.bus', 'timestamp': '2026-05-14T21:32:18.552487+08:00', 'exception': 'Traceback (most recent call last):\n  File "F:\\py\\Lib\\asyncio\\windows_events.py", line 463, in finish_socket_func\n    return ov.getresult()\n           ~~~~~~~~~~~~^^\nOSError: [WinError 64] ÷∏∂®µƒÕ¯¬Á√˚≤ª‘Ÿø…”√°£\n\nDuring handling of the above exception, another exception occurred:\n\nTraceback (most recent call last):\n  File "F:\\py\\Lib\\site-packages\\redis\\asyncio\\connection.py", line 725, in read_response\n    response = await self._parser.read_response(\n               ^^^^^^^^^^^^^^^^^^^^^^^^^^^^^^^^^\n        disable_decoding=disable_decoding\n        ^^^^^^^^^^^^^^^^^^^^^^^^^^^^^^^^^\n    )\n    ^\n  File "F:\\py\\Lib\\site-packages\\redis\\_parsers\\resp2.py", line 82, in read_response\n    response = await self._read_response(disable_decoding=disable_decoding)\n               ^^^^^^^^^^^^^^^^^^^^^^^^^^^^^^^^^^^^^^^^^^^^^^^^^^^^^^^^^^^^\n  File "F:\\py\\Lib\\site-packages\\redis\\_parsers\\resp2.py", line 90, in _read_response\n    raw = await self._readline()\n          ^^^^^^^^^^^^^^^^^^^^^^\n  File "F:\\py\\Lib\\site-packages\\redis\\_parsers\\base.py", line 559, in _readline\n    data = await self._stream.readline()\n           ^^^^^^^^^^^^^^^^^^^^^^^^^^^^^\n  File "F:\\py\\Lib\\asyncio\\streams.py", line 562, in readline\n    line = await self.readuntil(sep)\n           ^^^^^^^^^^^^^^^^^^^^^^^^^\n  File "F:\\py\\Lib\\asyncio\\streams.py", line 677, in readuntil\n    await self._wait_for_data(\'readuntil\')\n  File "F:\\py\\Lib\\asyncio\\streams.py", line 539, in _wait_for_data\n    await self._waiter\n  File "F:\\py\\Lib\\asyncio\\proactor_events.py", line 286, in _loop_reading\n    length = fut.result()\n  File "F:\\py\\Lib\\asyncio\\windows_events.py", line 804, in _poll\n    value = callback(transferred, key, ov)\n  File "F:\\py\\Lib\\asyncio\\windows_events.py", line 467, in finish_socket_func\n    raise ConnectionResetError(*exc.args)\nConnectionResetError: [WinError 64] ÷∏∂®µƒÕ¯¬Á√˚≤ª‘Ÿø…”√°£\n\nDuring handling of the above exception, another exception occurred:\n\nTraceback (most recent call last):\n  File "F:\\YilenaCode\\Werewolf\\ai_werewolf_core\\core\\event\\bus.py", line 111, in _get_redis\n    self._redis_client = await RedisClientManager.get_client()\n                         ^^^^^^^^^^^^^^^^^^^^^^^^^^^^^^^^^^^^^\n  File "F:\\YilenaCode\\Werewolf\\ai_werewolf_core\\utils\\redis_client.py", line 128, in get_client\n    await cls._client.ping()\n  File "F:\\py\\Lib\\site-packages\\redis\\asyncio\\client.py", line 764, in execute_command\n    conn = self.connection or await pool.get_connection()\n                              ^^^^^^^^^^^^^^^^^^^^^^^^^^^\n  File "F:\\py\\Lib\\site-packages\\redis\\utils.py", line 227, in async_wrapper\n    return await func(*args, **kwargs)\n           ^^^^^^^^^^^^^^^^^^^^^^^^^^^\n  File "F:\\py\\Lib\\site-packages\\redis\\asyncio\\connection.py", line 1351, in get_connection\n    await self.ensure_connection(connection)\n  File "F:\\py\\Lib\\site-packages\\redis\\asyncio\\connection.py", line 1390, in ensure_connection\n    await connection.connect()\n  File "F:\\py\\Lib\\site-packages\\redis\\asyncio\\connection.py", line 339, in connect\n    await self.retry.call_with_retry(\n    ...<7 lines>...\n    )\n  File "F:\\py\\Lib\\site-packages\\redis\\asyncio\\retry.py", line 81, in call_with_retry\n    raise error\n  File "F:\\py\\Lib\\site-packages\\redis\\asyncio\\retry.py", line 69, in call_with_retry\n    return await do()\n           ^^^^^^^^^^\n  File "F:\\py\\Lib\\site-packages\\redis\\asyncio\\connection.py", line 403, in connect_check_health\n    await self.on_connect_check_health(check_health=check_health)\n  File "F:\\py\\Lib\\site-packages\\redis\\asyncio\\connection.py", line 560, in on_connect_check_health\n    await self.read_response()\n  File "F:\\py\\Lib\\site-packages\\redis\\asyncio\\connection.py", line 747, in read_response\n    raise ConnectionError(f"Error while reading from {host_error} : {e.args}")\nredis.exceptions.ConnectionError: Error while reading from 192.168.100.128:6379 : (22, \'÷∏∂®µƒÕ¯¬Á√˚≤ª‘Ÿø…”√°£\', None, 64, None)\n\nThe above exception was the direct cause of the following exception:\n\nTraceback (most recent call last):\n  File "F:\\YilenaCode\\Werewolf\\ai_werewolf_core\\core\\event\\bus.py", line 710, in clear\n    redis = await self._get_redis()\n            ^^^^^^^^^^^^^^^^^^^^^^^\n  File "F:\\YilenaCode\\Werewolf\\ai_werewolf_core\\core\\event\\bus.py", line 114, in _get_redis\n    raise RedisUnavailableException(\n        "EventBus Œﬁ∑®ªÒ»° Redis øÕªß∂À"\n    ) from e\nai_werewolf_core.utils.redis_seq.RedisUnavailableException: EventBus Œﬁ∑®ªÒ»° Redis øÕªß∂À'}
______________ TestStartGame.test_start_game_without_init_raises ______________

trans = 0, key = 0, ov = <_overlapped.Overlapped object at 0x0000027C320BE8B0>

    @staticmethod
    def finish_socket_func(trans, key, ov):
        try:
>           return ov.getresult()
                   ^^^^^^^^^^^^^^
E           OSError: [WinError 64] ÷∏∂®µƒÕ¯¬Á√˚≤ª‘Ÿø…”√°£

F:\py\Lib\asyncio\windows_events.py:463: OSError

During handling of the above exception, another exception occurred:

self = <redis.asyncio.connection.Connection(host=192.168.100.128,port=6379,db=1)>
disable_decoding = False, timeout = None

    async def read_response(
        self,
        disable_decoding: bool = False,
        timeout: Optional[float] = None,
        *,
        disconnect_on_error: bool = True,
        push_request: Optional[bool] = False,
    ):
        """Read the response from a previously sent command"""
        read_timeout = timeout if timeout is not None else self.socket_timeout
        host_error = self._host_error()
        try:
            if read_timeout is not None and self.protocol in ["3", 3]:
                async with async_timeout(read_timeout):
                    response = await self._parser.read_response(
                        disable_decoding=disable_decoding, push_request=push_request
                    )
            elif read_timeout is not None:
                async with async_timeout(read_timeout):
>                   response = await self._parser.read_response(
                        disable_decoding=disable_decoding

F:\py\Lib\site-packages\redis\asyncio\connection.py:725: 
_ _ _ _ _ _ _ _ _ _ _ _ _ _ _ _ _ _ _ _ _ _ _ _ _ _ _ _ _ _ _ _ _ _ _ _ _ _ _ _
F:\py\Lib\site-packages\redis\_parsers\resp2.py:82: in read_response
    response = await self._read_response(disable_decoding=disable_decoding)
               ^^^^^^^^^^^^^^^^^^^^^^^^^^^^^^^^^^^^^^^^^^^^^^^^^^^^^^^^^^^^
F:\py\Lib\site-packages\redis\_parsers\resp2.py:90: in _read_response
    raw = await self._readline()
          ^^^^^^^^^^^^^^^^^^^^^^
F:\py\Lib\site-packages\redis\_parsers\base.py:559: in _readline
    data = await self._stream.readline()
           ^^^^^^^^^^^^^^^^^^^^^^^^^^^^^
F:\py\Lib\asyncio\streams.py:562: in readline
    line = await self.readuntil(sep)
           ^^^^^^^^^^^^^^^^^^^^^^^^^
F:\py\Lib\asyncio\streams.py:677: in readuntil
    await self._wait_for_data('readuntil')
F:\py\Lib\asyncio\streams.py:539: in _wait_for_data
    await self._waiter
F:\py\Lib\asyncio\proactor_events.py:286: in _loop_reading
    length = fut.result()
             ^^^^^^^^^^^^
F:\py\Lib\asyncio\windows_events.py:804: in _poll
    value = callback(transferred, key, ov)
            ^^^^^^^^^^^^^^^^^^^^^^^^^^^^^^
_ _ _ _ _ _ _ _ _ _ _ _ _ _ _ _ _ _ _ _ _ _ _ _ _ _ _ _ _ _ _ _ _ _ _ _ _ _ _ _

trans = 0, key = 0, ov = <_overlapped.Overlapped object at 0x0000027C320BE8B0>

    @staticmethod
    def finish_socket_func(trans, key, ov):
        try:
            return ov.getresult()
        except OSError as exc:
            if exc.winerror in (_overlapped.ERROR_NETNAME_DELETED,
                                _overlapped.ERROR_OPERATION_ABORTED):
>               raise ConnectionResetError(*exc.args)
E               ConnectionResetError: [WinError 64] ÷∏∂®µƒÕ¯¬Á√˚≤ª‘Ÿø…”√°£

F:\py\Lib\asyncio\windows_events.py:467: ConnectionResetError

During handling of the above exception, another exception occurred:

self = <ai_werewolf_core.core.engine.lifecycle.LifecycleManager object at 0x0000027C31DC4590>

    async def _get_redis(self) -> aioredis.Redis:
        """ªÒ»° Redis “Ï≤ΩøÕªß∂À£®¿¡≥ı ºªØ£¨π≤œÌ¡¨Ω”≥ÿ£©°£"""
        if self._redis is None:
            try:
>               self._redis = await RedisClientManager.get_client()
                              ^^^^^^^^^^^^^^^^^^^^^^^^^^^^^^^^^^^^^

ai_werewolf_core\core\engine\lifecycle.py:143: 
_ _ _ _ _ _ _ _ _ _ _ _ _ _ _ _ _ _ _ _ _ _ _ _ _ _ _ _ _ _ _ _ _ _ _ _ _ _ _ _
ai_werewolf_core\utils\redis_client.py:128: in get_client
    await cls._client.ping()
F:\py\Lib\site-packages\redis\asyncio\client.py:764: in execute_command
    conn = self.connection or await pool.get_connection()
                              ^^^^^^^^^^^^^^^^^^^^^^^^^^^
F:\py\Lib\site-packages\redis\utils.py:227: in async_wrapper
    return await func(*args, **kwargs)
           ^^^^^^^^^^^^^^^^^^^^^^^^^^^
F:\py\Lib\site-packages\redis\asyncio\connection.py:1351: in get_connection
    await self.ensure_connection(connection)
F:\py\Lib\site-packages\redis\asyncio\connection.py:1390: in ensure_connection
    await connection.connect()
F:\py\Lib\site-packages\redis\asyncio\connection.py:339: in connect
    await self.retry.call_with_retry(
F:\py\Lib\site-packages\redis\asyncio\retry.py:81: in call_with_retry
    raise error
F:\py\Lib\site-packages\redis\asyncio\retry.py:69: in call_with_retry
    return await do()
           ^^^^^^^^^^
F:\py\Lib\site-packages\redis\asyncio\connection.py:403: in connect_check_health
    await self.on_connect_check_health(check_health=check_health)
F:\py\Lib\site-packages\redis\asyncio\connection.py:560: in on_connect_check_health
    await self.read_response()
_ _ _ _ _ _ _ _ _ _ _ _ _ _ _ _ _ _ _ _ _ _ _ _ _ _ _ _ _ _ _ _ _ _ _ _ _ _ _ _

self = <redis.asyncio.connection.Connection(host=192.168.100.128,port=6379,db=1)>
disable_decoding = False, timeout = None

    async def read_response(
        self,
        disable_decoding: bool = False,
        timeout: Optional[float] = None,
        *,
        disconnect_on_error: bool = True,
        push_request: Optional[bool] = False,
    ):
        """Read the response from a previously sent command"""
        read_timeout = timeout if timeout is not None else self.socket_timeout
        host_error = self._host_error()
        try:
            if read_timeout is not None and self.protocol in ["3", 3]:
                async with async_timeout(read_timeout):
                    response = await self._parser.read_response(
                        disable_decoding=disable_decoding, push_request=push_request
                    )
            elif read_timeout is not None:
                async with async_timeout(read_timeout):
                    response = await self._parser.read_response(
                        disable_decoding=disable_decoding
                    )
            elif self.protocol in ["3", 3]:
                response = await self._parser.read_response(
                    disable_decoding=disable_decoding, push_request=push_request
                )
            else:
                response = await self._parser.read_response(
                    disable_decoding=disable_decoding
                )
        except asyncio.TimeoutError:
            if timeout is not None:
                # user requested timeout, return None. Operation can be retried
                return None
            # it was a self.socket_timeout error.
            if disconnect_on_error:
                await self.disconnect(nowait=True)
            raise TimeoutError(f"Timeout reading from {host_error}")
        except OSError as e:
            if disconnect_on_error:
                await self.disconnect(nowait=True)
>           raise ConnectionError(f"Error while reading from {host_error} : {e.args}")
E           redis.exceptions.ConnectionError: Error while reading from 192.168.100.128:6379 : (22, '÷∏∂®µƒÕ¯¬Á√˚≤ª‘Ÿø…”√°£', None, 64, None)

F:\py\Lib\site-packages\redis\asyncio\connection.py:747: ConnectionError

The above exception was the direct cause of the following exception:

self = <test_lifecycle.TestStartGame object at 0x0000027C303D63F0>
lifecycle = <ai_werewolf_core.core.engine.lifecycle.LifecycleManager object at 0x0000027C31DC4590>

    @pytest.mark.asyncio
    async def test_start_game_without_init_raises(self, lifecycle):
        """Ã¯π˝ init_game ÷±Ω”µ˜”√ start_game ”¶≈◊≥ˆ“Ï≥£°£"""
        # µ±«∞◊¥Ã¨Œ™ INIT£¨∂¯ INIT -> RUNNING ≤ª‘⁄∫œ∑®«®“∆÷–£ª
        # start_game ª·µ˜”√ _set_status(RUNNING)
        with pytest.raises(InvalidTransitionError):
>           await lifecycle.start_game()

tests\unit\core\engine\test_lifecycle.py:155: 
_ _ _ _ _ _ _ _ _ _ _ _ _ _ _ _ _ _ _ _ _ _ _ _ _ _ _ _ _ _ _ _ _ _ _ _ _ _ _ _
ai_werewolf_core\core\engine\lifecycle.py:468: in start_game
    await self._set_status(GameStatus.RUNNING)
ai_werewolf_core\core\engine\lifecycle.py:351: in _set_status
    current = await self._get_status_from_redis()
              ^^^^^^^^^^^^^^^^^^^^^^^^^^^^^^^^^^^
ai_werewolf_core\core\engine\lifecycle.py:167: in _get_status_from_redis
    redis = await self._get_redis()
            ^^^^^^^^^^^^^^^^^^^^^^^
_ _ _ _ _ _ _ _ _ _ _ _ _ _ _ _ _ _ _ _ _ _ _ _ _ _ _ _ _ _ _ _ _ _ _ _ _ _ _ _

self = <ai_werewolf_core.core.engine.lifecycle.LifecycleManager object at 0x0000027C31DC4590>

    async def _get_redis(self) -> aioredis.Redis:
        """ªÒ»° Redis “Ï≤ΩøÕªß∂À£®¿¡≥ı ºªØ£¨π≤œÌ¡¨Ω”≥ÿ£©°£"""
        if self._redis is None:
            try:
                self._redis = await RedisClientManager.get_client()
                self._logger.debug("LifecycleManager “—ªÒ»°π≤œÌ Redis øÕªß∂À")
            except (aioredis.ConnectionError, aioredis.TimeoutError) as e:
>               raise RedisUnavailableException(
                    f"LifecycleManager Œﬁ∑®ªÒ»° Redis øÕªß∂À: game_id={self.game_id}"
                ) from e
E               ai_werewolf_core.utils.redis_seq.RedisUnavailableException: LifecycleManager Œﬁ∑®ªÒ»° Redis øÕªß∂À: game_id=test_lifecycle_3c60631a986d456ea7cdecf63d571022

ai_werewolf_core\core\engine\lifecycle.py:146: RedisUnavailableException
---------------------------- Captured stderr setup ----------------------------
[2m2026-05-14T21:32:18.555439+08:00[0m [[32m[1mdebug    [0m] [1mglobal_subscribe              [0m [[0m[1m[34mai_werewolf_core.core.event.bus[0m][0m [36mhandler[0m=[35m_default_log_subscriber[0m
[2m2026-05-14T21:32:18.555614+08:00[0m [[32m[1mdebug    [0m] [1mglobal_subscribe              [0m [[0m[1m[34mai_werewolf_core.core.event.bus[0m][0m [36mhandler[0m=[35m_persist_to_db[0m
----------------------------- Captured log setup ------------------------------
DEBUG    ai_werewolf_core.core.event.bus:bus.py:519 {'handler': '_default_log_subscriber', 'event': 'global_subscribe', 'level': 'debug', 'logger': 'ai_werewolf_core.core.event.bus', 'timestamp': '2026-05-14T21:32:18.555439+08:00'}
DEBUG    ai_werewolf_core.core.event.bus:bus.py:519 {'handler': '_persist_to_db', 'event': 'global_subscribe', 'level': 'debug', 'logger': 'ai_werewolf_core.core.event.bus', 'timestamp': '2026-05-14T21:32:18.555614+08:00'}
---------------------------- Captured stderr call -----------------------------
[2m2026-05-14T21:32:18.556455+08:00[0m [[32m[1minfo     [0m] [1mgame_start                    [0m [[0m[1m[34mai_werewolf_core.core.engine.lifecycle[0m][0m [36mgame_id[0m=[35mtest_lifecycle_3c60631a986d456ea7cdecf63d571022[0m [36mmodule[0m=[35mLifecycleManager[0m
[2m2026-05-14T21:32:18.556650+08:00[0m [[32m[1mdebug    [0m] [1mRedis ¡¨Ω”≥ÿ“—¥¥Ω®                  [0m [[0m[1m[34mai_werewolf_core.utils.redis_client[0m][0m [36mmax_connections[0m=[35m300[0m [36msocket_timeout[0m=[35m10[0m
[2m2026-05-14T21:32:23.561165+08:00[0m [[31m[1merror    [0m] [1mRedis ¡¨Ω”—È÷§ ß∞‹ (PING)           [0m [[0m[1m[34mai_werewolf_core.utils.redis_client[0m][0m [36merror[0m=[35m"Error while reading from 192.168.100.128:6379 : (22, '÷∏∂®µƒÕ¯¬Á√˚≤ª‘Ÿø…”√°£', None, 64, None)"[0m [36mhost[0m=[35m192.168.100.128[0m [36mport[0m=[35m6379[0m
Traceback (most recent call last):
  File "F:\py\Lib\asyncio\windows_events.py", line 463, in finish_socket_func
    return ov.getresult()
           ~~~~~~~~~~~~^^
OSError: [WinError 64] ÷∏∂®µƒÕ¯¬Á√˚≤ª‘Ÿø…”√°£

During handling of the above exception, another exception occurred:

Traceback (most recent call last):
  File "F:\py\Lib\site-packages\redis\asyncio\connection.py", line 725, in read_response
    response = await self._parser.read_response(
               ^^^^^^^^^^^^^^^^^^^^^^^^^^^^^^^^^
        disable_decoding=disable_decoding
        ^^^^^^^^^^^^^^^^^^^^^^^^^^^^^^^^^
    )
    ^
  File "F:\py\Lib\site-packages\redis\_parsers\resp2.py", line 82, in read_response
    response = await self._read_response(disable_decoding=disable_decoding)
               ^^^^^^^^^^^^^^^^^^^^^^^^^^^^^^^^^^^^^^^^^^^^^^^^^^^^^^^^^^^^
  File "F:\py\Lib\site-packages\redis\_parsers\resp2.py", line 90, in _read_response
    raw = await self._readline()
          ^^^^^^^^^^^^^^^^^^^^^^
  File "F:\py\Lib\site-packages\redis\_parsers\base.py", line 559, in _readline
    data = await self._stream.readline()
           ^^^^^^^^^^^^^^^^^^^^^^^^^^^^^
  File "F:\py\Lib\asyncio\streams.py", line 562, in readline
    line = await self.readuntil(sep)
           ^^^^^^^^^^^^^^^^^^^^^^^^^
  File "F:\py\Lib\asyncio\streams.py", line 677, in readuntil
    await self._wait_for_data('readuntil')
  File "F:\py\Lib\asyncio\streams.py", line 539, in _wait_for_data
    await self._waiter
  File "F:\py\Lib\asyncio\proactor_events.py", line 286, in _loop_reading
    length = fut.result()
  File "F:\py\Lib\asyncio\windows_events.py", line 804, in _poll
    value = callback(transferred, key, ov)
  File "F:\py\Lib\asyncio\windows_events.py", line 467, in finish_socket_func
    raise ConnectionResetError(*exc.args)
ConnectionResetError: [WinError 64] ÷∏∂®µƒÕ¯¬Á√˚≤ª‘Ÿø…”√°£

During handling of the above exception, another exception occurred:

Traceback (most recent call last):
  File "F:\YilenaCode\Werewolf\ai_werewolf_core\utils\redis_client.py", line 128, in get_client
    await cls._client.ping()
  File "F:\py\Lib\site-packages\redis\asyncio\client.py", line 764, in execute_command
    conn = self.connection or await pool.get_connection()
                              ^^^^^^^^^^^^^^^^^^^^^^^^^^^
  File "F:\py\Lib\site-packages\redis\utils.py", line 227, in async_wrapper
    return await func(*args, **kwargs)
           ^^^^^^^^^^^^^^^^^^^^^^^^^^^
  File "F:\py\Lib\site-packages\redis\asyncio\connection.py", line 1351, in get_connection
    await self.ensure_connection(connection)
  File "F:\py\Lib\site-packages\redis\asyncio\connection.py", line 1390, in ensure_connection
    await connection.connect()
  File "F:\py\Lib\site-packages\redis\asyncio\connection.py", line 339, in connect
    await self.retry.call_with_retry(
    ...<7 lines>...
    )
  File "F:\py\Lib\site-packages\redis\asyncio\retry.py", line 81, in call_with_retry
    raise error
  File "F:\py\Lib\site-packages\redis\asyncio\retry.py", line 69, in call_with_retry
    return await do()
           ^^^^^^^^^^
  File "F:\py\Lib\site-packages\redis\asyncio\connection.py", line 403, in connect_check_health
    await self.on_connect_check_health(check_health=check_health)
  File "F:\py\Lib\site-packages\redis\asyncio\connection.py", line 560, in on_connect_check_health
    await self.read_response()
  File "F:\py\Lib\site-packages\redis\asyncio\connection.py", line 747, in read_response
    raise ConnectionError(f"Error while reading from {host_error} : {e.args}")
redis.exceptions.ConnectionError: Error while reading from 192.168.100.128:6379 : (22, '÷∏∂®µƒÕ¯¬Á√˚≤ª‘Ÿø…”√°£', None, 64, None)
------------------------------ Captured log call ------------------------------
INFO     ai_werewolf_core.core.engine.lifecycle:lifecycle.py:467 {'game_id': 'test_lifecycle_3c60631a986d456ea7cdecf63d571022', 'module': 'LifecycleManager', 'event': 'game_start', 'level': 'info', 'logger': 'ai_werewolf_core.core.engine.lifecycle', 'timestamp': '2026-05-14T21:32:18.556455+08:00'}
DEBUG    ai_werewolf_core.utils.redis_client:redis_client.py:243 {'max_connections': 300, 'socket_timeout': 10, 'event': 'Redis ¡¨Ω”≥ÿ“—¥¥Ω®', 'level': 'debug', 'logger': 'ai_werewolf_core.utils.redis_client', 'timestamp': '2026-05-14T21:32:18.556650+08:00'}
ERROR    ai_werewolf_core.utils.redis_client:redis_client.py:130 {'host': '192.168.100.128', 'port': 6379, 'error': "Error while reading from 192.168.100.128:6379 : (22, '÷∏∂®µƒÕ¯¬Á√˚≤ª‘Ÿø…”√°£', None, 64, None)", 'event': 'Redis ¡¨Ω”—È÷§ ß∞‹ (PING)', 'level': 'error', 'logger': 'ai_werewolf_core.utils.redis_client', 'timestamp': '2026-05-14T21:32:23.561165+08:00', 'exception': 'Traceback (most recent call last):\n  File "F:\\py\\Lib\\asyncio\\windows_events.py", line 463, in finish_socket_func\n    return ov.getresult()\n           ~~~~~~~~~~~~^^\nOSError: [WinError 64] ÷∏∂®µƒÕ¯¬Á√˚≤ª‘Ÿø…”√°£\n\nDuring handling of the above exception, another exception occurred:\n\nTraceback (most recent call last):\n  File "F:\\py\\Lib\\site-packages\\redis\\asyncio\\connection.py", line 725, in read_response\n    response = await self._parser.read_response(\n               ^^^^^^^^^^^^^^^^^^^^^^^^^^^^^^^^^\n        disable_decoding=disable_decoding\n        ^^^^^^^^^^^^^^^^^^^^^^^^^^^^^^^^^\n    )\n    ^\n  File "F:\\py\\Lib\\site-packages\\redis\\_parsers\\resp2.py", line 82, in read_response\n    response = await self._read_response(disable_decoding=disable_decoding)\n               ^^^^^^^^^^^^^^^^^^^^^^^^^^^^^^^^^^^^^^^^^^^^^^^^^^^^^^^^^^^^\n  File "F:\\py\\Lib\\site-packages\\redis\\_parsers\\resp2.py", line 90, in _read_response\n    raw = await self._readline()\n          ^^^^^^^^^^^^^^^^^^^^^^\n  File "F:\\py\\Lib\\site-packages\\redis\\_parsers\\base.py", line 559, in _readline\n    data = await self._stream.readline()\n           ^^^^^^^^^^^^^^^^^^^^^^^^^^^^^\n  File "F:\\py\\Lib\\asyncio\\streams.py", line 562, in readline\n    line = await self.readuntil(sep)\n           ^^^^^^^^^^^^^^^^^^^^^^^^^\n  File "F:\\py\\Lib\\asyncio\\streams.py", line 677, in readuntil\n    await self._wait_for_data(\'readuntil\')\n  File "F:\\py\\Lib\\asyncio\\streams.py", line 539, in _wait_for_data\n    await self._waiter\n  File "F:\\py\\Lib\\asyncio\\proactor_events.py", line 286, in _loop_reading\n    length = fut.result()\n  File "F:\\py\\Lib\\asyncio\\windows_events.py", line 804, in _poll\n    value = callback(transferred, key, ov)\n  File "F:\\py\\Lib\\asyncio\\windows_events.py", line 467, in finish_socket_func\n    raise ConnectionResetError(*exc.args)\nConnectionResetError: [WinError 64] ÷∏∂®µƒÕ¯¬Á√˚≤ª‘Ÿø…”√°£\n\nDuring handling of the above exception, another exception occurred:\n\nTraceback (most recent call last):\n  File "F:\\YilenaCode\\Werewolf\\ai_werewolf_core\\utils\\redis_client.py", line 128, in get_client\n    await cls._client.ping()\n  File "F:\\py\\Lib\\site-packages\\redis\\asyncio\\client.py", line 764, in execute_command\n    conn = self.connection or await pool.get_connection()\n                              ^^^^^^^^^^^^^^^^^^^^^^^^^^^\n  File "F:\\py\\Lib\\site-packages\\redis\\utils.py", line 227, in async_wrapper\n    return await func(*args, **kwargs)\n           ^^^^^^^^^^^^^^^^^^^^^^^^^^^\n  File "F:\\py\\Lib\\site-packages\\redis\\asyncio\\connection.py", line 1351, in get_connection\n    await self.ensure_connection(connection)\n  File "F:\\py\\Lib\\site-packages\\redis\\asyncio\\connection.py", line 1390, in ensure_connection\n    await connection.connect()\n  File "F:\\py\\Lib\\site-packages\\redis\\asyncio\\connection.py", line 339, in connect\n    await self.retry.call_with_retry(\n    ...<7 lines>...\n    )\n  File "F:\\py\\Lib\\site-packages\\redis\\asyncio\\retry.py", line 81, in call_with_retry\n    raise error\n  File "F:\\py\\Lib\\site-packages\\redis\\asyncio\\retry.py", line 69, in call_with_retry\n    return await do()\n           ^^^^^^^^^^\n  File "F:\\py\\Lib\\site-packages\\redis\\asyncio\\connection.py", line 403, in connect_check_health\n    await self.on_connect_check_health(check_health=check_health)\n  File "F:\\py\\Lib\\site-packages\\redis\\asyncio\\connection.py", line 560, in on_connect_check_health\n    await self.read_response()\n  File "F:\\py\\Lib\\site-packages\\redis\\asyncio\\connection.py", line 747, in read_response\n    raise ConnectionError(f"Error while reading from {host_error} : {e.args}")\nredis.exceptions.ConnectionError: Error while reading from 192.168.100.128:6379 : (22, \'÷∏∂®µƒÕ¯¬Á√˚≤ª‘Ÿø…”√°£\', None, 64, None)'}
-------------------------- Captured stderr teardown ---------------------------
[2m2026-05-14T21:32:23.809584+08:00[0m [[32m[1mdebug    [0m] [1mRedis ¡¨Ω”≥ÿ“—¥¥Ω®                  [0m [[0m[1m[34mai_werewolf_core.utils.redis_client[0m][0m [36mmax_connections[0m=[35m300[0m [36msocket_timeout[0m=[35m10[0m
[2m2026-05-14T21:32:28.812542+08:00[0m [[31m[1merror    [0m] [1mRedis ¡¨Ω”—È÷§ ß∞‹ (PING)           [0m [[0m[1m[34mai_werewolf_core.utils.redis_client[0m][0m [36merror[0m=[35m"Error while reading from 192.168.100.128:6379 : (22, '÷∏∂®µƒÕ¯¬Á√˚≤ª‘Ÿø…”√°£', None, 64, None)"[0m [36mhost[0m=[35m192.168.100.128[0m [36mport[0m=[35m6379[0m
Traceback (most recent call last):
  File "F:\py\Lib\asyncio\windows_events.py", line 463, in finish_socket_func
    return ov.getresult()
           ~~~~~~~~~~~~^^
OSError: [WinError 64] ÷∏∂®µƒÕ¯¬Á√˚≤ª‘Ÿø…”√°£

During handling of the above exception, another exception occurred:

Traceback (most recent call last):
  File "F:\py\Lib\site-packages\redis\asyncio\connection.py", line 725, in read_response
    response = await self._parser.read_response(
               ^^^^^^^^^^^^^^^^^^^^^^^^^^^^^^^^^
        disable_decoding=disable_decoding
        ^^^^^^^^^^^^^^^^^^^^^^^^^^^^^^^^^
    )
    ^
  File "F:\py\Lib\site-packages\redis\_parsers\resp2.py", line 82, in read_response
    response = await self._read_response(disable_decoding=disable_decoding)
               ^^^^^^^^^^^^^^^^^^^^^^^^^^^^^^^^^^^^^^^^^^^^^^^^^^^^^^^^^^^^
  File "F:\py\Lib\site-packages\redis\_parsers\resp2.py", line 90, in _read_response
    raw = await self._readline()
          ^^^^^^^^^^^^^^^^^^^^^^
  File "F:\py\Lib\site-packages\redis\_parsers\base.py", line 559, in _readline
    data = await self._stream.readline()
           ^^^^^^^^^^^^^^^^^^^^^^^^^^^^^
  File "F:\py\Lib\asyncio\streams.py", line 562, in readline
    line = await self.readuntil(sep)
           ^^^^^^^^^^^^^^^^^^^^^^^^^
  File "F:\py\Lib\asyncio\streams.py", line 677, in readuntil
    await self._wait_for_data('readuntil')
  File "F:\py\Lib\asyncio\streams.py", line 539, in _wait_for_data
    await self._waiter
  File "F:\py\Lib\asyncio\proactor_events.py", line 286, in _loop_reading
    length = fut.result()
  File "F:\py\Lib\asyncio\windows_events.py", line 804, in _poll
    value = callback(transferred, key, ov)
  File "F:\py\Lib\asyncio\windows_events.py", line 467, in finish_socket_func
    raise ConnectionResetError(*exc.args)
ConnectionResetError: [WinError 64] ÷∏∂®µƒÕ¯¬Á√˚≤ª‘Ÿø…”√°£

During handling of the above exception, another exception occurred:

Traceback (most recent call last):
  File "F:\YilenaCode\Werewolf\ai_werewolf_core\utils\redis_client.py", line 128, in get_client
    await cls._client.ping()
  File "F:\py\Lib\site-packages\redis\asyncio\client.py", line 764, in execute_command
    conn = self.connection or await pool.get_connection()
                              ^^^^^^^^^^^^^^^^^^^^^^^^^^^
  File "F:\py\Lib\site-packages\redis\utils.py", line 227, in async_wrapper
    return await func(*args, **kwargs)
           ^^^^^^^^^^^^^^^^^^^^^^^^^^^
  File "F:\py\Lib\site-packages\redis\asyncio\connection.py", line 1351, in get_connection
    await self.ensure_connection(connection)
  File "F:\py\Lib\site-packages\redis\asyncio\connection.py", line 1390, in ensure_connection
    await connection.connect()
  File "F:\py\Lib\site-packages\redis\asyncio\connection.py", line 339, in connect
    await self.retry.call_with_retry(
    ...<7 lines>...
    )
  File "F:\py\Lib\site-packages\redis\asyncio\retry.py", line 81, in call_with_retry
    raise error
  File "F:\py\Lib\site-packages\redis\asyncio\retry.py", line 69, in call_with_retry
    return await do()
           ^^^^^^^^^^
  File "F:\py\Lib\site-packages\redis\asyncio\connection.py", line 403, in connect_check_health
    await self.on_connect_check_health(check_health=check_health)
  File "F:\py\Lib\site-packages\redis\asyncio\connection.py", line 560, in on_connect_check_health
    await self.read_response()
  File "F:\py\Lib\site-packages\redis\asyncio\connection.py", line 747, in read_response
    raise ConnectionError(f"Error while reading from {host_error} : {e.args}")
redis.exceptions.ConnectionError: Error while reading from 192.168.100.128:6379 : (22, '÷∏∂®µƒÕ¯¬Á√˚≤ª‘Ÿø…”√°£', None, 64, None)
[2m2026-05-14T21:32:28.814965+08:00[0m [[31m[1merror    [0m] [1m«Â¿Ì ¬º˛ Stream “Ï≥£                [0m [[0m[1m[34mai_werewolf_core.core.event.bus[0m][0m [36merror[0m=[35m'EventBus Œﬁ∑®ªÒ»° Redis øÕªß∂À'[0m [36mgame_id[0m=[35mNone[0m
Traceback (most recent call last):
  File "F:\py\Lib\asyncio\windows_events.py", line 463, in finish_socket_func
    return ov.getresult()
           ~~~~~~~~~~~~^^
OSError: [WinError 64] ÷∏∂®µƒÕ¯¬Á√˚≤ª‘Ÿø…”√°£

During handling of the above exception, another exception occurred:

Traceback (most recent call last):
  File "F:\py\Lib\site-packages\redis\asyncio\connection.py", line 725, in read_response
    response = await self._parser.read_response(
               ^^^^^^^^^^^^^^^^^^^^^^^^^^^^^^^^^
        disable_decoding=disable_decoding
        ^^^^^^^^^^^^^^^^^^^^^^^^^^^^^^^^^
    )
    ^
  File "F:\py\Lib\site-packages\redis\_parsers\resp2.py", line 82, in read_response
    response = await self._read_response(disable_decoding=disable_decoding)
               ^^^^^^^^^^^^^^^^^^^^^^^^^^^^^^^^^^^^^^^^^^^^^^^^^^^^^^^^^^^^
  File "F:\py\Lib\site-packages\redis\_parsers\resp2.py", line 90, in _read_response
    raw = await self._readline()
          ^^^^^^^^^^^^^^^^^^^^^^
  File "F:\py\Lib\site-packages\redis\_parsers\base.py", line 559, in _readline
    data = await self._stream.readline()
           ^^^^^^^^^^^^^^^^^^^^^^^^^^^^^
  File "F:\py\Lib\asyncio\streams.py", line 562, in readline
    line = await self.readuntil(sep)
           ^^^^^^^^^^^^^^^^^^^^^^^^^
  File "F:\py\Lib\asyncio\streams.py", line 677, in readuntil
    await self._wait_for_data('readuntil')
  File "F:\py\Lib\asyncio\streams.py", line 539, in _wait_for_data
    await self._waiter
  File "F:\py\Lib\asyncio\proactor_events.py", line 286, in _loop_reading
    length = fut.result()
  File "F:\py\Lib\asyncio\windows_events.py", line 804, in _poll
    value = callback(transferred, key, ov)
  File "F:\py\Lib\asyncio\windows_events.py", line 467, in finish_socket_func
    raise ConnectionResetError(*exc.args)
ConnectionResetError: [WinError 64] ÷∏∂®µƒÕ¯¬Á√˚≤ª‘Ÿø…”√°£

During handling of the above exception, another exception occurred:

Traceback (most recent call last):
  File "F:\YilenaCode\Werewolf\ai_werewolf_core\core\event\bus.py", line 111, in _get_redis
    self._redis_client = await RedisClientManager.get_client()
                         ^^^^^^^^^^^^^^^^^^^^^^^^^^^^^^^^^^^^^
  File "F:\YilenaCode\Werewolf\ai_werewolf_core\utils\redis_client.py", line 128, in get_client
    await cls._client.ping()
  File "F:\py\Lib\site-packages\redis\asyncio\client.py", line 764, in execute_command
    conn = self.connection or await pool.get_connection()
                              ^^^^^^^^^^^^^^^^^^^^^^^^^^^
  File "F:\py\Lib\site-packages\redis\utils.py", line 227, in async_wrapper
    return await func(*args, **kwargs)
           ^^^^^^^^^^^^^^^^^^^^^^^^^^^
  File "F:\py\Lib\site-packages\redis\asyncio\connection.py", line 1351, in get_connection
    await self.ensure_connection(connection)
  File "F:\py\Lib\site-packages\redis\asyncio\connection.py", line 1390, in ensure_connection
    await connection.connect()
  File "F:\py\Lib\site-packages\redis\asyncio\connection.py", line 339, in connect
    await self.retry.call_with_retry(
    ...<7 lines>...
    )
  File "F:\py\Lib\site-packages\redis\asyncio\retry.py", line 81, in call_with_retry
    raise error
  File "F:\py\Lib\site-packages\redis\asyncio\retry.py", line 69, in call_with_retry
    return await do()
           ^^^^^^^^^^
  File "F:\py\Lib\site-packages\redis\asyncio\connection.py", line 403, in connect_check_health
    await self.on_connect_check_health(check_health=check_health)
  File "F:\py\Lib\site-packages\redis\asyncio\connection.py", line 560, in on_connect_check_health
    await self.read_response()
  File "F:\py\Lib\site-packages\redis\asyncio\connection.py", line 747, in read_response
    raise ConnectionError(f"Error while reading from {host_error} : {e.args}")
redis.exceptions.ConnectionError: Error while reading from 192.168.100.128:6379 : (22, '÷∏∂®µƒÕ¯¬Á√˚≤ª‘Ÿø…”√°£', None, 64, None)

The above exception was the direct cause of the following exception:

Traceback (most recent call last):
  File "F:\YilenaCode\Werewolf\ai_werewolf_core\core\event\bus.py", line 710, in clear
    redis = await self._get_redis()
            ^^^^^^^^^^^^^^^^^^^^^^^
  File "F:\YilenaCode\Werewolf\ai_werewolf_core\core\event\bus.py", line 114, in _get_redis
    raise RedisUnavailableException(
        "EventBus Œﬁ∑®ªÒ»° Redis øÕªß∂À"
    ) from e
ai_werewolf_core.utils.redis_seq.RedisUnavailableException: EventBus Œﬁ∑®ªÒ»° Redis øÕªß∂À
---------------------------- Captured log teardown ----------------------------
DEBUG    ai_werewolf_core.utils.redis_client:redis_client.py:243 {'max_connections': 300, 'socket_timeout': 10, 'event': 'Redis ¡¨Ω”≥ÿ“—¥¥Ω®', 'level': 'debug', 'logger': 'ai_werewolf_core.utils.redis_client', 'timestamp': '2026-05-14T21:32:23.809584+08:00'}
ERROR    ai_werewolf_core.utils.redis_client:redis_client.py:130 {'host': '192.168.100.128', 'port': 6379, 'error': "Error while reading from 192.168.100.128:6379 : (22, '÷∏∂®µƒÕ¯¬Á√˚≤ª‘Ÿø…”√°£', None, 64, None)", 'event': 'Redis ¡¨Ω”—È÷§ ß∞‹ (PING)', 'level': 'error', 'logger': 'ai_werewolf_core.utils.redis_client', 'timestamp': '2026-05-14T21:32:28.812542+08:00', 'exception': 'Traceback (most recent call last):\n  File "F:\\py\\Lib\\asyncio\\windows_events.py", line 463, in finish_socket_func\n    return ov.getresult()\n           ~~~~~~~~~~~~^^\nOSError: [WinError 64] ÷∏∂®µƒÕ¯¬Á√˚≤ª‘Ÿø…”√°£\n\nDuring handling of the above exception, another exception occurred:\n\nTraceback (most recent call last):\n  File "F:\\py\\Lib\\site-packages\\redis\\asyncio\\connection.py", line 725, in read_response\n    response = await self._parser.read_response(\n               ^^^^^^^^^^^^^^^^^^^^^^^^^^^^^^^^^\n        disable_decoding=disable_decoding\n        ^^^^^^^^^^^^^^^^^^^^^^^^^^^^^^^^^\n    )\n    ^\n  File "F:\\py\\Lib\\site-packages\\redis\\_parsers\\resp2.py", line 82, in read_response\n    response = await self._read_response(disable_decoding=disable_decoding)\n               ^^^^^^^^^^^^^^^^^^^^^^^^^^^^^^^^^^^^^^^^^^^^^^^^^^^^^^^^^^^^\n  File "F:\\py\\Lib\\site-packages\\redis\\_parsers\\resp2.py", line 90, in _read_response\n    raw = await self._readline()\n          ^^^^^^^^^^^^^^^^^^^^^^\n  File "F:\\py\\Lib\\site-packages\\redis\\_parsers\\base.py", line 559, in _readline\n    data = await self._stream.readline()\n           ^^^^^^^^^^^^^^^^^^^^^^^^^^^^^\n  File "F:\\py\\Lib\\asyncio\\streams.py", line 562, in readline\n    line = await self.readuntil(sep)\n           ^^^^^^^^^^^^^^^^^^^^^^^^^\n  File "F:\\py\\Lib\\asyncio\\streams.py", line 677, in readuntil\n    await self._wait_for_data(\'readuntil\')\n  File "F:\\py\\Lib\\asyncio\\streams.py", line 539, in _wait_for_data\n    await self._waiter\n  File "F:\\py\\Lib\\asyncio\\proactor_events.py", line 286, in _loop_reading\n    length = fut.result()\n  File "F:\\py\\Lib\\asyncio\\windows_events.py", line 804, in _poll\n    value = callback(transferred, key, ov)\n  File "F:\\py\\Lib\\asyncio\\windows_events.py", line 467, in finish_socket_func\n    raise ConnectionResetError(*exc.args)\nConnectionResetError: [WinError 64] ÷∏∂®µƒÕ¯¬Á√˚≤ª‘Ÿø…”√°£\n\nDuring handling of the above exception, another exception occurred:\n\nTraceback (most recent call last):\n  File "F:\\YilenaCode\\Werewolf\\ai_werewolf_core\\utils\\redis_client.py", line 128, in get_client\n    await cls._client.ping()\n  File "F:\\py\\Lib\\site-packages\\redis\\asyncio\\client.py", line 764, in execute_command\n    conn = self.connection or await pool.get_connection()\n                              ^^^^^^^^^^^^^^^^^^^^^^^^^^^\n  File "F:\\py\\Lib\\site-packages\\redis\\utils.py", line 227, in async_wrapper\n    return await func(*args, **kwargs)\n           ^^^^^^^^^^^^^^^^^^^^^^^^^^^\n  File "F:\\py\\Lib\\site-packages\\redis\\asyncio\\connection.py", line 1351, in get_connection\n    await self.ensure_connection(connection)\n  File "F:\\py\\Lib\\site-packages\\redis\\asyncio\\connection.py", line 1390, in ensure_connection\n    await connection.connect()\n  File "F:\\py\\Lib\\site-packages\\redis\\asyncio\\connection.py", line 339, in connect\n    await self.retry.call_with_retry(\n    ...<7 lines>...\n    )\n  File "F:\\py\\Lib\\site-packages\\redis\\asyncio\\retry.py", line 81, in call_with_retry\n    raise error\n  File "F:\\py\\Lib\\site-packages\\redis\\asyncio\\retry.py", line 69, in call_with_retry\n    return await do()\n           ^^^^^^^^^^\n  File "F:\\py\\Lib\\site-packages\\redis\\asyncio\\connection.py", line 403, in connect_check_health\n    await self.on_connect_check_health(check_health=check_health)\n  File "F:\\py\\Lib\\site-packages\\redis\\asyncio\\connection.py", line 560, in on_connect_check_health\n    await self.read_response()\n  File "F:\\py\\Lib\\site-packages\\redis\\asyncio\\connection.py", line 747, in read_response\n    raise ConnectionError(f"Error while reading from {host_error} : {e.args}")\nredis.exceptions.ConnectionError: Error while reading from 192.168.100.128:6379 : (22, \'÷∏∂®µƒÕ¯¬Á√˚≤ª‘Ÿø…”√°£\', None, 64, None)'}
ERROR    ai_werewolf_core.core.event.bus:bus.py:741 {'game_id': None, 'error': 'EventBus Œﬁ∑®ªÒ»° Redis øÕªß∂À', 'event': '«Â¿Ì ¬º˛ Stream “Ï≥£', 'level': 'error', 'logger': 'ai_werewolf_core.core.event.bus', 'timestamp': '2026-05-14T21:32:28.814965+08:00', 'exception': 'Traceback (most recent call last):\n  File "F:\\py\\Lib\\asyncio\\windows_events.py", line 463, in finish_socket_func\n    return ov.getresult()\n           ~~~~~~~~~~~~^^\nOSError: [WinError 64] ÷∏∂®µƒÕ¯¬Á√˚≤ª‘Ÿø…”√°£\n\nDuring handling of the above exception, another exception occurred:\n\nTraceback (most recent call last):\n  File "F:\\py\\Lib\\site-packages\\redis\\asyncio\\connection.py", line 725, in read_response\n    response = await self._parser.read_response(\n               ^^^^^^^^^^^^^^^^^^^^^^^^^^^^^^^^^\n        disable_decoding=disable_decoding\n        ^^^^^^^^^^^^^^^^^^^^^^^^^^^^^^^^^\n    )\n    ^\n  File "F:\\py\\Lib\\site-packages\\redis\\_parsers\\resp2.py", line 82, in read_response\n    response = await self._read_response(disable_decoding=disable_decoding)\n               ^^^^^^^^^^^^^^^^^^^^^^^^^^^^^^^^^^^^^^^^^^^^^^^^^^^^^^^^^^^^\n  File "F:\\py\\Lib\\site-packages\\redis\\_parsers\\resp2.py", line 90, in _read_response\n    raw = await self._readline()\n          ^^^^^^^^^^^^^^^^^^^^^^\n  File "F:\\py\\Lib\\site-packages\\redis\\_parsers\\base.py", line 559, in _readline\n    data = await self._stream.readline()\n           ^^^^^^^^^^^^^^^^^^^^^^^^^^^^^\n  File "F:\\py\\Lib\\asyncio\\streams.py", line 562, in readline\n    line = await self.readuntil(sep)\n           ^^^^^^^^^^^^^^^^^^^^^^^^^\n  File "F:\\py\\Lib\\asyncio\\streams.py", line 677, in readuntil\n    await self._wait_for_data(\'readuntil\')\n  File "F:\\py\\Lib\\asyncio\\streams.py", line 539, in _wait_for_data\n    await self._waiter\n  File "F:\\py\\Lib\\asyncio\\proactor_events.py", line 286, in _loop_reading\n    length = fut.result()\n  File "F:\\py\\Lib\\asyncio\\windows_events.py", line 804, in _poll\n    value = callback(transferred, key, ov)\n  File "F:\\py\\Lib\\asyncio\\windows_events.py", line 467, in finish_socket_func\n    raise ConnectionResetError(*exc.args)\nConnectionResetError: [WinError 64] ÷∏∂®µƒÕ¯¬Á√˚≤ª‘Ÿø…”√°£\n\nDuring handling of the above exception, another exception occurred:\n\nTraceback (most recent call last):\n  File "F:\\YilenaCode\\Werewolf\\ai_werewolf_core\\core\\event\\bus.py", line 111, in _get_redis\n    self._redis_client = await RedisClientManager.get_client()\n                         ^^^^^^^^^^^^^^^^^^^^^^^^^^^^^^^^^^^^^\n  File "F:\\YilenaCode\\Werewolf\\ai_werewolf_core\\utils\\redis_client.py", line 128, in get_client\n    await cls._client.ping()\n  File "F:\\py\\Lib\\site-packages\\redis\\asyncio\\client.py", line 764, in execute_command\n    conn = self.connection or await pool.get_connection()\n                              ^^^^^^^^^^^^^^^^^^^^^^^^^^^\n  File "F:\\py\\Lib\\site-packages\\redis\\utils.py", line 227, in async_wrapper\n    return await func(*args, **kwargs)\n           ^^^^^^^^^^^^^^^^^^^^^^^^^^^\n  File "F:\\py\\Lib\\site-packages\\redis\\asyncio\\connection.py", line 1351, in get_connection\n    await self.ensure_connection(connection)\n  File "F:\\py\\Lib\\site-packages\\redis\\asyncio\\connection.py", line 1390, in ensure_connection\n    await connection.connect()\n  File "F:\\py\\Lib\\site-packages\\redis\\asyncio\\connection.py", line 339, in connect\n    await self.retry.call_with_retry(\n    ...<7 lines>...\n    )\n  File "F:\\py\\Lib\\site-packages\\redis\\asyncio\\retry.py", line 81, in call_with_retry\n    raise error\n  File "F:\\py\\Lib\\site-packages\\redis\\asyncio\\retry.py", line 69, in call_with_retry\n    return await do()\n           ^^^^^^^^^^\n  File "F:\\py\\Lib\\site-packages\\redis\\asyncio\\connection.py", line 403, in connect_check_health\n    await self.on_connect_check_health(check_health=check_health)\n  File "F:\\py\\Lib\\site-packages\\redis\\asyncio\\connection.py", line 560, in on_connect_check_health\n    await self.read_response()\n  File "F:\\py\\Lib\\site-packages\\redis\\asyncio\\connection.py", line 747, in read_response\n    raise ConnectionError(f"Error while reading from {host_error} : {e.args}")\nredis.exceptions.ConnectionError: Error while reading from 192.168.100.128:6379 : (22, \'÷∏∂®µƒÕ¯¬Á√˚≤ª‘Ÿø…”√°£\', None, 64, None)\n\nThe above exception was the direct cause of the following exception:\n\nTraceback (most recent call last):\n  File "F:\\YilenaCode\\Werewolf\\ai_werewolf_core\\core\\event\\bus.py", line 710, in clear\n    redis = await self._get_redis()\n            ^^^^^^^^^^^^^^^^^^^^^^^\n  File "F:\\YilenaCode\\Werewolf\\ai_werewolf_core\\core\\event\\bus.py", line 114, in _get_redis\n    raise RedisUnavailableException(\n        "EventBus Œﬁ∑®ªÒ»° Redis øÕªß∂À"\n    ) from e\nai_werewolf_core.utils.redis_seq.RedisUnavailableException: EventBus Œﬁ∑®ªÒ»° Redis øÕªß∂À'}
_______________ TestStartGame.test_start_game_publishes_events ________________

trans = 0, key = 0, ov = <_overlapped.Overlapped object at 0x0000027C302A31B0>

    @staticmethod
    def finish_socket_func(trans, key, ov):
        try:
>           return ov.getresult()
                   ^^^^^^^^^^^^^^
E           OSError: [WinError 64] ÷∏∂®µƒÕ¯¬Á√˚≤ª‘Ÿø…”√°£

F:\py\Lib\asyncio\windows_events.py:463: OSError

During handling of the above exception, another exception occurred:

self = <redis.asyncio.connection.Connection(host=192.168.100.128,port=6379,db=1)>
disable_decoding = False, timeout = None

    async def read_response(
        self,
        disable_decoding: bool = False,
        timeout: Optional[float] = None,
        *,
        disconnect_on_error: bool = True,
        push_request: Optional[bool] = False,
    ):
        """Read the response from a previously sent command"""
        read_timeout = timeout if timeout is not None else self.socket_timeout
        host_error = self._host_error()
        try:
            if read_timeout is not None and self.protocol in ["3", 3]:
                async with async_timeout(read_timeout):
                    response = await self._parser.read_response(
                        disable_decoding=disable_decoding, push_request=push_request
                    )
            elif read_timeout is not None:
                async with async_timeout(read_timeout):
>                   response = await self._parser.read_response(
                        disable_decoding=disable_decoding

F:\py\Lib\site-packages\redis\asyncio\connection.py:725: 
_ _ _ _ _ _ _ _ _ _ _ _ _ _ _ _ _ _ _ _ _ _ _ _ _ _ _ _ _ _ _ _ _ _ _ _ _ _ _ _
F:\py\Lib\site-packages\redis\_parsers\resp2.py:82: in read_response
    response = await self._read_response(disable_decoding=disable_decoding)
               ^^^^^^^^^^^^^^^^^^^^^^^^^^^^^^^^^^^^^^^^^^^^^^^^^^^^^^^^^^^^
F:\py\Lib\site-packages\redis\_parsers\resp2.py:90: in _read_response
    raw = await self._readline()
          ^^^^^^^^^^^^^^^^^^^^^^
F:\py\Lib\site-packages\redis\_parsers\base.py:559: in _readline
    data = await self._stream.readline()
           ^^^^^^^^^^^^^^^^^^^^^^^^^^^^^
F:\py\Lib\asyncio\streams.py:562: in readline
    line = await self.readuntil(sep)
           ^^^^^^^^^^^^^^^^^^^^^^^^^
F:\py\Lib\asyncio\streams.py:677: in readuntil
    await self._wait_for_data('readuntil')
F:\py\Lib\asyncio\streams.py:539: in _wait_for_data
    await self._waiter
F:\py\Lib\asyncio\proactor_events.py:286: in _loop_reading
    length = fut.result()
             ^^^^^^^^^^^^
F:\py\Lib\asyncio\windows_events.py:804: in _poll
    value = callback(transferred, key, ov)
            ^^^^^^^^^^^^^^^^^^^^^^^^^^^^^^
_ _ _ _ _ _ _ _ _ _ _ _ _ _ _ _ _ _ _ _ _ _ _ _ _ _ _ _ _ _ _ _ _ _ _ _ _ _ _ _

trans = 0, key = 0, ov = <_overlapped.Overlapped object at 0x0000027C302A31B0>

    @staticmethod
    def finish_socket_func(trans, key, ov):
        try:
            return ov.getresult()
        except OSError as exc:
            if exc.winerror in (_overlapped.ERROR_NETNAME_DELETED,
                                _overlapped.ERROR_OPERATION_ABORTED):
>               raise ConnectionResetError(*exc.args)
E               ConnectionResetError: [WinError 64] ÷∏∂®µƒÕ¯¬Á√˚≤ª‘Ÿø…”√°£

F:\py\Lib\asyncio\windows_events.py:467: ConnectionResetError

During handling of the above exception, another exception occurred:

self = <ai_werewolf_core.core.engine.lifecycle.LifecycleManager object at 0x0000027C308DC360>

    async def _get_redis(self) -> aioredis.Redis:
        """ªÒ»° Redis “Ï≤ΩøÕªß∂À£®¿¡≥ı ºªØ£¨π≤œÌ¡¨Ω”≥ÿ£©°£"""
        if self._redis is None:
            try:
>               self._redis = await RedisClientManager.get_client()
                              ^^^^^^^^^^^^^^^^^^^^^^^^^^^^^^^^^^^^^

ai_werewolf_core\core\engine\lifecycle.py:143: 
_ _ _ _ _ _ _ _ _ _ _ _ _ _ _ _ _ _ _ _ _ _ _ _ _ _ _ _ _ _ _ _ _ _ _ _ _ _ _ _
ai_werewolf_core\utils\redis_client.py:128: in get_client
    await cls._client.ping()
F:\py\Lib\site-packages\redis\asyncio\client.py:764: in execute_command
    conn = self.connection or await pool.get_connection()
                              ^^^^^^^^^^^^^^^^^^^^^^^^^^^
F:\py\Lib\site-packages\redis\utils.py:227: in async_wrapper
    return await func(*args, **kwargs)
           ^^^^^^^^^^^^^^^^^^^^^^^^^^^
F:\py\Lib\site-packages\redis\asyncio\connection.py:1351: in get_connection
    await self.ensure_connection(connection)
F:\py\Lib\site-packages\redis\asyncio\connection.py:1390: in ensure_connection
    await connection.connect()
F:\py\Lib\site-packages\redis\asyncio\connection.py:339: in connect
    await self.retry.call_with_retry(
F:\py\Lib\site-packages\redis\asyncio\retry.py:81: in call_with_retry
    raise error
F:\py\Lib\site-packages\redis\asyncio\retry.py:69: in call_with_retry
    return await do()
           ^^^^^^^^^^
F:\py\Lib\site-packages\redis\asyncio\connection.py:403: in connect_check_health
    await self.on_connect_check_health(check_health=check_health)
F:\py\Lib\site-packages\redis\asyncio\connection.py:560: in on_connect_check_health
    await self.read_response()
_ _ _ _ _ _ _ _ _ _ _ _ _ _ _ _ _ _ _ _ _ _ _ _ _ _ _ _ _ _ _ _ _ _ _ _ _ _ _ _

self = <redis.asyncio.connection.Connection(host=192.168.100.128,port=6379,db=1)>
disable_decoding = False, timeout = None

    async def read_response(
        self,
        disable_decoding: bool = False,
        timeout: Optional[float] = None,
        *,
        disconnect_on_error: bool = True,
        push_request: Optional[bool] = False,
    ):
        """Read the response from a previously sent command"""
        read_timeout = timeout if timeout is not None else self.socket_timeout
        host_error = self._host_error()
        try:
            if read_timeout is not None and self.protocol in ["3", 3]:
                async with async_timeout(read_timeout):
                    response = await self._parser.read_response(
                        disable_decoding=disable_decoding, push_request=push_request
                    )
            elif read_timeout is not None:
                async with async_timeout(read_timeout):
                    response = await self._parser.read_response(
                        disable_decoding=disable_decoding
                    )
            elif self.protocol in ["3", 3]:
                response = await self._parser.read_response(
                    disable_decoding=disable_decoding, push_request=push_request
                )
            else:
                response = await self._parser.read_response(
                    disable_decoding=disable_decoding
                )
        except asyncio.TimeoutError:
            if timeout is not None:
                # user requested timeout, return None. Operation can be retried
                return None
            # it was a self.socket_timeout error.
            if disconnect_on_error:
                await self.disconnect(nowait=True)
            raise TimeoutError(f"Timeout reading from {host_error}")
        except OSError as e:
            if disconnect_on_error:
                await self.disconnect(nowait=True)
>           raise ConnectionError(f"Error while reading from {host_error} : {e.args}")
E           redis.exceptions.ConnectionError: Error while reading from 192.168.100.128:6379 : (22, '÷∏∂®µƒÕ¯¬Á√˚≤ª‘Ÿø…”√°£', None, 64, None)

F:\py\Lib\site-packages\redis\asyncio\connection.py:747: ConnectionError

The above exception was the direct cause of the following exception:

self = <test_lifecycle.TestStartGame object at 0x0000027C303D6520>
lifecycle = <ai_werewolf_core.core.engine.lifecycle.LifecycleManager object at 0x0000027C308DC360>
event_bus = <ai_werewolf_core.core.event.bus.EventBus object at 0x0000027C31D66670>

    @pytest.mark.asyncio
    async def test_start_game_publishes_events(self, lifecycle, event_bus):
        """start_game ”¶∑¢≤º◊¥Ã¨±‰∏¸ ¬º˛∫ÕΩ◊∂Œ±‰∏¸ ¬º˛°£"""
        captured = []
        event_bus.publish = AsyncMock(side_effect=lambda e: captured.append(e))
    
>       await lifecycle.init_game()

tests\unit\core\engine\test_lifecycle.py:163: 
_ _ _ _ _ _ _ _ _ _ _ _ _ _ _ _ _ _ _ _ _ _ _ _ _ _ _ _ _ _ _ _ _ _ _ _ _ _ _ _
ai_werewolf_core\core\engine\lifecycle.py:420: in init_game
    current_status = await self.get_status()
                     ^^^^^^^^^^^^^^^^^^^^^^^
ai_werewolf_core\core\engine\lifecycle.py:262: in get_status
    status = await self._get_status_from_redis()
             ^^^^^^^^^^^^^^^^^^^^^^^^^^^^^^^^^^^
ai_werewolf_core\core\engine\lifecycle.py:167: in _get_status_from_redis
    redis = await self._get_redis()
            ^^^^^^^^^^^^^^^^^^^^^^^
_ _ _ _ _ _ _ _ _ _ _ _ _ _ _ _ _ _ _ _ _ _ _ _ _ _ _ _ _ _ _ _ _ _ _ _ _ _ _ _

self = <ai_werewolf_core.core.engine.lifecycle.LifecycleManager object at 0x0000027C308DC360>

    async def _get_redis(self) -> aioredis.Redis:
        """ªÒ»° Redis “Ï≤ΩøÕªß∂À£®¿¡≥ı ºªØ£¨π≤œÌ¡¨Ω”≥ÿ£©°£"""
        if self._redis is None:
            try:
                self._redis = await RedisClientManager.get_client()
                self._logger.debug("LifecycleManager “—ªÒ»°π≤œÌ Redis øÕªß∂À")
            except (aioredis.ConnectionError, aioredis.TimeoutError) as e:
>               raise RedisUnavailableException(
                    f"LifecycleManager Œﬁ∑®ªÒ»° Redis øÕªß∂À: game_id={self.game_id}"
                ) from e
E               ai_werewolf_core.utils.redis_seq.RedisUnavailableException: LifecycleManager Œﬁ∑®ªÒ»° Redis øÕªß∂À: game_id=test_lifecycle_ecb7f1b2eab64d0695a89cb805bd1ec3

ai_werewolf_core\core\engine\lifecycle.py:146: RedisUnavailableException
---------------------------- Captured stderr setup ----------------------------
[2m2026-05-14T21:32:28.817600+08:00[0m [[32m[1mdebug    [0m] [1mglobal_subscribe              [0m [[0m[1m[34mai_werewolf_core.core.event.bus[0m][0m [36mhandler[0m=[35m_default_log_subscriber[0m
[2m2026-05-14T21:32:28.817764+08:00[0m [[32m[1mdebug    [0m] [1mglobal_subscribe              [0m [[0m[1m[34mai_werewolf_core.core.event.bus[0m][0m [36mhandler[0m=[35m_persist_to_db[0m
----------------------------- Captured log setup ------------------------------
DEBUG    ai_werewolf_core.core.event.bus:bus.py:519 {'handler': '_default_log_subscriber', 'event': 'global_subscribe', 'level': 'debug', 'logger': 'ai_werewolf_core.core.event.bus', 'timestamp': '2026-05-14T21:32:28.817600+08:00'}
DEBUG    ai_werewolf_core.core.event.bus:bus.py:519 {'handler': '_persist_to_db', 'event': 'global_subscribe', 'level': 'debug', 'logger': 'ai_werewolf_core.core.event.bus', 'timestamp': '2026-05-14T21:32:28.817764+08:00'}
---------------------------- Captured stderr call -----------------------------
[2m2026-05-14T21:32:28.818463+08:00[0m [[32m[1minfo     [0m] [1mgame_init                     [0m [[0m[1m[34mai_werewolf_core.core.engine.lifecycle[0m][0m [36mgame_id[0m=[35mtest_lifecycle_ecb7f1b2eab64d0695a89cb805bd1ec3[0m [36mmodule[0m=[35mLifecycleManager[0m
[2m2026-05-14T21:32:28.818613+08:00[0m [[32m[1mdebug    [0m] [1mRedis ¡¨Ω”≥ÿ“—¥¥Ω®                  [0m [[0m[1m[34mai_werewolf_core.utils.redis_client[0m][0m [36mmax_connections[0m=[35m300[0m [36msocket_timeout[0m=[35m10[0m
[2m2026-05-14T21:32:33.821671+08:00[0m [[31m[1merror    [0m] [1mRedis ¡¨Ω”—È÷§ ß∞‹ (PING)           [0m [[0m[1m[34mai_werewolf_core.utils.redis_client[0m][0m [36merror[0m=[35m"Error while reading from 192.168.100.128:6379 : (22, '÷∏∂®µƒÕ¯¬Á√˚≤ª‘Ÿø…”√°£', None, 64, None)"[0m [36mhost[0m=[35m192.168.100.128[0m [36mport[0m=[35m6379[0m
Traceback (most recent call last):
  File "F:\py\Lib\asyncio\windows_events.py", line 463, in finish_socket_func
    return ov.getresult()
           ~~~~~~~~~~~~^^
OSError: [WinError 64] ÷∏∂®µƒÕ¯¬Á√˚≤ª‘Ÿø…”√°£

During handling of the above exception, another exception occurred:

Traceback (most recent call last):
  File "F:\py\Lib\site-packages\redis\asyncio\connection.py", line 725, in read_response
    response = await self._parser.read_response(
               ^^^^^^^^^^^^^^^^^^^^^^^^^^^^^^^^^
        disable_decoding=disable_decoding
        ^^^^^^^^^^^^^^^^^^^^^^^^^^^^^^^^^
    )
    ^
  File "F:\py\Lib\site-packages\redis\_parsers\resp2.py", line 82, in read_response
    response = await self._read_response(disable_decoding=disable_decoding)
               ^^^^^^^^^^^^^^^^^^^^^^^^^^^^^^^^^^^^^^^^^^^^^^^^^^^^^^^^^^^^
  File "F:\py\Lib\site-packages\redis\_parsers\resp2.py", line 90, in _read_response
    raw = await self._readline()
          ^^^^^^^^^^^^^^^^^^^^^^
  File "F:\py\Lib\site-packages\redis\_parsers\base.py", line 559, in _readline
    data = await self._stream.readline()
           ^^^^^^^^^^^^^^^^^^^^^^^^^^^^^
  File "F:\py\Lib\asyncio\streams.py", line 562, in readline
    line = await self.readuntil(sep)
           ^^^^^^^^^^^^^^^^^^^^^^^^^
  File "F:\py\Lib\asyncio\streams.py", line 677, in readuntil
    await self._wait_for_data('readuntil')
  File "F:\py\Lib\asyncio\streams.py", line 539, in _wait_for_data
    await self._waiter
  File "F:\py\Lib\asyncio\proactor_events.py", line 286, in _loop_reading
    length = fut.result()
  File "F:\py\Lib\asyncio\windows_events.py", line 804, in _poll
    value = callback(transferred, key, ov)
  File "F:\py\Lib\asyncio\windows_events.py", line 467, in finish_socket_func
    raise ConnectionResetError(*exc.args)
ConnectionResetError: [WinError 64] ÷∏∂®µƒÕ¯¬Á√˚≤ª‘Ÿø…”√°£

During handling of the above exception, another exception occurred:

Traceback (most recent call last):
  File "F:\YilenaCode\Werewolf\ai_werewolf_core\utils\redis_client.py", line 128, in get_client
    await cls._client.ping()
  File "F:\py\Lib\site-packages\redis\asyncio\client.py", line 764, in execute_command
    conn = self.connection or await pool.get_connection()
                              ^^^^^^^^^^^^^^^^^^^^^^^^^^^
  File "F:\py\Lib\site-packages\redis\utils.py", line 227, in async_wrapper
    return await func(*args, **kwargs)
           ^^^^^^^^^^^^^^^^^^^^^^^^^^^
  File "F:\py\Lib\site-packages\redis\asyncio\connection.py", line 1351, in get_connection
    await self.ensure_connection(connection)
  File "F:\py\Lib\site-packages\redis\asyncio\connection.py", line 1390, in ensure_connection
    await connection.connect()
  File "F:\py\Lib\site-packages\redis\asyncio\connection.py", line 339, in connect
    await self.retry.call_with_retry(
    ...<7 lines>...
    )
  File "F:\py\Lib\site-packages\redis\asyncio\retry.py", line 81, in call_with_retry
    raise error
  File "F:\py\Lib\site-packages\redis\asyncio\retry.py", line 69, in call_with_retry
    return await do()
           ^^^^^^^^^^
  File "F:\py\Lib\site-packages\redis\asyncio\connection.py", line 403, in connect_check_health
    await self.on_connect_check_health(check_health=check_health)
  File "F:\py\Lib\site-packages\redis\asyncio\connection.py", line 560, in on_connect_check_health
    await self.read_response()
  File "F:\py\Lib\site-packages\redis\asyncio\connection.py", line 747, in read_response
    raise ConnectionError(f"Error while reading from {host_error} : {e.args}")
redis.exceptions.ConnectionError: Error while reading from 192.168.100.128:6379 : (22, '÷∏∂®µƒÕ¯¬Á√˚≤ª‘Ÿø…”√°£', None, 64, None)
------------------------------ Captured log call ------------------------------
INFO     ai_werewolf_core.core.engine.lifecycle:lifecycle.py:418 {'game_id': 'test_lifecycle_ecb7f1b2eab64d0695a89cb805bd1ec3', 'module': 'LifecycleManager', 'event': 'game_init', 'level': 'info', 'logger': 'ai_werewolf_core.core.engine.lifecycle', 'timestamp': '2026-05-14T21:32:28.818463+08:00'}
DEBUG    ai_werewolf_core.utils.redis_client:redis_client.py:243 {'max_connections': 300, 'socket_timeout': 10, 'event': 'Redis ¡¨Ω”≥ÿ“—¥¥Ω®', 'level': 'debug', 'logger': 'ai_werewolf_core.utils.redis_client', 'timestamp': '2026-05-14T21:32:28.818613+08:00'}
ERROR    ai_werewolf_core.utils.redis_client:redis_client.py:130 {'host': '192.168.100.128', 'port': 6379, 'error': "Error while reading from 192.168.100.128:6379 : (22, '÷∏∂®µƒÕ¯¬Á√˚≤ª‘Ÿø…”√°£', None, 64, None)", 'event': 'Redis ¡¨Ω”—È÷§ ß∞‹ (PING)', 'level': 'error', 'logger': 'ai_werewolf_core.utils.redis_client', 'timestamp': '2026-05-14T21:32:33.821671+08:00', 'exception': 'Traceback (most recent call last):\n  File "F:\\py\\Lib\\asyncio\\windows_events.py", line 463, in finish_socket_func\n    return ov.getresult()\n           ~~~~~~~~~~~~^^\nOSError: [WinError 64] ÷∏∂®µƒÕ¯¬Á√˚≤ª‘Ÿø…”√°£\n\nDuring handling of the above exception, another exception occurred:\n\nTraceback (most recent call last):\n  File "F:\\py\\Lib\\site-packages\\redis\\asyncio\\connection.py", line 725, in read_response\n    response = await self._parser.read_response(\n               ^^^^^^^^^^^^^^^^^^^^^^^^^^^^^^^^^\n        disable_decoding=disable_decoding\n        ^^^^^^^^^^^^^^^^^^^^^^^^^^^^^^^^^\n    )\n    ^\n  File "F:\\py\\Lib\\site-packages\\redis\\_parsers\\resp2.py", line 82, in read_response\n    response = await self._read_response(disable_decoding=disable_decoding)\n               ^^^^^^^^^^^^^^^^^^^^^^^^^^^^^^^^^^^^^^^^^^^^^^^^^^^^^^^^^^^^\n  File "F:\\py\\Lib\\site-packages\\redis\\_parsers\\resp2.py", line 90, in _read_response\n    raw = await self._readline()\n          ^^^^^^^^^^^^^^^^^^^^^^\n  File "F:\\py\\Lib\\site-packages\\redis\\_parsers\\base.py", line 559, in _readline\n    data = await self._stream.readline()\n           ^^^^^^^^^^^^^^^^^^^^^^^^^^^^^\n  File "F:\\py\\Lib\\asyncio\\streams.py", line 562, in readline\n    line = await self.readuntil(sep)\n           ^^^^^^^^^^^^^^^^^^^^^^^^^\n  File "F:\\py\\Lib\\asyncio\\streams.py", line 677, in readuntil\n    await self._wait_for_data(\'readuntil\')\n  File "F:\\py\\Lib\\asyncio\\streams.py", line 539, in _wait_for_data\n    await self._waiter\n  File "F:\\py\\Lib\\asyncio\\proactor_events.py", line 286, in _loop_reading\n    length = fut.result()\n  File "F:\\py\\Lib\\asyncio\\windows_events.py", line 804, in _poll\n    value = callback(transferred, key, ov)\n  File "F:\\py\\Lib\\asyncio\\windows_events.py", line 467, in finish_socket_func\n    raise ConnectionResetError(*exc.args)\nConnectionResetError: [WinError 64] ÷∏∂®µƒÕ¯¬Á√˚≤ª‘Ÿø…”√°£\n\nDuring handling of the above exception, another exception occurred:\n\nTraceback (most recent call last):\n  File "F:\\YilenaCode\\Werewolf\\ai_werewolf_core\\utils\\redis_client.py", line 128, in get_client\n    await cls._client.ping()\n  File "F:\\py\\Lib\\site-packages\\redis\\asyncio\\client.py", line 764, in execute_command\n    conn = self.connection or await pool.get_connection()\n                              ^^^^^^^^^^^^^^^^^^^^^^^^^^^\n  File "F:\\py\\Lib\\site-packages\\redis\\utils.py", line 227, in async_wrapper\n    return await func(*args, **kwargs)\n           ^^^^^^^^^^^^^^^^^^^^^^^^^^^\n  File "F:\\py\\Lib\\site-packages\\redis\\asyncio\\connection.py", line 1351, in get_connection\n    await self.ensure_connection(connection)\n  File "F:\\py\\Lib\\site-packages\\redis\\asyncio\\connection.py", line 1390, in ensure_connection\n    await connection.connect()\n  File "F:\\py\\Lib\\site-packages\\redis\\asyncio\\connection.py", line 339, in connect\n    await self.retry.call_with_retry(\n    ...<7 lines>...\n    )\n  File "F:\\py\\Lib\\site-packages\\redis\\asyncio\\retry.py", line 81, in call_with_retry\n    raise error\n  File "F:\\py\\Lib\\site-packages\\redis\\asyncio\\retry.py", line 69, in call_with_retry\n    return await do()\n           ^^^^^^^^^^\n  File "F:\\py\\Lib\\site-packages\\redis\\asyncio\\connection.py", line 403, in connect_check_health\n    await self.on_connect_check_health(check_health=check_health)\n  File "F:\\py\\Lib\\site-packages\\redis\\asyncio\\connection.py", line 560, in on_connect_check_health\n    await self.read_response()\n  File "F:\\py\\Lib\\site-packages\\redis\\asyncio\\connection.py", line 747, in read_response\n    raise ConnectionError(f"Error while reading from {host_error} : {e.args}")\nredis.exceptions.ConnectionError: Error while reading from 192.168.100.128:6379 : (22, \'÷∏∂®µƒÕ¯¬Á√˚≤ª‘Ÿø…”√°£\', None, 64, None)'}
-------------------------- Captured stderr teardown ---------------------------
[2m2026-05-14T21:32:33.978309+08:00[0m [[32m[1mdebug    [0m] [1mRedis ¡¨Ω”≥ÿ“—¥¥Ω®                  [0m [[0m[1m[34mai_werewolf_core.utils.redis_client[0m][0m [36mmax_connections[0m=[35m300[0m [36msocket_timeout[0m=[35m10[0m
[2m2026-05-14T21:32:38.981558+08:00[0m [[31m[1merror    [0m] [1mRedis ¡¨Ω”—È÷§ ß∞‹ (PING)           [0m [[0m[1m[34mai_werewolf_core.utils.redis_client[0m][0m [36merror[0m=[35m"Error while reading from 192.168.100.128:6379 : (22, '÷∏∂®µƒÕ¯¬Á√˚≤ª‘Ÿø…”√°£', None, 64, None)"[0m [36mhost[0m=[35m192.168.100.128[0m [36mport[0m=[35m6379[0m
Traceback (most recent call last):
  File "F:\py\Lib\asyncio\windows_events.py", line 463, in finish_socket_func
    return ov.getresult()
           ~~~~~~~~~~~~^^
OSError: [WinError 64] ÷∏∂®µƒÕ¯¬Á√˚≤ª‘Ÿø…”√°£

During handling of the above exception, another exception occurred:

Traceback (most recent call last):
  File "F:\py\Lib\site-packages\redis\asyncio\connection.py", line 725, in read_response
    response = await self._parser.read_response(
               ^^^^^^^^^^^^^^^^^^^^^^^^^^^^^^^^^
        disable_decoding=disable_decoding
        ^^^^^^^^^^^^^^^^^^^^^^^^^^^^^^^^^
    )
    ^
  File "F:\py\Lib\site-packages\redis\_parsers\resp2.py", line 82, in read_response
    response = await self._read_response(disable_decoding=disable_decoding)
               ^^^^^^^^^^^^^^^^^^^^^^^^^^^^^^^^^^^^^^^^^^^^^^^^^^^^^^^^^^^^
  File "F:\py\Lib\site-packages\redis\_parsers\resp2.py", line 90, in _read_response
    raw = await self._readline()
          ^^^^^^^^^^^^^^^^^^^^^^
  File "F:\py\Lib\site-packages\redis\_parsers\base.py", line 559, in _readline
    data = await self._stream.readline()
           ^^^^^^^^^^^^^^^^^^^^^^^^^^^^^
  File "F:\py\Lib\asyncio\streams.py", line 562, in readline
    line = await self.readuntil(sep)
           ^^^^^^^^^^^^^^^^^^^^^^^^^
  File "F:\py\Lib\asyncio\streams.py", line 677, in readuntil
    await self._wait_for_data('readuntil')
  File "F:\py\Lib\asyncio\streams.py", line 539, in _wait_for_data
    await self._waiter
  File "F:\py\Lib\asyncio\proactor_events.py", line 286, in _loop_reading
    length = fut.result()
  File "F:\py\Lib\asyncio\windows_events.py", line 804, in _poll
    value = callback(transferred, key, ov)
  File "F:\py\Lib\asyncio\windows_events.py", line 467, in finish_socket_func
    raise ConnectionResetError(*exc.args)
ConnectionResetError: [WinError 64] ÷∏∂®µƒÕ¯¬Á√˚≤ª‘Ÿø…”√°£

During handling of the above exception, another exception occurred:

Traceback (most recent call last):
  File "F:\YilenaCode\Werewolf\ai_werewolf_core\utils\redis_client.py", line 128, in get_client
    await cls._client.ping()
  File "F:\py\Lib\site-packages\redis\asyncio\client.py", line 764, in execute_command
    conn = self.connection or await pool.get_connection()
                              ^^^^^^^^^^^^^^^^^^^^^^^^^^^
  File "F:\py\Lib\site-packages\redis\utils.py", line 227, in async_wrapper
    return await func(*args, **kwargs)
           ^^^^^^^^^^^^^^^^^^^^^^^^^^^
  File "F:\py\Lib\site-packages\redis\asyncio\connection.py", line 1351, in get_connection
    await self.ensure_connection(connection)
  File "F:\py\Lib\site-packages\redis\asyncio\connection.py", line 1390, in ensure_connection
    await connection.connect()
  File "F:\py\Lib\site-packages\redis\asyncio\connection.py", line 339, in connect
    await self.retry.call_with_retry(
    ...<7 lines>...
    )
  File "F:\py\Lib\site-packages\redis\asyncio\retry.py", line 81, in call_with_retry
    raise error
  File "F:\py\Lib\site-packages\redis\asyncio\retry.py", line 69, in call_with_retry
    return await do()
           ^^^^^^^^^^
  File "F:\py\Lib\site-packages\redis\asyncio\connection.py", line 403, in connect_check_health
    await self.on_connect_check_health(check_health=check_health)
  File "F:\py\Lib\site-packages\redis\asyncio\connection.py", line 560, in on_connect_check_health
    await self.read_response()
  File "F:\py\Lib\site-packages\redis\asyncio\connection.py", line 747, in read_response
    raise ConnectionError(f"Error while reading from {host_error} : {e.args}")
redis.exceptions.ConnectionError: Error while reading from 192.168.100.128:6379 : (22, '÷∏∂®µƒÕ¯¬Á√˚≤ª‘Ÿø…”√°£', None, 64, None)
[2m2026-05-14T21:32:38.983964+08:00[0m [[31m[1merror    [0m] [1m«Â¿Ì ¬º˛ Stream “Ï≥£                [0m [[0m[1m[34mai_werewolf_core.core.event.bus[0m][0m [36merror[0m=[35m'EventBus Œﬁ∑®ªÒ»° Redis øÕªß∂À'[0m [36mgame_id[0m=[35mNone[0m
Traceback (most recent call last):
  File "F:\py\Lib\asyncio\windows_events.py", line 463, in finish_socket_func
    return ov.getresult()
           ~~~~~~~~~~~~^^
OSError: [WinError 64] ÷∏∂®µƒÕ¯¬Á√˚≤ª‘Ÿø…”√°£

During handling of the above exception, another exception occurred:

Traceback (most recent call last):
  File "F:\py\Lib\site-packages\redis\asyncio\connection.py", line 725, in read_response
    response = await self._parser.read_response(
               ^^^^^^^^^^^^^^^^^^^^^^^^^^^^^^^^^
        disable_decoding=disable_decoding
        ^^^^^^^^^^^^^^^^^^^^^^^^^^^^^^^^^
    )
    ^
  File "F:\py\Lib\site-packages\redis\_parsers\resp2.py", line 82, in read_response
    response = await self._read_response(disable_decoding=disable_decoding)
               ^^^^^^^^^^^^^^^^^^^^^^^^^^^^^^^^^^^^^^^^^^^^^^^^^^^^^^^^^^^^
  File "F:\py\Lib\site-packages\redis\_parsers\resp2.py", line 90, in _read_response
    raw = await self._readline()
          ^^^^^^^^^^^^^^^^^^^^^^
  File "F:\py\Lib\site-packages\redis\_parsers\base.py", line 559, in _readline
    data = await self._stream.readline()
           ^^^^^^^^^^^^^^^^^^^^^^^^^^^^^
  File "F:\py\Lib\asyncio\streams.py", line 562, in readline
    line = await self.readuntil(sep)
           ^^^^^^^^^^^^^^^^^^^^^^^^^
  File "F:\py\Lib\asyncio\streams.py", line 677, in readuntil
    await self._wait_for_data('readuntil')
  File "F:\py\Lib\asyncio\streams.py", line 539, in _wait_for_data
    await self._waiter
  File "F:\py\Lib\asyncio\proactor_events.py", line 286, in _loop_reading
    length = fut.result()
  File "F:\py\Lib\asyncio\windows_events.py", line 804, in _poll
    value = callback(transferred, key, ov)
  File "F:\py\Lib\asyncio\windows_events.py", line 467, in finish_socket_func
    raise ConnectionResetError(*exc.args)
ConnectionResetError: [WinError 64] ÷∏∂®µƒÕ¯¬Á√˚≤ª‘Ÿø…”√°£

During handling of the above exception, another exception occurred:

Traceback (most recent call last):
  File "F:\YilenaCode\Werewolf\ai_werewolf_core\core\event\bus.py", line 111, in _get_redis
    self._redis_client = await RedisClientManager.get_client()
                         ^^^^^^^^^^^^^^^^^^^^^^^^^^^^^^^^^^^^^
  File "F:\YilenaCode\Werewolf\ai_werewolf_core\utils\redis_client.py", line 128, in get_client
    await cls._client.ping()
  File "F:\py\Lib\site-packages\redis\asyncio\client.py", line 764, in execute_command
    conn = self.connection or await pool.get_connection()
                              ^^^^^^^^^^^^^^^^^^^^^^^^^^^
  File "F:\py\Lib\site-packages\redis\utils.py", line 227, in async_wrapper
    return await func(*args, **kwargs)
           ^^^^^^^^^^^^^^^^^^^^^^^^^^^
  File "F:\py\Lib\site-packages\redis\asyncio\connection.py", line 1351, in get_connection
    await self.ensure_connection(connection)
  File "F:\py\Lib\site-packages\redis\asyncio\connection.py", line 1390, in ensure_connection
    await connection.connect()
  File "F:\py\Lib\site-packages\redis\asyncio\connection.py", line 339, in connect
    await self.retry.call_with_retry(
    ...<7 lines>...
    )
  File "F:\py\Lib\site-packages\redis\asyncio\retry.py", line 81, in call_with_retry
    raise error
  File "F:\py\Lib\site-packages\redis\asyncio\retry.py", line 69, in call_with_retry
    return await do()
           ^^^^^^^^^^
  File "F:\py\Lib\site-packages\redis\asyncio\connection.py", line 403, in connect_check_health
    await self.on_connect_check_health(check_health=check_health)
  File "F:\py\Lib\site-packages\redis\asyncio\connection.py", line 560, in on_connect_check_health
    await self.read_response()
  File "F:\py\Lib\site-packages\redis\asyncio\connection.py", line 747, in read_response
    raise ConnectionError(f"Error while reading from {host_error} : {e.args}")
redis.exceptions.ConnectionError: Error while reading from 192.168.100.128:6379 : (22, '÷∏∂®µƒÕ¯¬Á√˚≤ª‘Ÿø…”√°£', None, 64, None)

The above exception was the direct cause of the following exception:

Traceback (most recent call last):
  File "F:\YilenaCode\Werewolf\ai_werewolf_core\core\event\bus.py", line 710, in clear
    redis = await self._get_redis()
            ^^^^^^^^^^^^^^^^^^^^^^^
  File "F:\YilenaCode\Werewolf\ai_werewolf_core\core\event\bus.py", line 114, in _get_redis
    raise RedisUnavailableException(
        "EventBus Œﬁ∑®ªÒ»° Redis øÕªß∂À"
    ) from e
ai_werewolf_core.utils.redis_seq.RedisUnavailableException: EventBus Œﬁ∑®ªÒ»° Redis øÕªß∂À
---------------------------- Captured log teardown ----------------------------
DEBUG    ai_werewolf_core.utils.redis_client:redis_client.py:243 {'max_connections': 300, 'socket_timeout': 10, 'event': 'Redis ¡¨Ω”≥ÿ“—¥¥Ω®', 'level': 'debug', 'logger': 'ai_werewolf_core.utils.redis_client', 'timestamp': '2026-05-14T21:32:33.978309+08:00'}
ERROR    ai_werewolf_core.utils.redis_client:redis_client.py:130 {'host': '192.168.100.128', 'port': 6379, 'error': "Error while reading from 192.168.100.128:6379 : (22, '÷∏∂®µƒÕ¯¬Á√˚≤ª‘Ÿø…”√°£', None, 64, None)", 'event': 'Redis ¡¨Ω”—È÷§ ß∞‹ (PING)', 'level': 'error', 'logger': 'ai_werewolf_core.utils.redis_client', 'timestamp': '2026-05-14T21:32:38.981558+08:00', 'exception': 'Traceback (most recent call last):\n  File "F:\\py\\Lib\\asyncio\\windows_events.py", line 463, in finish_socket_func\n    return ov.getresult()\n           ~~~~~~~~~~~~^^\nOSError: [WinError 64] ÷∏∂®µƒÕ¯¬Á√˚≤ª‘Ÿø…”√°£\n\nDuring handling of the above exception, another exception occurred:\n\nTraceback (most recent call last):\n  File "F:\\py\\Lib\\site-packages\\redis\\asyncio\\connection.py", line 725, in read_response\n    response = await self._parser.read_response(\n               ^^^^^^^^^^^^^^^^^^^^^^^^^^^^^^^^^\n        disable_decoding=disable_decoding\n        ^^^^^^^^^^^^^^^^^^^^^^^^^^^^^^^^^\n    )\n    ^\n  File "F:\\py\\Lib\\site-packages\\redis\\_parsers\\resp2.py", line 82, in read_response\n    response = await self._read_response(disable_decoding=disable_decoding)\n               ^^^^^^^^^^^^^^^^^^^^^^^^^^^^^^^^^^^^^^^^^^^^^^^^^^^^^^^^^^^^\n  File "F:\\py\\Lib\\site-packages\\redis\\_parsers\\resp2.py", line 90, in _read_response\n    raw = await self._readline()\n          ^^^^^^^^^^^^^^^^^^^^^^\n  File "F:\\py\\Lib\\site-packages\\redis\\_parsers\\base.py", line 559, in _readline\n    data = await self._stream.readline()\n           ^^^^^^^^^^^^^^^^^^^^^^^^^^^^^\n  File "F:\\py\\Lib\\asyncio\\streams.py", line 562, in readline\n    line = await self.readuntil(sep)\n           ^^^^^^^^^^^^^^^^^^^^^^^^^\n  File "F:\\py\\Lib\\asyncio\\streams.py", line 677, in readuntil\n    await self._wait_for_data(\'readuntil\')\n  File "F:\\py\\Lib\\asyncio\\streams.py", line 539, in _wait_for_data\n    await self._waiter\n  File "F:\\py\\Lib\\asyncio\\proactor_events.py", line 286, in _loop_reading\n    length = fut.result()\n  File "F:\\py\\Lib\\asyncio\\windows_events.py", line 804, in _poll\n    value = callback(transferred, key, ov)\n  File "F:\\py\\Lib\\asyncio\\windows_events.py", line 467, in finish_socket_func\n    raise ConnectionResetError(*exc.args)\nConnectionResetError: [WinError 64] ÷∏∂®µƒÕ¯¬Á√˚≤ª‘Ÿø…”√°£\n\nDuring handling of the above exception, another exception occurred:\n\nTraceback (most recent call last):\n  File "F:\\YilenaCode\\Werewolf\\ai_werewolf_core\\utils\\redis_client.py", line 128, in get_client\n    await cls._client.ping()\n  File "F:\\py\\Lib\\site-packages\\redis\\asyncio\\client.py", line 764, in execute_command\n    conn = self.connection or await pool.get_connection()\n                              ^^^^^^^^^^^^^^^^^^^^^^^^^^^\n  File "F:\\py\\Lib\\site-packages\\redis\\utils.py", line 227, in async_wrapper\n    return await func(*args, **kwargs)\n           ^^^^^^^^^^^^^^^^^^^^^^^^^^^\n  File "F:\\py\\Lib\\site-packages\\redis\\asyncio\\connection.py", line 1351, in get_connection\n    await self.ensure_connection(connection)\n  File "F:\\py\\Lib\\site-packages\\redis\\asyncio\\connection.py", line 1390, in ensure_connection\n    await connection.connect()\n  File "F:\\py\\Lib\\site-packages\\redis\\asyncio\\connection.py", line 339, in connect\n    await self.retry.call_with_retry(\n    ...<7 lines>...\n    )\n  File "F:\\py\\Lib\\site-packages\\redis\\asyncio\\retry.py", line 81, in call_with_retry\n    raise error\n  File "F:\\py\\Lib\\site-packages\\redis\\asyncio\\retry.py", line 69, in call_with_retry\n    return await do()\n           ^^^^^^^^^^\n  File "F:\\py\\Lib\\site-packages\\redis\\asyncio\\connection.py", line 403, in connect_check_health\n    await self.on_connect_check_health(check_health=check_health)\n  File "F:\\py\\Lib\\site-packages\\redis\\asyncio\\connection.py", line 560, in on_connect_check_health\n    await self.read_response()\n  File "F:\\py\\Lib\\site-packages\\redis\\asyncio\\connection.py", line 747, in read_response\n    raise ConnectionError(f"Error while reading from {host_error} : {e.args}")\nredis.exceptions.ConnectionError: Error while reading from 192.168.100.128:6379 : (22, \'÷∏∂®µƒÕ¯¬Á√˚≤ª‘Ÿø…”√°£\', None, 64, None)'}
ERROR    ai_werewolf_core.core.event.bus:bus.py:741 {'game_id': None, 'error': 'EventBus Œﬁ∑®ªÒ»° Redis øÕªß∂À', 'event': '«Â¿Ì ¬º˛ Stream “Ï≥£', 'level': 'error', 'logger': 'ai_werewolf_core.core.event.bus', 'timestamp': '2026-05-14T21:32:38.983964+08:00', 'exception': 'Traceback (most recent call last):\n  File "F:\\py\\Lib\\asyncio\\windows_events.py", line 463, in finish_socket_func\n    return ov.getresult()\n           ~~~~~~~~~~~~^^\nOSError: [WinError 64] ÷∏∂®µƒÕ¯¬Á√˚≤ª‘Ÿø…”√°£\n\nDuring handling of the above exception, another exception occurred:\n\nTraceback (most recent call last):\n  File "F:\\py\\Lib\\site-packages\\redis\\asyncio\\connection.py", line 725, in read_response\n    response = await self._parser.read_response(\n               ^^^^^^^^^^^^^^^^^^^^^^^^^^^^^^^^^\n        disable_decoding=disable_decoding\n        ^^^^^^^^^^^^^^^^^^^^^^^^^^^^^^^^^\n    )\n    ^\n  File "F:\\py\\Lib\\site-packages\\redis\\_parsers\\resp2.py", line 82, in read_response\n    response = await self._read_response(disable_decoding=disable_decoding)\n               ^^^^^^^^^^^^^^^^^^^^^^^^^^^^^^^^^^^^^^^^^^^^^^^^^^^^^^^^^^^^\n  File "F:\\py\\Lib\\site-packages\\redis\\_parsers\\resp2.py", line 90, in _read_response\n    raw = await self._readline()\n          ^^^^^^^^^^^^^^^^^^^^^^\n  File "F:\\py\\Lib\\site-packages\\redis\\_parsers\\base.py", line 559, in _readline\n    data = await self._stream.readline()\n           ^^^^^^^^^^^^^^^^^^^^^^^^^^^^^\n  File "F:\\py\\Lib\\asyncio\\streams.py", line 562, in readline\n    line = await self.readuntil(sep)\n           ^^^^^^^^^^^^^^^^^^^^^^^^^\n  File "F:\\py\\Lib\\asyncio\\streams.py", line 677, in readuntil\n    await self._wait_for_data(\'readuntil\')\n  File "F:\\py\\Lib\\asyncio\\streams.py", line 539, in _wait_for_data\n    await self._waiter\n  File "F:\\py\\Lib\\asyncio\\proactor_events.py", line 286, in _loop_reading\n    length = fut.result()\n  File "F:\\py\\Lib\\asyncio\\windows_events.py", line 804, in _poll\n    value = callback(transferred, key, ov)\n  File "F:\\py\\Lib\\asyncio\\windows_events.py", line 467, in finish_socket_func\n    raise ConnectionResetError(*exc.args)\nConnectionResetError: [WinError 64] ÷∏∂®µƒÕ¯¬Á√˚≤ª‘Ÿø…”√°£\n\nDuring handling of the above exception, another exception occurred:\n\nTraceback (most recent call last):\n  File "F:\\YilenaCode\\Werewolf\\ai_werewolf_core\\core\\event\\bus.py", line 111, in _get_redis\n    self._redis_client = await RedisClientManager.get_client()\n                         ^^^^^^^^^^^^^^^^^^^^^^^^^^^^^^^^^^^^^\n  File "F:\\YilenaCode\\Werewolf\\ai_werewolf_core\\utils\\redis_client.py", line 128, in get_client\n    await cls._client.ping()\n  File "F:\\py\\Lib\\site-packages\\redis\\asyncio\\client.py", line 764, in execute_command\n    conn = self.connection or await pool.get_connection()\n                              ^^^^^^^^^^^^^^^^^^^^^^^^^^^\n  File "F:\\py\\Lib\\site-packages\\redis\\utils.py", line 227, in async_wrapper\n    return await func(*args, **kwargs)\n           ^^^^^^^^^^^^^^^^^^^^^^^^^^^\n  File "F:\\py\\Lib\\site-packages\\redis\\asyncio\\connection.py", line 1351, in get_connection\n    await self.ensure_connection(connection)\n  File "F:\\py\\Lib\\site-packages\\redis\\asyncio\\connection.py", line 1390, in ensure_connection\n    await connection.connect()\n  File "F:\\py\\Lib\\site-packages\\redis\\asyncio\\connection.py", line 339, in connect\n    await self.retry.call_with_retry(\n    ...<7 lines>...\n    )\n  File "F:\\py\\Lib\\site-packages\\redis\\asyncio\\retry.py", line 81, in call_with_retry\n    raise error\n  File "F:\\py\\Lib\\site-packages\\redis\\asyncio\\retry.py", line 69, in call_with_retry\n    return await do()\n           ^^^^^^^^^^\n  File "F:\\py\\Lib\\site-packages\\redis\\asyncio\\connection.py", line 403, in connect_check_health\n    await self.on_connect_check_health(check_health=check_health)\n  File "F:\\py\\Lib\\site-packages\\redis\\asyncio\\connection.py", line 560, in on_connect_check_health\n    await self.read_response()\n  File "F:\\py\\Lib\\site-packages\\redis\\asyncio\\connection.py", line 747, in read_response\n    raise ConnectionError(f"Error while reading from {host_error} : {e.args}")\nredis.exceptions.ConnectionError: Error while reading from 192.168.100.128:6379 : (22, \'÷∏∂®µƒÕ¯¬Á√˚≤ª‘Ÿø…”√°£\', None, 64, None)\n\nThe above exception was the direct cause of the following exception:\n\nTraceback (most recent call last):\n  File "F:\\YilenaCode\\Werewolf\\ai_werewolf_core\\core\\event\\bus.py", line 710, in clear\n    redis = await self._get_redis()\n            ^^^^^^^^^^^^^^^^^^^^^^^\n  File "F:\\YilenaCode\\Werewolf\\ai_werewolf_core\\core\\event\\bus.py", line 114, in _get_redis\n    raise RedisUnavailableException(\n        "EventBus Œﬁ∑®ªÒ»° Redis øÕªß∂À"\n    ) from e\nai_werewolf_core.utils.redis_seq.RedisUnavailableException: EventBus Œﬁ∑®ªÒ»° Redis øÕªß∂À'}
______________ TestAdvancePhase.test_advance_phase_when_running _______________

trans = 0, key = 0, ov = <_overlapped.Overlapped object at 0x0000027C30835770>

    @staticmethod
    def finish_socket_func(trans, key, ov):
        try:
>           return ov.getresult()
                   ^^^^^^^^^^^^^^
E           OSError: [WinError 64] ÷∏∂®µƒÕ¯¬Á√˚≤ª‘Ÿø…”√°£

F:\py\Lib\asyncio\windows_events.py:463: OSError

During handling of the above exception, another exception occurred:

self = <redis.asyncio.connection.Connection(host=192.168.100.128,port=6379,db=1)>
disable_decoding = False, timeout = None

    async def read_response(
        self,
        disable_decoding: bool = False,
        timeout: Optional[float] = None,
        *,
        disconnect_on_error: bool = True,
        push_request: Optional[bool] = False,
    ):
        """Read the response from a previously sent command"""
        read_timeout = timeout if timeout is not None else self.socket_timeout
        host_error = self._host_error()
        try:
            if read_timeout is not None and self.protocol in ["3", 3]:
                async with async_timeout(read_timeout):
                    response = await self._parser.read_response(
                        disable_decoding=disable_decoding, push_request=push_request
                    )
            elif read_timeout is not None:
                async with async_timeout(read_timeout):
>                   response = await self._parser.read_response(
                        disable_decoding=disable_decoding

F:\py\Lib\site-packages\redis\asyncio\connection.py:725: 
_ _ _ _ _ _ _ _ _ _ _ _ _ _ _ _ _ _ _ _ _ _ _ _ _ _ _ _ _ _ _ _ _ _ _ _ _ _ _ _
F:\py\Lib\site-packages\redis\_parsers\resp2.py:82: in read_response
    response = await self._read_response(disable_decoding=disable_decoding)
               ^^^^^^^^^^^^^^^^^^^^^^^^^^^^^^^^^^^^^^^^^^^^^^^^^^^^^^^^^^^^
F:\py\Lib\site-packages\redis\_parsers\resp2.py:90: in _read_response
    raw = await self._readline()
          ^^^^^^^^^^^^^^^^^^^^^^
F:\py\Lib\site-packages\redis\_parsers\base.py:559: in _readline
    data = await self._stream.readline()
           ^^^^^^^^^^^^^^^^^^^^^^^^^^^^^
F:\py\Lib\asyncio\streams.py:562: in readline
    line = await self.readuntil(sep)
           ^^^^^^^^^^^^^^^^^^^^^^^^^
F:\py\Lib\asyncio\streams.py:677: in readuntil
    await self._wait_for_data('readuntil')
F:\py\Lib\asyncio\streams.py:539: in _wait_for_data
    await self._waiter
F:\py\Lib\asyncio\proactor_events.py:286: in _loop_reading
    length = fut.result()
             ^^^^^^^^^^^^
F:\py\Lib\asyncio\windows_events.py:804: in _poll
    value = callback(transferred, key, ov)
            ^^^^^^^^^^^^^^^^^^^^^^^^^^^^^^
_ _ _ _ _ _ _ _ _ _ _ _ _ _ _ _ _ _ _ _ _ _ _ _ _ _ _ _ _ _ _ _ _ _ _ _ _ _ _ _

trans = 0, key = 0, ov = <_overlapped.Overlapped object at 0x0000027C30835770>

    @staticmethod
    def finish_socket_func(trans, key, ov):
        try:
            return ov.getresult()
        except OSError as exc:
            if exc.winerror in (_overlapped.ERROR_NETNAME_DELETED,
                                _overlapped.ERROR_OPERATION_ABORTED):
>               raise ConnectionResetError(*exc.args)
E               ConnectionResetError: [WinError 64] ÷∏∂®µƒÕ¯¬Á√˚≤ª‘Ÿø…”√°£

F:\py\Lib\asyncio\windows_events.py:467: ConnectionResetError

During handling of the above exception, another exception occurred:

self = <ai_werewolf_core.core.engine.lifecycle.LifecycleManager object at 0x0000027C307475B0>

    async def _get_redis(self) -> aioredis.Redis:
        """ªÒ»° Redis “Ï≤ΩøÕªß∂À£®¿¡≥ı ºªØ£¨π≤œÌ¡¨Ω”≥ÿ£©°£"""
        if self._redis is None:
            try:
>               self._redis = await RedisClientManager.get_client()
                              ^^^^^^^^^^^^^^^^^^^^^^^^^^^^^^^^^^^^^

ai_werewolf_core\core\engine\lifecycle.py:143: 
_ _ _ _ _ _ _ _ _ _ _ _ _ _ _ _ _ _ _ _ _ _ _ _ _ _ _ _ _ _ _ _ _ _ _ _ _ _ _ _
ai_werewolf_core\utils\redis_client.py:128: in get_client
    await cls._client.ping()
F:\py\Lib\site-packages\redis\asyncio\client.py:764: in execute_command
    conn = self.connection or await pool.get_connection()
                              ^^^^^^^^^^^^^^^^^^^^^^^^^^^
F:\py\Lib\site-packages\redis\utils.py:227: in async_wrapper
    return await func(*args, **kwargs)
           ^^^^^^^^^^^^^^^^^^^^^^^^^^^
F:\py\Lib\site-packages\redis\asyncio\connection.py:1351: in get_connection
    await self.ensure_connection(connection)
F:\py\Lib\site-packages\redis\asyncio\connection.py:1390: in ensure_connection
    await connection.connect()
F:\py\Lib\site-packages\redis\asyncio\connection.py:339: in connect
    await self.retry.call_with_retry(
F:\py\Lib\site-packages\redis\asyncio\retry.py:81: in call_with_retry
    raise error
F:\py\Lib\site-packages\redis\asyncio\retry.py:69: in call_with_retry
    return await do()
           ^^^^^^^^^^
F:\py\Lib\site-packages\redis\asyncio\connection.py:403: in connect_check_health
    await self.on_connect_check_health(check_health=check_health)
F:\py\Lib\site-packages\redis\asyncio\connection.py:560: in on_connect_check_health
    await self.read_response()
_ _ _ _ _ _ _ _ _ _ _ _ _ _ _ _ _ _ _ _ _ _ _ _ _ _ _ _ _ _ _ _ _ _ _ _ _ _ _ _

self = <redis.asyncio.connection.Connection(host=192.168.100.128,port=6379,db=1)>
disable_decoding = False, timeout = None

    async def read_response(
        self,
        disable_decoding: bool = False,
        timeout: Optional[float] = None,
        *,
        disconnect_on_error: bool = True,
        push_request: Optional[bool] = False,
    ):
        """Read the response from a previously sent command"""
        read_timeout = timeout if timeout is not None else self.socket_timeout
        host_error = self._host_error()
        try:
            if read_timeout is not None and self.protocol in ["3", 3]:
                async with async_timeout(read_timeout):
                    response = await self._parser.read_response(
                        disable_decoding=disable_decoding, push_request=push_request
                    )
            elif read_timeout is not None:
                async with async_timeout(read_timeout):
                    response = await self._parser.read_response(
                        disable_decoding=disable_decoding
                    )
            elif self.protocol in ["3", 3]:
                response = await self._parser.read_response(
                    disable_decoding=disable_decoding, push_request=push_request
                )
            else:
                response = await self._parser.read_response(
                    disable_decoding=disable_decoding
                )
        except asyncio.TimeoutError:
            if timeout is not None:
                # user requested timeout, return None. Operation can be retried
                return None
            # it was a self.socket_timeout error.
            if disconnect_on_error:
                await self.disconnect(nowait=True)
            raise TimeoutError(f"Timeout reading from {host_error}")
        except OSError as e:
            if disconnect_on_error:
                await self.disconnect(nowait=True)
>           raise ConnectionError(f"Error while reading from {host_error} : {e.args}")
E           redis.exceptions.ConnectionError: Error while reading from 192.168.100.128:6379 : (22, '÷∏∂®µƒÕ¯¬Á√˚≤ª‘Ÿø…”√°£', None, 64, None)

F:\py\Lib\site-packages\redis\asyncio\connection.py:747: ConnectionError

The above exception was the direct cause of the following exception:

self = <test_lifecycle.TestAdvancePhase object at 0x0000027C303D2AD0>
lifecycle = <ai_werewolf_core.core.engine.lifecycle.LifecycleManager object at 0x0000027C307475B0>

    @pytest.mark.asyncio
    async def test_advance_phase_when_running(self, lifecycle):
        """RUNNING ◊¥Ã¨œ¬Õ∆Ω¯Ω◊∂Œ”¶’˝≥£÷¥––°£"""
>       await lifecycle.init_game()

tests\unit\core\engine\test_lifecycle.py:178: 
_ _ _ _ _ _ _ _ _ _ _ _ _ _ _ _ _ _ _ _ _ _ _ _ _ _ _ _ _ _ _ _ _ _ _ _ _ _ _ _
ai_werewolf_core\core\engine\lifecycle.py:420: in init_game
    current_status = await self.get_status()
                     ^^^^^^^^^^^^^^^^^^^^^^^
ai_werewolf_core\core\engine\lifecycle.py:262: in get_status
    status = await self._get_status_from_redis()
             ^^^^^^^^^^^^^^^^^^^^^^^^^^^^^^^^^^^
ai_werewolf_core\core\engine\lifecycle.py:167: in _get_status_from_redis
    redis = await self._get_redis()
            ^^^^^^^^^^^^^^^^^^^^^^^
_ _ _ _ _ _ _ _ _ _ _ _ _ _ _ _ _ _ _ _ _ _ _ _ _ _ _ _ _ _ _ _ _ _ _ _ _ _ _ _

self = <ai_werewolf_core.core.engine.lifecycle.LifecycleManager object at 0x0000027C307475B0>

    async def _get_redis(self) -> aioredis.Redis:
        """ªÒ»° Redis “Ï≤ΩøÕªß∂À£®¿¡≥ı ºªØ£¨π≤œÌ¡¨Ω”≥ÿ£©°£"""
        if self._redis is None:
            try:
                self._redis = await RedisClientManager.get_client()
                self._logger.debug("LifecycleManager “—ªÒ»°π≤œÌ Redis øÕªß∂À")
            except (aioredis.ConnectionError, aioredis.TimeoutError) as e:
>               raise RedisUnavailableException(
                    f"LifecycleManager Œﬁ∑®ªÒ»° Redis øÕªß∂À: game_id={self.game_id}"
                ) from e
E               ai_werewolf_core.utils.redis_seq.RedisUnavailableException: LifecycleManager Œﬁ∑®ªÒ»° Redis øÕªß∂À: game_id=test_lifecycle_d8d83a863d0942ce88d5aa7e07a5fe4b

ai_werewolf_core\core\engine\lifecycle.py:146: RedisUnavailableException
---------------------------- Captured stderr setup ----------------------------
[2m2026-05-14T21:32:38.986505+08:00[0m [[32m[1mdebug    [0m] [1mglobal_subscribe              [0m [[0m[1m[34mai_werewolf_core.core.event.bus[0m][0m [36mhandler[0m=[35m_default_log_subscriber[0m
[2m2026-05-14T21:32:38.986656+08:00[0m [[32m[1mdebug    [0m] [1mglobal_subscribe              [0m [[0m[1m[34mai_werewolf_core.core.event.bus[0m][0m [36mhandler[0m=[35m_persist_to_db[0m
----------------------------- Captured log setup ------------------------------
DEBUG    ai_werewolf_core.core.event.bus:bus.py:519 {'handler': '_default_log_subscriber', 'event': 'global_subscribe', 'level': 'debug', 'logger': 'ai_werewolf_core.core.event.bus', 'timestamp': '2026-05-14T21:32:38.986505+08:00'}
DEBUG    ai_werewolf_core.core.event.bus:bus.py:519 {'handler': '_persist_to_db', 'event': 'global_subscribe', 'level': 'debug', 'logger': 'ai_werewolf_core.core.event.bus', 'timestamp': '2026-05-14T21:32:38.986656+08:00'}
---------------------------- Captured stderr call -----------------------------
[2m2026-05-14T21:32:38.987258+08:00[0m [[32m[1minfo     [0m] [1mgame_init                     [0m [[0m[1m[34mai_werewolf_core.core.engine.lifecycle[0m][0m [36mgame_id[0m=[35mtest_lifecycle_d8d83a863d0942ce88d5aa7e07a5fe4b[0m [36mmodule[0m=[35mLifecycleManager[0m
[2m2026-05-14T21:32:38.987396+08:00[0m [[32m[1mdebug    [0m] [1mRedis ¡¨Ω”≥ÿ“—¥¥Ω®                  [0m [[0m[1m[34mai_werewolf_core.utils.redis_client[0m][0m [36mmax_connections[0m=[35m300[0m [36msocket_timeout[0m=[35m10[0m
[2m2026-05-14T21:32:43.989728+08:00[0m [[31m[1merror    [0m] [1mRedis ¡¨Ω”—È÷§ ß∞‹ (PING)           [0m [[0m[1m[34mai_werewolf_core.utils.redis_client[0m][0m [36merror[0m=[35m"Error while reading from 192.168.100.128:6379 : (22, '÷∏∂®µƒÕ¯¬Á√˚≤ª‘Ÿø…”√°£', None, 64, None)"[0m [36mhost[0m=[35m192.168.100.128[0m [36mport[0m=[35m6379[0m
Traceback (most recent call last):
  File "F:\py\Lib\asyncio\windows_events.py", line 463, in finish_socket_func
    return ov.getresult()
           ~~~~~~~~~~~~^^
OSError: [WinError 64] ÷∏∂®µƒÕ¯¬Á√˚≤ª‘Ÿø…”√°£

During handling of the above exception, another exception occurred:

Traceback (most recent call last):
  File "F:\py\Lib\site-packages\redis\asyncio\connection.py", line 725, in read_response
    response = await self._parser.read_response(
               ^^^^^^^^^^^^^^^^^^^^^^^^^^^^^^^^^
        disable_decoding=disable_decoding
        ^^^^^^^^^^^^^^^^^^^^^^^^^^^^^^^^^
    )
    ^
  File "F:\py\Lib\site-packages\redis\_parsers\resp2.py", line 82, in read_response
    response = await self._read_response(disable_decoding=disable_decoding)
               ^^^^^^^^^^^^^^^^^^^^^^^^^^^^^^^^^^^^^^^^^^^^^^^^^^^^^^^^^^^^
  File "F:\py\Lib\site-packages\redis\_parsers\resp2.py", line 90, in _read_response
    raw = await self._readline()
          ^^^^^^^^^^^^^^^^^^^^^^
  File "F:\py\Lib\site-packages\redis\_parsers\base.py", line 559, in _readline
    data = await self._stream.readline()
           ^^^^^^^^^^^^^^^^^^^^^^^^^^^^^
  File "F:\py\Lib\asyncio\streams.py", line 562, in readline
    line = await self.readuntil(sep)
           ^^^^^^^^^^^^^^^^^^^^^^^^^
  File "F:\py\Lib\asyncio\streams.py", line 677, in readuntil
    await self._wait_for_data('readuntil')
  File "F:\py\Lib\asyncio\streams.py", line 539, in _wait_for_data
    await self._waiter
  File "F:\py\Lib\asyncio\proactor_events.py", line 286, in _loop_reading
    length = fut.result()
  File "F:\py\Lib\asyncio\windows_events.py", line 804, in _poll
    value = callback(transferred, key, ov)
  File "F:\py\Lib\asyncio\windows_events.py", line 467, in finish_socket_func
    raise ConnectionResetError(*exc.args)
ConnectionResetError: [WinError 64] ÷∏∂®µƒÕ¯¬Á√˚≤ª‘Ÿø…”√°£

During handling of the above exception, another exception occurred:

Traceback (most recent call last):
  File "F:\YilenaCode\Werewolf\ai_werewolf_core\utils\redis_client.py", line 128, in get_client
    await cls._client.ping()
  File "F:\py\Lib\site-packages\redis\asyncio\client.py", line 764, in execute_command
    conn = self.connection or await pool.get_connection()
                              ^^^^^^^^^^^^^^^^^^^^^^^^^^^
  File "F:\py\Lib\site-packages\redis\utils.py", line 227, in async_wrapper
    return await func(*args, **kwargs)
           ^^^^^^^^^^^^^^^^^^^^^^^^^^^
  File "F:\py\Lib\site-packages\redis\asyncio\connection.py", line 1351, in get_connection
    await self.ensure_connection(connection)
  File "F:\py\Lib\site-packages\redis\asyncio\connection.py", line 1390, in ensure_connection
    await connection.connect()
  File "F:\py\Lib\site-packages\redis\asyncio\connection.py", line 339, in connect
    await self.retry.call_with_retry(
    ...<7 lines>...
    )
  File "F:\py\Lib\site-packages\redis\asyncio\retry.py", line 81, in call_with_retry
    raise error
  File "F:\py\Lib\site-packages\redis\asyncio\retry.py", line 69, in call_with_retry
    return await do()
           ^^^^^^^^^^
  File "F:\py\Lib\site-packages\redis\asyncio\connection.py", line 403, in connect_check_health
    await self.on_connect_check_health(check_health=check_health)
  File "F:\py\Lib\site-packages\redis\asyncio\connection.py", line 560, in on_connect_check_health
    await self.read_response()
  File "F:\py\Lib\site-packages\redis\asyncio\connection.py", line 747, in read_response
    raise ConnectionError(f"Error while reading from {host_error} : {e.args}")
redis.exceptions.ConnectionError: Error while reading from 192.168.100.128:6379 : (22, '÷∏∂®µƒÕ¯¬Á√˚≤ª‘Ÿø…”√°£', None, 64, None)
------------------------------ Captured log call ------------------------------
INFO     ai_werewolf_core.core.engine.lifecycle:lifecycle.py:418 {'game_id': 'test_lifecycle_d8d83a863d0942ce88d5aa7e07a5fe4b', 'module': 'LifecycleManager', 'event': 'game_init', 'level': 'info', 'logger': 'ai_werewolf_core.core.engine.lifecycle', 'timestamp': '2026-05-14T21:32:38.987258+08:00'}
DEBUG    ai_werewolf_core.utils.redis_client:redis_client.py:243 {'max_connections': 300, 'socket_timeout': 10, 'event': 'Redis ¡¨Ω”≥ÿ“—¥¥Ω®', 'level': 'debug', 'logger': 'ai_werewolf_core.utils.redis_client', 'timestamp': '2026-05-14T21:32:38.987396+08:00'}
ERROR    ai_werewolf_core.utils.redis_client:redis_client.py:130 {'host': '192.168.100.128', 'port': 6379, 'error': "Error while reading from 192.168.100.128:6379 : (22, '÷∏∂®µƒÕ¯¬Á√˚≤ª‘Ÿø…”√°£', None, 64, None)", 'event': 'Redis ¡¨Ω”—È÷§ ß∞‹ (PING)', 'level': 'error', 'logger': 'ai_werewolf_core.utils.redis_client', 'timestamp': '2026-05-14T21:32:43.989728+08:00', 'exception': 'Traceback (most recent call last):\n  File "F:\\py\\Lib\\asyncio\\windows_events.py", line 463, in finish_socket_func\n    return ov.getresult()\n           ~~~~~~~~~~~~^^\nOSError: [WinError 64] ÷∏∂®µƒÕ¯¬Á√˚≤ª‘Ÿø…”√°£\n\nDuring handling of the above exception, another exception occurred:\n\nTraceback (most recent call last):\n  File "F:\\py\\Lib\\site-packages\\redis\\asyncio\\connection.py", line 725, in read_response\n    response = await self._parser.read_response(\n               ^^^^^^^^^^^^^^^^^^^^^^^^^^^^^^^^^\n        disable_decoding=disable_decoding\n        ^^^^^^^^^^^^^^^^^^^^^^^^^^^^^^^^^\n    )\n    ^\n  File "F:\\py\\Lib\\site-packages\\redis\\_parsers\\resp2.py", line 82, in read_response\n    response = await self._read_response(disable_decoding=disable_decoding)\n               ^^^^^^^^^^^^^^^^^^^^^^^^^^^^^^^^^^^^^^^^^^^^^^^^^^^^^^^^^^^^\n  File "F:\\py\\Lib\\site-packages\\redis\\_parsers\\resp2.py", line 90, in _read_response\n    raw = await self._readline()\n          ^^^^^^^^^^^^^^^^^^^^^^\n  File "F:\\py\\Lib\\site-packages\\redis\\_parsers\\base.py", line 559, in _readline\n    data = await self._stream.readline()\n           ^^^^^^^^^^^^^^^^^^^^^^^^^^^^^\n  File "F:\\py\\Lib\\asyncio\\streams.py", line 562, in readline\n    line = await self.readuntil(sep)\n           ^^^^^^^^^^^^^^^^^^^^^^^^^\n  File "F:\\py\\Lib\\asyncio\\streams.py", line 677, in readuntil\n    await self._wait_for_data(\'readuntil\')\n  File "F:\\py\\Lib\\asyncio\\streams.py", line 539, in _wait_for_data\n    await self._waiter\n  File "F:\\py\\Lib\\asyncio\\proactor_events.py", line 286, in _loop_reading\n    length = fut.result()\n  File "F:\\py\\Lib\\asyncio\\windows_events.py", line 804, in _poll\n    value = callback(transferred, key, ov)\n  File "F:\\py\\Lib\\asyncio\\windows_events.py", line 467, in finish_socket_func\n    raise ConnectionResetError(*exc.args)\nConnectionResetError: [WinError 64] ÷∏∂®µƒÕ¯¬Á√˚≤ª‘Ÿø…”√°£\n\nDuring handling of the above exception, another exception occurred:\n\nTraceback (most recent call last):\n  File "F:\\YilenaCode\\Werewolf\\ai_werewolf_core\\utils\\redis_client.py", line 128, in get_client\n    await cls._client.ping()\n  File "F:\\py\\Lib\\site-packages\\redis\\asyncio\\client.py", line 764, in execute_command\n    conn = self.connection or await pool.get_connection()\n                              ^^^^^^^^^^^^^^^^^^^^^^^^^^^\n  File "F:\\py\\Lib\\site-packages\\redis\\utils.py", line 227, in async_wrapper\n    return await func(*args, **kwargs)\n           ^^^^^^^^^^^^^^^^^^^^^^^^^^^\n  File "F:\\py\\Lib\\site-packages\\redis\\asyncio\\connection.py", line 1351, in get_connection\n    await self.ensure_connection(connection)\n  File "F:\\py\\Lib\\site-packages\\redis\\asyncio\\connection.py", line 1390, in ensure_connection\n    await connection.connect()\n  File "F:\\py\\Lib\\site-packages\\redis\\asyncio\\connection.py", line 339, in connect\n    await self.retry.call_with_retry(\n    ...<7 lines>...\n    )\n  File "F:\\py\\Lib\\site-packages\\redis\\asyncio\\retry.py", line 81, in call_with_retry\n    raise error\n  File "F:\\py\\Lib\\site-packages\\redis\\asyncio\\retry.py", line 69, in call_with_retry\n    return await do()\n           ^^^^^^^^^^\n  File "F:\\py\\Lib\\site-packages\\redis\\asyncio\\connection.py", line 403, in connect_check_health\n    await self.on_connect_check_health(check_health=check_health)\n  File "F:\\py\\Lib\\site-packages\\redis\\asyncio\\connection.py", line 560, in on_connect_check_health\n    await self.read_response()\n  File "F:\\py\\Lib\\site-packages\\redis\\asyncio\\connection.py", line 747, in read_response\n    raise ConnectionError(f"Error while reading from {host_error} : {e.args}")\nredis.exceptions.ConnectionError: Error while reading from 192.168.100.128:6379 : (22, \'÷∏∂®µƒÕ¯¬Á√˚≤ª‘Ÿø…”√°£\', None, 64, None)'}
-------------------------- Captured stderr teardown ---------------------------
[2m2026-05-14T21:32:44.125608+08:00[0m [[32m[1mdebug    [0m] [1mRedis ¡¨Ω”≥ÿ“—¥¥Ω®                  [0m [[0m[1m[34mai_werewolf_core.utils.redis_client[0m][0m [36mmax_connections[0m=[35m300[0m [36msocket_timeout[0m=[35m10[0m
[2m2026-05-14T21:32:49.129629+08:00[0m [[31m[1merror    [0m] [1mRedis ¡¨Ω”—È÷§ ß∞‹ (PING)           [0m [[0m[1m[34mai_werewolf_core.utils.redis_client[0m][0m [36merror[0m=[35m"Error while reading from 192.168.100.128:6379 : (22, '÷∏∂®µƒÕ¯¬Á√˚≤ª‘Ÿø…”√°£', None, 64, None)"[0m [36mhost[0m=[35m192.168.100.128[0m [36mport[0m=[35m6379[0m
Traceback (most recent call last):
  File "F:\py\Lib\asyncio\windows_events.py", line 463, in finish_socket_func
    return ov.getresult()
           ~~~~~~~~~~~~^^
OSError: [WinError 64] ÷∏∂®µƒÕ¯¬Á√˚≤ª‘Ÿø…”√°£

During handling of the above exception, another exception occurred:

Traceback (most recent call last):
  File "F:\py\Lib\site-packages\redis\asyncio\connection.py", line 725, in read_response
    response = await self._parser.read_response(
               ^^^^^^^^^^^^^^^^^^^^^^^^^^^^^^^^^
        disable_decoding=disable_decoding
        ^^^^^^^^^^^^^^^^^^^^^^^^^^^^^^^^^
    )
    ^
  File "F:\py\Lib\site-packages\redis\_parsers\resp2.py", line 82, in read_response
    response = await self._read_response(disable_decoding=disable_decoding)
               ^^^^^^^^^^^^^^^^^^^^^^^^^^^^^^^^^^^^^^^^^^^^^^^^^^^^^^^^^^^^
  File "F:\py\Lib\site-packages\redis\_parsers\resp2.py", line 90, in _read_response
    raw = await self._readline()
          ^^^^^^^^^^^^^^^^^^^^^^
  File "F:\py\Lib\site-packages\redis\_parsers\base.py", line 559, in _readline
    data = await self._stream.readline()
           ^^^^^^^^^^^^^^^^^^^^^^^^^^^^^
  File "F:\py\Lib\asyncio\streams.py", line 562, in readline
    line = await self.readuntil(sep)
           ^^^^^^^^^^^^^^^^^^^^^^^^^
  File "F:\py\Lib\asyncio\streams.py", line 677, in readuntil
    await self._wait_for_data('readuntil')
  File "F:\py\Lib\asyncio\streams.py", line 539, in _wait_for_data
    await self._waiter
  File "F:\py\Lib\asyncio\proactor_events.py", line 286, in _loop_reading
    length = fut.result()
  File "F:\py\Lib\asyncio\windows_events.py", line 804, in _poll
    value = callback(transferred, key, ov)
  File "F:\py\Lib\asyncio\windows_events.py", line 467, in finish_socket_func
    raise ConnectionResetError(*exc.args)
ConnectionResetError: [WinError 64] ÷∏∂®µƒÕ¯¬Á√˚≤ª‘Ÿø…”√°£

During handling of the above exception, another exception occurred:

Traceback (most recent call last):
  File "F:\YilenaCode\Werewolf\ai_werewolf_core\utils\redis_client.py", line 128, in get_client
    await cls._client.ping()
  File "F:\py\Lib\site-packages\redis\asyncio\client.py", line 764, in execute_command
    conn = self.connection or await pool.get_connection()
                              ^^^^^^^^^^^^^^^^^^^^^^^^^^^
  File "F:\py\Lib\site-packages\redis\utils.py", line 227, in async_wrapper
    return await func(*args, **kwargs)
           ^^^^^^^^^^^^^^^^^^^^^^^^^^^
  File "F:\py\Lib\site-packages\redis\asyncio\connection.py", line 1351, in get_connection
    await self.ensure_connection(connection)
  File "F:\py\Lib\site-packages\redis\asyncio\connection.py", line 1390, in ensure_connection
    await connection.connect()
  File "F:\py\Lib\site-packages\redis\asyncio\connection.py", line 339, in connect
    await self.retry.call_with_retry(
    ...<7 lines>...
    )
  File "F:\py\Lib\site-packages\redis\asyncio\retry.py", line 81, in call_with_retry
    raise error
  File "F:\py\Lib\site-packages\redis\asyncio\retry.py", line 69, in call_with_retry
    return await do()
           ^^^^^^^^^^
  File "F:\py\Lib\site-packages\redis\asyncio\connection.py", line 403, in connect_check_health
    await self.on_connect_check_health(check_health=check_health)
  File "F:\py\Lib\site-packages\redis\asyncio\connection.py", line 560, in on_connect_check_health
    await self.read_response()
  File "F:\py\Lib\site-packages\redis\asyncio\connection.py", line 747, in read_response
    raise ConnectionError(f"Error while reading from {host_error} : {e.args}")
redis.exceptions.ConnectionError: Error while reading from 192.168.100.128:6379 : (22, '÷∏∂®µƒÕ¯¬Á√˚≤ª‘Ÿø…”√°£', None, 64, None)
[2m2026-05-14T21:32:49.132309+08:00[0m [[31m[1merror    [0m] [1m«Â¿Ì ¬º˛ Stream “Ï≥£                [0m [[0m[1m[34mai_werewolf_core.core.event.bus[0m][0m [36merror[0m=[35m'EventBus Œﬁ∑®ªÒ»° Redis øÕªß∂À'[0m [36mgame_id[0m=[35mNone[0m
Traceback (most recent call last):
  File "F:\py\Lib\asyncio\windows_events.py", line 463, in finish_socket_func
    return ov.getresult()
           ~~~~~~~~~~~~^^
OSError: [WinError 64] ÷∏∂®µƒÕ¯¬Á√˚≤ª‘Ÿø…”√°£

During handling of the above exception, another exception occurred:

Traceback (most recent call last):
  File "F:\py\Lib\site-packages\redis\asyncio\connection.py", line 725, in read_response
    response = await self._parser.read_response(
               ^^^^^^^^^^^^^^^^^^^^^^^^^^^^^^^^^
        disable_decoding=disable_decoding
        ^^^^^^^^^^^^^^^^^^^^^^^^^^^^^^^^^
    )
    ^
  File "F:\py\Lib\site-packages\redis\_parsers\resp2.py", line 82, in read_response
    response = await self._read_response(disable_decoding=disable_decoding)
               ^^^^^^^^^^^^^^^^^^^^^^^^^^^^^^^^^^^^^^^^^^^^^^^^^^^^^^^^^^^^
  File "F:\py\Lib\site-packages\redis\_parsers\resp2.py", line 90, in _read_response
    raw = await self._readline()
          ^^^^^^^^^^^^^^^^^^^^^^
  File "F:\py\Lib\site-packages\redis\_parsers\base.py", line 559, in _readline
    data = await self._stream.readline()
           ^^^^^^^^^^^^^^^^^^^^^^^^^^^^^
  File "F:\py\Lib\asyncio\streams.py", line 562, in readline
    line = await self.readuntil(sep)
           ^^^^^^^^^^^^^^^^^^^^^^^^^
  File "F:\py\Lib\asyncio\streams.py", line 677, in readuntil
    await self._wait_for_data('readuntil')
  File "F:\py\Lib\asyncio\streams.py", line 539, in _wait_for_data
    await self._waiter
  File "F:\py\Lib\asyncio\proactor_events.py", line 286, in _loop_reading
    length = fut.result()
  File "F:\py\Lib\asyncio\windows_events.py", line 804, in _poll
    value = callback(transferred, key, ov)
  File "F:\py\Lib\asyncio\windows_events.py", line 467, in finish_socket_func
    raise ConnectionResetError(*exc.args)
ConnectionResetError: [WinError 64] ÷∏∂®µƒÕ¯¬Á√˚≤ª‘Ÿø…”√°£

During handling of the above exception, another exception occurred:

Traceback (most recent call last):
  File "F:\YilenaCode\Werewolf\ai_werewolf_core\core\event\bus.py", line 111, in _get_redis
    self._redis_client = await RedisClientManager.get_client()
                         ^^^^^^^^^^^^^^^^^^^^^^^^^^^^^^^^^^^^^
  File "F:\YilenaCode\Werewolf\ai_werewolf_core\utils\redis_client.py", line 128, in get_client
    await cls._client.ping()
  File "F:\py\Lib\site-packages\redis\asyncio\client.py", line 764, in execute_command
    conn = self.connection or await pool.get_connection()
                              ^^^^^^^^^^^^^^^^^^^^^^^^^^^
  File "F:\py\Lib\site-packages\redis\utils.py", line 227, in async_wrapper
    return await func(*args, **kwargs)
           ^^^^^^^^^^^^^^^^^^^^^^^^^^^
  File "F:\py\Lib\site-packages\redis\asyncio\connection.py", line 1351, in get_connection
    await self.ensure_connection(connection)
  File "F:\py\Lib\site-packages\redis\asyncio\connection.py", line 1390, in ensure_connection
    await connection.connect()
  File "F:\py\Lib\site-packages\redis\asyncio\connection.py", line 339, in connect
    await self.retry.call_with_retry(
    ...<7 lines>...
    )
  File "F:\py\Lib\site-packages\redis\asyncio\retry.py", line 81, in call_with_retry
    raise error
  File "F:\py\Lib\site-packages\redis\asyncio\retry.py", line 69, in call_with_retry
    return await do()
           ^^^^^^^^^^
  File "F:\py\Lib\site-packages\redis\asyncio\connection.py", line 403, in connect_check_health
    await self.on_connect_check_health(check_health=check_health)
  File "F:\py\Lib\site-packages\redis\asyncio\connection.py", line 560, in on_connect_check_health
    await self.read_response()
  File "F:\py\Lib\site-packages\redis\asyncio\connection.py", line 747, in read_response
    raise ConnectionError(f"Error while reading from {host_error} : {e.args}")
redis.exceptions.ConnectionError: Error while reading from 192.168.100.128:6379 : (22, '÷∏∂®µƒÕ¯¬Á√˚≤ª‘Ÿø…”√°£', None, 64, None)

The above exception was the direct cause of the following exception:

Traceback (most recent call last):
  File "F:\YilenaCode\Werewolf\ai_werewolf_core\core\event\bus.py", line 710, in clear
    redis = await self._get_redis()
            ^^^^^^^^^^^^^^^^^^^^^^^
  File "F:\YilenaCode\Werewolf\ai_werewolf_core\core\event\bus.py", line 114, in _get_redis
    raise RedisUnavailableException(
        "EventBus Œﬁ∑®ªÒ»° Redis øÕªß∂À"
    ) from e
ai_werewolf_core.utils.redis_seq.RedisUnavailableException: EventBus Œﬁ∑®ªÒ»° Redis øÕªß∂À
---------------------------- Captured log teardown ----------------------------
DEBUG    ai_werewolf_core.utils.redis_client:redis_client.py:243 {'max_connections': 300, 'socket_timeout': 10, 'event': 'Redis ¡¨Ω”≥ÿ“—¥¥Ω®', 'level': 'debug', 'logger': 'ai_werewolf_core.utils.redis_client', 'timestamp': '2026-05-14T21:32:44.125608+08:00'}
ERROR    ai_werewolf_core.utils.redis_client:redis_client.py:130 {'host': '192.168.100.128', 'port': 6379, 'error': "Error while reading from 192.168.100.128:6379 : (22, '÷∏∂®µƒÕ¯¬Á√˚≤ª‘Ÿø…”√°£', None, 64, None)", 'event': 'Redis ¡¨Ω”—È÷§ ß∞‹ (PING)', 'level': 'error', 'logger': 'ai_werewolf_core.utils.redis_client', 'timestamp': '2026-05-14T21:32:49.129629+08:00', 'exception': 'Traceback (most recent call last):\n  File "F:\\py\\Lib\\asyncio\\windows_events.py", line 463, in finish_socket_func\n    return ov.getresult()\n           ~~~~~~~~~~~~^^\nOSError: [WinError 64] ÷∏∂®µƒÕ¯¬Á√˚≤ª‘Ÿø…”√°£\n\nDuring handling of the above exception, another exception occurred:\n\nTraceback (most recent call last):\n  File "F:\\py\\Lib\\site-packages\\redis\\asyncio\\connection.py", line 725, in read_response\n    response = await self._parser.read_response(\n               ^^^^^^^^^^^^^^^^^^^^^^^^^^^^^^^^^\n        disable_decoding=disable_decoding\n        ^^^^^^^^^^^^^^^^^^^^^^^^^^^^^^^^^\n    )\n    ^\n  File "F:\\py\\Lib\\site-packages\\redis\\_parsers\\resp2.py", line 82, in read_response\n    response = await self._read_response(disable_decoding=disable_decoding)\n               ^^^^^^^^^^^^^^^^^^^^^^^^^^^^^^^^^^^^^^^^^^^^^^^^^^^^^^^^^^^^\n  File "F:\\py\\Lib\\site-packages\\redis\\_parsers\\resp2.py", line 90, in _read_response\n    raw = await self._readline()\n          ^^^^^^^^^^^^^^^^^^^^^^\n  File "F:\\py\\Lib\\site-packages\\redis\\_parsers\\base.py", line 559, in _readline\n    data = await self._stream.readline()\n           ^^^^^^^^^^^^^^^^^^^^^^^^^^^^^\n  File "F:\\py\\Lib\\asyncio\\streams.py", line 562, in readline\n    line = await self.readuntil(sep)\n           ^^^^^^^^^^^^^^^^^^^^^^^^^\n  File "F:\\py\\Lib\\asyncio\\streams.py", line 677, in readuntil\n    await self._wait_for_data(\'readuntil\')\n  File "F:\\py\\Lib\\asyncio\\streams.py", line 539, in _wait_for_data\n    await self._waiter\n  File "F:\\py\\Lib\\asyncio\\proactor_events.py", line 286, in _loop_reading\n    length = fut.result()\n  File "F:\\py\\Lib\\asyncio\\windows_events.py", line 804, in _poll\n    value = callback(transferred, key, ov)\n  File "F:\\py\\Lib\\asyncio\\windows_events.py", line 467, in finish_socket_func\n    raise ConnectionResetError(*exc.args)\nConnectionResetError: [WinError 64] ÷∏∂®µƒÕ¯¬Á√˚≤ª‘Ÿø…”√°£\n\nDuring handling of the above exception, another exception occurred:\n\nTraceback (most recent call last):\n  File "F:\\YilenaCode\\Werewolf\\ai_werewolf_core\\utils\\redis_client.py", line 128, in get_client\n    await cls._client.ping()\n  File "F:\\py\\Lib\\site-packages\\redis\\asyncio\\client.py", line 764, in execute_command\n    conn = self.connection or await pool.get_connection()\n                              ^^^^^^^^^^^^^^^^^^^^^^^^^^^\n  File "F:\\py\\Lib\\site-packages\\redis\\utils.py", line 227, in async_wrapper\n    return await func(*args, **kwargs)\n           ^^^^^^^^^^^^^^^^^^^^^^^^^^^\n  File "F:\\py\\Lib\\site-packages\\redis\\asyncio\\connection.py", line 1351, in get_connection\n    await self.ensure_connection(connection)\n  File "F:\\py\\Lib\\site-packages\\redis\\asyncio\\connection.py", line 1390, in ensure_connection\n    await connection.connect()\n  File "F:\\py\\Lib\\site-packages\\redis\\asyncio\\connection.py", line 339, in connect\n    await self.retry.call_with_retry(\n    ...<7 lines>...\n    )\n  File "F:\\py\\Lib\\site-packages\\redis\\asyncio\\retry.py", line 81, in call_with_retry\n    raise error\n  File "F:\\py\\Lib\\site-packages\\redis\\asyncio\\retry.py", line 69, in call_with_retry\n    return await do()\n           ^^^^^^^^^^\n  File "F:\\py\\Lib\\site-packages\\redis\\asyncio\\connection.py", line 403, in connect_check_health\n    await self.on_connect_check_health(check_health=check_health)\n  File "F:\\py\\Lib\\site-packages\\redis\\asyncio\\connection.py", line 560, in on_connect_check_health\n    await self.read_response()\n  File "F:\\py\\Lib\\site-packages\\redis\\asyncio\\connection.py", line 747, in read_response\n    raise ConnectionError(f"Error while reading from {host_error} : {e.args}")\nredis.exceptions.ConnectionError: Error while reading from 192.168.100.128:6379 : (22, \'÷∏∂®µƒÕ¯¬Á√˚≤ª‘Ÿø…”√°£\', None, 64, None)'}
ERROR    ai_werewolf_core.core.event.bus:bus.py:741 {'game_id': None, 'error': 'EventBus Œﬁ∑®ªÒ»° Redis øÕªß∂À', 'event': '«Â¿Ì ¬º˛ Stream “Ï≥£', 'level': 'error', 'logger': 'ai_werewolf_core.core.event.bus', 'timestamp': '2026-05-14T21:32:49.132309+08:00', 'exception': 'Traceback (most recent call last):\n  File "F:\\py\\Lib\\asyncio\\windows_events.py", line 463, in finish_socket_func\n    return ov.getresult()\n           ~~~~~~~~~~~~^^\nOSError: [WinError 64] ÷∏∂®µƒÕ¯¬Á√˚≤ª‘Ÿø…”√°£\n\nDuring handling of the above exception, another exception occurred:\n\nTraceback (most recent call last):\n  File "F:\\py\\Lib\\site-packages\\redis\\asyncio\\connection.py", line 725, in read_response\n    response = await self._parser.read_response(\n               ^^^^^^^^^^^^^^^^^^^^^^^^^^^^^^^^^\n        disable_decoding=disable_decoding\n        ^^^^^^^^^^^^^^^^^^^^^^^^^^^^^^^^^\n    )\n    ^\n  File "F:\\py\\Lib\\site-packages\\redis\\_parsers\\resp2.py", line 82, in read_response\n    response = await self._read_response(disable_decoding=disable_decoding)\n               ^^^^^^^^^^^^^^^^^^^^^^^^^^^^^^^^^^^^^^^^^^^^^^^^^^^^^^^^^^^^\n  File "F:\\py\\Lib\\site-packages\\redis\\_parsers\\resp2.py", line 90, in _read_response\n    raw = await self._readline()\n          ^^^^^^^^^^^^^^^^^^^^^^\n  File "F:\\py\\Lib\\site-packages\\redis\\_parsers\\base.py", line 559, in _readline\n    data = await self._stream.readline()\n           ^^^^^^^^^^^^^^^^^^^^^^^^^^^^^\n  File "F:\\py\\Lib\\asyncio\\streams.py", line 562, in readline\n    line = await self.readuntil(sep)\n           ^^^^^^^^^^^^^^^^^^^^^^^^^\n  File "F:\\py\\Lib\\asyncio\\streams.py", line 677, in readuntil\n    await self._wait_for_data(\'readuntil\')\n  File "F:\\py\\Lib\\asyncio\\streams.py", line 539, in _wait_for_data\n    await self._waiter\n  File "F:\\py\\Lib\\asyncio\\proactor_events.py", line 286, in _loop_reading\n    length = fut.result()\n  File "F:\\py\\Lib\\asyncio\\windows_events.py", line 804, in _poll\n    value = callback(transferred, key, ov)\n  File "F:\\py\\Lib\\asyncio\\windows_events.py", line 467, in finish_socket_func\n    raise ConnectionResetError(*exc.args)\nConnectionResetError: [WinError 64] ÷∏∂®µƒÕ¯¬Á√˚≤ª‘Ÿø…”√°£\n\nDuring handling of the above exception, another exception occurred:\n\nTraceback (most recent call last):\n  File "F:\\YilenaCode\\Werewolf\\ai_werewolf_core\\core\\event\\bus.py", line 111, in _get_redis\n    self._redis_client = await RedisClientManager.get_client()\n                         ^^^^^^^^^^^^^^^^^^^^^^^^^^^^^^^^^^^^^\n  File "F:\\YilenaCode\\Werewolf\\ai_werewolf_core\\utils\\redis_client.py", line 128, in get_client\n    await cls._client.ping()\n  File "F:\\py\\Lib\\site-packages\\redis\\asyncio\\client.py", line 764, in execute_command\n    conn = self.connection or await pool.get_connection()\n                              ^^^^^^^^^^^^^^^^^^^^^^^^^^^\n  File "F:\\py\\Lib\\site-packages\\redis\\utils.py", line 227, in async_wrapper\n    return await func(*args, **kwargs)\n           ^^^^^^^^^^^^^^^^^^^^^^^^^^^\n  File "F:\\py\\Lib\\site-packages\\redis\\asyncio\\connection.py", line 1351, in get_connection\n    await self.ensure_connection(connection)\n  File "F:\\py\\Lib\\site-packages\\redis\\asyncio\\connection.py", line 1390, in ensure_connection\n    await connection.connect()\n  File "F:\\py\\Lib\\site-packages\\redis\\asyncio\\connection.py", line 339, in connect\n    await self.retry.call_with_retry(\n    ...<7 lines>...\n    )\n  File "F:\\py\\Lib\\site-packages\\redis\\asyncio\\retry.py", line 81, in call_with_retry\n    raise error\n  File "F:\\py\\Lib\\site-packages\\redis\\asyncio\\retry.py", line 69, in call_with_retry\n    return await do()\n           ^^^^^^^^^^\n  File "F:\\py\\Lib\\site-packages\\redis\\asyncio\\connection.py", line 403, in connect_check_health\n    await self.on_connect_check_health(check_health=check_health)\n  File "F:\\py\\Lib\\site-packages\\redis\\asyncio\\connection.py", line 560, in on_connect_check_health\n    await self.read_response()\n  File "F:\\py\\Lib\\site-packages\\redis\\asyncio\\connection.py", line 747, in read_response\n    raise ConnectionError(f"Error while reading from {host_error} : {e.args}")\nredis.exceptions.ConnectionError: Error while reading from 192.168.100.128:6379 : (22, \'÷∏∂®µƒÕ¯¬Á√˚≤ª‘Ÿø…”√°£\', None, 64, None)\n\nThe above exception was the direct cause of the following exception:\n\nTraceback (most recent call last):\n  File "F:\\YilenaCode\\Werewolf\\ai_werewolf_core\\core\\event\\bus.py", line 710, in clear\n    redis = await self._get_redis()\n            ^^^^^^^^^^^^^^^^^^^^^^^\n  File "F:\\YilenaCode\\Werewolf\\ai_werewolf_core\\core\\event\\bus.py", line 114, in _get_redis\n    raise RedisUnavailableException(\n        "EventBus Œﬁ∑®ªÒ»° Redis øÕªß∂À"\n    ) from e\nai_werewolf_core.utils.redis_seq.RedisUnavailableException: EventBus Œﬁ∑®ªÒ»° Redis øÕªß∂À'}
____________ TestAdvancePhase.test_advance_phase_when_init_raises _____________

trans = 0, key = 0, ov = <_overlapped.Overlapped object at 0x0000027C30834DB0>

    @staticmethod
    def finish_socket_func(trans, key, ov):
        try:
>           return ov.getresult()
                   ^^^^^^^^^^^^^^
E           OSError: [WinError 64] ÷∏∂®µƒÕ¯¬Á√˚≤ª‘Ÿø…”√°£

F:\py\Lib\asyncio\windows_events.py:463: OSError

During handling of the above exception, another exception occurred:

self = <redis.asyncio.connection.Connection(host=192.168.100.128,port=6379,db=1)>
disable_decoding = False, timeout = None

    async def read_response(
        self,
        disable_decoding: bool = False,
        timeout: Optional[float] = None,
        *,
        disconnect_on_error: bool = True,
        push_request: Optional[bool] = False,
    ):
        """Read the response from a previously sent command"""
        read_timeout = timeout if timeout is not None else self.socket_timeout
        host_error = self._host_error()
        try:
            if read_timeout is not None and self.protocol in ["3", 3]:
                async with async_timeout(read_timeout):
                    response = await self._parser.read_response(
                        disable_decoding=disable_decoding, push_request=push_request
                    )
            elif read_timeout is not None:
                async with async_timeout(read_timeout):
>                   response = await self._parser.read_response(
                        disable_decoding=disable_decoding

F:\py\Lib\site-packages\redis\asyncio\connection.py:725: 
_ _ _ _ _ _ _ _ _ _ _ _ _ _ _ _ _ _ _ _ _ _ _ _ _ _ _ _ _ _ _ _ _ _ _ _ _ _ _ _
F:\py\Lib\site-packages\redis\_parsers\resp2.py:82: in read_response
    response = await self._read_response(disable_decoding=disable_decoding)
               ^^^^^^^^^^^^^^^^^^^^^^^^^^^^^^^^^^^^^^^^^^^^^^^^^^^^^^^^^^^^
F:\py\Lib\site-packages\redis\_parsers\resp2.py:90: in _read_response
    raw = await self._readline()
          ^^^^^^^^^^^^^^^^^^^^^^
F:\py\Lib\site-packages\redis\_parsers\base.py:559: in _readline
    data = await self._stream.readline()
           ^^^^^^^^^^^^^^^^^^^^^^^^^^^^^
F:\py\Lib\asyncio\streams.py:562: in readline
    line = await self.readuntil(sep)
           ^^^^^^^^^^^^^^^^^^^^^^^^^
F:\py\Lib\asyncio\streams.py:677: in readuntil
    await self._wait_for_data('readuntil')
F:\py\Lib\asyncio\streams.py:539: in _wait_for_data
    await self._waiter
F:\py\Lib\asyncio\proactor_events.py:286: in _loop_reading
    length = fut.result()
             ^^^^^^^^^^^^
F:\py\Lib\asyncio\windows_events.py:804: in _poll
    value = callback(transferred, key, ov)
            ^^^^^^^^^^^^^^^^^^^^^^^^^^^^^^
_ _ _ _ _ _ _ _ _ _ _ _ _ _ _ _ _ _ _ _ _ _ _ _ _ _ _ _ _ _ _ _ _ _ _ _ _ _ _ _

trans = 0, key = 0, ov = <_overlapped.Overlapped object at 0x0000027C30834DB0>

    @staticmethod
    def finish_socket_func(trans, key, ov):
        try:
            return ov.getresult()
        except OSError as exc:
            if exc.winerror in (_overlapped.ERROR_NETNAME_DELETED,
                                _overlapped.ERROR_OPERATION_ABORTED):
>               raise ConnectionResetError(*exc.args)
E               ConnectionResetError: [WinError 64] ÷∏∂®µƒÕ¯¬Á√˚≤ª‘Ÿø…”√°£

F:\py\Lib\asyncio\windows_events.py:467: ConnectionResetError

During handling of the above exception, another exception occurred:

self = <ai_werewolf_core.core.engine.lifecycle.LifecycleManager object at 0x0000027C31DE23C0>

    async def _get_redis(self) -> aioredis.Redis:
        """ªÒ»° Redis “Ï≤ΩøÕªß∂À£®¿¡≥ı ºªØ£¨π≤œÌ¡¨Ω”≥ÿ£©°£"""
        if self._redis is None:
            try:
>               self._redis = await RedisClientManager.get_client()
                              ^^^^^^^^^^^^^^^^^^^^^^^^^^^^^^^^^^^^^

ai_werewolf_core\core\engine\lifecycle.py:143: 
_ _ _ _ _ _ _ _ _ _ _ _ _ _ _ _ _ _ _ _ _ _ _ _ _ _ _ _ _ _ _ _ _ _ _ _ _ _ _ _
ai_werewolf_core\utils\redis_client.py:128: in get_client
    await cls._client.ping()
F:\py\Lib\site-packages\redis\asyncio\client.py:764: in execute_command
    conn = self.connection or await pool.get_connection()
                              ^^^^^^^^^^^^^^^^^^^^^^^^^^^
F:\py\Lib\site-packages\redis\utils.py:227: in async_wrapper
    return await func(*args, **kwargs)
           ^^^^^^^^^^^^^^^^^^^^^^^^^^^
F:\py\Lib\site-packages\redis\asyncio\connection.py:1351: in get_connection
    await self.ensure_connection(connection)
F:\py\Lib\site-packages\redis\asyncio\connection.py:1390: in ensure_connection
    await connection.connect()
F:\py\Lib\site-packages\redis\asyncio\connection.py:339: in connect
    await self.retry.call_with_retry(
F:\py\Lib\site-packages\redis\asyncio\retry.py:81: in call_with_retry
    raise error
F:\py\Lib\site-packages\redis\asyncio\retry.py:69: in call_with_retry
    return await do()
           ^^^^^^^^^^
F:\py\Lib\site-packages\redis\asyncio\connection.py:403: in connect_check_health
    await self.on_connect_check_health(check_health=check_health)
F:\py\Lib\site-packages\redis\asyncio\connection.py:560: in on_connect_check_health
    await self.read_response()
_ _ _ _ _ _ _ _ _ _ _ _ _ _ _ _ _ _ _ _ _ _ _ _ _ _ _ _ _ _ _ _ _ _ _ _ _ _ _ _

self = <redis.asyncio.connection.Connection(host=192.168.100.128,port=6379,db=1)>
disable_decoding = False, timeout = None

    async def read_response(
        self,
        disable_decoding: bool = False,
        timeout: Optional[float] = None,
        *,
        disconnect_on_error: bool = True,
        push_request: Optional[bool] = False,
    ):
        """Read the response from a previously sent command"""
        read_timeout = timeout if timeout is not None else self.socket_timeout
        host_error = self._host_error()
        try:
            if read_timeout is not None and self.protocol in ["3", 3]:
                async with async_timeout(read_timeout):
                    response = await self._parser.read_response(
                        disable_decoding=disable_decoding, push_request=push_request
                    )
            elif read_timeout is not None:
                async with async_timeout(read_timeout):
                    response = await self._parser.read_response(
                        disable_decoding=disable_decoding
                    )
            elif self.protocol in ["3", 3]:
                response = await self._parser.read_response(
                    disable_decoding=disable_decoding, push_request=push_request
                )
            else:
                response = await self._parser.read_response(
                    disable_decoding=disable_decoding
                )
        except asyncio.TimeoutError:
            if timeout is not None:
                # user requested timeout, return None. Operation can be retried
                return None
            # it was a self.socket_timeout error.
            if disconnect_on_error:
                await self.disconnect(nowait=True)
            raise TimeoutError(f"Timeout reading from {host_error}")
        except OSError as e:
            if disconnect_on_error:
                await self.disconnect(nowait=True)
>           raise ConnectionError(f"Error while reading from {host_error} : {e.args}")
E           redis.exceptions.ConnectionError: Error while reading from 192.168.100.128:6379 : (22, '÷∏∂®µƒÕ¯¬Á√˚≤ª‘Ÿø…”√°£', None, 64, None)

F:\py\Lib\site-packages\redis\asyncio\connection.py:747: ConnectionError

The above exception was the direct cause of the following exception:

self = <test_lifecycle.TestAdvancePhase object at 0x0000027C303D2C10>
lifecycle = <ai_werewolf_core.core.engine.lifecycle.LifecycleManager object at 0x0000027C31DE23C0>

    @pytest.mark.asyncio
    async def test_advance_phase_when_init_raises(self, lifecycle):
        """INIT ◊¥Ã¨œ¬Õ∆Ω¯Ω◊∂Œ”¶≈◊≥ˆ GameNotRunnableError°£"""
        with pytest.raises(GameNotRunnableError) as exc_info:
>           await lifecycle.advance_phase(GamePhase.NIGHT_START)

tests\unit\core\engine\test_lifecycle.py:189: 
_ _ _ _ _ _ _ _ _ _ _ _ _ _ _ _ _ _ _ _ _ _ _ _ _ _ _ _ _ _ _ _ _ _ _ _ _ _ _ _
ai_werewolf_core\core\engine\lifecycle.py:496: in advance_phase
    current_status = await self._get_status_from_redis()
                     ^^^^^^^^^^^^^^^^^^^^^^^^^^^^^^^^^^^
ai_werewolf_core\core\engine\lifecycle.py:167: in _get_status_from_redis
    redis = await self._get_redis()
            ^^^^^^^^^^^^^^^^^^^^^^^
_ _ _ _ _ _ _ _ _ _ _ _ _ _ _ _ _ _ _ _ _ _ _ _ _ _ _ _ _ _ _ _ _ _ _ _ _ _ _ _

self = <ai_werewolf_core.core.engine.lifecycle.LifecycleManager object at 0x0000027C31DE23C0>

    async def _get_redis(self) -> aioredis.Redis:
        """ªÒ»° Redis “Ï≤ΩøÕªß∂À£®¿¡≥ı ºªØ£¨π≤œÌ¡¨Ω”≥ÿ£©°£"""
        if self._redis is None:
            try:
                self._redis = await RedisClientManager.get_client()
                self._logger.debug("LifecycleManager “—ªÒ»°π≤œÌ Redis øÕªß∂À")
            except (aioredis.ConnectionError, aioredis.TimeoutError) as e:
>               raise RedisUnavailableException(
                    f"LifecycleManager Œﬁ∑®ªÒ»° Redis øÕªß∂À: game_id={self.game_id}"
                ) from e
E               ai_werewolf_core.utils.redis_seq.RedisUnavailableException: LifecycleManager Œﬁ∑®ªÒ»° Redis øÕªß∂À: game_id=test_lifecycle_40fd755d5c104fa58268bbe693d03579

ai_werewolf_core\core\engine\lifecycle.py:146: RedisUnavailableException
---------------------------- Captured stderr setup ----------------------------
[2m2026-05-14T21:32:49.134946+08:00[0m [[32m[1mdebug    [0m] [1mglobal_subscribe              [0m [[0m[1m[34mai_werewolf_core.core.event.bus[0m][0m [36mhandler[0m=[35m_default_log_subscriber[0m
[2m2026-05-14T21:32:49.135066+08:00[0m [[32m[1mdebug    [0m] [1mglobal_subscribe              [0m [[0m[1m[34mai_werewolf_core.core.event.bus[0m][0m [36mhandler[0m=[35m_persist_to_db[0m
----------------------------- Captured log setup ------------------------------
DEBUG    ai_werewolf_core.core.event.bus:bus.py:519 {'handler': '_default_log_subscriber', 'event': 'global_subscribe', 'level': 'debug', 'logger': 'ai_werewolf_core.core.event.bus', 'timestamp': '2026-05-14T21:32:49.134946+08:00'}
DEBUG    ai_werewolf_core.core.event.bus:bus.py:519 {'handler': '_persist_to_db', 'event': 'global_subscribe', 'level': 'debug', 'logger': 'ai_werewolf_core.core.event.bus', 'timestamp': '2026-05-14T21:32:49.135066+08:00'}
---------------------------- Captured stderr call -----------------------------
[2m2026-05-14T21:32:49.135672+08:00[0m [[32m[1mdebug    [0m] [1mRedis ¡¨Ω”≥ÿ“—¥¥Ω®                  [0m [[0m[1m[34mai_werewolf_core.utils.redis_client[0m][0m [36mmax_connections[0m=[35m300[0m [36msocket_timeout[0m=[35m10[0m
[2m2026-05-14T21:32:54.138557+08:00[0m [[31m[1merror    [0m] [1mRedis ¡¨Ω”—È÷§ ß∞‹ (PING)           [0m [[0m[1m[34mai_werewolf_core.utils.redis_client[0m][0m [36merror[0m=[35m"Error while reading from 192.168.100.128:6379 : (22, '÷∏∂®µƒÕ¯¬Á√˚≤ª‘Ÿø…”√°£', None, 64, None)"[0m [36mhost[0m=[35m192.168.100.128[0m [36mport[0m=[35m6379[0m
Traceback (most recent call last):
  File "F:\py\Lib\asyncio\windows_events.py", line 463, in finish_socket_func
    return ov.getresult()
           ~~~~~~~~~~~~^^
OSError: [WinError 64] ÷∏∂®µƒÕ¯¬Á√˚≤ª‘Ÿø…”√°£

During handling of the above exception, another exception occurred:

Traceback (most recent call last):
  File "F:\py\Lib\site-packages\redis\asyncio\connection.py", line 725, in read_response
    response = await self._parser.read_response(
               ^^^^^^^^^^^^^^^^^^^^^^^^^^^^^^^^^
        disable_decoding=disable_decoding
        ^^^^^^^^^^^^^^^^^^^^^^^^^^^^^^^^^
    )
    ^
  File "F:\py\Lib\site-packages\redis\_parsers\resp2.py", line 82, in read_response
    response = await self._read_response(disable_decoding=disable_decoding)
               ^^^^^^^^^^^^^^^^^^^^^^^^^^^^^^^^^^^^^^^^^^^^^^^^^^^^^^^^^^^^
  File "F:\py\Lib\site-packages\redis\_parsers\resp2.py", line 90, in _read_response
    raw = await self._readline()
          ^^^^^^^^^^^^^^^^^^^^^^
  File "F:\py\Lib\site-packages\redis\_parsers\base.py", line 559, in _readline
    data = await self._stream.readline()
           ^^^^^^^^^^^^^^^^^^^^^^^^^^^^^
  File "F:\py\Lib\asyncio\streams.py", line 562, in readline
    line = await self.readuntil(sep)
           ^^^^^^^^^^^^^^^^^^^^^^^^^
  File "F:\py\Lib\asyncio\streams.py", line 677, in readuntil
    await self._wait_for_data('readuntil')
  File "F:\py\Lib\asyncio\streams.py", line 539, in _wait_for_data
    await self._waiter
  File "F:\py\Lib\asyncio\proactor_events.py", line 286, in _loop_reading
    length = fut.result()
  File "F:\py\Lib\asyncio\windows_events.py", line 804, in _poll
    value = callback(transferred, key, ov)
  File "F:\py\Lib\asyncio\windows_events.py", line 467, in finish_socket_func
    raise ConnectionResetError(*exc.args)
ConnectionResetError: [WinError 64] ÷∏∂®µƒÕ¯¬Á√˚≤ª‘Ÿø…”√°£

During handling of the above exception, another exception occurred:

Traceback (most recent call last):
  File "F:\YilenaCode\Werewolf\ai_werewolf_core\utils\redis_client.py", line 128, in get_client
    await cls._client.ping()
  File "F:\py\Lib\site-packages\redis\asyncio\client.py", line 764, in execute_command
    conn = self.connection or await pool.get_connection()
                              ^^^^^^^^^^^^^^^^^^^^^^^^^^^
  File "F:\py\Lib\site-packages\redis\utils.py", line 227, in async_wrapper
    return await func(*args, **kwargs)
           ^^^^^^^^^^^^^^^^^^^^^^^^^^^
  File "F:\py\Lib\site-packages\redis\asyncio\connection.py", line 1351, in get_connection
    await self.ensure_connection(connection)
  File "F:\py\Lib\site-packages\redis\asyncio\connection.py", line 1390, in ensure_connection
    await connection.connect()
  File "F:\py\Lib\site-packages\redis\asyncio\connection.py", line 339, in connect
    await self.retry.call_with_retry(
    ...<7 lines>...
    )
  File "F:\py\Lib\site-packages\redis\asyncio\retry.py", line 81, in call_with_retry
    raise error
  File "F:\py\Lib\site-packages\redis\asyncio\retry.py", line 69, in call_with_retry
    return await do()
           ^^^^^^^^^^
  File "F:\py\Lib\site-packages\redis\asyncio\connection.py", line 403, in connect_check_health
    await self.on_connect_check_health(check_health=check_health)
  File "F:\py\Lib\site-packages\redis\asyncio\connection.py", line 560, in on_connect_check_health
    await self.read_response()
  File "F:\py\Lib\site-packages\redis\asyncio\connection.py", line 747, in read_response
    raise ConnectionError(f"Error while reading from {host_error} : {e.args}")
redis.exceptions.ConnectionError: Error while reading from 192.168.100.128:6379 : (22, '÷∏∂®µƒÕ¯¬Á√˚≤ª‘Ÿø…”√°£', None, 64, None)
------------------------------ Captured log call ------------------------------
DEBUG    ai_werewolf_core.utils.redis_client:redis_client.py:243 {'max_connections': 300, 'socket_timeout': 10, 'event': 'Redis ¡¨Ω”≥ÿ“—¥¥Ω®', 'level': 'debug', 'logger': 'ai_werewolf_core.utils.redis_client', 'timestamp': '2026-05-14T21:32:49.135672+08:00'}
ERROR    ai_werewolf_core.utils.redis_client:redis_client.py:130 {'host': '192.168.100.128', 'port': 6379, 'error': "Error while reading from 192.168.100.128:6379 : (22, '÷∏∂®µƒÕ¯¬Á√˚≤ª‘Ÿø…”√°£', None, 64, None)", 'event': 'Redis ¡¨Ω”—È÷§ ß∞‹ (PING)', 'level': 'error', 'logger': 'ai_werewolf_core.utils.redis_client', 'timestamp': '2026-05-14T21:32:54.138557+08:00', 'exception': 'Traceback (most recent call last):\n  File "F:\\py\\Lib\\asyncio\\windows_events.py", line 463, in finish_socket_func\n    return ov.getresult()\n           ~~~~~~~~~~~~^^\nOSError: [WinError 64] ÷∏∂®µƒÕ¯¬Á√˚≤ª‘Ÿø…”√°£\n\nDuring handling of the above exception, another exception occurred:\n\nTraceback (most recent call last):\n  File "F:\\py\\Lib\\site-packages\\redis\\asyncio\\connection.py", line 725, in read_response\n    response = await self._parser.read_response(\n               ^^^^^^^^^^^^^^^^^^^^^^^^^^^^^^^^^\n        disable_decoding=disable_decoding\n        ^^^^^^^^^^^^^^^^^^^^^^^^^^^^^^^^^\n    )\n    ^\n  File "F:\\py\\Lib\\site-packages\\redis\\_parsers\\resp2.py", line 82, in read_response\n    response = await self._read_response(disable_decoding=disable_decoding)\n               ^^^^^^^^^^^^^^^^^^^^^^^^^^^^^^^^^^^^^^^^^^^^^^^^^^^^^^^^^^^^\n  File "F:\\py\\Lib\\site-packages\\redis\\_parsers\\resp2.py", line 90, in _read_response\n    raw = await self._readline()\n          ^^^^^^^^^^^^^^^^^^^^^^\n  File "F:\\py\\Lib\\site-packages\\redis\\_parsers\\base.py", line 559, in _readline\n    data = await self._stream.readline()\n           ^^^^^^^^^^^^^^^^^^^^^^^^^^^^^\n  File "F:\\py\\Lib\\asyncio\\streams.py", line 562, in readline\n    line = await self.readuntil(sep)\n           ^^^^^^^^^^^^^^^^^^^^^^^^^\n  File "F:\\py\\Lib\\asyncio\\streams.py", line 677, in readuntil\n    await self._wait_for_data(\'readuntil\')\n  File "F:\\py\\Lib\\asyncio\\streams.py", line 539, in _wait_for_data\n    await self._waiter\n  File "F:\\py\\Lib\\asyncio\\proactor_events.py", line 286, in _loop_reading\n    length = fut.result()\n  File "F:\\py\\Lib\\asyncio\\windows_events.py", line 804, in _poll\n    value = callback(transferred, key, ov)\n  File "F:\\py\\Lib\\asyncio\\windows_events.py", line 467, in finish_socket_func\n    raise ConnectionResetError(*exc.args)\nConnectionResetError: [WinError 64] ÷∏∂®µƒÕ¯¬Á√˚≤ª‘Ÿø…”√°£\n\nDuring handling of the above exception, another exception occurred:\n\nTraceback (most recent call last):\n  File "F:\\YilenaCode\\Werewolf\\ai_werewolf_core\\utils\\redis_client.py", line 128, in get_client\n    await cls._client.ping()\n  File "F:\\py\\Lib\\site-packages\\redis\\asyncio\\client.py", line 764, in execute_command\n    conn = self.connection or await pool.get_connection()\n                              ^^^^^^^^^^^^^^^^^^^^^^^^^^^\n  File "F:\\py\\Lib\\site-packages\\redis\\utils.py", line 227, in async_wrapper\n    return await func(*args, **kwargs)\n           ^^^^^^^^^^^^^^^^^^^^^^^^^^^\n  File "F:\\py\\Lib\\site-packages\\redis\\asyncio\\connection.py", line 1351, in get_connection\n    await self.ensure_connection(connection)\n  File "F:\\py\\Lib\\site-packages\\redis\\asyncio\\connection.py", line 1390, in ensure_connection\n    await connection.connect()\n  File "F:\\py\\Lib\\site-packages\\redis\\asyncio\\connection.py", line 339, in connect\n    await self.retry.call_with_retry(\n    ...<7 lines>...\n    )\n  File "F:\\py\\Lib\\site-packages\\redis\\asyncio\\retry.py", line 81, in call_with_retry\n    raise error\n  File "F:\\py\\Lib\\site-packages\\redis\\asyncio\\retry.py", line 69, in call_with_retry\n    return await do()\n           ^^^^^^^^^^\n  File "F:\\py\\Lib\\site-packages\\redis\\asyncio\\connection.py", line 403, in connect_check_health\n    await self.on_connect_check_health(check_health=check_health)\n  File "F:\\py\\Lib\\site-packages\\redis\\asyncio\\connection.py", line 560, in on_connect_check_health\n    await self.read_response()\n  File "F:\\py\\Lib\\site-packages\\redis\\asyncio\\connection.py", line 747, in read_response\n    raise ConnectionError(f"Error while reading from {host_error} : {e.args}")\nredis.exceptions.ConnectionError: Error while reading from 192.168.100.128:6379 : (22, \'÷∏∂®µƒÕ¯¬Á√˚≤ª‘Ÿø…”√°£\', None, 64, None)'}
-------------------------- Captured stderr teardown ---------------------------
[2m2026-05-14T21:32:54.280274+08:00[0m [[32m[1mdebug    [0m] [1mRedis ¡¨Ω”≥ÿ“—¥¥Ω®                  [0m [[0m[1m[34mai_werewolf_core.utils.redis_client[0m][0m [36mmax_connections[0m=[35m300[0m [36msocket_timeout[0m=[35m10[0m
[2m2026-05-14T21:32:59.283533+08:00[0m [[31m[1merror    [0m] [1mRedis ¡¨Ω”—È÷§ ß∞‹ (PING)           [0m [[0m[1m[34mai_werewolf_core.utils.redis_client[0m][0m [36merror[0m=[35m"Error while reading from 192.168.100.128:6379 : (22, '÷∏∂®µƒÕ¯¬Á√˚≤ª‘Ÿø…”√°£', None, 64, None)"[0m [36mhost[0m=[35m192.168.100.128[0m [36mport[0m=[35m6379[0m
Traceback (most recent call last):
  File "F:\py\Lib\asyncio\windows_events.py", line 463, in finish_socket_func
    return ov.getresult()
           ~~~~~~~~~~~~^^
OSError: [WinError 64] ÷∏∂®µƒÕ¯¬Á√˚≤ª‘Ÿø…”√°£

During handling of the above exception, another exception occurred:

Traceback (most recent call last):
  File "F:\py\Lib\site-packages\redis\asyncio\connection.py", line 725, in read_response
    response = await self._parser.read_response(
               ^^^^^^^^^^^^^^^^^^^^^^^^^^^^^^^^^
        disable_decoding=disable_decoding
        ^^^^^^^^^^^^^^^^^^^^^^^^^^^^^^^^^
    )
    ^
  File "F:\py\Lib\site-packages\redis\_parsers\resp2.py", line 82, in read_response
    response = await self._read_response(disable_decoding=disable_decoding)
               ^^^^^^^^^^^^^^^^^^^^^^^^^^^^^^^^^^^^^^^^^^^^^^^^^^^^^^^^^^^^
  File "F:\py\Lib\site-packages\redis\_parsers\resp2.py", line 90, in _read_response
    raw = await self._readline()
          ^^^^^^^^^^^^^^^^^^^^^^
  File "F:\py\Lib\site-packages\redis\_parsers\base.py", line 559, in _readline
    data = await self._stream.readline()
           ^^^^^^^^^^^^^^^^^^^^^^^^^^^^^
  File "F:\py\Lib\asyncio\streams.py", line 562, in readline
    line = await self.readuntil(sep)
           ^^^^^^^^^^^^^^^^^^^^^^^^^
  File "F:\py\Lib\asyncio\streams.py", line 677, in readuntil
    await self._wait_for_data('readuntil')
  File "F:\py\Lib\asyncio\streams.py", line 539, in _wait_for_data
    await self._waiter
  File "F:\py\Lib\asyncio\proactor_events.py", line 286, in _loop_reading
    length = fut.result()
  File "F:\py\Lib\asyncio\windows_events.py", line 804, in _poll
    value = callback(transferred, key, ov)
  File "F:\py\Lib\asyncio\windows_events.py", line 467, in finish_socket_func
    raise ConnectionResetError(*exc.args)
ConnectionResetError: [WinError 64] ÷∏∂®µƒÕ¯¬Á√˚≤ª‘Ÿø…”√°£

During handling of the above exception, another exception occurred:

Traceback (most recent call last):
  File "F:\YilenaCode\Werewolf\ai_werewolf_core\utils\redis_client.py", line 128, in get_client
    await cls._client.ping()
  File "F:\py\Lib\site-packages\redis\asyncio\client.py", line 764, in execute_command
    conn = self.connection or await pool.get_connection()
                              ^^^^^^^^^^^^^^^^^^^^^^^^^^^
  File "F:\py\Lib\site-packages\redis\utils.py", line 227, in async_wrapper
    return await func(*args, **kwargs)
           ^^^^^^^^^^^^^^^^^^^^^^^^^^^
  File "F:\py\Lib\site-packages\redis\asyncio\connection.py", line 1351, in get_connection
    await self.ensure_connection(connection)
  File "F:\py\Lib\site-packages\redis\asyncio\connection.py", line 1390, in ensure_connection
    await connection.connect()
  File "F:\py\Lib\site-packages\redis\asyncio\connection.py", line 339, in connect
    await self.retry.call_with_retry(
    ...<7 lines>...
    )
  File "F:\py\Lib\site-packages\redis\asyncio\retry.py", line 81, in call_with_retry
    raise error
  File "F:\py\Lib\site-packages\redis\asyncio\retry.py", line 69, in call_with_retry
    return await do()
           ^^^^^^^^^^
  File "F:\py\Lib\site-packages\redis\asyncio\connection.py", line 403, in connect_check_health
    await self.on_connect_check_health(check_health=check_health)
  File "F:\py\Lib\site-packages\redis\asyncio\connection.py", line 560, in on_connect_check_health
    await self.read_response()
  File "F:\py\Lib\site-packages\redis\asyncio\connection.py", line 747, in read_response
    raise ConnectionError(f"Error while reading from {host_error} : {e.args}")
redis.exceptions.ConnectionError: Error while reading from 192.168.100.128:6379 : (22, '÷∏∂®µƒÕ¯¬Á√˚≤ª‘Ÿø…”√°£', None, 64, None)
[2m2026-05-14T21:32:59.286063+08:00[0m [[31m[1merror    [0m] [1m«Â¿Ì ¬º˛ Stream “Ï≥£                [0m [[0m[1m[34mai_werewolf_core.core.event.bus[0m][0m [36merror[0m=[35m'EventBus Œﬁ∑®ªÒ»° Redis øÕªß∂À'[0m [36mgame_id[0m=[35mNone[0m
Traceback (most recent call last):
  File "F:\py\Lib\asyncio\windows_events.py", line 463, in finish_socket_func
    return ov.getresult()
           ~~~~~~~~~~~~^^
OSError: [WinError 64] ÷∏∂®µƒÕ¯¬Á√˚≤ª‘Ÿø…”√°£

During handling of the above exception, another exception occurred:

Traceback (most recent call last):
  File "F:\py\Lib\site-packages\redis\asyncio\connection.py", line 725, in read_response
    response = await self._parser.read_response(
               ^^^^^^^^^^^^^^^^^^^^^^^^^^^^^^^^^
        disable_decoding=disable_decoding
        ^^^^^^^^^^^^^^^^^^^^^^^^^^^^^^^^^
    )
    ^
  File "F:\py\Lib\site-packages\redis\_parsers\resp2.py", line 82, in read_response
    response = await self._read_response(disable_decoding=disable_decoding)
               ^^^^^^^^^^^^^^^^^^^^^^^^^^^^^^^^^^^^^^^^^^^^^^^^^^^^^^^^^^^^
  File "F:\py\Lib\site-packages\redis\_parsers\resp2.py", line 90, in _read_response
    raw = await self._readline()
          ^^^^^^^^^^^^^^^^^^^^^^
  File "F:\py\Lib\site-packages\redis\_parsers\base.py", line 559, in _readline
    data = await self._stream.readline()
           ^^^^^^^^^^^^^^^^^^^^^^^^^^^^^
  File "F:\py\Lib\asyncio\streams.py", line 562, in readline
    line = await self.readuntil(sep)
           ^^^^^^^^^^^^^^^^^^^^^^^^^
  File "F:\py\Lib\asyncio\streams.py", line 677, in readuntil
    await self._wait_for_data('readuntil')
  File "F:\py\Lib\asyncio\streams.py", line 539, in _wait_for_data
    await self._waiter
  File "F:\py\Lib\asyncio\proactor_events.py", line 286, in _loop_reading
    length = fut.result()
  File "F:\py\Lib\asyncio\windows_events.py", line 804, in _poll
    value = callback(transferred, key, ov)
  File "F:\py\Lib\asyncio\windows_events.py", line 467, in finish_socket_func
    raise ConnectionResetError(*exc.args)
ConnectionResetError: [WinError 64] ÷∏∂®µƒÕ¯¬Á√˚≤ª‘Ÿø…”√°£

During handling of the above exception, another exception occurred:

Traceback (most recent call last):
  File "F:\YilenaCode\Werewolf\ai_werewolf_core\core\event\bus.py", line 111, in _get_redis
    self._redis_client = await RedisClientManager.get_client()
                         ^^^^^^^^^^^^^^^^^^^^^^^^^^^^^^^^^^^^^
  File "F:\YilenaCode\Werewolf\ai_werewolf_core\utils\redis_client.py", line 128, in get_client
    await cls._client.ping()
  File "F:\py\Lib\site-packages\redis\asyncio\client.py", line 764, in execute_command
    conn = self.connection or await pool.get_connection()
                              ^^^^^^^^^^^^^^^^^^^^^^^^^^^
  File "F:\py\Lib\site-packages\redis\utils.py", line 227, in async_wrapper
    return await func(*args, **kwargs)
           ^^^^^^^^^^^^^^^^^^^^^^^^^^^
  File "F:\py\Lib\site-packages\redis\asyncio\connection.py", line 1351, in get_connection
    await self.ensure_connection(connection)
  File "F:\py\Lib\site-packages\redis\asyncio\connection.py", line 1390, in ensure_connection
    await connection.connect()
  File "F:\py\Lib\site-packages\redis\asyncio\connection.py", line 339, in connect
    await self.retry.call_with_retry(
    ...<7 lines>...
    )
  File "F:\py\Lib\site-packages\redis\asyncio\retry.py", line 81, in call_with_retry
    raise error
  File "F:\py\Lib\site-packages\redis\asyncio\retry.py", line 69, in call_with_retry
    return await do()
           ^^^^^^^^^^
  File "F:\py\Lib\site-packages\redis\asyncio\connection.py", line 403, in connect_check_health
    await self.on_connect_check_health(check_health=check_health)
  File "F:\py\Lib\site-packages\redis\asyncio\connection.py", line 560, in on_connect_check_health
    await self.read_response()
  File "F:\py\Lib\site-packages\redis\asyncio\connection.py", line 747, in read_response
    raise ConnectionError(f"Error while reading from {host_error} : {e.args}")
redis.exceptions.ConnectionError: Error while reading from 192.168.100.128:6379 : (22, '÷∏∂®µƒÕ¯¬Á√˚≤ª‘Ÿø…”√°£', None, 64, None)

The above exception was the direct cause of the following exception:

Traceback (most recent call last):
  File "F:\YilenaCode\Werewolf\ai_werewolf_core\core\event\bus.py", line 710, in clear
    redis = await self._get_redis()
            ^^^^^^^^^^^^^^^^^^^^^^^
  File "F:\YilenaCode\Werewolf\ai_werewolf_core\core\event\bus.py", line 114, in _get_redis
    raise RedisUnavailableException(
        "EventBus Œﬁ∑®ªÒ»° Redis øÕªß∂À"
    ) from e
ai_werewolf_core.utils.redis_seq.RedisUnavailableException: EventBus Œﬁ∑®ªÒ»° Redis øÕªß∂À
---------------------------- Captured log teardown ----------------------------
DEBUG    ai_werewolf_core.utils.redis_client:redis_client.py:243 {'max_connections': 300, 'socket_timeout': 10, 'event': 'Redis ¡¨Ω”≥ÿ“—¥¥Ω®', 'level': 'debug', 'logger': 'ai_werewolf_core.utils.redis_client', 'timestamp': '2026-05-14T21:32:54.280274+08:00'}
ERROR    ai_werewolf_core.utils.redis_client:redis_client.py:130 {'host': '192.168.100.128', 'port': 6379, 'error': "Error while reading from 192.168.100.128:6379 : (22, '÷∏∂®µƒÕ¯¬Á√˚≤ª‘Ÿø…”√°£', None, 64, None)", 'event': 'Redis ¡¨Ω”—È÷§ ß∞‹ (PING)', 'level': 'error', 'logger': 'ai_werewolf_core.utils.redis_client', 'timestamp': '2026-05-14T21:32:59.283533+08:00', 'exception': 'Traceback (most recent call last):\n  File "F:\\py\\Lib\\asyncio\\windows_events.py", line 463, in finish_socket_func\n    return ov.getresult()\n           ~~~~~~~~~~~~^^\nOSError: [WinError 64] ÷∏∂®µƒÕ¯¬Á√˚≤ª‘Ÿø…”√°£\n\nDuring handling of the above exception, another exception occurred:\n\nTraceback (most recent call last):\n  File "F:\\py\\Lib\\site-packages\\redis\\asyncio\\connection.py", line 725, in read_response\n    response = await self._parser.read_response(\n               ^^^^^^^^^^^^^^^^^^^^^^^^^^^^^^^^^\n        disable_decoding=disable_decoding\n        ^^^^^^^^^^^^^^^^^^^^^^^^^^^^^^^^^\n    )\n    ^\n  File "F:\\py\\Lib\\site-packages\\redis\\_parsers\\resp2.py", line 82, in read_response\n    response = await self._read_response(disable_decoding=disable_decoding)\n               ^^^^^^^^^^^^^^^^^^^^^^^^^^^^^^^^^^^^^^^^^^^^^^^^^^^^^^^^^^^^\n  File "F:\\py\\Lib\\site-packages\\redis\\_parsers\\resp2.py", line 90, in _read_response\n    raw = await self._readline()\n          ^^^^^^^^^^^^^^^^^^^^^^\n  File "F:\\py\\Lib\\site-packages\\redis\\_parsers\\base.py", line 559, in _readline\n    data = await self._stream.readline()\n           ^^^^^^^^^^^^^^^^^^^^^^^^^^^^^\n  File "F:\\py\\Lib\\asyncio\\streams.py", line 562, in readline\n    line = await self.readuntil(sep)\n           ^^^^^^^^^^^^^^^^^^^^^^^^^\n  File "F:\\py\\Lib\\asyncio\\streams.py", line 677, in readuntil\n    await self._wait_for_data(\'readuntil\')\n  File "F:\\py\\Lib\\asyncio\\streams.py", line 539, in _wait_for_data\n    await self._waiter\n  File "F:\\py\\Lib\\asyncio\\proactor_events.py", line 286, in _loop_reading\n    length = fut.result()\n  File "F:\\py\\Lib\\asyncio\\windows_events.py", line 804, in _poll\n    value = callback(transferred, key, ov)\n  File "F:\\py\\Lib\\asyncio\\windows_events.py", line 467, in finish_socket_func\n    raise ConnectionResetError(*exc.args)\nConnectionResetError: [WinError 64] ÷∏∂®µƒÕ¯¬Á√˚≤ª‘Ÿø…”√°£\n\nDuring handling of the above exception, another exception occurred:\n\nTraceback (most recent call last):\n  File "F:\\YilenaCode\\Werewolf\\ai_werewolf_core\\utils\\redis_client.py", line 128, in get_client\n    await cls._client.ping()\n  File "F:\\py\\Lib\\site-packages\\redis\\asyncio\\client.py", line 764, in execute_command\n    conn = self.connection or await pool.get_connection()\n                              ^^^^^^^^^^^^^^^^^^^^^^^^^^^\n  File "F:\\py\\Lib\\site-packages\\redis\\utils.py", line 227, in async_wrapper\n    return await func(*args, **kwargs)\n           ^^^^^^^^^^^^^^^^^^^^^^^^^^^\n  File "F:\\py\\Lib\\site-packages\\redis\\asyncio\\connection.py", line 1351, in get_connection\n    await self.ensure_connection(connection)\n  File "F:\\py\\Lib\\site-packages\\redis\\asyncio\\connection.py", line 1390, in ensure_connection\n    await connection.connect()\n  File "F:\\py\\Lib\\site-packages\\redis\\asyncio\\connection.py", line 339, in connect\n    await self.retry.call_with_retry(\n    ...<7 lines>...\n    )\n  File "F:\\py\\Lib\\site-packages\\redis\\asyncio\\retry.py", line 81, in call_with_retry\n    raise error\n  File "F:\\py\\Lib\\site-packages\\redis\\asyncio\\retry.py", line 69, in call_with_retry\n    return await do()\n           ^^^^^^^^^^\n  File "F:\\py\\Lib\\site-packages\\redis\\asyncio\\connection.py", line 403, in connect_check_health\n    await self.on_connect_check_health(check_health=check_health)\n  File "F:\\py\\Lib\\site-packages\\redis\\asyncio\\connection.py", line 560, in on_connect_check_health\n    await self.read_response()\n  File "F:\\py\\Lib\\site-packages\\redis\\asyncio\\connection.py", line 747, in read_response\n    raise ConnectionError(f"Error while reading from {host_error} : {e.args}")\nredis.exceptions.ConnectionError: Error while reading from 192.168.100.128:6379 : (22, \'÷∏∂®µƒÕ¯¬Á√˚≤ª‘Ÿø…”√°£\', None, 64, None)'}
ERROR    ai_werewolf_core.core.event.bus:bus.py:741 {'game_id': None, 'error': 'EventBus Œﬁ∑®ªÒ»° Redis øÕªß∂À', 'event': '«Â¿Ì ¬º˛ Stream “Ï≥£', 'level': 'error', 'logger': 'ai_werewolf_core.core.event.bus', 'timestamp': '2026-05-14T21:32:59.286063+08:00', 'exception': 'Traceback (most recent call last):\n  File "F:\\py\\Lib\\asyncio\\windows_events.py", line 463, in finish_socket_func\n    return ov.getresult()\n           ~~~~~~~~~~~~^^\nOSError: [WinError 64] ÷∏∂®µƒÕ¯¬Á√˚≤ª‘Ÿø…”√°£\n\nDuring handling of the above exception, another exception occurred:\n\nTraceback (most recent call last):\n  File "F:\\py\\Lib\\site-packages\\redis\\asyncio\\connection.py", line 725, in read_response\n    response = await self._parser.read_response(\n               ^^^^^^^^^^^^^^^^^^^^^^^^^^^^^^^^^\n        disable_decoding=disable_decoding\n        ^^^^^^^^^^^^^^^^^^^^^^^^^^^^^^^^^\n    )\n    ^\n  File "F:\\py\\Lib\\site-packages\\redis\\_parsers\\resp2.py", line 82, in read_response\n    response = await self._read_response(disable_decoding=disable_decoding)\n               ^^^^^^^^^^^^^^^^^^^^^^^^^^^^^^^^^^^^^^^^^^^^^^^^^^^^^^^^^^^^\n  File "F:\\py\\Lib\\site-packages\\redis\\_parsers\\resp2.py", line 90, in _read_response\n    raw = await self._readline()\n          ^^^^^^^^^^^^^^^^^^^^^^\n  File "F:\\py\\Lib\\site-packages\\redis\\_parsers\\base.py", line 559, in _readline\n    data = await self._stream.readline()\n           ^^^^^^^^^^^^^^^^^^^^^^^^^^^^^\n  File "F:\\py\\Lib\\asyncio\\streams.py", line 562, in readline\n    line = await self.readuntil(sep)\n           ^^^^^^^^^^^^^^^^^^^^^^^^^\n  File "F:\\py\\Lib\\asyncio\\streams.py", line 677, in readuntil\n    await self._wait_for_data(\'readuntil\')\n  File "F:\\py\\Lib\\asyncio\\streams.py", line 539, in _wait_for_data\n    await self._waiter\n  File "F:\\py\\Lib\\asyncio\\proactor_events.py", line 286, in _loop_reading\n    length = fut.result()\n  File "F:\\py\\Lib\\asyncio\\windows_events.py", line 804, in _poll\n    value = callback(transferred, key, ov)\n  File "F:\\py\\Lib\\asyncio\\windows_events.py", line 467, in finish_socket_func\n    raise ConnectionResetError(*exc.args)\nConnectionResetError: [WinError 64] ÷∏∂®µƒÕ¯¬Á√˚≤ª‘Ÿø…”√°£\n\nDuring handling of the above exception, another exception occurred:\n\nTraceback (most recent call last):\n  File "F:\\YilenaCode\\Werewolf\\ai_werewolf_core\\core\\event\\bus.py", line 111, in _get_redis\n    self._redis_client = await RedisClientManager.get_client()\n                         ^^^^^^^^^^^^^^^^^^^^^^^^^^^^^^^^^^^^^\n  File "F:\\YilenaCode\\Werewolf\\ai_werewolf_core\\utils\\redis_client.py", line 128, in get_client\n    await cls._client.ping()\n  File "F:\\py\\Lib\\site-packages\\redis\\asyncio\\client.py", line 764, in execute_command\n    conn = self.connection or await pool.get_connection()\n                              ^^^^^^^^^^^^^^^^^^^^^^^^^^^\n  File "F:\\py\\Lib\\site-packages\\redis\\utils.py", line 227, in async_wrapper\n    return await func(*args, **kwargs)\n           ^^^^^^^^^^^^^^^^^^^^^^^^^^^\n  File "F:\\py\\Lib\\site-packages\\redis\\asyncio\\connection.py", line 1351, in get_connection\n    await self.ensure_connection(connection)\n  File "F:\\py\\Lib\\site-packages\\redis\\asyncio\\connection.py", line 1390, in ensure_connection\n    await connection.connect()\n  File "F:\\py\\Lib\\site-packages\\redis\\asyncio\\connection.py", line 339, in connect\n    await self.retry.call_with_retry(\n    ...<7 lines>...\n    )\n  File "F:\\py\\Lib\\site-packages\\redis\\asyncio\\retry.py", line 81, in call_with_retry\n    raise error\n  File "F:\\py\\Lib\\site-packages\\redis\\asyncio\\retry.py", line 69, in call_with_retry\n    return await do()\n           ^^^^^^^^^^\n  File "F:\\py\\Lib\\site-packages\\redis\\asyncio\\connection.py", line 403, in connect_check_health\n    await self.on_connect_check_health(check_health=check_health)\n  File "F:\\py\\Lib\\site-packages\\redis\\asyncio\\connection.py", line 560, in on_connect_check_health\n    await self.read_response()\n  File "F:\\py\\Lib\\site-packages\\redis\\asyncio\\connection.py", line 747, in read_response\n    raise ConnectionError(f"Error while reading from {host_error} : {e.args}")\nredis.exceptions.ConnectionError: Error while reading from 192.168.100.128:6379 : (22, \'÷∏∂®µƒÕ¯¬Á√˚≤ª‘Ÿø…”√°£\', None, 64, None)\n\nThe above exception was the direct cause of the following exception:\n\nTraceback (most recent call last):\n  File "F:\\YilenaCode\\Werewolf\\ai_werewolf_core\\core\\event\\bus.py", line 710, in clear\n    redis = await self._get_redis()\n            ^^^^^^^^^^^^^^^^^^^^^^^\n  File "F:\\YilenaCode\\Werewolf\\ai_werewolf_core\\core\\event\\bus.py", line 114, in _get_redis\n    raise RedisUnavailableException(\n        "EventBus Œﬁ∑®ªÒ»° Redis øÕªß∂À"\n    ) from e\nai_werewolf_core.utils.redis_seq.RedisUnavailableException: EventBus Œﬁ∑®ªÒ»° Redis øÕªß∂À'}
__________ TestAdvancePhase.test_advance_phase_when_finished_raises ___________

trans = 0, key = 0, ov = <_overlapped.Overlapped object at 0x0000027C3049E670>

    @staticmethod
    def finish_socket_func(trans, key, ov):
        try:
>           return ov.getresult()
                   ^^^^^^^^^^^^^^
E           OSError: [WinError 64] ÷∏∂®µƒÕ¯¬Á√˚≤ª‘Ÿø…”√°£

F:\py\Lib\asyncio\windows_events.py:463: OSError

During handling of the above exception, another exception occurred:

self = <redis.asyncio.connection.Connection(host=192.168.100.128,port=6379,db=1)>
disable_decoding = False, timeout = None

    async def read_response(
        self,
        disable_decoding: bool = False,
        timeout: Optional[float] = None,
        *,
        disconnect_on_error: bool = True,
        push_request: Optional[bool] = False,
    ):
        """Read the response from a previously sent command"""
        read_timeout = timeout if timeout is not None else self.socket_timeout
        host_error = self._host_error()
        try:
            if read_timeout is not None and self.protocol in ["3", 3]:
                async with async_timeout(read_timeout):
                    response = await self._parser.read_response(
                        disable_decoding=disable_decoding, push_request=push_request
                    )
            elif read_timeout is not None:
                async with async_timeout(read_timeout):
>                   response = await self._parser.read_response(
                        disable_decoding=disable_decoding

F:\py\Lib\site-packages\redis\asyncio\connection.py:725: 
_ _ _ _ _ _ _ _ _ _ _ _ _ _ _ _ _ _ _ _ _ _ _ _ _ _ _ _ _ _ _ _ _ _ _ _ _ _ _ _
F:\py\Lib\site-packages\redis\_parsers\resp2.py:82: in read_response
    response = await self._read_response(disable_decoding=disable_decoding)
               ^^^^^^^^^^^^^^^^^^^^^^^^^^^^^^^^^^^^^^^^^^^^^^^^^^^^^^^^^^^^
F:\py\Lib\site-packages\redis\_parsers\resp2.py:90: in _read_response
    raw = await self._readline()
          ^^^^^^^^^^^^^^^^^^^^^^
F:\py\Lib\site-packages\redis\_parsers\base.py:559: in _readline
    data = await self._stream.readline()
           ^^^^^^^^^^^^^^^^^^^^^^^^^^^^^
F:\py\Lib\asyncio\streams.py:562: in readline
    line = await self.readuntil(sep)
           ^^^^^^^^^^^^^^^^^^^^^^^^^
F:\py\Lib\asyncio\streams.py:677: in readuntil
    await self._wait_for_data('readuntil')
F:\py\Lib\asyncio\streams.py:539: in _wait_for_data
    await self._waiter
F:\py\Lib\asyncio\proactor_events.py:286: in _loop_reading
    length = fut.result()
             ^^^^^^^^^^^^
F:\py\Lib\asyncio\windows_events.py:804: in _poll
    value = callback(transferred, key, ov)
            ^^^^^^^^^^^^^^^^^^^^^^^^^^^^^^
_ _ _ _ _ _ _ _ _ _ _ _ _ _ _ _ _ _ _ _ _ _ _ _ _ _ _ _ _ _ _ _ _ _ _ _ _ _ _ _

trans = 0, key = 0, ov = <_overlapped.Overlapped object at 0x0000027C3049E670>

    @staticmethod
    def finish_socket_func(trans, key, ov):
        try:
            return ov.getresult()
        except OSError as exc:
            if exc.winerror in (_overlapped.ERROR_NETNAME_DELETED,
                                _overlapped.ERROR_OPERATION_ABORTED):
>               raise ConnectionResetError(*exc.args)
E               ConnectionResetError: [WinError 64] ÷∏∂®µƒÕ¯¬Á√˚≤ª‘Ÿø…”√°£

F:\py\Lib\asyncio\windows_events.py:467: ConnectionResetError

During handling of the above exception, another exception occurred:

self = <ai_werewolf_core.core.engine.lifecycle.LifecycleManager object at 0x0000027C31EEA740>

    async def _get_redis(self) -> aioredis.Redis:
        """ªÒ»° Redis “Ï≤ΩøÕªß∂À£®¿¡≥ı ºªØ£¨π≤œÌ¡¨Ω”≥ÿ£©°£"""
        if self._redis is None:
            try:
>               self._redis = await RedisClientManager.get_client()
                              ^^^^^^^^^^^^^^^^^^^^^^^^^^^^^^^^^^^^^

ai_werewolf_core\core\engine\lifecycle.py:143: 
_ _ _ _ _ _ _ _ _ _ _ _ _ _ _ _ _ _ _ _ _ _ _ _ _ _ _ _ _ _ _ _ _ _ _ _ _ _ _ _
ai_werewolf_core\utils\redis_client.py:128: in get_client
    await cls._client.ping()
F:\py\Lib\site-packages\redis\asyncio\client.py:764: in execute_command
    conn = self.connection or await pool.get_connection()
                              ^^^^^^^^^^^^^^^^^^^^^^^^^^^
F:\py\Lib\site-packages\redis\utils.py:227: in async_wrapper
    return await func(*args, **kwargs)
           ^^^^^^^^^^^^^^^^^^^^^^^^^^^
F:\py\Lib\site-packages\redis\asyncio\connection.py:1351: in get_connection
    await self.ensure_connection(connection)
F:\py\Lib\site-packages\redis\asyncio\connection.py:1390: in ensure_connection
    await connection.connect()
F:\py\Lib\site-packages\redis\asyncio\connection.py:339: in connect
    await self.retry.call_with_retry(
F:\py\Lib\site-packages\redis\asyncio\retry.py:81: in call_with_retry
    raise error
F:\py\Lib\site-packages\redis\asyncio\retry.py:69: in call_with_retry
    return await do()
           ^^^^^^^^^^
F:\py\Lib\site-packages\redis\asyncio\connection.py:403: in connect_check_health
    await self.on_connect_check_health(check_health=check_health)
F:\py\Lib\site-packages\redis\asyncio\connection.py:560: in on_connect_check_health
    await self.read_response()
_ _ _ _ _ _ _ _ _ _ _ _ _ _ _ _ _ _ _ _ _ _ _ _ _ _ _ _ _ _ _ _ _ _ _ _ _ _ _ _

self = <redis.asyncio.connection.Connection(host=192.168.100.128,port=6379,db=1)>
disable_decoding = False, timeout = None

    async def read_response(
        self,
        disable_decoding: bool = False,
        timeout: Optional[float] = None,
        *,
        disconnect_on_error: bool = True,
        push_request: Optional[bool] = False,
    ):
        """Read the response from a previously sent command"""
        read_timeout = timeout if timeout is not None else self.socket_timeout
        host_error = self._host_error()
        try:
            if read_timeout is not None and self.protocol in ["3", 3]:
                async with async_timeout(read_timeout):
                    response = await self._parser.read_response(
                        disable_decoding=disable_decoding, push_request=push_request
                    )
            elif read_timeout is not None:
                async with async_timeout(read_timeout):
                    response = await self._parser.read_response(
                        disable_decoding=disable_decoding
                    )
            elif self.protocol in ["3", 3]:
                response = await self._parser.read_response(
                    disable_decoding=disable_decoding, push_request=push_request
                )
            else:
                response = await self._parser.read_response(
                    disable_decoding=disable_decoding
                )
        except asyncio.TimeoutError:
            if timeout is not None:
                # user requested timeout, return None. Operation can be retried
                return None
            # it was a self.socket_timeout error.
            if disconnect_on_error:
                await self.disconnect(nowait=True)
            raise TimeoutError(f"Timeout reading from {host_error}")
        except OSError as e:
            if disconnect_on_error:
                await self.disconnect(nowait=True)
>           raise ConnectionError(f"Error while reading from {host_error} : {e.args}")
E           redis.exceptions.ConnectionError: Error while reading from 192.168.100.128:6379 : (22, '÷∏∂®µƒÕ¯¬Á√˚≤ª‘Ÿø…”√°£', None, 64, None)

F:\py\Lib\site-packages\redis\asyncio\connection.py:747: ConnectionError

The above exception was the direct cause of the following exception:

self = <test_lifecycle.TestAdvancePhase object at 0x0000027C303D6650>
lifecycle = <ai_werewolf_core.core.engine.lifecycle.LifecycleManager object at 0x0000027C31EEA740>

    @pytest.mark.asyncio
    async def test_advance_phase_when_finished_raises(self, lifecycle):
        """FINISHED ◊¥Ã¨œ¬Õ∆Ω¯Ω◊∂Œ”¶≈◊≥ˆ GameNotRunnableError°£"""
>       await lifecycle.init_game()

tests\unit\core\engine\test_lifecycle.py:196: 
_ _ _ _ _ _ _ _ _ _ _ _ _ _ _ _ _ _ _ _ _ _ _ _ _ _ _ _ _ _ _ _ _ _ _ _ _ _ _ _
ai_werewolf_core\core\engine\lifecycle.py:420: in init_game
    current_status = await self.get_status()
                     ^^^^^^^^^^^^^^^^^^^^^^^
ai_werewolf_core\core\engine\lifecycle.py:262: in get_status
    status = await self._get_status_from_redis()
             ^^^^^^^^^^^^^^^^^^^^^^^^^^^^^^^^^^^
ai_werewolf_core\core\engine\lifecycle.py:167: in _get_status_from_redis
    redis = await self._get_redis()
            ^^^^^^^^^^^^^^^^^^^^^^^
_ _ _ _ _ _ _ _ _ _ _ _ _ _ _ _ _ _ _ _ _ _ _ _ _ _ _ _ _ _ _ _ _ _ _ _ _ _ _ _

self = <ai_werewolf_core.core.engine.lifecycle.LifecycleManager object at 0x0000027C31EEA740>

    async def _get_redis(self) -> aioredis.Redis:
        """ªÒ»° Redis “Ï≤ΩøÕªß∂À£®¿¡≥ı ºªØ£¨π≤œÌ¡¨Ω”≥ÿ£©°£"""
        if self._redis is None:
            try:
                self._redis = await RedisClientManager.get_client()
                self._logger.debug("LifecycleManager “—ªÒ»°π≤œÌ Redis øÕªß∂À")
            except (aioredis.ConnectionError, aioredis.TimeoutError) as e:
>               raise RedisUnavailableException(
                    f"LifecycleManager Œﬁ∑®ªÒ»° Redis øÕªß∂À: game_id={self.game_id}"
                ) from e
E               ai_werewolf_core.utils.redis_seq.RedisUnavailableException: LifecycleManager Œﬁ∑®ªÒ»° Redis øÕªß∂À: game_id=test_lifecycle_f5dcddcc35ba41fb9c262ec810a98d71

ai_werewolf_core\core\engine\lifecycle.py:146: RedisUnavailableException
---------------------------- Captured stderr setup ----------------------------
[2m2026-05-14T21:32:59.288688+08:00[0m [[32m[1mdebug    [0m] [1mglobal_subscribe              [0m [[0m[1m[34mai_werewolf_core.core.event.bus[0m][0m [36mhandler[0m=[35m_default_log_subscriber[0m
[2m2026-05-14T21:32:59.288814+08:00[0m [[32m[1mdebug    [0m] [1mglobal_subscribe              [0m [[0m[1m[34mai_werewolf_core.core.event.bus[0m][0m [36mhandler[0m=[35m_persist_to_db[0m
----------------------------- Captured log setup ------------------------------
DEBUG    ai_werewolf_core.core.event.bus:bus.py:519 {'handler': '_default_log_subscriber', 'event': 'global_subscribe', 'level': 'debug', 'logger': 'ai_werewolf_core.core.event.bus', 'timestamp': '2026-05-14T21:32:59.288688+08:00'}
DEBUG    ai_werewolf_core.core.event.bus:bus.py:519 {'handler': '_persist_to_db', 'event': 'global_subscribe', 'level': 'debug', 'logger': 'ai_werewolf_core.core.event.bus', 'timestamp': '2026-05-14T21:32:59.288814+08:00'}
---------------------------- Captured stderr call -----------------------------
[2m2026-05-14T21:32:59.289440+08:00[0m [[32m[1minfo     [0m] [1mgame_init                     [0m [[0m[1m[34mai_werewolf_core.core.engine.lifecycle[0m][0m [36mgame_id[0m=[35mtest_lifecycle_f5dcddcc35ba41fb9c262ec810a98d71[0m [36mmodule[0m=[35mLifecycleManager[0m
[2m2026-05-14T21:32:59.289584+08:00[0m [[32m[1mdebug    [0m] [1mRedis ¡¨Ω”≥ÿ“—¥¥Ω®                  [0m [[0m[1m[34mai_werewolf_core.utils.redis_client[0m][0m [36mmax_connections[0m=[35m300[0m [36msocket_timeout[0m=[35m10[0m
[2m2026-05-14T21:33:04.292868+08:00[0m [[31m[1merror    [0m] [1mRedis ¡¨Ω”—È÷§ ß∞‹ (PING)           [0m [[0m[1m[34mai_werewolf_core.utils.redis_client[0m][0m [36merror[0m=[35m"Error while reading from 192.168.100.128:6379 : (22, '÷∏∂®µƒÕ¯¬Á√˚≤ª‘Ÿø…”√°£', None, 64, None)"[0m [36mhost[0m=[35m192.168.100.128[0m [36mport[0m=[35m6379[0m
Traceback (most recent call last):
  File "F:\py\Lib\asyncio\windows_events.py", line 463, in finish_socket_func
    return ov.getresult()
           ~~~~~~~~~~~~^^
OSError: [WinError 64] ÷∏∂®µƒÕ¯¬Á√˚≤ª‘Ÿø…”√°£

During handling of the above exception, another exception occurred:

Traceback (most recent call last):
  File "F:\py\Lib\site-packages\redis\asyncio\connection.py", line 725, in read_response
    response = await self._parser.read_response(
               ^^^^^^^^^^^^^^^^^^^^^^^^^^^^^^^^^
        disable_decoding=disable_decoding
        ^^^^^^^^^^^^^^^^^^^^^^^^^^^^^^^^^
    )
    ^
  File "F:\py\Lib\site-packages\redis\_parsers\resp2.py", line 82, in read_response
    response = await self._read_response(disable_decoding=disable_decoding)
               ^^^^^^^^^^^^^^^^^^^^^^^^^^^^^^^^^^^^^^^^^^^^^^^^^^^^^^^^^^^^
  File "F:\py\Lib\site-packages\redis\_parsers\resp2.py", line 90, in _read_response
    raw = await self._readline()
          ^^^^^^^^^^^^^^^^^^^^^^
  File "F:\py\Lib\site-packages\redis\_parsers\base.py", line 559, in _readline
    data = await self._stream.readline()
           ^^^^^^^^^^^^^^^^^^^^^^^^^^^^^
  File "F:\py\Lib\asyncio\streams.py", line 562, in readline
    line = await self.readuntil(sep)
           ^^^^^^^^^^^^^^^^^^^^^^^^^
  File "F:\py\Lib\asyncio\streams.py", line 677, in readuntil
    await self._wait_for_data('readuntil')
  File "F:\py\Lib\asyncio\streams.py", line 539, in _wait_for_data
    await self._waiter
  File "F:\py\Lib\asyncio\proactor_events.py", line 286, in _loop_reading
    length = fut.result()
  File "F:\py\Lib\asyncio\windows_events.py", line 804, in _poll
    value = callback(transferred, key, ov)
  File "F:\py\Lib\asyncio\windows_events.py", line 467, in finish_socket_func
    raise ConnectionResetError(*exc.args)
ConnectionResetError: [WinError 64] ÷∏∂®µƒÕ¯¬Á√˚≤ª‘Ÿø…”√°£

During handling of the above exception, another exception occurred:

Traceback (most recent call last):
  File "F:\YilenaCode\Werewolf\ai_werewolf_core\utils\redis_client.py", line 128, in get_client
    await cls._client.ping()
  File "F:\py\Lib\site-packages\redis\asyncio\client.py", line 764, in execute_command
    conn = self.connection or await pool.get_connection()
                              ^^^^^^^^^^^^^^^^^^^^^^^^^^^
  File "F:\py\Lib\site-packages\redis\utils.py", line 227, in async_wrapper
    return await func(*args, **kwargs)
           ^^^^^^^^^^^^^^^^^^^^^^^^^^^
  File "F:\py\Lib\site-packages\redis\asyncio\connection.py", line 1351, in get_connection
    await self.ensure_connection(connection)
  File "F:\py\Lib\site-packages\redis\asyncio\connection.py", line 1390, in ensure_connection
    await connection.connect()
  File "F:\py\Lib\site-packages\redis\asyncio\connection.py", line 339, in connect
    await self.retry.call_with_retry(
    ...<7 lines>...
    )
  File "F:\py\Lib\site-packages\redis\asyncio\retry.py", line 81, in call_with_retry
    raise error
  File "F:\py\Lib\site-packages\redis\asyncio\retry.py", line 69, in call_with_retry
    return await do()
           ^^^^^^^^^^
  File "F:\py\Lib\site-packages\redis\asyncio\connection.py", line 403, in connect_check_health
    await self.on_connect_check_health(check_health=check_health)
  File "F:\py\Lib\site-packages\redis\asyncio\connection.py", line 560, in on_connect_check_health
    await self.read_response()
  File "F:\py\Lib\site-packages\redis\asyncio\connection.py", line 747, in read_response
    raise ConnectionError(f"Error while reading from {host_error} : {e.args}")
redis.exceptions.ConnectionError: Error while reading from 192.168.100.128:6379 : (22, '÷∏∂®µƒÕ¯¬Á√˚≤ª‘Ÿø…”√°£', None, 64, None)
------------------------------ Captured log call ------------------------------
INFO     ai_werewolf_core.core.engine.lifecycle:lifecycle.py:418 {'game_id': 'test_lifecycle_f5dcddcc35ba41fb9c262ec810a98d71', 'module': 'LifecycleManager', 'event': 'game_init', 'level': 'info', 'logger': 'ai_werewolf_core.core.engine.lifecycle', 'timestamp': '2026-05-14T21:32:59.289440+08:00'}
DEBUG    ai_werewolf_core.utils.redis_client:redis_client.py:243 {'max_connections': 300, 'socket_timeout': 10, 'event': 'Redis ¡¨Ω”≥ÿ“—¥¥Ω®', 'level': 'debug', 'logger': 'ai_werewolf_core.utils.redis_client', 'timestamp': '2026-05-14T21:32:59.289584+08:00'}
ERROR    ai_werewolf_core.utils.redis_client:redis_client.py:130 {'host': '192.168.100.128', 'port': 6379, 'error': "Error while reading from 192.168.100.128:6379 : (22, '÷∏∂®µƒÕ¯¬Á√˚≤ª‘Ÿø…”√°£', None, 64, None)", 'event': 'Redis ¡¨Ω”—È÷§ ß∞‹ (PING)', 'level': 'error', 'logger': 'ai_werewolf_core.utils.redis_client', 'timestamp': '2026-05-14T21:33:04.292868+08:00', 'exception': 'Traceback (most recent call last):\n  File "F:\\py\\Lib\\asyncio\\windows_events.py", line 463, in finish_socket_func\n    return ov.getresult()\n           ~~~~~~~~~~~~^^\nOSError: [WinError 64] ÷∏∂®µƒÕ¯¬Á√˚≤ª‘Ÿø…”√°£\n\nDuring handling of the above exception, another exception occurred:\n\nTraceback (most recent call last):\n  File "F:\\py\\Lib\\site-packages\\redis\\asyncio\\connection.py", line 725, in read_response\n    response = await self._parser.read_response(\n               ^^^^^^^^^^^^^^^^^^^^^^^^^^^^^^^^^\n        disable_decoding=disable_decoding\n        ^^^^^^^^^^^^^^^^^^^^^^^^^^^^^^^^^\n    )\n    ^\n  File "F:\\py\\Lib\\site-packages\\redis\\_parsers\\resp2.py", line 82, in read_response\n    response = await self._read_response(disable_decoding=disable_decoding)\n               ^^^^^^^^^^^^^^^^^^^^^^^^^^^^^^^^^^^^^^^^^^^^^^^^^^^^^^^^^^^^\n  File "F:\\py\\Lib\\site-packages\\redis\\_parsers\\resp2.py", line 90, in _read_response\n    raw = await self._readline()\n          ^^^^^^^^^^^^^^^^^^^^^^\n  File "F:\\py\\Lib\\site-packages\\redis\\_parsers\\base.py", line 559, in _readline\n    data = await self._stream.readline()\n           ^^^^^^^^^^^^^^^^^^^^^^^^^^^^^\n  File "F:\\py\\Lib\\asyncio\\streams.py", line 562, in readline\n    line = await self.readuntil(sep)\n           ^^^^^^^^^^^^^^^^^^^^^^^^^\n  File "F:\\py\\Lib\\asyncio\\streams.py", line 677, in readuntil\n    await self._wait_for_data(\'readuntil\')\n  File "F:\\py\\Lib\\asyncio\\streams.py", line 539, in _wait_for_data\n    await self._waiter\n  File "F:\\py\\Lib\\asyncio\\proactor_events.py", line 286, in _loop_reading\n    length = fut.result()\n  File "F:\\py\\Lib\\asyncio\\windows_events.py", line 804, in _poll\n    value = callback(transferred, key, ov)\n  File "F:\\py\\Lib\\asyncio\\windows_events.py", line 467, in finish_socket_func\n    raise ConnectionResetError(*exc.args)\nConnectionResetError: [WinError 64] ÷∏∂®µƒÕ¯¬Á√˚≤ª‘Ÿø…”√°£\n\nDuring handling of the above exception, another exception occurred:\n\nTraceback (most recent call last):\n  File "F:\\YilenaCode\\Werewolf\\ai_werewolf_core\\utils\\redis_client.py", line 128, in get_client\n    await cls._client.ping()\n  File "F:\\py\\Lib\\site-packages\\redis\\asyncio\\client.py", line 764, in execute_command\n    conn = self.connection or await pool.get_connection()\n                              ^^^^^^^^^^^^^^^^^^^^^^^^^^^\n  File "F:\\py\\Lib\\site-packages\\redis\\utils.py", line 227, in async_wrapper\n    return await func(*args, **kwargs)\n           ^^^^^^^^^^^^^^^^^^^^^^^^^^^\n  File "F:\\py\\Lib\\site-packages\\redis\\asyncio\\connection.py", line 1351, in get_connection\n    await self.ensure_connection(connection)\n  File "F:\\py\\Lib\\site-packages\\redis\\asyncio\\connection.py", line 1390, in ensure_connection\n    await connection.connect()\n  File "F:\\py\\Lib\\site-packages\\redis\\asyncio\\connection.py", line 339, in connect\n    await self.retry.call_with_retry(\n    ...<7 lines>...\n    )\n  File "F:\\py\\Lib\\site-packages\\redis\\asyncio\\retry.py", line 81, in call_with_retry\n    raise error\n  File "F:\\py\\Lib\\site-packages\\redis\\asyncio\\retry.py", line 69, in call_with_retry\n    return await do()\n           ^^^^^^^^^^\n  File "F:\\py\\Lib\\site-packages\\redis\\asyncio\\connection.py", line 403, in connect_check_health\n    await self.on_connect_check_health(check_health=check_health)\n  File "F:\\py\\Lib\\site-packages\\redis\\asyncio\\connection.py", line 560, in on_connect_check_health\n    await self.read_response()\n  File "F:\\py\\Lib\\site-packages\\redis\\asyncio\\connection.py", line 747, in read_response\n    raise ConnectionError(f"Error while reading from {host_error} : {e.args}")\nredis.exceptions.ConnectionError: Error while reading from 192.168.100.128:6379 : (22, \'÷∏∂®µƒÕ¯¬Á√˚≤ª‘Ÿø…”√°£\', None, 64, None)'}
-------------------------- Captured stderr teardown ---------------------------
[2m2026-05-14T21:33:04.446927+08:00[0m [[32m[1mdebug    [0m] [1mRedis ¡¨Ω”≥ÿ“—¥¥Ω®                  [0m [[0m[1m[34mai_werewolf_core.utils.redis_client[0m][0m [36mmax_connections[0m=[35m300[0m [36msocket_timeout[0m=[35m10[0m
[2m2026-05-14T21:33:09.449685+08:00[0m [[31m[1merror    [0m] [1mRedis ¡¨Ω”—È÷§ ß∞‹ (PING)           [0m [[0m[1m[34mai_werewolf_core.utils.redis_client[0m][0m [36merror[0m=[35m"Error while reading from 192.168.100.128:6379 : (22, '÷∏∂®µƒÕ¯¬Á√˚≤ª‘Ÿø…”√°£', None, 64, None)"[0m [36mhost[0m=[35m192.168.100.128[0m [36mport[0m=[35m6379[0m
Traceback (most recent call last):
  File "F:\py\Lib\asyncio\windows_events.py", line 463, in finish_socket_func
    return ov.getresult()
           ~~~~~~~~~~~~^^
OSError: [WinError 64] ÷∏∂®µƒÕ¯¬Á√˚≤ª‘Ÿø…”√°£

During handling of the above exception, another exception occurred:

Traceback (most recent call last):
  File "F:\py\Lib\site-packages\redis\asyncio\connection.py", line 725, in read_response
    response = await self._parser.read_response(
               ^^^^^^^^^^^^^^^^^^^^^^^^^^^^^^^^^
        disable_decoding=disable_decoding
        ^^^^^^^^^^^^^^^^^^^^^^^^^^^^^^^^^
    )
    ^
  File "F:\py\Lib\site-packages\redis\_parsers\resp2.py", line 82, in read_response
    response = await self._read_response(disable_decoding=disable_decoding)
               ^^^^^^^^^^^^^^^^^^^^^^^^^^^^^^^^^^^^^^^^^^^^^^^^^^^^^^^^^^^^
  File "F:\py\Lib\site-packages\redis\_parsers\resp2.py", line 90, in _read_response
    raw = await self._readline()
          ^^^^^^^^^^^^^^^^^^^^^^
  File "F:\py\Lib\site-packages\redis\_parsers\base.py", line 559, in _readline
    data = await self._stream.readline()
           ^^^^^^^^^^^^^^^^^^^^^^^^^^^^^
  File "F:\py\Lib\asyncio\streams.py", line 562, in readline
    line = await self.readuntil(sep)
           ^^^^^^^^^^^^^^^^^^^^^^^^^
  File "F:\py\Lib\asyncio\streams.py", line 677, in readuntil
    await self._wait_for_data('readuntil')
  File "F:\py\Lib\asyncio\streams.py", line 539, in _wait_for_data
    await self._waiter
  File "F:\py\Lib\asyncio\proactor_events.py", line 286, in _loop_reading
    length = fut.result()
  File "F:\py\Lib\asyncio\windows_events.py", line 804, in _poll
    value = callback(transferred, key, ov)
  File "F:\py\Lib\asyncio\windows_events.py", line 467, in finish_socket_func
    raise ConnectionResetError(*exc.args)
ConnectionResetError: [WinError 64] ÷∏∂®µƒÕ¯¬Á√˚≤ª‘Ÿø…”√°£

During handling of the above exception, another exception occurred:

Traceback (most recent call last):
  File "F:\YilenaCode\Werewolf\ai_werewolf_core\utils\redis_client.py", line 128, in get_client
    await cls._client.ping()
  File "F:\py\Lib\site-packages\redis\asyncio\client.py", line 764, in execute_command
    conn = self.connection or await pool.get_connection()
                              ^^^^^^^^^^^^^^^^^^^^^^^^^^^
  File "F:\py\Lib\site-packages\redis\utils.py", line 227, in async_wrapper
    return await func(*args, **kwargs)
           ^^^^^^^^^^^^^^^^^^^^^^^^^^^
  File "F:\py\Lib\site-packages\redis\asyncio\connection.py", line 1351, in get_connection
    await self.ensure_connection(connection)
  File "F:\py\Lib\site-packages\redis\asyncio\connection.py", line 1390, in ensure_connection
    await connection.connect()
  File "F:\py\Lib\site-packages\redis\asyncio\connection.py", line 339, in connect
    await self.retry.call_with_retry(
    ...<7 lines>...
    )
  File "F:\py\Lib\site-packages\redis\asyncio\retry.py", line 81, in call_with_retry
    raise error
  File "F:\py\Lib\site-packages\redis\asyncio\retry.py", line 69, in call_with_retry
    return await do()
           ^^^^^^^^^^
  File "F:\py\Lib\site-packages\redis\asyncio\connection.py", line 403, in connect_check_health
    await self.on_connect_check_health(check_health=check_health)
  File "F:\py\Lib\site-packages\redis\asyncio\connection.py", line 560, in on_connect_check_health
    await self.read_response()
  File "F:\py\Lib\site-packages\redis\asyncio\connection.py", line 747, in read_response
    raise ConnectionError(f"Error while reading from {host_error} : {e.args}")
redis.exceptions.ConnectionError: Error while reading from 192.168.100.128:6379 : (22, '÷∏∂®µƒÕ¯¬Á√˚≤ª‘Ÿø…”√°£', None, 64, None)
[2m2026-05-14T21:33:09.452245+08:00[0m [[31m[1merror    [0m] [1m«Â¿Ì ¬º˛ Stream “Ï≥£                [0m [[0m[1m[34mai_werewolf_core.core.event.bus[0m][0m [36merror[0m=[35m'EventBus Œﬁ∑®ªÒ»° Redis øÕªß∂À'[0m [36mgame_id[0m=[35mNone[0m
Traceback (most recent call last):
  File "F:\py\Lib\asyncio\windows_events.py", line 463, in finish_socket_func
    return ov.getresult()
           ~~~~~~~~~~~~^^
OSError: [WinError 64] ÷∏∂®µƒÕ¯¬Á√˚≤ª‘Ÿø…”√°£

During handling of the above exception, another exception occurred:

Traceback (most recent call last):
  File "F:\py\Lib\site-packages\redis\asyncio\connection.py", line 725, in read_response
    response = await self._parser.read_response(
               ^^^^^^^^^^^^^^^^^^^^^^^^^^^^^^^^^
        disable_decoding=disable_decoding
        ^^^^^^^^^^^^^^^^^^^^^^^^^^^^^^^^^
    )
    ^
  File "F:\py\Lib\site-packages\redis\_parsers\resp2.py", line 82, in read_response
    response = await self._read_response(disable_decoding=disable_decoding)
               ^^^^^^^^^^^^^^^^^^^^^^^^^^^^^^^^^^^^^^^^^^^^^^^^^^^^^^^^^^^^
  File "F:\py\Lib\site-packages\redis\_parsers\resp2.py", line 90, in _read_response
    raw = await self._readline()
          ^^^^^^^^^^^^^^^^^^^^^^
  File "F:\py\Lib\site-packages\redis\_parsers\base.py", line 559, in _readline
    data = await self._stream.readline()
           ^^^^^^^^^^^^^^^^^^^^^^^^^^^^^
  File "F:\py\Lib\asyncio\streams.py", line 562, in readline
    line = await self.readuntil(sep)
           ^^^^^^^^^^^^^^^^^^^^^^^^^
  File "F:\py\Lib\asyncio\streams.py", line 677, in readuntil
    await self._wait_for_data('readuntil')
  File "F:\py\Lib\asyncio\streams.py", line 539, in _wait_for_data
    await self._waiter
  File "F:\py\Lib\asyncio\proactor_events.py", line 286, in _loop_reading
    length = fut.result()
  File "F:\py\Lib\asyncio\windows_events.py", line 804, in _poll
    value = callback(transferred, key, ov)
  File "F:\py\Lib\asyncio\windows_events.py", line 467, in finish_socket_func
    raise ConnectionResetError(*exc.args)
ConnectionResetError: [WinError 64] ÷∏∂®µƒÕ¯¬Á√˚≤ª‘Ÿø…”√°£

During handling of the above exception, another exception occurred:

Traceback (most recent call last):
  File "F:\YilenaCode\Werewolf\ai_werewolf_core\core\event\bus.py", line 111, in _get_redis
    self._redis_client = await RedisClientManager.get_client()
                         ^^^^^^^^^^^^^^^^^^^^^^^^^^^^^^^^^^^^^
  File "F:\YilenaCode\Werewolf\ai_werewolf_core\utils\redis_client.py", line 128, in get_client
    await cls._client.ping()
  File "F:\py\Lib\site-packages\redis\asyncio\client.py", line 764, in execute_command
    conn = self.connection or await pool.get_connection()
                              ^^^^^^^^^^^^^^^^^^^^^^^^^^^
  File "F:\py\Lib\site-packages\redis\utils.py", line 227, in async_wrapper
    return await func(*args, **kwargs)
           ^^^^^^^^^^^^^^^^^^^^^^^^^^^
  File "F:\py\Lib\site-packages\redis\asyncio\connection.py", line 1351, in get_connection
    await self.ensure_connection(connection)
  File "F:\py\Lib\site-packages\redis\asyncio\connection.py", line 1390, in ensure_connection
    await connection.connect()
  File "F:\py\Lib\site-packages\redis\asyncio\connection.py", line 339, in connect
    await self.retry.call_with_retry(
    ...<7 lines>...
    )
  File "F:\py\Lib\site-packages\redis\asyncio\retry.py", line 81, in call_with_retry
    raise error
  File "F:\py\Lib\site-packages\redis\asyncio\retry.py", line 69, in call_with_retry
    return await do()
           ^^^^^^^^^^
  File "F:\py\Lib\site-packages\redis\asyncio\connection.py", line 403, in connect_check_health
    await self.on_connect_check_health(check_health=check_health)
  File "F:\py\Lib\site-packages\redis\asyncio\connection.py", line 560, in on_connect_check_health
    await self.read_response()
  File "F:\py\Lib\site-packages\redis\asyncio\connection.py", line 747, in read_response
    raise ConnectionError(f"Error while reading from {host_error} : {e.args}")
redis.exceptions.ConnectionError: Error while reading from 192.168.100.128:6379 : (22, '÷∏∂®µƒÕ¯¬Á√˚≤ª‘Ÿø…”√°£', None, 64, None)

The above exception was the direct cause of the following exception:

Traceback (most recent call last):
  File "F:\YilenaCode\Werewolf\ai_werewolf_core\core\event\bus.py", line 710, in clear
    redis = await self._get_redis()
            ^^^^^^^^^^^^^^^^^^^^^^^
  File "F:\YilenaCode\Werewolf\ai_werewolf_core\core\event\bus.py", line 114, in _get_redis
    raise RedisUnavailableException(
        "EventBus Œﬁ∑®ªÒ»° Redis øÕªß∂À"
    ) from e
ai_werewolf_core.utils.redis_seq.RedisUnavailableException: EventBus Œﬁ∑®ªÒ»° Redis øÕªß∂À
---------------------------- Captured log teardown ----------------------------
DEBUG    ai_werewolf_core.utils.redis_client:redis_client.py:243 {'max_connections': 300, 'socket_timeout': 10, 'event': 'Redis ¡¨Ω”≥ÿ“—¥¥Ω®', 'level': 'debug', 'logger': 'ai_werewolf_core.utils.redis_client', 'timestamp': '2026-05-14T21:33:04.446927+08:00'}
ERROR    ai_werewolf_core.utils.redis_client:redis_client.py:130 {'host': '192.168.100.128', 'port': 6379, 'error': "Error while reading from 192.168.100.128:6379 : (22, '÷∏∂®µƒÕ¯¬Á√˚≤ª‘Ÿø…”√°£', None, 64, None)", 'event': 'Redis ¡¨Ω”—È÷§ ß∞‹ (PING)', 'level': 'error', 'logger': 'ai_werewolf_core.utils.redis_client', 'timestamp': '2026-05-14T21:33:09.449685+08:00', 'exception': 'Traceback (most recent call last):\n  File "F:\\py\\Lib\\asyncio\\windows_events.py", line 463, in finish_socket_func\n    return ov.getresult()\n           ~~~~~~~~~~~~^^\nOSError: [WinError 64] ÷∏∂®µƒÕ¯¬Á√˚≤ª‘Ÿø…”√°£\n\nDuring handling of the above exception, another exception occurred:\n\nTraceback (most recent call last):\n  File "F:\\py\\Lib\\site-packages\\redis\\asyncio\\connection.py", line 725, in read_response\n    response = await self._parser.read_response(\n               ^^^^^^^^^^^^^^^^^^^^^^^^^^^^^^^^^\n        disable_decoding=disable_decoding\n        ^^^^^^^^^^^^^^^^^^^^^^^^^^^^^^^^^\n    )\n    ^\n  File "F:\\py\\Lib\\site-packages\\redis\\_parsers\\resp2.py", line 82, in read_response\n    response = await self._read_response(disable_decoding=disable_decoding)\n               ^^^^^^^^^^^^^^^^^^^^^^^^^^^^^^^^^^^^^^^^^^^^^^^^^^^^^^^^^^^^\n  File "F:\\py\\Lib\\site-packages\\redis\\_parsers\\resp2.py", line 90, in _read_response\n    raw = await self._readline()\n          ^^^^^^^^^^^^^^^^^^^^^^\n  File "F:\\py\\Lib\\site-packages\\redis\\_parsers\\base.py", line 559, in _readline\n    data = await self._stream.readline()\n           ^^^^^^^^^^^^^^^^^^^^^^^^^^^^^\n  File "F:\\py\\Lib\\asyncio\\streams.py", line 562, in readline\n    line = await self.readuntil(sep)\n           ^^^^^^^^^^^^^^^^^^^^^^^^^\n  File "F:\\py\\Lib\\asyncio\\streams.py", line 677, in readuntil\n    await self._wait_for_data(\'readuntil\')\n  File "F:\\py\\Lib\\asyncio\\streams.py", line 539, in _wait_for_data\n    await self._waiter\n  File "F:\\py\\Lib\\asyncio\\proactor_events.py", line 286, in _loop_reading\n    length = fut.result()\n  File "F:\\py\\Lib\\asyncio\\windows_events.py", line 804, in _poll\n    value = callback(transferred, key, ov)\n  File "F:\\py\\Lib\\asyncio\\windows_events.py", line 467, in finish_socket_func\n    raise ConnectionResetError(*exc.args)\nConnectionResetError: [WinError 64] ÷∏∂®µƒÕ¯¬Á√˚≤ª‘Ÿø…”√°£\n\nDuring handling of the above exception, another exception occurred:\n\nTraceback (most recent call last):\n  File "F:\\YilenaCode\\Werewolf\\ai_werewolf_core\\utils\\redis_client.py", line 128, in get_client\n    await cls._client.ping()\n  File "F:\\py\\Lib\\site-packages\\redis\\asyncio\\client.py", line 764, in execute_command\n    conn = self.connection or await pool.get_connection()\n                              ^^^^^^^^^^^^^^^^^^^^^^^^^^^\n  File "F:\\py\\Lib\\site-packages\\redis\\utils.py", line 227, in async_wrapper\n    return await func(*args, **kwargs)\n           ^^^^^^^^^^^^^^^^^^^^^^^^^^^\n  File "F:\\py\\Lib\\site-packages\\redis\\asyncio\\connection.py", line 1351, in get_connection\n    await self.ensure_connection(connection)\n  File "F:\\py\\Lib\\site-packages\\redis\\asyncio\\connection.py", line 1390, in ensure_connection\n    await connection.connect()\n  File "F:\\py\\Lib\\site-packages\\redis\\asyncio\\connection.py", line 339, in connect\n    await self.retry.call_with_retry(\n    ...<7 lines>...\n    )\n  File "F:\\py\\Lib\\site-packages\\redis\\asyncio\\retry.py", line 81, in call_with_retry\n    raise error\n  File "F:\\py\\Lib\\site-packages\\redis\\asyncio\\retry.py", line 69, in call_with_retry\n    return await do()\n           ^^^^^^^^^^\n  File "F:\\py\\Lib\\site-packages\\redis\\asyncio\\connection.py", line 403, in connect_check_health\n    await self.on_connect_check_health(check_health=check_health)\n  File "F:\\py\\Lib\\site-packages\\redis\\asyncio\\connection.py", line 560, in on_connect_check_health\n    await self.read_response()\n  File "F:\\py\\Lib\\site-packages\\redis\\asyncio\\connection.py", line 747, in read_response\n    raise ConnectionError(f"Error while reading from {host_error} : {e.args}")\nredis.exceptions.ConnectionError: Error while reading from 192.168.100.128:6379 : (22, \'÷∏∂®µƒÕ¯¬Á√˚≤ª‘Ÿø…”√°£\', None, 64, None)'}
ERROR    ai_werewolf_core.core.event.bus:bus.py:741 {'game_id': None, 'error': 'EventBus Œﬁ∑®ªÒ»° Redis øÕªß∂À', 'event': '«Â¿Ì ¬º˛ Stream “Ï≥£', 'level': 'error', 'logger': 'ai_werewolf_core.core.event.bus', 'timestamp': '2026-05-14T21:33:09.452245+08:00', 'exception': 'Traceback (most recent call last):\n  File "F:\\py\\Lib\\asyncio\\windows_events.py", line 463, in finish_socket_func\n    return ov.getresult()\n           ~~~~~~~~~~~~^^\nOSError: [WinError 64] ÷∏∂®µƒÕ¯¬Á√˚≤ª‘Ÿø…”√°£\n\nDuring handling of the above exception, another exception occurred:\n\nTraceback (most recent call last):\n  File "F:\\py\\Lib\\site-packages\\redis\\asyncio\\connection.py", line 725, in read_response\n    response = await self._parser.read_response(\n               ^^^^^^^^^^^^^^^^^^^^^^^^^^^^^^^^^\n        disable_decoding=disable_decoding\n        ^^^^^^^^^^^^^^^^^^^^^^^^^^^^^^^^^\n    )\n    ^\n  File "F:\\py\\Lib\\site-packages\\redis\\_parsers\\resp2.py", line 82, in read_response\n    response = await self._read_response(disable_decoding=disable_decoding)\n               ^^^^^^^^^^^^^^^^^^^^^^^^^^^^^^^^^^^^^^^^^^^^^^^^^^^^^^^^^^^^\n  File "F:\\py\\Lib\\site-packages\\redis\\_parsers\\resp2.py", line 90, in _read_response\n    raw = await self._readline()\n          ^^^^^^^^^^^^^^^^^^^^^^\n  File "F:\\py\\Lib\\site-packages\\redis\\_parsers\\base.py", line 559, in _readline\n    data = await self._stream.readline()\n           ^^^^^^^^^^^^^^^^^^^^^^^^^^^^^\n  File "F:\\py\\Lib\\asyncio\\streams.py", line 562, in readline\n    line = await self.readuntil(sep)\n           ^^^^^^^^^^^^^^^^^^^^^^^^^\n  File "F:\\py\\Lib\\asyncio\\streams.py", line 677, in readuntil\n    await self._wait_for_data(\'readuntil\')\n  File "F:\\py\\Lib\\asyncio\\streams.py", line 539, in _wait_for_data\n    await self._waiter\n  File "F:\\py\\Lib\\asyncio\\proactor_events.py", line 286, in _loop_reading\n    length = fut.result()\n  File "F:\\py\\Lib\\asyncio\\windows_events.py", line 804, in _poll\n    value = callback(transferred, key, ov)\n  File "F:\\py\\Lib\\asyncio\\windows_events.py", line 467, in finish_socket_func\n    raise ConnectionResetError(*exc.args)\nConnectionResetError: [WinError 64] ÷∏∂®µƒÕ¯¬Á√˚≤ª‘Ÿø…”√°£\n\nDuring handling of the above exception, another exception occurred:\n\nTraceback (most recent call last):\n  File "F:\\YilenaCode\\Werewolf\\ai_werewolf_core\\core\\event\\bus.py", line 111, in _get_redis\n    self._redis_client = await RedisClientManager.get_client()\n                         ^^^^^^^^^^^^^^^^^^^^^^^^^^^^^^^^^^^^^\n  File "F:\\YilenaCode\\Werewolf\\ai_werewolf_core\\utils\\redis_client.py", line 128, in get_client\n    await cls._client.ping()\n  File "F:\\py\\Lib\\site-packages\\redis\\asyncio\\client.py", line 764, in execute_command\n    conn = self.connection or await pool.get_connection()\n                              ^^^^^^^^^^^^^^^^^^^^^^^^^^^\n  File "F:\\py\\Lib\\site-packages\\redis\\utils.py", line 227, in async_wrapper\n    return await func(*args, **kwargs)\n           ^^^^^^^^^^^^^^^^^^^^^^^^^^^\n  File "F:\\py\\Lib\\site-packages\\redis\\asyncio\\connection.py", line 1351, in get_connection\n    await self.ensure_connection(connection)\n  File "F:\\py\\Lib\\site-packages\\redis\\asyncio\\connection.py", line 1390, in ensure_connection\n    await connection.connect()\n  File "F:\\py\\Lib\\site-packages\\redis\\asyncio\\connection.py", line 339, in connect\n    await self.retry.call_with_retry(\n    ...<7 lines>...\n    )\n  File "F:\\py\\Lib\\site-packages\\redis\\asyncio\\retry.py", line 81, in call_with_retry\n    raise error\n  File "F:\\py\\Lib\\site-packages\\redis\\asyncio\\retry.py", line 69, in call_with_retry\n    return await do()\n           ^^^^^^^^^^\n  File "F:\\py\\Lib\\site-packages\\redis\\asyncio\\connection.py", line 403, in connect_check_health\n    await self.on_connect_check_health(check_health=check_health)\n  File "F:\\py\\Lib\\site-packages\\redis\\asyncio\\connection.py", line 560, in on_connect_check_health\n    await self.read_response()\n  File "F:\\py\\Lib\\site-packages\\redis\\asyncio\\connection.py", line 747, in read_response\n    raise ConnectionError(f"Error while reading from {host_error} : {e.args}")\nredis.exceptions.ConnectionError: Error while reading from 192.168.100.128:6379 : (22, \'÷∏∂®µƒÕ¯¬Á√˚≤ª‘Ÿø…”√°£\', None, 64, None)\n\nThe above exception was the direct cause of the following exception:\n\nTraceback (most recent call last):\n  File "F:\\YilenaCode\\Werewolf\\ai_werewolf_core\\core\\event\\bus.py", line 710, in clear\n    redis = await self._get_redis()\n            ^^^^^^^^^^^^^^^^^^^^^^^\n  File "F:\\YilenaCode\\Werewolf\\ai_werewolf_core\\core\\event\\bus.py", line 114, in _get_redis\n    raise RedisUnavailableException(\n        "EventBus Œﬁ∑®ªÒ»° Redis øÕªß∂À"\n    ) from e\nai_werewolf_core.utils.redis_seq.RedisUnavailableException: EventBus Œﬁ∑®ªÒ»° Redis øÕªß∂À'}
________ TestAdvancePhase.test_advance_phase_invalid_transition_raises ________

trans = 0, key = 0, ov = <_overlapped.Overlapped object at 0x0000027C3049EEB0>

    @staticmethod
    def finish_socket_func(trans, key, ov):
        try:
>           return ov.getresult()
                   ^^^^^^^^^^^^^^
E           OSError: [WinError 64] ÷∏∂®µƒÕ¯¬Á√˚≤ª‘Ÿø…”√°£

F:\py\Lib\asyncio\windows_events.py:463: OSError

During handling of the above exception, another exception occurred:

self = <redis.asyncio.connection.Connection(host=192.168.100.128,port=6379,db=1)>
disable_decoding = False, timeout = None

    async def read_response(
        self,
        disable_decoding: bool = False,
        timeout: Optional[float] = None,
        *,
        disconnect_on_error: bool = True,
        push_request: Optional[bool] = False,
    ):
        """Read the response from a previously sent command"""
        read_timeout = timeout if timeout is not None else self.socket_timeout
        host_error = self._host_error()
        try:
            if read_timeout is not None and self.protocol in ["3", 3]:
                async with async_timeout(read_timeout):
                    response = await self._parser.read_response(
                        disable_decoding=disable_decoding, push_request=push_request
                    )
            elif read_timeout is not None:
                async with async_timeout(read_timeout):
>                   response = await self._parser.read_response(
                        disable_decoding=disable_decoding

F:\py\Lib\site-packages\redis\asyncio\connection.py:725: 
_ _ _ _ _ _ _ _ _ _ _ _ _ _ _ _ _ _ _ _ _ _ _ _ _ _ _ _ _ _ _ _ _ _ _ _ _ _ _ _
F:\py\Lib\site-packages\redis\_parsers\resp2.py:82: in read_response
    response = await self._read_response(disable_decoding=disable_decoding)
               ^^^^^^^^^^^^^^^^^^^^^^^^^^^^^^^^^^^^^^^^^^^^^^^^^^^^^^^^^^^^
F:\py\Lib\site-packages\redis\_parsers\resp2.py:90: in _read_response
    raw = await self._readline()
          ^^^^^^^^^^^^^^^^^^^^^^
F:\py\Lib\site-packages\redis\_parsers\base.py:559: in _readline
    data = await self._stream.readline()
           ^^^^^^^^^^^^^^^^^^^^^^^^^^^^^
F:\py\Lib\asyncio\streams.py:562: in readline
    line = await self.readuntil(sep)
           ^^^^^^^^^^^^^^^^^^^^^^^^^
F:\py\Lib\asyncio\streams.py:677: in readuntil
    await self._wait_for_data('readuntil')
F:\py\Lib\asyncio\streams.py:539: in _wait_for_data
    await self._waiter
F:\py\Lib\asyncio\proactor_events.py:286: in _loop_reading
    length = fut.result()
             ^^^^^^^^^^^^
F:\py\Lib\asyncio\windows_events.py:804: in _poll
    value = callback(transferred, key, ov)
            ^^^^^^^^^^^^^^^^^^^^^^^^^^^^^^
_ _ _ _ _ _ _ _ _ _ _ _ _ _ _ _ _ _ _ _ _ _ _ _ _ _ _ _ _ _ _ _ _ _ _ _ _ _ _ _

trans = 0, key = 0, ov = <_overlapped.Overlapped object at 0x0000027C3049EEB0>

    @staticmethod
    def finish_socket_func(trans, key, ov):
        try:
            return ov.getresult()
        except OSError as exc:
            if exc.winerror in (_overlapped.ERROR_NETNAME_DELETED,
                                _overlapped.ERROR_OPERATION_ABORTED):
>               raise ConnectionResetError(*exc.args)
E               ConnectionResetError: [WinError 64] ÷∏∂®µƒÕ¯¬Á√˚≤ª‘Ÿø…”√°£

F:\py\Lib\asyncio\windows_events.py:467: ConnectionResetError

During handling of the above exception, another exception occurred:

self = <ai_werewolf_core.core.engine.lifecycle.LifecycleManager object at 0x0000027C31EE9390>

    async def _get_redis(self) -> aioredis.Redis:
        """ªÒ»° Redis “Ï≤ΩøÕªß∂À£®¿¡≥ı ºªØ£¨π≤œÌ¡¨Ω”≥ÿ£©°£"""
        if self._redis is None:
            try:
>               self._redis = await RedisClientManager.get_client()
                              ^^^^^^^^^^^^^^^^^^^^^^^^^^^^^^^^^^^^^

ai_werewolf_core\core\engine\lifecycle.py:143: 
_ _ _ _ _ _ _ _ _ _ _ _ _ _ _ _ _ _ _ _ _ _ _ _ _ _ _ _ _ _ _ _ _ _ _ _ _ _ _ _
ai_werewolf_core\utils\redis_client.py:128: in get_client
    await cls._client.ping()
F:\py\Lib\site-packages\redis\asyncio\client.py:764: in execute_command
    conn = self.connection or await pool.get_connection()
                              ^^^^^^^^^^^^^^^^^^^^^^^^^^^
F:\py\Lib\site-packages\redis\utils.py:227: in async_wrapper
    return await func(*args, **kwargs)
           ^^^^^^^^^^^^^^^^^^^^^^^^^^^
F:\py\Lib\site-packages\redis\asyncio\connection.py:1351: in get_connection
    await self.ensure_connection(connection)
F:\py\Lib\site-packages\redis\asyncio\connection.py:1390: in ensure_connection
    await connection.connect()
F:\py\Lib\site-packages\redis\asyncio\connection.py:339: in connect
    await self.retry.call_with_retry(
F:\py\Lib\site-packages\redis\asyncio\retry.py:81: in call_with_retry
    raise error
F:\py\Lib\site-packages\redis\asyncio\retry.py:69: in call_with_retry
    return await do()
           ^^^^^^^^^^
F:\py\Lib\site-packages\redis\asyncio\connection.py:403: in connect_check_health
    await self.on_connect_check_health(check_health=check_health)
F:\py\Lib\site-packages\redis\asyncio\connection.py:560: in on_connect_check_health
    await self.read_response()
_ _ _ _ _ _ _ _ _ _ _ _ _ _ _ _ _ _ _ _ _ _ _ _ _ _ _ _ _ _ _ _ _ _ _ _ _ _ _ _

self = <redis.asyncio.connection.Connection(host=192.168.100.128,port=6379,db=1)>
disable_decoding = False, timeout = None

    async def read_response(
        self,
        disable_decoding: bool = False,
        timeout: Optional[float] = None,
        *,
        disconnect_on_error: bool = True,
        push_request: Optional[bool] = False,
    ):
        """Read the response from a previously sent command"""
        read_timeout = timeout if timeout is not None else self.socket_timeout
        host_error = self._host_error()
        try:
            if read_timeout is not None and self.protocol in ["3", 3]:
                async with async_timeout(read_timeout):
                    response = await self._parser.read_response(
                        disable_decoding=disable_decoding, push_request=push_request
                    )
            elif read_timeout is not None:
                async with async_timeout(read_timeout):
                    response = await self._parser.read_response(
                        disable_decoding=disable_decoding
                    )
            elif self.protocol in ["3", 3]:
                response = await self._parser.read_response(
                    disable_decoding=disable_decoding, push_request=push_request
                )
            else:
                response = await self._parser.read_response(
                    disable_decoding=disable_decoding
                )
        except asyncio.TimeoutError:
            if timeout is not None:
                # user requested timeout, return None. Operation can be retried
                return None
            # it was a self.socket_timeout error.
            if disconnect_on_error:
                await self.disconnect(nowait=True)
            raise TimeoutError(f"Timeout reading from {host_error}")
        except OSError as e:
            if disconnect_on_error:
                await self.disconnect(nowait=True)
>           raise ConnectionError(f"Error while reading from {host_error} : {e.args}")
E           redis.exceptions.ConnectionError: Error while reading from 192.168.100.128:6379 : (22, '÷∏∂®µƒÕ¯¬Á√˚≤ª‘Ÿø…”√°£', None, 64, None)

F:\py\Lib\site-packages\redis\asyncio\connection.py:747: ConnectionError

The above exception was the direct cause of the following exception:

self = <test_lifecycle.TestAdvancePhase object at 0x0000027C303D6780>
lifecycle = <ai_werewolf_core.core.engine.lifecycle.LifecycleManager object at 0x0000027C31EE9390>

    @pytest.mark.asyncio
    async def test_advance_phase_invalid_transition_raises(self, lifecycle):
        """RUNNING ◊¥Ã¨œ¬∑«∑®Ω◊∂ŒÃ¯◊™”¶≈◊≥ˆ InvalidTransitionError°£"""
>       await lifecycle.init_game()

tests\unit\core\engine\test_lifecycle.py:206: 
_ _ _ _ _ _ _ _ _ _ _ _ _ _ _ _ _ _ _ _ _ _ _ _ _ _ _ _ _ _ _ _ _ _ _ _ _ _ _ _
ai_werewolf_core\core\engine\lifecycle.py:420: in init_game
    current_status = await self.get_status()
                     ^^^^^^^^^^^^^^^^^^^^^^^
ai_werewolf_core\core\engine\lifecycle.py:262: in get_status
    status = await self._get_status_from_redis()
             ^^^^^^^^^^^^^^^^^^^^^^^^^^^^^^^^^^^
ai_werewolf_core\core\engine\lifecycle.py:167: in _get_status_from_redis
    redis = await self._get_redis()
            ^^^^^^^^^^^^^^^^^^^^^^^
_ _ _ _ _ _ _ _ _ _ _ _ _ _ _ _ _ _ _ _ _ _ _ _ _ _ _ _ _ _ _ _ _ _ _ _ _ _ _ _

self = <ai_werewolf_core.core.engine.lifecycle.LifecycleManager object at 0x0000027C31EE9390>

    async def _get_redis(self) -> aioredis.Redis:
        """ªÒ»° Redis “Ï≤ΩøÕªß∂À£®¿¡≥ı ºªØ£¨π≤œÌ¡¨Ω”≥ÿ£©°£"""
        if self._redis is None:
            try:
                self._redis = await RedisClientManager.get_client()
                self._logger.debug("LifecycleManager “—ªÒ»°π≤œÌ Redis øÕªß∂À")
            except (aioredis.ConnectionError, aioredis.TimeoutError) as e:
>               raise RedisUnavailableException(
                    f"LifecycleManager Œﬁ∑®ªÒ»° Redis øÕªß∂À: game_id={self.game_id}"
                ) from e
E               ai_werewolf_core.utils.redis_seq.RedisUnavailableException: LifecycleManager Œﬁ∑®ªÒ»° Redis øÕªß∂À: game_id=test_lifecycle_ad8d396c9a2d4566a5c95a07deb63051

ai_werewolf_core\core\engine\lifecycle.py:146: RedisUnavailableException
---------------------------- Captured stderr setup ----------------------------
[2m2026-05-14T21:33:09.455531+08:00[0m [[32m[1mdebug    [0m] [1mglobal_subscribe              [0m [[0m[1m[34mai_werewolf_core.core.event.bus[0m][0m [36mhandler[0m=[35m_default_log_subscriber[0m
[2m2026-05-14T21:33:09.455679+08:00[0m [[32m[1mdebug    [0m] [1mglobal_subscribe              [0m [[0m[1m[34mai_werewolf_core.core.event.bus[0m][0m [36mhandler[0m=[35m_persist_to_db[0m
----------------------------- Captured log setup ------------------------------
DEBUG    ai_werewolf_core.core.event.bus:bus.py:519 {'handler': '_default_log_subscriber', 'event': 'global_subscribe', 'level': 'debug', 'logger': 'ai_werewolf_core.core.event.bus', 'timestamp': '2026-05-14T21:33:09.455531+08:00'}
DEBUG    ai_werewolf_core.core.event.bus:bus.py:519 {'handler': '_persist_to_db', 'event': 'global_subscribe', 'level': 'debug', 'logger': 'ai_werewolf_core.core.event.bus', 'timestamp': '2026-05-14T21:33:09.455679+08:00'}
---------------------------- Captured stderr call -----------------------------
[2m2026-05-14T21:33:09.456416+08:00[0m [[32m[1minfo     [0m] [1mgame_init                     [0m [[0m[1m[34mai_werewolf_core.core.engine.lifecycle[0m][0m [36mgame_id[0m=[35mtest_lifecycle_ad8d396c9a2d4566a5c95a07deb63051[0m [36mmodule[0m=[35mLifecycleManager[0m
[2m2026-05-14T21:33:09.456641+08:00[0m [[32m[1mdebug    [0m] [1mRedis ¡¨Ω”≥ÿ“—¥¥Ω®                  [0m [[0m[1m[34mai_werewolf_core.utils.redis_client[0m][0m [36mmax_connections[0m=[35m300[0m [36msocket_timeout[0m=[35m10[0m
[2m2026-05-14T21:33:14.460286+08:00[0m [[31m[1merror    [0m] [1mRedis ¡¨Ω”—È÷§ ß∞‹ (PING)           [0m [[0m[1m[34mai_werewolf_core.utils.redis_client[0m][0m [36merror[0m=[35m"Error while reading from 192.168.100.128:6379 : (22, '÷∏∂®µƒÕ¯¬Á√˚≤ª‘Ÿø…”√°£', None, 64, None)"[0m [36mhost[0m=[35m192.168.100.128[0m [36mport[0m=[35m6379[0m
Traceback (most recent call last):
  File "F:\py\Lib\asyncio\windows_events.py", line 463, in finish_socket_func
    return ov.getresult()
           ~~~~~~~~~~~~^^
OSError: [WinError 64] ÷∏∂®µƒÕ¯¬Á√˚≤ª‘Ÿø…”√°£

During handling of the above exception, another exception occurred:

Traceback (most recent call last):
  File "F:\py\Lib\site-packages\redis\asyncio\connection.py", line 725, in read_response
    response = await self._parser.read_response(
               ^^^^^^^^^^^^^^^^^^^^^^^^^^^^^^^^^
        disable_decoding=disable_decoding
        ^^^^^^^^^^^^^^^^^^^^^^^^^^^^^^^^^
    )
    ^
  File "F:\py\Lib\site-packages\redis\_parsers\resp2.py", line 82, in read_response
    response = await self._read_response(disable_decoding=disable_decoding)
               ^^^^^^^^^^^^^^^^^^^^^^^^^^^^^^^^^^^^^^^^^^^^^^^^^^^^^^^^^^^^
  File "F:\py\Lib\site-packages\redis\_parsers\resp2.py", line 90, in _read_response
    raw = await self._readline()
          ^^^^^^^^^^^^^^^^^^^^^^
  File "F:\py\Lib\site-packages\redis\_parsers\base.py", line 559, in _readline
    data = await self._stream.readline()
           ^^^^^^^^^^^^^^^^^^^^^^^^^^^^^
  File "F:\py\Lib\asyncio\streams.py", line 562, in readline
    line = await self.readuntil(sep)
           ^^^^^^^^^^^^^^^^^^^^^^^^^
  File "F:\py\Lib\asyncio\streams.py", line 677, in readuntil
    await self._wait_for_data('readuntil')
  File "F:\py\Lib\asyncio\streams.py", line 539, in _wait_for_data
    await self._waiter
  File "F:\py\Lib\asyncio\proactor_events.py", line 286, in _loop_reading
    length = fut.result()
  File "F:\py\Lib\asyncio\windows_events.py", line 804, in _poll
    value = callback(transferred, key, ov)
  File "F:\py\Lib\asyncio\windows_events.py", line 467, in finish_socket_func
    raise ConnectionResetError(*exc.args)
ConnectionResetError: [WinError 64] ÷∏∂®µƒÕ¯¬Á√˚≤ª‘Ÿø…”√°£

During handling of the above exception, another exception occurred:

Traceback (most recent call last):
  File "F:\YilenaCode\Werewolf\ai_werewolf_core\utils\redis_client.py", line 128, in get_client
    await cls._client.ping()
  File "F:\py\Lib\site-packages\redis\asyncio\client.py", line 764, in execute_command
    conn = self.connection or await pool.get_connection()
                              ^^^^^^^^^^^^^^^^^^^^^^^^^^^
  File "F:\py\Lib\site-packages\redis\utils.py", line 227, in async_wrapper
    return await func(*args, **kwargs)
           ^^^^^^^^^^^^^^^^^^^^^^^^^^^
  File "F:\py\Lib\site-packages\redis\asyncio\connection.py", line 1351, in get_connection
    await self.ensure_connection(connection)
  File "F:\py\Lib\site-packages\redis\asyncio\connection.py", line 1390, in ensure_connection
    await connection.connect()
  File "F:\py\Lib\site-packages\redis\asyncio\connection.py", line 339, in connect
    await self.retry.call_with_retry(
    ...<7 lines>...
    )
  File "F:\py\Lib\site-packages\redis\asyncio\retry.py", line 81, in call_with_retry
    raise error
  File "F:\py\Lib\site-packages\redis\asyncio\retry.py", line 69, in call_with_retry
    return await do()
           ^^^^^^^^^^
  File "F:\py\Lib\site-packages\redis\asyncio\connection.py", line 403, in connect_check_health
    await self.on_connect_check_health(check_health=check_health)
  File "F:\py\Lib\site-packages\redis\asyncio\connection.py", line 560, in on_connect_check_health
    await self.read_response()
  File "F:\py\Lib\site-packages\redis\asyncio\connection.py", line 747, in read_response
    raise ConnectionError(f"Error while reading from {host_error} : {e.args}")
redis.exceptions.ConnectionError: Error while reading from 192.168.100.128:6379 : (22, '÷∏∂®µƒÕ¯¬Á√˚≤ª‘Ÿø…”√°£', None, 64, None)
------------------------------ Captured log call ------------------------------
INFO     ai_werewolf_core.core.engine.lifecycle:lifecycle.py:418 {'game_id': 'test_lifecycle_ad8d396c9a2d4566a5c95a07deb63051', 'module': 'LifecycleManager', 'event': 'game_init', 'level': 'info', 'logger': 'ai_werewolf_core.core.engine.lifecycle', 'timestamp': '2026-05-14T21:33:09.456416+08:00'}
DEBUG    ai_werewolf_core.utils.redis_client:redis_client.py:243 {'max_connections': 300, 'socket_timeout': 10, 'event': 'Redis ¡¨Ω”≥ÿ“—¥¥Ω®', 'level': 'debug', 'logger': 'ai_werewolf_core.utils.redis_client', 'timestamp': '2026-05-14T21:33:09.456641+08:00'}
ERROR    ai_werewolf_core.utils.redis_client:redis_client.py:130 {'host': '192.168.100.128', 'port': 6379, 'error': "Error while reading from 192.168.100.128:6379 : (22, '÷∏∂®µƒÕ¯¬Á√˚≤ª‘Ÿø…”√°£', None, 64, None)", 'event': 'Redis ¡¨Ω”—È÷§ ß∞‹ (PING)', 'level': 'error', 'logger': 'ai_werewolf_core.utils.redis_client', 'timestamp': '2026-05-14T21:33:14.460286+08:00', 'exception': 'Traceback (most recent call last):\n  File "F:\\py\\Lib\\asyncio\\windows_events.py", line 463, in finish_socket_func\n    return ov.getresult()\n           ~~~~~~~~~~~~^^\nOSError: [WinError 64] ÷∏∂®µƒÕ¯¬Á√˚≤ª‘Ÿø…”√°£\n\nDuring handling of the above exception, another exception occurred:\n\nTraceback (most recent call last):\n  File "F:\\py\\Lib\\site-packages\\redis\\asyncio\\connection.py", line 725, in read_response\n    response = await self._parser.read_response(\n               ^^^^^^^^^^^^^^^^^^^^^^^^^^^^^^^^^\n        disable_decoding=disable_decoding\n        ^^^^^^^^^^^^^^^^^^^^^^^^^^^^^^^^^\n    )\n    ^\n  File "F:\\py\\Lib\\site-packages\\redis\\_parsers\\resp2.py", line 82, in read_response\n    response = await self._read_response(disable_decoding=disable_decoding)\n               ^^^^^^^^^^^^^^^^^^^^^^^^^^^^^^^^^^^^^^^^^^^^^^^^^^^^^^^^^^^^\n  File "F:\\py\\Lib\\site-packages\\redis\\_parsers\\resp2.py", line 90, in _read_response\n    raw = await self._readline()\n          ^^^^^^^^^^^^^^^^^^^^^^\n  File "F:\\py\\Lib\\site-packages\\redis\\_parsers\\base.py", line 559, in _readline\n    data = await self._stream.readline()\n           ^^^^^^^^^^^^^^^^^^^^^^^^^^^^^\n  File "F:\\py\\Lib\\asyncio\\streams.py", line 562, in readline\n    line = await self.readuntil(sep)\n           ^^^^^^^^^^^^^^^^^^^^^^^^^\n  File "F:\\py\\Lib\\asyncio\\streams.py", line 677, in readuntil\n    await self._wait_for_data(\'readuntil\')\n  File "F:\\py\\Lib\\asyncio\\streams.py", line 539, in _wait_for_data\n    await self._waiter\n  File "F:\\py\\Lib\\asyncio\\proactor_events.py", line 286, in _loop_reading\n    length = fut.result()\n  File "F:\\py\\Lib\\asyncio\\windows_events.py", line 804, in _poll\n    value = callback(transferred, key, ov)\n  File "F:\\py\\Lib\\asyncio\\windows_events.py", line 467, in finish_socket_func\n    raise ConnectionResetError(*exc.args)\nConnectionResetError: [WinError 64] ÷∏∂®µƒÕ¯¬Á√˚≤ª‘Ÿø…”√°£\n\nDuring handling of the above exception, another exception occurred:\n\nTraceback (most recent call last):\n  File "F:\\YilenaCode\\Werewolf\\ai_werewolf_core\\utils\\redis_client.py", line 128, in get_client\n    await cls._client.ping()\n  File "F:\\py\\Lib\\site-packages\\redis\\asyncio\\client.py", line 764, in execute_command\n    conn = self.connection or await pool.get_connection()\n                              ^^^^^^^^^^^^^^^^^^^^^^^^^^^\n  File "F:\\py\\Lib\\site-packages\\redis\\utils.py", line 227, in async_wrapper\n    return await func(*args, **kwargs)\n           ^^^^^^^^^^^^^^^^^^^^^^^^^^^\n  File "F:\\py\\Lib\\site-packages\\redis\\asyncio\\connection.py", line 1351, in get_connection\n    await self.ensure_connection(connection)\n  File "F:\\py\\Lib\\site-packages\\redis\\asyncio\\connection.py", line 1390, in ensure_connection\n    await connection.connect()\n  File "F:\\py\\Lib\\site-packages\\redis\\asyncio\\connection.py", line 339, in connect\n    await self.retry.call_with_retry(\n    ...<7 lines>...\n    )\n  File "F:\\py\\Lib\\site-packages\\redis\\asyncio\\retry.py", line 81, in call_with_retry\n    raise error\n  File "F:\\py\\Lib\\site-packages\\redis\\asyncio\\retry.py", line 69, in call_with_retry\n    return await do()\n           ^^^^^^^^^^\n  File "F:\\py\\Lib\\site-packages\\redis\\asyncio\\connection.py", line 403, in connect_check_health\n    await self.on_connect_check_health(check_health=check_health)\n  File "F:\\py\\Lib\\site-packages\\redis\\asyncio\\connection.py", line 560, in on_connect_check_health\n    await self.read_response()\n  File "F:\\py\\Lib\\site-packages\\redis\\asyncio\\connection.py", line 747, in read_response\n    raise ConnectionError(f"Error while reading from {host_error} : {e.args}")\nredis.exceptions.ConnectionError: Error while reading from 192.168.100.128:6379 : (22, \'÷∏∂®µƒÕ¯¬Á√˚≤ª‘Ÿø…”√°£\', None, 64, None)'}
-------------------------- Captured stderr teardown ---------------------------
[2m2026-05-14T21:33:14.614240+08:00[0m [[32m[1mdebug    [0m] [1mRedis ¡¨Ω”≥ÿ“—¥¥Ω®                  [0m [[0m[1m[34mai_werewolf_core.utils.redis_client[0m][0m [36mmax_connections[0m=[35m300[0m [36msocket_timeout[0m=[35m10[0m
[2m2026-05-14T21:33:19.617229+08:00[0m [[31m[1merror    [0m] [1mRedis ¡¨Ω”—È÷§ ß∞‹ (PING)           [0m [[0m[1m[34mai_werewolf_core.utils.redis_client[0m][0m [36merror[0m=[35m"Error while reading from 192.168.100.128:6379 : (22, '÷∏∂®µƒÕ¯¬Á√˚≤ª‘Ÿø…”√°£', None, 64, None)"[0m [36mhost[0m=[35m192.168.100.128[0m [36mport[0m=[35m6379[0m
Traceback (most recent call last):
  File "F:\py\Lib\asyncio\windows_events.py", line 463, in finish_socket_func
    return ov.getresult()
           ~~~~~~~~~~~~^^
OSError: [WinError 64] ÷∏∂®µƒÕ¯¬Á√˚≤ª‘Ÿø…”√°£

During handling of the above exception, another exception occurred:

Traceback (most recent call last):
  File "F:\py\Lib\site-packages\redis\asyncio\connection.py", line 725, in read_response
    response = await self._parser.read_response(
               ^^^^^^^^^^^^^^^^^^^^^^^^^^^^^^^^^
        disable_decoding=disable_decoding
        ^^^^^^^^^^^^^^^^^^^^^^^^^^^^^^^^^
    )
    ^
  File "F:\py\Lib\site-packages\redis\_parsers\resp2.py", line 82, in read_response
    response = await self._read_response(disable_decoding=disable_decoding)
               ^^^^^^^^^^^^^^^^^^^^^^^^^^^^^^^^^^^^^^^^^^^^^^^^^^^^^^^^^^^^
  File "F:\py\Lib\site-packages\redis\_parsers\resp2.py", line 90, in _read_response
    raw = await self._readline()
          ^^^^^^^^^^^^^^^^^^^^^^
  File "F:\py\Lib\site-packages\redis\_parsers\base.py", line 559, in _readline
    data = await self._stream.readline()
           ^^^^^^^^^^^^^^^^^^^^^^^^^^^^^
  File "F:\py\Lib\asyncio\streams.py", line 562, in readline
    line = await self.readuntil(sep)
           ^^^^^^^^^^^^^^^^^^^^^^^^^
  File "F:\py\Lib\asyncio\streams.py", line 677, in readuntil
    await self._wait_for_data('readuntil')
  File "F:\py\Lib\asyncio\streams.py", line 539, in _wait_for_data
    await self._waiter
  File "F:\py\Lib\asyncio\proactor_events.py", line 286, in _loop_reading
    length = fut.result()
  File "F:\py\Lib\asyncio\windows_events.py", line 804, in _poll
    value = callback(transferred, key, ov)
  File "F:\py\Lib\asyncio\windows_events.py", line 467, in finish_socket_func
    raise ConnectionResetError(*exc.args)
ConnectionResetError: [WinError 64] ÷∏∂®µƒÕ¯¬Á√˚≤ª‘Ÿø…”√°£

During handling of the above exception, another exception occurred:

Traceback (most recent call last):
  File "F:\YilenaCode\Werewolf\ai_werewolf_core\utils\redis_client.py", line 128, in get_client
    await cls._client.ping()
  File "F:\py\Lib\site-packages\redis\asyncio\client.py", line 764, in execute_command
    conn = self.connection or await pool.get_connection()
                              ^^^^^^^^^^^^^^^^^^^^^^^^^^^
  File "F:\py\Lib\site-packages\redis\utils.py", line 227, in async_wrapper
    return await func(*args, **kwargs)
           ^^^^^^^^^^^^^^^^^^^^^^^^^^^
  File "F:\py\Lib\site-packages\redis\asyncio\connection.py", line 1351, in get_connection
    await self.ensure_connection(connection)
  File "F:\py\Lib\site-packages\redis\asyncio\connection.py", line 1390, in ensure_connection
    await connection.connect()
  File "F:\py\Lib\site-packages\redis\asyncio\connection.py", line 339, in connect
    await self.retry.call_with_retry(
    ...<7 lines>...
    )
  File "F:\py\Lib\site-packages\redis\asyncio\retry.py", line 81, in call_with_retry
    raise error
  File "F:\py\Lib\site-packages\redis\asyncio\retry.py", line 69, in call_with_retry
    return await do()
           ^^^^^^^^^^
  File "F:\py\Lib\site-packages\redis\asyncio\connection.py", line 403, in connect_check_health
    await self.on_connect_check_health(check_health=check_health)
  File "F:\py\Lib\site-packages\redis\asyncio\connection.py", line 560, in on_connect_check_health
    await self.read_response()
  File "F:\py\Lib\site-packages\redis\asyncio\connection.py", line 747, in read_response
    raise ConnectionError(f"Error while reading from {host_error} : {e.args}")
redis.exceptions.ConnectionError: Error while reading from 192.168.100.128:6379 : (22, '÷∏∂®µƒÕ¯¬Á√˚≤ª‘Ÿø…”√°£', None, 64, None)
[2m2026-05-14T21:33:19.619164+08:00[0m [[31m[1merror    [0m] [1m«Â¿Ì ¬º˛ Stream “Ï≥£                [0m [[0m[1m[34mai_werewolf_core.core.event.bus[0m][0m [36merror[0m=[35m'EventBus Œﬁ∑®ªÒ»° Redis øÕªß∂À'[0m [36mgame_id[0m=[35mNone[0m
Traceback (most recent call last):
  File "F:\py\Lib\asyncio\windows_events.py", line 463, in finish_socket_func
    return ov.getresult()
           ~~~~~~~~~~~~^^
OSError: [WinError 64] ÷∏∂®µƒÕ¯¬Á√˚≤ª‘Ÿø…”√°£

During handling of the above exception, another exception occurred:

Traceback (most recent call last):
  File "F:\py\Lib\site-packages\redis\asyncio\connection.py", line 725, in read_response
    response = await self._parser.read_response(
               ^^^^^^^^^^^^^^^^^^^^^^^^^^^^^^^^^
        disable_decoding=disable_decoding
        ^^^^^^^^^^^^^^^^^^^^^^^^^^^^^^^^^
    )
    ^
  File "F:\py\Lib\site-packages\redis\_parsers\resp2.py", line 82, in read_response
    response = await self._read_response(disable_decoding=disable_decoding)
               ^^^^^^^^^^^^^^^^^^^^^^^^^^^^^^^^^^^^^^^^^^^^^^^^^^^^^^^^^^^^
  File "F:\py\Lib\site-packages\redis\_parsers\resp2.py", line 90, in _read_response
    raw = await self._readline()
          ^^^^^^^^^^^^^^^^^^^^^^
  File "F:\py\Lib\site-packages\redis\_parsers\base.py", line 559, in _readline
    data = await self._stream.readline()
           ^^^^^^^^^^^^^^^^^^^^^^^^^^^^^
  File "F:\py\Lib\asyncio\streams.py", line 562, in readline
    line = await self.readuntil(sep)
           ^^^^^^^^^^^^^^^^^^^^^^^^^
  File "F:\py\Lib\asyncio\streams.py", line 677, in readuntil
    await self._wait_for_data('readuntil')
  File "F:\py\Lib\asyncio\streams.py", line 539, in _wait_for_data
    await self._waiter
  File "F:\py\Lib\asyncio\proactor_events.py", line 286, in _loop_reading
    length = fut.result()
  File "F:\py\Lib\asyncio\windows_events.py", line 804, in _poll
    value = callback(transferred, key, ov)
  File "F:\py\Lib\asyncio\windows_events.py", line 467, in finish_socket_func
    raise ConnectionResetError(*exc.args)
ConnectionResetError: [WinError 64] ÷∏∂®µƒÕ¯¬Á√˚≤ª‘Ÿø…”√°£

During handling of the above exception, another exception occurred:

Traceback (most recent call last):
  File "F:\YilenaCode\Werewolf\ai_werewolf_core\core\event\bus.py", line 111, in _get_redis
    self._redis_client = await RedisClientManager.get_client()
                         ^^^^^^^^^^^^^^^^^^^^^^^^^^^^^^^^^^^^^
  File "F:\YilenaCode\Werewolf\ai_werewolf_core\utils\redis_client.py", line 128, in get_client
    await cls._client.ping()
  File "F:\py\Lib\site-packages\redis\asyncio\client.py", line 764, in execute_command
    conn = self.connection or await pool.get_connection()
                              ^^^^^^^^^^^^^^^^^^^^^^^^^^^
  File "F:\py\Lib\site-packages\redis\utils.py", line 227, in async_wrapper
    return await func(*args, **kwargs)
           ^^^^^^^^^^^^^^^^^^^^^^^^^^^
  File "F:\py\Lib\site-packages\redis\asyncio\connection.py", line 1351, in get_connection
    await self.ensure_connection(connection)
  File "F:\py\Lib\site-packages\redis\asyncio\connection.py", line 1390, in ensure_connection
    await connection.connect()
  File "F:\py\Lib\site-packages\redis\asyncio\connection.py", line 339, in connect
    await self.retry.call_with_retry(
    ...<7 lines>...
    )
  File "F:\py\Lib\site-packages\redis\asyncio\retry.py", line 81, in call_with_retry
    raise error
  File "F:\py\Lib\site-packages\redis\asyncio\retry.py", line 69, in call_with_retry
    return await do()
           ^^^^^^^^^^
  File "F:\py\Lib\site-packages\redis\asyncio\connection.py", line 403, in connect_check_health
    await self.on_connect_check_health(check_health=check_health)
  File "F:\py\Lib\site-packages\redis\asyncio\connection.py", line 560, in on_connect_check_health
    await self.read_response()
  File "F:\py\Lib\site-packages\redis\asyncio\connection.py", line 747, in read_response
    raise ConnectionError(f"Error while reading from {host_error} : {e.args}")
redis.exceptions.ConnectionError: Error while reading from 192.168.100.128:6379 : (22, '÷∏∂®µƒÕ¯¬Á√˚≤ª‘Ÿø…”√°£', None, 64, None)

The above exception was the direct cause of the following exception:

Traceback (most recent call last):
  File "F:\YilenaCode\Werewolf\ai_werewolf_core\core\event\bus.py", line 710, in clear
    redis = await self._get_redis()
            ^^^^^^^^^^^^^^^^^^^^^^^
  File "F:\YilenaCode\Werewolf\ai_werewolf_core\core\event\bus.py", line 114, in _get_redis
    raise RedisUnavailableException(
        "EventBus Œﬁ∑®ªÒ»° Redis øÕªß∂À"
    ) from e
ai_werewolf_core.utils.redis_seq.RedisUnavailableException: EventBus Œﬁ∑®ªÒ»° Redis øÕªß∂À
---------------------------- Captured log teardown ----------------------------
DEBUG    ai_werewolf_core.utils.redis_client:redis_client.py:243 {'max_connections': 300, 'socket_timeout': 10, 'event': 'Redis ¡¨Ω”≥ÿ“—¥¥Ω®', 'level': 'debug', 'logger': 'ai_werewolf_core.utils.redis_client', 'timestamp': '2026-05-14T21:33:14.614240+08:00'}
ERROR    ai_werewolf_core.utils.redis_client:redis_client.py:130 {'host': '192.168.100.128', 'port': 6379, 'error': "Error while reading from 192.168.100.128:6379 : (22, '÷∏∂®µƒÕ¯¬Á√˚≤ª‘Ÿø…”√°£', None, 64, None)", 'event': 'Redis ¡¨Ω”—È÷§ ß∞‹ (PING)', 'level': 'error', 'logger': 'ai_werewolf_core.utils.redis_client', 'timestamp': '2026-05-14T21:33:19.617229+08:00', 'exception': 'Traceback (most recent call last):\n  File "F:\\py\\Lib\\asyncio\\windows_events.py", line 463, in finish_socket_func\n    return ov.getresult()\n           ~~~~~~~~~~~~^^\nOSError: [WinError 64] ÷∏∂®µƒÕ¯¬Á√˚≤ª‘Ÿø…”√°£\n\nDuring handling of the above exception, another exception occurred:\n\nTraceback (most recent call last):\n  File "F:\\py\\Lib\\site-packages\\redis\\asyncio\\connection.py", line 725, in read_response\n    response = await self._parser.read_response(\n               ^^^^^^^^^^^^^^^^^^^^^^^^^^^^^^^^^\n        disable_decoding=disable_decoding\n        ^^^^^^^^^^^^^^^^^^^^^^^^^^^^^^^^^\n    )\n    ^\n  File "F:\\py\\Lib\\site-packages\\redis\\_parsers\\resp2.py", line 82, in read_response\n    response = await self._read_response(disable_decoding=disable_decoding)\n               ^^^^^^^^^^^^^^^^^^^^^^^^^^^^^^^^^^^^^^^^^^^^^^^^^^^^^^^^^^^^\n  File "F:\\py\\Lib\\site-packages\\redis\\_parsers\\resp2.py", line 90, in _read_response\n    raw = await self._readline()\n          ^^^^^^^^^^^^^^^^^^^^^^\n  File "F:\\py\\Lib\\site-packages\\redis\\_parsers\\base.py", line 559, in _readline\n    data = await self._stream.readline()\n           ^^^^^^^^^^^^^^^^^^^^^^^^^^^^^\n  File "F:\\py\\Lib\\asyncio\\streams.py", line 562, in readline\n    line = await self.readuntil(sep)\n           ^^^^^^^^^^^^^^^^^^^^^^^^^\n  File "F:\\py\\Lib\\asyncio\\streams.py", line 677, in readuntil\n    await self._wait_for_data(\'readuntil\')\n  File "F:\\py\\Lib\\asyncio\\streams.py", line 539, in _wait_for_data\n    await self._waiter\n  File "F:\\py\\Lib\\asyncio\\proactor_events.py", line 286, in _loop_reading\n    length = fut.result()\n  File "F:\\py\\Lib\\asyncio\\windows_events.py", line 804, in _poll\n    value = callback(transferred, key, ov)\n  File "F:\\py\\Lib\\asyncio\\windows_events.py", line 467, in finish_socket_func\n    raise ConnectionResetError(*exc.args)\nConnectionResetError: [WinError 64] ÷∏∂®µƒÕ¯¬Á√˚≤ª‘Ÿø…”√°£\n\nDuring handling of the above exception, another exception occurred:\n\nTraceback (most recent call last):\n  File "F:\\YilenaCode\\Werewolf\\ai_werewolf_core\\utils\\redis_client.py", line 128, in get_client\n    await cls._client.ping()\n  File "F:\\py\\Lib\\site-packages\\redis\\asyncio\\client.py", line 764, in execute_command\n    conn = self.connection or await pool.get_connection()\n                              ^^^^^^^^^^^^^^^^^^^^^^^^^^^\n  File "F:\\py\\Lib\\site-packages\\redis\\utils.py", line 227, in async_wrapper\n    return await func(*args, **kwargs)\n           ^^^^^^^^^^^^^^^^^^^^^^^^^^^\n  File "F:\\py\\Lib\\site-packages\\redis\\asyncio\\connection.py", line 1351, in get_connection\n    await self.ensure_connection(connection)\n  File "F:\\py\\Lib\\site-packages\\redis\\asyncio\\connection.py", line 1390, in ensure_connection\n    await connection.connect()\n  File "F:\\py\\Lib\\site-packages\\redis\\asyncio\\connection.py", line 339, in connect\n    await self.retry.call_with_retry(\n    ...<7 lines>...\n    )\n  File "F:\\py\\Lib\\site-packages\\redis\\asyncio\\retry.py", line 81, in call_with_retry\n    raise error\n  File "F:\\py\\Lib\\site-packages\\redis\\asyncio\\retry.py", line 69, in call_with_retry\n    return await do()\n           ^^^^^^^^^^\n  File "F:\\py\\Lib\\site-packages\\redis\\asyncio\\connection.py", line 403, in connect_check_health\n    await self.on_connect_check_health(check_health=check_health)\n  File "F:\\py\\Lib\\site-packages\\redis\\asyncio\\connection.py", line 560, in on_connect_check_health\n    await self.read_response()\n  File "F:\\py\\Lib\\site-packages\\redis\\asyncio\\connection.py", line 747, in read_response\n    raise ConnectionError(f"Error while reading from {host_error} : {e.args}")\nredis.exceptions.ConnectionError: Error while reading from 192.168.100.128:6379 : (22, \'÷∏∂®µƒÕ¯¬Á√˚≤ª‘Ÿø…”√°£\', None, 64, None)'}
ERROR    ai_werewolf_core.core.event.bus:bus.py:741 {'game_id': None, 'error': 'EventBus Œﬁ∑®ªÒ»° Redis øÕªß∂À', 'event': '«Â¿Ì ¬º˛ Stream “Ï≥£', 'level': 'error', 'logger': 'ai_werewolf_core.core.event.bus', 'timestamp': '2026-05-14T21:33:19.619164+08:00', 'exception': 'Traceback (most recent call last):\n  File "F:\\py\\Lib\\asyncio\\windows_events.py", line 463, in finish_socket_func\n    return ov.getresult()\n           ~~~~~~~~~~~~^^\nOSError: [WinError 64] ÷∏∂®µƒÕ¯¬Á√˚≤ª‘Ÿø…”√°£\n\nDuring handling of the above exception, another exception occurred:\n\nTraceback (most recent call last):\n  File "F:\\py\\Lib\\site-packages\\redis\\asyncio\\connection.py", line 725, in read_response\n    response = await self._parser.read_response(\n               ^^^^^^^^^^^^^^^^^^^^^^^^^^^^^^^^^\n        disable_decoding=disable_decoding\n        ^^^^^^^^^^^^^^^^^^^^^^^^^^^^^^^^^\n    )\n    ^\n  File "F:\\py\\Lib\\site-packages\\redis\\_parsers\\resp2.py", line 82, in read_response\n    response = await self._read_response(disable_decoding=disable_decoding)\n               ^^^^^^^^^^^^^^^^^^^^^^^^^^^^^^^^^^^^^^^^^^^^^^^^^^^^^^^^^^^^\n  File "F:\\py\\Lib\\site-packages\\redis\\_parsers\\resp2.py", line 90, in _read_response\n    raw = await self._readline()\n          ^^^^^^^^^^^^^^^^^^^^^^\n  File "F:\\py\\Lib\\site-packages\\redis\\_parsers\\base.py", line 559, in _readline\n    data = await self._stream.readline()\n           ^^^^^^^^^^^^^^^^^^^^^^^^^^^^^\n  File "F:\\py\\Lib\\asyncio\\streams.py", line 562, in readline\n    line = await self.readuntil(sep)\n           ^^^^^^^^^^^^^^^^^^^^^^^^^\n  File "F:\\py\\Lib\\asyncio\\streams.py", line 677, in readuntil\n    await self._wait_for_data(\'readuntil\')\n  File "F:\\py\\Lib\\asyncio\\streams.py", line 539, in _wait_for_data\n    await self._waiter\n  File "F:\\py\\Lib\\asyncio\\proactor_events.py", line 286, in _loop_reading\n    length = fut.result()\n  File "F:\\py\\Lib\\asyncio\\windows_events.py", line 804, in _poll\n    value = callback(transferred, key, ov)\n  File "F:\\py\\Lib\\asyncio\\windows_events.py", line 467, in finish_socket_func\n    raise ConnectionResetError(*exc.args)\nConnectionResetError: [WinError 64] ÷∏∂®µƒÕ¯¬Á√˚≤ª‘Ÿø…”√°£\n\nDuring handling of the above exception, another exception occurred:\n\nTraceback (most recent call last):\n  File "F:\\YilenaCode\\Werewolf\\ai_werewolf_core\\core\\event\\bus.py", line 111, in _get_redis\n    self._redis_client = await RedisClientManager.get_client()\n                         ^^^^^^^^^^^^^^^^^^^^^^^^^^^^^^^^^^^^^\n  File "F:\\YilenaCode\\Werewolf\\ai_werewolf_core\\utils\\redis_client.py", line 128, in get_client\n    await cls._client.ping()\n  File "F:\\py\\Lib\\site-packages\\redis\\asyncio\\client.py", line 764, in execute_command\n    conn = self.connection or await pool.get_connection()\n                              ^^^^^^^^^^^^^^^^^^^^^^^^^^^\n  File "F:\\py\\Lib\\site-packages\\redis\\utils.py", line 227, in async_wrapper\n    return await func(*args, **kwargs)\n           ^^^^^^^^^^^^^^^^^^^^^^^^^^^\n  File "F:\\py\\Lib\\site-packages\\redis\\asyncio\\connection.py", line 1351, in get_connection\n    await self.ensure_connection(connection)\n  File "F:\\py\\Lib\\site-packages\\redis\\asyncio\\connection.py", line 1390, in ensure_connection\n    await connection.connect()\n  File "F:\\py\\Lib\\site-packages\\redis\\asyncio\\connection.py", line 339, in connect\n    await self.retry.call_with_retry(\n    ...<7 lines>...\n    )\n  File "F:\\py\\Lib\\site-packages\\redis\\asyncio\\retry.py", line 81, in call_with_retry\n    raise error\n  File "F:\\py\\Lib\\site-packages\\redis\\asyncio\\retry.py", line 69, in call_with_retry\n    return await do()\n           ^^^^^^^^^^\n  File "F:\\py\\Lib\\site-packages\\redis\\asyncio\\connection.py", line 403, in connect_check_health\n    await self.on_connect_check_health(check_health=check_health)\n  File "F:\\py\\Lib\\site-packages\\redis\\asyncio\\connection.py", line 560, in on_connect_check_health\n    await self.read_response()\n  File "F:\\py\\Lib\\site-packages\\redis\\asyncio\\connection.py", line 747, in read_response\n    raise ConnectionError(f"Error while reading from {host_error} : {e.args}")\nredis.exceptions.ConnectionError: Error while reading from 192.168.100.128:6379 : (22, \'÷∏∂®µƒÕ¯¬Á√˚≤ª‘Ÿø…”√°£\', None, 64, None)\n\nThe above exception was the direct cause of the following exception:\n\nTraceback (most recent call last):\n  File "F:\\YilenaCode\\Werewolf\\ai_werewolf_core\\core\\event\\bus.py", line 710, in clear\n    redis = await self._get_redis()\n            ^^^^^^^^^^^^^^^^^^^^^^^\n  File "F:\\YilenaCode\\Werewolf\\ai_werewolf_core\\core\\event\\bus.py", line 114, in _get_redis\n    raise RedisUnavailableException(\n        "EventBus Œﬁ∑®ªÒ»° Redis øÕªß∂À"\n    ) from e\nai_werewolf_core.utils.redis_seq.RedisUnavailableException: EventBus Œﬁ∑®ªÒ»° Redis øÕªß∂À'}
______________ TestAdvancePhase.test_advance_phase_with_context _______________

trans = 0, key = 0, ov = <_overlapped.Overlapped object at 0x0000027C30844270>

    @staticmethod
    def finish_socket_func(trans, key, ov):
        try:
>           return ov.getresult()
                   ^^^^^^^^^^^^^^
E           OSError: [WinError 64] ÷∏∂®µƒÕ¯¬Á√˚≤ª‘Ÿø…”√°£

F:\py\Lib\asyncio\windows_events.py:463: OSError

During handling of the above exception, another exception occurred:

self = <redis.asyncio.connection.Connection(host=192.168.100.128,port=6379,db=1)>
disable_decoding = False, timeout = None

    async def read_response(
        self,
        disable_decoding: bool = False,
        timeout: Optional[float] = None,
        *,
        disconnect_on_error: bool = True,
        push_request: Optional[bool] = False,
    ):
        """Read the response from a previously sent command"""
        read_timeout = timeout if timeout is not None else self.socket_timeout
        host_error = self._host_error()
        try:
            if read_timeout is not None and self.protocol in ["3", 3]:
                async with async_timeout(read_timeout):
                    response = await self._parser.read_response(
                        disable_decoding=disable_decoding, push_request=push_request
                    )
            elif read_timeout is not None:
                async with async_timeout(read_timeout):
>                   response = await self._parser.read_response(
                        disable_decoding=disable_decoding

F:\py\Lib\site-packages\redis\asyncio\connection.py:725: 
_ _ _ _ _ _ _ _ _ _ _ _ _ _ _ _ _ _ _ _ _ _ _ _ _ _ _ _ _ _ _ _ _ _ _ _ _ _ _ _
F:\py\Lib\site-packages\redis\_parsers\resp2.py:82: in read_response
    response = await self._read_response(disable_decoding=disable_decoding)
               ^^^^^^^^^^^^^^^^^^^^^^^^^^^^^^^^^^^^^^^^^^^^^^^^^^^^^^^^^^^^
F:\py\Lib\site-packages\redis\_parsers\resp2.py:90: in _read_response
    raw = await self._readline()
          ^^^^^^^^^^^^^^^^^^^^^^
F:\py\Lib\site-packages\redis\_parsers\base.py:559: in _readline
    data = await self._stream.readline()
           ^^^^^^^^^^^^^^^^^^^^^^^^^^^^^
F:\py\Lib\asyncio\streams.py:562: in readline
    line = await self.readuntil(sep)
           ^^^^^^^^^^^^^^^^^^^^^^^^^
F:\py\Lib\asyncio\streams.py:677: in readuntil
    await self._wait_for_data('readuntil')
F:\py\Lib\asyncio\streams.py:539: in _wait_for_data
    await self._waiter
F:\py\Lib\asyncio\proactor_events.py:286: in _loop_reading
    length = fut.result()
             ^^^^^^^^^^^^
F:\py\Lib\asyncio\windows_events.py:804: in _poll
    value = callback(transferred, key, ov)
            ^^^^^^^^^^^^^^^^^^^^^^^^^^^^^^
_ _ _ _ _ _ _ _ _ _ _ _ _ _ _ _ _ _ _ _ _ _ _ _ _ _ _ _ _ _ _ _ _ _ _ _ _ _ _ _

trans = 0, key = 0, ov = <_overlapped.Overlapped object at 0x0000027C30844270>

    @staticmethod
    def finish_socket_func(trans, key, ov):
        try:
            return ov.getresult()
        except OSError as exc:
            if exc.winerror in (_overlapped.ERROR_NETNAME_DELETED,
                                _overlapped.ERROR_OPERATION_ABORTED):
>               raise ConnectionResetError(*exc.args)
E               ConnectionResetError: [WinError 64] ÷∏∂®µƒÕ¯¬Á√˚≤ª‘Ÿø…”√°£

F:\py\Lib\asyncio\windows_events.py:467: ConnectionResetError

During handling of the above exception, another exception occurred:

self = <ai_werewolf_core.core.engine.lifecycle.LifecycleManager object at 0x0000027C31DC6660>

    async def _get_redis(self) -> aioredis.Redis:
        """ªÒ»° Redis “Ï≤ΩøÕªß∂À£®¿¡≥ı ºªØ£¨π≤œÌ¡¨Ω”≥ÿ£©°£"""
        if self._redis is None:
            try:
>               self._redis = await RedisClientManager.get_client()
                              ^^^^^^^^^^^^^^^^^^^^^^^^^^^^^^^^^^^^^

ai_werewolf_core\core\engine\lifecycle.py:143: 
_ _ _ _ _ _ _ _ _ _ _ _ _ _ _ _ _ _ _ _ _ _ _ _ _ _ _ _ _ _ _ _ _ _ _ _ _ _ _ _
ai_werewolf_core\utils\redis_client.py:128: in get_client
    await cls._client.ping()
F:\py\Lib\site-packages\redis\asyncio\client.py:764: in execute_command
    conn = self.connection or await pool.get_connection()
                              ^^^^^^^^^^^^^^^^^^^^^^^^^^^
F:\py\Lib\site-packages\redis\utils.py:227: in async_wrapper
    return await func(*args, **kwargs)
           ^^^^^^^^^^^^^^^^^^^^^^^^^^^
F:\py\Lib\site-packages\redis\asyncio\connection.py:1351: in get_connection
    await self.ensure_connection(connection)
F:\py\Lib\site-packages\redis\asyncio\connection.py:1390: in ensure_connection
    await connection.connect()
F:\py\Lib\site-packages\redis\asyncio\connection.py:339: in connect
    await self.retry.call_with_retry(
F:\py\Lib\site-packages\redis\asyncio\retry.py:81: in call_with_retry
    raise error
F:\py\Lib\site-packages\redis\asyncio\retry.py:69: in call_with_retry
    return await do()
           ^^^^^^^^^^
F:\py\Lib\site-packages\redis\asyncio\connection.py:403: in connect_check_health
    await self.on_connect_check_health(check_health=check_health)
F:\py\Lib\site-packages\redis\asyncio\connection.py:560: in on_connect_check_health
    await self.read_response()
_ _ _ _ _ _ _ _ _ _ _ _ _ _ _ _ _ _ _ _ _ _ _ _ _ _ _ _ _ _ _ _ _ _ _ _ _ _ _ _

self = <redis.asyncio.connection.Connection(host=192.168.100.128,port=6379,db=1)>
disable_decoding = False, timeout = None

    async def read_response(
        self,
        disable_decoding: bool = False,
        timeout: Optional[float] = None,
        *,
        disconnect_on_error: bool = True,
        push_request: Optional[bool] = False,
    ):
        """Read the response from a previously sent command"""
        read_timeout = timeout if timeout is not None else self.socket_timeout
        host_error = self._host_error()
        try:
            if read_timeout is not None and self.protocol in ["3", 3]:
                async with async_timeout(read_timeout):
                    response = await self._parser.read_response(
                        disable_decoding=disable_decoding, push_request=push_request
                    )
            elif read_timeout is not None:
                async with async_timeout(read_timeout):
                    response = await self._parser.read_response(
                        disable_decoding=disable_decoding
                    )
            elif self.protocol in ["3", 3]:
                response = await self._parser.read_response(
                    disable_decoding=disable_decoding, push_request=push_request
                )
            else:
                response = await self._parser.read_response(
                    disable_decoding=disable_decoding
                )
        except asyncio.TimeoutError:
            if timeout is not None:
                # user requested timeout, return None. Operation can be retried
                return None
            # it was a self.socket_timeout error.
            if disconnect_on_error:
                await self.disconnect(nowait=True)
            raise TimeoutError(f"Timeout reading from {host_error}")
        except OSError as e:
            if disconnect_on_error:
                await self.disconnect(nowait=True)
>           raise ConnectionError(f"Error while reading from {host_error} : {e.args}")
E           redis.exceptions.ConnectionError: Error while reading from 192.168.100.128:6379 : (22, '÷∏∂®µƒÕ¯¬Á√˚≤ª‘Ÿø…”√°£', None, 64, None)

F:\py\Lib\site-packages\redis\asyncio\connection.py:747: ConnectionError

The above exception was the direct cause of the following exception:

self = <test_lifecycle.TestAdvancePhase object at 0x0000027C3043DFD0>
lifecycle = <ai_werewolf_core.core.engine.lifecycle.LifecycleManager object at 0x0000027C31DC6660>
event_bus = <ai_werewolf_core.core.event.bus.EventBus object at 0x0000027C3238A850>

    @pytest.mark.asyncio
    async def test_advance_phase_with_context(self, lifecycle, event_bus):
        """advance_phase ¥´»Îµƒ context ”¶∫œ≤¢µΩ ¬º˛ payload ÷–°£"""
        captured = []
        event_bus.publish = AsyncMock(side_effect=lambda e: captured.append(e))
    
>       await lifecycle.init_game()

tests\unit\core\engine\test_lifecycle.py:219: 
_ _ _ _ _ _ _ _ _ _ _ _ _ _ _ _ _ _ _ _ _ _ _ _ _ _ _ _ _ _ _ _ _ _ _ _ _ _ _ _
ai_werewolf_core\core\engine\lifecycle.py:420: in init_game
    current_status = await self.get_status()
                     ^^^^^^^^^^^^^^^^^^^^^^^
ai_werewolf_core\core\engine\lifecycle.py:262: in get_status
    status = await self._get_status_from_redis()
             ^^^^^^^^^^^^^^^^^^^^^^^^^^^^^^^^^^^
ai_werewolf_core\core\engine\lifecycle.py:167: in _get_status_from_redis
    redis = await self._get_redis()
            ^^^^^^^^^^^^^^^^^^^^^^^
_ _ _ _ _ _ _ _ _ _ _ _ _ _ _ _ _ _ _ _ _ _ _ _ _ _ _ _ _ _ _ _ _ _ _ _ _ _ _ _

self = <ai_werewolf_core.core.engine.lifecycle.LifecycleManager object at 0x0000027C31DC6660>

    async def _get_redis(self) -> aioredis.Redis:
        """ªÒ»° Redis “Ï≤ΩøÕªß∂À£®¿¡≥ı ºªØ£¨π≤œÌ¡¨Ω”≥ÿ£©°£"""
        if self._redis is None:
            try:
                self._redis = await RedisClientManager.get_client()
                self._logger.debug("LifecycleManager “—ªÒ»°π≤œÌ Redis øÕªß∂À")
            except (aioredis.ConnectionError, aioredis.TimeoutError) as e:
>               raise RedisUnavailableException(
                    f"LifecycleManager Œﬁ∑®ªÒ»° Redis øÕªß∂À: game_id={self.game_id}"
                ) from e
E               ai_werewolf_core.utils.redis_seq.RedisUnavailableException: LifecycleManager Œﬁ∑®ªÒ»° Redis øÕªß∂À: game_id=test_lifecycle_425715bee7a643189510e9944585b4f7

ai_werewolf_core\core\engine\lifecycle.py:146: RedisUnavailableException
---------------------------- Captured stderr setup ----------------------------
[2m2026-05-14T21:33:19.621911+08:00[0m [[32m[1mdebug    [0m] [1mglobal_subscribe              [0m [[0m[1m[34mai_werewolf_core.core.event.bus[0m][0m [36mhandler[0m=[35m_default_log_subscriber[0m
[2m2026-05-14T21:33:19.622043+08:00[0m [[32m[1mdebug    [0m] [1mglobal_subscribe              [0m [[0m[1m[34mai_werewolf_core.core.event.bus[0m][0m [36mhandler[0m=[35m_persist_to_db[0m
----------------------------- Captured log setup ------------------------------
DEBUG    ai_werewolf_core.core.event.bus:bus.py:519 {'handler': '_default_log_subscriber', 'event': 'global_subscribe', 'level': 'debug', 'logger': 'ai_werewolf_core.core.event.bus', 'timestamp': '2026-05-14T21:33:19.621911+08:00'}
DEBUG    ai_werewolf_core.core.event.bus:bus.py:519 {'handler': '_persist_to_db', 'event': 'global_subscribe', 'level': 'debug', 'logger': 'ai_werewolf_core.core.event.bus', 'timestamp': '2026-05-14T21:33:19.622043+08:00'}
---------------------------- Captured stderr call -----------------------------
[2m2026-05-14T21:33:19.622739+08:00[0m [[32m[1minfo     [0m] [1mgame_init                     [0m [[0m[1m[34mai_werewolf_core.core.engine.lifecycle[0m][0m [36mgame_id[0m=[35mtest_lifecycle_425715bee7a643189510e9944585b4f7[0m [36mmodule[0m=[35mLifecycleManager[0m
[2m2026-05-14T21:33:19.622874+08:00[0m [[32m[1mdebug    [0m] [1mRedis ¡¨Ω”≥ÿ“—¥¥Ω®                  [0m [[0m[1m[34mai_werewolf_core.utils.redis_client[0m][0m [36mmax_connections[0m=[35m300[0m [36msocket_timeout[0m=[35m10[0m
[2m2026-05-14T21:33:24.625431+08:00[0m [[31m[1merror    [0m] [1mRedis ¡¨Ω”—È÷§ ß∞‹ (PING)           [0m [[0m[1m[34mai_werewolf_core.utils.redis_client[0m][0m [36merror[0m=[35m"Error while reading from 192.168.100.128:6379 : (22, '÷∏∂®µƒÕ¯¬Á√˚≤ª‘Ÿø…”√°£', None, 64, None)"[0m [36mhost[0m=[35m192.168.100.128[0m [36mport[0m=[35m6379[0m
Traceback (most recent call last):
  File "F:\py\Lib\asyncio\windows_events.py", line 463, in finish_socket_func
    return ov.getresult()
           ~~~~~~~~~~~~^^
OSError: [WinError 64] ÷∏∂®µƒÕ¯¬Á√˚≤ª‘Ÿø…”√°£

During handling of the above exception, another exception occurred:

Traceback (most recent call last):
  File "F:\py\Lib\site-packages\redis\asyncio\connection.py", line 725, in read_response
    response = await self._parser.read_response(
               ^^^^^^^^^^^^^^^^^^^^^^^^^^^^^^^^^
        disable_decoding=disable_decoding
        ^^^^^^^^^^^^^^^^^^^^^^^^^^^^^^^^^
    )
    ^
  File "F:\py\Lib\site-packages\redis\_parsers\resp2.py", line 82, in read_response
    response = await self._read_response(disable_decoding=disable_decoding)
               ^^^^^^^^^^^^^^^^^^^^^^^^^^^^^^^^^^^^^^^^^^^^^^^^^^^^^^^^^^^^
  File "F:\py\Lib\site-packages\redis\_parsers\resp2.py", line 90, in _read_response
    raw = await self._readline()
          ^^^^^^^^^^^^^^^^^^^^^^
  File "F:\py\Lib\site-packages\redis\_parsers\base.py", line 559, in _readline
    data = await self._stream.readline()
           ^^^^^^^^^^^^^^^^^^^^^^^^^^^^^
  File "F:\py\Lib\asyncio\streams.py", line 562, in readline
    line = await self.readuntil(sep)
           ^^^^^^^^^^^^^^^^^^^^^^^^^
  File "F:\py\Lib\asyncio\streams.py", line 677, in readuntil
    await self._wait_for_data('readuntil')
  File "F:\py\Lib\asyncio\streams.py", line 539, in _wait_for_data
    await self._waiter
  File "F:\py\Lib\asyncio\proactor_events.py", line 286, in _loop_reading
    length = fut.result()
  File "F:\py\Lib\asyncio\windows_events.py", line 804, in _poll
    value = callback(transferred, key, ov)
  File "F:\py\Lib\asyncio\windows_events.py", line 467, in finish_socket_func
    raise ConnectionResetError(*exc.args)
ConnectionResetError: [WinError 64] ÷∏∂®µƒÕ¯¬Á√˚≤ª‘Ÿø…”√°£

During handling of the above exception, another exception occurred:

Traceback (most recent call last):
  File "F:\YilenaCode\Werewolf\ai_werewolf_core\utils\redis_client.py", line 128, in get_client
    await cls._client.ping()
  File "F:\py\Lib\site-packages\redis\asyncio\client.py", line 764, in execute_command
    conn = self.connection or await pool.get_connection()
                              ^^^^^^^^^^^^^^^^^^^^^^^^^^^
  File "F:\py\Lib\site-packages\redis\utils.py", line 227, in async_wrapper
    return await func(*args, **kwargs)
           ^^^^^^^^^^^^^^^^^^^^^^^^^^^
  File "F:\py\Lib\site-packages\redis\asyncio\connection.py", line 1351, in get_connection
    await self.ensure_connection(connection)
  File "F:\py\Lib\site-packages\redis\asyncio\connection.py", line 1390, in ensure_connection
    await connection.connect()
  File "F:\py\Lib\site-packages\redis\asyncio\connection.py", line 339, in connect
    await self.retry.call_with_retry(
    ...<7 lines>...
    )
  File "F:\py\Lib\site-packages\redis\asyncio\retry.py", line 81, in call_with_retry
    raise error
  File "F:\py\Lib\site-packages\redis\asyncio\retry.py", line 69, in call_with_retry
    return await do()
           ^^^^^^^^^^
  File "F:\py\Lib\site-packages\redis\asyncio\connection.py", line 403, in connect_check_health
    await self.on_connect_check_health(check_health=check_health)
  File "F:\py\Lib\site-packages\redis\asyncio\connection.py", line 560, in on_connect_check_health
    await self.read_response()
  File "F:\py\Lib\site-packages\redis\asyncio\connection.py", line 747, in read_response
    raise ConnectionError(f"Error while reading from {host_error} : {e.args}")
redis.exceptions.ConnectionError: Error while reading from 192.168.100.128:6379 : (22, '÷∏∂®µƒÕ¯¬Á√˚≤ª‘Ÿø…”√°£', None, 64, None)
------------------------------ Captured log call ------------------------------
INFO     ai_werewolf_core.core.engine.lifecycle:lifecycle.py:418 {'game_id': 'test_lifecycle_425715bee7a643189510e9944585b4f7', 'module': 'LifecycleManager', 'event': 'game_init', 'level': 'info', 'logger': 'ai_werewolf_core.core.engine.lifecycle', 'timestamp': '2026-05-14T21:33:19.622739+08:00'}
DEBUG    ai_werewolf_core.utils.redis_client:redis_client.py:243 {'max_connections': 300, 'socket_timeout': 10, 'event': 'Redis ¡¨Ω”≥ÿ“—¥¥Ω®', 'level': 'debug', 'logger': 'ai_werewolf_core.utils.redis_client', 'timestamp': '2026-05-14T21:33:19.622874+08:00'}
ERROR    ai_werewolf_core.utils.redis_client:redis_client.py:130 {'host': '192.168.100.128', 'port': 6379, 'error': "Error while reading from 192.168.100.128:6379 : (22, '÷∏∂®µƒÕ¯¬Á√˚≤ª‘Ÿø…”√°£', None, 64, None)", 'event': 'Redis ¡¨Ω”—È÷§ ß∞‹ (PING)', 'level': 'error', 'logger': 'ai_werewolf_core.utils.redis_client', 'timestamp': '2026-05-14T21:33:24.625431+08:00', 'exception': 'Traceback (most recent call last):\n  File "F:\\py\\Lib\\asyncio\\windows_events.py", line 463, in finish_socket_func\n    return ov.getresult()\n           ~~~~~~~~~~~~^^\nOSError: [WinError 64] ÷∏∂®µƒÕ¯¬Á√˚≤ª‘Ÿø…”√°£\n\nDuring handling of the above exception, another exception occurred:\n\nTraceback (most recent call last):\n  File "F:\\py\\Lib\\site-packages\\redis\\asyncio\\connection.py", line 725, in read_response\n    response = await self._parser.read_response(\n               ^^^^^^^^^^^^^^^^^^^^^^^^^^^^^^^^^\n        disable_decoding=disable_decoding\n        ^^^^^^^^^^^^^^^^^^^^^^^^^^^^^^^^^\n    )\n    ^\n  File "F:\\py\\Lib\\site-packages\\redis\\_parsers\\resp2.py", line 82, in read_response\n    response = await self._read_response(disable_decoding=disable_decoding)\n               ^^^^^^^^^^^^^^^^^^^^^^^^^^^^^^^^^^^^^^^^^^^^^^^^^^^^^^^^^^^^\n  File "F:\\py\\Lib\\site-packages\\redis\\_parsers\\resp2.py", line 90, in _read_response\n    raw = await self._readline()\n          ^^^^^^^^^^^^^^^^^^^^^^\n  File "F:\\py\\Lib\\site-packages\\redis\\_parsers\\base.py", line 559, in _readline\n    data = await self._stream.readline()\n           ^^^^^^^^^^^^^^^^^^^^^^^^^^^^^\n  File "F:\\py\\Lib\\asyncio\\streams.py", line 562, in readline\n    line = await self.readuntil(sep)\n           ^^^^^^^^^^^^^^^^^^^^^^^^^\n  File "F:\\py\\Lib\\asyncio\\streams.py", line 677, in readuntil\n    await self._wait_for_data(\'readuntil\')\n  File "F:\\py\\Lib\\asyncio\\streams.py", line 539, in _wait_for_data\n    await self._waiter\n  File "F:\\py\\Lib\\asyncio\\proactor_events.py", line 286, in _loop_reading\n    length = fut.result()\n  File "F:\\py\\Lib\\asyncio\\windows_events.py", line 804, in _poll\n    value = callback(transferred, key, ov)\n  File "F:\\py\\Lib\\asyncio\\windows_events.py", line 467, in finish_socket_func\n    raise ConnectionResetError(*exc.args)\nConnectionResetError: [WinError 64] ÷∏∂®µƒÕ¯¬Á√˚≤ª‘Ÿø…”√°£\n\nDuring handling of the above exception, another exception occurred:\n\nTraceback (most recent call last):\n  File "F:\\YilenaCode\\Werewolf\\ai_werewolf_core\\utils\\redis_client.py", line 128, in get_client\n    await cls._client.ping()\n  File "F:\\py\\Lib\\site-packages\\redis\\asyncio\\client.py", line 764, in execute_command\n    conn = self.connection or await pool.get_connection()\n                              ^^^^^^^^^^^^^^^^^^^^^^^^^^^\n  File "F:\\py\\Lib\\site-packages\\redis\\utils.py", line 227, in async_wrapper\n    return await func(*args, **kwargs)\n           ^^^^^^^^^^^^^^^^^^^^^^^^^^^\n  File "F:\\py\\Lib\\site-packages\\redis\\asyncio\\connection.py", line 1351, in get_connection\n    await self.ensure_connection(connection)\n  File "F:\\py\\Lib\\site-packages\\redis\\asyncio\\connection.py", line 1390, in ensure_connection\n    await connection.connect()\n  File "F:\\py\\Lib\\site-packages\\redis\\asyncio\\connection.py", line 339, in connect\n    await self.retry.call_with_retry(\n    ...<7 lines>...\n    )\n  File "F:\\py\\Lib\\site-packages\\redis\\asyncio\\retry.py", line 81, in call_with_retry\n    raise error\n  File "F:\\py\\Lib\\site-packages\\redis\\asyncio\\retry.py", line 69, in call_with_retry\n    return await do()\n           ^^^^^^^^^^\n  File "F:\\py\\Lib\\site-packages\\redis\\asyncio\\connection.py", line 403, in connect_check_health\n    await self.on_connect_check_health(check_health=check_health)\n  File "F:\\py\\Lib\\site-packages\\redis\\asyncio\\connection.py", line 560, in on_connect_check_health\n    await self.read_response()\n  File "F:\\py\\Lib\\site-packages\\redis\\asyncio\\connection.py", line 747, in read_response\n    raise ConnectionError(f"Error while reading from {host_error} : {e.args}")\nredis.exceptions.ConnectionError: Error while reading from 192.168.100.128:6379 : (22, \'÷∏∂®µƒÕ¯¬Á√˚≤ª‘Ÿø…”√°£\', None, 64, None)'}
-------------------------- Captured stderr teardown ---------------------------
[2m2026-05-14T21:33:24.771212+08:00[0m [[32m[1mdebug    [0m] [1mRedis ¡¨Ω”≥ÿ“—¥¥Ω®                  [0m [[0m[1m[34mai_werewolf_core.utils.redis_client[0m][0m [36mmax_connections[0m=[35m300[0m [36msocket_timeout[0m=[35m10[0m
[2m2026-05-14T21:33:29.774615+08:00[0m [[31m[1merror    [0m] [1mRedis ¡¨Ω”—È÷§ ß∞‹ (PING)           [0m [[0m[1m[34mai_werewolf_core.utils.redis_client[0m][0m [36merror[0m=[35m"Error while reading from 192.168.100.128:6379 : (22, '÷∏∂®µƒÕ¯¬Á√˚≤ª‘Ÿø…”√°£', None, 64, None)"[0m [36mhost[0m=[35m192.168.100.128[0m [36mport[0m=[35m6379[0m
Traceback (most recent call last):
  File "F:\py\Lib\asyncio\windows_events.py", line 463, in finish_socket_func
    return ov.getresult()
           ~~~~~~~~~~~~^^
OSError: [WinError 64] ÷∏∂®µƒÕ¯¬Á√˚≤ª‘Ÿø…”√°£

During handling of the above exception, another exception occurred:

Traceback (most recent call last):
  File "F:\py\Lib\site-packages\redis\asyncio\connection.py", line 725, in read_response
    response = await self._parser.read_response(
               ^^^^^^^^^^^^^^^^^^^^^^^^^^^^^^^^^
        disable_decoding=disable_decoding
        ^^^^^^^^^^^^^^^^^^^^^^^^^^^^^^^^^
    )
    ^
  File "F:\py\Lib\site-packages\redis\_parsers\resp2.py", line 82, in read_response
    response = await self._read_response(disable_decoding=disable_decoding)
               ^^^^^^^^^^^^^^^^^^^^^^^^^^^^^^^^^^^^^^^^^^^^^^^^^^^^^^^^^^^^
  File "F:\py\Lib\site-packages\redis\_parsers\resp2.py", line 90, in _read_response
    raw = await self._readline()
          ^^^^^^^^^^^^^^^^^^^^^^
  File "F:\py\Lib\site-packages\redis\_parsers\base.py", line 559, in _readline
    data = await self._stream.readline()
           ^^^^^^^^^^^^^^^^^^^^^^^^^^^^^
  File "F:\py\Lib\asyncio\streams.py", line 562, in readline
    line = await self.readuntil(sep)
           ^^^^^^^^^^^^^^^^^^^^^^^^^
  File "F:\py\Lib\asyncio\streams.py", line 677, in readuntil
    await self._wait_for_data('readuntil')
  File "F:\py\Lib\asyncio\streams.py", line 539, in _wait_for_data
    await self._waiter
  File "F:\py\Lib\asyncio\proactor_events.py", line 286, in _loop_reading
    length = fut.result()
  File "F:\py\Lib\asyncio\windows_events.py", line 804, in _poll
    value = callback(transferred, key, ov)
  File "F:\py\Lib\asyncio\windows_events.py", line 467, in finish_socket_func
    raise ConnectionResetError(*exc.args)
ConnectionResetError: [WinError 64] ÷∏∂®µƒÕ¯¬Á√˚≤ª‘Ÿø…”√°£

During handling of the above exception, another exception occurred:

Traceback (most recent call last):
  File "F:\YilenaCode\Werewolf\ai_werewolf_core\utils\redis_client.py", line 128, in get_client
    await cls._client.ping()
  File "F:\py\Lib\site-packages\redis\asyncio\client.py", line 764, in execute_command
    conn = self.connection or await pool.get_connection()
                              ^^^^^^^^^^^^^^^^^^^^^^^^^^^
  File "F:\py\Lib\site-packages\redis\utils.py", line 227, in async_wrapper
    return await func(*args, **kwargs)
           ^^^^^^^^^^^^^^^^^^^^^^^^^^^
  File "F:\py\Lib\site-packages\redis\asyncio\connection.py", line 1351, in get_connection
    await self.ensure_connection(connection)
  File "F:\py\Lib\site-packages\redis\asyncio\connection.py", line 1390, in ensure_connection
    await connection.connect()
  File "F:\py\Lib\site-packages\redis\asyncio\connection.py", line 339, in connect
    await self.retry.call_with_retry(
    ...<7 lines>...
    )
  File "F:\py\Lib\site-packages\redis\asyncio\retry.py", line 81, in call_with_retry
    raise error
  File "F:\py\Lib\site-packages\redis\asyncio\retry.py", line 69, in call_with_retry
    return await do()
           ^^^^^^^^^^
  File "F:\py\Lib\site-packages\redis\asyncio\connection.py", line 403, in connect_check_health
    await self.on_connect_check_health(check_health=check_health)
  File "F:\py\Lib\site-packages\redis\asyncio\connection.py", line 560, in on_connect_check_health
    await self.read_response()
  File "F:\py\Lib\site-packages\redis\asyncio\connection.py", line 747, in read_response
    raise ConnectionError(f"Error while reading from {host_error} : {e.args}")
redis.exceptions.ConnectionError: Error while reading from 192.168.100.128:6379 : (22, '÷∏∂®µƒÕ¯¬Á√˚≤ª‘Ÿø…”√°£', None, 64, None)
[2m2026-05-14T21:33:29.776925+08:00[0m [[31m[1merror    [0m] [1m«Â¿Ì ¬º˛ Stream “Ï≥£                [0m [[0m[1m[34mai_werewolf_core.core.event.bus[0m][0m [36merror[0m=[35m'EventBus Œﬁ∑®ªÒ»° Redis øÕªß∂À'[0m [36mgame_id[0m=[35mNone[0m
Traceback (most recent call last):
  File "F:\py\Lib\asyncio\windows_events.py", line 463, in finish_socket_func
    return ov.getresult()
           ~~~~~~~~~~~~^^
OSError: [WinError 64] ÷∏∂®µƒÕ¯¬Á√˚≤ª‘Ÿø…”√°£

During handling of the above exception, another exception occurred:

Traceback (most recent call last):
  File "F:\py\Lib\site-packages\redis\asyncio\connection.py", line 725, in read_response
    response = await self._parser.read_response(
               ^^^^^^^^^^^^^^^^^^^^^^^^^^^^^^^^^
        disable_decoding=disable_decoding
        ^^^^^^^^^^^^^^^^^^^^^^^^^^^^^^^^^
    )
    ^
  File "F:\py\Lib\site-packages\redis\_parsers\resp2.py", line 82, in read_response
    response = await self._read_response(disable_decoding=disable_decoding)
               ^^^^^^^^^^^^^^^^^^^^^^^^^^^^^^^^^^^^^^^^^^^^^^^^^^^^^^^^^^^^
  File "F:\py\Lib\site-packages\redis\_parsers\resp2.py", line 90, in _read_response
    raw = await self._readline()
          ^^^^^^^^^^^^^^^^^^^^^^
  File "F:\py\Lib\site-packages\redis\_parsers\base.py", line 559, in _readline
    data = await self._stream.readline()
           ^^^^^^^^^^^^^^^^^^^^^^^^^^^^^
  File "F:\py\Lib\asyncio\streams.py", line 562, in readline
    line = await self.readuntil(sep)
           ^^^^^^^^^^^^^^^^^^^^^^^^^
  File "F:\py\Lib\asyncio\streams.py", line 677, in readuntil
    await self._wait_for_data('readuntil')
  File "F:\py\Lib\asyncio\streams.py", line 539, in _wait_for_data
    await self._waiter
  File "F:\py\Lib\asyncio\proactor_events.py", line 286, in _loop_reading
    length = fut.result()
  File "F:\py\Lib\asyncio\windows_events.py", line 804, in _poll
    value = callback(transferred, key, ov)
  File "F:\py\Lib\asyncio\windows_events.py", line 467, in finish_socket_func
    raise ConnectionResetError(*exc.args)
ConnectionResetError: [WinError 64] ÷∏∂®µƒÕ¯¬Á√˚≤ª‘Ÿø…”√°£

During handling of the above exception, another exception occurred:

Traceback (most recent call last):
  File "F:\YilenaCode\Werewolf\ai_werewolf_core\core\event\bus.py", line 111, in _get_redis
    self._redis_client = await RedisClientManager.get_client()
                         ^^^^^^^^^^^^^^^^^^^^^^^^^^^^^^^^^^^^^
  File "F:\YilenaCode\Werewolf\ai_werewolf_core\utils\redis_client.py", line 128, in get_client
    await cls._client.ping()
  File "F:\py\Lib\site-packages\redis\asyncio\client.py", line 764, in execute_command
    conn = self.connection or await pool.get_connection()
                              ^^^^^^^^^^^^^^^^^^^^^^^^^^^
  File "F:\py\Lib\site-packages\redis\utils.py", line 227, in async_wrapper
    return await func(*args, **kwargs)
           ^^^^^^^^^^^^^^^^^^^^^^^^^^^
  File "F:\py\Lib\site-packages\redis\asyncio\connection.py", line 1351, in get_connection
    await self.ensure_connection(connection)
  File "F:\py\Lib\site-packages\redis\asyncio\connection.py", line 1390, in ensure_connection
    await connection.connect()
  File "F:\py\Lib\site-packages\redis\asyncio\connection.py", line 339, in connect
    await self.retry.call_with_retry(
    ...<7 lines>...
    )
  File "F:\py\Lib\site-packages\redis\asyncio\retry.py", line 81, in call_with_retry
    raise error
  File "F:\py\Lib\site-packages\redis\asyncio\retry.py", line 69, in call_with_retry
    return await do()
           ^^^^^^^^^^
  File "F:\py\Lib\site-packages\redis\asyncio\connection.py", line 403, in connect_check_health
    await self.on_connect_check_health(check_health=check_health)
  File "F:\py\Lib\site-packages\redis\asyncio\connection.py", line 560, in on_connect_check_health
    await self.read_response()
  File "F:\py\Lib\site-packages\redis\asyncio\connection.py", line 747, in read_response
    raise ConnectionError(f"Error while reading from {host_error} : {e.args}")
redis.exceptions.ConnectionError: Error while reading from 192.168.100.128:6379 : (22, '÷∏∂®µƒÕ¯¬Á√˚≤ª‘Ÿø…”√°£', None, 64, None)

The above exception was the direct cause of the following exception:

Traceback (most recent call last):
  File "F:\YilenaCode\Werewolf\ai_werewolf_core\core\event\bus.py", line 710, in clear
    redis = await self._get_redis()
            ^^^^^^^^^^^^^^^^^^^^^^^
  File "F:\YilenaCode\Werewolf\ai_werewolf_core\core\event\bus.py", line 114, in _get_redis
    raise RedisUnavailableException(
        "EventBus Œﬁ∑®ªÒ»° Redis øÕªß∂À"
    ) from e
ai_werewolf_core.utils.redis_seq.RedisUnavailableException: EventBus Œﬁ∑®ªÒ»° Redis øÕªß∂À
---------------------------- Captured log teardown ----------------------------
DEBUG    ai_werewolf_core.utils.redis_client:redis_client.py:243 {'max_connections': 300, 'socket_timeout': 10, 'event': 'Redis ¡¨Ω”≥ÿ“—¥¥Ω®', 'level': 'debug', 'logger': 'ai_werewolf_core.utils.redis_client', 'timestamp': '2026-05-14T21:33:24.771212+08:00'}
ERROR    ai_werewolf_core.utils.redis_client:redis_client.py:130 {'host': '192.168.100.128', 'port': 6379, 'error': "Error while reading from 192.168.100.128:6379 : (22, '÷∏∂®µƒÕ¯¬Á√˚≤ª‘Ÿø…”√°£', None, 64, None)", 'event': 'Redis ¡¨Ω”—È÷§ ß∞‹ (PING)', 'level': 'error', 'logger': 'ai_werewolf_core.utils.redis_client', 'timestamp': '2026-05-14T21:33:29.774615+08:00', 'exception': 'Traceback (most recent call last):\n  File "F:\\py\\Lib\\asyncio\\windows_events.py", line 463, in finish_socket_func\n    return ov.getresult()\n           ~~~~~~~~~~~~^^\nOSError: [WinError 64] ÷∏∂®µƒÕ¯¬Á√˚≤ª‘Ÿø…”√°£\n\nDuring handling of the above exception, another exception occurred:\n\nTraceback (most recent call last):\n  File "F:\\py\\Lib\\site-packages\\redis\\asyncio\\connection.py", line 725, in read_response\n    response = await self._parser.read_response(\n               ^^^^^^^^^^^^^^^^^^^^^^^^^^^^^^^^^\n        disable_decoding=disable_decoding\n        ^^^^^^^^^^^^^^^^^^^^^^^^^^^^^^^^^\n    )\n    ^\n  File "F:\\py\\Lib\\site-packages\\redis\\_parsers\\resp2.py", line 82, in read_response\n    response = await self._read_response(disable_decoding=disable_decoding)\n               ^^^^^^^^^^^^^^^^^^^^^^^^^^^^^^^^^^^^^^^^^^^^^^^^^^^^^^^^^^^^\n  File "F:\\py\\Lib\\site-packages\\redis\\_parsers\\resp2.py", line 90, in _read_response\n    raw = await self._readline()\n          ^^^^^^^^^^^^^^^^^^^^^^\n  File "F:\\py\\Lib\\site-packages\\redis\\_parsers\\base.py", line 559, in _readline\n    data = await self._stream.readline()\n           ^^^^^^^^^^^^^^^^^^^^^^^^^^^^^\n  File "F:\\py\\Lib\\asyncio\\streams.py", line 562, in readline\n    line = await self.readuntil(sep)\n           ^^^^^^^^^^^^^^^^^^^^^^^^^\n  File "F:\\py\\Lib\\asyncio\\streams.py", line 677, in readuntil\n    await self._wait_for_data(\'readuntil\')\n  File "F:\\py\\Lib\\asyncio\\streams.py", line 539, in _wait_for_data\n    await self._waiter\n  File "F:\\py\\Lib\\asyncio\\proactor_events.py", line 286, in _loop_reading\n    length = fut.result()\n  File "F:\\py\\Lib\\asyncio\\windows_events.py", line 804, in _poll\n    value = callback(transferred, key, ov)\n  File "F:\\py\\Lib\\asyncio\\windows_events.py", line 467, in finish_socket_func\n    raise ConnectionResetError(*exc.args)\nConnectionResetError: [WinError 64] ÷∏∂®µƒÕ¯¬Á√˚≤ª‘Ÿø…”√°£\n\nDuring handling of the above exception, another exception occurred:\n\nTraceback (most recent call last):\n  File "F:\\YilenaCode\\Werewolf\\ai_werewolf_core\\utils\\redis_client.py", line 128, in get_client\n    await cls._client.ping()\n  File "F:\\py\\Lib\\site-packages\\redis\\asyncio\\client.py", line 764, in execute_command\n    conn = self.connection or await pool.get_connection()\n                              ^^^^^^^^^^^^^^^^^^^^^^^^^^^\n  File "F:\\py\\Lib\\site-packages\\redis\\utils.py", line 227, in async_wrapper\n    return await func(*args, **kwargs)\n           ^^^^^^^^^^^^^^^^^^^^^^^^^^^\n  File "F:\\py\\Lib\\site-packages\\redis\\asyncio\\connection.py", line 1351, in get_connection\n    await self.ensure_connection(connection)\n  File "F:\\py\\Lib\\site-packages\\redis\\asyncio\\connection.py", line 1390, in ensure_connection\n    await connection.connect()\n  File "F:\\py\\Lib\\site-packages\\redis\\asyncio\\connection.py", line 339, in connect\n    await self.retry.call_with_retry(\n    ...<7 lines>...\n    )\n  File "F:\\py\\Lib\\site-packages\\redis\\asyncio\\retry.py", line 81, in call_with_retry\n    raise error\n  File "F:\\py\\Lib\\site-packages\\redis\\asyncio\\retry.py", line 69, in call_with_retry\n    return await do()\n           ^^^^^^^^^^\n  File "F:\\py\\Lib\\site-packages\\redis\\asyncio\\connection.py", line 403, in connect_check_health\n    await self.on_connect_check_health(check_health=check_health)\n  File "F:\\py\\Lib\\site-packages\\redis\\asyncio\\connection.py", line 560, in on_connect_check_health\n    await self.read_response()\n  File "F:\\py\\Lib\\site-packages\\redis\\asyncio\\connection.py", line 747, in read_response\n    raise ConnectionError(f"Error while reading from {host_error} : {e.args}")\nredis.exceptions.ConnectionError: Error while reading from 192.168.100.128:6379 : (22, \'÷∏∂®µƒÕ¯¬Á√˚≤ª‘Ÿø…”√°£\', None, 64, None)'}
ERROR    ai_werewolf_core.core.event.bus:bus.py:741 {'game_id': None, 'error': 'EventBus Œﬁ∑®ªÒ»° Redis øÕªß∂À', 'event': '«Â¿Ì ¬º˛ Stream “Ï≥£', 'level': 'error', 'logger': 'ai_werewolf_core.core.event.bus', 'timestamp': '2026-05-14T21:33:29.776925+08:00', 'exception': 'Traceback (most recent call last):\n  File "F:\\py\\Lib\\asyncio\\windows_events.py", line 463, in finish_socket_func\n    return ov.getresult()\n           ~~~~~~~~~~~~^^\nOSError: [WinError 64] ÷∏∂®µƒÕ¯¬Á√˚≤ª‘Ÿø…”√°£\n\nDuring handling of the above exception, another exception occurred:\n\nTraceback (most recent call last):\n  File "F:\\py\\Lib\\site-packages\\redis\\asyncio\\connection.py", line 725, in read_response\n    response = await self._parser.read_response(\n               ^^^^^^^^^^^^^^^^^^^^^^^^^^^^^^^^^\n        disable_decoding=disable_decoding\n        ^^^^^^^^^^^^^^^^^^^^^^^^^^^^^^^^^\n    )\n    ^\n  File "F:\\py\\Lib\\site-packages\\redis\\_parsers\\resp2.py", line 82, in read_response\n    response = await self._read_response(disable_decoding=disable_decoding)\n               ^^^^^^^^^^^^^^^^^^^^^^^^^^^^^^^^^^^^^^^^^^^^^^^^^^^^^^^^^^^^\n  File "F:\\py\\Lib\\site-packages\\redis\\_parsers\\resp2.py", line 90, in _read_response\n    raw = await self._readline()\n          ^^^^^^^^^^^^^^^^^^^^^^\n  File "F:\\py\\Lib\\site-packages\\redis\\_parsers\\base.py", line 559, in _readline\n    data = await self._stream.readline()\n           ^^^^^^^^^^^^^^^^^^^^^^^^^^^^^\n  File "F:\\py\\Lib\\asyncio\\streams.py", line 562, in readline\n    line = await self.readuntil(sep)\n           ^^^^^^^^^^^^^^^^^^^^^^^^^\n  File "F:\\py\\Lib\\asyncio\\streams.py", line 677, in readuntil\n    await self._wait_for_data(\'readuntil\')\n  File "F:\\py\\Lib\\asyncio\\streams.py", line 539, in _wait_for_data\n    await self._waiter\n  File "F:\\py\\Lib\\asyncio\\proactor_events.py", line 286, in _loop_reading\n    length = fut.result()\n  File "F:\\py\\Lib\\asyncio\\windows_events.py", line 804, in _poll\n    value = callback(transferred, key, ov)\n  File "F:\\py\\Lib\\asyncio\\windows_events.py", line 467, in finish_socket_func\n    raise ConnectionResetError(*exc.args)\nConnectionResetError: [WinError 64] ÷∏∂®µƒÕ¯¬Á√˚≤ª‘Ÿø…”√°£\n\nDuring handling of the above exception, another exception occurred:\n\nTraceback (most recent call last):\n  File "F:\\YilenaCode\\Werewolf\\ai_werewolf_core\\core\\event\\bus.py", line 111, in _get_redis\n    self._redis_client = await RedisClientManager.get_client()\n                         ^^^^^^^^^^^^^^^^^^^^^^^^^^^^^^^^^^^^^\n  File "F:\\YilenaCode\\Werewolf\\ai_werewolf_core\\utils\\redis_client.py", line 128, in get_client\n    await cls._client.ping()\n  File "F:\\py\\Lib\\site-packages\\redis\\asyncio\\client.py", line 764, in execute_command\n    conn = self.connection or await pool.get_connection()\n                              ^^^^^^^^^^^^^^^^^^^^^^^^^^^\n  File "F:\\py\\Lib\\site-packages\\redis\\utils.py", line 227, in async_wrapper\n    return await func(*args, **kwargs)\n           ^^^^^^^^^^^^^^^^^^^^^^^^^^^\n  File "F:\\py\\Lib\\site-packages\\redis\\asyncio\\connection.py", line 1351, in get_connection\n    await self.ensure_connection(connection)\n  File "F:\\py\\Lib\\site-packages\\redis\\asyncio\\connection.py", line 1390, in ensure_connection\n    await connection.connect()\n  File "F:\\py\\Lib\\site-packages\\redis\\asyncio\\connection.py", line 339, in connect\n    await self.retry.call_with_retry(\n    ...<7 lines>...\n    )\n  File "F:\\py\\Lib\\site-packages\\redis\\asyncio\\retry.py", line 81, in call_with_retry\n    raise error\n  File "F:\\py\\Lib\\site-packages\\redis\\asyncio\\retry.py", line 69, in call_with_retry\n    return await do()\n           ^^^^^^^^^^\n  File "F:\\py\\Lib\\site-packages\\redis\\asyncio\\connection.py", line 403, in connect_check_health\n    await self.on_connect_check_health(check_health=check_health)\n  File "F:\\py\\Lib\\site-packages\\redis\\asyncio\\connection.py", line 560, in on_connect_check_health\n    await self.read_response()\n  File "F:\\py\\Lib\\site-packages\\redis\\asyncio\\connection.py", line 747, in read_response\n    raise ConnectionError(f"Error while reading from {host_error} : {e.args}")\nredis.exceptions.ConnectionError: Error while reading from 192.168.100.128:6379 : (22, \'÷∏∂®µƒÕ¯¬Á√˚≤ª‘Ÿø…”√°£\', None, 64, None)\n\nThe above exception was the direct cause of the following exception:\n\nTraceback (most recent call last):\n  File "F:\\YilenaCode\\Werewolf\\ai_werewolf_core\\core\\event\\bus.py", line 710, in clear\n    redis = await self._get_redis()\n            ^^^^^^^^^^^^^^^^^^^^^^^\n  File "F:\\YilenaCode\\Werewolf\\ai_werewolf_core\\core\\event\\bus.py", line 114, in _get_redis\n    raise RedisUnavailableException(\n        "EventBus Œﬁ∑®ªÒ»° Redis øÕªß∂À"\n    ) from e\nai_werewolf_core.utils.redis_seq.RedisUnavailableException: EventBus Œﬁ∑®ªÒ»° Redis øÕªß∂À'}
____________________ TestEndGame.test_end_game_normal_flow ____________________

trans = 0, key = 0, ov = <_overlapped.Overlapped object at 0x0000027C308471B0>

    @staticmethod
    def finish_socket_func(trans, key, ov):
        try:
>           return ov.getresult()
                   ^^^^^^^^^^^^^^
E           OSError: [WinError 64] ÷∏∂®µƒÕ¯¬Á√˚≤ª‘Ÿø…”√°£

F:\py\Lib\asyncio\windows_events.py:463: OSError

During handling of the above exception, another exception occurred:

self = <redis.asyncio.connection.Connection(host=192.168.100.128,port=6379,db=1)>
disable_decoding = False, timeout = None

    async def read_response(
        self,
        disable_decoding: bool = False,
        timeout: Optional[float] = None,
        *,
        disconnect_on_error: bool = True,
        push_request: Optional[bool] = False,
    ):
        """Read the response from a previously sent command"""
        read_timeout = timeout if timeout is not None else self.socket_timeout
        host_error = self._host_error()
        try:
            if read_timeout is not None and self.protocol in ["3", 3]:
                async with async_timeout(read_timeout):
                    response = await self._parser.read_response(
                        disable_decoding=disable_decoding, push_request=push_request
                    )
            elif read_timeout is not None:
                async with async_timeout(read_timeout):
>                   response = await self._parser.read_response(
                        disable_decoding=disable_decoding

F:\py\Lib\site-packages\redis\asyncio\connection.py:725: 
_ _ _ _ _ _ _ _ _ _ _ _ _ _ _ _ _ _ _ _ _ _ _ _ _ _ _ _ _ _ _ _ _ _ _ _ _ _ _ _
F:\py\Lib\site-packages\redis\_parsers\resp2.py:82: in read_response
    response = await self._read_response(disable_decoding=disable_decoding)
               ^^^^^^^^^^^^^^^^^^^^^^^^^^^^^^^^^^^^^^^^^^^^^^^^^^^^^^^^^^^^
F:\py\Lib\site-packages\redis\_parsers\resp2.py:90: in _read_response
    raw = await self._readline()
          ^^^^^^^^^^^^^^^^^^^^^^
F:\py\Lib\site-packages\redis\_parsers\base.py:559: in _readline
    data = await self._stream.readline()
           ^^^^^^^^^^^^^^^^^^^^^^^^^^^^^
F:\py\Lib\asyncio\streams.py:562: in readline
    line = await self.readuntil(sep)
           ^^^^^^^^^^^^^^^^^^^^^^^^^
F:\py\Lib\asyncio\streams.py:677: in readuntil
    await self._wait_for_data('readuntil')
F:\py\Lib\asyncio\streams.py:539: in _wait_for_data
    await self._waiter
F:\py\Lib\asyncio\proactor_events.py:286: in _loop_reading
    length = fut.result()
             ^^^^^^^^^^^^
F:\py\Lib\asyncio\windows_events.py:804: in _poll
    value = callback(transferred, key, ov)
            ^^^^^^^^^^^^^^^^^^^^^^^^^^^^^^
_ _ _ _ _ _ _ _ _ _ _ _ _ _ _ _ _ _ _ _ _ _ _ _ _ _ _ _ _ _ _ _ _ _ _ _ _ _ _ _

trans = 0, key = 0, ov = <_overlapped.Overlapped object at 0x0000027C308471B0>

    @staticmethod
    def finish_socket_func(trans, key, ov):
        try:
            return ov.getresult()
        except OSError as exc:
            if exc.winerror in (_overlapped.ERROR_NETNAME_DELETED,
                                _overlapped.ERROR_OPERATION_ABORTED):
>               raise ConnectionResetError(*exc.args)
E               ConnectionResetError: [WinError 64] ÷∏∂®µƒÕ¯¬Á√˚≤ª‘Ÿø…”√°£

F:\py\Lib\asyncio\windows_events.py:467: ConnectionResetError

During handling of the above exception, another exception occurred:

self = <ai_werewolf_core.core.engine.lifecycle.LifecycleManager object at 0x0000027C31B044B0>

    async def _get_redis(self) -> aioredis.Redis:
        """ªÒ»° Redis “Ï≤ΩøÕªß∂À£®¿¡≥ı ºªØ£¨π≤œÌ¡¨Ω”≥ÿ£©°£"""
        if self._redis is None:
            try:
>               self._redis = await RedisClientManager.get_client()
                              ^^^^^^^^^^^^^^^^^^^^^^^^^^^^^^^^^^^^^

ai_werewolf_core\core\engine\lifecycle.py:143: 
_ _ _ _ _ _ _ _ _ _ _ _ _ _ _ _ _ _ _ _ _ _ _ _ _ _ _ _ _ _ _ _ _ _ _ _ _ _ _ _
ai_werewolf_core\utils\redis_client.py:128: in get_client
    await cls._client.ping()
F:\py\Lib\site-packages\redis\asyncio\client.py:764: in execute_command
    conn = self.connection or await pool.get_connection()
                              ^^^^^^^^^^^^^^^^^^^^^^^^^^^
F:\py\Lib\site-packages\redis\utils.py:227: in async_wrapper
    return await func(*args, **kwargs)
           ^^^^^^^^^^^^^^^^^^^^^^^^^^^
F:\py\Lib\site-packages\redis\asyncio\connection.py:1351: in get_connection
    await self.ensure_connection(connection)
F:\py\Lib\site-packages\redis\asyncio\connection.py:1390: in ensure_connection
    await connection.connect()
F:\py\Lib\site-packages\redis\asyncio\connection.py:339: in connect
    await self.retry.call_with_retry(
F:\py\Lib\site-packages\redis\asyncio\retry.py:81: in call_with_retry
    raise error
F:\py\Lib\site-packages\redis\asyncio\retry.py:69: in call_with_retry
    return await do()
           ^^^^^^^^^^
F:\py\Lib\site-packages\redis\asyncio\connection.py:403: in connect_check_health
    await self.on_connect_check_health(check_health=check_health)
F:\py\Lib\site-packages\redis\asyncio\connection.py:560: in on_connect_check_health
    await self.read_response()
_ _ _ _ _ _ _ _ _ _ _ _ _ _ _ _ _ _ _ _ _ _ _ _ _ _ _ _ _ _ _ _ _ _ _ _ _ _ _ _

self = <redis.asyncio.connection.Connection(host=192.168.100.128,port=6379,db=1)>
disable_decoding = False, timeout = None

    async def read_response(
        self,
        disable_decoding: bool = False,
        timeout: Optional[float] = None,
        *,
        disconnect_on_error: bool = True,
        push_request: Optional[bool] = False,
    ):
        """Read the response from a previously sent command"""
        read_timeout = timeout if timeout is not None else self.socket_timeout
        host_error = self._host_error()
        try:
            if read_timeout is not None and self.protocol in ["3", 3]:
                async with async_timeout(read_timeout):
                    response = await self._parser.read_response(
                        disable_decoding=disable_decoding, push_request=push_request
                    )
            elif read_timeout is not None:
                async with async_timeout(read_timeout):
                    response = await self._parser.read_response(
                        disable_decoding=disable_decoding
                    )
            elif self.protocol in ["3", 3]:
                response = await self._parser.read_response(
                    disable_decoding=disable_decoding, push_request=push_request
                )
            else:
                response = await self._parser.read_response(
                    disable_decoding=disable_decoding
                )
        except asyncio.TimeoutError:
            if timeout is not None:
                # user requested timeout, return None. Operation can be retried
                return None
            # it was a self.socket_timeout error.
            if disconnect_on_error:
                await self.disconnect(nowait=True)
            raise TimeoutError(f"Timeout reading from {host_error}")
        except OSError as e:
            if disconnect_on_error:
                await self.disconnect(nowait=True)
>           raise ConnectionError(f"Error while reading from {host_error} : {e.args}")
E           redis.exceptions.ConnectionError: Error while reading from 192.168.100.128:6379 : (22, '÷∏∂®µƒÕ¯¬Á√˚≤ª‘Ÿø…”√°£', None, 64, None)

F:\py\Lib\site-packages\redis\asyncio\connection.py:747: ConnectionError

The above exception was the direct cause of the following exception:

self = <test_lifecycle.TestEndGame object at 0x0000027C303D2D50>
lifecycle = <ai_werewolf_core.core.engine.lifecycle.LifecycleManager object at 0x0000027C31B044B0>

    @pytest.mark.asyncio
    async def test_end_game_normal_flow(self, lifecycle):
        """’˝≥£Ω· ¯¡˜≥Ã: RUNNING °˙ SETTLING °˙ FINISHED°£"""
>       await lifecycle.init_game()

tests\unit\core\engine\test_lifecycle.py:244: 
_ _ _ _ _ _ _ _ _ _ _ _ _ _ _ _ _ _ _ _ _ _ _ _ _ _ _ _ _ _ _ _ _ _ _ _ _ _ _ _
ai_werewolf_core\core\engine\lifecycle.py:420: in init_game
    current_status = await self.get_status()
                     ^^^^^^^^^^^^^^^^^^^^^^^
ai_werewolf_core\core\engine\lifecycle.py:262: in get_status
    status = await self._get_status_from_redis()
             ^^^^^^^^^^^^^^^^^^^^^^^^^^^^^^^^^^^
ai_werewolf_core\core\engine\lifecycle.py:167: in _get_status_from_redis
    redis = await self._get_redis()
            ^^^^^^^^^^^^^^^^^^^^^^^
_ _ _ _ _ _ _ _ _ _ _ _ _ _ _ _ _ _ _ _ _ _ _ _ _ _ _ _ _ _ _ _ _ _ _ _ _ _ _ _

self = <ai_werewolf_core.core.engine.lifecycle.LifecycleManager object at 0x0000027C31B044B0>

    async def _get_redis(self) -> aioredis.Redis:
        """ªÒ»° Redis “Ï≤ΩøÕªß∂À£®¿¡≥ı ºªØ£¨π≤œÌ¡¨Ω”≥ÿ£©°£"""
        if self._redis is None:
            try:
                self._redis = await RedisClientManager.get_client()
                self._logger.debug("LifecycleManager “—ªÒ»°π≤œÌ Redis øÕªß∂À")
            except (aioredis.ConnectionError, aioredis.TimeoutError) as e:
>               raise RedisUnavailableException(
                    f"LifecycleManager Œﬁ∑®ªÒ»° Redis øÕªß∂À: game_id={self.game_id}"
                ) from e
E               ai_werewolf_core.utils.redis_seq.RedisUnavailableException: LifecycleManager Œﬁ∑®ªÒ»° Redis øÕªß∂À: game_id=test_lifecycle_cd6485ec54e4447b99217c555d4ba387

ai_werewolf_core\core\engine\lifecycle.py:146: RedisUnavailableException
---------------------------- Captured stderr setup ----------------------------
[2m2026-05-14T21:33:29.779914+08:00[0m [[32m[1mdebug    [0m] [1mglobal_subscribe              [0m [[0m[1m[34mai_werewolf_core.core.event.bus[0m][0m [36mhandler[0m=[35m_default_log_subscriber[0m
[2m2026-05-14T21:33:29.780099+08:00[0m [[32m[1mdebug    [0m] [1mglobal_subscribe              [0m [[0m[1m[34mai_werewolf_core.core.event.bus[0m][0m [36mhandler[0m=[35m_persist_to_db[0m
----------------------------- Captured log setup ------------------------------
DEBUG    ai_werewolf_core.core.event.bus:bus.py:519 {'handler': '_default_log_subscriber', 'event': 'global_subscribe', 'level': 'debug', 'logger': 'ai_werewolf_core.core.event.bus', 'timestamp': '2026-05-14T21:33:29.779914+08:00'}
DEBUG    ai_werewolf_core.core.event.bus:bus.py:519 {'handler': '_persist_to_db', 'event': 'global_subscribe', 'level': 'debug', 'logger': 'ai_werewolf_core.core.event.bus', 'timestamp': '2026-05-14T21:33:29.780099+08:00'}
---------------------------- Captured stderr call -----------------------------
[2m2026-05-14T21:33:29.780779+08:00[0m [[32m[1minfo     [0m] [1mgame_init                     [0m [[0m[1m[34mai_werewolf_core.core.engine.lifecycle[0m][0m [36mgame_id[0m=[35mtest_lifecycle_cd6485ec54e4447b99217c555d4ba387[0m [36mmodule[0m=[35mLifecycleManager[0m
[2m2026-05-14T21:33:29.780936+08:00[0m [[32m[1mdebug    [0m] [1mRedis ¡¨Ω”≥ÿ“—¥¥Ω®                  [0m [[0m[1m[34mai_werewolf_core.utils.redis_client[0m][0m [36mmax_connections[0m=[35m300[0m [36msocket_timeout[0m=[35m10[0m
[2m2026-05-14T21:33:34.784225+08:00[0m [[31m[1merror    [0m] [1mRedis ¡¨Ω”—È÷§ ß∞‹ (PING)           [0m [[0m[1m[34mai_werewolf_core.utils.redis_client[0m][0m [36merror[0m=[35m"Error while reading from 192.168.100.128:6379 : (22, '÷∏∂®µƒÕ¯¬Á√˚≤ª‘Ÿø…”√°£', None, 64, None)"[0m [36mhost[0m=[35m192.168.100.128[0m [36mport[0m=[35m6379[0m
Traceback (most recent call last):
  File "F:\py\Lib\asyncio\windows_events.py", line 463, in finish_socket_func
    return ov.getresult()
           ~~~~~~~~~~~~^^
OSError: [WinError 64] ÷∏∂®µƒÕ¯¬Á√˚≤ª‘Ÿø…”√°£

During handling of the above exception, another exception occurred:

Traceback (most recent call last):
  File "F:\py\Lib\site-packages\redis\asyncio\connection.py", line 725, in read_response
    response = await self._parser.read_response(
               ^^^^^^^^^^^^^^^^^^^^^^^^^^^^^^^^^
        disable_decoding=disable_decoding
        ^^^^^^^^^^^^^^^^^^^^^^^^^^^^^^^^^
    )
    ^
  File "F:\py\Lib\site-packages\redis\_parsers\resp2.py", line 82, in read_response
    response = await self._read_response(disable_decoding=disable_decoding)
               ^^^^^^^^^^^^^^^^^^^^^^^^^^^^^^^^^^^^^^^^^^^^^^^^^^^^^^^^^^^^
  File "F:\py\Lib\site-packages\redis\_parsers\resp2.py", line 90, in _read_response
    raw = await self._readline()
          ^^^^^^^^^^^^^^^^^^^^^^
  File "F:\py\Lib\site-packages\redis\_parsers\base.py", line 559, in _readline
    data = await self._stream.readline()
           ^^^^^^^^^^^^^^^^^^^^^^^^^^^^^
  File "F:\py\Lib\asyncio\streams.py", line 562, in readline
    line = await self.readuntil(sep)
           ^^^^^^^^^^^^^^^^^^^^^^^^^
  File "F:\py\Lib\asyncio\streams.py", line 677, in readuntil
    await self._wait_for_data('readuntil')
  File "F:\py\Lib\asyncio\streams.py", line 539, in _wait_for_data
    await self._waiter
  File "F:\py\Lib\asyncio\proactor_events.py", line 286, in _loop_reading
    length = fut.result()
  File "F:\py\Lib\asyncio\windows_events.py", line 804, in _poll
    value = callback(transferred, key, ov)
  File "F:\py\Lib\asyncio\windows_events.py", line 467, in finish_socket_func
    raise ConnectionResetError(*exc.args)
ConnectionResetError: [WinError 64] ÷∏∂®µƒÕ¯¬Á√˚≤ª‘Ÿø…”√°£

During handling of the above exception, another exception occurred:

Traceback (most recent call last):
  File "F:\YilenaCode\Werewolf\ai_werewolf_core\utils\redis_client.py", line 128, in get_client
    await cls._client.ping()
  File "F:\py\Lib\site-packages\redis\asyncio\client.py", line 764, in execute_command
    conn = self.connection or await pool.get_connection()
                              ^^^^^^^^^^^^^^^^^^^^^^^^^^^
  File "F:\py\Lib\site-packages\redis\utils.py", line 227, in async_wrapper
    return await func(*args, **kwargs)
           ^^^^^^^^^^^^^^^^^^^^^^^^^^^
  File "F:\py\Lib\site-packages\redis\asyncio\connection.py", line 1351, in get_connection
    await self.ensure_connection(connection)
  File "F:\py\Lib\site-packages\redis\asyncio\connection.py", line 1390, in ensure_connection
    await connection.connect()
  File "F:\py\Lib\site-packages\redis\asyncio\connection.py", line 339, in connect
    await self.retry.call_with_retry(
    ...<7 lines>...
    )
  File "F:\py\Lib\site-packages\redis\asyncio\retry.py", line 81, in call_with_retry
    raise error
  File "F:\py\Lib\site-packages\redis\asyncio\retry.py", line 69, in call_with_retry
    return await do()
           ^^^^^^^^^^
  File "F:\py\Lib\site-packages\redis\asyncio\connection.py", line 403, in connect_check_health
    await self.on_connect_check_health(check_health=check_health)
  File "F:\py\Lib\site-packages\redis\asyncio\connection.py", line 560, in on_connect_check_health
    await self.read_response()
  File "F:\py\Lib\site-packages\redis\asyncio\connection.py", line 747, in read_response
    raise ConnectionError(f"Error while reading from {host_error} : {e.args}")
redis.exceptions.ConnectionError: Error while reading from 192.168.100.128:6379 : (22, '÷∏∂®µƒÕ¯¬Á√˚≤ª‘Ÿø…”√°£', None, 64, None)
------------------------------ Captured log call ------------------------------
INFO     ai_werewolf_core.core.engine.lifecycle:lifecycle.py:418 {'game_id': 'test_lifecycle_cd6485ec54e4447b99217c555d4ba387', 'module': 'LifecycleManager', 'event': 'game_init', 'level': 'info', 'logger': 'ai_werewolf_core.core.engine.lifecycle', 'timestamp': '2026-05-14T21:33:29.780779+08:00'}
DEBUG    ai_werewolf_core.utils.redis_client:redis_client.py:243 {'max_connections': 300, 'socket_timeout': 10, 'event': 'Redis ¡¨Ω”≥ÿ“—¥¥Ω®', 'level': 'debug', 'logger': 'ai_werewolf_core.utils.redis_client', 'timestamp': '2026-05-14T21:33:29.780936+08:00'}
ERROR    ai_werewolf_core.utils.redis_client:redis_client.py:130 {'host': '192.168.100.128', 'port': 6379, 'error': "Error while reading from 192.168.100.128:6379 : (22, '÷∏∂®µƒÕ¯¬Á√˚≤ª‘Ÿø…”√°£', None, 64, None)", 'event': 'Redis ¡¨Ω”—È÷§ ß∞‹ (PING)', 'level': 'error', 'logger': 'ai_werewolf_core.utils.redis_client', 'timestamp': '2026-05-14T21:33:34.784225+08:00', 'exception': 'Traceback (most recent call last):\n  File "F:\\py\\Lib\\asyncio\\windows_events.py", line 463, in finish_socket_func\n    return ov.getresult()\n           ~~~~~~~~~~~~^^\nOSError: [WinError 64] ÷∏∂®µƒÕ¯¬Á√˚≤ª‘Ÿø…”√°£\n\nDuring handling of the above exception, another exception occurred:\n\nTraceback (most recent call last):\n  File "F:\\py\\Lib\\site-packages\\redis\\asyncio\\connection.py", line 725, in read_response\n    response = await self._parser.read_response(\n               ^^^^^^^^^^^^^^^^^^^^^^^^^^^^^^^^^\n        disable_decoding=disable_decoding\n        ^^^^^^^^^^^^^^^^^^^^^^^^^^^^^^^^^\n    )\n    ^\n  File "F:\\py\\Lib\\site-packages\\redis\\_parsers\\resp2.py", line 82, in read_response\n    response = await self._read_response(disable_decoding=disable_decoding)\n               ^^^^^^^^^^^^^^^^^^^^^^^^^^^^^^^^^^^^^^^^^^^^^^^^^^^^^^^^^^^^\n  File "F:\\py\\Lib\\site-packages\\redis\\_parsers\\resp2.py", line 90, in _read_response\n    raw = await self._readline()\n          ^^^^^^^^^^^^^^^^^^^^^^\n  File "F:\\py\\Lib\\site-packages\\redis\\_parsers\\base.py", line 559, in _readline\n    data = await self._stream.readline()\n           ^^^^^^^^^^^^^^^^^^^^^^^^^^^^^\n  File "F:\\py\\Lib\\asyncio\\streams.py", line 562, in readline\n    line = await self.readuntil(sep)\n           ^^^^^^^^^^^^^^^^^^^^^^^^^\n  File "F:\\py\\Lib\\asyncio\\streams.py", line 677, in readuntil\n    await self._wait_for_data(\'readuntil\')\n  File "F:\\py\\Lib\\asyncio\\streams.py", line 539, in _wait_for_data\n    await self._waiter\n  File "F:\\py\\Lib\\asyncio\\proactor_events.py", line 286, in _loop_reading\n    length = fut.result()\n  File "F:\\py\\Lib\\asyncio\\windows_events.py", line 804, in _poll\n    value = callback(transferred, key, ov)\n  File "F:\\py\\Lib\\asyncio\\windows_events.py", line 467, in finish_socket_func\n    raise ConnectionResetError(*exc.args)\nConnectionResetError: [WinError 64] ÷∏∂®µƒÕ¯¬Á√˚≤ª‘Ÿø…”√°£\n\nDuring handling of the above exception, another exception occurred:\n\nTraceback (most recent call last):\n  File "F:\\YilenaCode\\Werewolf\\ai_werewolf_core\\utils\\redis_client.py", line 128, in get_client\n    await cls._client.ping()\n  File "F:\\py\\Lib\\site-packages\\redis\\asyncio\\client.py", line 764, in execute_command\n    conn = self.connection or await pool.get_connection()\n                              ^^^^^^^^^^^^^^^^^^^^^^^^^^^\n  File "F:\\py\\Lib\\site-packages\\redis\\utils.py", line 227, in async_wrapper\n    return await func(*args, **kwargs)\n           ^^^^^^^^^^^^^^^^^^^^^^^^^^^\n  File "F:\\py\\Lib\\site-packages\\redis\\asyncio\\connection.py", line 1351, in get_connection\n    await self.ensure_connection(connection)\n  File "F:\\py\\Lib\\site-packages\\redis\\asyncio\\connection.py", line 1390, in ensure_connection\n    await connection.connect()\n  File "F:\\py\\Lib\\site-packages\\redis\\asyncio\\connection.py", line 339, in connect\n    await self.retry.call_with_retry(\n    ...<7 lines>...\n    )\n  File "F:\\py\\Lib\\site-packages\\redis\\asyncio\\retry.py", line 81, in call_with_retry\n    raise error\n  File "F:\\py\\Lib\\site-packages\\redis\\asyncio\\retry.py", line 69, in call_with_retry\n    return await do()\n           ^^^^^^^^^^\n  File "F:\\py\\Lib\\site-packages\\redis\\asyncio\\connection.py", line 403, in connect_check_health\n    await self.on_connect_check_health(check_health=check_health)\n  File "F:\\py\\Lib\\site-packages\\redis\\asyncio\\connection.py", line 560, in on_connect_check_health\n    await self.read_response()\n  File "F:\\py\\Lib\\site-packages\\redis\\asyncio\\connection.py", line 747, in read_response\n    raise ConnectionError(f"Error while reading from {host_error} : {e.args}")\nredis.exceptions.ConnectionError: Error while reading from 192.168.100.128:6379 : (22, \'÷∏∂®µƒÕ¯¬Á√˚≤ª‘Ÿø…”√°£\', None, 64, None)'}
-------------------------- Captured stderr teardown ---------------------------
[2m2026-05-14T21:33:34.919279+08:00[0m [[32m[1mdebug    [0m] [1mRedis ¡¨Ω”≥ÿ“—¥¥Ω®                  [0m [[0m[1m[34mai_werewolf_core.utils.redis_client[0m][0m [36mmax_connections[0m=[35m300[0m [36msocket_timeout[0m=[35m10[0m
[2m2026-05-14T21:33:39.921862+08:00[0m [[31m[1merror    [0m] [1mRedis ¡¨Ω”—È÷§ ß∞‹ (PING)           [0m [[0m[1m[34mai_werewolf_core.utils.redis_client[0m][0m [36merror[0m=[35m"Error while reading from 192.168.100.128:6379 : (22, '÷∏∂®µƒÕ¯¬Á√˚≤ª‘Ÿø…”√°£', None, 64, None)"[0m [36mhost[0m=[35m192.168.100.128[0m [36mport[0m=[35m6379[0m
Traceback (most recent call last):
  File "F:\py\Lib\asyncio\windows_events.py", line 463, in finish_socket_func
    return ov.getresult()
           ~~~~~~~~~~~~^^
OSError: [WinError 64] ÷∏∂®µƒÕ¯¬Á√˚≤ª‘Ÿø…”√°£

During handling of the above exception, another exception occurred:

Traceback (most recent call last):
  File "F:\py\Lib\site-packages\redis\asyncio\connection.py", line 725, in read_response
    response = await self._parser.read_response(
               ^^^^^^^^^^^^^^^^^^^^^^^^^^^^^^^^^
        disable_decoding=disable_decoding
        ^^^^^^^^^^^^^^^^^^^^^^^^^^^^^^^^^
    )
    ^
  File "F:\py\Lib\site-packages\redis\_parsers\resp2.py", line 82, in read_response
    response = await self._read_response(disable_decoding=disable_decoding)
               ^^^^^^^^^^^^^^^^^^^^^^^^^^^^^^^^^^^^^^^^^^^^^^^^^^^^^^^^^^^^
  File "F:\py\Lib\site-packages\redis\_parsers\resp2.py", line 90, in _read_response
    raw = await self._readline()
          ^^^^^^^^^^^^^^^^^^^^^^
  File "F:\py\Lib\site-packages\redis\_parsers\base.py", line 559, in _readline
    data = await self._stream.readline()
           ^^^^^^^^^^^^^^^^^^^^^^^^^^^^^
  File "F:\py\Lib\asyncio\streams.py", line 562, in readline
    line = await self.readuntil(sep)
           ^^^^^^^^^^^^^^^^^^^^^^^^^
  File "F:\py\Lib\asyncio\streams.py", line 677, in readuntil
    await self._wait_for_data('readuntil')
  File "F:\py\Lib\asyncio\streams.py", line 539, in _wait_for_data
    await self._waiter
  File "F:\py\Lib\asyncio\proactor_events.py", line 286, in _loop_reading
    length = fut.result()
  File "F:\py\Lib\asyncio\windows_events.py", line 804, in _poll
    value = callback(transferred, key, ov)
  File "F:\py\Lib\asyncio\windows_events.py", line 467, in finish_socket_func
    raise ConnectionResetError(*exc.args)
ConnectionResetError: [WinError 64] ÷∏∂®µƒÕ¯¬Á√˚≤ª‘Ÿø…”√°£

During handling of the above exception, another exception occurred:

Traceback (most recent call last):
  File "F:\YilenaCode\Werewolf\ai_werewolf_core\utils\redis_client.py", line 128, in get_client
    await cls._client.ping()
  File "F:\py\Lib\site-packages\redis\asyncio\client.py", line 764, in execute_command
    conn = self.connection or await pool.get_connection()
                              ^^^^^^^^^^^^^^^^^^^^^^^^^^^
  File "F:\py\Lib\site-packages\redis\utils.py", line 227, in async_wrapper
    return await func(*args, **kwargs)
           ^^^^^^^^^^^^^^^^^^^^^^^^^^^
  File "F:\py\Lib\site-packages\redis\asyncio\connection.py", line 1351, in get_connection
    await self.ensure_connection(connection)
  File "F:\py\Lib\site-packages\redis\asyncio\connection.py", line 1390, in ensure_connection
    await connection.connect()
  File "F:\py\Lib\site-packages\redis\asyncio\connection.py", line 339, in connect
    await self.retry.call_with_retry(
    ...<7 lines>...
    )
  File "F:\py\Lib\site-packages\redis\asyncio\retry.py", line 81, in call_with_retry
    raise error
  File "F:\py\Lib\site-packages\redis\asyncio\retry.py", line 69, in call_with_retry
    return await do()
           ^^^^^^^^^^
  File "F:\py\Lib\site-packages\redis\asyncio\connection.py", line 403, in connect_check_health
    await self.on_connect_check_health(check_health=check_health)
  File "F:\py\Lib\site-packages\redis\asyncio\connection.py", line 560, in on_connect_check_health
    await self.read_response()
  File "F:\py\Lib\site-packages\redis\asyncio\connection.py", line 747, in read_response
    raise ConnectionError(f"Error while reading from {host_error} : {e.args}")
redis.exceptions.ConnectionError: Error while reading from 192.168.100.128:6379 : (22, '÷∏∂®µƒÕ¯¬Á√˚≤ª‘Ÿø…”√°£', None, 64, None)
[2m2026-05-14T21:33:39.924146+08:00[0m [[31m[1merror    [0m] [1m«Â¿Ì ¬º˛ Stream “Ï≥£                [0m [[0m[1m[34mai_werewolf_core.core.event.bus[0m][0m [36merror[0m=[35m'EventBus Œﬁ∑®ªÒ»° Redis øÕªß∂À'[0m [36mgame_id[0m=[35mNone[0m
Traceback (most recent call last):
  File "F:\py\Lib\asyncio\windows_events.py", line 463, in finish_socket_func
    return ov.getresult()
           ~~~~~~~~~~~~^^
OSError: [WinError 64] ÷∏∂®µƒÕ¯¬Á√˚≤ª‘Ÿø…”√°£

During handling of the above exception, another exception occurred:

Traceback (most recent call last):
  File "F:\py\Lib\site-packages\redis\asyncio\connection.py", line 725, in read_response
    response = await self._parser.read_response(
               ^^^^^^^^^^^^^^^^^^^^^^^^^^^^^^^^^
        disable_decoding=disable_decoding
        ^^^^^^^^^^^^^^^^^^^^^^^^^^^^^^^^^
    )
    ^
  File "F:\py\Lib\site-packages\redis\_parsers\resp2.py", line 82, in read_response
    response = await self._read_response(disable_decoding=disable_decoding)
               ^^^^^^^^^^^^^^^^^^^^^^^^^^^^^^^^^^^^^^^^^^^^^^^^^^^^^^^^^^^^
  File "F:\py\Lib\site-packages\redis\_parsers\resp2.py", line 90, in _read_response
    raw = await self._readline()
          ^^^^^^^^^^^^^^^^^^^^^^
  File "F:\py\Lib\site-packages\redis\_parsers\base.py", line 559, in _readline
    data = await self._stream.readline()
           ^^^^^^^^^^^^^^^^^^^^^^^^^^^^^
  File "F:\py\Lib\asyncio\streams.py", line 562, in readline
    line = await self.readuntil(sep)
           ^^^^^^^^^^^^^^^^^^^^^^^^^
  File "F:\py\Lib\asyncio\streams.py", line 677, in readuntil
    await self._wait_for_data('readuntil')
  File "F:\py\Lib\asyncio\streams.py", line 539, in _wait_for_data
    await self._waiter
  File "F:\py\Lib\asyncio\proactor_events.py", line 286, in _loop_reading
    length = fut.result()
  File "F:\py\Lib\asyncio\windows_events.py", line 804, in _poll
    value = callback(transferred, key, ov)
  File "F:\py\Lib\asyncio\windows_events.py", line 467, in finish_socket_func
    raise ConnectionResetError(*exc.args)
ConnectionResetError: [WinError 64] ÷∏∂®µƒÕ¯¬Á√˚≤ª‘Ÿø…”√°£

During handling of the above exception, another exception occurred:

Traceback (most recent call last):
  File "F:\YilenaCode\Werewolf\ai_werewolf_core\core\event\bus.py", line 111, in _get_redis
    self._redis_client = await RedisClientManager.get_client()
                         ^^^^^^^^^^^^^^^^^^^^^^^^^^^^^^^^^^^^^
  File "F:\YilenaCode\Werewolf\ai_werewolf_core\utils\redis_client.py", line 128, in get_client
    await cls._client.ping()
  File "F:\py\Lib\site-packages\redis\asyncio\client.py", line 764, in execute_command
    conn = self.connection or await pool.get_connection()
                              ^^^^^^^^^^^^^^^^^^^^^^^^^^^
  File "F:\py\Lib\site-packages\redis\utils.py", line 227, in async_wrapper
    return await func(*args, **kwargs)
           ^^^^^^^^^^^^^^^^^^^^^^^^^^^
  File "F:\py\Lib\site-packages\redis\asyncio\connection.py", line 1351, in get_connection
    await self.ensure_connection(connection)
  File "F:\py\Lib\site-packages\redis\asyncio\connection.py", line 1390, in ensure_connection
    await connection.connect()
  File "F:\py\Lib\site-packages\redis\asyncio\connection.py", line 339, in connect
    await self.retry.call_with_retry(
    ...<7 lines>...
    )
  File "F:\py\Lib\site-packages\redis\asyncio\retry.py", line 81, in call_with_retry
    raise error
  File "F:\py\Lib\site-packages\redis\asyncio\retry.py", line 69, in call_with_retry
    return await do()
           ^^^^^^^^^^
  File "F:\py\Lib\site-packages\redis\asyncio\connection.py", line 403, in connect_check_health
    await self.on_connect_check_health(check_health=check_health)
  File "F:\py\Lib\site-packages\redis\asyncio\connection.py", line 560, in on_connect_check_health
    await self.read_response()
  File "F:\py\Lib\site-packages\redis\asyncio\connection.py", line 747, in read_response
    raise ConnectionError(f"Error while reading from {host_error} : {e.args}")
redis.exceptions.ConnectionError: Error while reading from 192.168.100.128:6379 : (22, '÷∏∂®µƒÕ¯¬Á√˚≤ª‘Ÿø…”√°£', None, 64, None)

The above exception was the direct cause of the following exception:

Traceback (most recent call last):
  File "F:\YilenaCode\Werewolf\ai_werewolf_core\core\event\bus.py", line 710, in clear
    redis = await self._get_redis()
            ^^^^^^^^^^^^^^^^^^^^^^^
  File "F:\YilenaCode\Werewolf\ai_werewolf_core\core\event\bus.py", line 114, in _get_redis
    raise RedisUnavailableException(
        "EventBus Œﬁ∑®ªÒ»° Redis øÕªß∂À"
    ) from e
ai_werewolf_core.utils.redis_seq.RedisUnavailableException: EventBus Œﬁ∑®ªÒ»° Redis øÕªß∂À
---------------------------- Captured log teardown ----------------------------
DEBUG    ai_werewolf_core.utils.redis_client:redis_client.py:243 {'max_connections': 300, 'socket_timeout': 10, 'event': 'Redis ¡¨Ω”≥ÿ“—¥¥Ω®', 'level': 'debug', 'logger': 'ai_werewolf_core.utils.redis_client', 'timestamp': '2026-05-14T21:33:34.919279+08:00'}
ERROR    ai_werewolf_core.utils.redis_client:redis_client.py:130 {'host': '192.168.100.128', 'port': 6379, 'error': "Error while reading from 192.168.100.128:6379 : (22, '÷∏∂®µƒÕ¯¬Á√˚≤ª‘Ÿø…”√°£', None, 64, None)", 'event': 'Redis ¡¨Ω”—È÷§ ß∞‹ (PING)', 'level': 'error', 'logger': 'ai_werewolf_core.utils.redis_client', 'timestamp': '2026-05-14T21:33:39.921862+08:00', 'exception': 'Traceback (most recent call last):\n  File "F:\\py\\Lib\\asyncio\\windows_events.py", line 463, in finish_socket_func\n    return ov.getresult()\n           ~~~~~~~~~~~~^^\nOSError: [WinError 64] ÷∏∂®µƒÕ¯¬Á√˚≤ª‘Ÿø…”√°£\n\nDuring handling of the above exception, another exception occurred:\n\nTraceback (most recent call last):\n  File "F:\\py\\Lib\\site-packages\\redis\\asyncio\\connection.py", line 725, in read_response\n    response = await self._parser.read_response(\n               ^^^^^^^^^^^^^^^^^^^^^^^^^^^^^^^^^\n        disable_decoding=disable_decoding\n        ^^^^^^^^^^^^^^^^^^^^^^^^^^^^^^^^^\n    )\n    ^\n  File "F:\\py\\Lib\\site-packages\\redis\\_parsers\\resp2.py", line 82, in read_response\n    response = await self._read_response(disable_decoding=disable_decoding)\n               ^^^^^^^^^^^^^^^^^^^^^^^^^^^^^^^^^^^^^^^^^^^^^^^^^^^^^^^^^^^^\n  File "F:\\py\\Lib\\site-packages\\redis\\_parsers\\resp2.py", line 90, in _read_response\n    raw = await self._readline()\n          ^^^^^^^^^^^^^^^^^^^^^^\n  File "F:\\py\\Lib\\site-packages\\redis\\_parsers\\base.py", line 559, in _readline\n    data = await self._stream.readline()\n           ^^^^^^^^^^^^^^^^^^^^^^^^^^^^^\n  File "F:\\py\\Lib\\asyncio\\streams.py", line 562, in readline\n    line = await self.readuntil(sep)\n           ^^^^^^^^^^^^^^^^^^^^^^^^^\n  File "F:\\py\\Lib\\asyncio\\streams.py", line 677, in readuntil\n    await self._wait_for_data(\'readuntil\')\n  File "F:\\py\\Lib\\asyncio\\streams.py", line 539, in _wait_for_data\n    await self._waiter\n  File "F:\\py\\Lib\\asyncio\\proactor_events.py", line 286, in _loop_reading\n    length = fut.result()\n  File "F:\\py\\Lib\\asyncio\\windows_events.py", line 804, in _poll\n    value = callback(transferred, key, ov)\n  File "F:\\py\\Lib\\asyncio\\windows_events.py", line 467, in finish_socket_func\n    raise ConnectionResetError(*exc.args)\nConnectionResetError: [WinError 64] ÷∏∂®µƒÕ¯¬Á√˚≤ª‘Ÿø…”√°£\n\nDuring handling of the above exception, another exception occurred:\n\nTraceback (most recent call last):\n  File "F:\\YilenaCode\\Werewolf\\ai_werewolf_core\\utils\\redis_client.py", line 128, in get_client\n    await cls._client.ping()\n  File "F:\\py\\Lib\\site-packages\\redis\\asyncio\\client.py", line 764, in execute_command\n    conn = self.connection or await pool.get_connection()\n                              ^^^^^^^^^^^^^^^^^^^^^^^^^^^\n  File "F:\\py\\Lib\\site-packages\\redis\\utils.py", line 227, in async_wrapper\n    return await func(*args, **kwargs)\n           ^^^^^^^^^^^^^^^^^^^^^^^^^^^\n  File "F:\\py\\Lib\\site-packages\\redis\\asyncio\\connection.py", line 1351, in get_connection\n    await self.ensure_connection(connection)\n  File "F:\\py\\Lib\\site-packages\\redis\\asyncio\\connection.py", line 1390, in ensure_connection\n    await connection.connect()\n  File "F:\\py\\Lib\\site-packages\\redis\\asyncio\\connection.py", line 339, in connect\n    await self.retry.call_with_retry(\n    ...<7 lines>...\n    )\n  File "F:\\py\\Lib\\site-packages\\redis\\asyncio\\retry.py", line 81, in call_with_retry\n    raise error\n  File "F:\\py\\Lib\\site-packages\\redis\\asyncio\\retry.py", line 69, in call_with_retry\n    return await do()\n           ^^^^^^^^^^\n  File "F:\\py\\Lib\\site-packages\\redis\\asyncio\\connection.py", line 403, in connect_check_health\n    await self.on_connect_check_health(check_health=check_health)\n  File "F:\\py\\Lib\\site-packages\\redis\\asyncio\\connection.py", line 560, in on_connect_check_health\n    await self.read_response()\n  File "F:\\py\\Lib\\site-packages\\redis\\asyncio\\connection.py", line 747, in read_response\n    raise ConnectionError(f"Error while reading from {host_error} : {e.args}")\nredis.exceptions.ConnectionError: Error while reading from 192.168.100.128:6379 : (22, \'÷∏∂®µƒÕ¯¬Á√˚≤ª‘Ÿø…”√°£\', None, 64, None)'}
ERROR    ai_werewolf_core.core.event.bus:bus.py:741 {'game_id': None, 'error': 'EventBus Œﬁ∑®ªÒ»° Redis øÕªß∂À', 'event': '«Â¿Ì ¬º˛ Stream “Ï≥£', 'level': 'error', 'logger': 'ai_werewolf_core.core.event.bus', 'timestamp': '2026-05-14T21:33:39.924146+08:00', 'exception': 'Traceback (most recent call last):\n  File "F:\\py\\Lib\\asyncio\\windows_events.py", line 463, in finish_socket_func\n    return ov.getresult()\n           ~~~~~~~~~~~~^^\nOSError: [WinError 64] ÷∏∂®µƒÕ¯¬Á√˚≤ª‘Ÿø…”√°£\n\nDuring handling of the above exception, another exception occurred:\n\nTraceback (most recent call last):\n  File "F:\\py\\Lib\\site-packages\\redis\\asyncio\\connection.py", line 725, in read_response\n    response = await self._parser.read_response(\n               ^^^^^^^^^^^^^^^^^^^^^^^^^^^^^^^^^\n        disable_decoding=disable_decoding\n        ^^^^^^^^^^^^^^^^^^^^^^^^^^^^^^^^^\n    )\n    ^\n  File "F:\\py\\Lib\\site-packages\\redis\\_parsers\\resp2.py", line 82, in read_response\n    response = await self._read_response(disable_decoding=disable_decoding)\n               ^^^^^^^^^^^^^^^^^^^^^^^^^^^^^^^^^^^^^^^^^^^^^^^^^^^^^^^^^^^^\n  File "F:\\py\\Lib\\site-packages\\redis\\_parsers\\resp2.py", line 90, in _read_response\n    raw = await self._readline()\n          ^^^^^^^^^^^^^^^^^^^^^^\n  File "F:\\py\\Lib\\site-packages\\redis\\_parsers\\base.py", line 559, in _readline\n    data = await self._stream.readline()\n           ^^^^^^^^^^^^^^^^^^^^^^^^^^^^^\n  File "F:\\py\\Lib\\asyncio\\streams.py", line 562, in readline\n    line = await self.readuntil(sep)\n           ^^^^^^^^^^^^^^^^^^^^^^^^^\n  File "F:\\py\\Lib\\asyncio\\streams.py", line 677, in readuntil\n    await self._wait_for_data(\'readuntil\')\n  File "F:\\py\\Lib\\asyncio\\streams.py", line 539, in _wait_for_data\n    await self._waiter\n  File "F:\\py\\Lib\\asyncio\\proactor_events.py", line 286, in _loop_reading\n    length = fut.result()\n  File "F:\\py\\Lib\\asyncio\\windows_events.py", line 804, in _poll\n    value = callback(transferred, key, ov)\n  File "F:\\py\\Lib\\asyncio\\windows_events.py", line 467, in finish_socket_func\n    raise ConnectionResetError(*exc.args)\nConnectionResetError: [WinError 64] ÷∏∂®µƒÕ¯¬Á√˚≤ª‘Ÿø…”√°£\n\nDuring handling of the above exception, another exception occurred:\n\nTraceback (most recent call last):\n  File "F:\\YilenaCode\\Werewolf\\ai_werewolf_core\\core\\event\\bus.py", line 111, in _get_redis\n    self._redis_client = await RedisClientManager.get_client()\n                         ^^^^^^^^^^^^^^^^^^^^^^^^^^^^^^^^^^^^^\n  File "F:\\YilenaCode\\Werewolf\\ai_werewolf_core\\utils\\redis_client.py", line 128, in get_client\n    await cls._client.ping()\n  File "F:\\py\\Lib\\site-packages\\redis\\asyncio\\client.py", line 764, in execute_command\n    conn = self.connection or await pool.get_connection()\n                              ^^^^^^^^^^^^^^^^^^^^^^^^^^^\n  File "F:\\py\\Lib\\site-packages\\redis\\utils.py", line 227, in async_wrapper\n    return await func(*args, **kwargs)\n           ^^^^^^^^^^^^^^^^^^^^^^^^^^^\n  File "F:\\py\\Lib\\site-packages\\redis\\asyncio\\connection.py", line 1351, in get_connection\n    await self.ensure_connection(connection)\n  File "F:\\py\\Lib\\site-packages\\redis\\asyncio\\connection.py", line 1390, in ensure_connection\n    await connection.connect()\n  File "F:\\py\\Lib\\site-packages\\redis\\asyncio\\connection.py", line 339, in connect\n    await self.retry.call_with_retry(\n    ...<7 lines>...\n    )\n  File "F:\\py\\Lib\\site-packages\\redis\\asyncio\\retry.py", line 81, in call_with_retry\n    raise error\n  File "F:\\py\\Lib\\site-packages\\redis\\asyncio\\retry.py", line 69, in call_with_retry\n    return await do()\n           ^^^^^^^^^^\n  File "F:\\py\\Lib\\site-packages\\redis\\asyncio\\connection.py", line 403, in connect_check_health\n    await self.on_connect_check_health(check_health=check_health)\n  File "F:\\py\\Lib\\site-packages\\redis\\asyncio\\connection.py", line 560, in on_connect_check_health\n    await self.read_response()\n  File "F:\\py\\Lib\\site-packages\\redis\\asyncio\\connection.py", line 747, in read_response\n    raise ConnectionError(f"Error while reading from {host_error} : {e.args}")\nredis.exceptions.ConnectionError: Error while reading from 192.168.100.128:6379 : (22, \'÷∏∂®µƒÕ¯¬Á√˚≤ª‘Ÿø…”√°£\', None, 64, None)\n\nThe above exception was the direct cause of the following exception:\n\nTraceback (most recent call last):\n  File "F:\\YilenaCode\\Werewolf\\ai_werewolf_core\\core\\event\\bus.py", line 710, in clear\n    redis = await self._get_redis()\n            ^^^^^^^^^^^^^^^^^^^^^^^\n  File "F:\\YilenaCode\\Werewolf\\ai_werewolf_core\\core\\event\\bus.py", line 114, in _get_redis\n    raise RedisUnavailableException(\n        "EventBus Œﬁ∑®ªÒ»° Redis øÕªß∂À"\n    ) from e\nai_werewolf_core.utils.redis_seq.RedisUnavailableException: EventBus Œﬁ∑®ªÒ»° Redis øÕªß∂À'}
______________ TestEndGame.test_end_game_sets_phase_to_game_over ______________

trans = 0, key = 0, ov = <_overlapped.Overlapped object at 0x0000027C30835770>

    @staticmethod
    def finish_socket_func(trans, key, ov):
        try:
>           return ov.getresult()
                   ^^^^^^^^^^^^^^
E           OSError: [WinError 64] ÷∏∂®µƒÕ¯¬Á√˚≤ª‘Ÿø…”√°£

F:\py\Lib\asyncio\windows_events.py:463: OSError

During handling of the above exception, another exception occurred:

self = <redis.asyncio.connection.Connection(host=192.168.100.128,port=6379,db=1)>
disable_decoding = False, timeout = None

    async def read_response(
        self,
        disable_decoding: bool = False,
        timeout: Optional[float] = None,
        *,
        disconnect_on_error: bool = True,
        push_request: Optional[bool] = False,
    ):
        """Read the response from a previously sent command"""
        read_timeout = timeout if timeout is not None else self.socket_timeout
        host_error = self._host_error()
        try:
            if read_timeout is not None and self.protocol in ["3", 3]:
                async with async_timeout(read_timeout):
                    response = await self._parser.read_response(
                        disable_decoding=disable_decoding, push_request=push_request
                    )
            elif read_timeout is not None:
                async with async_timeout(read_timeout):
>                   response = await self._parser.read_response(
                        disable_decoding=disable_decoding

F:\py\Lib\site-packages\redis\asyncio\connection.py:725: 
_ _ _ _ _ _ _ _ _ _ _ _ _ _ _ _ _ _ _ _ _ _ _ _ _ _ _ _ _ _ _ _ _ _ _ _ _ _ _ _
F:\py\Lib\site-packages\redis\_parsers\resp2.py:82: in read_response
    response = await self._read_response(disable_decoding=disable_decoding)
               ^^^^^^^^^^^^^^^^^^^^^^^^^^^^^^^^^^^^^^^^^^^^^^^^^^^^^^^^^^^^
F:\py\Lib\site-packages\redis\_parsers\resp2.py:90: in _read_response
    raw = await self._readline()
          ^^^^^^^^^^^^^^^^^^^^^^
F:\py\Lib\site-packages\redis\_parsers\base.py:559: in _readline
    data = await self._stream.readline()
           ^^^^^^^^^^^^^^^^^^^^^^^^^^^^^
F:\py\Lib\asyncio\streams.py:562: in readline
    line = await self.readuntil(sep)
           ^^^^^^^^^^^^^^^^^^^^^^^^^
F:\py\Lib\asyncio\streams.py:677: in readuntil
    await self._wait_for_data('readuntil')
F:\py\Lib\asyncio\streams.py:539: in _wait_for_data
    await self._waiter
F:\py\Lib\asyncio\proactor_events.py:286: in _loop_reading
    length = fut.result()
             ^^^^^^^^^^^^
F:\py\Lib\asyncio\windows_events.py:804: in _poll
    value = callback(transferred, key, ov)
            ^^^^^^^^^^^^^^^^^^^^^^^^^^^^^^
_ _ _ _ _ _ _ _ _ _ _ _ _ _ _ _ _ _ _ _ _ _ _ _ _ _ _ _ _ _ _ _ _ _ _ _ _ _ _ _

trans = 0, key = 0, ov = <_overlapped.Overlapped object at 0x0000027C30835770>

    @staticmethod
    def finish_socket_func(trans, key, ov):
        try:
            return ov.getresult()
        except OSError as exc:
            if exc.winerror in (_overlapped.ERROR_NETNAME_DELETED,
                                _overlapped.ERROR_OPERATION_ABORTED):
>               raise ConnectionResetError(*exc.args)
E               ConnectionResetError: [WinError 64] ÷∏∂®µƒÕ¯¬Á√˚≤ª‘Ÿø…”√°£

F:\py\Lib\asyncio\windows_events.py:467: ConnectionResetError

During handling of the above exception, another exception occurred:

self = <ai_werewolf_core.core.engine.lifecycle.LifecycleManager object at 0x0000027C31B048A0>

    async def _get_redis(self) -> aioredis.Redis:
        """ªÒ»° Redis “Ï≤ΩøÕªß∂À£®¿¡≥ı ºªØ£¨π≤œÌ¡¨Ω”≥ÿ£©°£"""
        if self._redis is None:
            try:
>               self._redis = await RedisClientManager.get_client()
                              ^^^^^^^^^^^^^^^^^^^^^^^^^^^^^^^^^^^^^

ai_werewolf_core\core\engine\lifecycle.py:143: 
_ _ _ _ _ _ _ _ _ _ _ _ _ _ _ _ _ _ _ _ _ _ _ _ _ _ _ _ _ _ _ _ _ _ _ _ _ _ _ _
ai_werewolf_core\utils\redis_client.py:128: in get_client
    await cls._client.ping()
F:\py\Lib\site-packages\redis\asyncio\client.py:764: in execute_command
    conn = self.connection or await pool.get_connection()
                              ^^^^^^^^^^^^^^^^^^^^^^^^^^^
F:\py\Lib\site-packages\redis\utils.py:227: in async_wrapper
    return await func(*args, **kwargs)
           ^^^^^^^^^^^^^^^^^^^^^^^^^^^
F:\py\Lib\site-packages\redis\asyncio\connection.py:1351: in get_connection
    await self.ensure_connection(connection)
F:\py\Lib\site-packages\redis\asyncio\connection.py:1390: in ensure_connection
    await connection.connect()
F:\py\Lib\site-packages\redis\asyncio\connection.py:339: in connect
    await self.retry.call_with_retry(
F:\py\Lib\site-packages\redis\asyncio\retry.py:81: in call_with_retry
    raise error
F:\py\Lib\site-packages\redis\asyncio\retry.py:69: in call_with_retry
    return await do()
           ^^^^^^^^^^
F:\py\Lib\site-packages\redis\asyncio\connection.py:403: in connect_check_health
    await self.on_connect_check_health(check_health=check_health)
F:\py\Lib\site-packages\redis\asyncio\connection.py:560: in on_connect_check_health
    await self.read_response()
_ _ _ _ _ _ _ _ _ _ _ _ _ _ _ _ _ _ _ _ _ _ _ _ _ _ _ _ _ _ _ _ _ _ _ _ _ _ _ _

self = <redis.asyncio.connection.Connection(host=192.168.100.128,port=6379,db=1)>
disable_decoding = False, timeout = None

    async def read_response(
        self,
        disable_decoding: bool = False,
        timeout: Optional[float] = None,
        *,
        disconnect_on_error: bool = True,
        push_request: Optional[bool] = False,
    ):
        """Read the response from a previously sent command"""
        read_timeout = timeout if timeout is not None else self.socket_timeout
        host_error = self._host_error()
        try:
            if read_timeout is not None and self.protocol in ["3", 3]:
                async with async_timeout(read_timeout):
                    response = await self._parser.read_response(
                        disable_decoding=disable_decoding, push_request=push_request
                    )
            elif read_timeout is not None:
                async with async_timeout(read_timeout):
                    response = await self._parser.read_response(
                        disable_decoding=disable_decoding
                    )
            elif self.protocol in ["3", 3]:
                response = await self._parser.read_response(
                    disable_decoding=disable_decoding, push_request=push_request
                )
            else:
                response = await self._parser.read_response(
                    disable_decoding=disable_decoding
                )
        except asyncio.TimeoutError:
            if timeout is not None:
                # user requested timeout, return None. Operation can be retried
                return None
            # it was a self.socket_timeout error.
            if disconnect_on_error:
                await self.disconnect(nowait=True)
            raise TimeoutError(f"Timeout reading from {host_error}")
        except OSError as e:
            if disconnect_on_error:
                await self.disconnect(nowait=True)
>           raise ConnectionError(f"Error while reading from {host_error} : {e.args}")
E           redis.exceptions.ConnectionError: Error while reading from 192.168.100.128:6379 : (22, '÷∏∂®µƒÕ¯¬Á√˚≤ª‘Ÿø…”√°£', None, 64, None)

F:\py\Lib\site-packages\redis\asyncio\connection.py:747: ConnectionError

The above exception was the direct cause of the following exception:

self = <test_lifecycle.TestEndGame object at 0x0000027C303D2E90>
lifecycle = <ai_werewolf_core.core.engine.lifecycle.LifecycleManager object at 0x0000027C31B048A0>

    @pytest.mark.asyncio
    async def test_end_game_sets_phase_to_game_over(self, lifecycle):
        """end_game ”¶Ω´Ω◊∂Œ◊¥Ã¨ª˙…ËŒ™ GAME_OVER°£"""
>       await lifecycle.init_game()

tests\unit\core\engine\test_lifecycle.py:253: 
_ _ _ _ _ _ _ _ _ _ _ _ _ _ _ _ _ _ _ _ _ _ _ _ _ _ _ _ _ _ _ _ _ _ _ _ _ _ _ _
ai_werewolf_core\core\engine\lifecycle.py:420: in init_game
    current_status = await self.get_status()
                     ^^^^^^^^^^^^^^^^^^^^^^^
ai_werewolf_core\core\engine\lifecycle.py:262: in get_status
    status = await self._get_status_from_redis()
             ^^^^^^^^^^^^^^^^^^^^^^^^^^^^^^^^^^^
ai_werewolf_core\core\engine\lifecycle.py:167: in _get_status_from_redis
    redis = await self._get_redis()
            ^^^^^^^^^^^^^^^^^^^^^^^
_ _ _ _ _ _ _ _ _ _ _ _ _ _ _ _ _ _ _ _ _ _ _ _ _ _ _ _ _ _ _ _ _ _ _ _ _ _ _ _

self = <ai_werewolf_core.core.engine.lifecycle.LifecycleManager object at 0x0000027C31B048A0>

    async def _get_redis(self) -> aioredis.Redis:
        """ªÒ»° Redis “Ï≤ΩøÕªß∂À£®¿¡≥ı ºªØ£¨π≤œÌ¡¨Ω”≥ÿ£©°£"""
        if self._redis is None:
            try:
                self._redis = await RedisClientManager.get_client()
                self._logger.debug("LifecycleManager “—ªÒ»°π≤œÌ Redis øÕªß∂À")
            except (aioredis.ConnectionError, aioredis.TimeoutError) as e:
>               raise RedisUnavailableException(
                    f"LifecycleManager Œﬁ∑®ªÒ»° Redis øÕªß∂À: game_id={self.game_id}"
                ) from e
E               ai_werewolf_core.utils.redis_seq.RedisUnavailableException: LifecycleManager Œﬁ∑®ªÒ»° Redis øÕªß∂À: game_id=test_lifecycle_4446dd5a4c09405fa7fdfb06c2c90ec3

ai_werewolf_core\core\engine\lifecycle.py:146: RedisUnavailableException
---------------------------- Captured stderr setup ----------------------------
[2m2026-05-14T21:33:39.926763+08:00[0m [[32m[1mdebug    [0m] [1mglobal_subscribe              [0m [[0m[1m[34mai_werewolf_core.core.event.bus[0m][0m [36mhandler[0m=[35m_default_log_subscriber[0m
[2m2026-05-14T21:33:39.926931+08:00[0m [[32m[1mdebug    [0m] [1mglobal_subscribe              [0m [[0m[1m[34mai_werewolf_core.core.event.bus[0m][0m [36mhandler[0m=[35m_persist_to_db[0m
----------------------------- Captured log setup ------------------------------
DEBUG    ai_werewolf_core.core.event.bus:bus.py:519 {'handler': '_default_log_subscriber', 'event': 'global_subscribe', 'level': 'debug', 'logger': 'ai_werewolf_core.core.event.bus', 'timestamp': '2026-05-14T21:33:39.926763+08:00'}
DEBUG    ai_werewolf_core.core.event.bus:bus.py:519 {'handler': '_persist_to_db', 'event': 'global_subscribe', 'level': 'debug', 'logger': 'ai_werewolf_core.core.event.bus', 'timestamp': '2026-05-14T21:33:39.926931+08:00'}
---------------------------- Captured stderr call -----------------------------
[2m2026-05-14T21:33:39.927552+08:00[0m [[32m[1minfo     [0m] [1mgame_init                     [0m [[0m[1m[34mai_werewolf_core.core.engine.lifecycle[0m][0m [36mgame_id[0m=[35mtest_lifecycle_4446dd5a4c09405fa7fdfb06c2c90ec3[0m [36mmodule[0m=[35mLifecycleManager[0m
[2m2026-05-14T21:33:39.927729+08:00[0m [[32m[1mdebug    [0m] [1mRedis ¡¨Ω”≥ÿ“—¥¥Ω®                  [0m [[0m[1m[34mai_werewolf_core.utils.redis_client[0m][0m [36mmax_connections[0m=[35m300[0m [36msocket_timeout[0m=[35m10[0m
[2m2026-05-14T21:33:44.930558+08:00[0m [[31m[1merror    [0m] [1mRedis ¡¨Ω”—È÷§ ß∞‹ (PING)           [0m [[0m[1m[34mai_werewolf_core.utils.redis_client[0m][0m [36merror[0m=[35m"Error while reading from 192.168.100.128:6379 : (22, '÷∏∂®µƒÕ¯¬Á√˚≤ª‘Ÿø…”√°£', None, 64, None)"[0m [36mhost[0m=[35m192.168.100.128[0m [36mport[0m=[35m6379[0m
Traceback (most recent call last):
  File "F:\py\Lib\asyncio\windows_events.py", line 463, in finish_socket_func
    return ov.getresult()
           ~~~~~~~~~~~~^^
OSError: [WinError 64] ÷∏∂®µƒÕ¯¬Á√˚≤ª‘Ÿø…”√°£

During handling of the above exception, another exception occurred:

Traceback (most recent call last):
  File "F:\py\Lib\site-packages\redis\asyncio\connection.py", line 725, in read_response
    response = await self._parser.read_response(
               ^^^^^^^^^^^^^^^^^^^^^^^^^^^^^^^^^
        disable_decoding=disable_decoding
        ^^^^^^^^^^^^^^^^^^^^^^^^^^^^^^^^^
    )
    ^
  File "F:\py\Lib\site-packages\redis\_parsers\resp2.py", line 82, in read_response
    response = await self._read_response(disable_decoding=disable_decoding)
               ^^^^^^^^^^^^^^^^^^^^^^^^^^^^^^^^^^^^^^^^^^^^^^^^^^^^^^^^^^^^
  File "F:\py\Lib\site-packages\redis\_parsers\resp2.py", line 90, in _read_response
    raw = await self._readline()
          ^^^^^^^^^^^^^^^^^^^^^^
  File "F:\py\Lib\site-packages\redis\_parsers\base.py", line 559, in _readline
    data = await self._stream.readline()
           ^^^^^^^^^^^^^^^^^^^^^^^^^^^^^
  File "F:\py\Lib\asyncio\streams.py", line 562, in readline
    line = await self.readuntil(sep)
           ^^^^^^^^^^^^^^^^^^^^^^^^^
  File "F:\py\Lib\asyncio\streams.py", line 677, in readuntil
    await self._wait_for_data('readuntil')
  File "F:\py\Lib\asyncio\streams.py", line 539, in _wait_for_data
    await self._waiter
  File "F:\py\Lib\asyncio\proactor_events.py", line 286, in _loop_reading
    length = fut.result()
  File "F:\py\Lib\asyncio\windows_events.py", line 804, in _poll
    value = callback(transferred, key, ov)
  File "F:\py\Lib\asyncio\windows_events.py", line 467, in finish_socket_func
    raise ConnectionResetError(*exc.args)
ConnectionResetError: [WinError 64] ÷∏∂®µƒÕ¯¬Á√˚≤ª‘Ÿø…”√°£

During handling of the above exception, another exception occurred:

Traceback (most recent call last):
  File "F:\YilenaCode\Werewolf\ai_werewolf_core\utils\redis_client.py", line 128, in get_client
    await cls._client.ping()
  File "F:\py\Lib\site-packages\redis\asyncio\client.py", line 764, in execute_command
    conn = self.connection or await pool.get_connection()
                              ^^^^^^^^^^^^^^^^^^^^^^^^^^^
  File "F:\py\Lib\site-packages\redis\utils.py", line 227, in async_wrapper
    return await func(*args, **kwargs)
           ^^^^^^^^^^^^^^^^^^^^^^^^^^^
  File "F:\py\Lib\site-packages\redis\asyncio\connection.py", line 1351, in get_connection
    await self.ensure_connection(connection)
  File "F:\py\Lib\site-packages\redis\asyncio\connection.py", line 1390, in ensure_connection
    await connection.connect()
  File "F:\py\Lib\site-packages\redis\asyncio\connection.py", line 339, in connect
    await self.retry.call_with_retry(
    ...<7 lines>...
    )
  File "F:\py\Lib\site-packages\redis\asyncio\retry.py", line 81, in call_with_retry
    raise error
  File "F:\py\Lib\site-packages\redis\asyncio\retry.py", line 69, in call_with_retry
    return await do()
           ^^^^^^^^^^
  File "F:\py\Lib\site-packages\redis\asyncio\connection.py", line 403, in connect_check_health
    await self.on_connect_check_health(check_health=check_health)
  File "F:\py\Lib\site-packages\redis\asyncio\connection.py", line 560, in on_connect_check_health
    await self.read_response()
  File "F:\py\Lib\site-packages\redis\asyncio\connection.py", line 747, in read_response
    raise ConnectionError(f"Error while reading from {host_error} : {e.args}")
redis.exceptions.ConnectionError: Error while reading from 192.168.100.128:6379 : (22, '÷∏∂®µƒÕ¯¬Á√˚≤ª‘Ÿø…”√°£', None, 64, None)
------------------------------ Captured log call ------------------------------
INFO     ai_werewolf_core.core.engine.lifecycle:lifecycle.py:418 {'game_id': 'test_lifecycle_4446dd5a4c09405fa7fdfb06c2c90ec3', 'module': 'LifecycleManager', 'event': 'game_init', 'level': 'info', 'logger': 'ai_werewolf_core.core.engine.lifecycle', 'timestamp': '2026-05-14T21:33:39.927552+08:00'}
DEBUG    ai_werewolf_core.utils.redis_client:redis_client.py:243 {'max_connections': 300, 'socket_timeout': 10, 'event': 'Redis ¡¨Ω”≥ÿ“—¥¥Ω®', 'level': 'debug', 'logger': 'ai_werewolf_core.utils.redis_client', 'timestamp': '2026-05-14T21:33:39.927729+08:00'}
ERROR    ai_werewolf_core.utils.redis_client:redis_client.py:130 {'host': '192.168.100.128', 'port': 6379, 'error': "Error while reading from 192.168.100.128:6379 : (22, '÷∏∂®µƒÕ¯¬Á√˚≤ª‘Ÿø…”√°£', None, 64, None)", 'event': 'Redis ¡¨Ω”—È÷§ ß∞‹ (PING)', 'level': 'error', 'logger': 'ai_werewolf_core.utils.redis_client', 'timestamp': '2026-05-14T21:33:44.930558+08:00', 'exception': 'Traceback (most recent call last):\n  File "F:\\py\\Lib\\asyncio\\windows_events.py", line 463, in finish_socket_func\n    return ov.getresult()\n           ~~~~~~~~~~~~^^\nOSError: [WinError 64] ÷∏∂®µƒÕ¯¬Á√˚≤ª‘Ÿø…”√°£\n\nDuring handling of the above exception, another exception occurred:\n\nTraceback (most recent call last):\n  File "F:\\py\\Lib\\site-packages\\redis\\asyncio\\connection.py", line 725, in read_response\n    response = await self._parser.read_response(\n               ^^^^^^^^^^^^^^^^^^^^^^^^^^^^^^^^^\n        disable_decoding=disable_decoding\n        ^^^^^^^^^^^^^^^^^^^^^^^^^^^^^^^^^\n    )\n    ^\n  File "F:\\py\\Lib\\site-packages\\redis\\_parsers\\resp2.py", line 82, in read_response\n    response = await self._read_response(disable_decoding=disable_decoding)\n               ^^^^^^^^^^^^^^^^^^^^^^^^^^^^^^^^^^^^^^^^^^^^^^^^^^^^^^^^^^^^\n  File "F:\\py\\Lib\\site-packages\\redis\\_parsers\\resp2.py", line 90, in _read_response\n    raw = await self._readline()\n          ^^^^^^^^^^^^^^^^^^^^^^\n  File "F:\\py\\Lib\\site-packages\\redis\\_parsers\\base.py", line 559, in _readline\n    data = await self._stream.readline()\n           ^^^^^^^^^^^^^^^^^^^^^^^^^^^^^\n  File "F:\\py\\Lib\\asyncio\\streams.py", line 562, in readline\n    line = await self.readuntil(sep)\n           ^^^^^^^^^^^^^^^^^^^^^^^^^\n  File "F:\\py\\Lib\\asyncio\\streams.py", line 677, in readuntil\n    await self._wait_for_data(\'readuntil\')\n  File "F:\\py\\Lib\\asyncio\\streams.py", line 539, in _wait_for_data\n    await self._waiter\n  File "F:\\py\\Lib\\asyncio\\proactor_events.py", line 286, in _loop_reading\n    length = fut.result()\n  File "F:\\py\\Lib\\asyncio\\windows_events.py", line 804, in _poll\n    value = callback(transferred, key, ov)\n  File "F:\\py\\Lib\\asyncio\\windows_events.py", line 467, in finish_socket_func\n    raise ConnectionResetError(*exc.args)\nConnectionResetError: [WinError 64] ÷∏∂®µƒÕ¯¬Á√˚≤ª‘Ÿø…”√°£\n\nDuring handling of the above exception, another exception occurred:\n\nTraceback (most recent call last):\n  File "F:\\YilenaCode\\Werewolf\\ai_werewolf_core\\utils\\redis_client.py", line 128, in get_client\n    await cls._client.ping()\n  File "F:\\py\\Lib\\site-packages\\redis\\asyncio\\client.py", line 764, in execute_command\n    conn = self.connection or await pool.get_connection()\n                              ^^^^^^^^^^^^^^^^^^^^^^^^^^^\n  File "F:\\py\\Lib\\site-packages\\redis\\utils.py", line 227, in async_wrapper\n    return await func(*args, **kwargs)\n           ^^^^^^^^^^^^^^^^^^^^^^^^^^^\n  File "F:\\py\\Lib\\site-packages\\redis\\asyncio\\connection.py", line 1351, in get_connection\n    await self.ensure_connection(connection)\n  File "F:\\py\\Lib\\site-packages\\redis\\asyncio\\connection.py", line 1390, in ensure_connection\n    await connection.connect()\n  File "F:\\py\\Lib\\site-packages\\redis\\asyncio\\connection.py", line 339, in connect\n    await self.retry.call_with_retry(\n    ...<7 lines>...\n    )\n  File "F:\\py\\Lib\\site-packages\\redis\\asyncio\\retry.py", line 81, in call_with_retry\n    raise error\n  File "F:\\py\\Lib\\site-packages\\redis\\asyncio\\retry.py", line 69, in call_with_retry\n    return await do()\n           ^^^^^^^^^^\n  File "F:\\py\\Lib\\site-packages\\redis\\asyncio\\connection.py", line 403, in connect_check_health\n    await self.on_connect_check_health(check_health=check_health)\n  File "F:\\py\\Lib\\site-packages\\redis\\asyncio\\connection.py", line 560, in on_connect_check_health\n    await self.read_response()\n  File "F:\\py\\Lib\\site-packages\\redis\\asyncio\\connection.py", line 747, in read_response\n    raise ConnectionError(f"Error while reading from {host_error} : {e.args}")\nredis.exceptions.ConnectionError: Error while reading from 192.168.100.128:6379 : (22, \'÷∏∂®µƒÕ¯¬Á√˚≤ª‘Ÿø…”√°£\', None, 64, None)'}
-------------------------- Captured stderr teardown ---------------------------
[2m2026-05-14T21:33:45.073972+08:00[0m [[32m[1mdebug    [0m] [1mRedis ¡¨Ω”≥ÿ“—¥¥Ω®                  [0m [[0m[1m[34mai_werewolf_core.utils.redis_client[0m][0m [36mmax_connections[0m=[35m300[0m [36msocket_timeout[0m=[35m10[0m
[2m2026-05-14T21:33:50.077133+08:00[0m [[31m[1merror    [0m] [1mRedis ¡¨Ω”—È÷§ ß∞‹ (PING)           [0m [[0m[1m[34mai_werewolf_core.utils.redis_client[0m][0m [36merror[0m=[35m"Error while reading from 192.168.100.128:6379 : (22, '÷∏∂®µƒÕ¯¬Á√˚≤ª‘Ÿø…”√°£', None, 64, None)"[0m [36mhost[0m=[35m192.168.100.128[0m [36mport[0m=[35m6379[0m
Traceback (most recent call last):
  File "F:\py\Lib\asyncio\windows_events.py", line 463, in finish_socket_func
    return ov.getresult()
           ~~~~~~~~~~~~^^
OSError: [WinError 64] ÷∏∂®µƒÕ¯¬Á√˚≤ª‘Ÿø…”√°£

During handling of the above exception, another exception occurred:

Traceback (most recent call last):
  File "F:\py\Lib\site-packages\redis\asyncio\connection.py", line 725, in read_response
    response = await self._parser.read_response(
               ^^^^^^^^^^^^^^^^^^^^^^^^^^^^^^^^^
        disable_decoding=disable_decoding
        ^^^^^^^^^^^^^^^^^^^^^^^^^^^^^^^^^
    )
    ^
  File "F:\py\Lib\site-packages\redis\_parsers\resp2.py", line 82, in read_response
    response = await self._read_response(disable_decoding=disable_decoding)
               ^^^^^^^^^^^^^^^^^^^^^^^^^^^^^^^^^^^^^^^^^^^^^^^^^^^^^^^^^^^^
  File "F:\py\Lib\site-packages\redis\_parsers\resp2.py", line 90, in _read_response
    raw = await self._readline()
          ^^^^^^^^^^^^^^^^^^^^^^
  File "F:\py\Lib\site-packages\redis\_parsers\base.py", line 559, in _readline
    data = await self._stream.readline()
           ^^^^^^^^^^^^^^^^^^^^^^^^^^^^^
  File "F:\py\Lib\asyncio\streams.py", line 562, in readline
    line = await self.readuntil(sep)
           ^^^^^^^^^^^^^^^^^^^^^^^^^
  File "F:\py\Lib\asyncio\streams.py", line 677, in readuntil
    await self._wait_for_data('readuntil')
  File "F:\py\Lib\asyncio\streams.py", line 539, in _wait_for_data
    await self._waiter
  File "F:\py\Lib\asyncio\proactor_events.py", line 286, in _loop_reading
    length = fut.result()
  File "F:\py\Lib\asyncio\windows_events.py", line 804, in _poll
    value = callback(transferred, key, ov)
  File "F:\py\Lib\asyncio\windows_events.py", line 467, in finish_socket_func
    raise ConnectionResetError(*exc.args)
ConnectionResetError: [WinError 64] ÷∏∂®µƒÕ¯¬Á√˚≤ª‘Ÿø…”√°£

During handling of the above exception, another exception occurred:

Traceback (most recent call last):
  File "F:\YilenaCode\Werewolf\ai_werewolf_core\utils\redis_client.py", line 128, in get_client
    await cls._client.ping()
  File "F:\py\Lib\site-packages\redis\asyncio\client.py", line 764, in execute_command
    conn = self.connection or await pool.get_connection()
                              ^^^^^^^^^^^^^^^^^^^^^^^^^^^
  File "F:\py\Lib\site-packages\redis\utils.py", line 227, in async_wrapper
    return await func(*args, **kwargs)
           ^^^^^^^^^^^^^^^^^^^^^^^^^^^
  File "F:\py\Lib\site-packages\redis\asyncio\connection.py", line 1351, in get_connection
    await self.ensure_connection(connection)
  File "F:\py\Lib\site-packages\redis\asyncio\connection.py", line 1390, in ensure_connection
    await connection.connect()
  File "F:\py\Lib\site-packages\redis\asyncio\connection.py", line 339, in connect
    await self.retry.call_with_retry(
    ...<7 lines>...
    )
  File "F:\py\Lib\site-packages\redis\asyncio\retry.py", line 81, in call_with_retry
    raise error
  File "F:\py\Lib\site-packages\redis\asyncio\retry.py", line 69, in call_with_retry
    return await do()
           ^^^^^^^^^^
  File "F:\py\Lib\site-packages\redis\asyncio\connection.py", line 403, in connect_check_health
    await self.on_connect_check_health(check_health=check_health)
  File "F:\py\Lib\site-packages\redis\asyncio\connection.py", line 560, in on_connect_check_health
    await self.read_response()
  File "F:\py\Lib\site-packages\redis\asyncio\connection.py", line 747, in read_response
    raise ConnectionError(f"Error while reading from {host_error} : {e.args}")
redis.exceptions.ConnectionError: Error while reading from 192.168.100.128:6379 : (22, '÷∏∂®µƒÕ¯¬Á√˚≤ª‘Ÿø…”√°£', None, 64, None)
[2m2026-05-14T21:33:50.079506+08:00[0m [[31m[1merror    [0m] [1m«Â¿Ì ¬º˛ Stream “Ï≥£                [0m [[0m[1m[34mai_werewolf_core.core.event.bus[0m][0m [36merror[0m=[35m'EventBus Œﬁ∑®ªÒ»° Redis øÕªß∂À'[0m [36mgame_id[0m=[35mNone[0m
Traceback (most recent call last):
  File "F:\py\Lib\asyncio\windows_events.py", line 463, in finish_socket_func
    return ov.getresult()
           ~~~~~~~~~~~~^^
OSError: [WinError 64] ÷∏∂®µƒÕ¯¬Á√˚≤ª‘Ÿø…”√°£

During handling of the above exception, another exception occurred:

Traceback (most recent call last):
  File "F:\py\Lib\site-packages\redis\asyncio\connection.py", line 725, in read_response
    response = await self._parser.read_response(
               ^^^^^^^^^^^^^^^^^^^^^^^^^^^^^^^^^
        disable_decoding=disable_decoding
        ^^^^^^^^^^^^^^^^^^^^^^^^^^^^^^^^^
    )
    ^
  File "F:\py\Lib\site-packages\redis\_parsers\resp2.py", line 82, in read_response
    response = await self._read_response(disable_decoding=disable_decoding)
               ^^^^^^^^^^^^^^^^^^^^^^^^^^^^^^^^^^^^^^^^^^^^^^^^^^^^^^^^^^^^
  File "F:\py\Lib\site-packages\redis\_parsers\resp2.py", line 90, in _read_response
    raw = await self._readline()
          ^^^^^^^^^^^^^^^^^^^^^^
  File "F:\py\Lib\site-packages\redis\_parsers\base.py", line 559, in _readline
    data = await self._stream.readline()
           ^^^^^^^^^^^^^^^^^^^^^^^^^^^^^
  File "F:\py\Lib\asyncio\streams.py", line 562, in readline
    line = await self.readuntil(sep)
           ^^^^^^^^^^^^^^^^^^^^^^^^^
  File "F:\py\Lib\asyncio\streams.py", line 677, in readuntil
    await self._wait_for_data('readuntil')
  File "F:\py\Lib\asyncio\streams.py", line 539, in _wait_for_data
    await self._waiter
  File "F:\py\Lib\asyncio\proactor_events.py", line 286, in _loop_reading
    length = fut.result()
  File "F:\py\Lib\asyncio\windows_events.py", line 804, in _poll
    value = callback(transferred, key, ov)
  File "F:\py\Lib\asyncio\windows_events.py", line 467, in finish_socket_func
    raise ConnectionResetError(*exc.args)
ConnectionResetError: [WinError 64] ÷∏∂®µƒÕ¯¬Á√˚≤ª‘Ÿø…”√°£

During handling of the above exception, another exception occurred:

Traceback (most recent call last):
  File "F:\YilenaCode\Werewolf\ai_werewolf_core\core\event\bus.py", line 111, in _get_redis
    self._redis_client = await RedisClientManager.get_client()
                         ^^^^^^^^^^^^^^^^^^^^^^^^^^^^^^^^^^^^^
  File "F:\YilenaCode\Werewolf\ai_werewolf_core\utils\redis_client.py", line 128, in get_client
    await cls._client.ping()
  File "F:\py\Lib\site-packages\redis\asyncio\client.py", line 764, in execute_command
    conn = self.connection or await pool.get_connection()
                              ^^^^^^^^^^^^^^^^^^^^^^^^^^^
  File "F:\py\Lib\site-packages\redis\utils.py", line 227, in async_wrapper
    return await func(*args, **kwargs)
           ^^^^^^^^^^^^^^^^^^^^^^^^^^^
  File "F:\py\Lib\site-packages\redis\asyncio\connection.py", line 1351, in get_connection
    await self.ensure_connection(connection)
  File "F:\py\Lib\site-packages\redis\asyncio\connection.py", line 1390, in ensure_connection
    await connection.connect()
  File "F:\py\Lib\site-packages\redis\asyncio\connection.py", line 339, in connect
    await self.retry.call_with_retry(
    ...<7 lines>...
    )
  File "F:\py\Lib\site-packages\redis\asyncio\retry.py", line 81, in call_with_retry
    raise error
  File "F:\py\Lib\site-packages\redis\asyncio\retry.py", line 69, in call_with_retry
    return await do()
           ^^^^^^^^^^
  File "F:\py\Lib\site-packages\redis\asyncio\connection.py", line 403, in connect_check_health
    await self.on_connect_check_health(check_health=check_health)
  File "F:\py\Lib\site-packages\redis\asyncio\connection.py", line 560, in on_connect_check_health
    await self.read_response()
  File "F:\py\Lib\site-packages\redis\asyncio\connection.py", line 747, in read_response
    raise ConnectionError(f"Error while reading from {host_error} : {e.args}")
redis.exceptions.ConnectionError: Error while reading from 192.168.100.128:6379 : (22, '÷∏∂®µƒÕ¯¬Á√˚≤ª‘Ÿø…”√°£', None, 64, None)

The above exception was the direct cause of the following exception:

Traceback (most recent call last):
  File "F:\YilenaCode\Werewolf\ai_werewolf_core\core\event\bus.py", line 710, in clear
    redis = await self._get_redis()
            ^^^^^^^^^^^^^^^^^^^^^^^
  File "F:\YilenaCode\Werewolf\ai_werewolf_core\core\event\bus.py", line 114, in _get_redis
    raise RedisUnavailableException(
        "EventBus Œﬁ∑®ªÒ»° Redis øÕªß∂À"
    ) from e
ai_werewolf_core.utils.redis_seq.RedisUnavailableException: EventBus Œﬁ∑®ªÒ»° Redis øÕªß∂À
---------------------------- Captured log teardown ----------------------------
DEBUG    ai_werewolf_core.utils.redis_client:redis_client.py:243 {'max_connections': 300, 'socket_timeout': 10, 'event': 'Redis ¡¨Ω”≥ÿ“—¥¥Ω®', 'level': 'debug', 'logger': 'ai_werewolf_core.utils.redis_client', 'timestamp': '2026-05-14T21:33:45.073972+08:00'}
ERROR    ai_werewolf_core.utils.redis_client:redis_client.py:130 {'host': '192.168.100.128', 'port': 6379, 'error': "Error while reading from 192.168.100.128:6379 : (22, '÷∏∂®µƒÕ¯¬Á√˚≤ª‘Ÿø…”√°£', None, 64, None)", 'event': 'Redis ¡¨Ω”—È÷§ ß∞‹ (PING)', 'level': 'error', 'logger': 'ai_werewolf_core.utils.redis_client', 'timestamp': '2026-05-14T21:33:50.077133+08:00', 'exception': 'Traceback (most recent call last):\n  File "F:\\py\\Lib\\asyncio\\windows_events.py", line 463, in finish_socket_func\n    return ov.getresult()\n           ~~~~~~~~~~~~^^\nOSError: [WinError 64] ÷∏∂®µƒÕ¯¬Á√˚≤ª‘Ÿø…”√°£\n\nDuring handling of the above exception, another exception occurred:\n\nTraceback (most recent call last):\n  File "F:\\py\\Lib\\site-packages\\redis\\asyncio\\connection.py", line 725, in read_response\n    response = await self._parser.read_response(\n               ^^^^^^^^^^^^^^^^^^^^^^^^^^^^^^^^^\n        disable_decoding=disable_decoding\n        ^^^^^^^^^^^^^^^^^^^^^^^^^^^^^^^^^\n    )\n    ^\n  File "F:\\py\\Lib\\site-packages\\redis\\_parsers\\resp2.py", line 82, in read_response\n    response = await self._read_response(disable_decoding=disable_decoding)\n               ^^^^^^^^^^^^^^^^^^^^^^^^^^^^^^^^^^^^^^^^^^^^^^^^^^^^^^^^^^^^\n  File "F:\\py\\Lib\\site-packages\\redis\\_parsers\\resp2.py", line 90, in _read_response\n    raw = await self._readline()\n          ^^^^^^^^^^^^^^^^^^^^^^\n  File "F:\\py\\Lib\\site-packages\\redis\\_parsers\\base.py", line 559, in _readline\n    data = await self._stream.readline()\n           ^^^^^^^^^^^^^^^^^^^^^^^^^^^^^\n  File "F:\\py\\Lib\\asyncio\\streams.py", line 562, in readline\n    line = await self.readuntil(sep)\n           ^^^^^^^^^^^^^^^^^^^^^^^^^\n  File "F:\\py\\Lib\\asyncio\\streams.py", line 677, in readuntil\n    await self._wait_for_data(\'readuntil\')\n  File "F:\\py\\Lib\\asyncio\\streams.py", line 539, in _wait_for_data\n    await self._waiter\n  File "F:\\py\\Lib\\asyncio\\proactor_events.py", line 286, in _loop_reading\n    length = fut.result()\n  File "F:\\py\\Lib\\asyncio\\windows_events.py", line 804, in _poll\n    value = callback(transferred, key, ov)\n  File "F:\\py\\Lib\\asyncio\\windows_events.py", line 467, in finish_socket_func\n    raise ConnectionResetError(*exc.args)\nConnectionResetError: [WinError 64] ÷∏∂®µƒÕ¯¬Á√˚≤ª‘Ÿø…”√°£\n\nDuring handling of the above exception, another exception occurred:\n\nTraceback (most recent call last):\n  File "F:\\YilenaCode\\Werewolf\\ai_werewolf_core\\utils\\redis_client.py", line 128, in get_client\n    await cls._client.ping()\n  File "F:\\py\\Lib\\site-packages\\redis\\asyncio\\client.py", line 764, in execute_command\n    conn = self.connection or await pool.get_connection()\n                              ^^^^^^^^^^^^^^^^^^^^^^^^^^^\n  File "F:\\py\\Lib\\site-packages\\redis\\utils.py", line 227, in async_wrapper\n    return await func(*args, **kwargs)\n           ^^^^^^^^^^^^^^^^^^^^^^^^^^^\n  File "F:\\py\\Lib\\site-packages\\redis\\asyncio\\connection.py", line 1351, in get_connection\n    await self.ensure_connection(connection)\n  File "F:\\py\\Lib\\site-packages\\redis\\asyncio\\connection.py", line 1390, in ensure_connection\n    await connection.connect()\n  File "F:\\py\\Lib\\site-packages\\redis\\asyncio\\connection.py", line 339, in connect\n    await self.retry.call_with_retry(\n    ...<7 lines>...\n    )\n  File "F:\\py\\Lib\\site-packages\\redis\\asyncio\\retry.py", line 81, in call_with_retry\n    raise error\n  File "F:\\py\\Lib\\site-packages\\redis\\asyncio\\retry.py", line 69, in call_with_retry\n    return await do()\n           ^^^^^^^^^^\n  File "F:\\py\\Lib\\site-packages\\redis\\asyncio\\connection.py", line 403, in connect_check_health\n    await self.on_connect_check_health(check_health=check_health)\n  File "F:\\py\\Lib\\site-packages\\redis\\asyncio\\connection.py", line 560, in on_connect_check_health\n    await self.read_response()\n  File "F:\\py\\Lib\\site-packages\\redis\\asyncio\\connection.py", line 747, in read_response\n    raise ConnectionError(f"Error while reading from {host_error} : {e.args}")\nredis.exceptions.ConnectionError: Error while reading from 192.168.100.128:6379 : (22, \'÷∏∂®µƒÕ¯¬Á√˚≤ª‘Ÿø…”√°£\', None, 64, None)'}
ERROR    ai_werewolf_core.core.event.bus:bus.py:741 {'game_id': None, 'error': 'EventBus Œﬁ∑®ªÒ»° Redis øÕªß∂À', 'event': '«Â¿Ì ¬º˛ Stream “Ï≥£', 'level': 'error', 'logger': 'ai_werewolf_core.core.event.bus', 'timestamp': '2026-05-14T21:33:50.079506+08:00', 'exception': 'Traceback (most recent call last):\n  File "F:\\py\\Lib\\asyncio\\windows_events.py", line 463, in finish_socket_func\n    return ov.getresult()\n           ~~~~~~~~~~~~^^\nOSError: [WinError 64] ÷∏∂®µƒÕ¯¬Á√˚≤ª‘Ÿø…”√°£\n\nDuring handling of the above exception, another exception occurred:\n\nTraceback (most recent call last):\n  File "F:\\py\\Lib\\site-packages\\redis\\asyncio\\connection.py", line 725, in read_response\n    response = await self._parser.read_response(\n               ^^^^^^^^^^^^^^^^^^^^^^^^^^^^^^^^^\n        disable_decoding=disable_decoding\n        ^^^^^^^^^^^^^^^^^^^^^^^^^^^^^^^^^\n    )\n    ^\n  File "F:\\py\\Lib\\site-packages\\redis\\_parsers\\resp2.py", line 82, in read_response\n    response = await self._read_response(disable_decoding=disable_decoding)\n               ^^^^^^^^^^^^^^^^^^^^^^^^^^^^^^^^^^^^^^^^^^^^^^^^^^^^^^^^^^^^\n  File "F:\\py\\Lib\\site-packages\\redis\\_parsers\\resp2.py", line 90, in _read_response\n    raw = await self._readline()\n          ^^^^^^^^^^^^^^^^^^^^^^\n  File "F:\\py\\Lib\\site-packages\\redis\\_parsers\\base.py", line 559, in _readline\n    data = await self._stream.readline()\n           ^^^^^^^^^^^^^^^^^^^^^^^^^^^^^\n  File "F:\\py\\Lib\\asyncio\\streams.py", line 562, in readline\n    line = await self.readuntil(sep)\n           ^^^^^^^^^^^^^^^^^^^^^^^^^\n  File "F:\\py\\Lib\\asyncio\\streams.py", line 677, in readuntil\n    await self._wait_for_data(\'readuntil\')\n  File "F:\\py\\Lib\\asyncio\\streams.py", line 539, in _wait_for_data\n    await self._waiter\n  File "F:\\py\\Lib\\asyncio\\proactor_events.py", line 286, in _loop_reading\n    length = fut.result()\n  File "F:\\py\\Lib\\asyncio\\windows_events.py", line 804, in _poll\n    value = callback(transferred, key, ov)\n  File "F:\\py\\Lib\\asyncio\\windows_events.py", line 467, in finish_socket_func\n    raise ConnectionResetError(*exc.args)\nConnectionResetError: [WinError 64] ÷∏∂®µƒÕ¯¬Á√˚≤ª‘Ÿø…”√°£\n\nDuring handling of the above exception, another exception occurred:\n\nTraceback (most recent call last):\n  File "F:\\YilenaCode\\Werewolf\\ai_werewolf_core\\core\\event\\bus.py", line 111, in _get_redis\n    self._redis_client = await RedisClientManager.get_client()\n                         ^^^^^^^^^^^^^^^^^^^^^^^^^^^^^^^^^^^^^\n  File "F:\\YilenaCode\\Werewolf\\ai_werewolf_core\\utils\\redis_client.py", line 128, in get_client\n    await cls._client.ping()\n  File "F:\\py\\Lib\\site-packages\\redis\\asyncio\\client.py", line 764, in execute_command\n    conn = self.connection or await pool.get_connection()\n                              ^^^^^^^^^^^^^^^^^^^^^^^^^^^\n  File "F:\\py\\Lib\\site-packages\\redis\\utils.py", line 227, in async_wrapper\n    return await func(*args, **kwargs)\n           ^^^^^^^^^^^^^^^^^^^^^^^^^^^\n  File "F:\\py\\Lib\\site-packages\\redis\\asyncio\\connection.py", line 1351, in get_connection\n    await self.ensure_connection(connection)\n  File "F:\\py\\Lib\\site-packages\\redis\\asyncio\\connection.py", line 1390, in ensure_connection\n    await connection.connect()\n  File "F:\\py\\Lib\\site-packages\\redis\\asyncio\\connection.py", line 339, in connect\n    await self.retry.call_with_retry(\n    ...<7 lines>...\n    )\n  File "F:\\py\\Lib\\site-packages\\redis\\asyncio\\retry.py", line 81, in call_with_retry\n    raise error\n  File "F:\\py\\Lib\\site-packages\\redis\\asyncio\\retry.py", line 69, in call_with_retry\n    return await do()\n           ^^^^^^^^^^\n  File "F:\\py\\Lib\\site-packages\\redis\\asyncio\\connection.py", line 403, in connect_check_health\n    await self.on_connect_check_health(check_health=check_health)\n  File "F:\\py\\Lib\\site-packages\\redis\\asyncio\\connection.py", line 560, in on_connect_check_health\n    await self.read_response()\n  File "F:\\py\\Lib\\site-packages\\redis\\asyncio\\connection.py", line 747, in read_response\n    raise ConnectionError(f"Error while reading from {host_error} : {e.args}")\nredis.exceptions.ConnectionError: Error while reading from 192.168.100.128:6379 : (22, \'÷∏∂®µƒÕ¯¬Á√˚≤ª‘Ÿø…”√°£\', None, 64, None)\n\nThe above exception was the direct cause of the following exception:\n\nTraceback (most recent call last):\n  File "F:\\YilenaCode\\Werewolf\\ai_werewolf_core\\core\\event\\bus.py", line 710, in clear\n    redis = await self._get_redis()\n            ^^^^^^^^^^^^^^^^^^^^^^^\n  File "F:\\YilenaCode\\Werewolf\\ai_werewolf_core\\core\\event\\bus.py", line 114, in _get_redis\n    raise RedisUnavailableException(\n        "EventBus Œﬁ∑®ªÒ»° Redis øÕªß∂À"\n    ) from e\nai_werewolf_core.utils.redis_seq.RedisUnavailableException: EventBus Œﬁ∑®ªÒ»° Redis øÕªß∂À'}
_____________ TestEndGame.test_end_game_publishes_game_over_event _____________

trans = 0, key = 0, ov = <_overlapped.Overlapped object at 0x0000027C30844270>

    @staticmethod
    def finish_socket_func(trans, key, ov):
        try:
>           return ov.getresult()
                   ^^^^^^^^^^^^^^
E           OSError: [WinError 64] ÷∏∂®µƒÕ¯¬Á√˚≤ª‘Ÿø…”√°£

F:\py\Lib\asyncio\windows_events.py:463: OSError

During handling of the above exception, another exception occurred:

self = <redis.asyncio.connection.Connection(host=192.168.100.128,port=6379,db=1)>
disable_decoding = False, timeout = None

    async def read_response(
        self,
        disable_decoding: bool = False,
        timeout: Optional[float] = None,
        *,
        disconnect_on_error: bool = True,
        push_request: Optional[bool] = False,
    ):
        """Read the response from a previously sent command"""
        read_timeout = timeout if timeout is not None else self.socket_timeout
        host_error = self._host_error()
        try:
            if read_timeout is not None and self.protocol in ["3", 3]:
                async with async_timeout(read_timeout):
                    response = await self._parser.read_response(
                        disable_decoding=disable_decoding, push_request=push_request
                    )
            elif read_timeout is not None:
                async with async_timeout(read_timeout):
>                   response = await self._parser.read_response(
                        disable_decoding=disable_decoding

F:\py\Lib\site-packages\redis\asyncio\connection.py:725: 
_ _ _ _ _ _ _ _ _ _ _ _ _ _ _ _ _ _ _ _ _ _ _ _ _ _ _ _ _ _ _ _ _ _ _ _ _ _ _ _
F:\py\Lib\site-packages\redis\_parsers\resp2.py:82: in read_response
    response = await self._read_response(disable_decoding=disable_decoding)
               ^^^^^^^^^^^^^^^^^^^^^^^^^^^^^^^^^^^^^^^^^^^^^^^^^^^^^^^^^^^^
F:\py\Lib\site-packages\redis\_parsers\resp2.py:90: in _read_response
    raw = await self._readline()
          ^^^^^^^^^^^^^^^^^^^^^^
F:\py\Lib\site-packages\redis\_parsers\base.py:559: in _readline
    data = await self._stream.readline()
           ^^^^^^^^^^^^^^^^^^^^^^^^^^^^^
F:\py\Lib\asyncio\streams.py:562: in readline
    line = await self.readuntil(sep)
           ^^^^^^^^^^^^^^^^^^^^^^^^^
F:\py\Lib\asyncio\streams.py:677: in readuntil
    await self._wait_for_data('readuntil')
F:\py\Lib\asyncio\streams.py:539: in _wait_for_data
    await self._waiter
F:\py\Lib\asyncio\proactor_events.py:286: in _loop_reading
    length = fut.result()
             ^^^^^^^^^^^^
F:\py\Lib\asyncio\windows_events.py:804: in _poll
    value = callback(transferred, key, ov)
            ^^^^^^^^^^^^^^^^^^^^^^^^^^^^^^
_ _ _ _ _ _ _ _ _ _ _ _ _ _ _ _ _ _ _ _ _ _ _ _ _ _ _ _ _ _ _ _ _ _ _ _ _ _ _ _

trans = 0, key = 0, ov = <_overlapped.Overlapped object at 0x0000027C30844270>

    @staticmethod
    def finish_socket_func(trans, key, ov):
        try:
            return ov.getresult()
        except OSError as exc:
            if exc.winerror in (_overlapped.ERROR_NETNAME_DELETED,
                                _overlapped.ERROR_OPERATION_ABORTED):
>               raise ConnectionResetError(*exc.args)
E               ConnectionResetError: [WinError 64] ÷∏∂®µƒÕ¯¬Á√˚≤ª‘Ÿø…”√°£

F:\py\Lib\asyncio\windows_events.py:467: ConnectionResetError

During handling of the above exception, another exception occurred:

self = <ai_werewolf_core.core.engine.lifecycle.LifecycleManager object at 0x0000027C31B05010>

    async def _get_redis(self) -> aioredis.Redis:
        """ªÒ»° Redis “Ï≤ΩøÕªß∂À£®¿¡≥ı ºªØ£¨π≤œÌ¡¨Ω”≥ÿ£©°£"""
        if self._redis is None:
            try:
>               self._redis = await RedisClientManager.get_client()
                              ^^^^^^^^^^^^^^^^^^^^^^^^^^^^^^^^^^^^^

ai_werewolf_core\core\engine\lifecycle.py:143: 
_ _ _ _ _ _ _ _ _ _ _ _ _ _ _ _ _ _ _ _ _ _ _ _ _ _ _ _ _ _ _ _ _ _ _ _ _ _ _ _
ai_werewolf_core\utils\redis_client.py:128: in get_client
    await cls._client.ping()
F:\py\Lib\site-packages\redis\asyncio\client.py:764: in execute_command
    conn = self.connection or await pool.get_connection()
                              ^^^^^^^^^^^^^^^^^^^^^^^^^^^
F:\py\Lib\site-packages\redis\utils.py:227: in async_wrapper
    return await func(*args, **kwargs)
           ^^^^^^^^^^^^^^^^^^^^^^^^^^^
F:\py\Lib\site-packages\redis\asyncio\connection.py:1351: in get_connection
    await self.ensure_connection(connection)
F:\py\Lib\site-packages\redis\asyncio\connection.py:1390: in ensure_connection
    await connection.connect()
F:\py\Lib\site-packages\redis\asyncio\connection.py:339: in connect
    await self.retry.call_with_retry(
F:\py\Lib\site-packages\redis\asyncio\retry.py:81: in call_with_retry
    raise error
F:\py\Lib\site-packages\redis\asyncio\retry.py:69: in call_with_retry
    return await do()
           ^^^^^^^^^^
F:\py\Lib\site-packages\redis\asyncio\connection.py:403: in connect_check_health
    await self.on_connect_check_health(check_health=check_health)
F:\py\Lib\site-packages\redis\asyncio\connection.py:560: in on_connect_check_health
    await self.read_response()
_ _ _ _ _ _ _ _ _ _ _ _ _ _ _ _ _ _ _ _ _ _ _ _ _ _ _ _ _ _ _ _ _ _ _ _ _ _ _ _

self = <redis.asyncio.connection.Connection(host=192.168.100.128,port=6379,db=1)>
disable_decoding = False, timeout = None

    async def read_response(
        self,
        disable_decoding: bool = False,
        timeout: Optional[float] = None,
        *,
        disconnect_on_error: bool = True,
        push_request: Optional[bool] = False,
    ):
        """Read the response from a previously sent command"""
        read_timeout = timeout if timeout is not None else self.socket_timeout
        host_error = self._host_error()
        try:
            if read_timeout is not None and self.protocol in ["3", 3]:
                async with async_timeout(read_timeout):
                    response = await self._parser.read_response(
                        disable_decoding=disable_decoding, push_request=push_request
                    )
            elif read_timeout is not None:
                async with async_timeout(read_timeout):
                    response = await self._parser.read_response(
                        disable_decoding=disable_decoding
                    )
            elif self.protocol in ["3", 3]:
                response = await self._parser.read_response(
                    disable_decoding=disable_decoding, push_request=push_request
                )
            else:
                response = await self._parser.read_response(
                    disable_decoding=disable_decoding
                )
        except asyncio.TimeoutError:
            if timeout is not None:
                # user requested timeout, return None. Operation can be retried
                return None
            # it was a self.socket_timeout error.
            if disconnect_on_error:
                await self.disconnect(nowait=True)
            raise TimeoutError(f"Timeout reading from {host_error}")
        except OSError as e:
            if disconnect_on_error:
                await self.disconnect(nowait=True)
>           raise ConnectionError(f"Error while reading from {host_error} : {e.args}")
E           redis.exceptions.ConnectionError: Error while reading from 192.168.100.128:6379 : (22, '÷∏∂®µƒÕ¯¬Á√˚≤ª‘Ÿø…”√°£', None, 64, None)

F:\py\Lib\site-packages\redis\asyncio\connection.py:747: ConnectionError

The above exception was the direct cause of the following exception:

self = <test_lifecycle.TestEndGame object at 0x0000027C303D68B0>
lifecycle = <ai_werewolf_core.core.engine.lifecycle.LifecycleManager object at 0x0000027C31B05010>
event_bus = <ai_werewolf_core.core.event.bus.EventBus object at 0x0000027C319B7250>

    @pytest.mark.asyncio
    async def test_end_game_publishes_game_over_event(self, lifecycle, event_bus):
        """end_game ”¶∑¢≤º GAME_OVER_EVENT  ¬º˛°£"""
        captured = []
        event_bus.publish = AsyncMock(side_effect=lambda e: captured.append(e))
    
>       await lifecycle.init_game()

tests\unit\core\engine\test_lifecycle.py:265: 
_ _ _ _ _ _ _ _ _ _ _ _ _ _ _ _ _ _ _ _ _ _ _ _ _ _ _ _ _ _ _ _ _ _ _ _ _ _ _ _
ai_werewolf_core\core\engine\lifecycle.py:420: in init_game
    current_status = await self.get_status()
                     ^^^^^^^^^^^^^^^^^^^^^^^
ai_werewolf_core\core\engine\lifecycle.py:262: in get_status
    status = await self._get_status_from_redis()
             ^^^^^^^^^^^^^^^^^^^^^^^^^^^^^^^^^^^
ai_werewolf_core\core\engine\lifecycle.py:167: in _get_status_from_redis
    redis = await self._get_redis()
            ^^^^^^^^^^^^^^^^^^^^^^^
_ _ _ _ _ _ _ _ _ _ _ _ _ _ _ _ _ _ _ _ _ _ _ _ _ _ _ _ _ _ _ _ _ _ _ _ _ _ _ _

self = <ai_werewolf_core.core.engine.lifecycle.LifecycleManager object at 0x0000027C31B05010>

    async def _get_redis(self) -> aioredis.Redis:
        """ªÒ»° Redis “Ï≤ΩøÕªß∂À£®¿¡≥ı ºªØ£¨π≤œÌ¡¨Ω”≥ÿ£©°£"""
        if self._redis is None:
            try:
                self._redis = await RedisClientManager.get_client()
                self._logger.debug("LifecycleManager “—ªÒ»°π≤œÌ Redis øÕªß∂À")
            except (aioredis.ConnectionError, aioredis.TimeoutError) as e:
>               raise RedisUnavailableException(
                    f"LifecycleManager Œﬁ∑®ªÒ»° Redis øÕªß∂À: game_id={self.game_id}"
                ) from e
E               ai_werewolf_core.utils.redis_seq.RedisUnavailableException: LifecycleManager Œﬁ∑®ªÒ»° Redis øÕªß∂À: game_id=test_lifecycle_954ab9f9c59c4321b1673afc20ed0250

ai_werewolf_core\core\engine\lifecycle.py:146: RedisUnavailableException
---------------------------- Captured stderr setup ----------------------------
[2m2026-05-14T21:33:50.082507+08:00[0m [[32m[1mdebug    [0m] [1mglobal_subscribe              [0m [[0m[1m[34mai_werewolf_core.core.event.bus[0m][0m [36mhandler[0m=[35m_default_log_subscriber[0m
[2m2026-05-14T21:33:50.082704+08:00[0m [[32m[1mdebug    [0m] [1mglobal_subscribe              [0m [[0m[1m[34mai_werewolf_core.core.event.bus[0m][0m [36mhandler[0m=[35m_persist_to_db[0m
----------------------------- Captured log setup ------------------------------
DEBUG    ai_werewolf_core.core.event.bus:bus.py:519 {'handler': '_default_log_subscriber', 'event': 'global_subscribe', 'level': 'debug', 'logger': 'ai_werewolf_core.core.event.bus', 'timestamp': '2026-05-14T21:33:50.082507+08:00'}
DEBUG    ai_werewolf_core.core.event.bus:bus.py:519 {'handler': '_persist_to_db', 'event': 'global_subscribe', 'level': 'debug', 'logger': 'ai_werewolf_core.core.event.bus', 'timestamp': '2026-05-14T21:33:50.082704+08:00'}
---------------------------- Captured stderr call -----------------------------
[2m2026-05-14T21:33:50.083554+08:00[0m [[32m[1minfo     [0m] [1mgame_init                     [0m [[0m[1m[34mai_werewolf_core.core.engine.lifecycle[0m][0m [36mgame_id[0m=[35mtest_lifecycle_954ab9f9c59c4321b1673afc20ed0250[0m [36mmodule[0m=[35mLifecycleManager[0m
[2m2026-05-14T21:33:50.083767+08:00[0m [[32m[1mdebug    [0m] [1mRedis ¡¨Ω”≥ÿ“—¥¥Ω®                  [0m [[0m[1m[34mai_werewolf_core.utils.redis_client[0m][0m [36mmax_connections[0m=[35m300[0m [36msocket_timeout[0m=[35m10[0m
[2m2026-05-14T21:33:55.087621+08:00[0m [[31m[1merror    [0m] [1mRedis ¡¨Ω”—È÷§ ß∞‹ (PING)           [0m [[0m[1m[34mai_werewolf_core.utils.redis_client[0m][0m [36merror[0m=[35m"Error while reading from 192.168.100.128:6379 : (22, '÷∏∂®µƒÕ¯¬Á√˚≤ª‘Ÿø…”√°£', None, 64, None)"[0m [36mhost[0m=[35m192.168.100.128[0m [36mport[0m=[35m6379[0m
Traceback (most recent call last):
  File "F:\py\Lib\asyncio\windows_events.py", line 463, in finish_socket_func
    return ov.getresult()
           ~~~~~~~~~~~~^^
OSError: [WinError 64] ÷∏∂®µƒÕ¯¬Á√˚≤ª‘Ÿø…”√°£

During handling of the above exception, another exception occurred:

Traceback (most recent call last):
  File "F:\py\Lib\site-packages\redis\asyncio\connection.py", line 725, in read_response
    response = await self._parser.read_response(
               ^^^^^^^^^^^^^^^^^^^^^^^^^^^^^^^^^
        disable_decoding=disable_decoding
        ^^^^^^^^^^^^^^^^^^^^^^^^^^^^^^^^^
    )
    ^
  File "F:\py\Lib\site-packages\redis\_parsers\resp2.py", line 82, in read_response
    response = await self._read_response(disable_decoding=disable_decoding)
               ^^^^^^^^^^^^^^^^^^^^^^^^^^^^^^^^^^^^^^^^^^^^^^^^^^^^^^^^^^^^
  File "F:\py\Lib\site-packages\redis\_parsers\resp2.py", line 90, in _read_response
    raw = await self._readline()
          ^^^^^^^^^^^^^^^^^^^^^^
  File "F:\py\Lib\site-packages\redis\_parsers\base.py", line 559, in _readline
    data = await self._stream.readline()
           ^^^^^^^^^^^^^^^^^^^^^^^^^^^^^
  File "F:\py\Lib\asyncio\streams.py", line 562, in readline
    line = await self.readuntil(sep)
           ^^^^^^^^^^^^^^^^^^^^^^^^^
  File "F:\py\Lib\asyncio\streams.py", line 677, in readuntil
    await self._wait_for_data('readuntil')
  File "F:\py\Lib\asyncio\streams.py", line 539, in _wait_for_data
    await self._waiter
  File "F:\py\Lib\asyncio\proactor_events.py", line 286, in _loop_reading
    length = fut.result()
  File "F:\py\Lib\asyncio\windows_events.py", line 804, in _poll
    value = callback(transferred, key, ov)
  File "F:\py\Lib\asyncio\windows_events.py", line 467, in finish_socket_func
    raise ConnectionResetError(*exc.args)
ConnectionResetError: [WinError 64] ÷∏∂®µƒÕ¯¬Á√˚≤ª‘Ÿø…”√°£

During handling of the above exception, another exception occurred:

Traceback (most recent call last):
  File "F:\YilenaCode\Werewolf\ai_werewolf_core\utils\redis_client.py", line 128, in get_client
    await cls._client.ping()
  File "F:\py\Lib\site-packages\redis\asyncio\client.py", line 764, in execute_command
    conn = self.connection or await pool.get_connection()
                              ^^^^^^^^^^^^^^^^^^^^^^^^^^^
  File "F:\py\Lib\site-packages\redis\utils.py", line 227, in async_wrapper
    return await func(*args, **kwargs)
           ^^^^^^^^^^^^^^^^^^^^^^^^^^^
  File "F:\py\Lib\site-packages\redis\asyncio\connection.py", line 1351, in get_connection
    await self.ensure_connection(connection)
  File "F:\py\Lib\site-packages\redis\asyncio\connection.py", line 1390, in ensure_connection
    await connection.connect()
  File "F:\py\Lib\site-packages\redis\asyncio\connection.py", line 339, in connect
    await self.retry.call_with_retry(
    ...<7 lines>...
    )
  File "F:\py\Lib\site-packages\redis\asyncio\retry.py", line 81, in call_with_retry
    raise error
  File "F:\py\Lib\site-packages\redis\asyncio\retry.py", line 69, in call_with_retry
    return await do()
           ^^^^^^^^^^
  File "F:\py\Lib\site-packages\redis\asyncio\connection.py", line 403, in connect_check_health
    await self.on_connect_check_health(check_health=check_health)
  File "F:\py\Lib\site-packages\redis\asyncio\connection.py", line 560, in on_connect_check_health
    await self.read_response()
  File "F:\py\Lib\site-packages\redis\asyncio\connection.py", line 747, in read_response
    raise ConnectionError(f"Error while reading from {host_error} : {e.args}")
redis.exceptions.ConnectionError: Error while reading from 192.168.100.128:6379 : (22, '÷∏∂®µƒÕ¯¬Á√˚≤ª‘Ÿø…”√°£', None, 64, None)
------------------------------ Captured log call ------------------------------
INFO     ai_werewolf_core.core.engine.lifecycle:lifecycle.py:418 {'game_id': 'test_lifecycle_954ab9f9c59c4321b1673afc20ed0250', 'module': 'LifecycleManager', 'event': 'game_init', 'level': 'info', 'logger': 'ai_werewolf_core.core.engine.lifecycle', 'timestamp': '2026-05-14T21:33:50.083554+08:00'}
DEBUG    ai_werewolf_core.utils.redis_client:redis_client.py:243 {'max_connections': 300, 'socket_timeout': 10, 'event': 'Redis ¡¨Ω”≥ÿ“—¥¥Ω®', 'level': 'debug', 'logger': 'ai_werewolf_core.utils.redis_client', 'timestamp': '2026-05-14T21:33:50.083767+08:00'}
ERROR    ai_werewolf_core.utils.redis_client:redis_client.py:130 {'host': '192.168.100.128', 'port': 6379, 'error': "Error while reading from 192.168.100.128:6379 : (22, '÷∏∂®µƒÕ¯¬Á√˚≤ª‘Ÿø…”√°£', None, 64, None)", 'event': 'Redis ¡¨Ω”—È÷§ ß∞‹ (PING)', 'level': 'error', 'logger': 'ai_werewolf_core.utils.redis_client', 'timestamp': '2026-05-14T21:33:55.087621+08:00', 'exception': 'Traceback (most recent call last):\n  File "F:\\py\\Lib\\asyncio\\windows_events.py", line 463, in finish_socket_func\n    return ov.getresult()\n           ~~~~~~~~~~~~^^\nOSError: [WinError 64] ÷∏∂®µƒÕ¯¬Á√˚≤ª‘Ÿø…”√°£\n\nDuring handling of the above exception, another exception occurred:\n\nTraceback (most recent call last):\n  File "F:\\py\\Lib\\site-packages\\redis\\asyncio\\connection.py", line 725, in read_response\n    response = await self._parser.read_response(\n               ^^^^^^^^^^^^^^^^^^^^^^^^^^^^^^^^^\n        disable_decoding=disable_decoding\n        ^^^^^^^^^^^^^^^^^^^^^^^^^^^^^^^^^\n    )\n    ^\n  File "F:\\py\\Lib\\site-packages\\redis\\_parsers\\resp2.py", line 82, in read_response\n    response = await self._read_response(disable_decoding=disable_decoding)\n               ^^^^^^^^^^^^^^^^^^^^^^^^^^^^^^^^^^^^^^^^^^^^^^^^^^^^^^^^^^^^\n  File "F:\\py\\Lib\\site-packages\\redis\\_parsers\\resp2.py", line 90, in _read_response\n    raw = await self._readline()\n          ^^^^^^^^^^^^^^^^^^^^^^\n  File "F:\\py\\Lib\\site-packages\\redis\\_parsers\\base.py", line 559, in _readline\n    data = await self._stream.readline()\n           ^^^^^^^^^^^^^^^^^^^^^^^^^^^^^\n  File "F:\\py\\Lib\\asyncio\\streams.py", line 562, in readline\n    line = await self.readuntil(sep)\n           ^^^^^^^^^^^^^^^^^^^^^^^^^\n  File "F:\\py\\Lib\\asyncio\\streams.py", line 677, in readuntil\n    await self._wait_for_data(\'readuntil\')\n  File "F:\\py\\Lib\\asyncio\\streams.py", line 539, in _wait_for_data\n    await self._waiter\n  File "F:\\py\\Lib\\asyncio\\proactor_events.py", line 286, in _loop_reading\n    length = fut.result()\n  File "F:\\py\\Lib\\asyncio\\windows_events.py", line 804, in _poll\n    value = callback(transferred, key, ov)\n  File "F:\\py\\Lib\\asyncio\\windows_events.py", line 467, in finish_socket_func\n    raise ConnectionResetError(*exc.args)\nConnectionResetError: [WinError 64] ÷∏∂®µƒÕ¯¬Á√˚≤ª‘Ÿø…”√°£\n\nDuring handling of the above exception, another exception occurred:\n\nTraceback (most recent call last):\n  File "F:\\YilenaCode\\Werewolf\\ai_werewolf_core\\utils\\redis_client.py", line 128, in get_client\n    await cls._client.ping()\n  File "F:\\py\\Lib\\site-packages\\redis\\asyncio\\client.py", line 764, in execute_command\n    conn = self.connection or await pool.get_connection()\n                              ^^^^^^^^^^^^^^^^^^^^^^^^^^^\n  File "F:\\py\\Lib\\site-packages\\redis\\utils.py", line 227, in async_wrapper\n    return await func(*args, **kwargs)\n           ^^^^^^^^^^^^^^^^^^^^^^^^^^^\n  File "F:\\py\\Lib\\site-packages\\redis\\asyncio\\connection.py", line 1351, in get_connection\n    await self.ensure_connection(connection)\n  File "F:\\py\\Lib\\site-packages\\redis\\asyncio\\connection.py", line 1390, in ensure_connection\n    await connection.connect()\n  File "F:\\py\\Lib\\site-packages\\redis\\asyncio\\connection.py", line 339, in connect\n    await self.retry.call_with_retry(\n    ...<7 lines>...\n    )\n  File "F:\\py\\Lib\\site-packages\\redis\\asyncio\\retry.py", line 81, in call_with_retry\n    raise error\n  File "F:\\py\\Lib\\site-packages\\redis\\asyncio\\retry.py", line 69, in call_with_retry\n    return await do()\n           ^^^^^^^^^^\n  File "F:\\py\\Lib\\site-packages\\redis\\asyncio\\connection.py", line 403, in connect_check_health\n    await self.on_connect_check_health(check_health=check_health)\n  File "F:\\py\\Lib\\site-packages\\redis\\asyncio\\connection.py", line 560, in on_connect_check_health\n    await self.read_response()\n  File "F:\\py\\Lib\\site-packages\\redis\\asyncio\\connection.py", line 747, in read_response\n    raise ConnectionError(f"Error while reading from {host_error} : {e.args}")\nredis.exceptions.ConnectionError: Error while reading from 192.168.100.128:6379 : (22, \'÷∏∂®µƒÕ¯¬Á√˚≤ª‘Ÿø…”√°£\', None, 64, None)'}
-------------------------- Captured stderr teardown ---------------------------
[2m2026-05-14T21:33:55.243592+08:00[0m [[32m[1mdebug    [0m] [1mRedis ¡¨Ω”≥ÿ“—¥¥Ω®                  [0m [[0m[1m[34mai_werewolf_core.utils.redis_client[0m][0m [36mmax_connections[0m=[35m300[0m [36msocket_timeout[0m=[35m10[0m
[2m2026-05-14T21:34:00.246084+08:00[0m [[31m[1merror    [0m] [1mRedis ¡¨Ω”—È÷§ ß∞‹ (PING)           [0m [[0m[1m[34mai_werewolf_core.utils.redis_client[0m][0m [36merror[0m=[35m"Error while reading from 192.168.100.128:6379 : (22, '÷∏∂®µƒÕ¯¬Á√˚≤ª‘Ÿø…”√°£', None, 64, None)"[0m [36mhost[0m=[35m192.168.100.128[0m [36mport[0m=[35m6379[0m
Traceback (most recent call last):
  File "F:\py\Lib\asyncio\windows_events.py", line 463, in finish_socket_func
    return ov.getresult()
           ~~~~~~~~~~~~^^
OSError: [WinError 64] ÷∏∂®µƒÕ¯¬Á√˚≤ª‘Ÿø…”√°£

During handling of the above exception, another exception occurred:

Traceback (most recent call last):
  File "F:\py\Lib\site-packages\redis\asyncio\connection.py", line 725, in read_response
    response = await self._parser.read_response(
               ^^^^^^^^^^^^^^^^^^^^^^^^^^^^^^^^^
        disable_decoding=disable_decoding
        ^^^^^^^^^^^^^^^^^^^^^^^^^^^^^^^^^
    )
    ^
  File "F:\py\Lib\site-packages\redis\_parsers\resp2.py", line 82, in read_response
    response = await self._read_response(disable_decoding=disable_decoding)
               ^^^^^^^^^^^^^^^^^^^^^^^^^^^^^^^^^^^^^^^^^^^^^^^^^^^^^^^^^^^^
  File "F:\py\Lib\site-packages\redis\_parsers\resp2.py", line 90, in _read_response
    raw = await self._readline()
          ^^^^^^^^^^^^^^^^^^^^^^
  File "F:\py\Lib\site-packages\redis\_parsers\base.py", line 559, in _readline
    data = await self._stream.readline()
           ^^^^^^^^^^^^^^^^^^^^^^^^^^^^^
  File "F:\py\Lib\asyncio\streams.py", line 562, in readline
    line = await self.readuntil(sep)
           ^^^^^^^^^^^^^^^^^^^^^^^^^
  File "F:\py\Lib\asyncio\streams.py", line 677, in readuntil
    await self._wait_for_data('readuntil')
  File "F:\py\Lib\asyncio\streams.py", line 539, in _wait_for_data
    await self._waiter
  File "F:\py\Lib\asyncio\proactor_events.py", line 286, in _loop_reading
    length = fut.result()
  File "F:\py\Lib\asyncio\windows_events.py", line 804, in _poll
    value = callback(transferred, key, ov)
  File "F:\py\Lib\asyncio\windows_events.py", line 467, in finish_socket_func
    raise ConnectionResetError(*exc.args)
ConnectionResetError: [WinError 64] ÷∏∂®µƒÕ¯¬Á√˚≤ª‘Ÿø…”√°£

During handling of the above exception, another exception occurred:

Traceback (most recent call last):
  File "F:\YilenaCode\Werewolf\ai_werewolf_core\utils\redis_client.py", line 128, in get_client
    await cls._client.ping()
  File "F:\py\Lib\site-packages\redis\asyncio\client.py", line 764, in execute_command
    conn = self.connection or await pool.get_connection()
                              ^^^^^^^^^^^^^^^^^^^^^^^^^^^
  File "F:\py\Lib\site-packages\redis\utils.py", line 227, in async_wrapper
    return await func(*args, **kwargs)
           ^^^^^^^^^^^^^^^^^^^^^^^^^^^
  File "F:\py\Lib\site-packages\redis\asyncio\connection.py", line 1351, in get_connection
    await self.ensure_connection(connection)
  File "F:\py\Lib\site-packages\redis\asyncio\connection.py", line 1390, in ensure_connection
    await connection.connect()
  File "F:\py\Lib\site-packages\redis\asyncio\connection.py", line 339, in connect
    await self.retry.call_with_retry(
    ...<7 lines>...
    )
  File "F:\py\Lib\site-packages\redis\asyncio\retry.py", line 81, in call_with_retry
    raise error
  File "F:\py\Lib\site-packages\redis\asyncio\retry.py", line 69, in call_with_retry
    return await do()
           ^^^^^^^^^^
  File "F:\py\Lib\site-packages\redis\asyncio\connection.py", line 403, in connect_check_health
    await self.on_connect_check_health(check_health=check_health)
  File "F:\py\Lib\site-packages\redis\asyncio\connection.py", line 560, in on_connect_check_health
    await self.read_response()
  File "F:\py\Lib\site-packages\redis\asyncio\connection.py", line 747, in read_response
    raise ConnectionError(f"Error while reading from {host_error} : {e.args}")
redis.exceptions.ConnectionError: Error while reading from 192.168.100.128:6379 : (22, '÷∏∂®µƒÕ¯¬Á√˚≤ª‘Ÿø…”√°£', None, 64, None)
[2m2026-05-14T21:34:00.248393+08:00[0m [[31m[1merror    [0m] [1m«Â¿Ì ¬º˛ Stream “Ï≥£                [0m [[0m[1m[34mai_werewolf_core.core.event.bus[0m][0m [36merror[0m=[35m'EventBus Œﬁ∑®ªÒ»° Redis øÕªß∂À'[0m [36mgame_id[0m=[35mNone[0m
Traceback (most recent call last):
  File "F:\py\Lib\asyncio\windows_events.py", line 463, in finish_socket_func
    return ov.getresult()
           ~~~~~~~~~~~~^^
OSError: [WinError 64] ÷∏∂®µƒÕ¯¬Á√˚≤ª‘Ÿø…”√°£

During handling of the above exception, another exception occurred:

Traceback (most recent call last):
  File "F:\py\Lib\site-packages\redis\asyncio\connection.py", line 725, in read_response
    response = await self._parser.read_response(
               ^^^^^^^^^^^^^^^^^^^^^^^^^^^^^^^^^
        disable_decoding=disable_decoding
        ^^^^^^^^^^^^^^^^^^^^^^^^^^^^^^^^^
    )
    ^
  File "F:\py\Lib\site-packages\redis\_parsers\resp2.py", line 82, in read_response
    response = await self._read_response(disable_decoding=disable_decoding)
               ^^^^^^^^^^^^^^^^^^^^^^^^^^^^^^^^^^^^^^^^^^^^^^^^^^^^^^^^^^^^
  File "F:\py\Lib\site-packages\redis\_parsers\resp2.py", line 90, in _read_response
    raw = await self._readline()
          ^^^^^^^^^^^^^^^^^^^^^^
  File "F:\py\Lib\site-packages\redis\_parsers\base.py", line 559, in _readline
    data = await self._stream.readline()
           ^^^^^^^^^^^^^^^^^^^^^^^^^^^^^
  File "F:\py\Lib\asyncio\streams.py", line 562, in readline
    line = await self.readuntil(sep)
           ^^^^^^^^^^^^^^^^^^^^^^^^^
  File "F:\py\Lib\asyncio\streams.py", line 677, in readuntil
    await self._wait_for_data('readuntil')
  File "F:\py\Lib\asyncio\streams.py", line 539, in _wait_for_data
    await self._waiter
  File "F:\py\Lib\asyncio\proactor_events.py", line 286, in _loop_reading
    length = fut.result()
  File "F:\py\Lib\asyncio\windows_events.py", line 804, in _poll
    value = callback(transferred, key, ov)
  File "F:\py\Lib\asyncio\windows_events.py", line 467, in finish_socket_func
    raise ConnectionResetError(*exc.args)
ConnectionResetError: [WinError 64] ÷∏∂®µƒÕ¯¬Á√˚≤ª‘Ÿø…”√°£

During handling of the above exception, another exception occurred:

Traceback (most recent call last):
  File "F:\YilenaCode\Werewolf\ai_werewolf_core\core\event\bus.py", line 111, in _get_redis
    self._redis_client = await RedisClientManager.get_client()
                         ^^^^^^^^^^^^^^^^^^^^^^^^^^^^^^^^^^^^^
  File "F:\YilenaCode\Werewolf\ai_werewolf_core\utils\redis_client.py", line 128, in get_client
    await cls._client.ping()
  File "F:\py\Lib\site-packages\redis\asyncio\client.py", line 764, in execute_command
    conn = self.connection or await pool.get_connection()
                              ^^^^^^^^^^^^^^^^^^^^^^^^^^^
  File "F:\py\Lib\site-packages\redis\utils.py", line 227, in async_wrapper
    return await func(*args, **kwargs)
           ^^^^^^^^^^^^^^^^^^^^^^^^^^^
  File "F:\py\Lib\site-packages\redis\asyncio\connection.py", line 1351, in get_connection
    await self.ensure_connection(connection)
  File "F:\py\Lib\site-packages\redis\asyncio\connection.py", line 1390, in ensure_connection
    await connection.connect()
  File "F:\py\Lib\site-packages\redis\asyncio\connection.py", line 339, in connect
    await self.retry.call_with_retry(
    ...<7 lines>...
    )
  File "F:\py\Lib\site-packages\redis\asyncio\retry.py", line 81, in call_with_retry
    raise error
  File "F:\py\Lib\site-packages\redis\asyncio\retry.py", line 69, in call_with_retry
    return await do()
           ^^^^^^^^^^
  File "F:\py\Lib\site-packages\redis\asyncio\connection.py", line 403, in connect_check_health
    await self.on_connect_check_health(check_health=check_health)
  File "F:\py\Lib\site-packages\redis\asyncio\connection.py", line 560, in on_connect_check_health
    await self.read_response()
  File "F:\py\Lib\site-packages\redis\asyncio\connection.py", line 747, in read_response
    raise ConnectionError(f"Error while reading from {host_error} : {e.args}")
redis.exceptions.ConnectionError: Error while reading from 192.168.100.128:6379 : (22, '÷∏∂®µƒÕ¯¬Á√˚≤ª‘Ÿø…”√°£', None, 64, None)

The above exception was the direct cause of the following exception:

Traceback (most recent call last):
  File "F:\YilenaCode\Werewolf\ai_werewolf_core\core\event\bus.py", line 710, in clear
    redis = await self._get_redis()
            ^^^^^^^^^^^^^^^^^^^^^^^
  File "F:\YilenaCode\Werewolf\ai_werewolf_core\core\event\bus.py", line 114, in _get_redis
    raise RedisUnavailableException(
        "EventBus Œﬁ∑®ªÒ»° Redis øÕªß∂À"
    ) from e
ai_werewolf_core.utils.redis_seq.RedisUnavailableException: EventBus Œﬁ∑®ªÒ»° Redis øÕªß∂À
---------------------------- Captured log teardown ----------------------------
DEBUG    ai_werewolf_core.utils.redis_client:redis_client.py:243 {'max_connections': 300, 'socket_timeout': 10, 'event': 'Redis ¡¨Ω”≥ÿ“—¥¥Ω®', 'level': 'debug', 'logger': 'ai_werewolf_core.utils.redis_client', 'timestamp': '2026-05-14T21:33:55.243592+08:00'}
ERROR    ai_werewolf_core.utils.redis_client:redis_client.py:130 {'host': '192.168.100.128', 'port': 6379, 'error': "Error while reading from 192.168.100.128:6379 : (22, '÷∏∂®µƒÕ¯¬Á√˚≤ª‘Ÿø…”√°£', None, 64, None)", 'event': 'Redis ¡¨Ω”—È÷§ ß∞‹ (PING)', 'level': 'error', 'logger': 'ai_werewolf_core.utils.redis_client', 'timestamp': '2026-05-14T21:34:00.246084+08:00', 'exception': 'Traceback (most recent call last):\n  File "F:\\py\\Lib\\asyncio\\windows_events.py", line 463, in finish_socket_func\n    return ov.getresult()\n           ~~~~~~~~~~~~^^\nOSError: [WinError 64] ÷∏∂®µƒÕ¯¬Á√˚≤ª‘Ÿø…”√°£\n\nDuring handling of the above exception, another exception occurred:\n\nTraceback (most recent call last):\n  File "F:\\py\\Lib\\site-packages\\redis\\asyncio\\connection.py", line 725, in read_response\n    response = await self._parser.read_response(\n               ^^^^^^^^^^^^^^^^^^^^^^^^^^^^^^^^^\n        disable_decoding=disable_decoding\n        ^^^^^^^^^^^^^^^^^^^^^^^^^^^^^^^^^\n    )\n    ^\n  File "F:\\py\\Lib\\site-packages\\redis\\_parsers\\resp2.py", line 82, in read_response\n    response = await self._read_response(disable_decoding=disable_decoding)\n               ^^^^^^^^^^^^^^^^^^^^^^^^^^^^^^^^^^^^^^^^^^^^^^^^^^^^^^^^^^^^\n  File "F:\\py\\Lib\\site-packages\\redis\\_parsers\\resp2.py", line 90, in _read_response\n    raw = await self._readline()\n          ^^^^^^^^^^^^^^^^^^^^^^\n  File "F:\\py\\Lib\\site-packages\\redis\\_parsers\\base.py", line 559, in _readline\n    data = await self._stream.readline()\n           ^^^^^^^^^^^^^^^^^^^^^^^^^^^^^\n  File "F:\\py\\Lib\\asyncio\\streams.py", line 562, in readline\n    line = await self.readuntil(sep)\n           ^^^^^^^^^^^^^^^^^^^^^^^^^\n  File "F:\\py\\Lib\\asyncio\\streams.py", line 677, in readuntil\n    await self._wait_for_data(\'readuntil\')\n  File "F:\\py\\Lib\\asyncio\\streams.py", line 539, in _wait_for_data\n    await self._waiter\n  File "F:\\py\\Lib\\asyncio\\proactor_events.py", line 286, in _loop_reading\n    length = fut.result()\n  File "F:\\py\\Lib\\asyncio\\windows_events.py", line 804, in _poll\n    value = callback(transferred, key, ov)\n  File "F:\\py\\Lib\\asyncio\\windows_events.py", line 467, in finish_socket_func\n    raise ConnectionResetError(*exc.args)\nConnectionResetError: [WinError 64] ÷∏∂®µƒÕ¯¬Á√˚≤ª‘Ÿø…”√°£\n\nDuring handling of the above exception, another exception occurred:\n\nTraceback (most recent call last):\n  File "F:\\YilenaCode\\Werewolf\\ai_werewolf_core\\utils\\redis_client.py", line 128, in get_client\n    await cls._client.ping()\n  File "F:\\py\\Lib\\site-packages\\redis\\asyncio\\client.py", line 764, in execute_command\n    conn = self.connection or await pool.get_connection()\n                              ^^^^^^^^^^^^^^^^^^^^^^^^^^^\n  File "F:\\py\\Lib\\site-packages\\redis\\utils.py", line 227, in async_wrapper\n    return await func(*args, **kwargs)\n           ^^^^^^^^^^^^^^^^^^^^^^^^^^^\n  File "F:\\py\\Lib\\site-packages\\redis\\asyncio\\connection.py", line 1351, in get_connection\n    await self.ensure_connection(connection)\n  File "F:\\py\\Lib\\site-packages\\redis\\asyncio\\connection.py", line 1390, in ensure_connection\n    await connection.connect()\n  File "F:\\py\\Lib\\site-packages\\redis\\asyncio\\connection.py", line 339, in connect\n    await self.retry.call_with_retry(\n    ...<7 lines>...\n    )\n  File "F:\\py\\Lib\\site-packages\\redis\\asyncio\\retry.py", line 81, in call_with_retry\n    raise error\n  File "F:\\py\\Lib\\site-packages\\redis\\asyncio\\retry.py", line 69, in call_with_retry\n    return await do()\n           ^^^^^^^^^^\n  File "F:\\py\\Lib\\site-packages\\redis\\asyncio\\connection.py", line 403, in connect_check_health\n    await self.on_connect_check_health(check_health=check_health)\n  File "F:\\py\\Lib\\site-packages\\redis\\asyncio\\connection.py", line 560, in on_connect_check_health\n    await self.read_response()\n  File "F:\\py\\Lib\\site-packages\\redis\\asyncio\\connection.py", line 747, in read_response\n    raise ConnectionError(f"Error while reading from {host_error} : {e.args}")\nredis.exceptions.ConnectionError: Error while reading from 192.168.100.128:6379 : (22, \'÷∏∂®µƒÕ¯¬Á√˚≤ª‘Ÿø…”√°£\', None, 64, None)'}
ERROR    ai_werewolf_core.core.event.bus:bus.py:741 {'game_id': None, 'error': 'EventBus Œﬁ∑®ªÒ»° Redis øÕªß∂À', 'event': '«Â¿Ì ¬º˛ Stream “Ï≥£', 'level': 'error', 'logger': 'ai_werewolf_core.core.event.bus', 'timestamp': '2026-05-14T21:34:00.248393+08:00', 'exception': 'Traceback (most recent call last):\n  File "F:\\py\\Lib\\asyncio\\windows_events.py", line 463, in finish_socket_func\n    return ov.getresult()\n           ~~~~~~~~~~~~^^\nOSError: [WinError 64] ÷∏∂®µƒÕ¯¬Á√˚≤ª‘Ÿø…”√°£\n\nDuring handling of the above exception, another exception occurred:\n\nTraceback (most recent call last):\n  File "F:\\py\\Lib\\site-packages\\redis\\asyncio\\connection.py", line 725, in read_response\n    response = await self._parser.read_response(\n               ^^^^^^^^^^^^^^^^^^^^^^^^^^^^^^^^^\n        disable_decoding=disable_decoding\n        ^^^^^^^^^^^^^^^^^^^^^^^^^^^^^^^^^\n    )\n    ^\n  File "F:\\py\\Lib\\site-packages\\redis\\_parsers\\resp2.py", line 82, in read_response\n    response = await self._read_response(disable_decoding=disable_decoding)\n               ^^^^^^^^^^^^^^^^^^^^^^^^^^^^^^^^^^^^^^^^^^^^^^^^^^^^^^^^^^^^\n  File "F:\\py\\Lib\\site-packages\\redis\\_parsers\\resp2.py", line 90, in _read_response\n    raw = await self._readline()\n          ^^^^^^^^^^^^^^^^^^^^^^\n  File "F:\\py\\Lib\\site-packages\\redis\\_parsers\\base.py", line 559, in _readline\n    data = await self._stream.readline()\n           ^^^^^^^^^^^^^^^^^^^^^^^^^^^^^\n  File "F:\\py\\Lib\\asyncio\\streams.py", line 562, in readline\n    line = await self.readuntil(sep)\n           ^^^^^^^^^^^^^^^^^^^^^^^^^\n  File "F:\\py\\Lib\\asyncio\\streams.py", line 677, in readuntil\n    await self._wait_for_data(\'readuntil\')\n  File "F:\\py\\Lib\\asyncio\\streams.py", line 539, in _wait_for_data\n    await self._waiter\n  File "F:\\py\\Lib\\asyncio\\proactor_events.py", line 286, in _loop_reading\n    length = fut.result()\n  File "F:\\py\\Lib\\asyncio\\windows_events.py", line 804, in _poll\n    value = callback(transferred, key, ov)\n  File "F:\\py\\Lib\\asyncio\\windows_events.py", line 467, in finish_socket_func\n    raise ConnectionResetError(*exc.args)\nConnectionResetError: [WinError 64] ÷∏∂®µƒÕ¯¬Á√˚≤ª‘Ÿø…”√°£\n\nDuring handling of the above exception, another exception occurred:\n\nTraceback (most recent call last):\n  File "F:\\YilenaCode\\Werewolf\\ai_werewolf_core\\core\\event\\bus.py", line 111, in _get_redis\n    self._redis_client = await RedisClientManager.get_client()\n                         ^^^^^^^^^^^^^^^^^^^^^^^^^^^^^^^^^^^^^\n  File "F:\\YilenaCode\\Werewolf\\ai_werewolf_core\\utils\\redis_client.py", line 128, in get_client\n    await cls._client.ping()\n  File "F:\\py\\Lib\\site-packages\\redis\\asyncio\\client.py", line 764, in execute_command\n    conn = self.connection or await pool.get_connection()\n                              ^^^^^^^^^^^^^^^^^^^^^^^^^^^\n  File "F:\\py\\Lib\\site-packages\\redis\\utils.py", line 227, in async_wrapper\n    return await func(*args, **kwargs)\n           ^^^^^^^^^^^^^^^^^^^^^^^^^^^\n  File "F:\\py\\Lib\\site-packages\\redis\\asyncio\\connection.py", line 1351, in get_connection\n    await self.ensure_connection(connection)\n  File "F:\\py\\Lib\\site-packages\\redis\\asyncio\\connection.py", line 1390, in ensure_connection\n    await connection.connect()\n  File "F:\\py\\Lib\\site-packages\\redis\\asyncio\\connection.py", line 339, in connect\n    await self.retry.call_with_retry(\n    ...<7 lines>...\n    )\n  File "F:\\py\\Lib\\site-packages\\redis\\asyncio\\retry.py", line 81, in call_with_retry\n    raise error\n  File "F:\\py\\Lib\\site-packages\\redis\\asyncio\\retry.py", line 69, in call_with_retry\n    return await do()\n           ^^^^^^^^^^\n  File "F:\\py\\Lib\\site-packages\\redis\\asyncio\\connection.py", line 403, in connect_check_health\n    await self.on_connect_check_health(check_health=check_health)\n  File "F:\\py\\Lib\\site-packages\\redis\\asyncio\\connection.py", line 560, in on_connect_check_health\n    await self.read_response()\n  File "F:\\py\\Lib\\site-packages\\redis\\asyncio\\connection.py", line 747, in read_response\n    raise ConnectionError(f"Error while reading from {host_error} : {e.args}")\nredis.exceptions.ConnectionError: Error while reading from 192.168.100.128:6379 : (22, \'÷∏∂®µƒÕ¯¬Á√˚≤ª‘Ÿø…”√°£\', None, 64, None)\n\nThe above exception was the direct cause of the following exception:\n\nTraceback (most recent call last):\n  File "F:\\YilenaCode\\Werewolf\\ai_werewolf_core\\core\\event\\bus.py", line 710, in clear\n    redis = await self._get_redis()\n            ^^^^^^^^^^^^^^^^^^^^^^^\n  File "F:\\YilenaCode\\Werewolf\\ai_werewolf_core\\core\\event\\bus.py", line 114, in _get_redis\n    raise RedisUnavailableException(\n        "EventBus Œﬁ∑®ªÒ»° Redis øÕªß∂À"\n    ) from e\nai_werewolf_core.utils.redis_seq.RedisUnavailableException: EventBus Œﬁ∑®ªÒ»° Redis øÕªß∂À'}
_______________ TestEndGame.test_end_game_without_start_raises ________________

self = <ai_werewolf_core.core.engine.lifecycle.LifecycleManager object at 0x0000027C31E8D470>

    async def _get_redis(self) -> aioredis.Redis:
        """ªÒ»° Redis “Ï≤ΩøÕªß∂À£®¿¡≥ı ºªØ£¨π≤œÌ¡¨Ω”≥ÿ£©°£"""
        if self._redis is None:
            try:
>               self._redis = await RedisClientManager.get_client()
                              ^^^^^^^^^^^^^^^^^^^^^^^^^^^^^^^^^^^^^

ai_werewolf_core\core\engine\lifecycle.py:143: 
_ _ _ _ _ _ _ _ _ _ _ _ _ _ _ _ _ _ _ _ _ _ _ _ _ _ _ _ _ _ _ _ _ _ _ _ _ _ _ _
ai_werewolf_core\utils\redis_client.py:128: in get_client
    await cls._client.ping()
F:\py\Lib\site-packages\redis\asyncio\client.py:764: in execute_command
    conn = self.connection or await pool.get_connection()
                              ^^^^^^^^^^^^^^^^^^^^^^^^^^^
F:\py\Lib\site-packages\redis\utils.py:227: in async_wrapper
    return await func(*args, **kwargs)
           ^^^^^^^^^^^^^^^^^^^^^^^^^^^
F:\py\Lib\site-packages\redis\asyncio\connection.py:1351: in get_connection
    await self.ensure_connection(connection)
F:\py\Lib\site-packages\redis\asyncio\connection.py:1390: in ensure_connection
    await connection.connect()
F:\py\Lib\site-packages\redis\asyncio\connection.py:339: in connect
    await self.retry.call_with_retry(
F:\py\Lib\site-packages\redis\asyncio\retry.py:81: in call_with_retry
    raise error
F:\py\Lib\site-packages\redis\asyncio\retry.py:69: in call_with_retry
    return await do()
           ^^^^^^^^^^
F:\py\Lib\site-packages\redis\asyncio\connection.py:403: in connect_check_health
    await self.on_connect_check_health(check_health=check_health)
F:\py\Lib\site-packages\redis\asyncio\connection.py:560: in on_connect_check_health
    await self.read_response()
F:\py\Lib\site-packages\redis\asyncio\connection.py:725: in read_response
    response = await self._parser.read_response(
F:\py\Lib\site-packages\redis\_parsers\resp2.py:82: in read_response
    response = await self._read_response(disable_decoding=disable_decoding)
               ^^^^^^^^^^^^^^^^^^^^^^^^^^^^^^^^^^^^^^^^^^^^^^^^^^^^^^^^^^^^
F:\py\Lib\site-packages\redis\_parsers\resp2.py:90: in _read_response
    raw = await self._readline()
          ^^^^^^^^^^^^^^^^^^^^^^
_ _ _ _ _ _ _ _ _ _ _ _ _ _ _ _ _ _ _ _ _ _ _ _ _ _ _ _ _ _ _ _ _ _ _ _ _ _ _ _

self = <redis._parsers.resp2._AsyncRESP2Parser object at 0x0000027C31E8CAD0>

    async def _readline(self) -> bytes:
        """
        read an unknown number of bytes up to the next '\r\n'
        line separator, which is discarded.
        """
        found = self._buffer.find(b"\r\n", self._pos)
        if found >= 0:
            result = self._buffer[self._pos : found]
        else:
            tail = self._buffer[self._pos :]
            data = await self._stream.readline()
            if not data.endswith(b"\r\n"):
>               raise ConnectionError(SERVER_CLOSED_CONNECTION_ERROR)
E               redis.exceptions.ConnectionError: Connection closed by server.

F:\py\Lib\site-packages\redis\_parsers\base.py:561: ConnectionError

The above exception was the direct cause of the following exception:

self = <test_lifecycle.TestEndGame object at 0x0000027C303D69E0>
lifecycle = <ai_werewolf_core.core.engine.lifecycle.LifecycleManager object at 0x0000027C31E8D470>

    @pytest.mark.asyncio
    async def test_end_game_without_start_raises(self, lifecycle):
        """Œ¥ start_game ÷±Ω”µ˜”√ end_game ”¶≈◊≥ˆ“Ï≥£°£"""
        # INIT -> SETTLING ≤ª‘⁄∫œ∑®¬∑æ∂÷–
        with pytest.raises(InvalidTransitionError):
>           await lifecycle.end_game("VILLAGER")

tests\unit\core\engine\test_lifecycle.py:281: 
_ _ _ _ _ _ _ _ _ _ _ _ _ _ _ _ _ _ _ _ _ _ _ _ _ _ _ _ _ _ _ _ _ _ _ _ _ _ _ _
ai_werewolf_core\core\engine\lifecycle.py:529: in end_game
    await self._set_status(GameStatus.SETTLING)
ai_werewolf_core\core\engine\lifecycle.py:351: in _set_status
    current = await self._get_status_from_redis()
              ^^^^^^^^^^^^^^^^^^^^^^^^^^^^^^^^^^^
ai_werewolf_core\core\engine\lifecycle.py:167: in _get_status_from_redis
    redis = await self._get_redis()
            ^^^^^^^^^^^^^^^^^^^^^^^
_ _ _ _ _ _ _ _ _ _ _ _ _ _ _ _ _ _ _ _ _ _ _ _ _ _ _ _ _ _ _ _ _ _ _ _ _ _ _ _

self = <ai_werewolf_core.core.engine.lifecycle.LifecycleManager object at 0x0000027C31E8D470>

    async def _get_redis(self) -> aioredis.Redis:
        """ªÒ»° Redis “Ï≤ΩøÕªß∂À£®¿¡≥ı ºªØ£¨π≤œÌ¡¨Ω”≥ÿ£©°£"""
        if self._redis is None:
            try:
                self._redis = await RedisClientManager.get_client()
                self._logger.debug("LifecycleManager “—ªÒ»°π≤œÌ Redis øÕªß∂À")
            except (aioredis.ConnectionError, aioredis.TimeoutError) as e:
>               raise RedisUnavailableException(
                    f"LifecycleManager Œﬁ∑®ªÒ»° Redis øÕªß∂À: game_id={self.game_id}"
                ) from e
E               ai_werewolf_core.utils.redis_seq.RedisUnavailableException: LifecycleManager Œﬁ∑®ªÒ»° Redis øÕªß∂À: game_id=test_lifecycle_d38476ebbf9f4b39be4f2846de77470b

ai_werewolf_core\core\engine\lifecycle.py:146: RedisUnavailableException
---------------------------- Captured stderr setup ----------------------------
[2m2026-05-14T21:34:00.251543+08:00[0m [[32m[1mdebug    [0m] [1mglobal_subscribe              [0m [[0m[1m[34mai_werewolf_core.core.event.bus[0m][0m [36mhandler[0m=[35m_default_log_subscriber[0m
[2m2026-05-14T21:34:00.251670+08:00[0m [[32m[1mdebug    [0m] [1mglobal_subscribe              [0m [[0m[1m[34mai_werewolf_core.core.event.bus[0m][0m [36mhandler[0m=[35m_persist_to_db[0m
----------------------------- Captured log setup ------------------------------
DEBUG    ai_werewolf_core.core.event.bus:bus.py:519 {'handler': '_default_log_subscriber', 'event': 'global_subscribe', 'level': 'debug', 'logger': 'ai_werewolf_core.core.event.bus', 'timestamp': '2026-05-14T21:34:00.251543+08:00'}
DEBUG    ai_werewolf_core.core.event.bus:bus.py:519 {'handler': '_persist_to_db', 'event': 'global_subscribe', 'level': 'debug', 'logger': 'ai_werewolf_core.core.event.bus', 'timestamp': '2026-05-14T21:34:00.251670+08:00'}
---------------------------- Captured stderr call -----------------------------
[2m2026-05-14T21:34:00.252380+08:00[0m [[32m[1minfo     [0m] [1mgame_end                      [0m [[0m[1m[34mai_werewolf_core.core.engine.lifecycle[0m][0m [36mgame_id[0m=[35mtest_lifecycle_d38476ebbf9f4b39be4f2846de77470b[0m [36mmodule[0m=[35mLifecycleManager[0m [36mwinner_faction[0m=[35mVILLAGER[0m
[2m2026-05-14T21:34:00.252533+08:00[0m [[32m[1mdebug    [0m] [1mRedis ¡¨Ω”≥ÿ“—¥¥Ω®                  [0m [[0m[1m[34mai_werewolf_core.utils.redis_client[0m][0m [36mmax_connections[0m=[35m300[0m [36msocket_timeout[0m=[35m10[0m
[2m2026-05-14T21:34:05.255816+08:00[0m [[31m[1merror    [0m] [1mRedis ¡¨Ω”—È÷§ ß∞‹ (PING)           [0m [[0m[1m[34mai_werewolf_core.utils.redis_client[0m][0m [36merror[0m=[35m'Connection closed by server.'[0m [36mhost[0m=[35m192.168.100.128[0m [36mport[0m=[35m6379[0m
Traceback (most recent call last):
  File "F:\YilenaCode\Werewolf\ai_werewolf_core\utils\redis_client.py", line 128, in get_client
    await cls._client.ping()
  File "F:\py\Lib\site-packages\redis\asyncio\client.py", line 764, in execute_command
    conn = self.connection or await pool.get_connection()
                              ^^^^^^^^^^^^^^^^^^^^^^^^^^^
  File "F:\py\Lib\site-packages\redis\utils.py", line 227, in async_wrapper
    return await func(*args, **kwargs)
           ^^^^^^^^^^^^^^^^^^^^^^^^^^^
  File "F:\py\Lib\site-packages\redis\asyncio\connection.py", line 1351, in get_connection
    await self.ensure_connection(connection)
  File "F:\py\Lib\site-packages\redis\asyncio\connection.py", line 1390, in ensure_connection
    await connection.connect()
  File "F:\py\Lib\site-packages\redis\asyncio\connection.py", line 339, in connect
    await self.retry.call_with_retry(
    ...<7 lines>...
    )
  File "F:\py\Lib\site-packages\redis\asyncio\retry.py", line 81, in call_with_retry
    raise error
  File "F:\py\Lib\site-packages\redis\asyncio\retry.py", line 69, in call_with_retry
    return await do()
           ^^^^^^^^^^
  File "F:\py\Lib\site-packages\redis\asyncio\connection.py", line 403, in connect_check_health
    await self.on_connect_check_health(check_health=check_health)
  File "F:\py\Lib\site-packages\redis\asyncio\connection.py", line 560, in on_connect_check_health
    await self.read_response()
  File "F:\py\Lib\site-packages\redis\asyncio\connection.py", line 725, in read_response
    response = await self._parser.read_response(
               ^^^^^^^^^^^^^^^^^^^^^^^^^^^^^^^^^
        disable_decoding=disable_decoding
        ^^^^^^^^^^^^^^^^^^^^^^^^^^^^^^^^^
    )
    ^
  File "F:\py\Lib\site-packages\redis\_parsers\resp2.py", line 82, in read_response
    response = await self._read_response(disable_decoding=disable_decoding)
               ^^^^^^^^^^^^^^^^^^^^^^^^^^^^^^^^^^^^^^^^^^^^^^^^^^^^^^^^^^^^
  File "F:\py\Lib\site-packages\redis\_parsers\resp2.py", line 90, in _read_response
    raw = await self._readline()
          ^^^^^^^^^^^^^^^^^^^^^^
  File "F:\py\Lib\site-packages\redis\_parsers\base.py", line 561, in _readline
    raise ConnectionError(SERVER_CLOSED_CONNECTION_ERROR)
redis.exceptions.ConnectionError: Connection closed by server.
------------------------------ Captured log call ------------------------------
INFO     ai_werewolf_core.core.engine.lifecycle:lifecycle.py:526 {'game_id': 'test_lifecycle_d38476ebbf9f4b39be4f2846de77470b', 'module': 'LifecycleManager', 'winner_faction': 'VILLAGER', 'event': 'game_end', 'level': 'info', 'logger': 'ai_werewolf_core.core.engine.lifecycle', 'timestamp': '2026-05-14T21:34:00.252380+08:00'}
DEBUG    ai_werewolf_core.utils.redis_client:redis_client.py:243 {'max_connections': 300, 'socket_timeout': 10, 'event': 'Redis ¡¨Ω”≥ÿ“—¥¥Ω®', 'level': 'debug', 'logger': 'ai_werewolf_core.utils.redis_client', 'timestamp': '2026-05-14T21:34:00.252533+08:00'}
ERROR    ai_werewolf_core.utils.redis_client:redis_client.py:130 {'host': '192.168.100.128', 'port': 6379, 'error': 'Connection closed by server.', 'event': 'Redis ¡¨Ω”—È÷§ ß∞‹ (PING)', 'level': 'error', 'logger': 'ai_werewolf_core.utils.redis_client', 'timestamp': '2026-05-14T21:34:05.255816+08:00', 'exception': 'Traceback (most recent call last):\n  File "F:\\YilenaCode\\Werewolf\\ai_werewolf_core\\utils\\redis_client.py", line 128, in get_client\n    await cls._client.ping()\n  File "F:\\py\\Lib\\site-packages\\redis\\asyncio\\client.py", line 764, in execute_command\n    conn = self.connection or await pool.get_connection()\n                              ^^^^^^^^^^^^^^^^^^^^^^^^^^^\n  File "F:\\py\\Lib\\site-packages\\redis\\utils.py", line 227, in async_wrapper\n    return await func(*args, **kwargs)\n           ^^^^^^^^^^^^^^^^^^^^^^^^^^^\n  File "F:\\py\\Lib\\site-packages\\redis\\asyncio\\connection.py", line 1351, in get_connection\n    await self.ensure_connection(connection)\n  File "F:\\py\\Lib\\site-packages\\redis\\asyncio\\connection.py", line 1390, in ensure_connection\n    await connection.connect()\n  File "F:\\py\\Lib\\site-packages\\redis\\asyncio\\connection.py", line 339, in connect\n    await self.retry.call_with_retry(\n    ...<7 lines>...\n    )\n  File "F:\\py\\Lib\\site-packages\\redis\\asyncio\\retry.py", line 81, in call_with_retry\n    raise error\n  File "F:\\py\\Lib\\site-packages\\redis\\asyncio\\retry.py", line 69, in call_with_retry\n    return await do()\n           ^^^^^^^^^^\n  File "F:\\py\\Lib\\site-packages\\redis\\asyncio\\connection.py", line 403, in connect_check_health\n    await self.on_connect_check_health(check_health=check_health)\n  File "F:\\py\\Lib\\site-packages\\redis\\asyncio\\connection.py", line 560, in on_connect_check_health\n    await self.read_response()\n  File "F:\\py\\Lib\\site-packages\\redis\\asyncio\\connection.py", line 725, in read_response\n    response = await self._parser.read_response(\n               ^^^^^^^^^^^^^^^^^^^^^^^^^^^^^^^^^\n        disable_decoding=disable_decoding\n        ^^^^^^^^^^^^^^^^^^^^^^^^^^^^^^^^^\n    )\n    ^\n  File "F:\\py\\Lib\\site-packages\\redis\\_parsers\\resp2.py", line 82, in read_response\n    response = await self._read_response(disable_decoding=disable_decoding)\n               ^^^^^^^^^^^^^^^^^^^^^^^^^^^^^^^^^^^^^^^^^^^^^^^^^^^^^^^^^^^^\n  File "F:\\py\\Lib\\site-packages\\redis\\_parsers\\resp2.py", line 90, in _read_response\n    raw = await self._readline()\n          ^^^^^^^^^^^^^^^^^^^^^^\n  File "F:\\py\\Lib\\site-packages\\redis\\_parsers\\base.py", line 561, in _readline\n    raise ConnectionError(SERVER_CLOSED_CONNECTION_ERROR)\nredis.exceptions.ConnectionError: Connection closed by server.'}
-------------------------- Captured stderr teardown ---------------------------
[2m2026-05-14T21:34:05.352021+08:00[0m [[32m[1mdebug    [0m] [1mRedis ¡¨Ω”≥ÿ“—¥¥Ω®                  [0m [[0m[1m[34mai_werewolf_core.utils.redis_client[0m][0m [36mmax_connections[0m=[35m300[0m [36msocket_timeout[0m=[35m10[0m
[2m2026-05-14T21:34:10.354880+08:00[0m [[31m[1merror    [0m] [1mRedis ¡¨Ω”—È÷§ ß∞‹ (PING)           [0m [[0m[1m[34mai_werewolf_core.utils.redis_client[0m][0m [36merror[0m=[35m"Error while reading from 192.168.100.128:6379 : (22, '÷∏∂®µƒÕ¯¬Á√˚≤ª‘Ÿø…”√°£', None, 64, None)"[0m [36mhost[0m=[35m192.168.100.128[0m [36mport[0m=[35m6379[0m
Traceback (most recent call last):
  File "F:\py\Lib\asyncio\windows_events.py", line 463, in finish_socket_func
    return ov.getresult()
           ~~~~~~~~~~~~^^
OSError: [WinError 64] ÷∏∂®µƒÕ¯¬Á√˚≤ª‘Ÿø…”√°£

During handling of the above exception, another exception occurred:

Traceback (most recent call last):
  File "F:\py\Lib\site-packages\redis\asyncio\connection.py", line 725, in read_response
    response = await self._parser.read_response(
               ^^^^^^^^^^^^^^^^^^^^^^^^^^^^^^^^^
        disable_decoding=disable_decoding
        ^^^^^^^^^^^^^^^^^^^^^^^^^^^^^^^^^
    )
    ^
  File "F:\py\Lib\site-packages\redis\_parsers\resp2.py", line 82, in read_response
    response = await self._read_response(disable_decoding=disable_decoding)
               ^^^^^^^^^^^^^^^^^^^^^^^^^^^^^^^^^^^^^^^^^^^^^^^^^^^^^^^^^^^^
  File "F:\py\Lib\site-packages\redis\_parsers\resp2.py", line 90, in _read_response
    raw = await self._readline()
          ^^^^^^^^^^^^^^^^^^^^^^
  File "F:\py\Lib\site-packages\redis\_parsers\base.py", line 559, in _readline
    data = await self._stream.readline()
           ^^^^^^^^^^^^^^^^^^^^^^^^^^^^^
  File "F:\py\Lib\asyncio\streams.py", line 562, in readline
    line = await self.readuntil(sep)
           ^^^^^^^^^^^^^^^^^^^^^^^^^
  File "F:\py\Lib\asyncio\streams.py", line 677, in readuntil
    await self._wait_for_data('readuntil')
  File "F:\py\Lib\asyncio\streams.py", line 539, in _wait_for_data
    await self._waiter
  File "F:\py\Lib\asyncio\proactor_events.py", line 286, in _loop_reading
    length = fut.result()
  File "F:\py\Lib\asyncio\windows_events.py", line 804, in _poll
    value = callback(transferred, key, ov)
  File "F:\py\Lib\asyncio\windows_events.py", line 467, in finish_socket_func
    raise ConnectionResetError(*exc.args)
ConnectionResetError: [WinError 64] ÷∏∂®µƒÕ¯¬Á√˚≤ª‘Ÿø…”√°£

During handling of the above exception, another exception occurred:

Traceback (most recent call last):
  File "F:\YilenaCode\Werewolf\ai_werewolf_core\utils\redis_client.py", line 128, in get_client
    await cls._client.ping()
  File "F:\py\Lib\site-packages\redis\asyncio\client.py", line 764, in execute_command
    conn = self.connection or await pool.get_connection()
                              ^^^^^^^^^^^^^^^^^^^^^^^^^^^
  File "F:\py\Lib\site-packages\redis\utils.py", line 227, in async_wrapper
    return await func(*args, **kwargs)
           ^^^^^^^^^^^^^^^^^^^^^^^^^^^
  File "F:\py\Lib\site-packages\redis\asyncio\connection.py", line 1351, in get_connection
    await self.ensure_connection(connection)
  File "F:\py\Lib\site-packages\redis\asyncio\connection.py", line 1390, in ensure_connection
    await connection.connect()
  File "F:\py\Lib\site-packages\redis\asyncio\connection.py", line 339, in connect
    await self.retry.call_with_retry(
    ...<7 lines>...
    )
  File "F:\py\Lib\site-packages\redis\asyncio\retry.py", line 81, in call_with_retry
    raise error
  File "F:\py\Lib\site-packages\redis\asyncio\retry.py", line 69, in call_with_retry
    return await do()
           ^^^^^^^^^^
  File "F:\py\Lib\site-packages\redis\asyncio\connection.py", line 403, in connect_check_health
    await self.on_connect_check_health(check_health=check_health)
  File "F:\py\Lib\site-packages\redis\asyncio\connection.py", line 560, in on_connect_check_health
    await self.read_response()
  File "F:\py\Lib\site-packages\redis\asyncio\connection.py", line 747, in read_response
    raise ConnectionError(f"Error while reading from {host_error} : {e.args}")
redis.exceptions.ConnectionError: Error while reading from 192.168.100.128:6379 : (22, '÷∏∂®µƒÕ¯¬Á√˚≤ª‘Ÿø…”√°£', None, 64, None)
[2m2026-05-14T21:34:10.357537+08:00[0m [[31m[1merror    [0m] [1m«Â¿Ì ¬º˛ Stream “Ï≥£                [0m [[0m[1m[34mai_werewolf_core.core.event.bus[0m][0m [36merror[0m=[35m'EventBus Œﬁ∑®ªÒ»° Redis øÕªß∂À'[0m [36mgame_id[0m=[35mNone[0m
Traceback (most recent call last):
  File "F:\py\Lib\asyncio\windows_events.py", line 463, in finish_socket_func
    return ov.getresult()
           ~~~~~~~~~~~~^^
OSError: [WinError 64] ÷∏∂®µƒÕ¯¬Á√˚≤ª‘Ÿø…”√°£

During handling of the above exception, another exception occurred:

Traceback (most recent call last):
  File "F:\py\Lib\site-packages\redis\asyncio\connection.py", line 725, in read_response
    response = await self._parser.read_response(
               ^^^^^^^^^^^^^^^^^^^^^^^^^^^^^^^^^
        disable_decoding=disable_decoding
        ^^^^^^^^^^^^^^^^^^^^^^^^^^^^^^^^^
    )
    ^
  File "F:\py\Lib\site-packages\redis\_parsers\resp2.py", line 82, in read_response
    response = await self._read_response(disable_decoding=disable_decoding)
               ^^^^^^^^^^^^^^^^^^^^^^^^^^^^^^^^^^^^^^^^^^^^^^^^^^^^^^^^^^^^
  File "F:\py\Lib\site-packages\redis\_parsers\resp2.py", line 90, in _read_response
    raw = await self._readline()
          ^^^^^^^^^^^^^^^^^^^^^^
  File "F:\py\Lib\site-packages\redis\_parsers\base.py", line 559, in _readline
    data = await self._stream.readline()
           ^^^^^^^^^^^^^^^^^^^^^^^^^^^^^
  File "F:\py\Lib\asyncio\streams.py", line 562, in readline
    line = await self.readuntil(sep)
           ^^^^^^^^^^^^^^^^^^^^^^^^^
  File "F:\py\Lib\asyncio\streams.py", line 677, in readuntil
    await self._wait_for_data('readuntil')
  File "F:\py\Lib\asyncio\streams.py", line 539, in _wait_for_data
    await self._waiter
  File "F:\py\Lib\asyncio\proactor_events.py", line 286, in _loop_reading
    length = fut.result()
  File "F:\py\Lib\asyncio\windows_events.py", line 804, in _poll
    value = callback(transferred, key, ov)
  File "F:\py\Lib\asyncio\windows_events.py", line 467, in finish_socket_func
    raise ConnectionResetError(*exc.args)
ConnectionResetError: [WinError 64] ÷∏∂®µƒÕ¯¬Á√˚≤ª‘Ÿø…”√°£

During handling of the above exception, another exception occurred:

Traceback (most recent call last):
  File "F:\YilenaCode\Werewolf\ai_werewolf_core\core\event\bus.py", line 111, in _get_redis
    self._redis_client = await RedisClientManager.get_client()
                         ^^^^^^^^^^^^^^^^^^^^^^^^^^^^^^^^^^^^^
  File "F:\YilenaCode\Werewolf\ai_werewolf_core\utils\redis_client.py", line 128, in get_client
    await cls._client.ping()
  File "F:\py\Lib\site-packages\redis\asyncio\client.py", line 764, in execute_command
    conn = self.connection or await pool.get_connection()
                              ^^^^^^^^^^^^^^^^^^^^^^^^^^^
  File "F:\py\Lib\site-packages\redis\utils.py", line 227, in async_wrapper
    return await func(*args, **kwargs)
           ^^^^^^^^^^^^^^^^^^^^^^^^^^^
  File "F:\py\Lib\site-packages\redis\asyncio\connection.py", line 1351, in get_connection
    await self.ensure_connection(connection)
  File "F:\py\Lib\site-packages\redis\asyncio\connection.py", line 1390, in ensure_connection
    await connection.connect()
  File "F:\py\Lib\site-packages\redis\asyncio\connection.py", line 339, in connect
    await self.retry.call_with_retry(
    ...<7 lines>...
    )
  File "F:\py\Lib\site-packages\redis\asyncio\retry.py", line 81, in call_with_retry
    raise error
  File "F:\py\Lib\site-packages\redis\asyncio\retry.py", line 69, in call_with_retry
    return await do()
           ^^^^^^^^^^
  File "F:\py\Lib\site-packages\redis\asyncio\connection.py", line 403, in connect_check_health
    await self.on_connect_check_health(check_health=check_health)
  File "F:\py\Lib\site-packages\redis\asyncio\connection.py", line 560, in on_connect_check_health
    await self.read_response()
  File "F:\py\Lib\site-packages\redis\asyncio\connection.py", line 747, in read_response
    raise ConnectionError(f"Error while reading from {host_error} : {e.args}")
redis.exceptions.ConnectionError: Error while reading from 192.168.100.128:6379 : (22, '÷∏∂®µƒÕ¯¬Á√˚≤ª‘Ÿø…”√°£', None, 64, None)

The above exception was the direct cause of the following exception:

Traceback (most recent call last):
  File "F:\YilenaCode\Werewolf\ai_werewolf_core\core\event\bus.py", line 710, in clear
    redis = await self._get_redis()
            ^^^^^^^^^^^^^^^^^^^^^^^
  File "F:\YilenaCode\Werewolf\ai_werewolf_core\core\event\bus.py", line 114, in _get_redis
    raise RedisUnavailableException(
        "EventBus Œﬁ∑®ªÒ»° Redis øÕªß∂À"
    ) from e
ai_werewolf_core.utils.redis_seq.RedisUnavailableException: EventBus Œﬁ∑®ªÒ»° Redis øÕªß∂À
---------------------------- Captured log teardown ----------------------------
DEBUG    ai_werewolf_core.utils.redis_client:redis_client.py:243 {'max_connections': 300, 'socket_timeout': 10, 'event': 'Redis ¡¨Ω”≥ÿ“—¥¥Ω®', 'level': 'debug', 'logger': 'ai_werewolf_core.utils.redis_client', 'timestamp': '2026-05-14T21:34:05.352021+08:00'}
ERROR    ai_werewolf_core.utils.redis_client:redis_client.py:130 {'host': '192.168.100.128', 'port': 6379, 'error': "Error while reading from 192.168.100.128:6379 : (22, '÷∏∂®µƒÕ¯¬Á√˚≤ª‘Ÿø…”√°£', None, 64, None)", 'event': 'Redis ¡¨Ω”—È÷§ ß∞‹ (PING)', 'level': 'error', 'logger': 'ai_werewolf_core.utils.redis_client', 'timestamp': '2026-05-14T21:34:10.354880+08:00', 'exception': 'Traceback (most recent call last):\n  File "F:\\py\\Lib\\asyncio\\windows_events.py", line 463, in finish_socket_func\n    return ov.getresult()\n           ~~~~~~~~~~~~^^\nOSError: [WinError 64] ÷∏∂®µƒÕ¯¬Á√˚≤ª‘Ÿø…”√°£\n\nDuring handling of the above exception, another exception occurred:\n\nTraceback (most recent call last):\n  File "F:\\py\\Lib\\site-packages\\redis\\asyncio\\connection.py", line 725, in read_response\n    response = await self._parser.read_response(\n               ^^^^^^^^^^^^^^^^^^^^^^^^^^^^^^^^^\n        disable_decoding=disable_decoding\n        ^^^^^^^^^^^^^^^^^^^^^^^^^^^^^^^^^\n    )\n    ^\n  File "F:\\py\\Lib\\site-packages\\redis\\_parsers\\resp2.py", line 82, in read_response\n    response = await self._read_response(disable_decoding=disable_decoding)\n               ^^^^^^^^^^^^^^^^^^^^^^^^^^^^^^^^^^^^^^^^^^^^^^^^^^^^^^^^^^^^\n  File "F:\\py\\Lib\\site-packages\\redis\\_parsers\\resp2.py", line 90, in _read_response\n    raw = await self._readline()\n          ^^^^^^^^^^^^^^^^^^^^^^\n  File "F:\\py\\Lib\\site-packages\\redis\\_parsers\\base.py", line 559, in _readline\n    data = await self._stream.readline()\n           ^^^^^^^^^^^^^^^^^^^^^^^^^^^^^\n  File "F:\\py\\Lib\\asyncio\\streams.py", line 562, in readline\n    line = await self.readuntil(sep)\n           ^^^^^^^^^^^^^^^^^^^^^^^^^\n  File "F:\\py\\Lib\\asyncio\\streams.py", line 677, in readuntil\n    await self._wait_for_data(\'readuntil\')\n  File "F:\\py\\Lib\\asyncio\\streams.py", line 539, in _wait_for_data\n    await self._waiter\n  File "F:\\py\\Lib\\asyncio\\proactor_events.py", line 286, in _loop_reading\n    length = fut.result()\n  File "F:\\py\\Lib\\asyncio\\windows_events.py", line 804, in _poll\n    value = callback(transferred, key, ov)\n  File "F:\\py\\Lib\\asyncio\\windows_events.py", line 467, in finish_socket_func\n    raise ConnectionResetError(*exc.args)\nConnectionResetError: [WinError 64] ÷∏∂®µƒÕ¯¬Á√˚≤ª‘Ÿø…”√°£\n\nDuring handling of the above exception, another exception occurred:\n\nTraceback (most recent call last):\n  File "F:\\YilenaCode\\Werewolf\\ai_werewolf_core\\utils\\redis_client.py", line 128, in get_client\n    await cls._client.ping()\n  File "F:\\py\\Lib\\site-packages\\redis\\asyncio\\client.py", line 764, in execute_command\n    conn = self.connection or await pool.get_connection()\n                              ^^^^^^^^^^^^^^^^^^^^^^^^^^^\n  File "F:\\py\\Lib\\site-packages\\redis\\utils.py", line 227, in async_wrapper\n    return await func(*args, **kwargs)\n           ^^^^^^^^^^^^^^^^^^^^^^^^^^^\n  File "F:\\py\\Lib\\site-packages\\redis\\asyncio\\connection.py", line 1351, in get_connection\n    await self.ensure_connection(connection)\n  File "F:\\py\\Lib\\site-packages\\redis\\asyncio\\connection.py", line 1390, in ensure_connection\n    await connection.connect()\n  File "F:\\py\\Lib\\site-packages\\redis\\asyncio\\connection.py", line 339, in connect\n    await self.retry.call_with_retry(\n    ...<7 lines>...\n    )\n  File "F:\\py\\Lib\\site-packages\\redis\\asyncio\\retry.py", line 81, in call_with_retry\n    raise error\n  File "F:\\py\\Lib\\site-packages\\redis\\asyncio\\retry.py", line 69, in call_with_retry\n    return await do()\n           ^^^^^^^^^^\n  File "F:\\py\\Lib\\site-packages\\redis\\asyncio\\connection.py", line 403, in connect_check_health\n    await self.on_connect_check_health(check_health=check_health)\n  File "F:\\py\\Lib\\site-packages\\redis\\asyncio\\connection.py", line 560, in on_connect_check_health\n    await self.read_response()\n  File "F:\\py\\Lib\\site-packages\\redis\\asyncio\\connection.py", line 747, in read_response\n    raise ConnectionError(f"Error while reading from {host_error} : {e.args}")\nredis.exceptions.ConnectionError: Error while reading from 192.168.100.128:6379 : (22, \'÷∏∂®µƒÕ¯¬Á√˚≤ª‘Ÿø…”√°£\', None, 64, None)'}
ERROR    ai_werewolf_core.core.event.bus:bus.py:741 {'game_id': None, 'error': 'EventBus Œﬁ∑®ªÒ»° Redis øÕªß∂À', 'event': '«Â¿Ì ¬º˛ Stream “Ï≥£', 'level': 'error', 'logger': 'ai_werewolf_core.core.event.bus', 'timestamp': '2026-05-14T21:34:10.357537+08:00', 'exception': 'Traceback (most recent call last):\n  File "F:\\py\\Lib\\asyncio\\windows_events.py", line 463, in finish_socket_func\n    return ov.getresult()\n           ~~~~~~~~~~~~^^\nOSError: [WinError 64] ÷∏∂®µƒÕ¯¬Á√˚≤ª‘Ÿø…”√°£\n\nDuring handling of the above exception, another exception occurred:\n\nTraceback (most recent call last):\n  File "F:\\py\\Lib\\site-packages\\redis\\asyncio\\connection.py", line 725, in read_response\n    response = await self._parser.read_response(\n               ^^^^^^^^^^^^^^^^^^^^^^^^^^^^^^^^^\n        disable_decoding=disable_decoding\n        ^^^^^^^^^^^^^^^^^^^^^^^^^^^^^^^^^\n    )\n    ^\n  File "F:\\py\\Lib\\site-packages\\redis\\_parsers\\resp2.py", line 82, in read_response\n    response = await self._read_response(disable_decoding=disable_decoding)\n               ^^^^^^^^^^^^^^^^^^^^^^^^^^^^^^^^^^^^^^^^^^^^^^^^^^^^^^^^^^^^\n  File "F:\\py\\Lib\\site-packages\\redis\\_parsers\\resp2.py", line 90, in _read_response\n    raw = await self._readline()\n          ^^^^^^^^^^^^^^^^^^^^^^\n  File "F:\\py\\Lib\\site-packages\\redis\\_parsers\\base.py", line 559, in _readline\n    data = await self._stream.readline()\n           ^^^^^^^^^^^^^^^^^^^^^^^^^^^^^\n  File "F:\\py\\Lib\\asyncio\\streams.py", line 562, in readline\n    line = await self.readuntil(sep)\n           ^^^^^^^^^^^^^^^^^^^^^^^^^\n  File "F:\\py\\Lib\\asyncio\\streams.py", line 677, in readuntil\n    await self._wait_for_data(\'readuntil\')\n  File "F:\\py\\Lib\\asyncio\\streams.py", line 539, in _wait_for_data\n    await self._waiter\n  File "F:\\py\\Lib\\asyncio\\proactor_events.py", line 286, in _loop_reading\n    length = fut.result()\n  File "F:\\py\\Lib\\asyncio\\windows_events.py", line 804, in _poll\n    value = callback(transferred, key, ov)\n  File "F:\\py\\Lib\\asyncio\\windows_events.py", line 467, in finish_socket_func\n    raise ConnectionResetError(*exc.args)\nConnectionResetError: [WinError 64] ÷∏∂®µƒÕ¯¬Á√˚≤ª‘Ÿø…”√°£\n\nDuring handling of the above exception, another exception occurred:\n\nTraceback (most recent call last):\n  File "F:\\YilenaCode\\Werewolf\\ai_werewolf_core\\core\\event\\bus.py", line 111, in _get_redis\n    self._redis_client = await RedisClientManager.get_client()\n                         ^^^^^^^^^^^^^^^^^^^^^^^^^^^^^^^^^^^^^\n  File "F:\\YilenaCode\\Werewolf\\ai_werewolf_core\\utils\\redis_client.py", line 128, in get_client\n    await cls._client.ping()\n  File "F:\\py\\Lib\\site-packages\\redis\\asyncio\\client.py", line 764, in execute_command\n    conn = self.connection or await pool.get_connection()\n                              ^^^^^^^^^^^^^^^^^^^^^^^^^^^\n  File "F:\\py\\Lib\\site-packages\\redis\\utils.py", line 227, in async_wrapper\n    return await func(*args, **kwargs)\n           ^^^^^^^^^^^^^^^^^^^^^^^^^^^\n  File "F:\\py\\Lib\\site-packages\\redis\\asyncio\\connection.py", line 1351, in get_connection\n    await self.ensure_connection(connection)\n  File "F:\\py\\Lib\\site-packages\\redis\\asyncio\\connection.py", line 1390, in ensure_connection\n    await connection.connect()\n  File "F:\\py\\Lib\\site-packages\\redis\\asyncio\\connection.py", line 339, in connect\n    await self.retry.call_with_retry(\n    ...<7 lines>...\n    )\n  File "F:\\py\\Lib\\site-packages\\redis\\asyncio\\retry.py", line 81, in call_with_retry\n    raise error\n  File "F:\\py\\Lib\\site-packages\\redis\\asyncio\\retry.py", line 69, in call_with_retry\n    return await do()\n           ^^^^^^^^^^\n  File "F:\\py\\Lib\\site-packages\\redis\\asyncio\\connection.py", line 403, in connect_check_health\n    await self.on_connect_check_health(check_health=check_health)\n  File "F:\\py\\Lib\\site-packages\\redis\\asyncio\\connection.py", line 560, in on_connect_check_health\n    await self.read_response()\n  File "F:\\py\\Lib\\site-packages\\redis\\asyncio\\connection.py", line 747, in read_response\n    raise ConnectionError(f"Error while reading from {host_error} : {e.args}")\nredis.exceptions.ConnectionError: Error while reading from 192.168.100.128:6379 : (22, \'÷∏∂®µƒÕ¯¬Á√˚≤ª‘Ÿø…”√°£\', None, 64, None)\n\nThe above exception was the direct cause of the following exception:\n\nTraceback (most recent call last):\n  File "F:\\YilenaCode\\Werewolf\\ai_werewolf_core\\core\\event\\bus.py", line 710, in clear\n    redis = await self._get_redis()\n            ^^^^^^^^^^^^^^^^^^^^^^^\n  File "F:\\YilenaCode\\Werewolf\\ai_werewolf_core\\core\\event\\bus.py", line 114, in _get_redis\n    raise RedisUnavailableException(\n        "EventBus Œﬁ∑®ªÒ»° Redis øÕªß∂À"\n    ) from e\nai_werewolf_core.utils.redis_seq.RedisUnavailableException: EventBus Œﬁ∑®ªÒ»° Redis øÕªß∂À'}
___________________ TestEndGame.test_end_game_twice_raises ____________________

trans = 0, key = 0, ov = <_overlapped.Overlapped object at 0x0000027C320BEA30>

    @staticmethod
    def finish_socket_func(trans, key, ov):
        try:
>           return ov.getresult()
                   ^^^^^^^^^^^^^^
E           OSError: [WinError 64] ÷∏∂®µƒÕ¯¬Á√˚≤ª‘Ÿø…”√°£

F:\py\Lib\asyncio\windows_events.py:463: OSError

During handling of the above exception, another exception occurred:

self = <redis.asyncio.connection.Connection(host=192.168.100.128,port=6379,db=1)>
disable_decoding = False, timeout = None

    async def read_response(
        self,
        disable_decoding: bool = False,
        timeout: Optional[float] = None,
        *,
        disconnect_on_error: bool = True,
        push_request: Optional[bool] = False,
    ):
        """Read the response from a previously sent command"""
        read_timeout = timeout if timeout is not None else self.socket_timeout
        host_error = self._host_error()
        try:
            if read_timeout is not None and self.protocol in ["3", 3]:
                async with async_timeout(read_timeout):
                    response = await self._parser.read_response(
                        disable_decoding=disable_decoding, push_request=push_request
                    )
            elif read_timeout is not None:
                async with async_timeout(read_timeout):
>                   response = await self._parser.read_response(
                        disable_decoding=disable_decoding

F:\py\Lib\site-packages\redis\asyncio\connection.py:725: 
_ _ _ _ _ _ _ _ _ _ _ _ _ _ _ _ _ _ _ _ _ _ _ _ _ _ _ _ _ _ _ _ _ _ _ _ _ _ _ _
F:\py\Lib\site-packages\redis\_parsers\resp2.py:82: in read_response
    response = await self._read_response(disable_decoding=disable_decoding)
               ^^^^^^^^^^^^^^^^^^^^^^^^^^^^^^^^^^^^^^^^^^^^^^^^^^^^^^^^^^^^
F:\py\Lib\site-packages\redis\_parsers\resp2.py:90: in _read_response
    raw = await self._readline()
          ^^^^^^^^^^^^^^^^^^^^^^
F:\py\Lib\site-packages\redis\_parsers\base.py:559: in _readline
    data = await self._stream.readline()
           ^^^^^^^^^^^^^^^^^^^^^^^^^^^^^
F:\py\Lib\asyncio\streams.py:562: in readline
    line = await self.readuntil(sep)
           ^^^^^^^^^^^^^^^^^^^^^^^^^
F:\py\Lib\asyncio\streams.py:677: in readuntil
    await self._wait_for_data('readuntil')
F:\py\Lib\asyncio\streams.py:539: in _wait_for_data
    await self._waiter
F:\py\Lib\asyncio\proactor_events.py:286: in _loop_reading
    length = fut.result()
             ^^^^^^^^^^^^
F:\py\Lib\asyncio\windows_events.py:804: in _poll
    value = callback(transferred, key, ov)
            ^^^^^^^^^^^^^^^^^^^^^^^^^^^^^^
_ _ _ _ _ _ _ _ _ _ _ _ _ _ _ _ _ _ _ _ _ _ _ _ _ _ _ _ _ _ _ _ _ _ _ _ _ _ _ _

trans = 0, key = 0, ov = <_overlapped.Overlapped object at 0x0000027C320BEA30>

    @staticmethod
    def finish_socket_func(trans, key, ov):
        try:
            return ov.getresult()
        except OSError as exc:
            if exc.winerror in (_overlapped.ERROR_NETNAME_DELETED,
                                _overlapped.ERROR_OPERATION_ABORTED):
>               raise ConnectionResetError(*exc.args)
E               ConnectionResetError: [WinError 64] ÷∏∂®µƒÕ¯¬Á√˚≤ª‘Ÿø…”√°£

F:\py\Lib\asyncio\windows_events.py:467: ConnectionResetError

During handling of the above exception, another exception occurred:

self = <ai_werewolf_core.core.engine.lifecycle.LifecycleManager object at 0x0000027C31E8DA90>

    async def _get_redis(self) -> aioredis.Redis:
        """ªÒ»° Redis “Ï≤ΩøÕªß∂À£®¿¡≥ı ºªØ£¨π≤œÌ¡¨Ω”≥ÿ£©°£"""
        if self._redis is None:
            try:
>               self._redis = await RedisClientManager.get_client()
                              ^^^^^^^^^^^^^^^^^^^^^^^^^^^^^^^^^^^^^

ai_werewolf_core\core\engine\lifecycle.py:143: 
_ _ _ _ _ _ _ _ _ _ _ _ _ _ _ _ _ _ _ _ _ _ _ _ _ _ _ _ _ _ _ _ _ _ _ _ _ _ _ _
ai_werewolf_core\utils\redis_client.py:128: in get_client
    await cls._client.ping()
F:\py\Lib\site-packages\redis\asyncio\client.py:764: in execute_command
    conn = self.connection or await pool.get_connection()
                              ^^^^^^^^^^^^^^^^^^^^^^^^^^^
F:\py\Lib\site-packages\redis\utils.py:227: in async_wrapper
    return await func(*args, **kwargs)
           ^^^^^^^^^^^^^^^^^^^^^^^^^^^
F:\py\Lib\site-packages\redis\asyncio\connection.py:1351: in get_connection
    await self.ensure_connection(connection)
F:\py\Lib\site-packages\redis\asyncio\connection.py:1390: in ensure_connection
    await connection.connect()
F:\py\Lib\site-packages\redis\asyncio\connection.py:339: in connect
    await self.retry.call_with_retry(
F:\py\Lib\site-packages\redis\asyncio\retry.py:81: in call_with_retry
    raise error
F:\py\Lib\site-packages\redis\asyncio\retry.py:69: in call_with_retry
    return await do()
           ^^^^^^^^^^
F:\py\Lib\site-packages\redis\asyncio\connection.py:403: in connect_check_health
    await self.on_connect_check_health(check_health=check_health)
F:\py\Lib\site-packages\redis\asyncio\connection.py:560: in on_connect_check_health
    await self.read_response()
_ _ _ _ _ _ _ _ _ _ _ _ _ _ _ _ _ _ _ _ _ _ _ _ _ _ _ _ _ _ _ _ _ _ _ _ _ _ _ _

self = <redis.asyncio.connection.Connection(host=192.168.100.128,port=6379,db=1)>
disable_decoding = False, timeout = None

    async def read_response(
        self,
        disable_decoding: bool = False,
        timeout: Optional[float] = None,
        *,
        disconnect_on_error: bool = True,
        push_request: Optional[bool] = False,
    ):
        """Read the response from a previously sent command"""
        read_timeout = timeout if timeout is not None else self.socket_timeout
        host_error = self._host_error()
        try:
            if read_timeout is not None and self.protocol in ["3", 3]:
                async with async_timeout(read_timeout):
                    response = await self._parser.read_response(
                        disable_decoding=disable_decoding, push_request=push_request
                    )
            elif read_timeout is not None:
                async with async_timeout(read_timeout):
                    response = await self._parser.read_response(
                        disable_decoding=disable_decoding
                    )
            elif self.protocol in ["3", 3]:
                response = await self._parser.read_response(
                    disable_decoding=disable_decoding, push_request=push_request
                )
            else:
                response = await self._parser.read_response(
                    disable_decoding=disable_decoding
                )
        except asyncio.TimeoutError:
            if timeout is not None:
                # user requested timeout, return None. Operation can be retried
                return None
            # it was a self.socket_timeout error.
            if disconnect_on_error:
                await self.disconnect(nowait=True)
            raise TimeoutError(f"Timeout reading from {host_error}")
        except OSError as e:
            if disconnect_on_error:
                await self.disconnect(nowait=True)
>           raise ConnectionError(f"Error while reading from {host_error} : {e.args}")
E           redis.exceptions.ConnectionError: Error while reading from 192.168.100.128:6379 : (22, '÷∏∂®µƒÕ¯¬Á√˚≤ª‘Ÿø…”√°£', None, 64, None)

F:\py\Lib\site-packages\redis\asyncio\connection.py:747: ConnectionError

The above exception was the direct cause of the following exception:

self = <test_lifecycle.TestEndGame object at 0x0000027C302C71D0>
lifecycle = <ai_werewolf_core.core.engine.lifecycle.LifecycleManager object at 0x0000027C31E8DA90>

    @pytest.mark.asyncio
    async def test_end_game_twice_raises(self, lifecycle):
        """÷ÿ∏¥µ˜”√ end_game ”¶≈◊≥ˆ“Ï≥£ (FINISHED Œﬁ∫ÛºÃ◊¥Ã¨)°£"""
>       await lifecycle.init_game()

tests\unit\core\engine\test_lifecycle.py:286: 
_ _ _ _ _ _ _ _ _ _ _ _ _ _ _ _ _ _ _ _ _ _ _ _ _ _ _ _ _ _ _ _ _ _ _ _ _ _ _ _
ai_werewolf_core\core\engine\lifecycle.py:420: in init_game
    current_status = await self.get_status()
                     ^^^^^^^^^^^^^^^^^^^^^^^
ai_werewolf_core\core\engine\lifecycle.py:262: in get_status
    status = await self._get_status_from_redis()
             ^^^^^^^^^^^^^^^^^^^^^^^^^^^^^^^^^^^
ai_werewolf_core\core\engine\lifecycle.py:167: in _get_status_from_redis
    redis = await self._get_redis()
            ^^^^^^^^^^^^^^^^^^^^^^^
_ _ _ _ _ _ _ _ _ _ _ _ _ _ _ _ _ _ _ _ _ _ _ _ _ _ _ _ _ _ _ _ _ _ _ _ _ _ _ _

self = <ai_werewolf_core.core.engine.lifecycle.LifecycleManager object at 0x0000027C31E8DA90>

    async def _get_redis(self) -> aioredis.Redis:
        """ªÒ»° Redis “Ï≤ΩøÕªß∂À£®¿¡≥ı ºªØ£¨π≤œÌ¡¨Ω”≥ÿ£©°£"""
        if self._redis is None:
            try:
                self._redis = await RedisClientManager.get_client()
                self._logger.debug("LifecycleManager “—ªÒ»°π≤œÌ Redis øÕªß∂À")
            except (aioredis.ConnectionError, aioredis.TimeoutError) as e:
>               raise RedisUnavailableException(
                    f"LifecycleManager Œﬁ∑®ªÒ»° Redis øÕªß∂À: game_id={self.game_id}"
                ) from e
E               ai_werewolf_core.utils.redis_seq.RedisUnavailableException: LifecycleManager Œﬁ∑®ªÒ»° Redis øÕªß∂À: game_id=test_lifecycle_18a81bf06eb34481bac39f2c4a079a6c

ai_werewolf_core\core\engine\lifecycle.py:146: RedisUnavailableException
---------------------------- Captured stderr setup ----------------------------
[2m2026-05-14T21:34:10.360824+08:00[0m [[32m[1mdebug    [0m] [1mglobal_subscribe              [0m [[0m[1m[34mai_werewolf_core.core.event.bus[0m][0m [36mhandler[0m=[35m_default_log_subscriber[0m
[2m2026-05-14T21:34:10.360964+08:00[0m [[32m[1mdebug    [0m] [1mglobal_subscribe              [0m [[0m[1m[34mai_werewolf_core.core.event.bus[0m][0m [36mhandler[0m=[35m_persist_to_db[0m
----------------------------- Captured log setup ------------------------------
DEBUG    ai_werewolf_core.core.event.bus:bus.py:519 {'handler': '_default_log_subscriber', 'event': 'global_subscribe', 'level': 'debug', 'logger': 'ai_werewolf_core.core.event.bus', 'timestamp': '2026-05-14T21:34:10.360824+08:00'}
DEBUG    ai_werewolf_core.core.event.bus:bus.py:519 {'handler': '_persist_to_db', 'event': 'global_subscribe', 'level': 'debug', 'logger': 'ai_werewolf_core.core.event.bus', 'timestamp': '2026-05-14T21:34:10.360964+08:00'}
---------------------------- Captured stderr call -----------------------------
[2m2026-05-14T21:34:10.361678+08:00[0m [[32m[1minfo     [0m] [1mgame_init                     [0m [[0m[1m[34mai_werewolf_core.core.engine.lifecycle[0m][0m [36mgame_id[0m=[35mtest_lifecycle_18a81bf06eb34481bac39f2c4a079a6c[0m [36mmodule[0m=[35mLifecycleManager[0m
[2m2026-05-14T21:34:10.361830+08:00[0m [[32m[1mdebug    [0m] [1mRedis ¡¨Ω”≥ÿ“—¥¥Ω®                  [0m [[0m[1m[34mai_werewolf_core.utils.redis_client[0m][0m [36mmax_connections[0m=[35m300[0m [36msocket_timeout[0m=[35m10[0m
[2m2026-05-14T21:34:15.365052+08:00[0m [[31m[1merror    [0m] [1mRedis ¡¨Ω”—È÷§ ß∞‹ (PING)           [0m [[0m[1m[34mai_werewolf_core.utils.redis_client[0m][0m [36merror[0m=[35m"Error while reading from 192.168.100.128:6379 : (22, '÷∏∂®µƒÕ¯¬Á√˚≤ª‘Ÿø…”√°£', None, 64, None)"[0m [36mhost[0m=[35m192.168.100.128[0m [36mport[0m=[35m6379[0m
Traceback (most recent call last):
  File "F:\py\Lib\asyncio\windows_events.py", line 463, in finish_socket_func
    return ov.getresult()
           ~~~~~~~~~~~~^^
OSError: [WinError 64] ÷∏∂®µƒÕ¯¬Á√˚≤ª‘Ÿø…”√°£

During handling of the above exception, another exception occurred:

Traceback (most recent call last):
  File "F:\py\Lib\site-packages\redis\asyncio\connection.py", line 725, in read_response
    response = await self._parser.read_response(
               ^^^^^^^^^^^^^^^^^^^^^^^^^^^^^^^^^
        disable_decoding=disable_decoding
        ^^^^^^^^^^^^^^^^^^^^^^^^^^^^^^^^^
    )
    ^
  File "F:\py\Lib\site-packages\redis\_parsers\resp2.py", line 82, in read_response
    response = await self._read_response(disable_decoding=disable_decoding)
               ^^^^^^^^^^^^^^^^^^^^^^^^^^^^^^^^^^^^^^^^^^^^^^^^^^^^^^^^^^^^
  File "F:\py\Lib\site-packages\redis\_parsers\resp2.py", line 90, in _read_response
    raw = await self._readline()
          ^^^^^^^^^^^^^^^^^^^^^^
  File "F:\py\Lib\site-packages\redis\_parsers\base.py", line 559, in _readline
    data = await self._stream.readline()
           ^^^^^^^^^^^^^^^^^^^^^^^^^^^^^
  File "F:\py\Lib\asyncio\streams.py", line 562, in readline
    line = await self.readuntil(sep)
           ^^^^^^^^^^^^^^^^^^^^^^^^^
  File "F:\py\Lib\asyncio\streams.py", line 677, in readuntil
    await self._wait_for_data('readuntil')
  File "F:\py\Lib\asyncio\streams.py", line 539, in _wait_for_data
    await self._waiter
  File "F:\py\Lib\asyncio\proactor_events.py", line 286, in _loop_reading
    length = fut.result()
  File "F:\py\Lib\asyncio\windows_events.py", line 804, in _poll
    value = callback(transferred, key, ov)
  File "F:\py\Lib\asyncio\windows_events.py", line 467, in finish_socket_func
    raise ConnectionResetError(*exc.args)
ConnectionResetError: [WinError 64] ÷∏∂®µƒÕ¯¬Á√˚≤ª‘Ÿø…”√°£

During handling of the above exception, another exception occurred:

Traceback (most recent call last):
  File "F:\YilenaCode\Werewolf\ai_werewolf_core\utils\redis_client.py", line 128, in get_client
    await cls._client.ping()
  File "F:\py\Lib\site-packages\redis\asyncio\client.py", line 764, in execute_command
    conn = self.connection or await pool.get_connection()
                              ^^^^^^^^^^^^^^^^^^^^^^^^^^^
  File "F:\py\Lib\site-packages\redis\utils.py", line 227, in async_wrapper
    return await func(*args, **kwargs)
           ^^^^^^^^^^^^^^^^^^^^^^^^^^^
  File "F:\py\Lib\site-packages\redis\asyncio\connection.py", line 1351, in get_connection
    await self.ensure_connection(connection)
  File "F:\py\Lib\site-packages\redis\asyncio\connection.py", line 1390, in ensure_connection
    await connection.connect()
  File "F:\py\Lib\site-packages\redis\asyncio\connection.py", line 339, in connect
    await self.retry.call_with_retry(
    ...<7 lines>...
    )
  File "F:\py\Lib\site-packages\redis\asyncio\retry.py", line 81, in call_with_retry
    raise error
  File "F:\py\Lib\site-packages\redis\asyncio\retry.py", line 69, in call_with_retry
    return await do()
           ^^^^^^^^^^
  File "F:\py\Lib\site-packages\redis\asyncio\connection.py", line 403, in connect_check_health
    await self.on_connect_check_health(check_health=check_health)
  File "F:\py\Lib\site-packages\redis\asyncio\connection.py", line 560, in on_connect_check_health
    await self.read_response()
  File "F:\py\Lib\site-packages\redis\asyncio\connection.py", line 747, in read_response
    raise ConnectionError(f"Error while reading from {host_error} : {e.args}")
redis.exceptions.ConnectionError: Error while reading from 192.168.100.128:6379 : (22, '÷∏∂®µƒÕ¯¬Á√˚≤ª‘Ÿø…”√°£', None, 64, None)
------------------------------ Captured log call ------------------------------
INFO     ai_werewolf_core.core.engine.lifecycle:lifecycle.py:418 {'game_id': 'test_lifecycle_18a81bf06eb34481bac39f2c4a079a6c', 'module': 'LifecycleManager', 'event': 'game_init', 'level': 'info', 'logger': 'ai_werewolf_core.core.engine.lifecycle', 'timestamp': '2026-05-14T21:34:10.361678+08:00'}
DEBUG    ai_werewolf_core.utils.redis_client:redis_client.py:243 {'max_connections': 300, 'socket_timeout': 10, 'event': 'Redis ¡¨Ω”≥ÿ“—¥¥Ω®', 'level': 'debug', 'logger': 'ai_werewolf_core.utils.redis_client', 'timestamp': '2026-05-14T21:34:10.361830+08:00'}
ERROR    ai_werewolf_core.utils.redis_client:redis_client.py:130 {'host': '192.168.100.128', 'port': 6379, 'error': "Error while reading from 192.168.100.128:6379 : (22, '÷∏∂®µƒÕ¯¬Á√˚≤ª‘Ÿø…”√°£', None, 64, None)", 'event': 'Redis ¡¨Ω”—È÷§ ß∞‹ (PING)', 'level': 'error', 'logger': 'ai_werewolf_core.utils.redis_client', 'timestamp': '2026-05-14T21:34:15.365052+08:00', 'exception': 'Traceback (most recent call last):\n  File "F:\\py\\Lib\\asyncio\\windows_events.py", line 463, in finish_socket_func\n    return ov.getresult()\n           ~~~~~~~~~~~~^^\nOSError: [WinError 64] ÷∏∂®µƒÕ¯¬Á√˚≤ª‘Ÿø…”√°£\n\nDuring handling of the above exception, another exception occurred:\n\nTraceback (most recent call last):\n  File "F:\\py\\Lib\\site-packages\\redis\\asyncio\\connection.py", line 725, in read_response\n    response = await self._parser.read_response(\n               ^^^^^^^^^^^^^^^^^^^^^^^^^^^^^^^^^\n        disable_decoding=disable_decoding\n        ^^^^^^^^^^^^^^^^^^^^^^^^^^^^^^^^^\n    )\n    ^\n  File "F:\\py\\Lib\\site-packages\\redis\\_parsers\\resp2.py", line 82, in read_response\n    response = await self._read_response(disable_decoding=disable_decoding)\n               ^^^^^^^^^^^^^^^^^^^^^^^^^^^^^^^^^^^^^^^^^^^^^^^^^^^^^^^^^^^^\n  File "F:\\py\\Lib\\site-packages\\redis\\_parsers\\resp2.py", line 90, in _read_response\n    raw = await self._readline()\n          ^^^^^^^^^^^^^^^^^^^^^^\n  File "F:\\py\\Lib\\site-packages\\redis\\_parsers\\base.py", line 559, in _readline\n    data = await self._stream.readline()\n           ^^^^^^^^^^^^^^^^^^^^^^^^^^^^^\n  File "F:\\py\\Lib\\asyncio\\streams.py", line 562, in readline\n    line = await self.readuntil(sep)\n           ^^^^^^^^^^^^^^^^^^^^^^^^^\n  File "F:\\py\\Lib\\asyncio\\streams.py", line 677, in readuntil\n    await self._wait_for_data(\'readuntil\')\n  File "F:\\py\\Lib\\asyncio\\streams.py", line 539, in _wait_for_data\n    await self._waiter\n  File "F:\\py\\Lib\\asyncio\\proactor_events.py", line 286, in _loop_reading\n    length = fut.result()\n  File "F:\\py\\Lib\\asyncio\\windows_events.py", line 804, in _poll\n    value = callback(transferred, key, ov)\n  File "F:\\py\\Lib\\asyncio\\windows_events.py", line 467, in finish_socket_func\n    raise ConnectionResetError(*exc.args)\nConnectionResetError: [WinError 64] ÷∏∂®µƒÕ¯¬Á√˚≤ª‘Ÿø…”√°£\n\nDuring handling of the above exception, another exception occurred:\n\nTraceback (most recent call last):\n  File "F:\\YilenaCode\\Werewolf\\ai_werewolf_core\\utils\\redis_client.py", line 128, in get_client\n    await cls._client.ping()\n  File "F:\\py\\Lib\\site-packages\\redis\\asyncio\\client.py", line 764, in execute_command\n    conn = self.connection or await pool.get_connection()\n                              ^^^^^^^^^^^^^^^^^^^^^^^^^^^\n  File "F:\\py\\Lib\\site-packages\\redis\\utils.py", line 227, in async_wrapper\n    return await func(*args, **kwargs)\n           ^^^^^^^^^^^^^^^^^^^^^^^^^^^\n  File "F:\\py\\Lib\\site-packages\\redis\\asyncio\\connection.py", line 1351, in get_connection\n    await self.ensure_connection(connection)\n  File "F:\\py\\Lib\\site-packages\\redis\\asyncio\\connection.py", line 1390, in ensure_connection\n    await connection.connect()\n  File "F:\\py\\Lib\\site-packages\\redis\\asyncio\\connection.py", line 339, in connect\n    await self.retry.call_with_retry(\n    ...<7 lines>...\n    )\n  File "F:\\py\\Lib\\site-packages\\redis\\asyncio\\retry.py", line 81, in call_with_retry\n    raise error\n  File "F:\\py\\Lib\\site-packages\\redis\\asyncio\\retry.py", line 69, in call_with_retry\n    return await do()\n           ^^^^^^^^^^\n  File "F:\\py\\Lib\\site-packages\\redis\\asyncio\\connection.py", line 403, in connect_check_health\n    await self.on_connect_check_health(check_health=check_health)\n  File "F:\\py\\Lib\\site-packages\\redis\\asyncio\\connection.py", line 560, in on_connect_check_health\n    await self.read_response()\n  File "F:\\py\\Lib\\site-packages\\redis\\asyncio\\connection.py", line 747, in read_response\n    raise ConnectionError(f"Error while reading from {host_error} : {e.args}")\nredis.exceptions.ConnectionError: Error while reading from 192.168.100.128:6379 : (22, \'÷∏∂®µƒÕ¯¬Á√˚≤ª‘Ÿø…”√°£\', None, 64, None)'}
-------------------------- Captured stderr teardown ---------------------------
[2m2026-05-14T21:34:15.518981+08:00[0m [[32m[1mdebug    [0m] [1mRedis ¡¨Ω”≥ÿ“—¥¥Ω®                  [0m [[0m[1m[34mai_werewolf_core.utils.redis_client[0m][0m [36mmax_connections[0m=[35m300[0m [36msocket_timeout[0m=[35m10[0m
[2m2026-05-14T21:34:20.521635+08:00[0m [[31m[1merror    [0m] [1mRedis ¡¨Ω”—È÷§ ß∞‹ (PING)           [0m [[0m[1m[34mai_werewolf_core.utils.redis_client[0m][0m [36merror[0m=[35m"Error while reading from 192.168.100.128:6379 : (22, '÷∏∂®µƒÕ¯¬Á√˚≤ª‘Ÿø…”√°£', None, 64, None)"[0m [36mhost[0m=[35m192.168.100.128[0m [36mport[0m=[35m6379[0m
Traceback (most recent call last):
  File "F:\py\Lib\asyncio\windows_events.py", line 463, in finish_socket_func
    return ov.getresult()
           ~~~~~~~~~~~~^^
OSError: [WinError 64] ÷∏∂®µƒÕ¯¬Á√˚≤ª‘Ÿø…”√°£

During handling of the above exception, another exception occurred:

Traceback (most recent call last):
  File "F:\py\Lib\site-packages\redis\asyncio\connection.py", line 725, in read_response
    response = await self._parser.read_response(
               ^^^^^^^^^^^^^^^^^^^^^^^^^^^^^^^^^
        disable_decoding=disable_decoding
        ^^^^^^^^^^^^^^^^^^^^^^^^^^^^^^^^^
    )
    ^
  File "F:\py\Lib\site-packages\redis\_parsers\resp2.py", line 82, in read_response
    response = await self._read_response(disable_decoding=disable_decoding)
               ^^^^^^^^^^^^^^^^^^^^^^^^^^^^^^^^^^^^^^^^^^^^^^^^^^^^^^^^^^^^
  File "F:\py\Lib\site-packages\redis\_parsers\resp2.py", line 90, in _read_response
    raw = await self._readline()
          ^^^^^^^^^^^^^^^^^^^^^^
  File "F:\py\Lib\site-packages\redis\_parsers\base.py", line 559, in _readline
    data = await self._stream.readline()
           ^^^^^^^^^^^^^^^^^^^^^^^^^^^^^
  File "F:\py\Lib\asyncio\streams.py", line 562, in readline
    line = await self.readuntil(sep)
           ^^^^^^^^^^^^^^^^^^^^^^^^^
  File "F:\py\Lib\asyncio\streams.py", line 677, in readuntil
    await self._wait_for_data('readuntil')
  File "F:\py\Lib\asyncio\streams.py", line 539, in _wait_for_data
    await self._waiter
  File "F:\py\Lib\asyncio\proactor_events.py", line 286, in _loop_reading
    length = fut.result()
  File "F:\py\Lib\asyncio\windows_events.py", line 804, in _poll
    value = callback(transferred, key, ov)
  File "F:\py\Lib\asyncio\windows_events.py", line 467, in finish_socket_func
    raise ConnectionResetError(*exc.args)
ConnectionResetError: [WinError 64] ÷∏∂®µƒÕ¯¬Á√˚≤ª‘Ÿø…”√°£

During handling of the above exception, another exception occurred:

Traceback (most recent call last):
  File "F:\YilenaCode\Werewolf\ai_werewolf_core\utils\redis_client.py", line 128, in get_client
    await cls._client.ping()
  File "F:\py\Lib\site-packages\redis\asyncio\client.py", line 764, in execute_command
    conn = self.connection or await pool.get_connection()
                              ^^^^^^^^^^^^^^^^^^^^^^^^^^^
  File "F:\py\Lib\site-packages\redis\utils.py", line 227, in async_wrapper
    return await func(*args, **kwargs)
           ^^^^^^^^^^^^^^^^^^^^^^^^^^^
  File "F:\py\Lib\site-packages\redis\asyncio\connection.py", line 1351, in get_connection
    await self.ensure_connection(connection)
  File "F:\py\Lib\site-packages\redis\asyncio\connection.py", line 1390, in ensure_connection
    await connection.connect()
  File "F:\py\Lib\site-packages\redis\asyncio\connection.py", line 339, in connect
    await self.retry.call_with_retry(
    ...<7 lines>...
    )
  File "F:\py\Lib\site-packages\redis\asyncio\retry.py", line 81, in call_with_retry
    raise error
  File "F:\py\Lib\site-packages\redis\asyncio\retry.py", line 69, in call_with_retry
    return await do()
           ^^^^^^^^^^
  File "F:\py\Lib\site-packages\redis\asyncio\connection.py", line 403, in connect_check_health
    await self.on_connect_check_health(check_health=check_health)
  File "F:\py\Lib\site-packages\redis\asyncio\connection.py", line 560, in on_connect_check_health
    await self.read_response()
  File "F:\py\Lib\site-packages\redis\asyncio\connection.py", line 747, in read_response
    raise ConnectionError(f"Error while reading from {host_error} : {e.args}")
redis.exceptions.ConnectionError: Error while reading from 192.168.100.128:6379 : (22, '÷∏∂®µƒÕ¯¬Á√˚≤ª‘Ÿø…”√°£', None, 64, None)
[2m2026-05-14T21:34:20.523663+08:00[0m [[31m[1merror    [0m] [1m«Â¿Ì ¬º˛ Stream “Ï≥£                [0m [[0m[1m[34mai_werewolf_core.core.event.bus[0m][0m [36merror[0m=[35m'EventBus Œﬁ∑®ªÒ»° Redis øÕªß∂À'[0m [36mgame_id[0m=[35mNone[0m
Traceback (most recent call last):
  File "F:\py\Lib\asyncio\windows_events.py", line 463, in finish_socket_func
    return ov.getresult()
           ~~~~~~~~~~~~^^
OSError: [WinError 64] ÷∏∂®µƒÕ¯¬Á√˚≤ª‘Ÿø…”√°£

During handling of the above exception, another exception occurred:

Traceback (most recent call last):
  File "F:\py\Lib\site-packages\redis\asyncio\connection.py", line 725, in read_response
    response = await self._parser.read_response(
               ^^^^^^^^^^^^^^^^^^^^^^^^^^^^^^^^^
        disable_decoding=disable_decoding
        ^^^^^^^^^^^^^^^^^^^^^^^^^^^^^^^^^
    )
    ^
  File "F:\py\Lib\site-packages\redis\_parsers\resp2.py", line 82, in read_response
    response = await self._read_response(disable_decoding=disable_decoding)
               ^^^^^^^^^^^^^^^^^^^^^^^^^^^^^^^^^^^^^^^^^^^^^^^^^^^^^^^^^^^^
  File "F:\py\Lib\site-packages\redis\_parsers\resp2.py", line 90, in _read_response
    raw = await self._readline()
          ^^^^^^^^^^^^^^^^^^^^^^
  File "F:\py\Lib\site-packages\redis\_parsers\base.py", line 559, in _readline
    data = await self._stream.readline()
           ^^^^^^^^^^^^^^^^^^^^^^^^^^^^^
  File "F:\py\Lib\asyncio\streams.py", line 562, in readline
    line = await self.readuntil(sep)
           ^^^^^^^^^^^^^^^^^^^^^^^^^
  File "F:\py\Lib\asyncio\streams.py", line 677, in readuntil
    await self._wait_for_data('readuntil')
  File "F:\py\Lib\asyncio\streams.py", line 539, in _wait_for_data
    await self._waiter
  File "F:\py\Lib\asyncio\proactor_events.py", line 286, in _loop_reading
    length = fut.result()
  File "F:\py\Lib\asyncio\windows_events.py", line 804, in _poll
    value = callback(transferred, key, ov)
  File "F:\py\Lib\asyncio\windows_events.py", line 467, in finish_socket_func
    raise ConnectionResetError(*exc.args)
ConnectionResetError: [WinError 64] ÷∏∂®µƒÕ¯¬Á√˚≤ª‘Ÿø…”√°£

During handling of the above exception, another exception occurred:

Traceback (most recent call last):
  File "F:\YilenaCode\Werewolf\ai_werewolf_core\core\event\bus.py", line 111, in _get_redis
    self._redis_client = await RedisClientManager.get_client()
                         ^^^^^^^^^^^^^^^^^^^^^^^^^^^^^^^^^^^^^
  File "F:\YilenaCode\Werewolf\ai_werewolf_core\utils\redis_client.py", line 128, in get_client
    await cls._client.ping()
  File "F:\py\Lib\site-packages\redis\asyncio\client.py", line 764, in execute_command
    conn = self.connection or await pool.get_connection()
                              ^^^^^^^^^^^^^^^^^^^^^^^^^^^
  File "F:\py\Lib\site-packages\redis\utils.py", line 227, in async_wrapper
    return await func(*args, **kwargs)
           ^^^^^^^^^^^^^^^^^^^^^^^^^^^
  File "F:\py\Lib\site-packages\redis\asyncio\connection.py", line 1351, in get_connection
    await self.ensure_connection(connection)
  File "F:\py\Lib\site-packages\redis\asyncio\connection.py", line 1390, in ensure_connection
    await connection.connect()
  File "F:\py\Lib\site-packages\redis\asyncio\connection.py", line 339, in connect
    await self.retry.call_with_retry(
    ...<7 lines>...
    )
  File "F:\py\Lib\site-packages\redis\asyncio\retry.py", line 81, in call_with_retry
    raise error
  File "F:\py\Lib\site-packages\redis\asyncio\retry.py", line 69, in call_with_retry
    return await do()
           ^^^^^^^^^^
  File "F:\py\Lib\site-packages\redis\asyncio\connection.py", line 403, in connect_check_health
    await self.on_connect_check_health(check_health=check_health)
  File "F:\py\Lib\site-packages\redis\asyncio\connection.py", line 560, in on_connect_check_health
    await self.read_response()
  File "F:\py\Lib\site-packages\redis\asyncio\connection.py", line 747, in read_response
    raise ConnectionError(f"Error while reading from {host_error} : {e.args}")
redis.exceptions.ConnectionError: Error while reading from 192.168.100.128:6379 : (22, '÷∏∂®µƒÕ¯¬Á√˚≤ª‘Ÿø…”√°£', None, 64, None)

The above exception was the direct cause of the following exception:

Traceback (most recent call last):
  File "F:\YilenaCode\Werewolf\ai_werewolf_core\core\event\bus.py", line 710, in clear
    redis = await self._get_redis()
            ^^^^^^^^^^^^^^^^^^^^^^^
  File "F:\YilenaCode\Werewolf\ai_werewolf_core\core\event\bus.py", line 114, in _get_redis
    raise RedisUnavailableException(
        "EventBus Œﬁ∑®ªÒ»° Redis øÕªß∂À"
    ) from e
ai_werewolf_core.utils.redis_seq.RedisUnavailableException: EventBus Œﬁ∑®ªÒ»° Redis øÕªß∂À
---------------------------- Captured log teardown ----------------------------
DEBUG    ai_werewolf_core.utils.redis_client:redis_client.py:243 {'max_connections': 300, 'socket_timeout': 10, 'event': 'Redis ¡¨Ω”≥ÿ“—¥¥Ω®', 'level': 'debug', 'logger': 'ai_werewolf_core.utils.redis_client', 'timestamp': '2026-05-14T21:34:15.518981+08:00'}
ERROR    ai_werewolf_core.utils.redis_client:redis_client.py:130 {'host': '192.168.100.128', 'port': 6379, 'error': "Error while reading from 192.168.100.128:6379 : (22, '÷∏∂®µƒÕ¯¬Á√˚≤ª‘Ÿø…”√°£', None, 64, None)", 'event': 'Redis ¡¨Ω”—È÷§ ß∞‹ (PING)', 'level': 'error', 'logger': 'ai_werewolf_core.utils.redis_client', 'timestamp': '2026-05-14T21:34:20.521635+08:00', 'exception': 'Traceback (most recent call last):\n  File "F:\\py\\Lib\\asyncio\\windows_events.py", line 463, in finish_socket_func\n    return ov.getresult()\n           ~~~~~~~~~~~~^^\nOSError: [WinError 64] ÷∏∂®µƒÕ¯¬Á√˚≤ª‘Ÿø…”√°£\n\nDuring handling of the above exception, another exception occurred:\n\nTraceback (most recent call last):\n  File "F:\\py\\Lib\\site-packages\\redis\\asyncio\\connection.py", line 725, in read_response\n    response = await self._parser.read_response(\n               ^^^^^^^^^^^^^^^^^^^^^^^^^^^^^^^^^\n        disable_decoding=disable_decoding\n        ^^^^^^^^^^^^^^^^^^^^^^^^^^^^^^^^^\n    )\n    ^\n  File "F:\\py\\Lib\\site-packages\\redis\\_parsers\\resp2.py", line 82, in read_response\n    response = await self._read_response(disable_decoding=disable_decoding)\n               ^^^^^^^^^^^^^^^^^^^^^^^^^^^^^^^^^^^^^^^^^^^^^^^^^^^^^^^^^^^^\n  File "F:\\py\\Lib\\site-packages\\redis\\_parsers\\resp2.py", line 90, in _read_response\n    raw = await self._readline()\n          ^^^^^^^^^^^^^^^^^^^^^^\n  File "F:\\py\\Lib\\site-packages\\redis\\_parsers\\base.py", line 559, in _readline\n    data = await self._stream.readline()\n           ^^^^^^^^^^^^^^^^^^^^^^^^^^^^^\n  File "F:\\py\\Lib\\asyncio\\streams.py", line 562, in readline\n    line = await self.readuntil(sep)\n           ^^^^^^^^^^^^^^^^^^^^^^^^^\n  File "F:\\py\\Lib\\asyncio\\streams.py", line 677, in readuntil\n    await self._wait_for_data(\'readuntil\')\n  File "F:\\py\\Lib\\asyncio\\streams.py", line 539, in _wait_for_data\n    await self._waiter\n  File "F:\\py\\Lib\\asyncio\\proactor_events.py", line 286, in _loop_reading\n    length = fut.result()\n  File "F:\\py\\Lib\\asyncio\\windows_events.py", line 804, in _poll\n    value = callback(transferred, key, ov)\n  File "F:\\py\\Lib\\asyncio\\windows_events.py", line 467, in finish_socket_func\n    raise ConnectionResetError(*exc.args)\nConnectionResetError: [WinError 64] ÷∏∂®µƒÕ¯¬Á√˚≤ª‘Ÿø…”√°£\n\nDuring handling of the above exception, another exception occurred:\n\nTraceback (most recent call last):\n  File "F:\\YilenaCode\\Werewolf\\ai_werewolf_core\\utils\\redis_client.py", line 128, in get_client\n    await cls._client.ping()\n  File "F:\\py\\Lib\\site-packages\\redis\\asyncio\\client.py", line 764, in execute_command\n    conn = self.connection or await pool.get_connection()\n                              ^^^^^^^^^^^^^^^^^^^^^^^^^^^\n  File "F:\\py\\Lib\\site-packages\\redis\\utils.py", line 227, in async_wrapper\n    return await func(*args, **kwargs)\n           ^^^^^^^^^^^^^^^^^^^^^^^^^^^\n  File "F:\\py\\Lib\\site-packages\\redis\\asyncio\\connection.py", line 1351, in get_connection\n    await self.ensure_connection(connection)\n  File "F:\\py\\Lib\\site-packages\\redis\\asyncio\\connection.py", line 1390, in ensure_connection\n    await connection.connect()\n  File "F:\\py\\Lib\\site-packages\\redis\\asyncio\\connection.py", line 339, in connect\n    await self.retry.call_with_retry(\n    ...<7 lines>...\n    )\n  File "F:\\py\\Lib\\site-packages\\redis\\asyncio\\retry.py", line 81, in call_with_retry\n    raise error\n  File "F:\\py\\Lib\\site-packages\\redis\\asyncio\\retry.py", line 69, in call_with_retry\n    return await do()\n           ^^^^^^^^^^\n  File "F:\\py\\Lib\\site-packages\\redis\\asyncio\\connection.py", line 403, in connect_check_health\n    await self.on_connect_check_health(check_health=check_health)\n  File "F:\\py\\Lib\\site-packages\\redis\\asyncio\\connection.py", line 560, in on_connect_check_health\n    await self.read_response()\n  File "F:\\py\\Lib\\site-packages\\redis\\asyncio\\connection.py", line 747, in read_response\n    raise ConnectionError(f"Error while reading from {host_error} : {e.args}")\nredis.exceptions.ConnectionError: Error while reading from 192.168.100.128:6379 : (22, \'÷∏∂®µƒÕ¯¬Á√˚≤ª‘Ÿø…”√°£\', None, 64, None)'}
ERROR    ai_werewolf_core.core.event.bus:bus.py:741 {'game_id': None, 'error': 'EventBus Œﬁ∑®ªÒ»° Redis øÕªß∂À', 'event': '«Â¿Ì ¬º˛ Stream “Ï≥£', 'level': 'error', 'logger': 'ai_werewolf_core.core.event.bus', 'timestamp': '2026-05-14T21:34:20.523663+08:00', 'exception': 'Traceback (most recent call last):\n  File "F:\\py\\Lib\\asyncio\\windows_events.py", line 463, in finish_socket_func\n    return ov.getresult()\n           ~~~~~~~~~~~~^^\nOSError: [WinError 64] ÷∏∂®µƒÕ¯¬Á√˚≤ª‘Ÿø…”√°£\n\nDuring handling of the above exception, another exception occurred:\n\nTraceback (most recent call last):\n  File "F:\\py\\Lib\\site-packages\\redis\\asyncio\\connection.py", line 725, in read_response\n    response = await self._parser.read_response(\n               ^^^^^^^^^^^^^^^^^^^^^^^^^^^^^^^^^\n        disable_decoding=disable_decoding\n        ^^^^^^^^^^^^^^^^^^^^^^^^^^^^^^^^^\n    )\n    ^\n  File "F:\\py\\Lib\\site-packages\\redis\\_parsers\\resp2.py", line 82, in read_response\n    response = await self._read_response(disable_decoding=disable_decoding)\n               ^^^^^^^^^^^^^^^^^^^^^^^^^^^^^^^^^^^^^^^^^^^^^^^^^^^^^^^^^^^^\n  File "F:\\py\\Lib\\site-packages\\redis\\_parsers\\resp2.py", line 90, in _read_response\n    raw = await self._readline()\n          ^^^^^^^^^^^^^^^^^^^^^^\n  File "F:\\py\\Lib\\site-packages\\redis\\_parsers\\base.py", line 559, in _readline\n    data = await self._stream.readline()\n           ^^^^^^^^^^^^^^^^^^^^^^^^^^^^^\n  File "F:\\py\\Lib\\asyncio\\streams.py", line 562, in readline\n    line = await self.readuntil(sep)\n           ^^^^^^^^^^^^^^^^^^^^^^^^^\n  File "F:\\py\\Lib\\asyncio\\streams.py", line 677, in readuntil\n    await self._wait_for_data(\'readuntil\')\n  File "F:\\py\\Lib\\asyncio\\streams.py", line 539, in _wait_for_data\n    await self._waiter\n  File "F:\\py\\Lib\\asyncio\\proactor_events.py", line 286, in _loop_reading\n    length = fut.result()\n  File "F:\\py\\Lib\\asyncio\\windows_events.py", line 804, in _poll\n    value = callback(transferred, key, ov)\n  File "F:\\py\\Lib\\asyncio\\windows_events.py", line 467, in finish_socket_func\n    raise ConnectionResetError(*exc.args)\nConnectionResetError: [WinError 64] ÷∏∂®µƒÕ¯¬Á√˚≤ª‘Ÿø…”√°£\n\nDuring handling of the above exception, another exception occurred:\n\nTraceback (most recent call last):\n  File "F:\\YilenaCode\\Werewolf\\ai_werewolf_core\\core\\event\\bus.py", line 111, in _get_redis\n    self._redis_client = await RedisClientManager.get_client()\n                         ^^^^^^^^^^^^^^^^^^^^^^^^^^^^^^^^^^^^^\n  File "F:\\YilenaCode\\Werewolf\\ai_werewolf_core\\utils\\redis_client.py", line 128, in get_client\n    await cls._client.ping()\n  File "F:\\py\\Lib\\site-packages\\redis\\asyncio\\client.py", line 764, in execute_command\n    conn = self.connection or await pool.get_connection()\n                              ^^^^^^^^^^^^^^^^^^^^^^^^^^^\n  File "F:\\py\\Lib\\site-packages\\redis\\utils.py", line 227, in async_wrapper\n    return await func(*args, **kwargs)\n           ^^^^^^^^^^^^^^^^^^^^^^^^^^^\n  File "F:\\py\\Lib\\site-packages\\redis\\asyncio\\connection.py", line 1351, in get_connection\n    await self.ensure_connection(connection)\n  File "F:\\py\\Lib\\site-packages\\redis\\asyncio\\connection.py", line 1390, in ensure_connection\n    await connection.connect()\n  File "F:\\py\\Lib\\site-packages\\redis\\asyncio\\connection.py", line 339, in connect\n    await self.retry.call_with_retry(\n    ...<7 lines>...\n    )\n  File "F:\\py\\Lib\\site-packages\\redis\\asyncio\\retry.py", line 81, in call_with_retry\n    raise error\n  File "F:\\py\\Lib\\site-packages\\redis\\asyncio\\retry.py", line 69, in call_with_retry\n    return await do()\n           ^^^^^^^^^^\n  File "F:\\py\\Lib\\site-packages\\redis\\asyncio\\connection.py", line 403, in connect_check_health\n    await self.on_connect_check_health(check_health=check_health)\n  File "F:\\py\\Lib\\site-packages\\redis\\asyncio\\connection.py", line 560, in on_connect_check_health\n    await self.read_response()\n  File "F:\\py\\Lib\\site-packages\\redis\\asyncio\\connection.py", line 747, in read_response\n    raise ConnectionError(f"Error while reading from {host_error} : {e.args}")\nredis.exceptions.ConnectionError: Error while reading from 192.168.100.128:6379 : (22, \'÷∏∂®µƒÕ¯¬Á√˚≤ª‘Ÿø…”√°£\', None, 64, None)\n\nThe above exception was the direct cause of the following exception:\n\nTraceback (most recent call last):\n  File "F:\\YilenaCode\\Werewolf\\ai_werewolf_core\\core\\event\\bus.py", line 710, in clear\n    redis = await self._get_redis()\n            ^^^^^^^^^^^^^^^^^^^^^^^\n  File "F:\\YilenaCode\\Werewolf\\ai_werewolf_core\\core\\event\\bus.py", line 114, in _get_redis\n    raise RedisUnavailableException(\n        "EventBus Œﬁ∑®ªÒ»° Redis øÕªß∂À"\n    ) from e\nai_werewolf_core.utils.redis_seq.RedisUnavailableException: EventBus Œﬁ∑®ªÒ»° Redis øÕªß∂À'}
_____________________ TestAbortGame.test_abort_from_start _____________________

trans = 0, key = 0, ov = <_overlapped.Overlapped object at 0x0000027C30846730>

    @staticmethod
    def finish_socket_func(trans, key, ov):
        try:
>           return ov.getresult()
                   ^^^^^^^^^^^^^^
E           OSError: [WinError 64] ÷∏∂®µƒÕ¯¬Á√˚≤ª‘Ÿø…”√°£

F:\py\Lib\asyncio\windows_events.py:463: OSError

During handling of the above exception, another exception occurred:

self = <redis.asyncio.connection.Connection(host=192.168.100.128,port=6379,db=1)>
disable_decoding = False, timeout = None

    async def read_response(
        self,
        disable_decoding: bool = False,
        timeout: Optional[float] = None,
        *,
        disconnect_on_error: bool = True,
        push_request: Optional[bool] = False,
    ):
        """Read the response from a previously sent command"""
        read_timeout = timeout if timeout is not None else self.socket_timeout
        host_error = self._host_error()
        try:
            if read_timeout is not None and self.protocol in ["3", 3]:
                async with async_timeout(read_timeout):
                    response = await self._parser.read_response(
                        disable_decoding=disable_decoding, push_request=push_request
                    )
            elif read_timeout is not None:
                async with async_timeout(read_timeout):
>                   response = await self._parser.read_response(
                        disable_decoding=disable_decoding

F:\py\Lib\site-packages\redis\asyncio\connection.py:725: 
_ _ _ _ _ _ _ _ _ _ _ _ _ _ _ _ _ _ _ _ _ _ _ _ _ _ _ _ _ _ _ _ _ _ _ _ _ _ _ _
F:\py\Lib\site-packages\redis\_parsers\resp2.py:82: in read_response
    response = await self._read_response(disable_decoding=disable_decoding)
               ^^^^^^^^^^^^^^^^^^^^^^^^^^^^^^^^^^^^^^^^^^^^^^^^^^^^^^^^^^^^
F:\py\Lib\site-packages\redis\_parsers\resp2.py:90: in _read_response
    raw = await self._readline()
          ^^^^^^^^^^^^^^^^^^^^^^
F:\py\Lib\site-packages\redis\_parsers\base.py:559: in _readline
    data = await self._stream.readline()
           ^^^^^^^^^^^^^^^^^^^^^^^^^^^^^
F:\py\Lib\asyncio\streams.py:562: in readline
    line = await self.readuntil(sep)
           ^^^^^^^^^^^^^^^^^^^^^^^^^
F:\py\Lib\asyncio\streams.py:677: in readuntil
    await self._wait_for_data('readuntil')
F:\py\Lib\asyncio\streams.py:539: in _wait_for_data
    await self._waiter
F:\py\Lib\asyncio\proactor_events.py:286: in _loop_reading
    length = fut.result()
             ^^^^^^^^^^^^
F:\py\Lib\asyncio\windows_events.py:804: in _poll
    value = callback(transferred, key, ov)
            ^^^^^^^^^^^^^^^^^^^^^^^^^^^^^^
_ _ _ _ _ _ _ _ _ _ _ _ _ _ _ _ _ _ _ _ _ _ _ _ _ _ _ _ _ _ _ _ _ _ _ _ _ _ _ _

trans = 0, key = 0, ov = <_overlapped.Overlapped object at 0x0000027C30846730>

    @staticmethod
    def finish_socket_func(trans, key, ov):
        try:
            return ov.getresult()
        except OSError as exc:
            if exc.winerror in (_overlapped.ERROR_NETNAME_DELETED,
                                _overlapped.ERROR_OPERATION_ABORTED):
>               raise ConnectionResetError(*exc.args)
E               ConnectionResetError: [WinError 64] ÷∏∂®µƒÕ¯¬Á√˚≤ª‘Ÿø…”√°£

F:\py\Lib\asyncio\windows_events.py:467: ConnectionResetError

During handling of the above exception, another exception occurred:

self = <ai_werewolf_core.core.engine.lifecycle.LifecycleManager object at 0x0000027C31E8F930>

    async def _get_redis(self) -> aioredis.Redis:
        """ªÒ»° Redis “Ï≤ΩøÕªß∂À£®¿¡≥ı ºªØ£¨π≤œÌ¡¨Ω”≥ÿ£©°£"""
        if self._redis is None:
            try:
>               self._redis = await RedisClientManager.get_client()
                              ^^^^^^^^^^^^^^^^^^^^^^^^^^^^^^^^^^^^^

ai_werewolf_core\core\engine\lifecycle.py:143: 
_ _ _ _ _ _ _ _ _ _ _ _ _ _ _ _ _ _ _ _ _ _ _ _ _ _ _ _ _ _ _ _ _ _ _ _ _ _ _ _
ai_werewolf_core\utils\redis_client.py:128: in get_client
    await cls._client.ping()
F:\py\Lib\site-packages\redis\asyncio\client.py:764: in execute_command
    conn = self.connection or await pool.get_connection()
                              ^^^^^^^^^^^^^^^^^^^^^^^^^^^
F:\py\Lib\site-packages\redis\utils.py:227: in async_wrapper
    return await func(*args, **kwargs)
           ^^^^^^^^^^^^^^^^^^^^^^^^^^^
F:\py\Lib\site-packages\redis\asyncio\connection.py:1351: in get_connection
    await self.ensure_connection(connection)
F:\py\Lib\site-packages\redis\asyncio\connection.py:1390: in ensure_connection
    await connection.connect()
F:\py\Lib\site-packages\redis\asyncio\connection.py:339: in connect
    await self.retry.call_with_retry(
F:\py\Lib\site-packages\redis\asyncio\retry.py:81: in call_with_retry
    raise error
F:\py\Lib\site-packages\redis\asyncio\retry.py:69: in call_with_retry
    return await do()
           ^^^^^^^^^^
F:\py\Lib\site-packages\redis\asyncio\connection.py:403: in connect_check_health
    await self.on_connect_check_health(check_health=check_health)
F:\py\Lib\site-packages\redis\asyncio\connection.py:560: in on_connect_check_health
    await self.read_response()
_ _ _ _ _ _ _ _ _ _ _ _ _ _ _ _ _ _ _ _ _ _ _ _ _ _ _ _ _ _ _ _ _ _ _ _ _ _ _ _

self = <redis.asyncio.connection.Connection(host=192.168.100.128,port=6379,db=1)>
disable_decoding = False, timeout = None

    async def read_response(
        self,
        disable_decoding: bool = False,
        timeout: Optional[float] = None,
        *,
        disconnect_on_error: bool = True,
        push_request: Optional[bool] = False,
    ):
        """Read the response from a previously sent command"""
        read_timeout = timeout if timeout is not None else self.socket_timeout
        host_error = self._host_error()
        try:
            if read_timeout is not None and self.protocol in ["3", 3]:
                async with async_timeout(read_timeout):
                    response = await self._parser.read_response(
                        disable_decoding=disable_decoding, push_request=push_request
                    )
            elif read_timeout is not None:
                async with async_timeout(read_timeout):
                    response = await self._parser.read_response(
                        disable_decoding=disable_decoding
                    )
            elif self.protocol in ["3", 3]:
                response = await self._parser.read_response(
                    disable_decoding=disable_decoding, push_request=push_request
                )
            else:
                response = await self._parser.read_response(
                    disable_decoding=disable_decoding
                )
        except asyncio.TimeoutError:
            if timeout is not None:
                # user requested timeout, return None. Operation can be retried
                return None
            # it was a self.socket_timeout error.
            if disconnect_on_error:
                await self.disconnect(nowait=True)
            raise TimeoutError(f"Timeout reading from {host_error}")
        except OSError as e:
            if disconnect_on_error:
                await self.disconnect(nowait=True)
>           raise ConnectionError(f"Error while reading from {host_error} : {e.args}")
E           redis.exceptions.ConnectionError: Error while reading from 192.168.100.128:6379 : (22, '÷∏∂®µƒÕ¯¬Á√˚≤ª‘Ÿø…”√°£', None, 64, None)

F:\py\Lib\site-packages\redis\asyncio\connection.py:747: ConnectionError

The above exception was the direct cause of the following exception:

self = <test_lifecycle.TestAbortGame object at 0x0000027C303D2FD0>
lifecycle = <ai_werewolf_core.core.engine.lifecycle.LifecycleManager object at 0x0000027C31E8F930>

    @pytest.mark.asyncio
    async def test_abort_from_start(self, lifecycle):
        """¥” START ◊¥Ã¨÷–÷π°£"""
>       await lifecycle.init_game()

tests\unit\core\engine\test_lifecycle.py:300: 
_ _ _ _ _ _ _ _ _ _ _ _ _ _ _ _ _ _ _ _ _ _ _ _ _ _ _ _ _ _ _ _ _ _ _ _ _ _ _ _
ai_werewolf_core\core\engine\lifecycle.py:420: in init_game
    current_status = await self.get_status()
                     ^^^^^^^^^^^^^^^^^^^^^^^
ai_werewolf_core\core\engine\lifecycle.py:262: in get_status
    status = await self._get_status_from_redis()
             ^^^^^^^^^^^^^^^^^^^^^^^^^^^^^^^^^^^
ai_werewolf_core\core\engine\lifecycle.py:167: in _get_status_from_redis
    redis = await self._get_redis()
            ^^^^^^^^^^^^^^^^^^^^^^^
_ _ _ _ _ _ _ _ _ _ _ _ _ _ _ _ _ _ _ _ _ _ _ _ _ _ _ _ _ _ _ _ _ _ _ _ _ _ _ _

self = <ai_werewolf_core.core.engine.lifecycle.LifecycleManager object at 0x0000027C31E8F930>

    async def _get_redis(self) -> aioredis.Redis:
        """ªÒ»° Redis “Ï≤ΩøÕªß∂À£®¿¡≥ı ºªØ£¨π≤œÌ¡¨Ω”≥ÿ£©°£"""
        if self._redis is None:
            try:
                self._redis = await RedisClientManager.get_client()
                self._logger.debug("LifecycleManager “—ªÒ»°π≤œÌ Redis øÕªß∂À")
            except (aioredis.ConnectionError, aioredis.TimeoutError) as e:
>               raise RedisUnavailableException(
                    f"LifecycleManager Œﬁ∑®ªÒ»° Redis øÕªß∂À: game_id={self.game_id}"
                ) from e
E               ai_werewolf_core.utils.redis_seq.RedisUnavailableException: LifecycleManager Œﬁ∑®ªÒ»° Redis øÕªß∂À: game_id=test_lifecycle_8fd682b52dbe4333b645d005f6128afc

ai_werewolf_core\core\engine\lifecycle.py:146: RedisUnavailableException
---------------------------- Captured stderr setup ----------------------------
[2m2026-05-14T21:34:20.526599+08:00[0m [[32m[1mdebug    [0m] [1mglobal_subscribe              [0m [[0m[1m[34mai_werewolf_core.core.event.bus[0m][0m [36mhandler[0m=[35m_default_log_subscriber[0m
[2m2026-05-14T21:34:20.526750+08:00[0m [[32m[1mdebug    [0m] [1mglobal_subscribe              [0m [[0m[1m[34mai_werewolf_core.core.event.bus[0m][0m [36mhandler[0m=[35m_persist_to_db[0m
----------------------------- Captured log setup ------------------------------
DEBUG    ai_werewolf_core.core.event.bus:bus.py:519 {'handler': '_default_log_subscriber', 'event': 'global_subscribe', 'level': 'debug', 'logger': 'ai_werewolf_core.core.event.bus', 'timestamp': '2026-05-14T21:34:20.526599+08:00'}
DEBUG    ai_werewolf_core.core.event.bus:bus.py:519 {'handler': '_persist_to_db', 'event': 'global_subscribe', 'level': 'debug', 'logger': 'ai_werewolf_core.core.event.bus', 'timestamp': '2026-05-14T21:34:20.526750+08:00'}
---------------------------- Captured stderr call -----------------------------
[2m2026-05-14T21:34:20.527381+08:00[0m [[32m[1minfo     [0m] [1mgame_init                     [0m [[0m[1m[34mai_werewolf_core.core.engine.lifecycle[0m][0m [36mgame_id[0m=[35mtest_lifecycle_8fd682b52dbe4333b645d005f6128afc[0m [36mmodule[0m=[35mLifecycleManager[0m
[2m2026-05-14T21:34:20.527550+08:00[0m [[32m[1mdebug    [0m] [1mRedis ¡¨Ω”≥ÿ“—¥¥Ω®                  [0m [[0m[1m[34mai_werewolf_core.utils.redis_client[0m][0m [36mmax_connections[0m=[35m300[0m [36msocket_timeout[0m=[35m10[0m
[2m2026-05-14T21:34:25.530362+08:00[0m [[31m[1merror    [0m] [1mRedis ¡¨Ω”—È÷§ ß∞‹ (PING)           [0m [[0m[1m[34mai_werewolf_core.utils.redis_client[0m][0m [36merror[0m=[35m"Error while reading from 192.168.100.128:6379 : (22, '÷∏∂®µƒÕ¯¬Á√˚≤ª‘Ÿø…”√°£', None, 64, None)"[0m [36mhost[0m=[35m192.168.100.128[0m [36mport[0m=[35m6379[0m
Traceback (most recent call last):
  File "F:\py\Lib\asyncio\windows_events.py", line 463, in finish_socket_func
    return ov.getresult()
           ~~~~~~~~~~~~^^
OSError: [WinError 64] ÷∏∂®µƒÕ¯¬Á√˚≤ª‘Ÿø…”√°£

During handling of the above exception, another exception occurred:

Traceback (most recent call last):
  File "F:\py\Lib\site-packages\redis\asyncio\connection.py", line 725, in read_response
    response = await self._parser.read_response(
               ^^^^^^^^^^^^^^^^^^^^^^^^^^^^^^^^^
        disable_decoding=disable_decoding
        ^^^^^^^^^^^^^^^^^^^^^^^^^^^^^^^^^
    )
    ^
  File "F:\py\Lib\site-packages\redis\_parsers\resp2.py", line 82, in read_response
    response = await self._read_response(disable_decoding=disable_decoding)
               ^^^^^^^^^^^^^^^^^^^^^^^^^^^^^^^^^^^^^^^^^^^^^^^^^^^^^^^^^^^^
  File "F:\py\Lib\site-packages\redis\_parsers\resp2.py", line 90, in _read_response
    raw = await self._readline()
          ^^^^^^^^^^^^^^^^^^^^^^
  File "F:\py\Lib\site-packages\redis\_parsers\base.py", line 559, in _readline
    data = await self._stream.readline()
           ^^^^^^^^^^^^^^^^^^^^^^^^^^^^^
  File "F:\py\Lib\asyncio\streams.py", line 562, in readline
    line = await self.readuntil(sep)
           ^^^^^^^^^^^^^^^^^^^^^^^^^
  File "F:\py\Lib\asyncio\streams.py", line 677, in readuntil
    await self._wait_for_data('readuntil')
  File "F:\py\Lib\asyncio\streams.py", line 539, in _wait_for_data
    await self._waiter
  File "F:\py\Lib\asyncio\proactor_events.py", line 286, in _loop_reading
    length = fut.result()
  File "F:\py\Lib\asyncio\windows_events.py", line 804, in _poll
    value = callback(transferred, key, ov)
  File "F:\py\Lib\asyncio\windows_events.py", line 467, in finish_socket_func
    raise ConnectionResetError(*exc.args)
ConnectionResetError: [WinError 64] ÷∏∂®µƒÕ¯¬Á√˚≤ª‘Ÿø…”√°£

During handling of the above exception, another exception occurred:

Traceback (most recent call last):
  File "F:\YilenaCode\Werewolf\ai_werewolf_core\utils\redis_client.py", line 128, in get_client
    await cls._client.ping()
  File "F:\py\Lib\site-packages\redis\asyncio\client.py", line 764, in execute_command
    conn = self.connection or await pool.get_connection()
                              ^^^^^^^^^^^^^^^^^^^^^^^^^^^
  File "F:\py\Lib\site-packages\redis\utils.py", line 227, in async_wrapper
    return await func(*args, **kwargs)
           ^^^^^^^^^^^^^^^^^^^^^^^^^^^
  File "F:\py\Lib\site-packages\redis\asyncio\connection.py", line 1351, in get_connection
    await self.ensure_connection(connection)
  File "F:\py\Lib\site-packages\redis\asyncio\connection.py", line 1390, in ensure_connection
    await connection.connect()
  File "F:\py\Lib\site-packages\redis\asyncio\connection.py", line 339, in connect
    await self.retry.call_with_retry(
    ...<7 lines>...
    )
  File "F:\py\Lib\site-packages\redis\asyncio\retry.py", line 81, in call_with_retry
    raise error
  File "F:\py\Lib\site-packages\redis\asyncio\retry.py", line 69, in call_with_retry
    return await do()
           ^^^^^^^^^^
  File "F:\py\Lib\site-packages\redis\asyncio\connection.py", line 403, in connect_check_health
    await self.on_connect_check_health(check_health=check_health)
  File "F:\py\Lib\site-packages\redis\asyncio\connection.py", line 560, in on_connect_check_health
    await self.read_response()
  File "F:\py\Lib\site-packages\redis\asyncio\connection.py", line 747, in read_response
    raise ConnectionError(f"Error while reading from {host_error} : {e.args}")
redis.exceptions.ConnectionError: Error while reading from 192.168.100.128:6379 : (22, '÷∏∂®µƒÕ¯¬Á√˚≤ª‘Ÿø…”√°£', None, 64, None)
------------------------------ Captured log call ------------------------------
INFO     ai_werewolf_core.core.engine.lifecycle:lifecycle.py:418 {'game_id': 'test_lifecycle_8fd682b52dbe4333b645d005f6128afc', 'module': 'LifecycleManager', 'event': 'game_init', 'level': 'info', 'logger': 'ai_werewolf_core.core.engine.lifecycle', 'timestamp': '2026-05-14T21:34:20.527381+08:00'}
DEBUG    ai_werewolf_core.utils.redis_client:redis_client.py:243 {'max_connections': 300, 'socket_timeout': 10, 'event': 'Redis ¡¨Ω”≥ÿ“—¥¥Ω®', 'level': 'debug', 'logger': 'ai_werewolf_core.utils.redis_client', 'timestamp': '2026-05-14T21:34:20.527550+08:00'}
ERROR    ai_werewolf_core.utils.redis_client:redis_client.py:130 {'host': '192.168.100.128', 'port': 6379, 'error': "Error while reading from 192.168.100.128:6379 : (22, '÷∏∂®µƒÕ¯¬Á√˚≤ª‘Ÿø…”√°£', None, 64, None)", 'event': 'Redis ¡¨Ω”—È÷§ ß∞‹ (PING)', 'level': 'error', 'logger': 'ai_werewolf_core.utils.redis_client', 'timestamp': '2026-05-14T21:34:25.530362+08:00', 'exception': 'Traceback (most recent call last):\n  File "F:\\py\\Lib\\asyncio\\windows_events.py", line 463, in finish_socket_func\n    return ov.getresult()\n           ~~~~~~~~~~~~^^\nOSError: [WinError 64] ÷∏∂®µƒÕ¯¬Á√˚≤ª‘Ÿø…”√°£\n\nDuring handling of the above exception, another exception occurred:\n\nTraceback (most recent call last):\n  File "F:\\py\\Lib\\site-packages\\redis\\asyncio\\connection.py", line 725, in read_response\n    response = await self._parser.read_response(\n               ^^^^^^^^^^^^^^^^^^^^^^^^^^^^^^^^^\n        disable_decoding=disable_decoding\n        ^^^^^^^^^^^^^^^^^^^^^^^^^^^^^^^^^\n    )\n    ^\n  File "F:\\py\\Lib\\site-packages\\redis\\_parsers\\resp2.py", line 82, in read_response\n    response = await self._read_response(disable_decoding=disable_decoding)\n               ^^^^^^^^^^^^^^^^^^^^^^^^^^^^^^^^^^^^^^^^^^^^^^^^^^^^^^^^^^^^\n  File "F:\\py\\Lib\\site-packages\\redis\\_parsers\\resp2.py", line 90, in _read_response\n    raw = await self._readline()\n          ^^^^^^^^^^^^^^^^^^^^^^\n  File "F:\\py\\Lib\\site-packages\\redis\\_parsers\\base.py", line 559, in _readline\n    data = await self._stream.readline()\n           ^^^^^^^^^^^^^^^^^^^^^^^^^^^^^\n  File "F:\\py\\Lib\\asyncio\\streams.py", line 562, in readline\n    line = await self.readuntil(sep)\n           ^^^^^^^^^^^^^^^^^^^^^^^^^\n  File "F:\\py\\Lib\\asyncio\\streams.py", line 677, in readuntil\n    await self._wait_for_data(\'readuntil\')\n  File "F:\\py\\Lib\\asyncio\\streams.py", line 539, in _wait_for_data\n    await self._waiter\n  File "F:\\py\\Lib\\asyncio\\proactor_events.py", line 286, in _loop_reading\n    length = fut.result()\n  File "F:\\py\\Lib\\asyncio\\windows_events.py", line 804, in _poll\n    value = callback(transferred, key, ov)\n  File "F:\\py\\Lib\\asyncio\\windows_events.py", line 467, in finish_socket_func\n    raise ConnectionResetError(*exc.args)\nConnectionResetError: [WinError 64] ÷∏∂®µƒÕ¯¬Á√˚≤ª‘Ÿø…”√°£\n\nDuring handling of the above exception, another exception occurred:\n\nTraceback (most recent call last):\n  File "F:\\YilenaCode\\Werewolf\\ai_werewolf_core\\utils\\redis_client.py", line 128, in get_client\n    await cls._client.ping()\n  File "F:\\py\\Lib\\site-packages\\redis\\asyncio\\client.py", line 764, in execute_command\n    conn = self.connection or await pool.get_connection()\n                              ^^^^^^^^^^^^^^^^^^^^^^^^^^^\n  File "F:\\py\\Lib\\site-packages\\redis\\utils.py", line 227, in async_wrapper\n    return await func(*args, **kwargs)\n           ^^^^^^^^^^^^^^^^^^^^^^^^^^^\n  File "F:\\py\\Lib\\site-packages\\redis\\asyncio\\connection.py", line 1351, in get_connection\n    await self.ensure_connection(connection)\n  File "F:\\py\\Lib\\site-packages\\redis\\asyncio\\connection.py", line 1390, in ensure_connection\n    await connection.connect()\n  File "F:\\py\\Lib\\site-packages\\redis\\asyncio\\connection.py", line 339, in connect\n    await self.retry.call_with_retry(\n    ...<7 lines>...\n    )\n  File "F:\\py\\Lib\\site-packages\\redis\\asyncio\\retry.py", line 81, in call_with_retry\n    raise error\n  File "F:\\py\\Lib\\site-packages\\redis\\asyncio\\retry.py", line 69, in call_with_retry\n    return await do()\n           ^^^^^^^^^^\n  File "F:\\py\\Lib\\site-packages\\redis\\asyncio\\connection.py", line 403, in connect_check_health\n    await self.on_connect_check_health(check_health=check_health)\n  File "F:\\py\\Lib\\site-packages\\redis\\asyncio\\connection.py", line 560, in on_connect_check_health\n    await self.read_response()\n  File "F:\\py\\Lib\\site-packages\\redis\\asyncio\\connection.py", line 747, in read_response\n    raise ConnectionError(f"Error while reading from {host_error} : {e.args}")\nredis.exceptions.ConnectionError: Error while reading from 192.168.100.128:6379 : (22, \'÷∏∂®µƒÕ¯¬Á√˚≤ª‘Ÿø…”√°£\', None, 64, None)'}
-------------------------- Captured stderr teardown ---------------------------
[2m2026-05-14T21:34:25.679032+08:00[0m [[32m[1mdebug    [0m] [1mRedis ¡¨Ω”≥ÿ“—¥¥Ω®                  [0m [[0m[1m[34mai_werewolf_core.utils.redis_client[0m][0m [36mmax_connections[0m=[35m300[0m [36msocket_timeout[0m=[35m10[0m
[2m2026-05-14T21:34:30.682105+08:00[0m [[31m[1merror    [0m] [1mRedis ¡¨Ω”—È÷§ ß∞‹ (PING)           [0m [[0m[1m[34mai_werewolf_core.utils.redis_client[0m][0m [36merror[0m=[35m"Error while reading from 192.168.100.128:6379 : (22, '÷∏∂®µƒÕ¯¬Á√˚≤ª‘Ÿø…”√°£', None, 64, None)"[0m [36mhost[0m=[35m192.168.100.128[0m [36mport[0m=[35m6379[0m
Traceback (most recent call last):
  File "F:\py\Lib\asyncio\windows_events.py", line 463, in finish_socket_func
    return ov.getresult()
           ~~~~~~~~~~~~^^
OSError: [WinError 64] ÷∏∂®µƒÕ¯¬Á√˚≤ª‘Ÿø…”√°£

During handling of the above exception, another exception occurred:

Traceback (most recent call last):
  File "F:\py\Lib\site-packages\redis\asyncio\connection.py", line 725, in read_response
    response = await self._parser.read_response(
               ^^^^^^^^^^^^^^^^^^^^^^^^^^^^^^^^^
        disable_decoding=disable_decoding
        ^^^^^^^^^^^^^^^^^^^^^^^^^^^^^^^^^
    )
    ^
  File "F:\py\Lib\site-packages\redis\_parsers\resp2.py", line 82, in read_response
    response = await self._read_response(disable_decoding=disable_decoding)
               ^^^^^^^^^^^^^^^^^^^^^^^^^^^^^^^^^^^^^^^^^^^^^^^^^^^^^^^^^^^^
  File "F:\py\Lib\site-packages\redis\_parsers\resp2.py", line 90, in _read_response
    raw = await self._readline()
          ^^^^^^^^^^^^^^^^^^^^^^
  File "F:\py\Lib\site-packages\redis\_parsers\base.py", line 559, in _readline
    data = await self._stream.readline()
           ^^^^^^^^^^^^^^^^^^^^^^^^^^^^^
  File "F:\py\Lib\asyncio\streams.py", line 562, in readline
    line = await self.readuntil(sep)
           ^^^^^^^^^^^^^^^^^^^^^^^^^
  File "F:\py\Lib\asyncio\streams.py", line 677, in readuntil
    await self._wait_for_data('readuntil')
  File "F:\py\Lib\asyncio\streams.py", line 539, in _wait_for_data
    await self._waiter
  File "F:\py\Lib\asyncio\proactor_events.py", line 286, in _loop_reading
    length = fut.result()
  File "F:\py\Lib\asyncio\windows_events.py", line 804, in _poll
    value = callback(transferred, key, ov)
  File "F:\py\Lib\asyncio\windows_events.py", line 467, in finish_socket_func
    raise ConnectionResetError(*exc.args)
ConnectionResetError: [WinError 64] ÷∏∂®µƒÕ¯¬Á√˚≤ª‘Ÿø…”√°£

During handling of the above exception, another exception occurred:

Traceback (most recent call last):
  File "F:\YilenaCode\Werewolf\ai_werewolf_core\utils\redis_client.py", line 128, in get_client
    await cls._client.ping()
  File "F:\py\Lib\site-packages\redis\asyncio\client.py", line 764, in execute_command
    conn = self.connection or await pool.get_connection()
                              ^^^^^^^^^^^^^^^^^^^^^^^^^^^
  File "F:\py\Lib\site-packages\redis\utils.py", line 227, in async_wrapper
    return await func(*args, **kwargs)
           ^^^^^^^^^^^^^^^^^^^^^^^^^^^
  File "F:\py\Lib\site-packages\redis\asyncio\connection.py", line 1351, in get_connection
    await self.ensure_connection(connection)
  File "F:\py\Lib\site-packages\redis\asyncio\connection.py", line 1390, in ensure_connection
    await connection.connect()
  File "F:\py\Lib\site-packages\redis\asyncio\connection.py", line 339, in connect
    await self.retry.call_with_retry(
    ...<7 lines>...
    )
  File "F:\py\Lib\site-packages\redis\asyncio\retry.py", line 81, in call_with_retry
    raise error
  File "F:\py\Lib\site-packages\redis\asyncio\retry.py", line 69, in call_with_retry
    return await do()
           ^^^^^^^^^^
  File "F:\py\Lib\site-packages\redis\asyncio\connection.py", line 403, in connect_check_health
    await self.on_connect_check_health(check_health=check_health)
  File "F:\py\Lib\site-packages\redis\asyncio\connection.py", line 560, in on_connect_check_health
    await self.read_response()
  File "F:\py\Lib\site-packages\redis\asyncio\connection.py", line 747, in read_response
    raise ConnectionError(f"Error while reading from {host_error} : {e.args}")
redis.exceptions.ConnectionError: Error while reading from 192.168.100.128:6379 : (22, '÷∏∂®µƒÕ¯¬Á√˚≤ª‘Ÿø…”√°£', None, 64, None)
[2m2026-05-14T21:34:30.684672+08:00[0m [[31m[1merror    [0m] [1m«Â¿Ì ¬º˛ Stream “Ï≥£                [0m [[0m[1m[34mai_werewolf_core.core.event.bus[0m][0m [36merror[0m=[35m'EventBus Œﬁ∑®ªÒ»° Redis øÕªß∂À'[0m [36mgame_id[0m=[35mNone[0m
Traceback (most recent call last):
  File "F:\py\Lib\asyncio\windows_events.py", line 463, in finish_socket_func
    return ov.getresult()
           ~~~~~~~~~~~~^^
OSError: [WinError 64] ÷∏∂®µƒÕ¯¬Á√˚≤ª‘Ÿø…”√°£

During handling of the above exception, another exception occurred:

Traceback (most recent call last):
  File "F:\py\Lib\site-packages\redis\asyncio\connection.py", line 725, in read_response
    response = await self._parser.read_response(
               ^^^^^^^^^^^^^^^^^^^^^^^^^^^^^^^^^
        disable_decoding=disable_decoding
        ^^^^^^^^^^^^^^^^^^^^^^^^^^^^^^^^^
    )
    ^
  File "F:\py\Lib\site-packages\redis\_parsers\resp2.py", line 82, in read_response
    response = await self._read_response(disable_decoding=disable_decoding)
               ^^^^^^^^^^^^^^^^^^^^^^^^^^^^^^^^^^^^^^^^^^^^^^^^^^^^^^^^^^^^
  File "F:\py\Lib\site-packages\redis\_parsers\resp2.py", line 90, in _read_response
    raw = await self._readline()
          ^^^^^^^^^^^^^^^^^^^^^^
  File "F:\py\Lib\site-packages\redis\_parsers\base.py", line 559, in _readline
    data = await self._stream.readline()
           ^^^^^^^^^^^^^^^^^^^^^^^^^^^^^
  File "F:\py\Lib\asyncio\streams.py", line 562, in readline
    line = await self.readuntil(sep)
           ^^^^^^^^^^^^^^^^^^^^^^^^^
  File "F:\py\Lib\asyncio\streams.py", line 677, in readuntil
    await self._wait_for_data('readuntil')
  File "F:\py\Lib\asyncio\streams.py", line 539, in _wait_for_data
    await self._waiter
  File "F:\py\Lib\asyncio\proactor_events.py", line 286, in _loop_reading
    length = fut.result()
  File "F:\py\Lib\asyncio\windows_events.py", line 804, in _poll
    value = callback(transferred, key, ov)
  File "F:\py\Lib\asyncio\windows_events.py", line 467, in finish_socket_func
    raise ConnectionResetError(*exc.args)
ConnectionResetError: [WinError 64] ÷∏∂®µƒÕ¯¬Á√˚≤ª‘Ÿø…”√°£

During handling of the above exception, another exception occurred:

Traceback (most recent call last):
  File "F:\YilenaCode\Werewolf\ai_werewolf_core\core\event\bus.py", line 111, in _get_redis
    self._redis_client = await RedisClientManager.get_client()
                         ^^^^^^^^^^^^^^^^^^^^^^^^^^^^^^^^^^^^^
  File "F:\YilenaCode\Werewolf\ai_werewolf_core\utils\redis_client.py", line 128, in get_client
    await cls._client.ping()
  File "F:\py\Lib\site-packages\redis\asyncio\client.py", line 764, in execute_command
    conn = self.connection or await pool.get_connection()
                              ^^^^^^^^^^^^^^^^^^^^^^^^^^^
  File "F:\py\Lib\site-packages\redis\utils.py", line 227, in async_wrapper
    return await func(*args, **kwargs)
           ^^^^^^^^^^^^^^^^^^^^^^^^^^^
  File "F:\py\Lib\site-packages\redis\asyncio\connection.py", line 1351, in get_connection
    await self.ensure_connection(connection)
  File "F:\py\Lib\site-packages\redis\asyncio\connection.py", line 1390, in ensure_connection
    await connection.connect()
  File "F:\py\Lib\site-packages\redis\asyncio\connection.py", line 339, in connect
    await self.retry.call_with_retry(
    ...<7 lines>...
    )
  File "F:\py\Lib\site-packages\redis\asyncio\retry.py", line 81, in call_with_retry
    raise error
  File "F:\py\Lib\site-packages\redis\asyncio\retry.py", line 69, in call_with_retry
    return await do()
           ^^^^^^^^^^
  File "F:\py\Lib\site-packages\redis\asyncio\connection.py", line 403, in connect_check_health
    await self.on_connect_check_health(check_health=check_health)
  File "F:\py\Lib\site-packages\redis\asyncio\connection.py", line 560, in on_connect_check_health
    await self.read_response()
  File "F:\py\Lib\site-packages\redis\asyncio\connection.py", line 747, in read_response
    raise ConnectionError(f"Error while reading from {host_error} : {e.args}")
redis.exceptions.ConnectionError: Error while reading from 192.168.100.128:6379 : (22, '÷∏∂®µƒÕ¯¬Á√˚≤ª‘Ÿø…”√°£', None, 64, None)

The above exception was the direct cause of the following exception:

Traceback (most recent call last):
  File "F:\YilenaCode\Werewolf\ai_werewolf_core\core\event\bus.py", line 710, in clear
    redis = await self._get_redis()
            ^^^^^^^^^^^^^^^^^^^^^^^
  File "F:\YilenaCode\Werewolf\ai_werewolf_core\core\event\bus.py", line 114, in _get_redis
    raise RedisUnavailableException(
        "EventBus Œﬁ∑®ªÒ»° Redis øÕªß∂À"
    ) from e
ai_werewolf_core.utils.redis_seq.RedisUnavailableException: EventBus Œﬁ∑®ªÒ»° Redis øÕªß∂À
---------------------------- Captured log teardown ----------------------------
DEBUG    ai_werewolf_core.utils.redis_client:redis_client.py:243 {'max_connections': 300, 'socket_timeout': 10, 'event': 'Redis ¡¨Ω”≥ÿ“—¥¥Ω®', 'level': 'debug', 'logger': 'ai_werewolf_core.utils.redis_client', 'timestamp': '2026-05-14T21:34:25.679032+08:00'}
ERROR    ai_werewolf_core.utils.redis_client:redis_client.py:130 {'host': '192.168.100.128', 'port': 6379, 'error': "Error while reading from 192.168.100.128:6379 : (22, '÷∏∂®µƒÕ¯¬Á√˚≤ª‘Ÿø…”√°£', None, 64, None)", 'event': 'Redis ¡¨Ω”—È÷§ ß∞‹ (PING)', 'level': 'error', 'logger': 'ai_werewolf_core.utils.redis_client', 'timestamp': '2026-05-14T21:34:30.682105+08:00', 'exception': 'Traceback (most recent call last):\n  File "F:\\py\\Lib\\asyncio\\windows_events.py", line 463, in finish_socket_func\n    return ov.getresult()\n           ~~~~~~~~~~~~^^\nOSError: [WinError 64] ÷∏∂®µƒÕ¯¬Á√˚≤ª‘Ÿø…”√°£\n\nDuring handling of the above exception, another exception occurred:\n\nTraceback (most recent call last):\n  File "F:\\py\\Lib\\site-packages\\redis\\asyncio\\connection.py", line 725, in read_response\n    response = await self._parser.read_response(\n               ^^^^^^^^^^^^^^^^^^^^^^^^^^^^^^^^^\n        disable_decoding=disable_decoding\n        ^^^^^^^^^^^^^^^^^^^^^^^^^^^^^^^^^\n    )\n    ^\n  File "F:\\py\\Lib\\site-packages\\redis\\_parsers\\resp2.py", line 82, in read_response\n    response = await self._read_response(disable_decoding=disable_decoding)\n               ^^^^^^^^^^^^^^^^^^^^^^^^^^^^^^^^^^^^^^^^^^^^^^^^^^^^^^^^^^^^\n  File "F:\\py\\Lib\\site-packages\\redis\\_parsers\\resp2.py", line 90, in _read_response\n    raw = await self._readline()\n          ^^^^^^^^^^^^^^^^^^^^^^\n  File "F:\\py\\Lib\\site-packages\\redis\\_parsers\\base.py", line 559, in _readline\n    data = await self._stream.readline()\n           ^^^^^^^^^^^^^^^^^^^^^^^^^^^^^\n  File "F:\\py\\Lib\\asyncio\\streams.py", line 562, in readline\n    line = await self.readuntil(sep)\n           ^^^^^^^^^^^^^^^^^^^^^^^^^\n  File "F:\\py\\Lib\\asyncio\\streams.py", line 677, in readuntil\n    await self._wait_for_data(\'readuntil\')\n  File "F:\\py\\Lib\\asyncio\\streams.py", line 539, in _wait_for_data\n    await self._waiter\n  File "F:\\py\\Lib\\asyncio\\proactor_events.py", line 286, in _loop_reading\n    length = fut.result()\n  File "F:\\py\\Lib\\asyncio\\windows_events.py", line 804, in _poll\n    value = callback(transferred, key, ov)\n  File "F:\\py\\Lib\\asyncio\\windows_events.py", line 467, in finish_socket_func\n    raise ConnectionResetError(*exc.args)\nConnectionResetError: [WinError 64] ÷∏∂®µƒÕ¯¬Á√˚≤ª‘Ÿø…”√°£\n\nDuring handling of the above exception, another exception occurred:\n\nTraceback (most recent call last):\n  File "F:\\YilenaCode\\Werewolf\\ai_werewolf_core\\utils\\redis_client.py", line 128, in get_client\n    await cls._client.ping()\n  File "F:\\py\\Lib\\site-packages\\redis\\asyncio\\client.py", line 764, in execute_command\n    conn = self.connection or await pool.get_connection()\n                              ^^^^^^^^^^^^^^^^^^^^^^^^^^^\n  File "F:\\py\\Lib\\site-packages\\redis\\utils.py", line 227, in async_wrapper\n    return await func(*args, **kwargs)\n           ^^^^^^^^^^^^^^^^^^^^^^^^^^^\n  File "F:\\py\\Lib\\site-packages\\redis\\asyncio\\connection.py", line 1351, in get_connection\n    await self.ensure_connection(connection)\n  File "F:\\py\\Lib\\site-packages\\redis\\asyncio\\connection.py", line 1390, in ensure_connection\n    await connection.connect()\n  File "F:\\py\\Lib\\site-packages\\redis\\asyncio\\connection.py", line 339, in connect\n    await self.retry.call_with_retry(\n    ...<7 lines>...\n    )\n  File "F:\\py\\Lib\\site-packages\\redis\\asyncio\\retry.py", line 81, in call_with_retry\n    raise error\n  File "F:\\py\\Lib\\site-packages\\redis\\asyncio\\retry.py", line 69, in call_with_retry\n    return await do()\n           ^^^^^^^^^^\n  File "F:\\py\\Lib\\site-packages\\redis\\asyncio\\connection.py", line 403, in connect_check_health\n    await self.on_connect_check_health(check_health=check_health)\n  File "F:\\py\\Lib\\site-packages\\redis\\asyncio\\connection.py", line 560, in on_connect_check_health\n    await self.read_response()\n  File "F:\\py\\Lib\\site-packages\\redis\\asyncio\\connection.py", line 747, in read_response\n    raise ConnectionError(f"Error while reading from {host_error} : {e.args}")\nredis.exceptions.ConnectionError: Error while reading from 192.168.100.128:6379 : (22, \'÷∏∂®µƒÕ¯¬Á√˚≤ª‘Ÿø…”√°£\', None, 64, None)'}
ERROR    ai_werewolf_core.core.event.bus:bus.py:741 {'game_id': None, 'error': 'EventBus Œﬁ∑®ªÒ»° Redis øÕªß∂À', 'event': '«Â¿Ì ¬º˛ Stream “Ï≥£', 'level': 'error', 'logger': 'ai_werewolf_core.core.event.bus', 'timestamp': '2026-05-14T21:34:30.684672+08:00', 'exception': 'Traceback (most recent call last):\n  File "F:\\py\\Lib\\asyncio\\windows_events.py", line 463, in finish_socket_func\n    return ov.getresult()\n           ~~~~~~~~~~~~^^\nOSError: [WinError 64] ÷∏∂®µƒÕ¯¬Á√˚≤ª‘Ÿø…”√°£\n\nDuring handling of the above exception, another exception occurred:\n\nTraceback (most recent call last):\n  File "F:\\py\\Lib\\site-packages\\redis\\asyncio\\connection.py", line 725, in read_response\n    response = await self._parser.read_response(\n               ^^^^^^^^^^^^^^^^^^^^^^^^^^^^^^^^^\n        disable_decoding=disable_decoding\n        ^^^^^^^^^^^^^^^^^^^^^^^^^^^^^^^^^\n    )\n    ^\n  File "F:\\py\\Lib\\site-packages\\redis\\_parsers\\resp2.py", line 82, in read_response\n    response = await self._read_response(disable_decoding=disable_decoding)\n               ^^^^^^^^^^^^^^^^^^^^^^^^^^^^^^^^^^^^^^^^^^^^^^^^^^^^^^^^^^^^\n  File "F:\\py\\Lib\\site-packages\\redis\\_parsers\\resp2.py", line 90, in _read_response\n    raw = await self._readline()\n          ^^^^^^^^^^^^^^^^^^^^^^\n  File "F:\\py\\Lib\\site-packages\\redis\\_parsers\\base.py", line 559, in _readline\n    data = await self._stream.readline()\n           ^^^^^^^^^^^^^^^^^^^^^^^^^^^^^\n  File "F:\\py\\Lib\\asyncio\\streams.py", line 562, in readline\n    line = await self.readuntil(sep)\n           ^^^^^^^^^^^^^^^^^^^^^^^^^\n  File "F:\\py\\Lib\\asyncio\\streams.py", line 677, in readuntil\n    await self._wait_for_data(\'readuntil\')\n  File "F:\\py\\Lib\\asyncio\\streams.py", line 539, in _wait_for_data\n    await self._waiter\n  File "F:\\py\\Lib\\asyncio\\proactor_events.py", line 286, in _loop_reading\n    length = fut.result()\n  File "F:\\py\\Lib\\asyncio\\windows_events.py", line 804, in _poll\n    value = callback(transferred, key, ov)\n  File "F:\\py\\Lib\\asyncio\\windows_events.py", line 467, in finish_socket_func\n    raise ConnectionResetError(*exc.args)\nConnectionResetError: [WinError 64] ÷∏∂®µƒÕ¯¬Á√˚≤ª‘Ÿø…”√°£\n\nDuring handling of the above exception, another exception occurred:\n\nTraceback (most recent call last):\n  File "F:\\YilenaCode\\Werewolf\\ai_werewolf_core\\core\\event\\bus.py", line 111, in _get_redis\n    self._redis_client = await RedisClientManager.get_client()\n                         ^^^^^^^^^^^^^^^^^^^^^^^^^^^^^^^^^^^^^\n  File "F:\\YilenaCode\\Werewolf\\ai_werewolf_core\\utils\\redis_client.py", line 128, in get_client\n    await cls._client.ping()\n  File "F:\\py\\Lib\\site-packages\\redis\\asyncio\\client.py", line 764, in execute_command\n    conn = self.connection or await pool.get_connection()\n                              ^^^^^^^^^^^^^^^^^^^^^^^^^^^\n  File "F:\\py\\Lib\\site-packages\\redis\\utils.py", line 227, in async_wrapper\n    return await func(*args, **kwargs)\n           ^^^^^^^^^^^^^^^^^^^^^^^^^^^\n  File "F:\\py\\Lib\\site-packages\\redis\\asyncio\\connection.py", line 1351, in get_connection\n    await self.ensure_connection(connection)\n  File "F:\\py\\Lib\\site-packages\\redis\\asyncio\\connection.py", line 1390, in ensure_connection\n    await connection.connect()\n  File "F:\\py\\Lib\\site-packages\\redis\\asyncio\\connection.py", line 339, in connect\n    await self.retry.call_with_retry(\n    ...<7 lines>...\n    )\n  File "F:\\py\\Lib\\site-packages\\redis\\asyncio\\retry.py", line 81, in call_with_retry\n    raise error\n  File "F:\\py\\Lib\\site-packages\\redis\\asyncio\\retry.py", line 69, in call_with_retry\n    return await do()\n           ^^^^^^^^^^\n  File "F:\\py\\Lib\\site-packages\\redis\\asyncio\\connection.py", line 403, in connect_check_health\n    await self.on_connect_check_health(check_health=check_health)\n  File "F:\\py\\Lib\\site-packages\\redis\\asyncio\\connection.py", line 560, in on_connect_check_health\n    await self.read_response()\n  File "F:\\py\\Lib\\site-packages\\redis\\asyncio\\connection.py", line 747, in read_response\n    raise ConnectionError(f"Error while reading from {host_error} : {e.args}")\nredis.exceptions.ConnectionError: Error while reading from 192.168.100.128:6379 : (22, \'÷∏∂®µƒÕ¯¬Á√˚≤ª‘Ÿø…”√°£\', None, 64, None)\n\nThe above exception was the direct cause of the following exception:\n\nTraceback (most recent call last):\n  File "F:\\YilenaCode\\Werewolf\\ai_werewolf_core\\core\\event\\bus.py", line 710, in clear\n    redis = await self._get_redis()\n            ^^^^^^^^^^^^^^^^^^^^^^^\n  File "F:\\YilenaCode\\Werewolf\\ai_werewolf_core\\core\\event\\bus.py", line 114, in _get_redis\n    raise RedisUnavailableException(\n        "EventBus Œﬁ∑®ªÒ»° Redis øÕªß∂À"\n    ) from e\nai_werewolf_core.utils.redis_seq.RedisUnavailableException: EventBus Œﬁ∑®ªÒ»° Redis øÕªß∂À'}
____________________ TestAbortGame.test_abort_from_running ____________________

trans = 0, key = 0, ov = <_overlapped.Overlapped object at 0x0000027C320BDBF0>

    @staticmethod
    def finish_socket_func(trans, key, ov):
        try:
>           return ov.getresult()
                   ^^^^^^^^^^^^^^
E           OSError: [WinError 64] ÷∏∂®µƒÕ¯¬Á√˚≤ª‘Ÿø…”√°£

F:\py\Lib\asyncio\windows_events.py:463: OSError

During handling of the above exception, another exception occurred:

self = <redis.asyncio.connection.Connection(host=192.168.100.128,port=6379,db=1)>
disable_decoding = False, timeout = None

    async def read_response(
        self,
        disable_decoding: bool = False,
        timeout: Optional[float] = None,
        *,
        disconnect_on_error: bool = True,
        push_request: Optional[bool] = False,
    ):
        """Read the response from a previously sent command"""
        read_timeout = timeout if timeout is not None else self.socket_timeout
        host_error = self._host_error()
        try:
            if read_timeout is not None and self.protocol in ["3", 3]:
                async with async_timeout(read_timeout):
                    response = await self._parser.read_response(
                        disable_decoding=disable_decoding, push_request=push_request
                    )
            elif read_timeout is not None:
                async with async_timeout(read_timeout):
>                   response = await self._parser.read_response(
                        disable_decoding=disable_decoding

F:\py\Lib\site-packages\redis\asyncio\connection.py:725: 
_ _ _ _ _ _ _ _ _ _ _ _ _ _ _ _ _ _ _ _ _ _ _ _ _ _ _ _ _ _ _ _ _ _ _ _ _ _ _ _
F:\py\Lib\site-packages\redis\_parsers\resp2.py:82: in read_response
    response = await self._read_response(disable_decoding=disable_decoding)
               ^^^^^^^^^^^^^^^^^^^^^^^^^^^^^^^^^^^^^^^^^^^^^^^^^^^^^^^^^^^^
F:\py\Lib\site-packages\redis\_parsers\resp2.py:90: in _read_response
    raw = await self._readline()
          ^^^^^^^^^^^^^^^^^^^^^^
F:\py\Lib\site-packages\redis\_parsers\base.py:559: in _readline
    data = await self._stream.readline()
           ^^^^^^^^^^^^^^^^^^^^^^^^^^^^^
F:\py\Lib\asyncio\streams.py:562: in readline
    line = await self.readuntil(sep)
           ^^^^^^^^^^^^^^^^^^^^^^^^^
F:\py\Lib\asyncio\streams.py:677: in readuntil
    await self._wait_for_data('readuntil')
F:\py\Lib\asyncio\streams.py:539: in _wait_for_data
    await self._waiter
F:\py\Lib\asyncio\proactor_events.py:286: in _loop_reading
    length = fut.result()
             ^^^^^^^^^^^^
F:\py\Lib\asyncio\windows_events.py:804: in _poll
    value = callback(transferred, key, ov)
            ^^^^^^^^^^^^^^^^^^^^^^^^^^^^^^
_ _ _ _ _ _ _ _ _ _ _ _ _ _ _ _ _ _ _ _ _ _ _ _ _ _ _ _ _ _ _ _ _ _ _ _ _ _ _ _

trans = 0, key = 0, ov = <_overlapped.Overlapped object at 0x0000027C320BDBF0>

    @staticmethod
    def finish_socket_func(trans, key, ov):
        try:
            return ov.getresult()
        except OSError as exc:
            if exc.winerror in (_overlapped.ERROR_NETNAME_DELETED,
                                _overlapped.ERROR_OPERATION_ABORTED):
>               raise ConnectionResetError(*exc.args)
E               ConnectionResetError: [WinError 64] ÷∏∂®µƒÕ¯¬Á√˚≤ª‘Ÿø…”√°£

F:\py\Lib\asyncio\windows_events.py:467: ConnectionResetError

During handling of the above exception, another exception occurred:

self = <ai_werewolf_core.core.engine.lifecycle.LifecycleManager object at 0x0000027C31F04750>

    async def _get_redis(self) -> aioredis.Redis:
        """ªÒ»° Redis “Ï≤ΩøÕªß∂À£®¿¡≥ı ºªØ£¨π≤œÌ¡¨Ω”≥ÿ£©°£"""
        if self._redis is None:
            try:
>               self._redis = await RedisClientManager.get_client()
                              ^^^^^^^^^^^^^^^^^^^^^^^^^^^^^^^^^^^^^

ai_werewolf_core\core\engine\lifecycle.py:143: 
_ _ _ _ _ _ _ _ _ _ _ _ _ _ _ _ _ _ _ _ _ _ _ _ _ _ _ _ _ _ _ _ _ _ _ _ _ _ _ _
ai_werewolf_core\utils\redis_client.py:128: in get_client
    await cls._client.ping()
F:\py\Lib\site-packages\redis\asyncio\client.py:764: in execute_command
    conn = self.connection or await pool.get_connection()
                              ^^^^^^^^^^^^^^^^^^^^^^^^^^^
F:\py\Lib\site-packages\redis\utils.py:227: in async_wrapper
    return await func(*args, **kwargs)
           ^^^^^^^^^^^^^^^^^^^^^^^^^^^
F:\py\Lib\site-packages\redis\asyncio\connection.py:1351: in get_connection
    await self.ensure_connection(connection)
F:\py\Lib\site-packages\redis\asyncio\connection.py:1390: in ensure_connection
    await connection.connect()
F:\py\Lib\site-packages\redis\asyncio\connection.py:339: in connect
    await self.retry.call_with_retry(
F:\py\Lib\site-packages\redis\asyncio\retry.py:81: in call_with_retry
    raise error
F:\py\Lib\site-packages\redis\asyncio\retry.py:69: in call_with_retry
    return await do()
           ^^^^^^^^^^
F:\py\Lib\site-packages\redis\asyncio\connection.py:403: in connect_check_health
    await self.on_connect_check_health(check_health=check_health)
F:\py\Lib\site-packages\redis\asyncio\connection.py:560: in on_connect_check_health
    await self.read_response()
_ _ _ _ _ _ _ _ _ _ _ _ _ _ _ _ _ _ _ _ _ _ _ _ _ _ _ _ _ _ _ _ _ _ _ _ _ _ _ _

self = <redis.asyncio.connection.Connection(host=192.168.100.128,port=6379,db=1)>
disable_decoding = False, timeout = None

    async def read_response(
        self,
        disable_decoding: bool = False,
        timeout: Optional[float] = None,
        *,
        disconnect_on_error: bool = True,
        push_request: Optional[bool] = False,
    ):
        """Read the response from a previously sent command"""
        read_timeout = timeout if timeout is not None else self.socket_timeout
        host_error = self._host_error()
        try:
            if read_timeout is not None and self.protocol in ["3", 3]:
                async with async_timeout(read_timeout):
                    response = await self._parser.read_response(
                        disable_decoding=disable_decoding, push_request=push_request
                    )
            elif read_timeout is not None:
                async with async_timeout(read_timeout):
                    response = await self._parser.read_response(
                        disable_decoding=disable_decoding
                    )
            elif self.protocol in ["3", 3]:
                response = await self._parser.read_response(
                    disable_decoding=disable_decoding, push_request=push_request
                )
            else:
                response = await self._parser.read_response(
                    disable_decoding=disable_decoding
                )
        except asyncio.TimeoutError:
            if timeout is not None:
                # user requested timeout, return None. Operation can be retried
                return None
            # it was a self.socket_timeout error.
            if disconnect_on_error:
                await self.disconnect(nowait=True)
            raise TimeoutError(f"Timeout reading from {host_error}")
        except OSError as e:
            if disconnect_on_error:
                await self.disconnect(nowait=True)
>           raise ConnectionError(f"Error while reading from {host_error} : {e.args}")
E           redis.exceptions.ConnectionError: Error while reading from 192.168.100.128:6379 : (22, '÷∏∂®µƒÕ¯¬Á√˚≤ª‘Ÿø…”√°£', None, 64, None)

F:\py\Lib\site-packages\redis\asyncio\connection.py:747: ConnectionError

The above exception was the direct cause of the following exception:

self = <test_lifecycle.TestAbortGame object at 0x0000027C303D3110>
lifecycle = <ai_werewolf_core.core.engine.lifecycle.LifecycleManager object at 0x0000027C31F04750>

    @pytest.mark.asyncio
    async def test_abort_from_running(self, lifecycle):
        """¥” RUNNING ◊¥Ã¨÷–÷π°£"""
>       await lifecycle.init_game()

tests\unit\core\engine\test_lifecycle.py:307: 
_ _ _ _ _ _ _ _ _ _ _ _ _ _ _ _ _ _ _ _ _ _ _ _ _ _ _ _ _ _ _ _ _ _ _ _ _ _ _ _
ai_werewolf_core\core\engine\lifecycle.py:420: in init_game
    current_status = await self.get_status()
                     ^^^^^^^^^^^^^^^^^^^^^^^
ai_werewolf_core\core\engine\lifecycle.py:262: in get_status
    status = await self._get_status_from_redis()
             ^^^^^^^^^^^^^^^^^^^^^^^^^^^^^^^^^^^
ai_werewolf_core\core\engine\lifecycle.py:167: in _get_status_from_redis
    redis = await self._get_redis()
            ^^^^^^^^^^^^^^^^^^^^^^^
_ _ _ _ _ _ _ _ _ _ _ _ _ _ _ _ _ _ _ _ _ _ _ _ _ _ _ _ _ _ _ _ _ _ _ _ _ _ _ _

self = <ai_werewolf_core.core.engine.lifecycle.LifecycleManager object at 0x0000027C31F04750>

    async def _get_redis(self) -> aioredis.Redis:
        """ªÒ»° Redis “Ï≤ΩøÕªß∂À£®¿¡≥ı ºªØ£¨π≤œÌ¡¨Ω”≥ÿ£©°£"""
        if self._redis is None:
            try:
                self._redis = await RedisClientManager.get_client()
                self._logger.debug("LifecycleManager “—ªÒ»°π≤œÌ Redis øÕªß∂À")
            except (aioredis.ConnectionError, aioredis.TimeoutError) as e:
>               raise RedisUnavailableException(
                    f"LifecycleManager Œﬁ∑®ªÒ»° Redis øÕªß∂À: game_id={self.game_id}"
                ) from e
E               ai_werewolf_core.utils.redis_seq.RedisUnavailableException: LifecycleManager Œﬁ∑®ªÒ»° Redis øÕªß∂À: game_id=test_lifecycle_233f8cc3a883467195475465485ddde5

ai_werewolf_core\core\engine\lifecycle.py:146: RedisUnavailableException
---------------------------- Captured stderr setup ----------------------------
[2m2026-05-14T21:34:30.687783+08:00[0m [[32m[1mdebug    [0m] [1mglobal_subscribe              [0m [[0m[1m[34mai_werewolf_core.core.event.bus[0m][0m [36mhandler[0m=[35m_default_log_subscriber[0m
[2m2026-05-14T21:34:30.687923+08:00[0m [[32m[1mdebug    [0m] [1mglobal_subscribe              [0m [[0m[1m[34mai_werewolf_core.core.event.bus[0m][0m [36mhandler[0m=[35m_persist_to_db[0m
----------------------------- Captured log setup ------------------------------
DEBUG    ai_werewolf_core.core.event.bus:bus.py:519 {'handler': '_default_log_subscriber', 'event': 'global_subscribe', 'level': 'debug', 'logger': 'ai_werewolf_core.core.event.bus', 'timestamp': '2026-05-14T21:34:30.687783+08:00'}
DEBUG    ai_werewolf_core.core.event.bus:bus.py:519 {'handler': '_persist_to_db', 'event': 'global_subscribe', 'level': 'debug', 'logger': 'ai_werewolf_core.core.event.bus', 'timestamp': '2026-05-14T21:34:30.687923+08:00'}
---------------------------- Captured stderr call -----------------------------
[2m2026-05-14T21:34:30.688641+08:00[0m [[32m[1minfo     [0m] [1mgame_init                     [0m [[0m[1m[34mai_werewolf_core.core.engine.lifecycle[0m][0m [36mgame_id[0m=[35mtest_lifecycle_233f8cc3a883467195475465485ddde5[0m [36mmodule[0m=[35mLifecycleManager[0m
[2m2026-05-14T21:34:30.688808+08:00[0m [[32m[1mdebug    [0m] [1mRedis ¡¨Ω”≥ÿ“—¥¥Ω®                  [0m [[0m[1m[34mai_werewolf_core.utils.redis_client[0m][0m [36mmax_connections[0m=[35m300[0m [36msocket_timeout[0m=[35m10[0m
[2m2026-05-14T21:34:35.692731+08:00[0m [[31m[1merror    [0m] [1mRedis ¡¨Ω”—È÷§ ß∞‹ (PING)           [0m [[0m[1m[34mai_werewolf_core.utils.redis_client[0m][0m [36merror[0m=[35m"Error while reading from 192.168.100.128:6379 : (22, '÷∏∂®µƒÕ¯¬Á√˚≤ª‘Ÿø…”√°£', None, 64, None)"[0m [36mhost[0m=[35m192.168.100.128[0m [36mport[0m=[35m6379[0m
Traceback (most recent call last):
  File "F:\py\Lib\asyncio\windows_events.py", line 463, in finish_socket_func
    return ov.getresult()
           ~~~~~~~~~~~~^^
OSError: [WinError 64] ÷∏∂®µƒÕ¯¬Á√˚≤ª‘Ÿø…”√°£

During handling of the above exception, another exception occurred:

Traceback (most recent call last):
  File "F:\py\Lib\site-packages\redis\asyncio\connection.py", line 725, in read_response
    response = await self._parser.read_response(
               ^^^^^^^^^^^^^^^^^^^^^^^^^^^^^^^^^
        disable_decoding=disable_decoding
        ^^^^^^^^^^^^^^^^^^^^^^^^^^^^^^^^^
    )
    ^
  File "F:\py\Lib\site-packages\redis\_parsers\resp2.py", line 82, in read_response
    response = await self._read_response(disable_decoding=disable_decoding)
               ^^^^^^^^^^^^^^^^^^^^^^^^^^^^^^^^^^^^^^^^^^^^^^^^^^^^^^^^^^^^
  File "F:\py\Lib\site-packages\redis\_parsers\resp2.py", line 90, in _read_response
    raw = await self._readline()
          ^^^^^^^^^^^^^^^^^^^^^^
  File "F:\py\Lib\site-packages\redis\_parsers\base.py", line 559, in _readline
    data = await self._stream.readline()
           ^^^^^^^^^^^^^^^^^^^^^^^^^^^^^
  File "F:\py\Lib\asyncio\streams.py", line 562, in readline
    line = await self.readuntil(sep)
           ^^^^^^^^^^^^^^^^^^^^^^^^^
  File "F:\py\Lib\asyncio\streams.py", line 677, in readuntil
    await self._wait_for_data('readuntil')
  File "F:\py\Lib\asyncio\streams.py", line 539, in _wait_for_data
    await self._waiter
  File "F:\py\Lib\asyncio\proactor_events.py", line 286, in _loop_reading
    length = fut.result()
  File "F:\py\Lib\asyncio\windows_events.py", line 804, in _poll
    value = callback(transferred, key, ov)
  File "F:\py\Lib\asyncio\windows_events.py", line 467, in finish_socket_func
    raise ConnectionResetError(*exc.args)
ConnectionResetError: [WinError 64] ÷∏∂®µƒÕ¯¬Á√˚≤ª‘Ÿø…”√°£

During handling of the above exception, another exception occurred:

Traceback (most recent call last):
  File "F:\YilenaCode\Werewolf\ai_werewolf_core\utils\redis_client.py", line 128, in get_client
    await cls._client.ping()
  File "F:\py\Lib\site-packages\redis\asyncio\client.py", line 764, in execute_command
    conn = self.connection or await pool.get_connection()
                              ^^^^^^^^^^^^^^^^^^^^^^^^^^^
  File "F:\py\Lib\site-packages\redis\utils.py", line 227, in async_wrapper
    return await func(*args, **kwargs)
           ^^^^^^^^^^^^^^^^^^^^^^^^^^^
  File "F:\py\Lib\site-packages\redis\asyncio\connection.py", line 1351, in get_connection
    await self.ensure_connection(connection)
  File "F:\py\Lib\site-packages\redis\asyncio\connection.py", line 1390, in ensure_connection
    await connection.connect()
  File "F:\py\Lib\site-packages\redis\asyncio\connection.py", line 339, in connect
    await self.retry.call_with_retry(
    ...<7 lines>...
    )
  File "F:\py\Lib\site-packages\redis\asyncio\retry.py", line 81, in call_with_retry
    raise error
  File "F:\py\Lib\site-packages\redis\asyncio\retry.py", line 69, in call_with_retry
    return await do()
           ^^^^^^^^^^
  File "F:\py\Lib\site-packages\redis\asyncio\connection.py", line 403, in connect_check_health
    await self.on_connect_check_health(check_health=check_health)
  File "F:\py\Lib\site-packages\redis\asyncio\connection.py", line 560, in on_connect_check_health
    await self.read_response()
  File "F:\py\Lib\site-packages\redis\asyncio\connection.py", line 747, in read_response
    raise ConnectionError(f"Error while reading from {host_error} : {e.args}")
redis.exceptions.ConnectionError: Error while reading from 192.168.100.128:6379 : (22, '÷∏∂®µƒÕ¯¬Á√˚≤ª‘Ÿø…”√°£', None, 64, None)
------------------------------ Captured log call ------------------------------
INFO     ai_werewolf_core.core.engine.lifecycle:lifecycle.py:418 {'game_id': 'test_lifecycle_233f8cc3a883467195475465485ddde5', 'module': 'LifecycleManager', 'event': 'game_init', 'level': 'info', 'logger': 'ai_werewolf_core.core.engine.lifecycle', 'timestamp': '2026-05-14T21:34:30.688641+08:00'}
DEBUG    ai_werewolf_core.utils.redis_client:redis_client.py:243 {'max_connections': 300, 'socket_timeout': 10, 'event': 'Redis ¡¨Ω”≥ÿ“—¥¥Ω®', 'level': 'debug', 'logger': 'ai_werewolf_core.utils.redis_client', 'timestamp': '2026-05-14T21:34:30.688808+08:00'}
ERROR    ai_werewolf_core.utils.redis_client:redis_client.py:130 {'host': '192.168.100.128', 'port': 6379, 'error': "Error while reading from 192.168.100.128:6379 : (22, '÷∏∂®µƒÕ¯¬Á√˚≤ª‘Ÿø…”√°£', None, 64, None)", 'event': 'Redis ¡¨Ω”—È÷§ ß∞‹ (PING)', 'level': 'error', 'logger': 'ai_werewolf_core.utils.redis_client', 'timestamp': '2026-05-14T21:34:35.692731+08:00', 'exception': 'Traceback (most recent call last):\n  File "F:\\py\\Lib\\asyncio\\windows_events.py", line 463, in finish_socket_func\n    return ov.getresult()\n           ~~~~~~~~~~~~^^\nOSError: [WinError 64] ÷∏∂®µƒÕ¯¬Á√˚≤ª‘Ÿø…”√°£\n\nDuring handling of the above exception, another exception occurred:\n\nTraceback (most recent call last):\n  File "F:\\py\\Lib\\site-packages\\redis\\asyncio\\connection.py", line 725, in read_response\n    response = await self._parser.read_response(\n               ^^^^^^^^^^^^^^^^^^^^^^^^^^^^^^^^^\n        disable_decoding=disable_decoding\n        ^^^^^^^^^^^^^^^^^^^^^^^^^^^^^^^^^\n    )\n    ^\n  File "F:\\py\\Lib\\site-packages\\redis\\_parsers\\resp2.py", line 82, in read_response\n    response = await self._read_response(disable_decoding=disable_decoding)\n               ^^^^^^^^^^^^^^^^^^^^^^^^^^^^^^^^^^^^^^^^^^^^^^^^^^^^^^^^^^^^\n  File "F:\\py\\Lib\\site-packages\\redis\\_parsers\\resp2.py", line 90, in _read_response\n    raw = await self._readline()\n          ^^^^^^^^^^^^^^^^^^^^^^\n  File "F:\\py\\Lib\\site-packages\\redis\\_parsers\\base.py", line 559, in _readline\n    data = await self._stream.readline()\n           ^^^^^^^^^^^^^^^^^^^^^^^^^^^^^\n  File "F:\\py\\Lib\\asyncio\\streams.py", line 562, in readline\n    line = await self.readuntil(sep)\n           ^^^^^^^^^^^^^^^^^^^^^^^^^\n  File "F:\\py\\Lib\\asyncio\\streams.py", line 677, in readuntil\n    await self._wait_for_data(\'readuntil\')\n  File "F:\\py\\Lib\\asyncio\\streams.py", line 539, in _wait_for_data\n    await self._waiter\n  File "F:\\py\\Lib\\asyncio\\proactor_events.py", line 286, in _loop_reading\n    length = fut.result()\n  File "F:\\py\\Lib\\asyncio\\windows_events.py", line 804, in _poll\n    value = callback(transferred, key, ov)\n  File "F:\\py\\Lib\\asyncio\\windows_events.py", line 467, in finish_socket_func\n    raise ConnectionResetError(*exc.args)\nConnectionResetError: [WinError 64] ÷∏∂®µƒÕ¯¬Á√˚≤ª‘Ÿø…”√°£\n\nDuring handling of the above exception, another exception occurred:\n\nTraceback (most recent call last):\n  File "F:\\YilenaCode\\Werewolf\\ai_werewolf_core\\utils\\redis_client.py", line 128, in get_client\n    await cls._client.ping()\n  File "F:\\py\\Lib\\site-packages\\redis\\asyncio\\client.py", line 764, in execute_command\n    conn = self.connection or await pool.get_connection()\n                              ^^^^^^^^^^^^^^^^^^^^^^^^^^^\n  File "F:\\py\\Lib\\site-packages\\redis\\utils.py", line 227, in async_wrapper\n    return await func(*args, **kwargs)\n           ^^^^^^^^^^^^^^^^^^^^^^^^^^^\n  File "F:\\py\\Lib\\site-packages\\redis\\asyncio\\connection.py", line 1351, in get_connection\n    await self.ensure_connection(connection)\n  File "F:\\py\\Lib\\site-packages\\redis\\asyncio\\connection.py", line 1390, in ensure_connection\n    await connection.connect()\n  File "F:\\py\\Lib\\site-packages\\redis\\asyncio\\connection.py", line 339, in connect\n    await self.retry.call_with_retry(\n    ...<7 lines>...\n    )\n  File "F:\\py\\Lib\\site-packages\\redis\\asyncio\\retry.py", line 81, in call_with_retry\n    raise error\n  File "F:\\py\\Lib\\site-packages\\redis\\asyncio\\retry.py", line 69, in call_with_retry\n    return await do()\n           ^^^^^^^^^^\n  File "F:\\py\\Lib\\site-packages\\redis\\asyncio\\connection.py", line 403, in connect_check_health\n    await self.on_connect_check_health(check_health=check_health)\n  File "F:\\py\\Lib\\site-packages\\redis\\asyncio\\connection.py", line 560, in on_connect_check_health\n    await self.read_response()\n  File "F:\\py\\Lib\\site-packages\\redis\\asyncio\\connection.py", line 747, in read_response\n    raise ConnectionError(f"Error while reading from {host_error} : {e.args}")\nredis.exceptions.ConnectionError: Error while reading from 192.168.100.128:6379 : (22, \'÷∏∂®µƒÕ¯¬Á√˚≤ª‘Ÿø…”√°£\', None, 64, None)'}
-------------------------- Captured stderr teardown ---------------------------
[2m2026-05-14T21:34:35.838136+08:00[0m [[32m[1mdebug    [0m] [1mRedis ¡¨Ω”≥ÿ“—¥¥Ω®                  [0m [[0m[1m[34mai_werewolf_core.utils.redis_client[0m][0m [36mmax_connections[0m=[35m300[0m [36msocket_timeout[0m=[35m10[0m
[2m2026-05-14T21:34:40.842667+08:00[0m [[31m[1merror    [0m] [1mRedis ¡¨Ω”—È÷§ ß∞‹ (PING)           [0m [[0m[1m[34mai_werewolf_core.utils.redis_client[0m][0m [36merror[0m=[35m"Error while reading from 192.168.100.128:6379 : (22, '÷∏∂®µƒÕ¯¬Á√˚≤ª‘Ÿø…”√°£', None, 64, None)"[0m [36mhost[0m=[35m192.168.100.128[0m [36mport[0m=[35m6379[0m
Traceback (most recent call last):
  File "F:\py\Lib\asyncio\windows_events.py", line 463, in finish_socket_func
    return ov.getresult()
           ~~~~~~~~~~~~^^
OSError: [WinError 64] ÷∏∂®µƒÕ¯¬Á√˚≤ª‘Ÿø…”√°£

During handling of the above exception, another exception occurred:

Traceback (most recent call last):
  File "F:\py\Lib\site-packages\redis\asyncio\connection.py", line 725, in read_response
    response = await self._parser.read_response(
               ^^^^^^^^^^^^^^^^^^^^^^^^^^^^^^^^^
        disable_decoding=disable_decoding
        ^^^^^^^^^^^^^^^^^^^^^^^^^^^^^^^^^
    )
    ^
  File "F:\py\Lib\site-packages\redis\_parsers\resp2.py", line 82, in read_response
    response = await self._read_response(disable_decoding=disable_decoding)
               ^^^^^^^^^^^^^^^^^^^^^^^^^^^^^^^^^^^^^^^^^^^^^^^^^^^^^^^^^^^^
  File "F:\py\Lib\site-packages\redis\_parsers\resp2.py", line 90, in _read_response
    raw = await self._readline()
          ^^^^^^^^^^^^^^^^^^^^^^
  File "F:\py\Lib\site-packages\redis\_parsers\base.py", line 559, in _readline
    data = await self._stream.readline()
           ^^^^^^^^^^^^^^^^^^^^^^^^^^^^^
  File "F:\py\Lib\asyncio\streams.py", line 562, in readline
    line = await self.readuntil(sep)
           ^^^^^^^^^^^^^^^^^^^^^^^^^
  File "F:\py\Lib\asyncio\streams.py", line 677, in readuntil
    await self._wait_for_data('readuntil')
  File "F:\py\Lib\asyncio\streams.py", line 539, in _wait_for_data
    await self._waiter
  File "F:\py\Lib\asyncio\proactor_events.py", line 286, in _loop_reading
    length = fut.result()
  File "F:\py\Lib\asyncio\windows_events.py", line 804, in _poll
    value = callback(transferred, key, ov)
  File "F:\py\Lib\asyncio\windows_events.py", line 467, in finish_socket_func
    raise ConnectionResetError(*exc.args)
ConnectionResetError: [WinError 64] ÷∏∂®µƒÕ¯¬Á√˚≤ª‘Ÿø…”√°£

During handling of the above exception, another exception occurred:

Traceback (most recent call last):
  File "F:\YilenaCode\Werewolf\ai_werewolf_core\utils\redis_client.py", line 128, in get_client
    await cls._client.ping()
  File "F:\py\Lib\site-packages\redis\asyncio\client.py", line 764, in execute_command
    conn = self.connection or await pool.get_connection()
                              ^^^^^^^^^^^^^^^^^^^^^^^^^^^
  File "F:\py\Lib\site-packages\redis\utils.py", line 227, in async_wrapper
    return await func(*args, **kwargs)
           ^^^^^^^^^^^^^^^^^^^^^^^^^^^
  File "F:\py\Lib\site-packages\redis\asyncio\connection.py", line 1351, in get_connection
    await self.ensure_connection(connection)
  File "F:\py\Lib\site-packages\redis\asyncio\connection.py", line 1390, in ensure_connection
    await connection.connect()
  File "F:\py\Lib\site-packages\redis\asyncio\connection.py", line 339, in connect
    await self.retry.call_with_retry(
    ...<7 lines>...
    )
  File "F:\py\Lib\site-packages\redis\asyncio\retry.py", line 81, in call_with_retry
    raise error
  File "F:\py\Lib\site-packages\redis\asyncio\retry.py", line 69, in call_with_retry
    return await do()
           ^^^^^^^^^^
  File "F:\py\Lib\site-packages\redis\asyncio\connection.py", line 403, in connect_check_health
    await self.on_connect_check_health(check_health=check_health)
  File "F:\py\Lib\site-packages\redis\asyncio\connection.py", line 560, in on_connect_check_health
    await self.read_response()
  File "F:\py\Lib\site-packages\redis\asyncio\connection.py", line 747, in read_response
    raise ConnectionError(f"Error while reading from {host_error} : {e.args}")
redis.exceptions.ConnectionError: Error while reading from 192.168.100.128:6379 : (22, '÷∏∂®µƒÕ¯¬Á√˚≤ª‘Ÿø…”√°£', None, 64, None)
[2m2026-05-14T21:34:40.845316+08:00[0m [[31m[1merror    [0m] [1m«Â¿Ì ¬º˛ Stream “Ï≥£                [0m [[0m[1m[34mai_werewolf_core.core.event.bus[0m][0m [36merror[0m=[35m'EventBus Œﬁ∑®ªÒ»° Redis øÕªß∂À'[0m [36mgame_id[0m=[35mNone[0m
Traceback (most recent call last):
  File "F:\py\Lib\asyncio\windows_events.py", line 463, in finish_socket_func
    return ov.getresult()
           ~~~~~~~~~~~~^^
OSError: [WinError 64] ÷∏∂®µƒÕ¯¬Á√˚≤ª‘Ÿø…”√°£

During handling of the above exception, another exception occurred:

Traceback (most recent call last):
  File "F:\py\Lib\site-packages\redis\asyncio\connection.py", line 725, in read_response
    response = await self._parser.read_response(
               ^^^^^^^^^^^^^^^^^^^^^^^^^^^^^^^^^
        disable_decoding=disable_decoding
        ^^^^^^^^^^^^^^^^^^^^^^^^^^^^^^^^^
    )
    ^
  File "F:\py\Lib\site-packages\redis\_parsers\resp2.py", line 82, in read_response
    response = await self._read_response(disable_decoding=disable_decoding)
               ^^^^^^^^^^^^^^^^^^^^^^^^^^^^^^^^^^^^^^^^^^^^^^^^^^^^^^^^^^^^
  File "F:\py\Lib\site-packages\redis\_parsers\resp2.py", line 90, in _read_response
    raw = await self._readline()
          ^^^^^^^^^^^^^^^^^^^^^^
  File "F:\py\Lib\site-packages\redis\_parsers\base.py", line 559, in _readline
    data = await self._stream.readline()
           ^^^^^^^^^^^^^^^^^^^^^^^^^^^^^
  File "F:\py\Lib\asyncio\streams.py", line 562, in readline
    line = await self.readuntil(sep)
           ^^^^^^^^^^^^^^^^^^^^^^^^^
  File "F:\py\Lib\asyncio\streams.py", line 677, in readuntil
    await self._wait_for_data('readuntil')
  File "F:\py\Lib\asyncio\streams.py", line 539, in _wait_for_data
    await self._waiter
  File "F:\py\Lib\asyncio\proactor_events.py", line 286, in _loop_reading
    length = fut.result()
  File "F:\py\Lib\asyncio\windows_events.py", line 804, in _poll
    value = callback(transferred, key, ov)
  File "F:\py\Lib\asyncio\windows_events.py", line 467, in finish_socket_func
    raise ConnectionResetError(*exc.args)
ConnectionResetError: [WinError 64] ÷∏∂®µƒÕ¯¬Á√˚≤ª‘Ÿø…”√°£

During handling of the above exception, another exception occurred:

Traceback (most recent call last):
  File "F:\YilenaCode\Werewolf\ai_werewolf_core\core\event\bus.py", line 111, in _get_redis
    self._redis_client = await RedisClientManager.get_client()
                         ^^^^^^^^^^^^^^^^^^^^^^^^^^^^^^^^^^^^^
  File "F:\YilenaCode\Werewolf\ai_werewolf_core\utils\redis_client.py", line 128, in get_client
    await cls._client.ping()
  File "F:\py\Lib\site-packages\redis\asyncio\client.py", line 764, in execute_command
    conn = self.connection or await pool.get_connection()
                              ^^^^^^^^^^^^^^^^^^^^^^^^^^^
  File "F:\py\Lib\site-packages\redis\utils.py", line 227, in async_wrapper
    return await func(*args, **kwargs)
           ^^^^^^^^^^^^^^^^^^^^^^^^^^^
  File "F:\py\Lib\site-packages\redis\asyncio\connection.py", line 1351, in get_connection
    await self.ensure_connection(connection)
  File "F:\py\Lib\site-packages\redis\asyncio\connection.py", line 1390, in ensure_connection
    await connection.connect()
  File "F:\py\Lib\site-packages\redis\asyncio\connection.py", line 339, in connect
    await self.retry.call_with_retry(
    ...<7 lines>...
    )
  File "F:\py\Lib\site-packages\redis\asyncio\retry.py", line 81, in call_with_retry
    raise error
  File "F:\py\Lib\site-packages\redis\asyncio\retry.py", line 69, in call_with_retry
    return await do()
           ^^^^^^^^^^
  File "F:\py\Lib\site-packages\redis\asyncio\connection.py", line 403, in connect_check_health
    await self.on_connect_check_health(check_health=check_health)
  File "F:\py\Lib\site-packages\redis\asyncio\connection.py", line 560, in on_connect_check_health
    await self.read_response()
  File "F:\py\Lib\site-packages\redis\asyncio\connection.py", line 747, in read_response
    raise ConnectionError(f"Error while reading from {host_error} : {e.args}")
redis.exceptions.ConnectionError: Error while reading from 192.168.100.128:6379 : (22, '÷∏∂®µƒÕ¯¬Á√˚≤ª‘Ÿø…”√°£', None, 64, None)

The above exception was the direct cause of the following exception:

Traceback (most recent call last):
  File "F:\YilenaCode\Werewolf\ai_werewolf_core\core\event\bus.py", line 710, in clear
    redis = await self._get_redis()
            ^^^^^^^^^^^^^^^^^^^^^^^
  File "F:\YilenaCode\Werewolf\ai_werewolf_core\core\event\bus.py", line 114, in _get_redis
    raise RedisUnavailableException(
        "EventBus Œﬁ∑®ªÒ»° Redis øÕªß∂À"
    ) from e
ai_werewolf_core.utils.redis_seq.RedisUnavailableException: EventBus Œﬁ∑®ªÒ»° Redis øÕªß∂À
---------------------------- Captured log teardown ----------------------------
DEBUG    ai_werewolf_core.utils.redis_client:redis_client.py:243 {'max_connections': 300, 'socket_timeout': 10, 'event': 'Redis ¡¨Ω”≥ÿ“—¥¥Ω®', 'level': 'debug', 'logger': 'ai_werewolf_core.utils.redis_client', 'timestamp': '2026-05-14T21:34:35.838136+08:00'}
ERROR    ai_werewolf_core.utils.redis_client:redis_client.py:130 {'host': '192.168.100.128', 'port': 6379, 'error': "Error while reading from 192.168.100.128:6379 : (22, '÷∏∂®µƒÕ¯¬Á√˚≤ª‘Ÿø…”√°£', None, 64, None)", 'event': 'Redis ¡¨Ω”—È÷§ ß∞‹ (PING)', 'level': 'error', 'logger': 'ai_werewolf_core.utils.redis_client', 'timestamp': '2026-05-14T21:34:40.842667+08:00', 'exception': 'Traceback (most recent call last):\n  File "F:\\py\\Lib\\asyncio\\windows_events.py", line 463, in finish_socket_func\n    return ov.getresult()\n           ~~~~~~~~~~~~^^\nOSError: [WinError 64] ÷∏∂®µƒÕ¯¬Á√˚≤ª‘Ÿø…”√°£\n\nDuring handling of the above exception, another exception occurred:\n\nTraceback (most recent call last):\n  File "F:\\py\\Lib\\site-packages\\redis\\asyncio\\connection.py", line 725, in read_response\n    response = await self._parser.read_response(\n               ^^^^^^^^^^^^^^^^^^^^^^^^^^^^^^^^^\n        disable_decoding=disable_decoding\n        ^^^^^^^^^^^^^^^^^^^^^^^^^^^^^^^^^\n    )\n    ^\n  File "F:\\py\\Lib\\site-packages\\redis\\_parsers\\resp2.py", line 82, in read_response\n    response = await self._read_response(disable_decoding=disable_decoding)\n               ^^^^^^^^^^^^^^^^^^^^^^^^^^^^^^^^^^^^^^^^^^^^^^^^^^^^^^^^^^^^\n  File "F:\\py\\Lib\\site-packages\\redis\\_parsers\\resp2.py", line 90, in _read_response\n    raw = await self._readline()\n          ^^^^^^^^^^^^^^^^^^^^^^\n  File "F:\\py\\Lib\\site-packages\\redis\\_parsers\\base.py", line 559, in _readline\n    data = await self._stream.readline()\n           ^^^^^^^^^^^^^^^^^^^^^^^^^^^^^\n  File "F:\\py\\Lib\\asyncio\\streams.py", line 562, in readline\n    line = await self.readuntil(sep)\n           ^^^^^^^^^^^^^^^^^^^^^^^^^\n  File "F:\\py\\Lib\\asyncio\\streams.py", line 677, in readuntil\n    await self._wait_for_data(\'readuntil\')\n  File "F:\\py\\Lib\\asyncio\\streams.py", line 539, in _wait_for_data\n    await self._waiter\n  File "F:\\py\\Lib\\asyncio\\proactor_events.py", line 286, in _loop_reading\n    length = fut.result()\n  File "F:\\py\\Lib\\asyncio\\windows_events.py", line 804, in _poll\n    value = callback(transferred, key, ov)\n  File "F:\\py\\Lib\\asyncio\\windows_events.py", line 467, in finish_socket_func\n    raise ConnectionResetError(*exc.args)\nConnectionResetError: [WinError 64] ÷∏∂®µƒÕ¯¬Á√˚≤ª‘Ÿø…”√°£\n\nDuring handling of the above exception, another exception occurred:\n\nTraceback (most recent call last):\n  File "F:\\YilenaCode\\Werewolf\\ai_werewolf_core\\utils\\redis_client.py", line 128, in get_client\n    await cls._client.ping()\n  File "F:\\py\\Lib\\site-packages\\redis\\asyncio\\client.py", line 764, in execute_command\n    conn = self.connection or await pool.get_connection()\n                              ^^^^^^^^^^^^^^^^^^^^^^^^^^^\n  File "F:\\py\\Lib\\site-packages\\redis\\utils.py", line 227, in async_wrapper\n    return await func(*args, **kwargs)\n           ^^^^^^^^^^^^^^^^^^^^^^^^^^^\n  File "F:\\py\\Lib\\site-packages\\redis\\asyncio\\connection.py", line 1351, in get_connection\n    await self.ensure_connection(connection)\n  File "F:\\py\\Lib\\site-packages\\redis\\asyncio\\connection.py", line 1390, in ensure_connection\n    await connection.connect()\n  File "F:\\py\\Lib\\site-packages\\redis\\asyncio\\connection.py", line 339, in connect\n    await self.retry.call_with_retry(\n    ...<7 lines>...\n    )\n  File "F:\\py\\Lib\\site-packages\\redis\\asyncio\\retry.py", line 81, in call_with_retry\n    raise error\n  File "F:\\py\\Lib\\site-packages\\redis\\asyncio\\retry.py", line 69, in call_with_retry\n    return await do()\n           ^^^^^^^^^^\n  File "F:\\py\\Lib\\site-packages\\redis\\asyncio\\connection.py", line 403, in connect_check_health\n    await self.on_connect_check_health(check_health=check_health)\n  File "F:\\py\\Lib\\site-packages\\redis\\asyncio\\connection.py", line 560, in on_connect_check_health\n    await self.read_response()\n  File "F:\\py\\Lib\\site-packages\\redis\\asyncio\\connection.py", line 747, in read_response\n    raise ConnectionError(f"Error while reading from {host_error} : {e.args}")\nredis.exceptions.ConnectionError: Error while reading from 192.168.100.128:6379 : (22, \'÷∏∂®µƒÕ¯¬Á√˚≤ª‘Ÿø…”√°£\', None, 64, None)'}
ERROR    ai_werewolf_core.core.event.bus:bus.py:741 {'game_id': None, 'error': 'EventBus Œﬁ∑®ªÒ»° Redis øÕªß∂À', 'event': '«Â¿Ì ¬º˛ Stream “Ï≥£', 'level': 'error', 'logger': 'ai_werewolf_core.core.event.bus', 'timestamp': '2026-05-14T21:34:40.845316+08:00', 'exception': 'Traceback (most recent call last):\n  File "F:\\py\\Lib\\asyncio\\windows_events.py", line 463, in finish_socket_func\n    return ov.getresult()\n           ~~~~~~~~~~~~^^\nOSError: [WinError 64] ÷∏∂®µƒÕ¯¬Á√˚≤ª‘Ÿø…”√°£\n\nDuring handling of the above exception, another exception occurred:\n\nTraceback (most recent call last):\n  File "F:\\py\\Lib\\site-packages\\redis\\asyncio\\connection.py", line 725, in read_response\n    response = await self._parser.read_response(\n               ^^^^^^^^^^^^^^^^^^^^^^^^^^^^^^^^^\n        disable_decoding=disable_decoding\n        ^^^^^^^^^^^^^^^^^^^^^^^^^^^^^^^^^\n    )\n    ^\n  File "F:\\py\\Lib\\site-packages\\redis\\_parsers\\resp2.py", line 82, in read_response\n    response = await self._read_response(disable_decoding=disable_decoding)\n               ^^^^^^^^^^^^^^^^^^^^^^^^^^^^^^^^^^^^^^^^^^^^^^^^^^^^^^^^^^^^\n  File "F:\\py\\Lib\\site-packages\\redis\\_parsers\\resp2.py", line 90, in _read_response\n    raw = await self._readline()\n          ^^^^^^^^^^^^^^^^^^^^^^\n  File "F:\\py\\Lib\\site-packages\\redis\\_parsers\\base.py", line 559, in _readline\n    data = await self._stream.readline()\n           ^^^^^^^^^^^^^^^^^^^^^^^^^^^^^\n  File "F:\\py\\Lib\\asyncio\\streams.py", line 562, in readline\n    line = await self.readuntil(sep)\n           ^^^^^^^^^^^^^^^^^^^^^^^^^\n  File "F:\\py\\Lib\\asyncio\\streams.py", line 677, in readuntil\n    await self._wait_for_data(\'readuntil\')\n  File "F:\\py\\Lib\\asyncio\\streams.py", line 539, in _wait_for_data\n    await self._waiter\n  File "F:\\py\\Lib\\asyncio\\proactor_events.py", line 286, in _loop_reading\n    length = fut.result()\n  File "F:\\py\\Lib\\asyncio\\windows_events.py", line 804, in _poll\n    value = callback(transferred, key, ov)\n  File "F:\\py\\Lib\\asyncio\\windows_events.py", line 467, in finish_socket_func\n    raise ConnectionResetError(*exc.args)\nConnectionResetError: [WinError 64] ÷∏∂®µƒÕ¯¬Á√˚≤ª‘Ÿø…”√°£\n\nDuring handling of the above exception, another exception occurred:\n\nTraceback (most recent call last):\n  File "F:\\YilenaCode\\Werewolf\\ai_werewolf_core\\core\\event\\bus.py", line 111, in _get_redis\n    self._redis_client = await RedisClientManager.get_client()\n                         ^^^^^^^^^^^^^^^^^^^^^^^^^^^^^^^^^^^^^\n  File "F:\\YilenaCode\\Werewolf\\ai_werewolf_core\\utils\\redis_client.py", line 128, in get_client\n    await cls._client.ping()\n  File "F:\\py\\Lib\\site-packages\\redis\\asyncio\\client.py", line 764, in execute_command\n    conn = self.connection or await pool.get_connection()\n                              ^^^^^^^^^^^^^^^^^^^^^^^^^^^\n  File "F:\\py\\Lib\\site-packages\\redis\\utils.py", line 227, in async_wrapper\n    return await func(*args, **kwargs)\n           ^^^^^^^^^^^^^^^^^^^^^^^^^^^\n  File "F:\\py\\Lib\\site-packages\\redis\\asyncio\\connection.py", line 1351, in get_connection\n    await self.ensure_connection(connection)\n  File "F:\\py\\Lib\\site-packages\\redis\\asyncio\\connection.py", line 1390, in ensure_connection\n    await connection.connect()\n  File "F:\\py\\Lib\\site-packages\\redis\\asyncio\\connection.py", line 339, in connect\n    await self.retry.call_with_retry(\n    ...<7 lines>...\n    )\n  File "F:\\py\\Lib\\site-packages\\redis\\asyncio\\retry.py", line 81, in call_with_retry\n    raise error\n  File "F:\\py\\Lib\\site-packages\\redis\\asyncio\\retry.py", line 69, in call_with_retry\n    return await do()\n           ^^^^^^^^^^\n  File "F:\\py\\Lib\\site-packages\\redis\\asyncio\\connection.py", line 403, in connect_check_health\n    await self.on_connect_check_health(check_health=check_health)\n  File "F:\\py\\Lib\\site-packages\\redis\\asyncio\\connection.py", line 560, in on_connect_check_health\n    await self.read_response()\n  File "F:\\py\\Lib\\site-packages\\redis\\asyncio\\connection.py", line 747, in read_response\n    raise ConnectionError(f"Error while reading from {host_error} : {e.args}")\nredis.exceptions.ConnectionError: Error while reading from 192.168.100.128:6379 : (22, \'÷∏∂®µƒÕ¯¬Á√˚≤ª‘Ÿø…”√°£\', None, 64, None)\n\nThe above exception was the direct cause of the following exception:\n\nTraceback (most recent call last):\n  File "F:\\YilenaCode\\Werewolf\\ai_werewolf_core\\core\\event\\bus.py", line 710, in clear\n    redis = await self._get_redis()\n            ^^^^^^^^^^^^^^^^^^^^^^^\n  File "F:\\YilenaCode\\Werewolf\\ai_werewolf_core\\core\\event\\bus.py", line 114, in _get_redis\n    raise RedisUnavailableException(\n        "EventBus Œﬁ∑®ªÒ»° Redis øÕªß∂À"\n    ) from e\nai_werewolf_core.utils.redis_seq.RedisUnavailableException: EventBus Œﬁ∑®ªÒ»° Redis øÕªß∂À'}
___________________ TestAbortGame.test_abort_from_settling ____________________

trans = 0, key = 0, ov = <_overlapped.Overlapped object at 0x0000027C320BD3B0>

    @staticmethod
    def finish_socket_func(trans, key, ov):
        try:
>           return ov.getresult()
                   ^^^^^^^^^^^^^^
E           OSError: [WinError 64] ÷∏∂®µƒÕ¯¬Á√˚≤ª‘Ÿø…”√°£

F:\py\Lib\asyncio\windows_events.py:463: OSError

During handling of the above exception, another exception occurred:

self = <redis.asyncio.connection.Connection(host=192.168.100.128,port=6379,db=1)>
disable_decoding = False, timeout = None

    async def read_response(
        self,
        disable_decoding: bool = False,
        timeout: Optional[float] = None,
        *,
        disconnect_on_error: bool = True,
        push_request: Optional[bool] = False,
    ):
        """Read the response from a previously sent command"""
        read_timeout = timeout if timeout is not None else self.socket_timeout
        host_error = self._host_error()
        try:
            if read_timeout is not None and self.protocol in ["3", 3]:
                async with async_timeout(read_timeout):
                    response = await self._parser.read_response(
                        disable_decoding=disable_decoding, push_request=push_request
                    )
            elif read_timeout is not None:
                async with async_timeout(read_timeout):
>                   response = await self._parser.read_response(
                        disable_decoding=disable_decoding

F:\py\Lib\site-packages\redis\asyncio\connection.py:725: 
_ _ _ _ _ _ _ _ _ _ _ _ _ _ _ _ _ _ _ _ _ _ _ _ _ _ _ _ _ _ _ _ _ _ _ _ _ _ _ _
F:\py\Lib\site-packages\redis\_parsers\resp2.py:82: in read_response
    response = await self._read_response(disable_decoding=disable_decoding)
               ^^^^^^^^^^^^^^^^^^^^^^^^^^^^^^^^^^^^^^^^^^^^^^^^^^^^^^^^^^^^
F:\py\Lib\site-packages\redis\_parsers\resp2.py:90: in _read_response
    raw = await self._readline()
          ^^^^^^^^^^^^^^^^^^^^^^
F:\py\Lib\site-packages\redis\_parsers\base.py:559: in _readline
    data = await self._stream.readline()
           ^^^^^^^^^^^^^^^^^^^^^^^^^^^^^
F:\py\Lib\asyncio\streams.py:562: in readline
    line = await self.readuntil(sep)
           ^^^^^^^^^^^^^^^^^^^^^^^^^
F:\py\Lib\asyncio\streams.py:677: in readuntil
    await self._wait_for_data('readuntil')
F:\py\Lib\asyncio\streams.py:539: in _wait_for_data
    await self._waiter
F:\py\Lib\asyncio\proactor_events.py:286: in _loop_reading
    length = fut.result()
             ^^^^^^^^^^^^
F:\py\Lib\asyncio\windows_events.py:804: in _poll
    value = callback(transferred, key, ov)
            ^^^^^^^^^^^^^^^^^^^^^^^^^^^^^^
_ _ _ _ _ _ _ _ _ _ _ _ _ _ _ _ _ _ _ _ _ _ _ _ _ _ _ _ _ _ _ _ _ _ _ _ _ _ _ _

trans = 0, key = 0, ov = <_overlapped.Overlapped object at 0x0000027C320BD3B0>

    @staticmethod
    def finish_socket_func(trans, key, ov):
        try:
            return ov.getresult()
        except OSError as exc:
            if exc.winerror in (_overlapped.ERROR_NETNAME_DELETED,
                                _overlapped.ERROR_OPERATION_ABORTED):
>               raise ConnectionResetError(*exc.args)
E               ConnectionResetError: [WinError 64] ÷∏∂®µƒÕ¯¬Á√˚≤ª‘Ÿø…”√°£

F:\py\Lib\asyncio\windows_events.py:467: ConnectionResetError

During handling of the above exception, another exception occurred:

self = <ai_werewolf_core.core.engine.lifecycle.LifecycleManager object at 0x0000027C31F05D30>

    async def _get_redis(self) -> aioredis.Redis:
        """ªÒ»° Redis “Ï≤ΩøÕªß∂À£®¿¡≥ı ºªØ£¨π≤œÌ¡¨Ω”≥ÿ£©°£"""
        if self._redis is None:
            try:
>               self._redis = await RedisClientManager.get_client()
                              ^^^^^^^^^^^^^^^^^^^^^^^^^^^^^^^^^^^^^

ai_werewolf_core\core\engine\lifecycle.py:143: 
_ _ _ _ _ _ _ _ _ _ _ _ _ _ _ _ _ _ _ _ _ _ _ _ _ _ _ _ _ _ _ _ _ _ _ _ _ _ _ _
ai_werewolf_core\utils\redis_client.py:128: in get_client
    await cls._client.ping()
F:\py\Lib\site-packages\redis\asyncio\client.py:764: in execute_command
    conn = self.connection or await pool.get_connection()
                              ^^^^^^^^^^^^^^^^^^^^^^^^^^^
F:\py\Lib\site-packages\redis\utils.py:227: in async_wrapper
    return await func(*args, **kwargs)
           ^^^^^^^^^^^^^^^^^^^^^^^^^^^
F:\py\Lib\site-packages\redis\asyncio\connection.py:1351: in get_connection
    await self.ensure_connection(connection)
F:\py\Lib\site-packages\redis\asyncio\connection.py:1390: in ensure_connection
    await connection.connect()
F:\py\Lib\site-packages\redis\asyncio\connection.py:339: in connect
    await self.retry.call_with_retry(
F:\py\Lib\site-packages\redis\asyncio\retry.py:81: in call_with_retry
    raise error
F:\py\Lib\site-packages\redis\asyncio\retry.py:69: in call_with_retry
    return await do()
           ^^^^^^^^^^
F:\py\Lib\site-packages\redis\asyncio\connection.py:403: in connect_check_health
    await self.on_connect_check_health(check_health=check_health)
F:\py\Lib\site-packages\redis\asyncio\connection.py:560: in on_connect_check_health
    await self.read_response()
_ _ _ _ _ _ _ _ _ _ _ _ _ _ _ _ _ _ _ _ _ _ _ _ _ _ _ _ _ _ _ _ _ _ _ _ _ _ _ _

self = <redis.asyncio.connection.Connection(host=192.168.100.128,port=6379,db=1)>
disable_decoding = False, timeout = None

    async def read_response(
        self,
        disable_decoding: bool = False,
        timeout: Optional[float] = None,
        *,
        disconnect_on_error: bool = True,
        push_request: Optional[bool] = False,
    ):
        """Read the response from a previously sent command"""
        read_timeout = timeout if timeout is not None else self.socket_timeout
        host_error = self._host_error()
        try:
            if read_timeout is not None and self.protocol in ["3", 3]:
                async with async_timeout(read_timeout):
                    response = await self._parser.read_response(
                        disable_decoding=disable_decoding, push_request=push_request
                    )
            elif read_timeout is not None:
                async with async_timeout(read_timeout):
                    response = await self._parser.read_response(
                        disable_decoding=disable_decoding
                    )
            elif self.protocol in ["3", 3]:
                response = await self._parser.read_response(
                    disable_decoding=disable_decoding, push_request=push_request
                )
            else:
                response = await self._parser.read_response(
                    disable_decoding=disable_decoding
                )
        except asyncio.TimeoutError:
            if timeout is not None:
                # user requested timeout, return None. Operation can be retried
                return None
            # it was a self.socket_timeout error.
            if disconnect_on_error:
                await self.disconnect(nowait=True)
            raise TimeoutError(f"Timeout reading from {host_error}")
        except OSError as e:
            if disconnect_on_error:
                await self.disconnect(nowait=True)
>           raise ConnectionError(f"Error while reading from {host_error} : {e.args}")
E           redis.exceptions.ConnectionError: Error while reading from 192.168.100.128:6379 : (22, '÷∏∂®µƒÕ¯¬Á√˚≤ª‘Ÿø…”√°£', None, 64, None)

F:\py\Lib\site-packages\redis\asyncio\connection.py:747: ConnectionError

The above exception was the direct cause of the following exception:

self = <test_lifecycle.TestAbortGame object at 0x0000027C303D6B10>
lifecycle = <ai_werewolf_core.core.engine.lifecycle.LifecycleManager object at 0x0000027C31F05D30>

    @pytest.mark.asyncio
    async def test_abort_from_settling(self, lifecycle):
        """
        ¥” SETTLING ◊¥Ã¨÷–÷π°£
    
        Ã· æ: ”…”⁄ end_game ƒ⁄≤ø◊‘∂ØÕÍ≥… SETTLING->FINISHED£¨
        Œ“√«Õ®π˝÷±Ω”≤Ÿ◊˜ƒ⁄≤ø◊¥Ã¨¿¥ƒ£ƒ‚ SETTLING ◊¥Ã¨°£
        """
>       await lifecycle.init_game()

tests\unit\core\engine\test_lifecycle.py:320: 
_ _ _ _ _ _ _ _ _ _ _ _ _ _ _ _ _ _ _ _ _ _ _ _ _ _ _ _ _ _ _ _ _ _ _ _ _ _ _ _
ai_werewolf_core\core\engine\lifecycle.py:420: in init_game
    current_status = await self.get_status()
                     ^^^^^^^^^^^^^^^^^^^^^^^
ai_werewolf_core\core\engine\lifecycle.py:262: in get_status
    status = await self._get_status_from_redis()
             ^^^^^^^^^^^^^^^^^^^^^^^^^^^^^^^^^^^
ai_werewolf_core\core\engine\lifecycle.py:167: in _get_status_from_redis
    redis = await self._get_redis()
            ^^^^^^^^^^^^^^^^^^^^^^^
_ _ _ _ _ _ _ _ _ _ _ _ _ _ _ _ _ _ _ _ _ _ _ _ _ _ _ _ _ _ _ _ _ _ _ _ _ _ _ _

self = <ai_werewolf_core.core.engine.lifecycle.LifecycleManager object at 0x0000027C31F05D30>

    async def _get_redis(self) -> aioredis.Redis:
        """ªÒ»° Redis “Ï≤ΩøÕªß∂À£®¿¡≥ı ºªØ£¨π≤œÌ¡¨Ω”≥ÿ£©°£"""
        if self._redis is None:
            try:
                self._redis = await RedisClientManager.get_client()
                self._logger.debug("LifecycleManager “—ªÒ»°π≤œÌ Redis øÕªß∂À")
            except (aioredis.ConnectionError, aioredis.TimeoutError) as e:
>               raise RedisUnavailableException(
                    f"LifecycleManager Œﬁ∑®ªÒ»° Redis øÕªß∂À: game_id={self.game_id}"
                ) from e
E               ai_werewolf_core.utils.redis_seq.RedisUnavailableException: LifecycleManager Œﬁ∑®ªÒ»° Redis øÕªß∂À: game_id=test_lifecycle_ca5c84691f064e9d9da7c0de0d835672

ai_werewolf_core\core\engine\lifecycle.py:146: RedisUnavailableException
---------------------------- Captured stderr setup ----------------------------
[2m2026-05-14T21:34:40.847931+08:00[0m [[32m[1mdebug    [0m] [1mglobal_subscribe              [0m [[0m[1m[34mai_werewolf_core.core.event.bus[0m][0m [36mhandler[0m=[35m_default_log_subscriber[0m
[2m2026-05-14T21:34:40.848051+08:00[0m [[32m[1mdebug    [0m] [1mglobal_subscribe              [0m [[0m[1m[34mai_werewolf_core.core.event.bus[0m][0m [36mhandler[0m=[35m_persist_to_db[0m
----------------------------- Captured log setup ------------------------------
DEBUG    ai_werewolf_core.core.event.bus:bus.py:519 {'handler': '_default_log_subscriber', 'event': 'global_subscribe', 'level': 'debug', 'logger': 'ai_werewolf_core.core.event.bus', 'timestamp': '2026-05-14T21:34:40.847931+08:00'}
DEBUG    ai_werewolf_core.core.event.bus:bus.py:519 {'handler': '_persist_to_db', 'event': 'global_subscribe', 'level': 'debug', 'logger': 'ai_werewolf_core.core.event.bus', 'timestamp': '2026-05-14T21:34:40.848051+08:00'}
---------------------------- Captured stderr call -----------------------------
[2m2026-05-14T21:34:40.848616+08:00[0m [[32m[1minfo     [0m] [1mgame_init                     [0m [[0m[1m[34mai_werewolf_core.core.engine.lifecycle[0m][0m [36mgame_id[0m=[35mtest_lifecycle_ca5c84691f064e9d9da7c0de0d835672[0m [36mmodule[0m=[35mLifecycleManager[0m
[2m2026-05-14T21:34:40.848743+08:00[0m [[32m[1mdebug    [0m] [1mRedis ¡¨Ω”≥ÿ“—¥¥Ω®                  [0m [[0m[1m[34mai_werewolf_core.utils.redis_client[0m][0m [36mmax_connections[0m=[35m300[0m [36msocket_timeout[0m=[35m10[0m
[2m2026-05-14T21:34:45.851632+08:00[0m [[31m[1merror    [0m] [1mRedis ¡¨Ω”—È÷§ ß∞‹ (PING)           [0m [[0m[1m[34mai_werewolf_core.utils.redis_client[0m][0m [36merror[0m=[35m"Error while reading from 192.168.100.128:6379 : (22, '÷∏∂®µƒÕ¯¬Á√˚≤ª‘Ÿø…”√°£', None, 64, None)"[0m [36mhost[0m=[35m192.168.100.128[0m [36mport[0m=[35m6379[0m
Traceback (most recent call last):
  File "F:\py\Lib\asyncio\windows_events.py", line 463, in finish_socket_func
    return ov.getresult()
           ~~~~~~~~~~~~^^
OSError: [WinError 64] ÷∏∂®µƒÕ¯¬Á√˚≤ª‘Ÿø…”√°£

During handling of the above exception, another exception occurred:

Traceback (most recent call last):
  File "F:\py\Lib\site-packages\redis\asyncio\connection.py", line 725, in read_response
    response = await self._parser.read_response(
               ^^^^^^^^^^^^^^^^^^^^^^^^^^^^^^^^^
        disable_decoding=disable_decoding
        ^^^^^^^^^^^^^^^^^^^^^^^^^^^^^^^^^
    )
    ^
  File "F:\py\Lib\site-packages\redis\_parsers\resp2.py", line 82, in read_response
    response = await self._read_response(disable_decoding=disable_decoding)
               ^^^^^^^^^^^^^^^^^^^^^^^^^^^^^^^^^^^^^^^^^^^^^^^^^^^^^^^^^^^^
  File "F:\py\Lib\site-packages\redis\_parsers\resp2.py", line 90, in _read_response
    raw = await self._readline()
          ^^^^^^^^^^^^^^^^^^^^^^
  File "F:\py\Lib\site-packages\redis\_parsers\base.py", line 559, in _readline
    data = await self._stream.readline()
           ^^^^^^^^^^^^^^^^^^^^^^^^^^^^^
  File "F:\py\Lib\asyncio\streams.py", line 562, in readline
    line = await self.readuntil(sep)
           ^^^^^^^^^^^^^^^^^^^^^^^^^
  File "F:\py\Lib\asyncio\streams.py", line 677, in readuntil
    await self._wait_for_data('readuntil')
  File "F:\py\Lib\asyncio\streams.py", line 539, in _wait_for_data
    await self._waiter
  File "F:\py\Lib\asyncio\proactor_events.py", line 286, in _loop_reading
    length = fut.result()
  File "F:\py\Lib\asyncio\windows_events.py", line 804, in _poll
    value = callback(transferred, key, ov)
  File "F:\py\Lib\asyncio\windows_events.py", line 467, in finish_socket_func
    raise ConnectionResetError(*exc.args)
ConnectionResetError: [WinError 64] ÷∏∂®µƒÕ¯¬Á√˚≤ª‘Ÿø…”√°£

During handling of the above exception, another exception occurred:

Traceback (most recent call last):
  File "F:\YilenaCode\Werewolf\ai_werewolf_core\utils\redis_client.py", line 128, in get_client
    await cls._client.ping()
  File "F:\py\Lib\site-packages\redis\asyncio\client.py", line 764, in execute_command
    conn = self.connection or await pool.get_connection()
                              ^^^^^^^^^^^^^^^^^^^^^^^^^^^
  File "F:\py\Lib\site-packages\redis\utils.py", line 227, in async_wrapper
    return await func(*args, **kwargs)
           ^^^^^^^^^^^^^^^^^^^^^^^^^^^
  File "F:\py\Lib\site-packages\redis\asyncio\connection.py", line 1351, in get_connection
    await self.ensure_connection(connection)
  File "F:\py\Lib\site-packages\redis\asyncio\connection.py", line 1390, in ensure_connection
    await connection.connect()
  File "F:\py\Lib\site-packages\redis\asyncio\connection.py", line 339, in connect
    await self.retry.call_with_retry(
    ...<7 lines>...
    )
  File "F:\py\Lib\site-packages\redis\asyncio\retry.py", line 81, in call_with_retry
    raise error
  File "F:\py\Lib\site-packages\redis\asyncio\retry.py", line 69, in call_with_retry
    return await do()
           ^^^^^^^^^^
  File "F:\py\Lib\site-packages\redis\asyncio\connection.py", line 403, in connect_check_health
    await self.on_connect_check_health(check_health=check_health)
  File "F:\py\Lib\site-packages\redis\asyncio\connection.py", line 560, in on_connect_check_health
    await self.read_response()
  File "F:\py\Lib\site-packages\redis\asyncio\connection.py", line 747, in read_response
    raise ConnectionError(f"Error while reading from {host_error} : {e.args}")
redis.exceptions.ConnectionError: Error while reading from 192.168.100.128:6379 : (22, '÷∏∂®µƒÕ¯¬Á√˚≤ª‘Ÿø…”√°£', None, 64, None)
------------------------------ Captured log call ------------------------------
INFO     ai_werewolf_core.core.engine.lifecycle:lifecycle.py:418 {'game_id': 'test_lifecycle_ca5c84691f064e9d9da7c0de0d835672', 'module': 'LifecycleManager', 'event': 'game_init', 'level': 'info', 'logger': 'ai_werewolf_core.core.engine.lifecycle', 'timestamp': '2026-05-14T21:34:40.848616+08:00'}
DEBUG    ai_werewolf_core.utils.redis_client:redis_client.py:243 {'max_connections': 300, 'socket_timeout': 10, 'event': 'Redis ¡¨Ω”≥ÿ“—¥¥Ω®', 'level': 'debug', 'logger': 'ai_werewolf_core.utils.redis_client', 'timestamp': '2026-05-14T21:34:40.848743+08:00'}
ERROR    ai_werewolf_core.utils.redis_client:redis_client.py:130 {'host': '192.168.100.128', 'port': 6379, 'error': "Error while reading from 192.168.100.128:6379 : (22, '÷∏∂®µƒÕ¯¬Á√˚≤ª‘Ÿø…”√°£', None, 64, None)", 'event': 'Redis ¡¨Ω”—È÷§ ß∞‹ (PING)', 'level': 'error', 'logger': 'ai_werewolf_core.utils.redis_client', 'timestamp': '2026-05-14T21:34:45.851632+08:00', 'exception': 'Traceback (most recent call last):\n  File "F:\\py\\Lib\\asyncio\\windows_events.py", line 463, in finish_socket_func\n    return ov.getresult()\n           ~~~~~~~~~~~~^^\nOSError: [WinError 64] ÷∏∂®µƒÕ¯¬Á√˚≤ª‘Ÿø…”√°£\n\nDuring handling of the above exception, another exception occurred:\n\nTraceback (most recent call last):\n  File "F:\\py\\Lib\\site-packages\\redis\\asyncio\\connection.py", line 725, in read_response\n    response = await self._parser.read_response(\n               ^^^^^^^^^^^^^^^^^^^^^^^^^^^^^^^^^\n        disable_decoding=disable_decoding\n        ^^^^^^^^^^^^^^^^^^^^^^^^^^^^^^^^^\n    )\n    ^\n  File "F:\\py\\Lib\\site-packages\\redis\\_parsers\\resp2.py", line 82, in read_response\n    response = await self._read_response(disable_decoding=disable_decoding)\n               ^^^^^^^^^^^^^^^^^^^^^^^^^^^^^^^^^^^^^^^^^^^^^^^^^^^^^^^^^^^^\n  File "F:\\py\\Lib\\site-packages\\redis\\_parsers\\resp2.py", line 90, in _read_response\n    raw = await self._readline()\n          ^^^^^^^^^^^^^^^^^^^^^^\n  File "F:\\py\\Lib\\site-packages\\redis\\_parsers\\base.py", line 559, in _readline\n    data = await self._stream.readline()\n           ^^^^^^^^^^^^^^^^^^^^^^^^^^^^^\n  File "F:\\py\\Lib\\asyncio\\streams.py", line 562, in readline\n    line = await self.readuntil(sep)\n           ^^^^^^^^^^^^^^^^^^^^^^^^^\n  File "F:\\py\\Lib\\asyncio\\streams.py", line 677, in readuntil\n    await self._wait_for_data(\'readuntil\')\n  File "F:\\py\\Lib\\asyncio\\streams.py", line 539, in _wait_for_data\n    await self._waiter\n  File "F:\\py\\Lib\\asyncio\\proactor_events.py", line 286, in _loop_reading\n    length = fut.result()\n  File "F:\\py\\Lib\\asyncio\\windows_events.py", line 804, in _poll\n    value = callback(transferred, key, ov)\n  File "F:\\py\\Lib\\asyncio\\windows_events.py", line 467, in finish_socket_func\n    raise ConnectionResetError(*exc.args)\nConnectionResetError: [WinError 64] ÷∏∂®µƒÕ¯¬Á√˚≤ª‘Ÿø…”√°£\n\nDuring handling of the above exception, another exception occurred:\n\nTraceback (most recent call last):\n  File "F:\\YilenaCode\\Werewolf\\ai_werewolf_core\\utils\\redis_client.py", line 128, in get_client\n    await cls._client.ping()\n  File "F:\\py\\Lib\\site-packages\\redis\\asyncio\\client.py", line 764, in execute_command\n    conn = self.connection or await pool.get_connection()\n                              ^^^^^^^^^^^^^^^^^^^^^^^^^^^\n  File "F:\\py\\Lib\\site-packages\\redis\\utils.py", line 227, in async_wrapper\n    return await func(*args, **kwargs)\n           ^^^^^^^^^^^^^^^^^^^^^^^^^^^\n  File "F:\\py\\Lib\\site-packages\\redis\\asyncio\\connection.py", line 1351, in get_connection\n    await self.ensure_connection(connection)\n  File "F:\\py\\Lib\\site-packages\\redis\\asyncio\\connection.py", line 1390, in ensure_connection\n    await connection.connect()\n  File "F:\\py\\Lib\\site-packages\\redis\\asyncio\\connection.py", line 339, in connect\n    await self.retry.call_with_retry(\n    ...<7 lines>...\n    )\n  File "F:\\py\\Lib\\site-packages\\redis\\asyncio\\retry.py", line 81, in call_with_retry\n    raise error\n  File "F:\\py\\Lib\\site-packages\\redis\\asyncio\\retry.py", line 69, in call_with_retry\n    return await do()\n           ^^^^^^^^^^\n  File "F:\\py\\Lib\\site-packages\\redis\\asyncio\\connection.py", line 403, in connect_check_health\n    await self.on_connect_check_health(check_health=check_health)\n  File "F:\\py\\Lib\\site-packages\\redis\\asyncio\\connection.py", line 560, in on_connect_check_health\n    await self.read_response()\n  File "F:\\py\\Lib\\site-packages\\redis\\asyncio\\connection.py", line 747, in read_response\n    raise ConnectionError(f"Error while reading from {host_error} : {e.args}")\nredis.exceptions.ConnectionError: Error while reading from 192.168.100.128:6379 : (22, \'÷∏∂®µƒÕ¯¬Á√˚≤ª‘Ÿø…”√°£\', None, 64, None)'}
-------------------------- Captured stderr teardown ---------------------------
[2m2026-05-14T21:34:46.002887+08:00[0m [[32m[1mdebug    [0m] [1mRedis ¡¨Ω”≥ÿ“—¥¥Ω®                  [0m [[0m[1m[34mai_werewolf_core.utils.redis_client[0m][0m [36mmax_connections[0m=[35m300[0m [36msocket_timeout[0m=[35m10[0m
[2m2026-05-14T21:34:51.007009+08:00[0m [[31m[1merror    [0m] [1mRedis ¡¨Ω”—È÷§ ß∞‹ (PING)           [0m [[0m[1m[34mai_werewolf_core.utils.redis_client[0m][0m [36merror[0m=[35m"Error while reading from 192.168.100.128:6379 : (22, '÷∏∂®µƒÕ¯¬Á√˚≤ª‘Ÿø…”√°£', None, 64, None)"[0m [36mhost[0m=[35m192.168.100.128[0m [36mport[0m=[35m6379[0m
Traceback (most recent call last):
  File "F:\py\Lib\asyncio\windows_events.py", line 463, in finish_socket_func
    return ov.getresult()
           ~~~~~~~~~~~~^^
OSError: [WinError 64] ÷∏∂®µƒÕ¯¬Á√˚≤ª‘Ÿø…”√°£

During handling of the above exception, another exception occurred:

Traceback (most recent call last):
  File "F:\py\Lib\site-packages\redis\asyncio\connection.py", line 725, in read_response
    response = await self._parser.read_response(
               ^^^^^^^^^^^^^^^^^^^^^^^^^^^^^^^^^
        disable_decoding=disable_decoding
        ^^^^^^^^^^^^^^^^^^^^^^^^^^^^^^^^^
    )
    ^
  File "F:\py\Lib\site-packages\redis\_parsers\resp2.py", line 82, in read_response
    response = await self._read_response(disable_decoding=disable_decoding)
               ^^^^^^^^^^^^^^^^^^^^^^^^^^^^^^^^^^^^^^^^^^^^^^^^^^^^^^^^^^^^
  File "F:\py\Lib\site-packages\redis\_parsers\resp2.py", line 90, in _read_response
    raw = await self._readline()
          ^^^^^^^^^^^^^^^^^^^^^^
  File "F:\py\Lib\site-packages\redis\_parsers\base.py", line 559, in _readline
    data = await self._stream.readline()
           ^^^^^^^^^^^^^^^^^^^^^^^^^^^^^
  File "F:\py\Lib\asyncio\streams.py", line 562, in readline
    line = await self.readuntil(sep)
           ^^^^^^^^^^^^^^^^^^^^^^^^^
  File "F:\py\Lib\asyncio\streams.py", line 677, in readuntil
    await self._wait_for_data('readuntil')
  File "F:\py\Lib\asyncio\streams.py", line 539, in _wait_for_data
    await self._waiter
  File "F:\py\Lib\asyncio\proactor_events.py", line 286, in _loop_reading
    length = fut.result()
  File "F:\py\Lib\asyncio\windows_events.py", line 804, in _poll
    value = callback(transferred, key, ov)
  File "F:\py\Lib\asyncio\windows_events.py", line 467, in finish_socket_func
    raise ConnectionResetError(*exc.args)
ConnectionResetError: [WinError 64] ÷∏∂®µƒÕ¯¬Á√˚≤ª‘Ÿø…”√°£

During handling of the above exception, another exception occurred:

Traceback (most recent call last):
  File "F:\YilenaCode\Werewolf\ai_werewolf_core\utils\redis_client.py", line 128, in get_client
    await cls._client.ping()
  File "F:\py\Lib\site-packages\redis\asyncio\client.py", line 764, in execute_command
    conn = self.connection or await pool.get_connection()
                              ^^^^^^^^^^^^^^^^^^^^^^^^^^^
  File "F:\py\Lib\site-packages\redis\utils.py", line 227, in async_wrapper
    return await func(*args, **kwargs)
           ^^^^^^^^^^^^^^^^^^^^^^^^^^^
  File "F:\py\Lib\site-packages\redis\asyncio\connection.py", line 1351, in get_connection
    await self.ensure_connection(connection)
  File "F:\py\Lib\site-packages\redis\asyncio\connection.py", line 1390, in ensure_connection
    await connection.connect()
  File "F:\py\Lib\site-packages\redis\asyncio\connection.py", line 339, in connect
    await self.retry.call_with_retry(
    ...<7 lines>...
    )
  File "F:\py\Lib\site-packages\redis\asyncio\retry.py", line 81, in call_with_retry
    raise error
  File "F:\py\Lib\site-packages\redis\asyncio\retry.py", line 69, in call_with_retry
    return await do()
           ^^^^^^^^^^
  File "F:\py\Lib\site-packages\redis\asyncio\connection.py", line 403, in connect_check_health
    await self.on_connect_check_health(check_health=check_health)
  File "F:\py\Lib\site-packages\redis\asyncio\connection.py", line 560, in on_connect_check_health
    await self.read_response()
  File "F:\py\Lib\site-packages\redis\asyncio\connection.py", line 747, in read_response
    raise ConnectionError(f"Error while reading from {host_error} : {e.args}")
redis.exceptions.ConnectionError: Error while reading from 192.168.100.128:6379 : (22, '÷∏∂®µƒÕ¯¬Á√˚≤ª‘Ÿø…”√°£', None, 64, None)
[2m2026-05-14T21:34:51.009090+08:00[0m [[31m[1merror    [0m] [1m«Â¿Ì ¬º˛ Stream “Ï≥£                [0m [[0m[1m[34mai_werewolf_core.core.event.bus[0m][0m [36merror[0m=[35m'EventBus Œﬁ∑®ªÒ»° Redis øÕªß∂À'[0m [36mgame_id[0m=[35mNone[0m
Traceback (most recent call last):
  File "F:\py\Lib\asyncio\windows_events.py", line 463, in finish_socket_func
    return ov.getresult()
           ~~~~~~~~~~~~^^
OSError: [WinError 64] ÷∏∂®µƒÕ¯¬Á√˚≤ª‘Ÿø…”√°£

During handling of the above exception, another exception occurred:

Traceback (most recent call last):
  File "F:\py\Lib\site-packages\redis\asyncio\connection.py", line 725, in read_response
    response = await self._parser.read_response(
               ^^^^^^^^^^^^^^^^^^^^^^^^^^^^^^^^^
        disable_decoding=disable_decoding
        ^^^^^^^^^^^^^^^^^^^^^^^^^^^^^^^^^
    )
    ^
  File "F:\py\Lib\site-packages\redis\_parsers\resp2.py", line 82, in read_response
    response = await self._read_response(disable_decoding=disable_decoding)
               ^^^^^^^^^^^^^^^^^^^^^^^^^^^^^^^^^^^^^^^^^^^^^^^^^^^^^^^^^^^^
  File "F:\py\Lib\site-packages\redis\_parsers\resp2.py", line 90, in _read_response
    raw = await self._readline()
          ^^^^^^^^^^^^^^^^^^^^^^
  File "F:\py\Lib\site-packages\redis\_parsers\base.py", line 559, in _readline
    data = await self._stream.readline()
           ^^^^^^^^^^^^^^^^^^^^^^^^^^^^^
  File "F:\py\Lib\asyncio\streams.py", line 562, in readline
    line = await self.readuntil(sep)
           ^^^^^^^^^^^^^^^^^^^^^^^^^
  File "F:\py\Lib\asyncio\streams.py", line 677, in readuntil
    await self._wait_for_data('readuntil')
  File "F:\py\Lib\asyncio\streams.py", line 539, in _wait_for_data
    await self._waiter
  File "F:\py\Lib\asyncio\proactor_events.py", line 286, in _loop_reading
    length = fut.result()
  File "F:\py\Lib\asyncio\windows_events.py", line 804, in _poll
    value = callback(transferred, key, ov)
  File "F:\py\Lib\asyncio\windows_events.py", line 467, in finish_socket_func
    raise ConnectionResetError(*exc.args)
ConnectionResetError: [WinError 64] ÷∏∂®µƒÕ¯¬Á√˚≤ª‘Ÿø…”√°£

During handling of the above exception, another exception occurred:

Traceback (most recent call last):
  File "F:\YilenaCode\Werewolf\ai_werewolf_core\core\event\bus.py", line 111, in _get_redis
    self._redis_client = await RedisClientManager.get_client()
                         ^^^^^^^^^^^^^^^^^^^^^^^^^^^^^^^^^^^^^
  File "F:\YilenaCode\Werewolf\ai_werewolf_core\utils\redis_client.py", line 128, in get_client
    await cls._client.ping()
  File "F:\py\Lib\site-packages\redis\asyncio\client.py", line 764, in execute_command
    conn = self.connection or await pool.get_connection()
                              ^^^^^^^^^^^^^^^^^^^^^^^^^^^
  File "F:\py\Lib\site-packages\redis\utils.py", line 227, in async_wrapper
    return await func(*args, **kwargs)
           ^^^^^^^^^^^^^^^^^^^^^^^^^^^
  File "F:\py\Lib\site-packages\redis\asyncio\connection.py", line 1351, in get_connection
    await self.ensure_connection(connection)
  File "F:\py\Lib\site-packages\redis\asyncio\connection.py", line 1390, in ensure_connection
    await connection.connect()
  File "F:\py\Lib\site-packages\redis\asyncio\connection.py", line 339, in connect
    await self.retry.call_with_retry(
    ...<7 lines>...
    )
  File "F:\py\Lib\site-packages\redis\asyncio\retry.py", line 81, in call_with_retry
    raise error
  File "F:\py\Lib\site-packages\redis\asyncio\retry.py", line 69, in call_with_retry
    return await do()
           ^^^^^^^^^^
  File "F:\py\Lib\site-packages\redis\asyncio\connection.py", line 403, in connect_check_health
    await self.on_connect_check_health(check_health=check_health)
  File "F:\py\Lib\site-packages\redis\asyncio\connection.py", line 560, in on_connect_check_health
    await self.read_response()
  File "F:\py\Lib\site-packages\redis\asyncio\connection.py", line 747, in read_response
    raise ConnectionError(f"Error while reading from {host_error} : {e.args}")
redis.exceptions.ConnectionError: Error while reading from 192.168.100.128:6379 : (22, '÷∏∂®µƒÕ¯¬Á√˚≤ª‘Ÿø…”√°£', None, 64, None)

The above exception was the direct cause of the following exception:

Traceback (most recent call last):
  File "F:\YilenaCode\Werewolf\ai_werewolf_core\core\event\bus.py", line 710, in clear
    redis = await self._get_redis()
            ^^^^^^^^^^^^^^^^^^^^^^^
  File "F:\YilenaCode\Werewolf\ai_werewolf_core\core\event\bus.py", line 114, in _get_redis
    raise RedisUnavailableException(
        "EventBus Œﬁ∑®ªÒ»° Redis øÕªß∂À"
    ) from e
ai_werewolf_core.utils.redis_seq.RedisUnavailableException: EventBus Œﬁ∑®ªÒ»° Redis øÕªß∂À
---------------------------- Captured log teardown ----------------------------
DEBUG    ai_werewolf_core.utils.redis_client:redis_client.py:243 {'max_connections': 300, 'socket_timeout': 10, 'event': 'Redis ¡¨Ω”≥ÿ“—¥¥Ω®', 'level': 'debug', 'logger': 'ai_werewolf_core.utils.redis_client', 'timestamp': '2026-05-14T21:34:46.002887+08:00'}
ERROR    ai_werewolf_core.utils.redis_client:redis_client.py:130 {'host': '192.168.100.128', 'port': 6379, 'error': "Error while reading from 192.168.100.128:6379 : (22, '÷∏∂®µƒÕ¯¬Á√˚≤ª‘Ÿø…”√°£', None, 64, None)", 'event': 'Redis ¡¨Ω”—È÷§ ß∞‹ (PING)', 'level': 'error', 'logger': 'ai_werewolf_core.utils.redis_client', 'timestamp': '2026-05-14T21:34:51.007009+08:00', 'exception': 'Traceback (most recent call last):\n  File "F:\\py\\Lib\\asyncio\\windows_events.py", line 463, in finish_socket_func\n    return ov.getresult()\n           ~~~~~~~~~~~~^^\nOSError: [WinError 64] ÷∏∂®µƒÕ¯¬Á√˚≤ª‘Ÿø…”√°£\n\nDuring handling of the above exception, another exception occurred:\n\nTraceback (most recent call last):\n  File "F:\\py\\Lib\\site-packages\\redis\\asyncio\\connection.py", line 725, in read_response\n    response = await self._parser.read_response(\n               ^^^^^^^^^^^^^^^^^^^^^^^^^^^^^^^^^\n        disable_decoding=disable_decoding\n        ^^^^^^^^^^^^^^^^^^^^^^^^^^^^^^^^^\n    )\n    ^\n  File "F:\\py\\Lib\\site-packages\\redis\\_parsers\\resp2.py", line 82, in read_response\n    response = await self._read_response(disable_decoding=disable_decoding)\n               ^^^^^^^^^^^^^^^^^^^^^^^^^^^^^^^^^^^^^^^^^^^^^^^^^^^^^^^^^^^^\n  File "F:\\py\\Lib\\site-packages\\redis\\_parsers\\resp2.py", line 90, in _read_response\n    raw = await self._readline()\n          ^^^^^^^^^^^^^^^^^^^^^^\n  File "F:\\py\\Lib\\site-packages\\redis\\_parsers\\base.py", line 559, in _readline\n    data = await self._stream.readline()\n           ^^^^^^^^^^^^^^^^^^^^^^^^^^^^^\n  File "F:\\py\\Lib\\asyncio\\streams.py", line 562, in readline\n    line = await self.readuntil(sep)\n           ^^^^^^^^^^^^^^^^^^^^^^^^^\n  File "F:\\py\\Lib\\asyncio\\streams.py", line 677, in readuntil\n    await self._wait_for_data(\'readuntil\')\n  File "F:\\py\\Lib\\asyncio\\streams.py", line 539, in _wait_for_data\n    await self._waiter\n  File "F:\\py\\Lib\\asyncio\\proactor_events.py", line 286, in _loop_reading\n    length = fut.result()\n  File "F:\\py\\Lib\\asyncio\\windows_events.py", line 804, in _poll\n    value = callback(transferred, key, ov)\n  File "F:\\py\\Lib\\asyncio\\windows_events.py", line 467, in finish_socket_func\n    raise ConnectionResetError(*exc.args)\nConnectionResetError: [WinError 64] ÷∏∂®µƒÕ¯¬Á√˚≤ª‘Ÿø…”√°£\n\nDuring handling of the above exception, another exception occurred:\n\nTraceback (most recent call last):\n  File "F:\\YilenaCode\\Werewolf\\ai_werewolf_core\\utils\\redis_client.py", line 128, in get_client\n    await cls._client.ping()\n  File "F:\\py\\Lib\\site-packages\\redis\\asyncio\\client.py", line 764, in execute_command\n    conn = self.connection or await pool.get_connection()\n                              ^^^^^^^^^^^^^^^^^^^^^^^^^^^\n  File "F:\\py\\Lib\\site-packages\\redis\\utils.py", line 227, in async_wrapper\n    return await func(*args, **kwargs)\n           ^^^^^^^^^^^^^^^^^^^^^^^^^^^\n  File "F:\\py\\Lib\\site-packages\\redis\\asyncio\\connection.py", line 1351, in get_connection\n    await self.ensure_connection(connection)\n  File "F:\\py\\Lib\\site-packages\\redis\\asyncio\\connection.py", line 1390, in ensure_connection\n    await connection.connect()\n  File "F:\\py\\Lib\\site-packages\\redis\\asyncio\\connection.py", line 339, in connect\n    await self.retry.call_with_retry(\n    ...<7 lines>...\n    )\n  File "F:\\py\\Lib\\site-packages\\redis\\asyncio\\retry.py", line 81, in call_with_retry\n    raise error\n  File "F:\\py\\Lib\\site-packages\\redis\\asyncio\\retry.py", line 69, in call_with_retry\n    return await do()\n           ^^^^^^^^^^\n  File "F:\\py\\Lib\\site-packages\\redis\\asyncio\\connection.py", line 403, in connect_check_health\n    await self.on_connect_check_health(check_health=check_health)\n  File "F:\\py\\Lib\\site-packages\\redis\\asyncio\\connection.py", line 560, in on_connect_check_health\n    await self.read_response()\n  File "F:\\py\\Lib\\site-packages\\redis\\asyncio\\connection.py", line 747, in read_response\n    raise ConnectionError(f"Error while reading from {host_error} : {e.args}")\nredis.exceptions.ConnectionError: Error while reading from 192.168.100.128:6379 : (22, \'÷∏∂®µƒÕ¯¬Á√˚≤ª‘Ÿø…”√°£\', None, 64, None)'}
ERROR    ai_werewolf_core.core.event.bus:bus.py:741 {'game_id': None, 'error': 'EventBus Œﬁ∑®ªÒ»° Redis øÕªß∂À', 'event': '«Â¿Ì ¬º˛ Stream “Ï≥£', 'level': 'error', 'logger': 'ai_werewolf_core.core.event.bus', 'timestamp': '2026-05-14T21:34:51.009090+08:00', 'exception': 'Traceback (most recent call last):\n  File "F:\\py\\Lib\\asyncio\\windows_events.py", line 463, in finish_socket_func\n    return ov.getresult()\n           ~~~~~~~~~~~~^^\nOSError: [WinError 64] ÷∏∂®µƒÕ¯¬Á√˚≤ª‘Ÿø…”√°£\n\nDuring handling of the above exception, another exception occurred:\n\nTraceback (most recent call last):\n  File "F:\\py\\Lib\\site-packages\\redis\\asyncio\\connection.py", line 725, in read_response\n    response = await self._parser.read_response(\n               ^^^^^^^^^^^^^^^^^^^^^^^^^^^^^^^^^\n        disable_decoding=disable_decoding\n        ^^^^^^^^^^^^^^^^^^^^^^^^^^^^^^^^^\n    )\n    ^\n  File "F:\\py\\Lib\\site-packages\\redis\\_parsers\\resp2.py", line 82, in read_response\n    response = await self._read_response(disable_decoding=disable_decoding)\n               ^^^^^^^^^^^^^^^^^^^^^^^^^^^^^^^^^^^^^^^^^^^^^^^^^^^^^^^^^^^^\n  File "F:\\py\\Lib\\site-packages\\redis\\_parsers\\resp2.py", line 90, in _read_response\n    raw = await self._readline()\n          ^^^^^^^^^^^^^^^^^^^^^^\n  File "F:\\py\\Lib\\site-packages\\redis\\_parsers\\base.py", line 559, in _readline\n    data = await self._stream.readline()\n           ^^^^^^^^^^^^^^^^^^^^^^^^^^^^^\n  File "F:\\py\\Lib\\asyncio\\streams.py", line 562, in readline\n    line = await self.readuntil(sep)\n           ^^^^^^^^^^^^^^^^^^^^^^^^^\n  File "F:\\py\\Lib\\asyncio\\streams.py", line 677, in readuntil\n    await self._wait_for_data(\'readuntil\')\n  File "F:\\py\\Lib\\asyncio\\streams.py", line 539, in _wait_for_data\n    await self._waiter\n  File "F:\\py\\Lib\\asyncio\\proactor_events.py", line 286, in _loop_reading\n    length = fut.result()\n  File "F:\\py\\Lib\\asyncio\\windows_events.py", line 804, in _poll\n    value = callback(transferred, key, ov)\n  File "F:\\py\\Lib\\asyncio\\windows_events.py", line 467, in finish_socket_func\n    raise ConnectionResetError(*exc.args)\nConnectionResetError: [WinError 64] ÷∏∂®µƒÕ¯¬Á√˚≤ª‘Ÿø…”√°£\n\nDuring handling of the above exception, another exception occurred:\n\nTraceback (most recent call last):\n  File "F:\\YilenaCode\\Werewolf\\ai_werewolf_core\\core\\event\\bus.py", line 111, in _get_redis\n    self._redis_client = await RedisClientManager.get_client()\n                         ^^^^^^^^^^^^^^^^^^^^^^^^^^^^^^^^^^^^^\n  File "F:\\YilenaCode\\Werewolf\\ai_werewolf_core\\utils\\redis_client.py", line 128, in get_client\n    await cls._client.ping()\n  File "F:\\py\\Lib\\site-packages\\redis\\asyncio\\client.py", line 764, in execute_command\n    conn = self.connection or await pool.get_connection()\n                              ^^^^^^^^^^^^^^^^^^^^^^^^^^^\n  File "F:\\py\\Lib\\site-packages\\redis\\utils.py", line 227, in async_wrapper\n    return await func(*args, **kwargs)\n           ^^^^^^^^^^^^^^^^^^^^^^^^^^^\n  File "F:\\py\\Lib\\site-packages\\redis\\asyncio\\connection.py", line 1351, in get_connection\n    await self.ensure_connection(connection)\n  File "F:\\py\\Lib\\site-packages\\redis\\asyncio\\connection.py", line 1390, in ensure_connection\n    await connection.connect()\n  File "F:\\py\\Lib\\site-packages\\redis\\asyncio\\connection.py", line 339, in connect\n    await self.retry.call_with_retry(\n    ...<7 lines>...\n    )\n  File "F:\\py\\Lib\\site-packages\\redis\\asyncio\\retry.py", line 81, in call_with_retry\n    raise error\n  File "F:\\py\\Lib\\site-packages\\redis\\asyncio\\retry.py", line 69, in call_with_retry\n    return await do()\n           ^^^^^^^^^^\n  File "F:\\py\\Lib\\site-packages\\redis\\asyncio\\connection.py", line 403, in connect_check_health\n    await self.on_connect_check_health(check_health=check_health)\n  File "F:\\py\\Lib\\site-packages\\redis\\asyncio\\connection.py", line 560, in on_connect_check_health\n    await self.read_response()\n  File "F:\\py\\Lib\\site-packages\\redis\\asyncio\\connection.py", line 747, in read_response\n    raise ConnectionError(f"Error while reading from {host_error} : {e.args}")\nredis.exceptions.ConnectionError: Error while reading from 192.168.100.128:6379 : (22, \'÷∏∂®µƒÕ¯¬Á√˚≤ª‘Ÿø…”√°£\', None, 64, None)\n\nThe above exception was the direct cause of the following exception:\n\nTraceback (most recent call last):\n  File "F:\\YilenaCode\\Werewolf\\ai_werewolf_core\\core\\event\\bus.py", line 710, in clear\n    redis = await self._get_redis()\n            ^^^^^^^^^^^^^^^^^^^^^^^\n  File "F:\\YilenaCode\\Werewolf\\ai_werewolf_core\\core\\event\\bus.py", line 114, in _get_redis\n    raise RedisUnavailableException(\n        "EventBus Œﬁ∑®ªÒ»° Redis øÕªß∂À"\n    ) from e\nai_werewolf_core.utils.redis_seq.RedisUnavailableException: EventBus Œﬁ∑®ªÒ»° Redis øÕªß∂À'}
__________________ TestAbortGame.test_abort_from_init_raises __________________

trans = 0, key = 0, ov = <_overlapped.Overlapped object at 0x0000027C320BF1B0>

    @staticmethod
    def finish_socket_func(trans, key, ov):
        try:
>           return ov.getresult()
                   ^^^^^^^^^^^^^^
E           OSError: [WinError 64] ÷∏∂®µƒÕ¯¬Á√˚≤ª‘Ÿø…”√°£

F:\py\Lib\asyncio\windows_events.py:463: OSError

During handling of the above exception, another exception occurred:

self = <redis.asyncio.connection.Connection(host=192.168.100.128,port=6379,db=1)>
disable_decoding = False, timeout = None

    async def read_response(
        self,
        disable_decoding: bool = False,
        timeout: Optional[float] = None,
        *,
        disconnect_on_error: bool = True,
        push_request: Optional[bool] = False,
    ):
        """Read the response from a previously sent command"""
        read_timeout = timeout if timeout is not None else self.socket_timeout
        host_error = self._host_error()
        try:
            if read_timeout is not None and self.protocol in ["3", 3]:
                async with async_timeout(read_timeout):
                    response = await self._parser.read_response(
                        disable_decoding=disable_decoding, push_request=push_request
                    )
            elif read_timeout is not None:
                async with async_timeout(read_timeout):
>                   response = await self._parser.read_response(
                        disable_decoding=disable_decoding

F:\py\Lib\site-packages\redis\asyncio\connection.py:725: 
_ _ _ _ _ _ _ _ _ _ _ _ _ _ _ _ _ _ _ _ _ _ _ _ _ _ _ _ _ _ _ _ _ _ _ _ _ _ _ _
F:\py\Lib\site-packages\redis\_parsers\resp2.py:82: in read_response
    response = await self._read_response(disable_decoding=disable_decoding)
               ^^^^^^^^^^^^^^^^^^^^^^^^^^^^^^^^^^^^^^^^^^^^^^^^^^^^^^^^^^^^
F:\py\Lib\site-packages\redis\_parsers\resp2.py:90: in _read_response
    raw = await self._readline()
          ^^^^^^^^^^^^^^^^^^^^^^
F:\py\Lib\site-packages\redis\_parsers\base.py:559: in _readline
    data = await self._stream.readline()
           ^^^^^^^^^^^^^^^^^^^^^^^^^^^^^
F:\py\Lib\asyncio\streams.py:562: in readline
    line = await self.readuntil(sep)
           ^^^^^^^^^^^^^^^^^^^^^^^^^
F:\py\Lib\asyncio\streams.py:677: in readuntil
    await self._wait_for_data('readuntil')
F:\py\Lib\asyncio\streams.py:539: in _wait_for_data
    await self._waiter
F:\py\Lib\asyncio\proactor_events.py:286: in _loop_reading
    length = fut.result()
             ^^^^^^^^^^^^
F:\py\Lib\asyncio\windows_events.py:804: in _poll
    value = callback(transferred, key, ov)
            ^^^^^^^^^^^^^^^^^^^^^^^^^^^^^^
_ _ _ _ _ _ _ _ _ _ _ _ _ _ _ _ _ _ _ _ _ _ _ _ _ _ _ _ _ _ _ _ _ _ _ _ _ _ _ _

trans = 0, key = 0, ov = <_overlapped.Overlapped object at 0x0000027C320BF1B0>

    @staticmethod
    def finish_socket_func(trans, key, ov):
        try:
            return ov.getresult()
        except OSError as exc:
            if exc.winerror in (_overlapped.ERROR_NETNAME_DELETED,
                                _overlapped.ERROR_OPERATION_ABORTED):
>               raise ConnectionResetError(*exc.args)
E               ConnectionResetError: [WinError 64] ÷∏∂®µƒÕ¯¬Á√˚≤ª‘Ÿø…”√°£

F:\py\Lib\asyncio\windows_events.py:467: ConnectionResetError

During handling of the above exception, another exception occurred:

self = <ai_werewolf_core.core.engine.lifecycle.LifecycleManager object at 0x0000027C31F39010>

    async def _get_redis(self) -> aioredis.Redis:
        """ªÒ»° Redis “Ï≤ΩøÕªß∂À£®¿¡≥ı ºªØ£¨π≤œÌ¡¨Ω”≥ÿ£©°£"""
        if self._redis is None:
            try:
>               self._redis = await RedisClientManager.get_client()
                              ^^^^^^^^^^^^^^^^^^^^^^^^^^^^^^^^^^^^^

ai_werewolf_core\core\engine\lifecycle.py:143: 
_ _ _ _ _ _ _ _ _ _ _ _ _ _ _ _ _ _ _ _ _ _ _ _ _ _ _ _ _ _ _ _ _ _ _ _ _ _ _ _
ai_werewolf_core\utils\redis_client.py:128: in get_client
    await cls._client.ping()
F:\py\Lib\site-packages\redis\asyncio\client.py:764: in execute_command
    conn = self.connection or await pool.get_connection()
                              ^^^^^^^^^^^^^^^^^^^^^^^^^^^
F:\py\Lib\site-packages\redis\utils.py:227: in async_wrapper
    return await func(*args, **kwargs)
           ^^^^^^^^^^^^^^^^^^^^^^^^^^^
F:\py\Lib\site-packages\redis\asyncio\connection.py:1351: in get_connection
    await self.ensure_connection(connection)
F:\py\Lib\site-packages\redis\asyncio\connection.py:1390: in ensure_connection
    await connection.connect()
F:\py\Lib\site-packages\redis\asyncio\connection.py:339: in connect
    await self.retry.call_with_retry(
F:\py\Lib\site-packages\redis\asyncio\retry.py:81: in call_with_retry
    raise error
F:\py\Lib\site-packages\redis\asyncio\retry.py:69: in call_with_retry
    return await do()
           ^^^^^^^^^^
F:\py\Lib\site-packages\redis\asyncio\connection.py:403: in connect_check_health
    await self.on_connect_check_health(check_health=check_health)
F:\py\Lib\site-packages\redis\asyncio\connection.py:560: in on_connect_check_health
    await self.read_response()
_ _ _ _ _ _ _ _ _ _ _ _ _ _ _ _ _ _ _ _ _ _ _ _ _ _ _ _ _ _ _ _ _ _ _ _ _ _ _ _

self = <redis.asyncio.connection.Connection(host=192.168.100.128,port=6379,db=1)>
disable_decoding = False, timeout = None

    async def read_response(
        self,
        disable_decoding: bool = False,
        timeout: Optional[float] = None,
        *,
        disconnect_on_error: bool = True,
        push_request: Optional[bool] = False,
    ):
        """Read the response from a previously sent command"""
        read_timeout = timeout if timeout is not None else self.socket_timeout
        host_error = self._host_error()
        try:
            if read_timeout is not None and self.protocol in ["3", 3]:
                async with async_timeout(read_timeout):
                    response = await self._parser.read_response(
                        disable_decoding=disable_decoding, push_request=push_request
                    )
            elif read_timeout is not None:
                async with async_timeout(read_timeout):
                    response = await self._parser.read_response(
                        disable_decoding=disable_decoding
                    )
            elif self.protocol in ["3", 3]:
                response = await self._parser.read_response(
                    disable_decoding=disable_decoding, push_request=push_request
                )
            else:
                response = await self._parser.read_response(
                    disable_decoding=disable_decoding
                )
        except asyncio.TimeoutError:
            if timeout is not None:
                # user requested timeout, return None. Operation can be retried
                return None
            # it was a self.socket_timeout error.
            if disconnect_on_error:
                await self.disconnect(nowait=True)
            raise TimeoutError(f"Timeout reading from {host_error}")
        except OSError as e:
            if disconnect_on_error:
                await self.disconnect(nowait=True)
>           raise ConnectionError(f"Error while reading from {host_error} : {e.args}")
E           redis.exceptions.ConnectionError: Error while reading from 192.168.100.128:6379 : (22, '÷∏∂®µƒÕ¯¬Á√˚≤ª‘Ÿø…”√°£', None, 64, None)

F:\py\Lib\site-packages\redis\asyncio\connection.py:747: ConnectionError

The above exception was the direct cause of the following exception:

self = <test_lifecycle.TestAbortGame object at 0x0000027C303D6C40>
lifecycle = <ai_werewolf_core.core.engine.lifecycle.LifecycleManager object at 0x0000027C31F39010>

    @pytest.mark.asyncio
    async def test_abort_from_init_raises(self, lifecycle):
        """¥” INIT ◊¥Ã¨÷–÷π”¶≈◊≥ˆ“Ï≥£ (INIT ≤ªø…÷–÷π)°£"""
        with pytest.raises(InvalidTransitionError):
>           await lifecycle.abort_game("premature")

tests\unit\core\engine\test_lifecycle.py:331: 
_ _ _ _ _ _ _ _ _ _ _ _ _ _ _ _ _ _ _ _ _ _ _ _ _ _ _ _ _ _ _ _ _ _ _ _ _ _ _ _
ai_werewolf_core\core\engine\lifecycle.py:608: in abort_game
    await self._set_status(GameStatus.ABORTED)
ai_werewolf_core\core\engine\lifecycle.py:351: in _set_status
    current = await self._get_status_from_redis()
              ^^^^^^^^^^^^^^^^^^^^^^^^^^^^^^^^^^^
ai_werewolf_core\core\engine\lifecycle.py:167: in _get_status_from_redis
    redis = await self._get_redis()
            ^^^^^^^^^^^^^^^^^^^^^^^
_ _ _ _ _ _ _ _ _ _ _ _ _ _ _ _ _ _ _ _ _ _ _ _ _ _ _ _ _ _ _ _ _ _ _ _ _ _ _ _

self = <ai_werewolf_core.core.engine.lifecycle.LifecycleManager object at 0x0000027C31F39010>

    async def _get_redis(self) -> aioredis.Redis:
        """ªÒ»° Redis “Ï≤ΩøÕªß∂À£®¿¡≥ı ºªØ£¨π≤œÌ¡¨Ω”≥ÿ£©°£"""
        if self._redis is None:
            try:
                self._redis = await RedisClientManager.get_client()
                self._logger.debug("LifecycleManager “—ªÒ»°π≤œÌ Redis øÕªß∂À")
            except (aioredis.ConnectionError, aioredis.TimeoutError) as e:
>               raise RedisUnavailableException(
                    f"LifecycleManager Œﬁ∑®ªÒ»° Redis øÕªß∂À: game_id={self.game_id}"
                ) from e
E               ai_werewolf_core.utils.redis_seq.RedisUnavailableException: LifecycleManager Œﬁ∑®ªÒ»° Redis øÕªß∂À: game_id=test_lifecycle_92d869175bfc4c2b9a9c0a3079f6d945

ai_werewolf_core\core\engine\lifecycle.py:146: RedisUnavailableException
---------------------------- Captured stderr setup ----------------------------
[2m2026-05-14T21:34:51.011865+08:00[0m [[32m[1mdebug    [0m] [1mglobal_subscribe              [0m [[0m[1m[34mai_werewolf_core.core.event.bus[0m][0m [36mhandler[0m=[35m_default_log_subscriber[0m
[2m2026-05-14T21:34:51.011985+08:00[0m [[32m[1mdebug    [0m] [1mglobal_subscribe              [0m [[0m[1m[34mai_werewolf_core.core.event.bus[0m][0m [36mhandler[0m=[35m_persist_to_db[0m
----------------------------- Captured log setup ------------------------------
DEBUG    ai_werewolf_core.core.event.bus:bus.py:519 {'handler': '_default_log_subscriber', 'event': 'global_subscribe', 'level': 'debug', 'logger': 'ai_werewolf_core.core.event.bus', 'timestamp': '2026-05-14T21:34:51.011865+08:00'}
DEBUG    ai_werewolf_core.core.event.bus:bus.py:519 {'handler': '_persist_to_db', 'event': 'global_subscribe', 'level': 'debug', 'logger': 'ai_werewolf_core.core.event.bus', 'timestamp': '2026-05-14T21:34:51.011985+08:00'}
---------------------------- Captured stderr call -----------------------------
[2m2026-05-14T21:34:51.012587+08:00[0m [[33m[1mwarning  [0m] [1mgame_abort                    [0m [[0m[1m[34mai_werewolf_core.core.engine.lifecycle[0m][0m [36mgame_id[0m=[35mtest_lifecycle_92d869175bfc4c2b9a9c0a3079f6d945[0m [36mmodule[0m=[35mLifecycleManager[0m [36mreason[0m=[35mpremature[0m
[2m2026-05-14T21:34:51.012762+08:00[0m [[32m[1mdebug    [0m] [1mRedis ¡¨Ω”≥ÿ“—¥¥Ω®                  [0m [[0m[1m[34mai_werewolf_core.utils.redis_client[0m][0m [36mmax_connections[0m=[35m300[0m [36msocket_timeout[0m=[35m10[0m
[2m2026-05-14T21:34:56.015677+08:00[0m [[31m[1merror    [0m] [1mRedis ¡¨Ω”—È÷§ ß∞‹ (PING)           [0m [[0m[1m[34mai_werewolf_core.utils.redis_client[0m][0m [36merror[0m=[35m"Error while reading from 192.168.100.128:6379 : (22, '÷∏∂®µƒÕ¯¬Á√˚≤ª‘Ÿø…”√°£', None, 64, None)"[0m [36mhost[0m=[35m192.168.100.128[0m [36mport[0m=[35m6379[0m
Traceback (most recent call last):
  File "F:\py\Lib\asyncio\windows_events.py", line 463, in finish_socket_func
    return ov.getresult()
           ~~~~~~~~~~~~^^
OSError: [WinError 64] ÷∏∂®µƒÕ¯¬Á√˚≤ª‘Ÿø…”√°£

During handling of the above exception, another exception occurred:

Traceback (most recent call last):
  File "F:\py\Lib\site-packages\redis\asyncio\connection.py", line 725, in read_response
    response = await self._parser.read_response(
               ^^^^^^^^^^^^^^^^^^^^^^^^^^^^^^^^^
        disable_decoding=disable_decoding
        ^^^^^^^^^^^^^^^^^^^^^^^^^^^^^^^^^
    )
    ^
  File "F:\py\Lib\site-packages\redis\_parsers\resp2.py", line 82, in read_response
    response = await self._read_response(disable_decoding=disable_decoding)
               ^^^^^^^^^^^^^^^^^^^^^^^^^^^^^^^^^^^^^^^^^^^^^^^^^^^^^^^^^^^^
  File "F:\py\Lib\site-packages\redis\_parsers\resp2.py", line 90, in _read_response
    raw = await self._readline()
          ^^^^^^^^^^^^^^^^^^^^^^
  File "F:\py\Lib\site-packages\redis\_parsers\base.py", line 559, in _readline
    data = await self._stream.readline()
           ^^^^^^^^^^^^^^^^^^^^^^^^^^^^^
  File "F:\py\Lib\asyncio\streams.py", line 562, in readline
    line = await self.readuntil(sep)
           ^^^^^^^^^^^^^^^^^^^^^^^^^
  File "F:\py\Lib\asyncio\streams.py", line 677, in readuntil
    await self._wait_for_data('readuntil')
  File "F:\py\Lib\asyncio\streams.py", line 539, in _wait_for_data
    await self._waiter
  File "F:\py\Lib\asyncio\proactor_events.py", line 286, in _loop_reading
    length = fut.result()
  File "F:\py\Lib\asyncio\windows_events.py", line 804, in _poll
    value = callback(transferred, key, ov)
  File "F:\py\Lib\asyncio\windows_events.py", line 467, in finish_socket_func
    raise ConnectionResetError(*exc.args)
ConnectionResetError: [WinError 64] ÷∏∂®µƒÕ¯¬Á√˚≤ª‘Ÿø…”√°£

During handling of the above exception, another exception occurred:

Traceback (most recent call last):
  File "F:\YilenaCode\Werewolf\ai_werewolf_core\utils\redis_client.py", line 128, in get_client
    await cls._client.ping()
  File "F:\py\Lib\site-packages\redis\asyncio\client.py", line 764, in execute_command
    conn = self.connection or await pool.get_connection()
                              ^^^^^^^^^^^^^^^^^^^^^^^^^^^
  File "F:\py\Lib\site-packages\redis\utils.py", line 227, in async_wrapper
    return await func(*args, **kwargs)
           ^^^^^^^^^^^^^^^^^^^^^^^^^^^
  File "F:\py\Lib\site-packages\redis\asyncio\connection.py", line 1351, in get_connection
    await self.ensure_connection(connection)
  File "F:\py\Lib\site-packages\redis\asyncio\connection.py", line 1390, in ensure_connection
    await connection.connect()
  File "F:\py\Lib\site-packages\redis\asyncio\connection.py", line 339, in connect
    await self.retry.call_with_retry(
    ...<7 lines>...
    )
  File "F:\py\Lib\site-packages\redis\asyncio\retry.py", line 81, in call_with_retry
    raise error
  File "F:\py\Lib\site-packages\redis\asyncio\retry.py", line 69, in call_with_retry
    return await do()
           ^^^^^^^^^^
  File "F:\py\Lib\site-packages\redis\asyncio\connection.py", line 403, in connect_check_health
    await self.on_connect_check_health(check_health=check_health)
  File "F:\py\Lib\site-packages\redis\asyncio\connection.py", line 560, in on_connect_check_health
    await self.read_response()
  File "F:\py\Lib\site-packages\redis\asyncio\connection.py", line 747, in read_response
    raise ConnectionError(f"Error while reading from {host_error} : {e.args}")
redis.exceptions.ConnectionError: Error while reading from 192.168.100.128:6379 : (22, '÷∏∂®µƒÕ¯¬Á√˚≤ª‘Ÿø…”√°£', None, 64, None)
------------------------------ Captured log call ------------------------------
WARNING  ai_werewolf_core.core.engine.lifecycle:lifecycle.py:606 {'game_id': 'test_lifecycle_92d869175bfc4c2b9a9c0a3079f6d945', 'module': 'LifecycleManager', 'reason': 'premature', 'event': 'game_abort', 'level': 'warning', 'logger': 'ai_werewolf_core.core.engine.lifecycle', 'timestamp': '2026-05-14T21:34:51.012587+08:00'}
DEBUG    ai_werewolf_core.utils.redis_client:redis_client.py:243 {'max_connections': 300, 'socket_timeout': 10, 'event': 'Redis ¡¨Ω”≥ÿ“—¥¥Ω®', 'level': 'debug', 'logger': 'ai_werewolf_core.utils.redis_client', 'timestamp': '2026-05-14T21:34:51.012762+08:00'}
ERROR    ai_werewolf_core.utils.redis_client:redis_client.py:130 {'host': '192.168.100.128', 'port': 6379, 'error': "Error while reading from 192.168.100.128:6379 : (22, '÷∏∂®µƒÕ¯¬Á√˚≤ª‘Ÿø…”√°£', None, 64, None)", 'event': 'Redis ¡¨Ω”—È÷§ ß∞‹ (PING)', 'level': 'error', 'logger': 'ai_werewolf_core.utils.redis_client', 'timestamp': '2026-05-14T21:34:56.015677+08:00', 'exception': 'Traceback (most recent call last):\n  File "F:\\py\\Lib\\asyncio\\windows_events.py", line 463, in finish_socket_func\n    return ov.getresult()\n           ~~~~~~~~~~~~^^\nOSError: [WinError 64] ÷∏∂®µƒÕ¯¬Á√˚≤ª‘Ÿø…”√°£\n\nDuring handling of the above exception, another exception occurred:\n\nTraceback (most recent call last):\n  File "F:\\py\\Lib\\site-packages\\redis\\asyncio\\connection.py", line 725, in read_response\n    response = await self._parser.read_response(\n               ^^^^^^^^^^^^^^^^^^^^^^^^^^^^^^^^^\n        disable_decoding=disable_decoding\n        ^^^^^^^^^^^^^^^^^^^^^^^^^^^^^^^^^\n    )\n    ^\n  File "F:\\py\\Lib\\site-packages\\redis\\_parsers\\resp2.py", line 82, in read_response\n    response = await self._read_response(disable_decoding=disable_decoding)\n               ^^^^^^^^^^^^^^^^^^^^^^^^^^^^^^^^^^^^^^^^^^^^^^^^^^^^^^^^^^^^\n  File "F:\\py\\Lib\\site-packages\\redis\\_parsers\\resp2.py", line 90, in _read_response\n    raw = await self._readline()\n          ^^^^^^^^^^^^^^^^^^^^^^\n  File "F:\\py\\Lib\\site-packages\\redis\\_parsers\\base.py", line 559, in _readline\n    data = await self._stream.readline()\n           ^^^^^^^^^^^^^^^^^^^^^^^^^^^^^\n  File "F:\\py\\Lib\\asyncio\\streams.py", line 562, in readline\n    line = await self.readuntil(sep)\n           ^^^^^^^^^^^^^^^^^^^^^^^^^\n  File "F:\\py\\Lib\\asyncio\\streams.py", line 677, in readuntil\n    await self._wait_for_data(\'readuntil\')\n  File "F:\\py\\Lib\\asyncio\\streams.py", line 539, in _wait_for_data\n    await self._waiter\n  File "F:\\py\\Lib\\asyncio\\proactor_events.py", line 286, in _loop_reading\n    length = fut.result()\n  File "F:\\py\\Lib\\asyncio\\windows_events.py", line 804, in _poll\n    value = callback(transferred, key, ov)\n  File "F:\\py\\Lib\\asyncio\\windows_events.py", line 467, in finish_socket_func\n    raise ConnectionResetError(*exc.args)\nConnectionResetError: [WinError 64] ÷∏∂®µƒÕ¯¬Á√˚≤ª‘Ÿø…”√°£\n\nDuring handling of the above exception, another exception occurred:\n\nTraceback (most recent call last):\n  File "F:\\YilenaCode\\Werewolf\\ai_werewolf_core\\utils\\redis_client.py", line 128, in get_client\n    await cls._client.ping()\n  File "F:\\py\\Lib\\site-packages\\redis\\asyncio\\client.py", line 764, in execute_command\n    conn = self.connection or await pool.get_connection()\n                              ^^^^^^^^^^^^^^^^^^^^^^^^^^^\n  File "F:\\py\\Lib\\site-packages\\redis\\utils.py", line 227, in async_wrapper\n    return await func(*args, **kwargs)\n           ^^^^^^^^^^^^^^^^^^^^^^^^^^^\n  File "F:\\py\\Lib\\site-packages\\redis\\asyncio\\connection.py", line 1351, in get_connection\n    await self.ensure_connection(connection)\n  File "F:\\py\\Lib\\site-packages\\redis\\asyncio\\connection.py", line 1390, in ensure_connection\n    await connection.connect()\n  File "F:\\py\\Lib\\site-packages\\redis\\asyncio\\connection.py", line 339, in connect\n    await self.retry.call_with_retry(\n    ...<7 lines>...\n    )\n  File "F:\\py\\Lib\\site-packages\\redis\\asyncio\\retry.py", line 81, in call_with_retry\n    raise error\n  File "F:\\py\\Lib\\site-packages\\redis\\asyncio\\retry.py", line 69, in call_with_retry\n    return await do()\n           ^^^^^^^^^^\n  File "F:\\py\\Lib\\site-packages\\redis\\asyncio\\connection.py", line 403, in connect_check_health\n    await self.on_connect_check_health(check_health=check_health)\n  File "F:\\py\\Lib\\site-packages\\redis\\asyncio\\connection.py", line 560, in on_connect_check_health\n    await self.read_response()\n  File "F:\\py\\Lib\\site-packages\\redis\\asyncio\\connection.py", line 747, in read_response\n    raise ConnectionError(f"Error while reading from {host_error} : {e.args}")\nredis.exceptions.ConnectionError: Error while reading from 192.168.100.128:6379 : (22, \'÷∏∂®µƒÕ¯¬Á√˚≤ª‘Ÿø…”√°£\', None, 64, None)'}
-------------------------- Captured stderr teardown ---------------------------
[2m2026-05-14T21:34:56.305736+08:00[0m [[32m[1mdebug    [0m] [1mRedis ¡¨Ω”≥ÿ“—¥¥Ω®                  [0m [[0m[1m[34mai_werewolf_core.utils.redis_client[0m][0m [36mmax_connections[0m=[35m300[0m [36msocket_timeout[0m=[35m10[0m
[2m2026-05-14T21:35:01.308633+08:00[0m [[31m[1merror    [0m] [1mRedis ¡¨Ω”—È÷§ ß∞‹ (PING)           [0m [[0m[1m[34mai_werewolf_core.utils.redis_client[0m][0m [36merror[0m=[35m"Error while reading from 192.168.100.128:6379 : (22, '÷∏∂®µƒÕ¯¬Á√˚≤ª‘Ÿø…”√°£', None, 64, None)"[0m [36mhost[0m=[35m192.168.100.128[0m [36mport[0m=[35m6379[0m
Traceback (most recent call last):
  File "F:\py\Lib\asyncio\windows_events.py", line 463, in finish_socket_func
    return ov.getresult()
           ~~~~~~~~~~~~^^
OSError: [WinError 64] ÷∏∂®µƒÕ¯¬Á√˚≤ª‘Ÿø…”√°£

During handling of the above exception, another exception occurred:

Traceback (most recent call last):
  File "F:\py\Lib\site-packages\redis\asyncio\connection.py", line 725, in read_response
    response = await self._parser.read_response(
               ^^^^^^^^^^^^^^^^^^^^^^^^^^^^^^^^^
        disable_decoding=disable_decoding
        ^^^^^^^^^^^^^^^^^^^^^^^^^^^^^^^^^
    )
    ^
  File "F:\py\Lib\site-packages\redis\_parsers\resp2.py", line 82, in read_response
    response = await self._read_response(disable_decoding=disable_decoding)
               ^^^^^^^^^^^^^^^^^^^^^^^^^^^^^^^^^^^^^^^^^^^^^^^^^^^^^^^^^^^^
  File "F:\py\Lib\site-packages\redis\_parsers\resp2.py", line 90, in _read_response
    raw = await self._readline()
          ^^^^^^^^^^^^^^^^^^^^^^
  File "F:\py\Lib\site-packages\redis\_parsers\base.py", line 559, in _readline
    data = await self._stream.readline()
           ^^^^^^^^^^^^^^^^^^^^^^^^^^^^^
  File "F:\py\Lib\asyncio\streams.py", line 562, in readline
    line = await self.readuntil(sep)
           ^^^^^^^^^^^^^^^^^^^^^^^^^
  File "F:\py\Lib\asyncio\streams.py", line 677, in readuntil
    await self._wait_for_data('readuntil')
  File "F:\py\Lib\asyncio\streams.py", line 539, in _wait_for_data
    await self._waiter
  File "F:\py\Lib\asyncio\proactor_events.py", line 286, in _loop_reading
    length = fut.result()
  File "F:\py\Lib\asyncio\windows_events.py", line 804, in _poll
    value = callback(transferred, key, ov)
  File "F:\py\Lib\asyncio\windows_events.py", line 467, in finish_socket_func
    raise ConnectionResetError(*exc.args)
ConnectionResetError: [WinError 64] ÷∏∂®µƒÕ¯¬Á√˚≤ª‘Ÿø…”√°£

During handling of the above exception, another exception occurred:

Traceback (most recent call last):
  File "F:\YilenaCode\Werewolf\ai_werewolf_core\utils\redis_client.py", line 128, in get_client
    await cls._client.ping()
  File "F:\py\Lib\site-packages\redis\asyncio\client.py", line 764, in execute_command
    conn = self.connection or await pool.get_connection()
                              ^^^^^^^^^^^^^^^^^^^^^^^^^^^
  File "F:\py\Lib\site-packages\redis\utils.py", line 227, in async_wrapper
    return await func(*args, **kwargs)
           ^^^^^^^^^^^^^^^^^^^^^^^^^^^
  File "F:\py\Lib\site-packages\redis\asyncio\connection.py", line 1351, in get_connection
    await self.ensure_connection(connection)
  File "F:\py\Lib\site-packages\redis\asyncio\connection.py", line 1390, in ensure_connection
    await connection.connect()
  File "F:\py\Lib\site-packages\redis\asyncio\connection.py", line 339, in connect
    await self.retry.call_with_retry(
    ...<7 lines>...
    )
  File "F:\py\Lib\site-packages\redis\asyncio\retry.py", line 81, in call_with_retry
    raise error
  File "F:\py\Lib\site-packages\redis\asyncio\retry.py", line 69, in call_with_retry
    return await do()
           ^^^^^^^^^^
  File "F:\py\Lib\site-packages\redis\asyncio\connection.py", line 403, in connect_check_health
    await self.on_connect_check_health(check_health=check_health)
  File "F:\py\Lib\site-packages\redis\asyncio\connection.py", line 560, in on_connect_check_health
    await self.read_response()
  File "F:\py\Lib\site-packages\redis\asyncio\connection.py", line 747, in read_response
    raise ConnectionError(f"Error while reading from {host_error} : {e.args}")
redis.exceptions.ConnectionError: Error while reading from 192.168.100.128:6379 : (22, '÷∏∂®µƒÕ¯¬Á√˚≤ª‘Ÿø…”√°£', None, 64, None)
[2m2026-05-14T21:35:01.311123+08:00[0m [[31m[1merror    [0m] [1m«Â¿Ì ¬º˛ Stream “Ï≥£                [0m [[0m[1m[34mai_werewolf_core.core.event.bus[0m][0m [36merror[0m=[35m'EventBus Œﬁ∑®ªÒ»° Redis øÕªß∂À'[0m [36mgame_id[0m=[35mNone[0m
Traceback (most recent call last):
  File "F:\py\Lib\asyncio\windows_events.py", line 463, in finish_socket_func
    return ov.getresult()
           ~~~~~~~~~~~~^^
OSError: [WinError 64] ÷∏∂®µƒÕ¯¬Á√˚≤ª‘Ÿø…”√°£

During handling of the above exception, another exception occurred:

Traceback (most recent call last):
  File "F:\py\Lib\site-packages\redis\asyncio\connection.py", line 725, in read_response
    response = await self._parser.read_response(
               ^^^^^^^^^^^^^^^^^^^^^^^^^^^^^^^^^
        disable_decoding=disable_decoding
        ^^^^^^^^^^^^^^^^^^^^^^^^^^^^^^^^^
    )
    ^
  File "F:\py\Lib\site-packages\redis\_parsers\resp2.py", line 82, in read_response
    response = await self._read_response(disable_decoding=disable_decoding)
               ^^^^^^^^^^^^^^^^^^^^^^^^^^^^^^^^^^^^^^^^^^^^^^^^^^^^^^^^^^^^
  File "F:\py\Lib\site-packages\redis\_parsers\resp2.py", line 90, in _read_response
    raw = await self._readline()
          ^^^^^^^^^^^^^^^^^^^^^^
  File "F:\py\Lib\site-packages\redis\_parsers\base.py", line 559, in _readline
    data = await self._stream.readline()
           ^^^^^^^^^^^^^^^^^^^^^^^^^^^^^
  File "F:\py\Lib\asyncio\streams.py", line 562, in readline
    line = await self.readuntil(sep)
           ^^^^^^^^^^^^^^^^^^^^^^^^^
  File "F:\py\Lib\asyncio\streams.py", line 677, in readuntil
    await self._wait_for_data('readuntil')
  File "F:\py\Lib\asyncio\streams.py", line 539, in _wait_for_data
    await self._waiter
  File "F:\py\Lib\asyncio\proactor_events.py", line 286, in _loop_reading
    length = fut.result()
  File "F:\py\Lib\asyncio\windows_events.py", line 804, in _poll
    value = callback(transferred, key, ov)
  File "F:\py\Lib\asyncio\windows_events.py", line 467, in finish_socket_func
    raise ConnectionResetError(*exc.args)
ConnectionResetError: [WinError 64] ÷∏∂®µƒÕ¯¬Á√˚≤ª‘Ÿø…”√°£

During handling of the above exception, another exception occurred:

Traceback (most recent call last):
  File "F:\YilenaCode\Werewolf\ai_werewolf_core\core\event\bus.py", line 111, in _get_redis
    self._redis_client = await RedisClientManager.get_client()
                         ^^^^^^^^^^^^^^^^^^^^^^^^^^^^^^^^^^^^^
  File "F:\YilenaCode\Werewolf\ai_werewolf_core\utils\redis_client.py", line 128, in get_client
    await cls._client.ping()
  File "F:\py\Lib\site-packages\redis\asyncio\client.py", line 764, in execute_command
    conn = self.connection or await pool.get_connection()
                              ^^^^^^^^^^^^^^^^^^^^^^^^^^^
  File "F:\py\Lib\site-packages\redis\utils.py", line 227, in async_wrapper
    return await func(*args, **kwargs)
           ^^^^^^^^^^^^^^^^^^^^^^^^^^^
  File "F:\py\Lib\site-packages\redis\asyncio\connection.py", line 1351, in get_connection
    await self.ensure_connection(connection)
  File "F:\py\Lib\site-packages\redis\asyncio\connection.py", line 1390, in ensure_connection
    await connection.connect()
  File "F:\py\Lib\site-packages\redis\asyncio\connection.py", line 339, in connect
    await self.retry.call_with_retry(
    ...<7 lines>...
    )
  File "F:\py\Lib\site-packages\redis\asyncio\retry.py", line 81, in call_with_retry
    raise error
  File "F:\py\Lib\site-packages\redis\asyncio\retry.py", line 69, in call_with_retry
    return await do()
           ^^^^^^^^^^
  File "F:\py\Lib\site-packages\redis\asyncio\connection.py", line 403, in connect_check_health
    await self.on_connect_check_health(check_health=check_health)
  File "F:\py\Lib\site-packages\redis\asyncio\connection.py", line 560, in on_connect_check_health
    await self.read_response()
  File "F:\py\Lib\site-packages\redis\asyncio\connection.py", line 747, in read_response
    raise ConnectionError(f"Error while reading from {host_error} : {e.args}")
redis.exceptions.ConnectionError: Error while reading from 192.168.100.128:6379 : (22, '÷∏∂®µƒÕ¯¬Á√˚≤ª‘Ÿø…”√°£', None, 64, None)

The above exception was the direct cause of the following exception:

Traceback (most recent call last):
  File "F:\YilenaCode\Werewolf\ai_werewolf_core\core\event\bus.py", line 710, in clear
    redis = await self._get_redis()
            ^^^^^^^^^^^^^^^^^^^^^^^
  File "F:\YilenaCode\Werewolf\ai_werewolf_core\core\event\bus.py", line 114, in _get_redis
    raise RedisUnavailableException(
        "EventBus Œﬁ∑®ªÒ»° Redis øÕªß∂À"
    ) from e
ai_werewolf_core.utils.redis_seq.RedisUnavailableException: EventBus Œﬁ∑®ªÒ»° Redis øÕªß∂À
---------------------------- Captured log teardown ----------------------------
DEBUG    ai_werewolf_core.utils.redis_client:redis_client.py:243 {'max_connections': 300, 'socket_timeout': 10, 'event': 'Redis ¡¨Ω”≥ÿ“—¥¥Ω®', 'level': 'debug', 'logger': 'ai_werewolf_core.utils.redis_client', 'timestamp': '2026-05-14T21:34:56.305736+08:00'}
ERROR    ai_werewolf_core.utils.redis_client:redis_client.py:130 {'host': '192.168.100.128', 'port': 6379, 'error': "Error while reading from 192.168.100.128:6379 : (22, '÷∏∂®µƒÕ¯¬Á√˚≤ª‘Ÿø…”√°£', None, 64, None)", 'event': 'Redis ¡¨Ω”—È÷§ ß∞‹ (PING)', 'level': 'error', 'logger': 'ai_werewolf_core.utils.redis_client', 'timestamp': '2026-05-14T21:35:01.308633+08:00', 'exception': 'Traceback (most recent call last):\n  File "F:\\py\\Lib\\asyncio\\windows_events.py", line 463, in finish_socket_func\n    return ov.getresult()\n           ~~~~~~~~~~~~^^\nOSError: [WinError 64] ÷∏∂®µƒÕ¯¬Á√˚≤ª‘Ÿø…”√°£\n\nDuring handling of the above exception, another exception occurred:\n\nTraceback (most recent call last):\n  File "F:\\py\\Lib\\site-packages\\redis\\asyncio\\connection.py", line 725, in read_response\n    response = await self._parser.read_response(\n               ^^^^^^^^^^^^^^^^^^^^^^^^^^^^^^^^^\n        disable_decoding=disable_decoding\n        ^^^^^^^^^^^^^^^^^^^^^^^^^^^^^^^^^\n    )\n    ^\n  File "F:\\py\\Lib\\site-packages\\redis\\_parsers\\resp2.py", line 82, in read_response\n    response = await self._read_response(disable_decoding=disable_decoding)\n               ^^^^^^^^^^^^^^^^^^^^^^^^^^^^^^^^^^^^^^^^^^^^^^^^^^^^^^^^^^^^\n  File "F:\\py\\Lib\\site-packages\\redis\\_parsers\\resp2.py", line 90, in _read_response\n    raw = await self._readline()\n          ^^^^^^^^^^^^^^^^^^^^^^\n  File "F:\\py\\Lib\\site-packages\\redis\\_parsers\\base.py", line 559, in _readline\n    data = await self._stream.readline()\n           ^^^^^^^^^^^^^^^^^^^^^^^^^^^^^\n  File "F:\\py\\Lib\\asyncio\\streams.py", line 562, in readline\n    line = await self.readuntil(sep)\n           ^^^^^^^^^^^^^^^^^^^^^^^^^\n  File "F:\\py\\Lib\\asyncio\\streams.py", line 677, in readuntil\n    await self._wait_for_data(\'readuntil\')\n  File "F:\\py\\Lib\\asyncio\\streams.py", line 539, in _wait_for_data\n    await self._waiter\n  File "F:\\py\\Lib\\asyncio\\proactor_events.py", line 286, in _loop_reading\n    length = fut.result()\n  File "F:\\py\\Lib\\asyncio\\windows_events.py", line 804, in _poll\n    value = callback(transferred, key, ov)\n  File "F:\\py\\Lib\\asyncio\\windows_events.py", line 467, in finish_socket_func\n    raise ConnectionResetError(*exc.args)\nConnectionResetError: [WinError 64] ÷∏∂®µƒÕ¯¬Á√˚≤ª‘Ÿø…”√°£\n\nDuring handling of the above exception, another exception occurred:\n\nTraceback (most recent call last):\n  File "F:\\YilenaCode\\Werewolf\\ai_werewolf_core\\utils\\redis_client.py", line 128, in get_client\n    await cls._client.ping()\n  File "F:\\py\\Lib\\site-packages\\redis\\asyncio\\client.py", line 764, in execute_command\n    conn = self.connection or await pool.get_connection()\n                              ^^^^^^^^^^^^^^^^^^^^^^^^^^^\n  File "F:\\py\\Lib\\site-packages\\redis\\utils.py", line 227, in async_wrapper\n    return await func(*args, **kwargs)\n           ^^^^^^^^^^^^^^^^^^^^^^^^^^^\n  File "F:\\py\\Lib\\site-packages\\redis\\asyncio\\connection.py", line 1351, in get_connection\n    await self.ensure_connection(connection)\n  File "F:\\py\\Lib\\site-packages\\redis\\asyncio\\connection.py", line 1390, in ensure_connection\n    await connection.connect()\n  File "F:\\py\\Lib\\site-packages\\redis\\asyncio\\connection.py", line 339, in connect\n    await self.retry.call_with_retry(\n    ...<7 lines>...\n    )\n  File "F:\\py\\Lib\\site-packages\\redis\\asyncio\\retry.py", line 81, in call_with_retry\n    raise error\n  File "F:\\py\\Lib\\site-packages\\redis\\asyncio\\retry.py", line 69, in call_with_retry\n    return await do()\n           ^^^^^^^^^^\n  File "F:\\py\\Lib\\site-packages\\redis\\asyncio\\connection.py", line 403, in connect_check_health\n    await self.on_connect_check_health(check_health=check_health)\n  File "F:\\py\\Lib\\site-packages\\redis\\asyncio\\connection.py", line 560, in on_connect_check_health\n    await self.read_response()\n  File "F:\\py\\Lib\\site-packages\\redis\\asyncio\\connection.py", line 747, in read_response\n    raise ConnectionError(f"Error while reading from {host_error} : {e.args}")\nredis.exceptions.ConnectionError: Error while reading from 192.168.100.128:6379 : (22, \'÷∏∂®µƒÕ¯¬Á√˚≤ª‘Ÿø…”√°£\', None, 64, None)'}
ERROR    ai_werewolf_core.core.event.bus:bus.py:741 {'game_id': None, 'error': 'EventBus Œﬁ∑®ªÒ»° Redis øÕªß∂À', 'event': '«Â¿Ì ¬º˛ Stream “Ï≥£', 'level': 'error', 'logger': 'ai_werewolf_core.core.event.bus', 'timestamp': '2026-05-14T21:35:01.311123+08:00', 'exception': 'Traceback (most recent call last):\n  File "F:\\py\\Lib\\asyncio\\windows_events.py", line 463, in finish_socket_func\n    return ov.getresult()\n           ~~~~~~~~~~~~^^\nOSError: [WinError 64] ÷∏∂®µƒÕ¯¬Á√˚≤ª‘Ÿø…”√°£\n\nDuring handling of the above exception, another exception occurred:\n\nTraceback (most recent call last):\n  File "F:\\py\\Lib\\site-packages\\redis\\asyncio\\connection.py", line 725, in read_response\n    response = await self._parser.read_response(\n               ^^^^^^^^^^^^^^^^^^^^^^^^^^^^^^^^^\n        disable_decoding=disable_decoding\n        ^^^^^^^^^^^^^^^^^^^^^^^^^^^^^^^^^\n    )\n    ^\n  File "F:\\py\\Lib\\site-packages\\redis\\_parsers\\resp2.py", line 82, in read_response\n    response = await self._read_response(disable_decoding=disable_decoding)\n               ^^^^^^^^^^^^^^^^^^^^^^^^^^^^^^^^^^^^^^^^^^^^^^^^^^^^^^^^^^^^\n  File "F:\\py\\Lib\\site-packages\\redis\\_parsers\\resp2.py", line 90, in _read_response\n    raw = await self._readline()\n          ^^^^^^^^^^^^^^^^^^^^^^\n  File "F:\\py\\Lib\\site-packages\\redis\\_parsers\\base.py", line 559, in _readline\n    data = await self._stream.readline()\n           ^^^^^^^^^^^^^^^^^^^^^^^^^^^^^\n  File "F:\\py\\Lib\\asyncio\\streams.py", line 562, in readline\n    line = await self.readuntil(sep)\n           ^^^^^^^^^^^^^^^^^^^^^^^^^\n  File "F:\\py\\Lib\\asyncio\\streams.py", line 677, in readuntil\n    await self._wait_for_data(\'readuntil\')\n  File "F:\\py\\Lib\\asyncio\\streams.py", line 539, in _wait_for_data\n    await self._waiter\n  File "F:\\py\\Lib\\asyncio\\proactor_events.py", line 286, in _loop_reading\n    length = fut.result()\n  File "F:\\py\\Lib\\asyncio\\windows_events.py", line 804, in _poll\n    value = callback(transferred, key, ov)\n  File "F:\\py\\Lib\\asyncio\\windows_events.py", line 467, in finish_socket_func\n    raise ConnectionResetError(*exc.args)\nConnectionResetError: [WinError 64] ÷∏∂®µƒÕ¯¬Á√˚≤ª‘Ÿø…”√°£\n\nDuring handling of the above exception, another exception occurred:\n\nTraceback (most recent call last):\n  File "F:\\YilenaCode\\Werewolf\\ai_werewolf_core\\core\\event\\bus.py", line 111, in _get_redis\n    self._redis_client = await RedisClientManager.get_client()\n                         ^^^^^^^^^^^^^^^^^^^^^^^^^^^^^^^^^^^^^\n  File "F:\\YilenaCode\\Werewolf\\ai_werewolf_core\\utils\\redis_client.py", line 128, in get_client\n    await cls._client.ping()\n  File "F:\\py\\Lib\\site-packages\\redis\\asyncio\\client.py", line 764, in execute_command\n    conn = self.connection or await pool.get_connection()\n                              ^^^^^^^^^^^^^^^^^^^^^^^^^^^\n  File "F:\\py\\Lib\\site-packages\\redis\\utils.py", line 227, in async_wrapper\n    return await func(*args, **kwargs)\n           ^^^^^^^^^^^^^^^^^^^^^^^^^^^\n  File "F:\\py\\Lib\\site-packages\\redis\\asyncio\\connection.py", line 1351, in get_connection\n    await self.ensure_connection(connection)\n  File "F:\\py\\Lib\\site-packages\\redis\\asyncio\\connection.py", line 1390, in ensure_connection\n    await connection.connect()\n  File "F:\\py\\Lib\\site-packages\\redis\\asyncio\\connection.py", line 339, in connect\n    await self.retry.call_with_retry(\n    ...<7 lines>...\n    )\n  File "F:\\py\\Lib\\site-packages\\redis\\asyncio\\retry.py", line 81, in call_with_retry\n    raise error\n  File "F:\\py\\Lib\\site-packages\\redis\\asyncio\\retry.py", line 69, in call_with_retry\n    return await do()\n           ^^^^^^^^^^\n  File "F:\\py\\Lib\\site-packages\\redis\\asyncio\\connection.py", line 403, in connect_check_health\n    await self.on_connect_check_health(check_health=check_health)\n  File "F:\\py\\Lib\\site-packages\\redis\\asyncio\\connection.py", line 560, in on_connect_check_health\n    await self.read_response()\n  File "F:\\py\\Lib\\site-packages\\redis\\asyncio\\connection.py", line 747, in read_response\n    raise ConnectionError(f"Error while reading from {host_error} : {e.args}")\nredis.exceptions.ConnectionError: Error while reading from 192.168.100.128:6379 : (22, \'÷∏∂®µƒÕ¯¬Á√˚≤ª‘Ÿø…”√°£\', None, 64, None)\n\nThe above exception was the direct cause of the following exception:\n\nTraceback (most recent call last):\n  File "F:\\YilenaCode\\Werewolf\\ai_werewolf_core\\core\\event\\bus.py", line 710, in clear\n    redis = await self._get_redis()\n            ^^^^^^^^^^^^^^^^^^^^^^^\n  File "F:\\YilenaCode\\Werewolf\\ai_werewolf_core\\core\\event\\bus.py", line 114, in _get_redis\n    raise RedisUnavailableException(\n        "EventBus Œﬁ∑®ªÒ»° Redis øÕªß∂À"\n    ) from e\nai_werewolf_core.utils.redis_seq.RedisUnavailableException: EventBus Œﬁ∑®ªÒ»° Redis øÕªß∂À'}
________________ TestAbortGame.test_abort_from_finished_raises ________________

trans = 0, key = 0, ov = <_overlapped.Overlapped object at 0x0000027C308441B0>

    @staticmethod
    def finish_socket_func(trans, key, ov):
        try:
>           return ov.getresult()
                   ^^^^^^^^^^^^^^
E           OSError: [WinError 64] ÷∏∂®µƒÕ¯¬Á√˚≤ª‘Ÿø…”√°£

F:\py\Lib\asyncio\windows_events.py:463: OSError

During handling of the above exception, another exception occurred:

self = <redis.asyncio.connection.Connection(host=192.168.100.128,port=6379,db=1)>
disable_decoding = False, timeout = None

    async def read_response(
        self,
        disable_decoding: bool = False,
        timeout: Optional[float] = None,
        *,
        disconnect_on_error: bool = True,
        push_request: Optional[bool] = False,
    ):
        """Read the response from a previously sent command"""
        read_timeout = timeout if timeout is not None else self.socket_timeout
        host_error = self._host_error()
        try:
            if read_timeout is not None and self.protocol in ["3", 3]:
                async with async_timeout(read_timeout):
                    response = await self._parser.read_response(
                        disable_decoding=disable_decoding, push_request=push_request
                    )
            elif read_timeout is not None:
                async with async_timeout(read_timeout):
>                   response = await self._parser.read_response(
                        disable_decoding=disable_decoding

F:\py\Lib\site-packages\redis\asyncio\connection.py:725: 
_ _ _ _ _ _ _ _ _ _ _ _ _ _ _ _ _ _ _ _ _ _ _ _ _ _ _ _ _ _ _ _ _ _ _ _ _ _ _ _
F:\py\Lib\site-packages\redis\_parsers\resp2.py:82: in read_response
    response = await self._read_response(disable_decoding=disable_decoding)
               ^^^^^^^^^^^^^^^^^^^^^^^^^^^^^^^^^^^^^^^^^^^^^^^^^^^^^^^^^^^^
F:\py\Lib\site-packages\redis\_parsers\resp2.py:90: in _read_response
    raw = await self._readline()
          ^^^^^^^^^^^^^^^^^^^^^^
F:\py\Lib\site-packages\redis\_parsers\base.py:559: in _readline
    data = await self._stream.readline()
           ^^^^^^^^^^^^^^^^^^^^^^^^^^^^^
F:\py\Lib\asyncio\streams.py:562: in readline
    line = await self.readuntil(sep)
           ^^^^^^^^^^^^^^^^^^^^^^^^^
F:\py\Lib\asyncio\streams.py:677: in readuntil
    await self._wait_for_data('readuntil')
F:\py\Lib\asyncio\streams.py:539: in _wait_for_data
    await self._waiter
F:\py\Lib\asyncio\proactor_events.py:286: in _loop_reading
    length = fut.result()
             ^^^^^^^^^^^^
F:\py\Lib\asyncio\windows_events.py:804: in _poll
    value = callback(transferred, key, ov)
            ^^^^^^^^^^^^^^^^^^^^^^^^^^^^^^
_ _ _ _ _ _ _ _ _ _ _ _ _ _ _ _ _ _ _ _ _ _ _ _ _ _ _ _ _ _ _ _ _ _ _ _ _ _ _ _

trans = 0, key = 0, ov = <_overlapped.Overlapped object at 0x0000027C308441B0>

    @staticmethod
    def finish_socket_func(trans, key, ov):
        try:
            return ov.getresult()
        except OSError as exc:
            if exc.winerror in (_overlapped.ERROR_NETNAME_DELETED,
                                _overlapped.ERROR_OPERATION_ABORTED):
>               raise ConnectionResetError(*exc.args)
E               ConnectionResetError: [WinError 64] ÷∏∂®µƒÕ¯¬Á√˚≤ª‘Ÿø…”√°£

F:\py\Lib\asyncio\windows_events.py:467: ConnectionResetError

During handling of the above exception, another exception occurred:

self = <ai_werewolf_core.core.engine.lifecycle.LifecycleManager object at 0x0000027C31F3BD20>

    async def _get_redis(self) -> aioredis.Redis:
        """ªÒ»° Redis “Ï≤ΩøÕªß∂À£®¿¡≥ı ºªØ£¨π≤œÌ¡¨Ω”≥ÿ£©°£"""
        if self._redis is None:
            try:
>               self._redis = await RedisClientManager.get_client()
                              ^^^^^^^^^^^^^^^^^^^^^^^^^^^^^^^^^^^^^

ai_werewolf_core\core\engine\lifecycle.py:143: 
_ _ _ _ _ _ _ _ _ _ _ _ _ _ _ _ _ _ _ _ _ _ _ _ _ _ _ _ _ _ _ _ _ _ _ _ _ _ _ _
ai_werewolf_core\utils\redis_client.py:128: in get_client
    await cls._client.ping()
F:\py\Lib\site-packages\redis\asyncio\client.py:764: in execute_command
    conn = self.connection or await pool.get_connection()
                              ^^^^^^^^^^^^^^^^^^^^^^^^^^^
F:\py\Lib\site-packages\redis\utils.py:227: in async_wrapper
    return await func(*args, **kwargs)
           ^^^^^^^^^^^^^^^^^^^^^^^^^^^
F:\py\Lib\site-packages\redis\asyncio\connection.py:1351: in get_connection
    await self.ensure_connection(connection)
F:\py\Lib\site-packages\redis\asyncio\connection.py:1390: in ensure_connection
    await connection.connect()
F:\py\Lib\site-packages\redis\asyncio\connection.py:339: in connect
    await self.retry.call_with_retry(
F:\py\Lib\site-packages\redis\asyncio\retry.py:81: in call_with_retry
    raise error
F:\py\Lib\site-packages\redis\asyncio\retry.py:69: in call_with_retry
    return await do()
           ^^^^^^^^^^
F:\py\Lib\site-packages\redis\asyncio\connection.py:403: in connect_check_health
    await self.on_connect_check_health(check_health=check_health)
F:\py\Lib\site-packages\redis\asyncio\connection.py:560: in on_connect_check_health
    await self.read_response()
_ _ _ _ _ _ _ _ _ _ _ _ _ _ _ _ _ _ _ _ _ _ _ _ _ _ _ _ _ _ _ _ _ _ _ _ _ _ _ _

self = <redis.asyncio.connection.Connection(host=192.168.100.128,port=6379,db=1)>
disable_decoding = False, timeout = None

    async def read_response(
        self,
        disable_decoding: bool = False,
        timeout: Optional[float] = None,
        *,
        disconnect_on_error: bool = True,
        push_request: Optional[bool] = False,
    ):
        """Read the response from a previously sent command"""
        read_timeout = timeout if timeout is not None else self.socket_timeout
        host_error = self._host_error()
        try:
            if read_timeout is not None and self.protocol in ["3", 3]:
                async with async_timeout(read_timeout):
                    response = await self._parser.read_response(
                        disable_decoding=disable_decoding, push_request=push_request
                    )
            elif read_timeout is not None:
                async with async_timeout(read_timeout):
                    response = await self._parser.read_response(
                        disable_decoding=disable_decoding
                    )
            elif self.protocol in ["3", 3]:
                response = await self._parser.read_response(
                    disable_decoding=disable_decoding, push_request=push_request
                )
            else:
                response = await self._parser.read_response(
                    disable_decoding=disable_decoding
                )
        except asyncio.TimeoutError:
            if timeout is not None:
                # user requested timeout, return None. Operation can be retried
                return None
            # it was a self.socket_timeout error.
            if disconnect_on_error:
                await self.disconnect(nowait=True)
            raise TimeoutError(f"Timeout reading from {host_error}")
        except OSError as e:
            if disconnect_on_error:
                await self.disconnect(nowait=True)
>           raise ConnectionError(f"Error while reading from {host_error} : {e.args}")
E           redis.exceptions.ConnectionError: Error while reading from 192.168.100.128:6379 : (22, '÷∏∂®µƒÕ¯¬Á√˚≤ª‘Ÿø…”√°£', None, 64, None)

F:\py\Lib\site-packages\redis\asyncio\connection.py:747: ConnectionError

The above exception was the direct cause of the following exception:

self = <test_lifecycle.TestAbortGame object at 0x0000027C3043D7F0>
lifecycle = <ai_werewolf_core.core.engine.lifecycle.LifecycleManager object at 0x0000027C31F3BD20>

    @pytest.mark.asyncio
    async def test_abort_from_finished_raises(self, lifecycle):
        """¥” FINISHED ◊¥Ã¨÷–÷π”¶≈◊≥ˆ“Ï≥£ (“— «÷’Ω·Ã¨)°£"""
>       await lifecycle.init_game()

tests\unit\core\engine\test_lifecycle.py:336: 
_ _ _ _ _ _ _ _ _ _ _ _ _ _ _ _ _ _ _ _ _ _ _ _ _ _ _ _ _ _ _ _ _ _ _ _ _ _ _ _
ai_werewolf_core\core\engine\lifecycle.py:420: in init_game
    current_status = await self.get_status()
                     ^^^^^^^^^^^^^^^^^^^^^^^
ai_werewolf_core\core\engine\lifecycle.py:262: in get_status
    status = await self._get_status_from_redis()
             ^^^^^^^^^^^^^^^^^^^^^^^^^^^^^^^^^^^
ai_werewolf_core\core\engine\lifecycle.py:167: in _get_status_from_redis
    redis = await self._get_redis()
            ^^^^^^^^^^^^^^^^^^^^^^^
_ _ _ _ _ _ _ _ _ _ _ _ _ _ _ _ _ _ _ _ _ _ _ _ _ _ _ _ _ _ _ _ _ _ _ _ _ _ _ _

self = <ai_werewolf_core.core.engine.lifecycle.LifecycleManager object at 0x0000027C31F3BD20>

    async def _get_redis(self) -> aioredis.Redis:
        """ªÒ»° Redis “Ï≤ΩøÕªß∂À£®¿¡≥ı ºªØ£¨π≤œÌ¡¨Ω”≥ÿ£©°£"""
        if self._redis is None:
            try:
                self._redis = await RedisClientManager.get_client()
                self._logger.debug("LifecycleManager “—ªÒ»°π≤œÌ Redis øÕªß∂À")
            except (aioredis.ConnectionError, aioredis.TimeoutError) as e:
>               raise RedisUnavailableException(
                    f"LifecycleManager Œﬁ∑®ªÒ»° Redis øÕªß∂À: game_id={self.game_id}"
                ) from e
E               ai_werewolf_core.utils.redis_seq.RedisUnavailableException: LifecycleManager Œﬁ∑®ªÒ»° Redis øÕªß∂À: game_id=test_lifecycle_1df125d55bfe4ad4bb4c0d28855aca9d

ai_werewolf_core\core\engine\lifecycle.py:146: RedisUnavailableException
---------------------------- Captured stderr setup ----------------------------
[2m2026-05-14T21:35:01.313809+08:00[0m [[32m[1mdebug    [0m] [1mglobal_subscribe              [0m [[0m[1m[34mai_werewolf_core.core.event.bus[0m][0m [36mhandler[0m=[35m_default_log_subscriber[0m
[2m2026-05-14T21:35:01.313945+08:00[0m [[32m[1mdebug    [0m] [1mglobal_subscribe              [0m [[0m[1m[34mai_werewolf_core.core.event.bus[0m][0m [36mhandler[0m=[35m_persist_to_db[0m
----------------------------- Captured log setup ------------------------------
DEBUG    ai_werewolf_core.core.event.bus:bus.py:519 {'handler': '_default_log_subscriber', 'event': 'global_subscribe', 'level': 'debug', 'logger': 'ai_werewolf_core.core.event.bus', 'timestamp': '2026-05-14T21:35:01.313809+08:00'}
DEBUG    ai_werewolf_core.core.event.bus:bus.py:519 {'handler': '_persist_to_db', 'event': 'global_subscribe', 'level': 'debug', 'logger': 'ai_werewolf_core.core.event.bus', 'timestamp': '2026-05-14T21:35:01.313945+08:00'}
---------------------------- Captured stderr call -----------------------------
[2m2026-05-14T21:35:01.314549+08:00[0m [[32m[1minfo     [0m] [1mgame_init                     [0m [[0m[1m[34mai_werewolf_core.core.engine.lifecycle[0m][0m [36mgame_id[0m=[35mtest_lifecycle_1df125d55bfe4ad4bb4c0d28855aca9d[0m [36mmodule[0m=[35mLifecycleManager[0m
[2m2026-05-14T21:35:01.314682+08:00[0m [[32m[1mdebug    [0m] [1mRedis ¡¨Ω”≥ÿ“—¥¥Ω®                  [0m [[0m[1m[34mai_werewolf_core.utils.redis_client[0m][0m [36mmax_connections[0m=[35m300[0m [36msocket_timeout[0m=[35m10[0m
[2m2026-05-14T21:35:06.317062+08:00[0m [[31m[1merror    [0m] [1mRedis ¡¨Ω”—È÷§ ß∞‹ (PING)           [0m [[0m[1m[34mai_werewolf_core.utils.redis_client[0m][0m [36merror[0m=[35m"Error while reading from 192.168.100.128:6379 : (22, '÷∏∂®µƒÕ¯¬Á√˚≤ª‘Ÿø…”√°£', None, 64, None)"[0m [36mhost[0m=[35m192.168.100.128[0m [36mport[0m=[35m6379[0m
Traceback (most recent call last):
  File "F:\py\Lib\asyncio\windows_events.py", line 463, in finish_socket_func
    return ov.getresult()
           ~~~~~~~~~~~~^^
OSError: [WinError 64] ÷∏∂®µƒÕ¯¬Á√˚≤ª‘Ÿø…”√°£

During handling of the above exception, another exception occurred:

Traceback (most recent call last):
  File "F:\py\Lib\site-packages\redis\asyncio\connection.py", line 725, in read_response
    response = await self._parser.read_response(
               ^^^^^^^^^^^^^^^^^^^^^^^^^^^^^^^^^
        disable_decoding=disable_decoding
        ^^^^^^^^^^^^^^^^^^^^^^^^^^^^^^^^^
    )
    ^
  File "F:\py\Lib\site-packages\redis\_parsers\resp2.py", line 82, in read_response
    response = await self._read_response(disable_decoding=disable_decoding)
               ^^^^^^^^^^^^^^^^^^^^^^^^^^^^^^^^^^^^^^^^^^^^^^^^^^^^^^^^^^^^
  File "F:\py\Lib\site-packages\redis\_parsers\resp2.py", line 90, in _read_response
    raw = await self._readline()
          ^^^^^^^^^^^^^^^^^^^^^^
  File "F:\py\Lib\site-packages\redis\_parsers\base.py", line 559, in _readline
    data = await self._stream.readline()
           ^^^^^^^^^^^^^^^^^^^^^^^^^^^^^
  File "F:\py\Lib\asyncio\streams.py", line 562, in readline
    line = await self.readuntil(sep)
           ^^^^^^^^^^^^^^^^^^^^^^^^^
  File "F:\py\Lib\asyncio\streams.py", line 677, in readuntil
    await self._wait_for_data('readuntil')
  File "F:\py\Lib\asyncio\streams.py", line 539, in _wait_for_data
    await self._waiter
  File "F:\py\Lib\asyncio\proactor_events.py", line 286, in _loop_reading
    length = fut.result()
  File "F:\py\Lib\asyncio\windows_events.py", line 804, in _poll
    value = callback(transferred, key, ov)
  File "F:\py\Lib\asyncio\windows_events.py", line 467, in finish_socket_func
    raise ConnectionResetError(*exc.args)
ConnectionResetError: [WinError 64] ÷∏∂®µƒÕ¯¬Á√˚≤ª‘Ÿø…”√°£

During handling of the above exception, another exception occurred:

Traceback (most recent call last):
  File "F:\YilenaCode\Werewolf\ai_werewolf_core\utils\redis_client.py", line 128, in get_client
    await cls._client.ping()
  File "F:\py\Lib\site-packages\redis\asyncio\client.py", line 764, in execute_command
    conn = self.connection or await pool.get_connection()
                              ^^^^^^^^^^^^^^^^^^^^^^^^^^^
  File "F:\py\Lib\site-packages\redis\utils.py", line 227, in async_wrapper
    return await func(*args, **kwargs)
           ^^^^^^^^^^^^^^^^^^^^^^^^^^^
  File "F:\py\Lib\site-packages\redis\asyncio\connection.py", line 1351, in get_connection
    await self.ensure_connection(connection)
  File "F:\py\Lib\site-packages\redis\asyncio\connection.py", line 1390, in ensure_connection
    await connection.connect()
  File "F:\py\Lib\site-packages\redis\asyncio\connection.py", line 339, in connect
    await self.retry.call_with_retry(
    ...<7 lines>...
    )
  File "F:\py\Lib\site-packages\redis\asyncio\retry.py", line 81, in call_with_retry
    raise error
  File "F:\py\Lib\site-packages\redis\asyncio\retry.py", line 69, in call_with_retry
    return await do()
           ^^^^^^^^^^
  File "F:\py\Lib\site-packages\redis\asyncio\connection.py", line 403, in connect_check_health
    await self.on_connect_check_health(check_health=check_health)
  File "F:\py\Lib\site-packages\redis\asyncio\connection.py", line 560, in on_connect_check_health
    await self.read_response()
  File "F:\py\Lib\site-packages\redis\asyncio\connection.py", line 747, in read_response
    raise ConnectionError(f"Error while reading from {host_error} : {e.args}")
redis.exceptions.ConnectionError: Error while reading from 192.168.100.128:6379 : (22, '÷∏∂®µƒÕ¯¬Á√˚≤ª‘Ÿø…”√°£', None, 64, None)
------------------------------ Captured log call ------------------------------
INFO     ai_werewolf_core.core.engine.lifecycle:lifecycle.py:418 {'game_id': 'test_lifecycle_1df125d55bfe4ad4bb4c0d28855aca9d', 'module': 'LifecycleManager', 'event': 'game_init', 'level': 'info', 'logger': 'ai_werewolf_core.core.engine.lifecycle', 'timestamp': '2026-05-14T21:35:01.314549+08:00'}
DEBUG    ai_werewolf_core.utils.redis_client:redis_client.py:243 {'max_connections': 300, 'socket_timeout': 10, 'event': 'Redis ¡¨Ω”≥ÿ“—¥¥Ω®', 'level': 'debug', 'logger': 'ai_werewolf_core.utils.redis_client', 'timestamp': '2026-05-14T21:35:01.314682+08:00'}
ERROR    ai_werewolf_core.utils.redis_client:redis_client.py:130 {'host': '192.168.100.128', 'port': 6379, 'error': "Error while reading from 192.168.100.128:6379 : (22, '÷∏∂®µƒÕ¯¬Á√˚≤ª‘Ÿø…”√°£', None, 64, None)", 'event': 'Redis ¡¨Ω”—È÷§ ß∞‹ (PING)', 'level': 'error', 'logger': 'ai_werewolf_core.utils.redis_client', 'timestamp': '2026-05-14T21:35:06.317062+08:00', 'exception': 'Traceback (most recent call last):\n  File "F:\\py\\Lib\\asyncio\\windows_events.py", line 463, in finish_socket_func\n    return ov.getresult()\n           ~~~~~~~~~~~~^^\nOSError: [WinError 64] ÷∏∂®µƒÕ¯¬Á√˚≤ª‘Ÿø…”√°£\n\nDuring handling of the above exception, another exception occurred:\n\nTraceback (most recent call last):\n  File "F:\\py\\Lib\\site-packages\\redis\\asyncio\\connection.py", line 725, in read_response\n    response = await self._parser.read_response(\n               ^^^^^^^^^^^^^^^^^^^^^^^^^^^^^^^^^\n        disable_decoding=disable_decoding\n        ^^^^^^^^^^^^^^^^^^^^^^^^^^^^^^^^^\n    )\n    ^\n  File "F:\\py\\Lib\\site-packages\\redis\\_parsers\\resp2.py", line 82, in read_response\n    response = await self._read_response(disable_decoding=disable_decoding)\n               ^^^^^^^^^^^^^^^^^^^^^^^^^^^^^^^^^^^^^^^^^^^^^^^^^^^^^^^^^^^^\n  File "F:\\py\\Lib\\site-packages\\redis\\_parsers\\resp2.py", line 90, in _read_response\n    raw = await self._readline()\n          ^^^^^^^^^^^^^^^^^^^^^^\n  File "F:\\py\\Lib\\site-packages\\redis\\_parsers\\base.py", line 559, in _readline\n    data = await self._stream.readline()\n           ^^^^^^^^^^^^^^^^^^^^^^^^^^^^^\n  File "F:\\py\\Lib\\asyncio\\streams.py", line 562, in readline\n    line = await self.readuntil(sep)\n           ^^^^^^^^^^^^^^^^^^^^^^^^^\n  File "F:\\py\\Lib\\asyncio\\streams.py", line 677, in readuntil\n    await self._wait_for_data(\'readuntil\')\n  File "F:\\py\\Lib\\asyncio\\streams.py", line 539, in _wait_for_data\n    await self._waiter\n  File "F:\\py\\Lib\\asyncio\\proactor_events.py", line 286, in _loop_reading\n    length = fut.result()\n  File "F:\\py\\Lib\\asyncio\\windows_events.py", line 804, in _poll\n    value = callback(transferred, key, ov)\n  File "F:\\py\\Lib\\asyncio\\windows_events.py", line 467, in finish_socket_func\n    raise ConnectionResetError(*exc.args)\nConnectionResetError: [WinError 64] ÷∏∂®µƒÕ¯¬Á√˚≤ª‘Ÿø…”√°£\n\nDuring handling of the above exception, another exception occurred:\n\nTraceback (most recent call last):\n  File "F:\\YilenaCode\\Werewolf\\ai_werewolf_core\\utils\\redis_client.py", line 128, in get_client\n    await cls._client.ping()\n  File "F:\\py\\Lib\\site-packages\\redis\\asyncio\\client.py", line 764, in execute_command\n    conn = self.connection or await pool.get_connection()\n                              ^^^^^^^^^^^^^^^^^^^^^^^^^^^\n  File "F:\\py\\Lib\\site-packages\\redis\\utils.py", line 227, in async_wrapper\n    return await func(*args, **kwargs)\n           ^^^^^^^^^^^^^^^^^^^^^^^^^^^\n  File "F:\\py\\Lib\\site-packages\\redis\\asyncio\\connection.py", line 1351, in get_connection\n    await self.ensure_connection(connection)\n  File "F:\\py\\Lib\\site-packages\\redis\\asyncio\\connection.py", line 1390, in ensure_connection\n    await connection.connect()\n  File "F:\\py\\Lib\\site-packages\\redis\\asyncio\\connection.py", line 339, in connect\n    await self.retry.call_with_retry(\n    ...<7 lines>...\n    )\n  File "F:\\py\\Lib\\site-packages\\redis\\asyncio\\retry.py", line 81, in call_with_retry\n    raise error\n  File "F:\\py\\Lib\\site-packages\\redis\\asyncio\\retry.py", line 69, in call_with_retry\n    return await do()\n           ^^^^^^^^^^\n  File "F:\\py\\Lib\\site-packages\\redis\\asyncio\\connection.py", line 403, in connect_check_health\n    await self.on_connect_check_health(check_health=check_health)\n  File "F:\\py\\Lib\\site-packages\\redis\\asyncio\\connection.py", line 560, in on_connect_check_health\n    await self.read_response()\n  File "F:\\py\\Lib\\site-packages\\redis\\asyncio\\connection.py", line 747, in read_response\n    raise ConnectionError(f"Error while reading from {host_error} : {e.args}")\nredis.exceptions.ConnectionError: Error while reading from 192.168.100.128:6379 : (22, \'÷∏∂®µƒÕ¯¬Á√˚≤ª‘Ÿø…”√°£\', None, 64, None)'}
-------------------------- Captured stderr teardown ---------------------------
[2m2026-05-14T21:35:06.508636+08:00[0m [[32m[1mdebug    [0m] [1mRedis ¡¨Ω”≥ÿ“—¥¥Ω®                  [0m [[0m[1m[34mai_werewolf_core.utils.redis_client[0m][0m [36mmax_connections[0m=[35m300[0m [36msocket_timeout[0m=[35m10[0m
[2m2026-05-14T21:35:11.512172+08:00[0m [[31m[1merror    [0m] [1mRedis ¡¨Ω”—È÷§ ß∞‹ (PING)           [0m [[0m[1m[34mai_werewolf_core.utils.redis_client[0m][0m [36merror[0m=[35m"Error while reading from 192.168.100.128:6379 : (22, '÷∏∂®µƒÕ¯¬Á√˚≤ª‘Ÿø…”√°£', None, 64, None)"[0m [36mhost[0m=[35m192.168.100.128[0m [36mport[0m=[35m6379[0m
Traceback (most recent call last):
  File "F:\py\Lib\asyncio\windows_events.py", line 463, in finish_socket_func
    return ov.getresult()
           ~~~~~~~~~~~~^^
OSError: [WinError 64] ÷∏∂®µƒÕ¯¬Á√˚≤ª‘Ÿø…”√°£

During handling of the above exception, another exception occurred:

Traceback (most recent call last):
  File "F:\py\Lib\site-packages\redis\asyncio\connection.py", line 725, in read_response
    response = await self._parser.read_response(
               ^^^^^^^^^^^^^^^^^^^^^^^^^^^^^^^^^
        disable_decoding=disable_decoding
        ^^^^^^^^^^^^^^^^^^^^^^^^^^^^^^^^^
    )
    ^
  File "F:\py\Lib\site-packages\redis\_parsers\resp2.py", line 82, in read_response
    response = await self._read_response(disable_decoding=disable_decoding)
               ^^^^^^^^^^^^^^^^^^^^^^^^^^^^^^^^^^^^^^^^^^^^^^^^^^^^^^^^^^^^
  File "F:\py\Lib\site-packages\redis\_parsers\resp2.py", line 90, in _read_response
    raw = await self._readline()
          ^^^^^^^^^^^^^^^^^^^^^^
  File "F:\py\Lib\site-packages\redis\_parsers\base.py", line 559, in _readline
    data = await self._stream.readline()
           ^^^^^^^^^^^^^^^^^^^^^^^^^^^^^
  File "F:\py\Lib\asyncio\streams.py", line 562, in readline
    line = await self.readuntil(sep)
           ^^^^^^^^^^^^^^^^^^^^^^^^^
  File "F:\py\Lib\asyncio\streams.py", line 677, in readuntil
    await self._wait_for_data('readuntil')
  File "F:\py\Lib\asyncio\streams.py", line 539, in _wait_for_data
    await self._waiter
  File "F:\py\Lib\asyncio\proactor_events.py", line 286, in _loop_reading
    length = fut.result()
  File "F:\py\Lib\asyncio\windows_events.py", line 804, in _poll
    value = callback(transferred, key, ov)
  File "F:\py\Lib\asyncio\windows_events.py", line 467, in finish_socket_func
    raise ConnectionResetError(*exc.args)
ConnectionResetError: [WinError 64] ÷∏∂®µƒÕ¯¬Á√˚≤ª‘Ÿø…”√°£

During handling of the above exception, another exception occurred:

Traceback (most recent call last):
  File "F:\YilenaCode\Werewolf\ai_werewolf_core\utils\redis_client.py", line 128, in get_client
    await cls._client.ping()
  File "F:\py\Lib\site-packages\redis\asyncio\client.py", line 764, in execute_command
    conn = self.connection or await pool.get_connection()
                              ^^^^^^^^^^^^^^^^^^^^^^^^^^^
  File "F:\py\Lib\site-packages\redis\utils.py", line 227, in async_wrapper
    return await func(*args, **kwargs)
           ^^^^^^^^^^^^^^^^^^^^^^^^^^^
  File "F:\py\Lib\site-packages\redis\asyncio\connection.py", line 1351, in get_connection
    await self.ensure_connection(connection)
  File "F:\py\Lib\site-packages\redis\asyncio\connection.py", line 1390, in ensure_connection
    await connection.connect()
  File "F:\py\Lib\site-packages\redis\asyncio\connection.py", line 339, in connect
    await self.retry.call_with_retry(
    ...<7 lines>...
    )
  File "F:\py\Lib\site-packages\redis\asyncio\retry.py", line 81, in call_with_retry
    raise error
  File "F:\py\Lib\site-packages\redis\asyncio\retry.py", line 69, in call_with_retry
    return await do()
           ^^^^^^^^^^
  File "F:\py\Lib\site-packages\redis\asyncio\connection.py", line 403, in connect_check_health
    await self.on_connect_check_health(check_health=check_health)
  File "F:\py\Lib\site-packages\redis\asyncio\connection.py", line 560, in on_connect_check_health
    await self.read_response()
  File "F:\py\Lib\site-packages\redis\asyncio\connection.py", line 747, in read_response
    raise ConnectionError(f"Error while reading from {host_error} : {e.args}")
redis.exceptions.ConnectionError: Error while reading from 192.168.100.128:6379 : (22, '÷∏∂®µƒÕ¯¬Á√˚≤ª‘Ÿø…”√°£', None, 64, None)
[2m2026-05-14T21:35:11.514859+08:00[0m [[31m[1merror    [0m] [1m«Â¿Ì ¬º˛ Stream “Ï≥£                [0m [[0m[1m[34mai_werewolf_core.core.event.bus[0m][0m [36merror[0m=[35m'EventBus Œﬁ∑®ªÒ»° Redis øÕªß∂À'[0m [36mgame_id[0m=[35mNone[0m
Traceback (most recent call last):
  File "F:\py\Lib\asyncio\windows_events.py", line 463, in finish_socket_func
    return ov.getresult()
           ~~~~~~~~~~~~^^
OSError: [WinError 64] ÷∏∂®µƒÕ¯¬Á√˚≤ª‘Ÿø…”√°£

During handling of the above exception, another exception occurred:

Traceback (most recent call last):
  File "F:\py\Lib\site-packages\redis\asyncio\connection.py", line 725, in read_response
    response = await self._parser.read_response(
               ^^^^^^^^^^^^^^^^^^^^^^^^^^^^^^^^^
        disable_decoding=disable_decoding
        ^^^^^^^^^^^^^^^^^^^^^^^^^^^^^^^^^
    )
    ^
  File "F:\py\Lib\site-packages\redis\_parsers\resp2.py", line 82, in read_response
    response = await self._read_response(disable_decoding=disable_decoding)
               ^^^^^^^^^^^^^^^^^^^^^^^^^^^^^^^^^^^^^^^^^^^^^^^^^^^^^^^^^^^^
  File "F:\py\Lib\site-packages\redis\_parsers\resp2.py", line 90, in _read_response
    raw = await self._readline()
          ^^^^^^^^^^^^^^^^^^^^^^
  File "F:\py\Lib\site-packages\redis\_parsers\base.py", line 559, in _readline
    data = await self._stream.readline()
           ^^^^^^^^^^^^^^^^^^^^^^^^^^^^^
  File "F:\py\Lib\asyncio\streams.py", line 562, in readline
    line = await self.readuntil(sep)
           ^^^^^^^^^^^^^^^^^^^^^^^^^
  File "F:\py\Lib\asyncio\streams.py", line 677, in readuntil
    await self._wait_for_data('readuntil')
  File "F:\py\Lib\asyncio\streams.py", line 539, in _wait_for_data
    await self._waiter
  File "F:\py\Lib\asyncio\proactor_events.py", line 286, in _loop_reading
    length = fut.result()
  File "F:\py\Lib\asyncio\windows_events.py", line 804, in _poll
    value = callback(transferred, key, ov)
  File "F:\py\Lib\asyncio\windows_events.py", line 467, in finish_socket_func
    raise ConnectionResetError(*exc.args)
ConnectionResetError: [WinError 64] ÷∏∂®µƒÕ¯¬Á√˚≤ª‘Ÿø…”√°£

During handling of the above exception, another exception occurred:

Traceback (most recent call last):
  File "F:\YilenaCode\Werewolf\ai_werewolf_core\core\event\bus.py", line 111, in _get_redis
    self._redis_client = await RedisClientManager.get_client()
                         ^^^^^^^^^^^^^^^^^^^^^^^^^^^^^^^^^^^^^
  File "F:\YilenaCode\Werewolf\ai_werewolf_core\utils\redis_client.py", line 128, in get_client
    await cls._client.ping()
  File "F:\py\Lib\site-packages\redis\asyncio\client.py", line 764, in execute_command
    conn = self.connection or await pool.get_connection()
                              ^^^^^^^^^^^^^^^^^^^^^^^^^^^
  File "F:\py\Lib\site-packages\redis\utils.py", line 227, in async_wrapper
    return await func(*args, **kwargs)
           ^^^^^^^^^^^^^^^^^^^^^^^^^^^
  File "F:\py\Lib\site-packages\redis\asyncio\connection.py", line 1351, in get_connection
    await self.ensure_connection(connection)
  File "F:\py\Lib\site-packages\redis\asyncio\connection.py", line 1390, in ensure_connection
    await connection.connect()
  File "F:\py\Lib\site-packages\redis\asyncio\connection.py", line 339, in connect
    await self.retry.call_with_retry(
    ...<7 lines>...
    )
  File "F:\py\Lib\site-packages\redis\asyncio\retry.py", line 81, in call_with_retry
    raise error
  File "F:\py\Lib\site-packages\redis\asyncio\retry.py", line 69, in call_with_retry
    return await do()
           ^^^^^^^^^^
  File "F:\py\Lib\site-packages\redis\asyncio\connection.py", line 403, in connect_check_health
    await self.on_connect_check_health(check_health=check_health)
  File "F:\py\Lib\site-packages\redis\asyncio\connection.py", line 560, in on_connect_check_health
    await self.read_response()
  File "F:\py\Lib\site-packages\redis\asyncio\connection.py", line 747, in read_response
    raise ConnectionError(f"Error while reading from {host_error} : {e.args}")
redis.exceptions.ConnectionError: Error while reading from 192.168.100.128:6379 : (22, '÷∏∂®µƒÕ¯¬Á√˚≤ª‘Ÿø…”√°£', None, 64, None)

The above exception was the direct cause of the following exception:

Traceback (most recent call last):
  File "F:\YilenaCode\Werewolf\ai_werewolf_core\core\event\bus.py", line 710, in clear
    redis = await self._get_redis()
            ^^^^^^^^^^^^^^^^^^^^^^^
  File "F:\YilenaCode\Werewolf\ai_werewolf_core\core\event\bus.py", line 114, in _get_redis
    raise RedisUnavailableException(
        "EventBus Œﬁ∑®ªÒ»° Redis øÕªß∂À"
    ) from e
ai_werewolf_core.utils.redis_seq.RedisUnavailableException: EventBus Œﬁ∑®ªÒ»° Redis øÕªß∂À
---------------------------- Captured log teardown ----------------------------
DEBUG    ai_werewolf_core.utils.redis_client:redis_client.py:243 {'max_connections': 300, 'socket_timeout': 10, 'event': 'Redis ¡¨Ω”≥ÿ“—¥¥Ω®', 'level': 'debug', 'logger': 'ai_werewolf_core.utils.redis_client', 'timestamp': '2026-05-14T21:35:06.508636+08:00'}
ERROR    ai_werewolf_core.utils.redis_client:redis_client.py:130 {'host': '192.168.100.128', 'port': 6379, 'error': "Error while reading from 192.168.100.128:6379 : (22, '÷∏∂®µƒÕ¯¬Á√˚≤ª‘Ÿø…”√°£', None, 64, None)", 'event': 'Redis ¡¨Ω”—È÷§ ß∞‹ (PING)', 'level': 'error', 'logger': 'ai_werewolf_core.utils.redis_client', 'timestamp': '2026-05-14T21:35:11.512172+08:00', 'exception': 'Traceback (most recent call last):\n  File "F:\\py\\Lib\\asyncio\\windows_events.py", line 463, in finish_socket_func\n    return ov.getresult()\n           ~~~~~~~~~~~~^^\nOSError: [WinError 64] ÷∏∂®µƒÕ¯¬Á√˚≤ª‘Ÿø…”√°£\n\nDuring handling of the above exception, another exception occurred:\n\nTraceback (most recent call last):\n  File "F:\\py\\Lib\\site-packages\\redis\\asyncio\\connection.py", line 725, in read_response\n    response = await self._parser.read_response(\n               ^^^^^^^^^^^^^^^^^^^^^^^^^^^^^^^^^\n        disable_decoding=disable_decoding\n        ^^^^^^^^^^^^^^^^^^^^^^^^^^^^^^^^^\n    )\n    ^\n  File "F:\\py\\Lib\\site-packages\\redis\\_parsers\\resp2.py", line 82, in read_response\n    response = await self._read_response(disable_decoding=disable_decoding)\n               ^^^^^^^^^^^^^^^^^^^^^^^^^^^^^^^^^^^^^^^^^^^^^^^^^^^^^^^^^^^^\n  File "F:\\py\\Lib\\site-packages\\redis\\_parsers\\resp2.py", line 90, in _read_response\n    raw = await self._readline()\n          ^^^^^^^^^^^^^^^^^^^^^^\n  File "F:\\py\\Lib\\site-packages\\redis\\_parsers\\base.py", line 559, in _readline\n    data = await self._stream.readline()\n           ^^^^^^^^^^^^^^^^^^^^^^^^^^^^^\n  File "F:\\py\\Lib\\asyncio\\streams.py", line 562, in readline\n    line = await self.readuntil(sep)\n           ^^^^^^^^^^^^^^^^^^^^^^^^^\n  File "F:\\py\\Lib\\asyncio\\streams.py", line 677, in readuntil\n    await self._wait_for_data(\'readuntil\')\n  File "F:\\py\\Lib\\asyncio\\streams.py", line 539, in _wait_for_data\n    await self._waiter\n  File "F:\\py\\Lib\\asyncio\\proactor_events.py", line 286, in _loop_reading\n    length = fut.result()\n  File "F:\\py\\Lib\\asyncio\\windows_events.py", line 804, in _poll\n    value = callback(transferred, key, ov)\n  File "F:\\py\\Lib\\asyncio\\windows_events.py", line 467, in finish_socket_func\n    raise ConnectionResetError(*exc.args)\nConnectionResetError: [WinError 64] ÷∏∂®µƒÕ¯¬Á√˚≤ª‘Ÿø…”√°£\n\nDuring handling of the above exception, another exception occurred:\n\nTraceback (most recent call last):\n  File "F:\\YilenaCode\\Werewolf\\ai_werewolf_core\\utils\\redis_client.py", line 128, in get_client\n    await cls._client.ping()\n  File "F:\\py\\Lib\\site-packages\\redis\\asyncio\\client.py", line 764, in execute_command\n    conn = self.connection or await pool.get_connection()\n                              ^^^^^^^^^^^^^^^^^^^^^^^^^^^\n  File "F:\\py\\Lib\\site-packages\\redis\\utils.py", line 227, in async_wrapper\n    return await func(*args, **kwargs)\n           ^^^^^^^^^^^^^^^^^^^^^^^^^^^\n  File "F:\\py\\Lib\\site-packages\\redis\\asyncio\\connection.py", line 1351, in get_connection\n    await self.ensure_connection(connection)\n  File "F:\\py\\Lib\\site-packages\\redis\\asyncio\\connection.py", line 1390, in ensure_connection\n    await connection.connect()\n  File "F:\\py\\Lib\\site-packages\\redis\\asyncio\\connection.py", line 339, in connect\n    await self.retry.call_with_retry(\n    ...<7 lines>...\n    )\n  File "F:\\py\\Lib\\site-packages\\redis\\asyncio\\retry.py", line 81, in call_with_retry\n    raise error\n  File "F:\\py\\Lib\\site-packages\\redis\\asyncio\\retry.py", line 69, in call_with_retry\n    return await do()\n           ^^^^^^^^^^\n  File "F:\\py\\Lib\\site-packages\\redis\\asyncio\\connection.py", line 403, in connect_check_health\n    await self.on_connect_check_health(check_health=check_health)\n  File "F:\\py\\Lib\\site-packages\\redis\\asyncio\\connection.py", line 560, in on_connect_check_health\n    await self.read_response()\n  File "F:\\py\\Lib\\site-packages\\redis\\asyncio\\connection.py", line 747, in read_response\n    raise ConnectionError(f"Error while reading from {host_error} : {e.args}")\nredis.exceptions.ConnectionError: Error while reading from 192.168.100.128:6379 : (22, \'÷∏∂®µƒÕ¯¬Á√˚≤ª‘Ÿø…”√°£\', None, 64, None)'}
ERROR    ai_werewolf_core.core.event.bus:bus.py:741 {'game_id': None, 'error': 'EventBus Œﬁ∑®ªÒ»° Redis øÕªß∂À', 'event': '«Â¿Ì ¬º˛ Stream “Ï≥£', 'level': 'error', 'logger': 'ai_werewolf_core.core.event.bus', 'timestamp': '2026-05-14T21:35:11.514859+08:00', 'exception': 'Traceback (most recent call last):\n  File "F:\\py\\Lib\\asyncio\\windows_events.py", line 463, in finish_socket_func\n    return ov.getresult()\n           ~~~~~~~~~~~~^^\nOSError: [WinError 64] ÷∏∂®µƒÕ¯¬Á√˚≤ª‘Ÿø…”√°£\n\nDuring handling of the above exception, another exception occurred:\n\nTraceback (most recent call last):\n  File "F:\\py\\Lib\\site-packages\\redis\\asyncio\\connection.py", line 725, in read_response\n    response = await self._parser.read_response(\n               ^^^^^^^^^^^^^^^^^^^^^^^^^^^^^^^^^\n        disable_decoding=disable_decoding\n        ^^^^^^^^^^^^^^^^^^^^^^^^^^^^^^^^^\n    )\n    ^\n  File "F:\\py\\Lib\\site-packages\\redis\\_parsers\\resp2.py", line 82, in read_response\n    response = await self._read_response(disable_decoding=disable_decoding)\n               ^^^^^^^^^^^^^^^^^^^^^^^^^^^^^^^^^^^^^^^^^^^^^^^^^^^^^^^^^^^^\n  File "F:\\py\\Lib\\site-packages\\redis\\_parsers\\resp2.py", line 90, in _read_response\n    raw = await self._readline()\n          ^^^^^^^^^^^^^^^^^^^^^^\n  File "F:\\py\\Lib\\site-packages\\redis\\_parsers\\base.py", line 559, in _readline\n    data = await self._stream.readline()\n           ^^^^^^^^^^^^^^^^^^^^^^^^^^^^^\n  File "F:\\py\\Lib\\asyncio\\streams.py", line 562, in readline\n    line = await self.readuntil(sep)\n           ^^^^^^^^^^^^^^^^^^^^^^^^^\n  File "F:\\py\\Lib\\asyncio\\streams.py", line 677, in readuntil\n    await self._wait_for_data(\'readuntil\')\n  File "F:\\py\\Lib\\asyncio\\streams.py", line 539, in _wait_for_data\n    await self._waiter\n  File "F:\\py\\Lib\\asyncio\\proactor_events.py", line 286, in _loop_reading\n    length = fut.result()\n  File "F:\\py\\Lib\\asyncio\\windows_events.py", line 804, in _poll\n    value = callback(transferred, key, ov)\n  File "F:\\py\\Lib\\asyncio\\windows_events.py", line 467, in finish_socket_func\n    raise ConnectionResetError(*exc.args)\nConnectionResetError: [WinError 64] ÷∏∂®µƒÕ¯¬Á√˚≤ª‘Ÿø…”√°£\n\nDuring handling of the above exception, another exception occurred:\n\nTraceback (most recent call last):\n  File "F:\\YilenaCode\\Werewolf\\ai_werewolf_core\\core\\event\\bus.py", line 111, in _get_redis\n    self._redis_client = await RedisClientManager.get_client()\n                         ^^^^^^^^^^^^^^^^^^^^^^^^^^^^^^^^^^^^^\n  File "F:\\YilenaCode\\Werewolf\\ai_werewolf_core\\utils\\redis_client.py", line 128, in get_client\n    await cls._client.ping()\n  File "F:\\py\\Lib\\site-packages\\redis\\asyncio\\client.py", line 764, in execute_command\n    conn = self.connection or await pool.get_connection()\n                              ^^^^^^^^^^^^^^^^^^^^^^^^^^^\n  File "F:\\py\\Lib\\site-packages\\redis\\utils.py", line 227, in async_wrapper\n    return await func(*args, **kwargs)\n           ^^^^^^^^^^^^^^^^^^^^^^^^^^^\n  File "F:\\py\\Lib\\site-packages\\redis\\asyncio\\connection.py", line 1351, in get_connection\n    await self.ensure_connection(connection)\n  File "F:\\py\\Lib\\site-packages\\redis\\asyncio\\connection.py", line 1390, in ensure_connection\n    await connection.connect()\n  File "F:\\py\\Lib\\site-packages\\redis\\asyncio\\connection.py", line 339, in connect\n    await self.retry.call_with_retry(\n    ...<7 lines>...\n    )\n  File "F:\\py\\Lib\\site-packages\\redis\\asyncio\\retry.py", line 81, in call_with_retry\n    raise error\n  File "F:\\py\\Lib\\site-packages\\redis\\asyncio\\retry.py", line 69, in call_with_retry\n    return await do()\n           ^^^^^^^^^^\n  File "F:\\py\\Lib\\site-packages\\redis\\asyncio\\connection.py", line 403, in connect_check_health\n    await self.on_connect_check_health(check_health=check_health)\n  File "F:\\py\\Lib\\site-packages\\redis\\asyncio\\connection.py", line 560, in on_connect_check_health\n    await self.read_response()\n  File "F:\\py\\Lib\\site-packages\\redis\\asyncio\\connection.py", line 747, in read_response\n    raise ConnectionError(f"Error while reading from {host_error} : {e.args}")\nredis.exceptions.ConnectionError: Error while reading from 192.168.100.128:6379 : (22, \'÷∏∂®µƒÕ¯¬Á√˚≤ª‘Ÿø…”√°£\', None, 64, None)\n\nThe above exception was the direct cause of the following exception:\n\nTraceback (most recent call last):\n  File "F:\\YilenaCode\\Werewolf\\ai_werewolf_core\\core\\event\\bus.py", line 710, in clear\n    redis = await self._get_redis()\n            ^^^^^^^^^^^^^^^^^^^^^^^\n  File "F:\\YilenaCode\\Werewolf\\ai_werewolf_core\\core\\event\\bus.py", line 114, in _get_redis\n    raise RedisUnavailableException(\n        "EventBus Œﬁ∑®ªÒ»° Redis øÕªß∂À"\n    ) from e\nai_werewolf_core.utils.redis_seq.RedisUnavailableException: EventBus Œﬁ∑®ªÒ»° Redis øÕªß∂À'}
____________ TestAbortGame.test_abort_publishes_event_with_reason _____________

trans = 0, key = 0, ov = <_overlapped.Overlapped object at 0x0000027C302A31B0>

    @staticmethod
    def finish_socket_func(trans, key, ov):
        try:
>           return ov.getresult()
                   ^^^^^^^^^^^^^^
E           OSError: [WinError 64] ÷∏∂®µƒÕ¯¬Á√˚≤ª‘Ÿø…”√°£

F:\py\Lib\asyncio\windows_events.py:463: OSError

During handling of the above exception, another exception occurred:

self = <redis.asyncio.connection.Connection(host=192.168.100.128,port=6379,db=1)>
disable_decoding = False, timeout = None

    async def read_response(
        self,
        disable_decoding: bool = False,
        timeout: Optional[float] = None,
        *,
        disconnect_on_error: bool = True,
        push_request: Optional[bool] = False,
    ):
        """Read the response from a previously sent command"""
        read_timeout = timeout if timeout is not None else self.socket_timeout
        host_error = self._host_error()
        try:
            if read_timeout is not None and self.protocol in ["3", 3]:
                async with async_timeout(read_timeout):
                    response = await self._parser.read_response(
                        disable_decoding=disable_decoding, push_request=push_request
                    )
            elif read_timeout is not None:
                async with async_timeout(read_timeout):
>                   response = await self._parser.read_response(
                        disable_decoding=disable_decoding

F:\py\Lib\site-packages\redis\asyncio\connection.py:725: 
_ _ _ _ _ _ _ _ _ _ _ _ _ _ _ _ _ _ _ _ _ _ _ _ _ _ _ _ _ _ _ _ _ _ _ _ _ _ _ _
F:\py\Lib\site-packages\redis\_parsers\resp2.py:82: in read_response
    response = await self._read_response(disable_decoding=disable_decoding)
               ^^^^^^^^^^^^^^^^^^^^^^^^^^^^^^^^^^^^^^^^^^^^^^^^^^^^^^^^^^^^
F:\py\Lib\site-packages\redis\_parsers\resp2.py:90: in _read_response
    raw = await self._readline()
          ^^^^^^^^^^^^^^^^^^^^^^
F:\py\Lib\site-packages\redis\_parsers\base.py:559: in _readline
    data = await self._stream.readline()
           ^^^^^^^^^^^^^^^^^^^^^^^^^^^^^
F:\py\Lib\asyncio\streams.py:562: in readline
    line = await self.readuntil(sep)
           ^^^^^^^^^^^^^^^^^^^^^^^^^
F:\py\Lib\asyncio\streams.py:677: in readuntil
    await self._wait_for_data('readuntil')
F:\py\Lib\asyncio\streams.py:539: in _wait_for_data
    await self._waiter
F:\py\Lib\asyncio\proactor_events.py:286: in _loop_reading
    length = fut.result()
             ^^^^^^^^^^^^
F:\py\Lib\asyncio\windows_events.py:804: in _poll
    value = callback(transferred, key, ov)
            ^^^^^^^^^^^^^^^^^^^^^^^^^^^^^^
_ _ _ _ _ _ _ _ _ _ _ _ _ _ _ _ _ _ _ _ _ _ _ _ _ _ _ _ _ _ _ _ _ _ _ _ _ _ _ _

trans = 0, key = 0, ov = <_overlapped.Overlapped object at 0x0000027C302A31B0>

    @staticmethod
    def finish_socket_func(trans, key, ov):
        try:
            return ov.getresult()
        except OSError as exc:
            if exc.winerror in (_overlapped.ERROR_NETNAME_DELETED,
                                _overlapped.ERROR_OPERATION_ABORTED):
>               raise ConnectionResetError(*exc.args)
E               ConnectionResetError: [WinError 64] ÷∏∂®µƒÕ¯¬Á√˚≤ª‘Ÿø…”√°£

F:\py\Lib\asyncio\windows_events.py:467: ConnectionResetError

During handling of the above exception, another exception occurred:

self = <ai_werewolf_core.core.engine.lifecycle.LifecycleManager object at 0x0000027C31F3A120>

    async def _get_redis(self) -> aioredis.Redis:
        """ªÒ»° Redis “Ï≤ΩøÕªß∂À£®¿¡≥ı ºªØ£¨π≤œÌ¡¨Ω”≥ÿ£©°£"""
        if self._redis is None:
            try:
>               self._redis = await RedisClientManager.get_client()
                              ^^^^^^^^^^^^^^^^^^^^^^^^^^^^^^^^^^^^^

ai_werewolf_core\core\engine\lifecycle.py:143: 
_ _ _ _ _ _ _ _ _ _ _ _ _ _ _ _ _ _ _ _ _ _ _ _ _ _ _ _ _ _ _ _ _ _ _ _ _ _ _ _
ai_werewolf_core\utils\redis_client.py:128: in get_client
    await cls._client.ping()
F:\py\Lib\site-packages\redis\asyncio\client.py:764: in execute_command
    conn = self.connection or await pool.get_connection()
                              ^^^^^^^^^^^^^^^^^^^^^^^^^^^
F:\py\Lib\site-packages\redis\utils.py:227: in async_wrapper
    return await func(*args, **kwargs)
           ^^^^^^^^^^^^^^^^^^^^^^^^^^^
F:\py\Lib\site-packages\redis\asyncio\connection.py:1351: in get_connection
    await self.ensure_connection(connection)
F:\py\Lib\site-packages\redis\asyncio\connection.py:1390: in ensure_connection
    await connection.connect()
F:\py\Lib\site-packages\redis\asyncio\connection.py:339: in connect
    await self.retry.call_with_retry(
F:\py\Lib\site-packages\redis\asyncio\retry.py:81: in call_with_retry
    raise error
F:\py\Lib\site-packages\redis\asyncio\retry.py:69: in call_with_retry
    return await do()
           ^^^^^^^^^^
F:\py\Lib\site-packages\redis\asyncio\connection.py:403: in connect_check_health
    await self.on_connect_check_health(check_health=check_health)
F:\py\Lib\site-packages\redis\asyncio\connection.py:560: in on_connect_check_health
    await self.read_response()
_ _ _ _ _ _ _ _ _ _ _ _ _ _ _ _ _ _ _ _ _ _ _ _ _ _ _ _ _ _ _ _ _ _ _ _ _ _ _ _

self = <redis.asyncio.connection.Connection(host=192.168.100.128,port=6379,db=1)>
disable_decoding = False, timeout = None

    async def read_response(
        self,
        disable_decoding: bool = False,
        timeout: Optional[float] = None,
        *,
        disconnect_on_error: bool = True,
        push_request: Optional[bool] = False,
    ):
        """Read the response from a previously sent command"""
        read_timeout = timeout if timeout is not None else self.socket_timeout
        host_error = self._host_error()
        try:
            if read_timeout is not None and self.protocol in ["3", 3]:
                async with async_timeout(read_timeout):
                    response = await self._parser.read_response(
                        disable_decoding=disable_decoding, push_request=push_request
                    )
            elif read_timeout is not None:
                async with async_timeout(read_timeout):
                    response = await self._parser.read_response(
                        disable_decoding=disable_decoding
                    )
            elif self.protocol in ["3", 3]:
                response = await self._parser.read_response(
                    disable_decoding=disable_decoding, push_request=push_request
                )
            else:
                response = await self._parser.read_response(
                    disable_decoding=disable_decoding
                )
        except asyncio.TimeoutError:
            if timeout is not None:
                # user requested timeout, return None. Operation can be retried
                return None
            # it was a self.socket_timeout error.
            if disconnect_on_error:
                await self.disconnect(nowait=True)
            raise TimeoutError(f"Timeout reading from {host_error}")
        except OSError as e:
            if disconnect_on_error:
                await self.disconnect(nowait=True)
>           raise ConnectionError(f"Error while reading from {host_error} : {e.args}")
E           redis.exceptions.ConnectionError: Error while reading from 192.168.100.128:6379 : (22, '÷∏∂®µƒÕ¯¬Á√˚≤ª‘Ÿø…”√°£', None, 64, None)

F:\py\Lib\site-packages\redis\asyncio\connection.py:747: ConnectionError

The above exception was the direct cause of the following exception:

self = <test_lifecycle.TestAbortGame object at 0x0000027C302A5AE0>
lifecycle = <ai_werewolf_core.core.engine.lifecycle.LifecycleManager object at 0x0000027C31F3A120>
event_bus = <ai_werewolf_core.core.event.bus.EventBus object at 0x0000027C324808D0>

    @pytest.mark.asyncio
    async def test_abort_publishes_event_with_reason(self, lifecycle, event_bus):
        """abort_game ”¶∑¢≤º◊¥Ã¨±‰∏¸ ¬º˛£¨≤¢’˝»∑ÕÍ≥…÷–÷π¡˜≥Ã°£"""
        captured = []
        event_bus.publish = AsyncMock(side_effect=lambda e: captured.append(e))
    
>       await lifecycle.init_game()

tests\unit\core\engine\test_lifecycle.py:349: 
_ _ _ _ _ _ _ _ _ _ _ _ _ _ _ _ _ _ _ _ _ _ _ _ _ _ _ _ _ _ _ _ _ _ _ _ _ _ _ _
ai_werewolf_core\core\engine\lifecycle.py:420: in init_game
    current_status = await self.get_status()
                     ^^^^^^^^^^^^^^^^^^^^^^^
ai_werewolf_core\core\engine\lifecycle.py:262: in get_status
    status = await self._get_status_from_redis()
             ^^^^^^^^^^^^^^^^^^^^^^^^^^^^^^^^^^^
ai_werewolf_core\core\engine\lifecycle.py:167: in _get_status_from_redis
    redis = await self._get_redis()
            ^^^^^^^^^^^^^^^^^^^^^^^
_ _ _ _ _ _ _ _ _ _ _ _ _ _ _ _ _ _ _ _ _ _ _ _ _ _ _ _ _ _ _ _ _ _ _ _ _ _ _ _

self = <ai_werewolf_core.core.engine.lifecycle.LifecycleManager object at 0x0000027C31F3A120>

    async def _get_redis(self) -> aioredis.Redis:
        """ªÒ»° Redis “Ï≤ΩøÕªß∂À£®¿¡≥ı ºªØ£¨π≤œÌ¡¨Ω”≥ÿ£©°£"""
        if self._redis is None:
            try:
                self._redis = await RedisClientManager.get_client()
                self._logger.debug("LifecycleManager “—ªÒ»°π≤œÌ Redis øÕªß∂À")
            except (aioredis.ConnectionError, aioredis.TimeoutError) as e:
>               raise RedisUnavailableException(
                    f"LifecycleManager Œﬁ∑®ªÒ»° Redis øÕªß∂À: game_id={self.game_id}"
                ) from e
E               ai_werewolf_core.utils.redis_seq.RedisUnavailableException: LifecycleManager Œﬁ∑®ªÒ»° Redis øÕªß∂À: game_id=test_lifecycle_818bb709c9dc427bb85d5d7322010716

ai_werewolf_core\core\engine\lifecycle.py:146: RedisUnavailableException
---------------------------- Captured stderr setup ----------------------------
[2m2026-05-14T21:35:11.518114+08:00[0m [[32m[1mdebug    [0m] [1mglobal_subscribe              [0m [[0m[1m[34mai_werewolf_core.core.event.bus[0m][0m [36mhandler[0m=[35m_default_log_subscriber[0m
[2m2026-05-14T21:35:11.518251+08:00[0m [[32m[1mdebug    [0m] [1mglobal_subscribe              [0m [[0m[1m[34mai_werewolf_core.core.event.bus[0m][0m [36mhandler[0m=[35m_persist_to_db[0m
----------------------------- Captured log setup ------------------------------
DEBUG    ai_werewolf_core.core.event.bus:bus.py:519 {'handler': '_default_log_subscriber', 'event': 'global_subscribe', 'level': 'debug', 'logger': 'ai_werewolf_core.core.event.bus', 'timestamp': '2026-05-14T21:35:11.518114+08:00'}
DEBUG    ai_werewolf_core.core.event.bus:bus.py:519 {'handler': '_persist_to_db', 'event': 'global_subscribe', 'level': 'debug', 'logger': 'ai_werewolf_core.core.event.bus', 'timestamp': '2026-05-14T21:35:11.518251+08:00'}
---------------------------- Captured stderr call -----------------------------
[2m2026-05-14T21:35:11.519074+08:00[0m [[32m[1minfo     [0m] [1mgame_init                     [0m [[0m[1m[34mai_werewolf_core.core.engine.lifecycle[0m][0m [36mgame_id[0m=[35mtest_lifecycle_818bb709c9dc427bb85d5d7322010716[0m [36mmodule[0m=[35mLifecycleManager[0m
[2m2026-05-14T21:35:11.519246+08:00[0m [[32m[1mdebug    [0m] [1mRedis ¡¨Ω”≥ÿ“—¥¥Ω®                  [0m [[0m[1m[34mai_werewolf_core.utils.redis_client[0m][0m [36mmax_connections[0m=[35m300[0m [36msocket_timeout[0m=[35m10[0m
[2m2026-05-14T21:35:16.522577+08:00[0m [[31m[1merror    [0m] [1mRedis ¡¨Ω”—È÷§ ß∞‹ (PING)           [0m [[0m[1m[34mai_werewolf_core.utils.redis_client[0m][0m [36merror[0m=[35m"Error while reading from 192.168.100.128:6379 : (22, '÷∏∂®µƒÕ¯¬Á√˚≤ª‘Ÿø…”√°£', None, 64, None)"[0m [36mhost[0m=[35m192.168.100.128[0m [36mport[0m=[35m6379[0m
Traceback (most recent call last):
  File "F:\py\Lib\asyncio\windows_events.py", line 463, in finish_socket_func
    return ov.getresult()
           ~~~~~~~~~~~~^^
OSError: [WinError 64] ÷∏∂®µƒÕ¯¬Á√˚≤ª‘Ÿø…”√°£

During handling of the above exception, another exception occurred:

Traceback (most recent call last):
  File "F:\py\Lib\site-packages\redis\asyncio\connection.py", line 725, in read_response
    response = await self._parser.read_response(
               ^^^^^^^^^^^^^^^^^^^^^^^^^^^^^^^^^
        disable_decoding=disable_decoding
        ^^^^^^^^^^^^^^^^^^^^^^^^^^^^^^^^^
    )
    ^
  File "F:\py\Lib\site-packages\redis\_parsers\resp2.py", line 82, in read_response
    response = await self._read_response(disable_decoding=disable_decoding)
               ^^^^^^^^^^^^^^^^^^^^^^^^^^^^^^^^^^^^^^^^^^^^^^^^^^^^^^^^^^^^
  File "F:\py\Lib\site-packages\redis\_parsers\resp2.py", line 90, in _read_response
    raw = await self._readline()
          ^^^^^^^^^^^^^^^^^^^^^^
  File "F:\py\Lib\site-packages\redis\_parsers\base.py", line 559, in _readline
    data = await self._stream.readline()
           ^^^^^^^^^^^^^^^^^^^^^^^^^^^^^
  File "F:\py\Lib\asyncio\streams.py", line 562, in readline
    line = await self.readuntil(sep)
           ^^^^^^^^^^^^^^^^^^^^^^^^^
  File "F:\py\Lib\asyncio\streams.py", line 677, in readuntil
    await self._wait_for_data('readuntil')
  File "F:\py\Lib\asyncio\streams.py", line 539, in _wait_for_data
    await self._waiter
  File "F:\py\Lib\asyncio\proactor_events.py", line 286, in _loop_reading
    length = fut.result()
  File "F:\py\Lib\asyncio\windows_events.py", line 804, in _poll
    value = callback(transferred, key, ov)
  File "F:\py\Lib\asyncio\windows_events.py", line 467, in finish_socket_func
    raise ConnectionResetError(*exc.args)
ConnectionResetError: [WinError 64] ÷∏∂®µƒÕ¯¬Á√˚≤ª‘Ÿø…”√°£

During handling of the above exception, another exception occurred:

Traceback (most recent call last):
  File "F:\YilenaCode\Werewolf\ai_werewolf_core\utils\redis_client.py", line 128, in get_client
    await cls._client.ping()
  File "F:\py\Lib\site-packages\redis\asyncio\client.py", line 764, in execute_command
    conn = self.connection or await pool.get_connection()
                              ^^^^^^^^^^^^^^^^^^^^^^^^^^^
  File "F:\py\Lib\site-packages\redis\utils.py", line 227, in async_wrapper
    return await func(*args, **kwargs)
           ^^^^^^^^^^^^^^^^^^^^^^^^^^^
  File "F:\py\Lib\site-packages\redis\asyncio\connection.py", line 1351, in get_connection
    await self.ensure_connection(connection)
  File "F:\py\Lib\site-packages\redis\asyncio\connection.py", line 1390, in ensure_connection
    await connection.connect()
  File "F:\py\Lib\site-packages\redis\asyncio\connection.py", line 339, in connect
    await self.retry.call_with_retry(
    ...<7 lines>...
    )
  File "F:\py\Lib\site-packages\redis\asyncio\retry.py", line 81, in call_with_retry
    raise error
  File "F:\py\Lib\site-packages\redis\asyncio\retry.py", line 69, in call_with_retry
    return await do()
           ^^^^^^^^^^
  File "F:\py\Lib\site-packages\redis\asyncio\connection.py", line 403, in connect_check_health
    await self.on_connect_check_health(check_health=check_health)
  File "F:\py\Lib\site-packages\redis\asyncio\connection.py", line 560, in on_connect_check_health
    await self.read_response()
  File "F:\py\Lib\site-packages\redis\asyncio\connection.py", line 747, in read_response
    raise ConnectionError(f"Error while reading from {host_error} : {e.args}")
redis.exceptions.ConnectionError: Error while reading from 192.168.100.128:6379 : (22, '÷∏∂®µƒÕ¯¬Á√˚≤ª‘Ÿø…”√°£', None, 64, None)
------------------------------ Captured log call ------------------------------
INFO     ai_werewolf_core.core.engine.lifecycle:lifecycle.py:418 {'game_id': 'test_lifecycle_818bb709c9dc427bb85d5d7322010716', 'module': 'LifecycleManager', 'event': 'game_init', 'level': 'info', 'logger': 'ai_werewolf_core.core.engine.lifecycle', 'timestamp': '2026-05-14T21:35:11.519074+08:00'}
DEBUG    ai_werewolf_core.utils.redis_client:redis_client.py:243 {'max_connections': 300, 'socket_timeout': 10, 'event': 'Redis ¡¨Ω”≥ÿ“—¥¥Ω®', 'level': 'debug', 'logger': 'ai_werewolf_core.utils.redis_client', 'timestamp': '2026-05-14T21:35:11.519246+08:00'}
ERROR    ai_werewolf_core.utils.redis_client:redis_client.py:130 {'host': '192.168.100.128', 'port': 6379, 'error': "Error while reading from 192.168.100.128:6379 : (22, '÷∏∂®µƒÕ¯¬Á√˚≤ª‘Ÿø…”√°£', None, 64, None)", 'event': 'Redis ¡¨Ω”—È÷§ ß∞‹ (PING)', 'level': 'error', 'logger': 'ai_werewolf_core.utils.redis_client', 'timestamp': '2026-05-14T21:35:16.522577+08:00', 'exception': 'Traceback (most recent call last):\n  File "F:\\py\\Lib\\asyncio\\windows_events.py", line 463, in finish_socket_func\n    return ov.getresult()\n           ~~~~~~~~~~~~^^\nOSError: [WinError 64] ÷∏∂®µƒÕ¯¬Á√˚≤ª‘Ÿø…”√°£\n\nDuring handling of the above exception, another exception occurred:\n\nTraceback (most recent call last):\n  File "F:\\py\\Lib\\site-packages\\redis\\asyncio\\connection.py", line 725, in read_response\n    response = await self._parser.read_response(\n               ^^^^^^^^^^^^^^^^^^^^^^^^^^^^^^^^^\n        disable_decoding=disable_decoding\n        ^^^^^^^^^^^^^^^^^^^^^^^^^^^^^^^^^\n    )\n    ^\n  File "F:\\py\\Lib\\site-packages\\redis\\_parsers\\resp2.py", line 82, in read_response\n    response = await self._read_response(disable_decoding=disable_decoding)\n               ^^^^^^^^^^^^^^^^^^^^^^^^^^^^^^^^^^^^^^^^^^^^^^^^^^^^^^^^^^^^\n  File "F:\\py\\Lib\\site-packages\\redis\\_parsers\\resp2.py", line 90, in _read_response\n    raw = await self._readline()\n          ^^^^^^^^^^^^^^^^^^^^^^\n  File "F:\\py\\Lib\\site-packages\\redis\\_parsers\\base.py", line 559, in _readline\n    data = await self._stream.readline()\n           ^^^^^^^^^^^^^^^^^^^^^^^^^^^^^\n  File "F:\\py\\Lib\\asyncio\\streams.py", line 562, in readline\n    line = await self.readuntil(sep)\n           ^^^^^^^^^^^^^^^^^^^^^^^^^\n  File "F:\\py\\Lib\\asyncio\\streams.py", line 677, in readuntil\n    await self._wait_for_data(\'readuntil\')\n  File "F:\\py\\Lib\\asyncio\\streams.py", line 539, in _wait_for_data\n    await self._waiter\n  File "F:\\py\\Lib\\asyncio\\proactor_events.py", line 286, in _loop_reading\n    length = fut.result()\n  File "F:\\py\\Lib\\asyncio\\windows_events.py", line 804, in _poll\n    value = callback(transferred, key, ov)\n  File "F:\\py\\Lib\\asyncio\\windows_events.py", line 467, in finish_socket_func\n    raise ConnectionResetError(*exc.args)\nConnectionResetError: [WinError 64] ÷∏∂®µƒÕ¯¬Á√˚≤ª‘Ÿø…”√°£\n\nDuring handling of the above exception, another exception occurred:\n\nTraceback (most recent call last):\n  File "F:\\YilenaCode\\Werewolf\\ai_werewolf_core\\utils\\redis_client.py", line 128, in get_client\n    await cls._client.ping()\n  File "F:\\py\\Lib\\site-packages\\redis\\asyncio\\client.py", line 764, in execute_command\n    conn = self.connection or await pool.get_connection()\n                              ^^^^^^^^^^^^^^^^^^^^^^^^^^^\n  File "F:\\py\\Lib\\site-packages\\redis\\utils.py", line 227, in async_wrapper\n    return await func(*args, **kwargs)\n           ^^^^^^^^^^^^^^^^^^^^^^^^^^^\n  File "F:\\py\\Lib\\site-packages\\redis\\asyncio\\connection.py", line 1351, in get_connection\n    await self.ensure_connection(connection)\n  File "F:\\py\\Lib\\site-packages\\redis\\asyncio\\connection.py", line 1390, in ensure_connection\n    await connection.connect()\n  File "F:\\py\\Lib\\site-packages\\redis\\asyncio\\connection.py", line 339, in connect\n    await self.retry.call_with_retry(\n    ...<7 lines>...\n    )\n  File "F:\\py\\Lib\\site-packages\\redis\\asyncio\\retry.py", line 81, in call_with_retry\n    raise error\n  File "F:\\py\\Lib\\site-packages\\redis\\asyncio\\retry.py", line 69, in call_with_retry\n    return await do()\n           ^^^^^^^^^^\n  File "F:\\py\\Lib\\site-packages\\redis\\asyncio\\connection.py", line 403, in connect_check_health\n    await self.on_connect_check_health(check_health=check_health)\n  File "F:\\py\\Lib\\site-packages\\redis\\asyncio\\connection.py", line 560, in on_connect_check_health\n    await self.read_response()\n  File "F:\\py\\Lib\\site-packages\\redis\\asyncio\\connection.py", line 747, in read_response\n    raise ConnectionError(f"Error while reading from {host_error} : {e.args}")\nredis.exceptions.ConnectionError: Error while reading from 192.168.100.128:6379 : (22, \'÷∏∂®µƒÕ¯¬Á√˚≤ª‘Ÿø…”√°£\', None, 64, None)'}
-------------------------- Captured stderr teardown ---------------------------
[2m2026-05-14T21:35:16.684292+08:00[0m [[32m[1mdebug    [0m] [1mRedis ¡¨Ω”≥ÿ“—¥¥Ω®                  [0m [[0m[1m[34mai_werewolf_core.utils.redis_client[0m][0m [36mmax_connections[0m=[35m300[0m [36msocket_timeout[0m=[35m10[0m
[2m2026-05-14T21:35:21.687518+08:00[0m [[31m[1merror    [0m] [1mRedis ¡¨Ω”—È÷§ ß∞‹ (PING)           [0m [[0m[1m[34mai_werewolf_core.utils.redis_client[0m][0m [36merror[0m=[35m"Error while reading from 192.168.100.128:6379 : (22, '÷∏∂®µƒÕ¯¬Á√˚≤ª‘Ÿø…”√°£', None, 64, None)"[0m [36mhost[0m=[35m192.168.100.128[0m [36mport[0m=[35m6379[0m
Traceback (most recent call last):
  File "F:\py\Lib\asyncio\windows_events.py", line 463, in finish_socket_func
    return ov.getresult()
           ~~~~~~~~~~~~^^
OSError: [WinError 64] ÷∏∂®µƒÕ¯¬Á√˚≤ª‘Ÿø…”√°£

During handling of the above exception, another exception occurred:

Traceback (most recent call last):
  File "F:\py\Lib\site-packages\redis\asyncio\connection.py", line 725, in read_response
    response = await self._parser.read_response(
               ^^^^^^^^^^^^^^^^^^^^^^^^^^^^^^^^^
        disable_decoding=disable_decoding
        ^^^^^^^^^^^^^^^^^^^^^^^^^^^^^^^^^
    )
    ^
  File "F:\py\Lib\site-packages\redis\_parsers\resp2.py", line 82, in read_response
    response = await self._read_response(disable_decoding=disable_decoding)
               ^^^^^^^^^^^^^^^^^^^^^^^^^^^^^^^^^^^^^^^^^^^^^^^^^^^^^^^^^^^^
  File "F:\py\Lib\site-packages\redis\_parsers\resp2.py", line 90, in _read_response
    raw = await self._readline()
          ^^^^^^^^^^^^^^^^^^^^^^
  File "F:\py\Lib\site-packages\redis\_parsers\base.py", line 559, in _readline
    data = await self._stream.readline()
           ^^^^^^^^^^^^^^^^^^^^^^^^^^^^^
  File "F:\py\Lib\asyncio\streams.py", line 562, in readline
    line = await self.readuntil(sep)
           ^^^^^^^^^^^^^^^^^^^^^^^^^
  File "F:\py\Lib\asyncio\streams.py", line 677, in readuntil
    await self._wait_for_data('readuntil')
  File "F:\py\Lib\asyncio\streams.py", line 539, in _wait_for_data
    await self._waiter
  File "F:\py\Lib\asyncio\proactor_events.py", line 286, in _loop_reading
    length = fut.result()
  File "F:\py\Lib\asyncio\windows_events.py", line 804, in _poll
    value = callback(transferred, key, ov)
  File "F:\py\Lib\asyncio\windows_events.py", line 467, in finish_socket_func
    raise ConnectionResetError(*exc.args)
ConnectionResetError: [WinError 64] ÷∏∂®µƒÕ¯¬Á√˚≤ª‘Ÿø…”√°£

During handling of the above exception, another exception occurred:

Traceback (most recent call last):
  File "F:\YilenaCode\Werewolf\ai_werewolf_core\utils\redis_client.py", line 128, in get_client
    await cls._client.ping()
  File "F:\py\Lib\site-packages\redis\asyncio\client.py", line 764, in execute_command
    conn = self.connection or await pool.get_connection()
                              ^^^^^^^^^^^^^^^^^^^^^^^^^^^
  File "F:\py\Lib\site-packages\redis\utils.py", line 227, in async_wrapper
    return await func(*args, **kwargs)
           ^^^^^^^^^^^^^^^^^^^^^^^^^^^
  File "F:\py\Lib\site-packages\redis\asyncio\connection.py", line 1351, in get_connection
    await self.ensure_connection(connection)
  File "F:\py\Lib\site-packages\redis\asyncio\connection.py", line 1390, in ensure_connection
    await connection.connect()
  File "F:\py\Lib\site-packages\redis\asyncio\connection.py", line 339, in connect
    await self.retry.call_with_retry(
    ...<7 lines>...
    )
  File "F:\py\Lib\site-packages\redis\asyncio\retry.py", line 81, in call_with_retry
    raise error
  File "F:\py\Lib\site-packages\redis\asyncio\retry.py", line 69, in call_with_retry
    return await do()
           ^^^^^^^^^^
  File "F:\py\Lib\site-packages\redis\asyncio\connection.py", line 403, in connect_check_health
    await self.on_connect_check_health(check_health=check_health)
  File "F:\py\Lib\site-packages\redis\asyncio\connection.py", line 560, in on_connect_check_health
    await self.read_response()
  File "F:\py\Lib\site-packages\redis\asyncio\connection.py", line 747, in read_response
    raise ConnectionError(f"Error while reading from {host_error} : {e.args}")
redis.exceptions.ConnectionError: Error while reading from 192.168.100.128:6379 : (22, '÷∏∂®µƒÕ¯¬Á√˚≤ª‘Ÿø…”√°£', None, 64, None)
[2m2026-05-14T21:35:21.690104+08:00[0m [[31m[1merror    [0m] [1m«Â¿Ì ¬º˛ Stream “Ï≥£                [0m [[0m[1m[34mai_werewolf_core.core.event.bus[0m][0m [36merror[0m=[35m'EventBus Œﬁ∑®ªÒ»° Redis øÕªß∂À'[0m [36mgame_id[0m=[35mNone[0m
Traceback (most recent call last):
  File "F:\py\Lib\asyncio\windows_events.py", line 463, in finish_socket_func
    return ov.getresult()
           ~~~~~~~~~~~~^^
OSError: [WinError 64] ÷∏∂®µƒÕ¯¬Á√˚≤ª‘Ÿø…”√°£

During handling of the above exception, another exception occurred:

Traceback (most recent call last):
  File "F:\py\Lib\site-packages\redis\asyncio\connection.py", line 725, in read_response
    response = await self._parser.read_response(
               ^^^^^^^^^^^^^^^^^^^^^^^^^^^^^^^^^
        disable_decoding=disable_decoding
        ^^^^^^^^^^^^^^^^^^^^^^^^^^^^^^^^^
    )
    ^
  File "F:\py\Lib\site-packages\redis\_parsers\resp2.py", line 82, in read_response
    response = await self._read_response(disable_decoding=disable_decoding)
               ^^^^^^^^^^^^^^^^^^^^^^^^^^^^^^^^^^^^^^^^^^^^^^^^^^^^^^^^^^^^
  File "F:\py\Lib\site-packages\redis\_parsers\resp2.py", line 90, in _read_response
    raw = await self._readline()
          ^^^^^^^^^^^^^^^^^^^^^^
  File "F:\py\Lib\site-packages\redis\_parsers\base.py", line 559, in _readline
    data = await self._stream.readline()
           ^^^^^^^^^^^^^^^^^^^^^^^^^^^^^
  File "F:\py\Lib\asyncio\streams.py", line 562, in readline
    line = await self.readuntil(sep)
           ^^^^^^^^^^^^^^^^^^^^^^^^^
  File "F:\py\Lib\asyncio\streams.py", line 677, in readuntil
    await self._wait_for_data('readuntil')
  File "F:\py\Lib\asyncio\streams.py", line 539, in _wait_for_data
    await self._waiter
  File "F:\py\Lib\asyncio\proactor_events.py", line 286, in _loop_reading
    length = fut.result()
  File "F:\py\Lib\asyncio\windows_events.py", line 804, in _poll
    value = callback(transferred, key, ov)
  File "F:\py\Lib\asyncio\windows_events.py", line 467, in finish_socket_func
    raise ConnectionResetError(*exc.args)
ConnectionResetError: [WinError 64] ÷∏∂®µƒÕ¯¬Á√˚≤ª‘Ÿø…”√°£

During handling of the above exception, another exception occurred:

Traceback (most recent call last):
  File "F:\YilenaCode\Werewolf\ai_werewolf_core\core\event\bus.py", line 111, in _get_redis
    self._redis_client = await RedisClientManager.get_client()
                         ^^^^^^^^^^^^^^^^^^^^^^^^^^^^^^^^^^^^^
  File "F:\YilenaCode\Werewolf\ai_werewolf_core\utils\redis_client.py", line 128, in get_client
    await cls._client.ping()
  File "F:\py\Lib\site-packages\redis\asyncio\client.py", line 764, in execute_command
    conn = self.connection or await pool.get_connection()
                              ^^^^^^^^^^^^^^^^^^^^^^^^^^^
  File "F:\py\Lib\site-packages\redis\utils.py", line 227, in async_wrapper
    return await func(*args, **kwargs)
           ^^^^^^^^^^^^^^^^^^^^^^^^^^^
  File "F:\py\Lib\site-packages\redis\asyncio\connection.py", line 1351, in get_connection
    await self.ensure_connection(connection)
  File "F:\py\Lib\site-packages\redis\asyncio\connection.py", line 1390, in ensure_connection
    await connection.connect()
  File "F:\py\Lib\site-packages\redis\asyncio\connection.py", line 339, in connect
    await self.retry.call_with_retry(
    ...<7 lines>...
    )
  File "F:\py\Lib\site-packages\redis\asyncio\retry.py", line 81, in call_with_retry
    raise error
  File "F:\py\Lib\site-packages\redis\asyncio\retry.py", line 69, in call_with_retry
    return await do()
           ^^^^^^^^^^
  File "F:\py\Lib\site-packages\redis\asyncio\connection.py", line 403, in connect_check_health
    await self.on_connect_check_health(check_health=check_health)
  File "F:\py\Lib\site-packages\redis\asyncio\connection.py", line 560, in on_connect_check_health
    await self.read_response()
  File "F:\py\Lib\site-packages\redis\asyncio\connection.py", line 747, in read_response
    raise ConnectionError(f"Error while reading from {host_error} : {e.args}")
redis.exceptions.ConnectionError: Error while reading from 192.168.100.128:6379 : (22, '÷∏∂®µƒÕ¯¬Á√˚≤ª‘Ÿø…”√°£', None, 64, None)

The above exception was the direct cause of the following exception:

Traceback (most recent call last):
  File "F:\YilenaCode\Werewolf\ai_werewolf_core\core\event\bus.py", line 710, in clear
    redis = await self._get_redis()
            ^^^^^^^^^^^^^^^^^^^^^^^
  File "F:\YilenaCode\Werewolf\ai_werewolf_core\core\event\bus.py", line 114, in _get_redis
    raise RedisUnavailableException(
        "EventBus Œﬁ∑®ªÒ»° Redis øÕªß∂À"
    ) from e
ai_werewolf_core.utils.redis_seq.RedisUnavailableException: EventBus Œﬁ∑®ªÒ»° Redis øÕªß∂À
---------------------------- Captured log teardown ----------------------------
DEBUG    ai_werewolf_core.utils.redis_client:redis_client.py:243 {'max_connections': 300, 'socket_timeout': 10, 'event': 'Redis ¡¨Ω”≥ÿ“—¥¥Ω®', 'level': 'debug', 'logger': 'ai_werewolf_core.utils.redis_client', 'timestamp': '2026-05-14T21:35:16.684292+08:00'}
ERROR    ai_werewolf_core.utils.redis_client:redis_client.py:130 {'host': '192.168.100.128', 'port': 6379, 'error': "Error while reading from 192.168.100.128:6379 : (22, '÷∏∂®µƒÕ¯¬Á√˚≤ª‘Ÿø…”√°£', None, 64, None)", 'event': 'Redis ¡¨Ω”—È÷§ ß∞‹ (PING)', 'level': 'error', 'logger': 'ai_werewolf_core.utils.redis_client', 'timestamp': '2026-05-14T21:35:21.687518+08:00', 'exception': 'Traceback (most recent call last):\n  File "F:\\py\\Lib\\asyncio\\windows_events.py", line 463, in finish_socket_func\n    return ov.getresult()\n           ~~~~~~~~~~~~^^\nOSError: [WinError 64] ÷∏∂®µƒÕ¯¬Á√˚≤ª‘Ÿø…”√°£\n\nDuring handling of the above exception, another exception occurred:\n\nTraceback (most recent call last):\n  File "F:\\py\\Lib\\site-packages\\redis\\asyncio\\connection.py", line 725, in read_response\n    response = await self._parser.read_response(\n               ^^^^^^^^^^^^^^^^^^^^^^^^^^^^^^^^^\n        disable_decoding=disable_decoding\n        ^^^^^^^^^^^^^^^^^^^^^^^^^^^^^^^^^\n    )\n    ^\n  File "F:\\py\\Lib\\site-packages\\redis\\_parsers\\resp2.py", line 82, in read_response\n    response = await self._read_response(disable_decoding=disable_decoding)\n               ^^^^^^^^^^^^^^^^^^^^^^^^^^^^^^^^^^^^^^^^^^^^^^^^^^^^^^^^^^^^\n  File "F:\\py\\Lib\\site-packages\\redis\\_parsers\\resp2.py", line 90, in _read_response\n    raw = await self._readline()\n          ^^^^^^^^^^^^^^^^^^^^^^\n  File "F:\\py\\Lib\\site-packages\\redis\\_parsers\\base.py", line 559, in _readline\n    data = await self._stream.readline()\n           ^^^^^^^^^^^^^^^^^^^^^^^^^^^^^\n  File "F:\\py\\Lib\\asyncio\\streams.py", line 562, in readline\n    line = await self.readuntil(sep)\n           ^^^^^^^^^^^^^^^^^^^^^^^^^\n  File "F:\\py\\Lib\\asyncio\\streams.py", line 677, in readuntil\n    await self._wait_for_data(\'readuntil\')\n  File "F:\\py\\Lib\\asyncio\\streams.py", line 539, in _wait_for_data\n    await self._waiter\n  File "F:\\py\\Lib\\asyncio\\proactor_events.py", line 286, in _loop_reading\n    length = fut.result()\n  File "F:\\py\\Lib\\asyncio\\windows_events.py", line 804, in _poll\n    value = callback(transferred, key, ov)\n  File "F:\\py\\Lib\\asyncio\\windows_events.py", line 467, in finish_socket_func\n    raise ConnectionResetError(*exc.args)\nConnectionResetError: [WinError 64] ÷∏∂®µƒÕ¯¬Á√˚≤ª‘Ÿø…”√°£\n\nDuring handling of the above exception, another exception occurred:\n\nTraceback (most recent call last):\n  File "F:\\YilenaCode\\Werewolf\\ai_werewolf_core\\utils\\redis_client.py", line 128, in get_client\n    await cls._client.ping()\n  File "F:\\py\\Lib\\site-packages\\redis\\asyncio\\client.py", line 764, in execute_command\n    conn = self.connection or await pool.get_connection()\n                              ^^^^^^^^^^^^^^^^^^^^^^^^^^^\n  File "F:\\py\\Lib\\site-packages\\redis\\utils.py", line 227, in async_wrapper\n    return await func(*args, **kwargs)\n           ^^^^^^^^^^^^^^^^^^^^^^^^^^^\n  File "F:\\py\\Lib\\site-packages\\redis\\asyncio\\connection.py", line 1351, in get_connection\n    await self.ensure_connection(connection)\n  File "F:\\py\\Lib\\site-packages\\redis\\asyncio\\connection.py", line 1390, in ensure_connection\n    await connection.connect()\n  File "F:\\py\\Lib\\site-packages\\redis\\asyncio\\connection.py", line 339, in connect\n    await self.retry.call_with_retry(\n    ...<7 lines>...\n    )\n  File "F:\\py\\Lib\\site-packages\\redis\\asyncio\\retry.py", line 81, in call_with_retry\n    raise error\n  File "F:\\py\\Lib\\site-packages\\redis\\asyncio\\retry.py", line 69, in call_with_retry\n    return await do()\n           ^^^^^^^^^^\n  File "F:\\py\\Lib\\site-packages\\redis\\asyncio\\connection.py", line 403, in connect_check_health\n    await self.on_connect_check_health(check_health=check_health)\n  File "F:\\py\\Lib\\site-packages\\redis\\asyncio\\connection.py", line 560, in on_connect_check_health\n    await self.read_response()\n  File "F:\\py\\Lib\\site-packages\\redis\\asyncio\\connection.py", line 747, in read_response\n    raise ConnectionError(f"Error while reading from {host_error} : {e.args}")\nredis.exceptions.ConnectionError: Error while reading from 192.168.100.128:6379 : (22, \'÷∏∂®µƒÕ¯¬Á√˚≤ª‘Ÿø…”√°£\', None, 64, None)'}
ERROR    ai_werewolf_core.core.event.bus:bus.py:741 {'game_id': None, 'error': 'EventBus Œﬁ∑®ªÒ»° Redis øÕªß∂À', 'event': '«Â¿Ì ¬º˛ Stream “Ï≥£', 'level': 'error', 'logger': 'ai_werewolf_core.core.event.bus', 'timestamp': '2026-05-14T21:35:21.690104+08:00', 'exception': 'Traceback (most recent call last):\n  File "F:\\py\\Lib\\asyncio\\windows_events.py", line 463, in finish_socket_func\n    return ov.getresult()\n           ~~~~~~~~~~~~^^\nOSError: [WinError 64] ÷∏∂®µƒÕ¯¬Á√˚≤ª‘Ÿø…”√°£\n\nDuring handling of the above exception, another exception occurred:\n\nTraceback (most recent call last):\n  File "F:\\py\\Lib\\site-packages\\redis\\asyncio\\connection.py", line 725, in read_response\n    response = await self._parser.read_response(\n               ^^^^^^^^^^^^^^^^^^^^^^^^^^^^^^^^^\n        disable_decoding=disable_decoding\n        ^^^^^^^^^^^^^^^^^^^^^^^^^^^^^^^^^\n    )\n    ^\n  File "F:\\py\\Lib\\site-packages\\redis\\_parsers\\resp2.py", line 82, in read_response\n    response = await self._read_response(disable_decoding=disable_decoding)\n               ^^^^^^^^^^^^^^^^^^^^^^^^^^^^^^^^^^^^^^^^^^^^^^^^^^^^^^^^^^^^\n  File "F:\\py\\Lib\\site-packages\\redis\\_parsers\\resp2.py", line 90, in _read_response\n    raw = await self._readline()\n          ^^^^^^^^^^^^^^^^^^^^^^\n  File "F:\\py\\Lib\\site-packages\\redis\\_parsers\\base.py", line 559, in _readline\n    data = await self._stream.readline()\n           ^^^^^^^^^^^^^^^^^^^^^^^^^^^^^\n  File "F:\\py\\Lib\\asyncio\\streams.py", line 562, in readline\n    line = await self.readuntil(sep)\n           ^^^^^^^^^^^^^^^^^^^^^^^^^\n  File "F:\\py\\Lib\\asyncio\\streams.py", line 677, in readuntil\n    await self._wait_for_data(\'readuntil\')\n  File "F:\\py\\Lib\\asyncio\\streams.py", line 539, in _wait_for_data\n    await self._waiter\n  File "F:\\py\\Lib\\asyncio\\proactor_events.py", line 286, in _loop_reading\n    length = fut.result()\n  File "F:\\py\\Lib\\asyncio\\windows_events.py", line 804, in _poll\n    value = callback(transferred, key, ov)\n  File "F:\\py\\Lib\\asyncio\\windows_events.py", line 467, in finish_socket_func\n    raise ConnectionResetError(*exc.args)\nConnectionResetError: [WinError 64] ÷∏∂®µƒÕ¯¬Á√˚≤ª‘Ÿø…”√°£\n\nDuring handling of the above exception, another exception occurred:\n\nTraceback (most recent call last):\n  File "F:\\YilenaCode\\Werewolf\\ai_werewolf_core\\core\\event\\bus.py", line 111, in _get_redis\n    self._redis_client = await RedisClientManager.get_client()\n                         ^^^^^^^^^^^^^^^^^^^^^^^^^^^^^^^^^^^^^\n  File "F:\\YilenaCode\\Werewolf\\ai_werewolf_core\\utils\\redis_client.py", line 128, in get_client\n    await cls._client.ping()\n  File "F:\\py\\Lib\\site-packages\\redis\\asyncio\\client.py", line 764, in execute_command\n    conn = self.connection or await pool.get_connection()\n                              ^^^^^^^^^^^^^^^^^^^^^^^^^^^\n  File "F:\\py\\Lib\\site-packages\\redis\\utils.py", line 227, in async_wrapper\n    return await func(*args, **kwargs)\n           ^^^^^^^^^^^^^^^^^^^^^^^^^^^\n  File "F:\\py\\Lib\\site-packages\\redis\\asyncio\\connection.py", line 1351, in get_connection\n    await self.ensure_connection(connection)\n  File "F:\\py\\Lib\\site-packages\\redis\\asyncio\\connection.py", line 1390, in ensure_connection\n    await connection.connect()\n  File "F:\\py\\Lib\\site-packages\\redis\\asyncio\\connection.py", line 339, in connect\n    await self.retry.call_with_retry(\n    ...<7 lines>...\n    )\n  File "F:\\py\\Lib\\site-packages\\redis\\asyncio\\retry.py", line 81, in call_with_retry\n    raise error\n  File "F:\\py\\Lib\\site-packages\\redis\\asyncio\\retry.py", line 69, in call_with_retry\n    return await do()\n           ^^^^^^^^^^\n  File "F:\\py\\Lib\\site-packages\\redis\\asyncio\\connection.py", line 403, in connect_check_health\n    await self.on_connect_check_health(check_health=check_health)\n  File "F:\\py\\Lib\\site-packages\\redis\\asyncio\\connection.py", line 560, in on_connect_check_health\n    await self.read_response()\n  File "F:\\py\\Lib\\site-packages\\redis\\asyncio\\connection.py", line 747, in read_response\n    raise ConnectionError(f"Error while reading from {host_error} : {e.args}")\nredis.exceptions.ConnectionError: Error while reading from 192.168.100.128:6379 : (22, \'÷∏∂®µƒÕ¯¬Á√˚≤ª‘Ÿø…”√°£\', None, 64, None)\n\nThe above exception was the direct cause of the following exception:\n\nTraceback (most recent call last):\n  File "F:\\YilenaCode\\Werewolf\\ai_werewolf_core\\core\\event\\bus.py", line 710, in clear\n    redis = await self._get_redis()\n            ^^^^^^^^^^^^^^^^^^^^^^^\n  File "F:\\YilenaCode\\Werewolf\\ai_werewolf_core\\core\\event\\bus.py", line 114, in _get_redis\n    raise RedisUnavailableException(\n        "EventBus Œﬁ∑®ªÒ»° Redis øÕªß∂À"\n    ) from e\nai_werewolf_core.utils.redis_seq.RedisUnavailableException: EventBus Œﬁ∑®ªÒ»° Redis øÕªß∂À'}
__________________ TestLifecycleFullFlow.test_full_game_flow __________________

trans = 0, key = 0, ov = <_overlapped.Overlapped object at 0x0000027C30846730>

    @staticmethod
    def finish_socket_func(trans, key, ov):
        try:
>           return ov.getresult()
                   ^^^^^^^^^^^^^^
E           OSError: [WinError 64] ÷∏∂®µƒÕ¯¬Á√˚≤ª‘Ÿø…”√°£

F:\py\Lib\asyncio\windows_events.py:463: OSError

During handling of the above exception, another exception occurred:

self = <redis.asyncio.connection.Connection(host=192.168.100.128,port=6379,db=1)>
disable_decoding = False, timeout = None

    async def read_response(
        self,
        disable_decoding: bool = False,
        timeout: Optional[float] = None,
        *,
        disconnect_on_error: bool = True,
        push_request: Optional[bool] = False,
    ):
        """Read the response from a previously sent command"""
        read_timeout = timeout if timeout is not None else self.socket_timeout
        host_error = self._host_error()
        try:
            if read_timeout is not None and self.protocol in ["3", 3]:
                async with async_timeout(read_timeout):
                    response = await self._parser.read_response(
                        disable_decoding=disable_decoding, push_request=push_request
                    )
            elif read_timeout is not None:
                async with async_timeout(read_timeout):
>                   response = await self._parser.read_response(
                        disable_decoding=disable_decoding

F:\py\Lib\site-packages\redis\asyncio\connection.py:725: 
_ _ _ _ _ _ _ _ _ _ _ _ _ _ _ _ _ _ _ _ _ _ _ _ _ _ _ _ _ _ _ _ _ _ _ _ _ _ _ _
F:\py\Lib\site-packages\redis\_parsers\resp2.py:82: in read_response
    response = await self._read_response(disable_decoding=disable_decoding)
               ^^^^^^^^^^^^^^^^^^^^^^^^^^^^^^^^^^^^^^^^^^^^^^^^^^^^^^^^^^^^
F:\py\Lib\site-packages\redis\_parsers\resp2.py:90: in _read_response
    raw = await self._readline()
          ^^^^^^^^^^^^^^^^^^^^^^
F:\py\Lib\site-packages\redis\_parsers\base.py:559: in _readline
    data = await self._stream.readline()
           ^^^^^^^^^^^^^^^^^^^^^^^^^^^^^
F:\py\Lib\asyncio\streams.py:562: in readline
    line = await self.readuntil(sep)
           ^^^^^^^^^^^^^^^^^^^^^^^^^
F:\py\Lib\asyncio\streams.py:677: in readuntil
    await self._wait_for_data('readuntil')
F:\py\Lib\asyncio\streams.py:539: in _wait_for_data
    await self._waiter
F:\py\Lib\asyncio\proactor_events.py:286: in _loop_reading
    length = fut.result()
             ^^^^^^^^^^^^
F:\py\Lib\asyncio\windows_events.py:804: in _poll
    value = callback(transferred, key, ov)
            ^^^^^^^^^^^^^^^^^^^^^^^^^^^^^^
_ _ _ _ _ _ _ _ _ _ _ _ _ _ _ _ _ _ _ _ _ _ _ _ _ _ _ _ _ _ _ _ _ _ _ _ _ _ _ _

trans = 0, key = 0, ov = <_overlapped.Overlapped object at 0x0000027C30846730>

    @staticmethod
    def finish_socket_func(trans, key, ov):
        try:
            return ov.getresult()
        except OSError as exc:
            if exc.winerror in (_overlapped.ERROR_NETNAME_DELETED,
                                _overlapped.ERROR_OPERATION_ABORTED):
>               raise ConnectionResetError(*exc.args)
E               ConnectionResetError: [WinError 64] ÷∏∂®µƒÕ¯¬Á√˚≤ª‘Ÿø…”√°£

F:\py\Lib\asyncio\windows_events.py:467: ConnectionResetError

During handling of the above exception, another exception occurred:

self = <ai_werewolf_core.core.engine.lifecycle.LifecycleManager object at 0x0000027C31EDF230>

    async def _get_redis(self) -> aioredis.Redis:
        """ªÒ»° Redis “Ï≤ΩøÕªß∂À£®¿¡≥ı ºªØ£¨π≤œÌ¡¨Ω”≥ÿ£©°£"""
        if self._redis is None:
            try:
>               self._redis = await RedisClientManager.get_client()
                              ^^^^^^^^^^^^^^^^^^^^^^^^^^^^^^^^^^^^^

ai_werewolf_core\core\engine\lifecycle.py:143: 
_ _ _ _ _ _ _ _ _ _ _ _ _ _ _ _ _ _ _ _ _ _ _ _ _ _ _ _ _ _ _ _ _ _ _ _ _ _ _ _
ai_werewolf_core\utils\redis_client.py:128: in get_client
    await cls._client.ping()
F:\py\Lib\site-packages\redis\asyncio\client.py:764: in execute_command
    conn = self.connection or await pool.get_connection()
                              ^^^^^^^^^^^^^^^^^^^^^^^^^^^
F:\py\Lib\site-packages\redis\utils.py:227: in async_wrapper
    return await func(*args, **kwargs)
           ^^^^^^^^^^^^^^^^^^^^^^^^^^^
F:\py\Lib\site-packages\redis\asyncio\connection.py:1351: in get_connection
    await self.ensure_connection(connection)
F:\py\Lib\site-packages\redis\asyncio\connection.py:1390: in ensure_connection
    await connection.connect()
F:\py\Lib\site-packages\redis\asyncio\connection.py:339: in connect
    await self.retry.call_with_retry(
F:\py\Lib\site-packages\redis\asyncio\retry.py:81: in call_with_retry
    raise error
F:\py\Lib\site-packages\redis\asyncio\retry.py:69: in call_with_retry
    return await do()
           ^^^^^^^^^^
F:\py\Lib\site-packages\redis\asyncio\connection.py:403: in connect_check_health
    await self.on_connect_check_health(check_health=check_health)
F:\py\Lib\site-packages\redis\asyncio\connection.py:560: in on_connect_check_health
    await self.read_response()
_ _ _ _ _ _ _ _ _ _ _ _ _ _ _ _ _ _ _ _ _ _ _ _ _ _ _ _ _ _ _ _ _ _ _ _ _ _ _ _

self = <redis.asyncio.connection.Connection(host=192.168.100.128,port=6379,db=1)>
disable_decoding = False, timeout = None

    async def read_response(
        self,
        disable_decoding: bool = False,
        timeout: Optional[float] = None,
        *,
        disconnect_on_error: bool = True,
        push_request: Optional[bool] = False,
    ):
        """Read the response from a previously sent command"""
        read_timeout = timeout if timeout is not None else self.socket_timeout
        host_error = self._host_error()
        try:
            if read_timeout is not None and self.protocol in ["3", 3]:
                async with async_timeout(read_timeout):
                    response = await self._parser.read_response(
                        disable_decoding=disable_decoding, push_request=push_request
                    )
            elif read_timeout is not None:
                async with async_timeout(read_timeout):
                    response = await self._parser.read_response(
                        disable_decoding=disable_decoding
                    )
            elif self.protocol in ["3", 3]:
                response = await self._parser.read_response(
                    disable_decoding=disable_decoding, push_request=push_request
                )
            else:
                response = await self._parser.read_response(
                    disable_decoding=disable_decoding
                )
        except asyncio.TimeoutError:
            if timeout is not None:
                # user requested timeout, return None. Operation can be retried
                return None
            # it was a self.socket_timeout error.
            if disconnect_on_error:
                await self.disconnect(nowait=True)
            raise TimeoutError(f"Timeout reading from {host_error}")
        except OSError as e:
            if disconnect_on_error:
                await self.disconnect(nowait=True)
>           raise ConnectionError(f"Error while reading from {host_error} : {e.args}")
E           redis.exceptions.ConnectionError: Error while reading from 192.168.100.128:6379 : (22, '÷∏∂®µƒÕ¯¬Á√˚≤ª‘Ÿø…”√°£', None, 64, None)

F:\py\Lib\site-packages\redis\asyncio\connection.py:747: ConnectionError

The above exception was the direct cause of the following exception:

self = <test_lifecycle.TestLifecycleFullFlow object at 0x0000027C303D3250>
lifecycle = <ai_werewolf_core.core.engine.lifecycle.LifecycleManager object at 0x0000027C31EDF230>
event_bus = <ai_werewolf_core.core.event.bus.EventBus object at 0x0000027C32490E50>

    @pytest.mark.asyncio
    async def test_full_game_flow(self, lifecycle, event_bus):
        """
        ÕÍ’˚µƒ”Œœ∑¡˜≥Ã: init -> start -> advance phases -> end°£
    
        **Why**: —È÷§ LifecycleManager ‘⁄µ‰–Õ∂‘æ÷≥°æ∞œ¬µƒ––Œ™ÕÍ’˚–‘°£
        """
        captured = []
        event_bus.publish = AsyncMock(side_effect=lambda e: captured.append(e))
    
        # 1. ≥ı ºªØ
>       await lifecycle.init_game()

tests\unit\core\engine\test_lifecycle.py:379: 
_ _ _ _ _ _ _ _ _ _ _ _ _ _ _ _ _ _ _ _ _ _ _ _ _ _ _ _ _ _ _ _ _ _ _ _ _ _ _ _
ai_werewolf_core\core\engine\lifecycle.py:420: in init_game
    current_status = await self.get_status()
                     ^^^^^^^^^^^^^^^^^^^^^^^
ai_werewolf_core\core\engine\lifecycle.py:262: in get_status
    status = await self._get_status_from_redis()
             ^^^^^^^^^^^^^^^^^^^^^^^^^^^^^^^^^^^
ai_werewolf_core\core\engine\lifecycle.py:167: in _get_status_from_redis
    redis = await self._get_redis()
            ^^^^^^^^^^^^^^^^^^^^^^^
_ _ _ _ _ _ _ _ _ _ _ _ _ _ _ _ _ _ _ _ _ _ _ _ _ _ _ _ _ _ _ _ _ _ _ _ _ _ _ _

self = <ai_werewolf_core.core.engine.lifecycle.LifecycleManager object at 0x0000027C31EDF230>

    async def _get_redis(self) -> aioredis.Redis:
        """ªÒ»° Redis “Ï≤ΩøÕªß∂À£®¿¡≥ı ºªØ£¨π≤œÌ¡¨Ω”≥ÿ£©°£"""
        if self._redis is None:
            try:
                self._redis = await RedisClientManager.get_client()
                self._logger.debug("LifecycleManager “—ªÒ»°π≤œÌ Redis øÕªß∂À")
            except (aioredis.ConnectionError, aioredis.TimeoutError) as e:
>               raise RedisUnavailableException(
                    f"LifecycleManager Œﬁ∑®ªÒ»° Redis øÕªß∂À: game_id={self.game_id}"
                ) from e
E               ai_werewolf_core.utils.redis_seq.RedisUnavailableException: LifecycleManager Œﬁ∑®ªÒ»° Redis øÕªß∂À: game_id=test_lifecycle_9907e45441cb4270a5c736c318b1d6f0

ai_werewolf_core\core\engine\lifecycle.py:146: RedisUnavailableException
---------------------------- Captured stderr setup ----------------------------
[2m2026-05-14T21:35:21.692974+08:00[0m [[32m[1mdebug    [0m] [1mglobal_subscribe              [0m [[0m[1m[34mai_werewolf_core.core.event.bus[0m][0m [36mhandler[0m=[35m_default_log_subscriber[0m
[2m2026-05-14T21:35:21.693097+08:00[0m [[32m[1mdebug    [0m] [1mglobal_subscribe              [0m [[0m[1m[34mai_werewolf_core.core.event.bus[0m][0m [36mhandler[0m=[35m_persist_to_db[0m
----------------------------- Captured log setup ------------------------------
DEBUG    ai_werewolf_core.core.event.bus:bus.py:519 {'handler': '_default_log_subscriber', 'event': 'global_subscribe', 'level': 'debug', 'logger': 'ai_werewolf_core.core.event.bus', 'timestamp': '2026-05-14T21:35:21.692974+08:00'}
DEBUG    ai_werewolf_core.core.event.bus:bus.py:519 {'handler': '_persist_to_db', 'event': 'global_subscribe', 'level': 'debug', 'logger': 'ai_werewolf_core.core.event.bus', 'timestamp': '2026-05-14T21:35:21.693097+08:00'}
---------------------------- Captured stderr call -----------------------------
[2m2026-05-14T21:35:21.693782+08:00[0m [[32m[1minfo     [0m] [1mgame_init                     [0m [[0m[1m[34mai_werewolf_core.core.engine.lifecycle[0m][0m [36mgame_id[0m=[35mtest_lifecycle_9907e45441cb4270a5c736c318b1d6f0[0m [36mmodule[0m=[35mLifecycleManager[0m
[2m2026-05-14T21:35:21.693921+08:00[0m [[32m[1mdebug    [0m] [1mRedis ¡¨Ω”≥ÿ“—¥¥Ω®                  [0m [[0m[1m[34mai_werewolf_core.utils.redis_client[0m][0m [36mmax_connections[0m=[35m300[0m [36msocket_timeout[0m=[35m10[0m
[2m2026-05-14T21:35:26.696840+08:00[0m [[31m[1merror    [0m] [1mRedis ¡¨Ω”—È÷§ ß∞‹ (PING)           [0m [[0m[1m[34mai_werewolf_core.utils.redis_client[0m][0m [36merror[0m=[35m"Error while reading from 192.168.100.128:6379 : (22, '÷∏∂®µƒÕ¯¬Á√˚≤ª‘Ÿø…”√°£', None, 64, None)"[0m [36mhost[0m=[35m192.168.100.128[0m [36mport[0m=[35m6379[0m
Traceback (most recent call last):
  File "F:\py\Lib\asyncio\windows_events.py", line 463, in finish_socket_func
    return ov.getresult()
           ~~~~~~~~~~~~^^
OSError: [WinError 64] ÷∏∂®µƒÕ¯¬Á√˚≤ª‘Ÿø…”√°£

During handling of the above exception, another exception occurred:

Traceback (most recent call last):
  File "F:\py\Lib\site-packages\redis\asyncio\connection.py", line 725, in read_response
    response = await self._parser.read_response(
               ^^^^^^^^^^^^^^^^^^^^^^^^^^^^^^^^^
        disable_decoding=disable_decoding
        ^^^^^^^^^^^^^^^^^^^^^^^^^^^^^^^^^
    )
    ^
  File "F:\py\Lib\site-packages\redis\_parsers\resp2.py", line 82, in read_response
    response = await self._read_response(disable_decoding=disable_decoding)
               ^^^^^^^^^^^^^^^^^^^^^^^^^^^^^^^^^^^^^^^^^^^^^^^^^^^^^^^^^^^^
  File "F:\py\Lib\site-packages\redis\_parsers\resp2.py", line 90, in _read_response
    raw = await self._readline()
          ^^^^^^^^^^^^^^^^^^^^^^
  File "F:\py\Lib\site-packages\redis\_parsers\base.py", line 559, in _readline
    data = await self._stream.readline()
           ^^^^^^^^^^^^^^^^^^^^^^^^^^^^^
  File "F:\py\Lib\asyncio\streams.py", line 562, in readline
    line = await self.readuntil(sep)
           ^^^^^^^^^^^^^^^^^^^^^^^^^
  File "F:\py\Lib\asyncio\streams.py", line 677, in readuntil
    await self._wait_for_data('readuntil')
  File "F:\py\Lib\asyncio\streams.py", line 539, in _wait_for_data
    await self._waiter
  File "F:\py\Lib\asyncio\proactor_events.py", line 286, in _loop_reading
    length = fut.result()
  File "F:\py\Lib\asyncio\windows_events.py", line 804, in _poll
    value = callback(transferred, key, ov)
  File "F:\py\Lib\asyncio\windows_events.py", line 467, in finish_socket_func
    raise ConnectionResetError(*exc.args)
ConnectionResetError: [WinError 64] ÷∏∂®µƒÕ¯¬Á√˚≤ª‘Ÿø…”√°£

During handling of the above exception, another exception occurred:

Traceback (most recent call last):
  File "F:\YilenaCode\Werewolf\ai_werewolf_core\utils\redis_client.py", line 128, in get_client
    await cls._client.ping()
  File "F:\py\Lib\site-packages\redis\asyncio\client.py", line 764, in execute_command
    conn = self.connection or await pool.get_connection()
                              ^^^^^^^^^^^^^^^^^^^^^^^^^^^
  File "F:\py\Lib\site-packages\redis\utils.py", line 227, in async_wrapper
    return await func(*args, **kwargs)
           ^^^^^^^^^^^^^^^^^^^^^^^^^^^
  File "F:\py\Lib\site-packages\redis\asyncio\connection.py", line 1351, in get_connection
    await self.ensure_connection(connection)
  File "F:\py\Lib\site-packages\redis\asyncio\connection.py", line 1390, in ensure_connection
    await connection.connect()
  File "F:\py\Lib\site-packages\redis\asyncio\connection.py", line 339, in connect
    await self.retry.call_with_retry(
    ...<7 lines>...
    )
  File "F:\py\Lib\site-packages\redis\asyncio\retry.py", line 81, in call_with_retry
    raise error
  File "F:\py\Lib\site-packages\redis\asyncio\retry.py", line 69, in call_with_retry
    return await do()
           ^^^^^^^^^^
  File "F:\py\Lib\site-packages\redis\asyncio\connection.py", line 403, in connect_check_health
    await self.on_connect_check_health(check_health=check_health)
  File "F:\py\Lib\site-packages\redis\asyncio\connection.py", line 560, in on_connect_check_health
    await self.read_response()
  File "F:\py\Lib\site-packages\redis\asyncio\connection.py", line 747, in read_response
    raise ConnectionError(f"Error while reading from {host_error} : {e.args}")
redis.exceptions.ConnectionError: Error while reading from 192.168.100.128:6379 : (22, '÷∏∂®µƒÕ¯¬Á√˚≤ª‘Ÿø…”√°£', None, 64, None)
------------------------------ Captured log call ------------------------------
INFO     ai_werewolf_core.core.engine.lifecycle:lifecycle.py:418 {'game_id': 'test_lifecycle_9907e45441cb4270a5c736c318b1d6f0', 'module': 'LifecycleManager', 'event': 'game_init', 'level': 'info', 'logger': 'ai_werewolf_core.core.engine.lifecycle', 'timestamp': '2026-05-14T21:35:21.693782+08:00'}
DEBUG    ai_werewolf_core.utils.redis_client:redis_client.py:243 {'max_connections': 300, 'socket_timeout': 10, 'event': 'Redis ¡¨Ω”≥ÿ“—¥¥Ω®', 'level': 'debug', 'logger': 'ai_werewolf_core.utils.redis_client', 'timestamp': '2026-05-14T21:35:21.693921+08:00'}
ERROR    ai_werewolf_core.utils.redis_client:redis_client.py:130 {'host': '192.168.100.128', 'port': 6379, 'error': "Error while reading from 192.168.100.128:6379 : (22, '÷∏∂®µƒÕ¯¬Á√˚≤ª‘Ÿø…”√°£', None, 64, None)", 'event': 'Redis ¡¨Ω”—È÷§ ß∞‹ (PING)', 'level': 'error', 'logger': 'ai_werewolf_core.utils.redis_client', 'timestamp': '2026-05-14T21:35:26.696840+08:00', 'exception': 'Traceback (most recent call last):\n  File "F:\\py\\Lib\\asyncio\\windows_events.py", line 463, in finish_socket_func\n    return ov.getresult()\n           ~~~~~~~~~~~~^^\nOSError: [WinError 64] ÷∏∂®µƒÕ¯¬Á√˚≤ª‘Ÿø…”√°£\n\nDuring handling of the above exception, another exception occurred:\n\nTraceback (most recent call last):\n  File "F:\\py\\Lib\\site-packages\\redis\\asyncio\\connection.py", line 725, in read_response\n    response = await self._parser.read_response(\n               ^^^^^^^^^^^^^^^^^^^^^^^^^^^^^^^^^\n        disable_decoding=disable_decoding\n        ^^^^^^^^^^^^^^^^^^^^^^^^^^^^^^^^^\n    )\n    ^\n  File "F:\\py\\Lib\\site-packages\\redis\\_parsers\\resp2.py", line 82, in read_response\n    response = await self._read_response(disable_decoding=disable_decoding)\n               ^^^^^^^^^^^^^^^^^^^^^^^^^^^^^^^^^^^^^^^^^^^^^^^^^^^^^^^^^^^^\n  File "F:\\py\\Lib\\site-packages\\redis\\_parsers\\resp2.py", line 90, in _read_response\n    raw = await self._readline()\n          ^^^^^^^^^^^^^^^^^^^^^^\n  File "F:\\py\\Lib\\site-packages\\redis\\_parsers\\base.py", line 559, in _readline\n    data = await self._stream.readline()\n           ^^^^^^^^^^^^^^^^^^^^^^^^^^^^^\n  File "F:\\py\\Lib\\asyncio\\streams.py", line 562, in readline\n    line = await self.readuntil(sep)\n           ^^^^^^^^^^^^^^^^^^^^^^^^^\n  File "F:\\py\\Lib\\asyncio\\streams.py", line 677, in readuntil\n    await self._wait_for_data(\'readuntil\')\n  File "F:\\py\\Lib\\asyncio\\streams.py", line 539, in _wait_for_data\n    await self._waiter\n  File "F:\\py\\Lib\\asyncio\\proactor_events.py", line 286, in _loop_reading\n    length = fut.result()\n  File "F:\\py\\Lib\\asyncio\\windows_events.py", line 804, in _poll\n    value = callback(transferred, key, ov)\n  File "F:\\py\\Lib\\asyncio\\windows_events.py", line 467, in finish_socket_func\n    raise ConnectionResetError(*exc.args)\nConnectionResetError: [WinError 64] ÷∏∂®µƒÕ¯¬Á√˚≤ª‘Ÿø…”√°£\n\nDuring handling of the above exception, another exception occurred:\n\nTraceback (most recent call last):\n  File "F:\\YilenaCode\\Werewolf\\ai_werewolf_core\\utils\\redis_client.py", line 128, in get_client\n    await cls._client.ping()\n  File "F:\\py\\Lib\\site-packages\\redis\\asyncio\\client.py", line 764, in execute_command\n    conn = self.connection or await pool.get_connection()\n                              ^^^^^^^^^^^^^^^^^^^^^^^^^^^\n  File "F:\\py\\Lib\\site-packages\\redis\\utils.py", line 227, in async_wrapper\n    return await func(*args, **kwargs)\n           ^^^^^^^^^^^^^^^^^^^^^^^^^^^\n  File "F:\\py\\Lib\\site-packages\\redis\\asyncio\\connection.py", line 1351, in get_connection\n    await self.ensure_connection(connection)\n  File "F:\\py\\Lib\\site-packages\\redis\\asyncio\\connection.py", line 1390, in ensure_connection\n    await connection.connect()\n  File "F:\\py\\Lib\\site-packages\\redis\\asyncio\\connection.py", line 339, in connect\n    await self.retry.call_with_retry(\n    ...<7 lines>...\n    )\n  File "F:\\py\\Lib\\site-packages\\redis\\asyncio\\retry.py", line 81, in call_with_retry\n    raise error\n  File "F:\\py\\Lib\\site-packages\\redis\\asyncio\\retry.py", line 69, in call_with_retry\n    return await do()\n           ^^^^^^^^^^\n  File "F:\\py\\Lib\\site-packages\\redis\\asyncio\\connection.py", line 403, in connect_check_health\n    await self.on_connect_check_health(check_health=check_health)\n  File "F:\\py\\Lib\\site-packages\\redis\\asyncio\\connection.py", line 560, in on_connect_check_health\n    await self.read_response()\n  File "F:\\py\\Lib\\site-packages\\redis\\asyncio\\connection.py", line 747, in read_response\n    raise ConnectionError(f"Error while reading from {host_error} : {e.args}")\nredis.exceptions.ConnectionError: Error while reading from 192.168.100.128:6379 : (22, \'÷∏∂®µƒÕ¯¬Á√˚≤ª‘Ÿø…”√°£\', None, 64, None)'}
-------------------------- Captured stderr teardown ---------------------------
[2m2026-05-14T21:35:26.873948+08:00[0m [[32m[1mdebug    [0m] [1mRedis ¡¨Ω”≥ÿ“—¥¥Ω®                  [0m [[0m[1m[34mai_werewolf_core.utils.redis_client[0m][0m [36mmax_connections[0m=[35m300[0m [36msocket_timeout[0m=[35m10[0m
[2m2026-05-14T21:35:31.877152+08:00[0m [[31m[1merror    [0m] [1mRedis ¡¨Ω”—È÷§ ß∞‹ (PING)           [0m [[0m[1m[34mai_werewolf_core.utils.redis_client[0m][0m [36merror[0m=[35m"Error while reading from 192.168.100.128:6379 : (22, '÷∏∂®µƒÕ¯¬Á√˚≤ª‘Ÿø…”√°£', None, 64, None)"[0m [36mhost[0m=[35m192.168.100.128[0m [36mport[0m=[35m6379[0m
Traceback (most recent call last):
  File "F:\py\Lib\asyncio\windows_events.py", line 463, in finish_socket_func
    return ov.getresult()
           ~~~~~~~~~~~~^^
OSError: [WinError 64] ÷∏∂®µƒÕ¯¬Á√˚≤ª‘Ÿø…”√°£

During handling of the above exception, another exception occurred:

Traceback (most recent call last):
  File "F:\py\Lib\site-packages\redis\asyncio\connection.py", line 725, in read_response
    response = await self._parser.read_response(
               ^^^^^^^^^^^^^^^^^^^^^^^^^^^^^^^^^
        disable_decoding=disable_decoding
        ^^^^^^^^^^^^^^^^^^^^^^^^^^^^^^^^^
    )
    ^
  File "F:\py\Lib\site-packages\redis\_parsers\resp2.py", line 82, in read_response
    response = await self._read_response(disable_decoding=disable_decoding)
               ^^^^^^^^^^^^^^^^^^^^^^^^^^^^^^^^^^^^^^^^^^^^^^^^^^^^^^^^^^^^
  File "F:\py\Lib\site-packages\redis\_parsers\resp2.py", line 90, in _read_response
    raw = await self._readline()
          ^^^^^^^^^^^^^^^^^^^^^^
  File "F:\py\Lib\site-packages\redis\_parsers\base.py", line 559, in _readline
    data = await self._stream.readline()
           ^^^^^^^^^^^^^^^^^^^^^^^^^^^^^
  File "F:\py\Lib\asyncio\streams.py", line 562, in readline
    line = await self.readuntil(sep)
           ^^^^^^^^^^^^^^^^^^^^^^^^^
  File "F:\py\Lib\asyncio\streams.py", line 677, in readuntil
    await self._wait_for_data('readuntil')
  File "F:\py\Lib\asyncio\streams.py", line 539, in _wait_for_data
    await self._waiter
  File "F:\py\Lib\asyncio\proactor_events.py", line 286, in _loop_reading
    length = fut.result()
  File "F:\py\Lib\asyncio\windows_events.py", line 804, in _poll
    value = callback(transferred, key, ov)
  File "F:\py\Lib\asyncio\windows_events.py", line 467, in finish_socket_func
    raise ConnectionResetError(*exc.args)
ConnectionResetError: [WinError 64] ÷∏∂®µƒÕ¯¬Á√˚≤ª‘Ÿø…”√°£

During handling of the above exception, another exception occurred:

Traceback (most recent call last):
  File "F:\YilenaCode\Werewolf\ai_werewolf_core\utils\redis_client.py", line 128, in get_client
    await cls._client.ping()
  File "F:\py\Lib\site-packages\redis\asyncio\client.py", line 764, in execute_command
    conn = self.connection or await pool.get_connection()
                              ^^^^^^^^^^^^^^^^^^^^^^^^^^^
  File "F:\py\Lib\site-packages\redis\utils.py", line 227, in async_wrapper
    return await func(*args, **kwargs)
           ^^^^^^^^^^^^^^^^^^^^^^^^^^^
  File "F:\py\Lib\site-packages\redis\asyncio\connection.py", line 1351, in get_connection
    await self.ensure_connection(connection)
  File "F:\py\Lib\site-packages\redis\asyncio\connection.py", line 1390, in ensure_connection
    await connection.connect()
  File "F:\py\Lib\site-packages\redis\asyncio\connection.py", line 339, in connect
    await self.retry.call_with_retry(
    ...<7 lines>...
    )
  File "F:\py\Lib\site-packages\redis\asyncio\retry.py", line 81, in call_with_retry
    raise error
  File "F:\py\Lib\site-packages\redis\asyncio\retry.py", line 69, in call_with_retry
    return await do()
           ^^^^^^^^^^
  File "F:\py\Lib\site-packages\redis\asyncio\connection.py", line 403, in connect_check_health
    await self.on_connect_check_health(check_health=check_health)
  File "F:\py\Lib\site-packages\redis\asyncio\connection.py", line 560, in on_connect_check_health
    await self.read_response()
  File "F:\py\Lib\site-packages\redis\asyncio\connection.py", line 747, in read_response
    raise ConnectionError(f"Error while reading from {host_error} : {e.args}")
redis.exceptions.ConnectionError: Error while reading from 192.168.100.128:6379 : (22, '÷∏∂®µƒÕ¯¬Á√˚≤ª‘Ÿø…”√°£', None, 64, None)
[2m2026-05-14T21:35:31.879278+08:00[0m [[31m[1merror    [0m] [1m«Â¿Ì ¬º˛ Stream “Ï≥£                [0m [[0m[1m[34mai_werewolf_core.core.event.bus[0m][0m [36merror[0m=[35m'EventBus Œﬁ∑®ªÒ»° Redis øÕªß∂À'[0m [36mgame_id[0m=[35mNone[0m
Traceback (most recent call last):
  File "F:\py\Lib\asyncio\windows_events.py", line 463, in finish_socket_func
    return ov.getresult()
           ~~~~~~~~~~~~^^
OSError: [WinError 64] ÷∏∂®µƒÕ¯¬Á√˚≤ª‘Ÿø…”√°£

During handling of the above exception, another exception occurred:

Traceback (most recent call last):
  File "F:\py\Lib\site-packages\redis\asyncio\connection.py", line 725, in read_response
    response = await self._parser.read_response(
               ^^^^^^^^^^^^^^^^^^^^^^^^^^^^^^^^^
        disable_decoding=disable_decoding
        ^^^^^^^^^^^^^^^^^^^^^^^^^^^^^^^^^
    )
    ^
  File "F:\py\Lib\site-packages\redis\_parsers\resp2.py", line 82, in read_response
    response = await self._read_response(disable_decoding=disable_decoding)
               ^^^^^^^^^^^^^^^^^^^^^^^^^^^^^^^^^^^^^^^^^^^^^^^^^^^^^^^^^^^^
  File "F:\py\Lib\site-packages\redis\_parsers\resp2.py", line 90, in _read_response
    raw = await self._readline()
          ^^^^^^^^^^^^^^^^^^^^^^
  File "F:\py\Lib\site-packages\redis\_parsers\base.py", line 559, in _readline
    data = await self._stream.readline()
           ^^^^^^^^^^^^^^^^^^^^^^^^^^^^^
  File "F:\py\Lib\asyncio\streams.py", line 562, in readline
    line = await self.readuntil(sep)
           ^^^^^^^^^^^^^^^^^^^^^^^^^
  File "F:\py\Lib\asyncio\streams.py", line 677, in readuntil
    await self._wait_for_data('readuntil')
  File "F:\py\Lib\asyncio\streams.py", line 539, in _wait_for_data
    await self._waiter
  File "F:\py\Lib\asyncio\proactor_events.py", line 286, in _loop_reading
    length = fut.result()
  File "F:\py\Lib\asyncio\windows_events.py", line 804, in _poll
    value = callback(transferred, key, ov)
  File "F:\py\Lib\asyncio\windows_events.py", line 467, in finish_socket_func
    raise ConnectionResetError(*exc.args)
ConnectionResetError: [WinError 64] ÷∏∂®µƒÕ¯¬Á√˚≤ª‘Ÿø…”√°£

During handling of the above exception, another exception occurred:

Traceback (most recent call last):
  File "F:\YilenaCode\Werewolf\ai_werewolf_core\core\event\bus.py", line 111, in _get_redis
    self._redis_client = await RedisClientManager.get_client()
                         ^^^^^^^^^^^^^^^^^^^^^^^^^^^^^^^^^^^^^
  File "F:\YilenaCode\Werewolf\ai_werewolf_core\utils\redis_client.py", line 128, in get_client
    await cls._client.ping()
  File "F:\py\Lib\site-packages\redis\asyncio\client.py", line 764, in execute_command
    conn = self.connection or await pool.get_connection()
                              ^^^^^^^^^^^^^^^^^^^^^^^^^^^
  File "F:\py\Lib\site-packages\redis\utils.py", line 227, in async_wrapper
    return await func(*args, **kwargs)
           ^^^^^^^^^^^^^^^^^^^^^^^^^^^
  File "F:\py\Lib\site-packages\redis\asyncio\connection.py", line 1351, in get_connection
    await self.ensure_connection(connection)
  File "F:\py\Lib\site-packages\redis\asyncio\connection.py", line 1390, in ensure_connection
    await connection.connect()
  File "F:\py\Lib\site-packages\redis\asyncio\connection.py", line 339, in connect
    await self.retry.call_with_retry(
    ...<7 lines>...
    )
  File "F:\py\Lib\site-packages\redis\asyncio\retry.py", line 81, in call_with_retry
    raise error
  File "F:\py\Lib\site-packages\redis\asyncio\retry.py", line 69, in call_with_retry
    return await do()
           ^^^^^^^^^^
  File "F:\py\Lib\site-packages\redis\asyncio\connection.py", line 403, in connect_check_health
    await self.on_connect_check_health(check_health=check_health)
  File "F:\py\Lib\site-packages\redis\asyncio\connection.py", line 560, in on_connect_check_health
    await self.read_response()
  File "F:\py\Lib\site-packages\redis\asyncio\connection.py", line 747, in read_response
    raise ConnectionError(f"Error while reading from {host_error} : {e.args}")
redis.exceptions.ConnectionError: Error while reading from 192.168.100.128:6379 : (22, '÷∏∂®µƒÕ¯¬Á√˚≤ª‘Ÿø…”√°£', None, 64, None)

The above exception was the direct cause of the following exception:

Traceback (most recent call last):
  File "F:\YilenaCode\Werewolf\ai_werewolf_core\core\event\bus.py", line 710, in clear
    redis = await self._get_redis()
            ^^^^^^^^^^^^^^^^^^^^^^^
  File "F:\YilenaCode\Werewolf\ai_werewolf_core\core\event\bus.py", line 114, in _get_redis
    raise RedisUnavailableException(
        "EventBus Œﬁ∑®ªÒ»° Redis øÕªß∂À"
    ) from e
ai_werewolf_core.utils.redis_seq.RedisUnavailableException: EventBus Œﬁ∑®ªÒ»° Redis øÕªß∂À
---------------------------- Captured log teardown ----------------------------
DEBUG    ai_werewolf_core.utils.redis_client:redis_client.py:243 {'max_connections': 300, 'socket_timeout': 10, 'event': 'Redis ¡¨Ω”≥ÿ“—¥¥Ω®', 'level': 'debug', 'logger': 'ai_werewolf_core.utils.redis_client', 'timestamp': '2026-05-14T21:35:26.873948+08:00'}
ERROR    ai_werewolf_core.utils.redis_client:redis_client.py:130 {'host': '192.168.100.128', 'port': 6379, 'error': "Error while reading from 192.168.100.128:6379 : (22, '÷∏∂®µƒÕ¯¬Á√˚≤ª‘Ÿø…”√°£', None, 64, None)", 'event': 'Redis ¡¨Ω”—È÷§ ß∞‹ (PING)', 'level': 'error', 'logger': 'ai_werewolf_core.utils.redis_client', 'timestamp': '2026-05-14T21:35:31.877152+08:00', 'exception': 'Traceback (most recent call last):\n  File "F:\\py\\Lib\\asyncio\\windows_events.py", line 463, in finish_socket_func\n    return ov.getresult()\n           ~~~~~~~~~~~~^^\nOSError: [WinError 64] ÷∏∂®µƒÕ¯¬Á√˚≤ª‘Ÿø…”√°£\n\nDuring handling of the above exception, another exception occurred:\n\nTraceback (most recent call last):\n  File "F:\\py\\Lib\\site-packages\\redis\\asyncio\\connection.py", line 725, in read_response\n    response = await self._parser.read_response(\n               ^^^^^^^^^^^^^^^^^^^^^^^^^^^^^^^^^\n        disable_decoding=disable_decoding\n        ^^^^^^^^^^^^^^^^^^^^^^^^^^^^^^^^^\n    )\n    ^\n  File "F:\\py\\Lib\\site-packages\\redis\\_parsers\\resp2.py", line 82, in read_response\n    response = await self._read_response(disable_decoding=disable_decoding)\n               ^^^^^^^^^^^^^^^^^^^^^^^^^^^^^^^^^^^^^^^^^^^^^^^^^^^^^^^^^^^^\n  File "F:\\py\\Lib\\site-packages\\redis\\_parsers\\resp2.py", line 90, in _read_response\n    raw = await self._readline()\n          ^^^^^^^^^^^^^^^^^^^^^^\n  File "F:\\py\\Lib\\site-packages\\redis\\_parsers\\base.py", line 559, in _readline\n    data = await self._stream.readline()\n           ^^^^^^^^^^^^^^^^^^^^^^^^^^^^^\n  File "F:\\py\\Lib\\asyncio\\streams.py", line 562, in readline\n    line = await self.readuntil(sep)\n           ^^^^^^^^^^^^^^^^^^^^^^^^^\n  File "F:\\py\\Lib\\asyncio\\streams.py", line 677, in readuntil\n    await self._wait_for_data(\'readuntil\')\n  File "F:\\py\\Lib\\asyncio\\streams.py", line 539, in _wait_for_data\n    await self._waiter\n  File "F:\\py\\Lib\\asyncio\\proactor_events.py", line 286, in _loop_reading\n    length = fut.result()\n  File "F:\\py\\Lib\\asyncio\\windows_events.py", line 804, in _poll\n    value = callback(transferred, key, ov)\n  File "F:\\py\\Lib\\asyncio\\windows_events.py", line 467, in finish_socket_func\n    raise ConnectionResetError(*exc.args)\nConnectionResetError: [WinError 64] ÷∏∂®µƒÕ¯¬Á√˚≤ª‘Ÿø…”√°£\n\nDuring handling of the above exception, another exception occurred:\n\nTraceback (most recent call last):\n  File "F:\\YilenaCode\\Werewolf\\ai_werewolf_core\\utils\\redis_client.py", line 128, in get_client\n    await cls._client.ping()\n  File "F:\\py\\Lib\\site-packages\\redis\\asyncio\\client.py", line 764, in execute_command\n    conn = self.connection or await pool.get_connection()\n                              ^^^^^^^^^^^^^^^^^^^^^^^^^^^\n  File "F:\\py\\Lib\\site-packages\\redis\\utils.py", line 227, in async_wrapper\n    return await func(*args, **kwargs)\n           ^^^^^^^^^^^^^^^^^^^^^^^^^^^\n  File "F:\\py\\Lib\\site-packages\\redis\\asyncio\\connection.py", line 1351, in get_connection\n    await self.ensure_connection(connection)\n  File "F:\\py\\Lib\\site-packages\\redis\\asyncio\\connection.py", line 1390, in ensure_connection\n    await connection.connect()\n  File "F:\\py\\Lib\\site-packages\\redis\\asyncio\\connection.py", line 339, in connect\n    await self.retry.call_with_retry(\n    ...<7 lines>...\n    )\n  File "F:\\py\\Lib\\site-packages\\redis\\asyncio\\retry.py", line 81, in call_with_retry\n    raise error\n  File "F:\\py\\Lib\\site-packages\\redis\\asyncio\\retry.py", line 69, in call_with_retry\n    return await do()\n           ^^^^^^^^^^\n  File "F:\\py\\Lib\\site-packages\\redis\\asyncio\\connection.py", line 403, in connect_check_health\n    await self.on_connect_check_health(check_health=check_health)\n  File "F:\\py\\Lib\\site-packages\\redis\\asyncio\\connection.py", line 560, in on_connect_check_health\n    await self.read_response()\n  File "F:\\py\\Lib\\site-packages\\redis\\asyncio\\connection.py", line 747, in read_response\n    raise ConnectionError(f"Error while reading from {host_error} : {e.args}")\nredis.exceptions.ConnectionError: Error while reading from 192.168.100.128:6379 : (22, \'÷∏∂®µƒÕ¯¬Á√˚≤ª‘Ÿø…”√°£\', None, 64, None)'}
ERROR    ai_werewolf_core.core.event.bus:bus.py:741 {'game_id': None, 'error': 'EventBus Œﬁ∑®ªÒ»° Redis øÕªß∂À', 'event': '«Â¿Ì ¬º˛ Stream “Ï≥£', 'level': 'error', 'logger': 'ai_werewolf_core.core.event.bus', 'timestamp': '2026-05-14T21:35:31.879278+08:00', 'exception': 'Traceback (most recent call last):\n  File "F:\\py\\Lib\\asyncio\\windows_events.py", line 463, in finish_socket_func\n    return ov.getresult()\n           ~~~~~~~~~~~~^^\nOSError: [WinError 64] ÷∏∂®µƒÕ¯¬Á√˚≤ª‘Ÿø…”√°£\n\nDuring handling of the above exception, another exception occurred:\n\nTraceback (most recent call last):\n  File "F:\\py\\Lib\\site-packages\\redis\\asyncio\\connection.py", line 725, in read_response\n    response = await self._parser.read_response(\n               ^^^^^^^^^^^^^^^^^^^^^^^^^^^^^^^^^\n        disable_decoding=disable_decoding\n        ^^^^^^^^^^^^^^^^^^^^^^^^^^^^^^^^^\n    )\n    ^\n  File "F:\\py\\Lib\\site-packages\\redis\\_parsers\\resp2.py", line 82, in read_response\n    response = await self._read_response(disable_decoding=disable_decoding)\n               ^^^^^^^^^^^^^^^^^^^^^^^^^^^^^^^^^^^^^^^^^^^^^^^^^^^^^^^^^^^^\n  File "F:\\py\\Lib\\site-packages\\redis\\_parsers\\resp2.py", line 90, in _read_response\n    raw = await self._readline()\n          ^^^^^^^^^^^^^^^^^^^^^^\n  File "F:\\py\\Lib\\site-packages\\redis\\_parsers\\base.py", line 559, in _readline\n    data = await self._stream.readline()\n           ^^^^^^^^^^^^^^^^^^^^^^^^^^^^^\n  File "F:\\py\\Lib\\asyncio\\streams.py", line 562, in readline\n    line = await self.readuntil(sep)\n           ^^^^^^^^^^^^^^^^^^^^^^^^^\n  File "F:\\py\\Lib\\asyncio\\streams.py", line 677, in readuntil\n    await self._wait_for_data(\'readuntil\')\n  File "F:\\py\\Lib\\asyncio\\streams.py", line 539, in _wait_for_data\n    await self._waiter\n  File "F:\\py\\Lib\\asyncio\\proactor_events.py", line 286, in _loop_reading\n    length = fut.result()\n  File "F:\\py\\Lib\\asyncio\\windows_events.py", line 804, in _poll\n    value = callback(transferred, key, ov)\n  File "F:\\py\\Lib\\asyncio\\windows_events.py", line 467, in finish_socket_func\n    raise ConnectionResetError(*exc.args)\nConnectionResetError: [WinError 64] ÷∏∂®µƒÕ¯¬Á√˚≤ª‘Ÿø…”√°£\n\nDuring handling of the above exception, another exception occurred:\n\nTraceback (most recent call last):\n  File "F:\\YilenaCode\\Werewolf\\ai_werewolf_core\\core\\event\\bus.py", line 111, in _get_redis\n    self._redis_client = await RedisClientManager.get_client()\n                         ^^^^^^^^^^^^^^^^^^^^^^^^^^^^^^^^^^^^^\n  File "F:\\YilenaCode\\Werewolf\\ai_werewolf_core\\utils\\redis_client.py", line 128, in get_client\n    await cls._client.ping()\n  File "F:\\py\\Lib\\site-packages\\redis\\asyncio\\client.py", line 764, in execute_command\n    conn = self.connection or await pool.get_connection()\n                              ^^^^^^^^^^^^^^^^^^^^^^^^^^^\n  File "F:\\py\\Lib\\site-packages\\redis\\utils.py", line 227, in async_wrapper\n    return await func(*args, **kwargs)\n           ^^^^^^^^^^^^^^^^^^^^^^^^^^^\n  File "F:\\py\\Lib\\site-packages\\redis\\asyncio\\connection.py", line 1351, in get_connection\n    await self.ensure_connection(connection)\n  File "F:\\py\\Lib\\site-packages\\redis\\asyncio\\connection.py", line 1390, in ensure_connection\n    await connection.connect()\n  File "F:\\py\\Lib\\site-packages\\redis\\asyncio\\connection.py", line 339, in connect\n    await self.retry.call_with_retry(\n    ...<7 lines>...\n    )\n  File "F:\\py\\Lib\\site-packages\\redis\\asyncio\\retry.py", line 81, in call_with_retry\n    raise error\n  File "F:\\py\\Lib\\site-packages\\redis\\asyncio\\retry.py", line 69, in call_with_retry\n    return await do()\n           ^^^^^^^^^^\n  File "F:\\py\\Lib\\site-packages\\redis\\asyncio\\connection.py", line 403, in connect_check_health\n    await self.on_connect_check_health(check_health=check_health)\n  File "F:\\py\\Lib\\site-packages\\redis\\asyncio\\connection.py", line 560, in on_connect_check_health\n    await self.read_response()\n  File "F:\\py\\Lib\\site-packages\\redis\\asyncio\\connection.py", line 747, in read_response\n    raise ConnectionError(f"Error while reading from {host_error} : {e.args}")\nredis.exceptions.ConnectionError: Error while reading from 192.168.100.128:6379 : (22, \'÷∏∂®µƒÕ¯¬Á√˚≤ª‘Ÿø…”√°£\', None, 64, None)\n\nThe above exception was the direct cause of the following exception:\n\nTraceback (most recent call last):\n  File "F:\\YilenaCode\\Werewolf\\ai_werewolf_core\\core\\event\\bus.py", line 710, in clear\n    redis = await self._get_redis()\n            ^^^^^^^^^^^^^^^^^^^^^^^\n  File "F:\\YilenaCode\\Werewolf\\ai_werewolf_core\\core\\event\\bus.py", line 114, in _get_redis\n    raise RedisUnavailableException(\n        "EventBus Œﬁ∑®ªÒ»° Redis øÕªß∂À"\n    ) from e\nai_werewolf_core.utils.redis_seq.RedisUnavailableException: EventBus Œﬁ∑®ªÒ»° Redis øÕªß∂À'}
__________ TestLifecycleFullFlow.test_game_state_machine_consistency __________

trans = 0, key = 0, ov = <_overlapped.Overlapped object at 0x0000027C3049E970>

    @staticmethod
    def finish_socket_func(trans, key, ov):
        try:
>           return ov.getresult()
                   ^^^^^^^^^^^^^^
E           OSError: [WinError 64] ÷∏∂®µƒÕ¯¬Á√˚≤ª‘Ÿø…”√°£

F:\py\Lib\asyncio\windows_events.py:463: OSError

During handling of the above exception, another exception occurred:

self = <redis.asyncio.connection.Connection(host=192.168.100.128,port=6379,db=1)>
disable_decoding = False, timeout = None

    async def read_response(
        self,
        disable_decoding: bool = False,
        timeout: Optional[float] = None,
        *,
        disconnect_on_error: bool = True,
        push_request: Optional[bool] = False,
    ):
        """Read the response from a previously sent command"""
        read_timeout = timeout if timeout is not None else self.socket_timeout
        host_error = self._host_error()
        try:
            if read_timeout is not None and self.protocol in ["3", 3]:
                async with async_timeout(read_timeout):
                    response = await self._parser.read_response(
                        disable_decoding=disable_decoding, push_request=push_request
                    )
            elif read_timeout is not None:
                async with async_timeout(read_timeout):
>                   response = await self._parser.read_response(
                        disable_decoding=disable_decoding

F:\py\Lib\site-packages\redis\asyncio\connection.py:725: 
_ _ _ _ _ _ _ _ _ _ _ _ _ _ _ _ _ _ _ _ _ _ _ _ _ _ _ _ _ _ _ _ _ _ _ _ _ _ _ _
F:\py\Lib\site-packages\redis\_parsers\resp2.py:82: in read_response
    response = await self._read_response(disable_decoding=disable_decoding)
               ^^^^^^^^^^^^^^^^^^^^^^^^^^^^^^^^^^^^^^^^^^^^^^^^^^^^^^^^^^^^
F:\py\Lib\site-packages\redis\_parsers\resp2.py:90: in _read_response
    raw = await self._readline()
          ^^^^^^^^^^^^^^^^^^^^^^
F:\py\Lib\site-packages\redis\_parsers\base.py:559: in _readline
    data = await self._stream.readline()
           ^^^^^^^^^^^^^^^^^^^^^^^^^^^^^
F:\py\Lib\asyncio\streams.py:562: in readline
    line = await self.readuntil(sep)
           ^^^^^^^^^^^^^^^^^^^^^^^^^
F:\py\Lib\asyncio\streams.py:677: in readuntil
    await self._wait_for_data('readuntil')
F:\py\Lib\asyncio\streams.py:539: in _wait_for_data
    await self._waiter
F:\py\Lib\asyncio\proactor_events.py:286: in _loop_reading
    length = fut.result()
             ^^^^^^^^^^^^
F:\py\Lib\asyncio\windows_events.py:804: in _poll
    value = callback(transferred, key, ov)
            ^^^^^^^^^^^^^^^^^^^^^^^^^^^^^^
_ _ _ _ _ _ _ _ _ _ _ _ _ _ _ _ _ _ _ _ _ _ _ _ _ _ _ _ _ _ _ _ _ _ _ _ _ _ _ _

trans = 0, key = 0, ov = <_overlapped.Overlapped object at 0x0000027C3049E970>

    @staticmethod
    def finish_socket_func(trans, key, ov):
        try:
            return ov.getresult()
        except OSError as exc:
            if exc.winerror in (_overlapped.ERROR_NETNAME_DELETED,
                                _overlapped.ERROR_OPERATION_ABORTED):
>               raise ConnectionResetError(*exc.args)
E               ConnectionResetError: [WinError 64] ÷∏∂®µƒÕ¯¬Á√˚≤ª‘Ÿø…”√°£

F:\py\Lib\asyncio\windows_events.py:467: ConnectionResetError

During handling of the above exception, another exception occurred:

self = <ai_werewolf_core.core.engine.lifecycle.LifecycleManager object at 0x0000027C31E8C3D0>

    async def _get_redis(self) -> aioredis.Redis:
        """ªÒ»° Redis “Ï≤ΩøÕªß∂À£®¿¡≥ı ºªØ£¨π≤œÌ¡¨Ω”≥ÿ£©°£"""
        if self._redis is None:
            try:
>               self._redis = await RedisClientManager.get_client()
                              ^^^^^^^^^^^^^^^^^^^^^^^^^^^^^^^^^^^^^

ai_werewolf_core\core\engine\lifecycle.py:143: 
_ _ _ _ _ _ _ _ _ _ _ _ _ _ _ _ _ _ _ _ _ _ _ _ _ _ _ _ _ _ _ _ _ _ _ _ _ _ _ _
ai_werewolf_core\utils\redis_client.py:128: in get_client
    await cls._client.ping()
F:\py\Lib\site-packages\redis\asyncio\client.py:764: in execute_command
    conn = self.connection or await pool.get_connection()
                              ^^^^^^^^^^^^^^^^^^^^^^^^^^^
F:\py\Lib\site-packages\redis\utils.py:227: in async_wrapper
    return await func(*args, **kwargs)
           ^^^^^^^^^^^^^^^^^^^^^^^^^^^
F:\py\Lib\site-packages\redis\asyncio\connection.py:1351: in get_connection
    await self.ensure_connection(connection)
F:\py\Lib\site-packages\redis\asyncio\connection.py:1390: in ensure_connection
    await connection.connect()
F:\py\Lib\site-packages\redis\asyncio\connection.py:339: in connect
    await self.retry.call_with_retry(
F:\py\Lib\site-packages\redis\asyncio\retry.py:81: in call_with_retry
    raise error
F:\py\Lib\site-packages\redis\asyncio\retry.py:69: in call_with_retry
    return await do()
           ^^^^^^^^^^
F:\py\Lib\site-packages\redis\asyncio\connection.py:403: in connect_check_health
    await self.on_connect_check_health(check_health=check_health)
F:\py\Lib\site-packages\redis\asyncio\connection.py:560: in on_connect_check_health
    await self.read_response()
_ _ _ _ _ _ _ _ _ _ _ _ _ _ _ _ _ _ _ _ _ _ _ _ _ _ _ _ _ _ _ _ _ _ _ _ _ _ _ _

self = <redis.asyncio.connection.Connection(host=192.168.100.128,port=6379,db=1)>
disable_decoding = False, timeout = None

    async def read_response(
        self,
        disable_decoding: bool = False,
        timeout: Optional[float] = None,
        *,
        disconnect_on_error: bool = True,
        push_request: Optional[bool] = False,
    ):
        """Read the response from a previously sent command"""
        read_timeout = timeout if timeout is not None else self.socket_timeout
        host_error = self._host_error()
        try:
            if read_timeout is not None and self.protocol in ["3", 3]:
                async with async_timeout(read_timeout):
                    response = await self._parser.read_response(
                        disable_decoding=disable_decoding, push_request=push_request
                    )
            elif read_timeout is not None:
                async with async_timeout(read_timeout):
                    response = await self._parser.read_response(
                        disable_decoding=disable_decoding
                    )
            elif self.protocol in ["3", 3]:
                response = await self._parser.read_response(
                    disable_decoding=disable_decoding, push_request=push_request
                )
            else:
                response = await self._parser.read_response(
                    disable_decoding=disable_decoding
                )
        except asyncio.TimeoutError:
            if timeout is not None:
                # user requested timeout, return None. Operation can be retried
                return None
            # it was a self.socket_timeout error.
            if disconnect_on_error:
                await self.disconnect(nowait=True)
            raise TimeoutError(f"Timeout reading from {host_error}")
        except OSError as e:
            if disconnect_on_error:
                await self.disconnect(nowait=True)
>           raise ConnectionError(f"Error while reading from {host_error} : {e.args}")
E           redis.exceptions.ConnectionError: Error while reading from 192.168.100.128:6379 : (22, '÷∏∂®µƒÕ¯¬Á√˚≤ª‘Ÿø…”√°£', None, 64, None)

F:\py\Lib\site-packages\redis\asyncio\connection.py:747: ConnectionError

The above exception was the direct cause of the following exception:

self = <test_lifecycle.TestLifecycleFullFlow object at 0x0000027C303D3390>
lifecycle = <ai_werewolf_core.core.engine.lifecycle.LifecycleManager object at 0x0000027C31E8C3D0>

    @pytest.mark.asyncio
    async def test_game_state_machine_consistency(self, lifecycle):
        """
        —È÷§ LifecycleManager µƒ◊¥Ã¨”Î PhaseStateMachine µƒ“ª÷¬–‘°£
    
        **Why**: »´æ÷◊¥Ã¨”Îæ÷ƒ⁄Ω◊∂Œ «¡Ω≤„øÿ÷∆£¨µ´‘⁄πÿº¸Ω⁄µ„±ÿ–Î±£≥÷“ª÷¬°£
        »Á start_game ∫Û¡Ω’ﬂ∂º”¶∏√ «ªÓ‘æ◊¥Ã¨°£
        """
>       await lifecycle.init_game()

tests\unit\core\engine\test_lifecycle.py:420: 
_ _ _ _ _ _ _ _ _ _ _ _ _ _ _ _ _ _ _ _ _ _ _ _ _ _ _ _ _ _ _ _ _ _ _ _ _ _ _ _
ai_werewolf_core\core\engine\lifecycle.py:420: in init_game
    current_status = await self.get_status()
                     ^^^^^^^^^^^^^^^^^^^^^^^
ai_werewolf_core\core\engine\lifecycle.py:262: in get_status
    status = await self._get_status_from_redis()
             ^^^^^^^^^^^^^^^^^^^^^^^^^^^^^^^^^^^
ai_werewolf_core\core\engine\lifecycle.py:167: in _get_status_from_redis
    redis = await self._get_redis()
            ^^^^^^^^^^^^^^^^^^^^^^^
_ _ _ _ _ _ _ _ _ _ _ _ _ _ _ _ _ _ _ _ _ _ _ _ _ _ _ _ _ _ _ _ _ _ _ _ _ _ _ _

self = <ai_werewolf_core.core.engine.lifecycle.LifecycleManager object at 0x0000027C31E8C3D0>

    async def _get_redis(self) -> aioredis.Redis:
        """ªÒ»° Redis “Ï≤ΩøÕªß∂À£®¿¡≥ı ºªØ£¨π≤œÌ¡¨Ω”≥ÿ£©°£"""
        if self._redis is None:
            try:
                self._redis = await RedisClientManager.get_client()
                self._logger.debug("LifecycleManager “—ªÒ»°π≤œÌ Redis øÕªß∂À")
            except (aioredis.ConnectionError, aioredis.TimeoutError) as e:
>               raise RedisUnavailableException(
                    f"LifecycleManager Œﬁ∑®ªÒ»° Redis øÕªß∂À: game_id={self.game_id}"
                ) from e
E               ai_werewolf_core.utils.redis_seq.RedisUnavailableException: LifecycleManager Œﬁ∑®ªÒ»° Redis øÕªß∂À: game_id=test_lifecycle_5fb5dfee6c0040bcb50c7183763ae8ba

ai_werewolf_core\core\engine\lifecycle.py:146: RedisUnavailableException
---------------------------- Captured stderr setup ----------------------------
[2m2026-05-14T21:35:31.882189+08:00[0m [[32m[1mdebug    [0m] [1mglobal_subscribe              [0m [[0m[1m[34mai_werewolf_core.core.event.bus[0m][0m [36mhandler[0m=[35m_default_log_subscriber[0m
[2m2026-05-14T21:35:31.882356+08:00[0m [[32m[1mdebug    [0m] [1mglobal_subscribe              [0m [[0m[1m[34mai_werewolf_core.core.event.bus[0m][0m [36mhandler[0m=[35m_persist_to_db[0m
----------------------------- Captured log setup ------------------------------
DEBUG    ai_werewolf_core.core.event.bus:bus.py:519 {'handler': '_default_log_subscriber', 'event': 'global_subscribe', 'level': 'debug', 'logger': 'ai_werewolf_core.core.event.bus', 'timestamp': '2026-05-14T21:35:31.882189+08:00'}
DEBUG    ai_werewolf_core.core.event.bus:bus.py:519 {'handler': '_persist_to_db', 'event': 'global_subscribe', 'level': 'debug', 'logger': 'ai_werewolf_core.core.event.bus', 'timestamp': '2026-05-14T21:35:31.882356+08:00'}
---------------------------- Captured stderr call -----------------------------
[2m2026-05-14T21:35:31.883097+08:00[0m [[32m[1minfo     [0m] [1mgame_init                     [0m [[0m[1m[34mai_werewolf_core.core.engine.lifecycle[0m][0m [36mgame_id[0m=[35mtest_lifecycle_5fb5dfee6c0040bcb50c7183763ae8ba[0m [36mmodule[0m=[35mLifecycleManager[0m
[2m2026-05-14T21:35:31.883237+08:00[0m [[32m[1mdebug    [0m] [1mRedis ¡¨Ω”≥ÿ“—¥¥Ω®                  [0m [[0m[1m[34mai_werewolf_core.utils.redis_client[0m][0m [36mmax_connections[0m=[35m300[0m [36msocket_timeout[0m=[35m10[0m
[2m2026-05-14T21:35:36.886476+08:00[0m [[31m[1merror    [0m] [1mRedis ¡¨Ω”—È÷§ ß∞‹ (PING)           [0m [[0m[1m[34mai_werewolf_core.utils.redis_client[0m][0m [36merror[0m=[35m"Error while reading from 192.168.100.128:6379 : (22, '÷∏∂®µƒÕ¯¬Á√˚≤ª‘Ÿø…”√°£', None, 64, None)"[0m [36mhost[0m=[35m192.168.100.128[0m [36mport[0m=[35m6379[0m
Traceback (most recent call last):
  File "F:\py\Lib\asyncio\windows_events.py", line 463, in finish_socket_func
    return ov.getresult()
           ~~~~~~~~~~~~^^
OSError: [WinError 64] ÷∏∂®µƒÕ¯¬Á√˚≤ª‘Ÿø…”√°£

During handling of the above exception, another exception occurred:

Traceback (most recent call last):
  File "F:\py\Lib\site-packages\redis\asyncio\connection.py", line 725, in read_response
    response = await self._parser.read_response(
               ^^^^^^^^^^^^^^^^^^^^^^^^^^^^^^^^^
        disable_decoding=disable_decoding
        ^^^^^^^^^^^^^^^^^^^^^^^^^^^^^^^^^
    )
    ^
  File "F:\py\Lib\site-packages\redis\_parsers\resp2.py", line 82, in read_response
    response = await self._read_response(disable_decoding=disable_decoding)
               ^^^^^^^^^^^^^^^^^^^^^^^^^^^^^^^^^^^^^^^^^^^^^^^^^^^^^^^^^^^^
  File "F:\py\Lib\site-packages\redis\_parsers\resp2.py", line 90, in _read_response
    raw = await self._readline()
          ^^^^^^^^^^^^^^^^^^^^^^
  File "F:\py\Lib\site-packages\redis\_parsers\base.py", line 559, in _readline
    data = await self._stream.readline()
           ^^^^^^^^^^^^^^^^^^^^^^^^^^^^^
  File "F:\py\Lib\asyncio\streams.py", line 562, in readline
    line = await self.readuntil(sep)
           ^^^^^^^^^^^^^^^^^^^^^^^^^
  File "F:\py\Lib\asyncio\streams.py", line 677, in readuntil
    await self._wait_for_data('readuntil')
  File "F:\py\Lib\asyncio\streams.py", line 539, in _wait_for_data
    await self._waiter
  File "F:\py\Lib\asyncio\proactor_events.py", line 286, in _loop_reading
    length = fut.result()
  File "F:\py\Lib\asyncio\windows_events.py", line 804, in _poll
    value = callback(transferred, key, ov)
  File "F:\py\Lib\asyncio\windows_events.py", line 467, in finish_socket_func
    raise ConnectionResetError(*exc.args)
ConnectionResetError: [WinError 64] ÷∏∂®µƒÕ¯¬Á√˚≤ª‘Ÿø…”√°£

During handling of the above exception, another exception occurred:

Traceback (most recent call last):
  File "F:\YilenaCode\Werewolf\ai_werewolf_core\utils\redis_client.py", line 128, in get_client
    await cls._client.ping()
  File "F:\py\Lib\site-packages\redis\asyncio\client.py", line 764, in execute_command
    conn = self.connection or await pool.get_connection()
                              ^^^^^^^^^^^^^^^^^^^^^^^^^^^
  File "F:\py\Lib\site-packages\redis\utils.py", line 227, in async_wrapper
    return await func(*args, **kwargs)
           ^^^^^^^^^^^^^^^^^^^^^^^^^^^
  File "F:\py\Lib\site-packages\redis\asyncio\connection.py", line 1351, in get_connection
    await self.ensure_connection(connection)
  File "F:\py\Lib\site-packages\redis\asyncio\connection.py", line 1390, in ensure_connection
    await connection.connect()
  File "F:\py\Lib\site-packages\redis\asyncio\connection.py", line 339, in connect
    await self.retry.call_with_retry(
    ...<7 lines>...
    )
  File "F:\py\Lib\site-packages\redis\asyncio\retry.py", line 81, in call_with_retry
    raise error
  File "F:\py\Lib\site-packages\redis\asyncio\retry.py", line 69, in call_with_retry
    return await do()
           ^^^^^^^^^^
  File "F:\py\Lib\site-packages\redis\asyncio\connection.py", line 403, in connect_check_health
    await self.on_connect_check_health(check_health=check_health)
  File "F:\py\Lib\site-packages\redis\asyncio\connection.py", line 560, in on_connect_check_health
    await self.read_response()
  File "F:\py\Lib\site-packages\redis\asyncio\connection.py", line 747, in read_response
    raise ConnectionError(f"Error while reading from {host_error} : {e.args}")
redis.exceptions.ConnectionError: Error while reading from 192.168.100.128:6379 : (22, '÷∏∂®µƒÕ¯¬Á√˚≤ª‘Ÿø…”√°£', None, 64, None)
------------------------------ Captured log call ------------------------------
INFO     ai_werewolf_core.core.engine.lifecycle:lifecycle.py:418 {'game_id': 'test_lifecycle_5fb5dfee6c0040bcb50c7183763ae8ba', 'module': 'LifecycleManager', 'event': 'game_init', 'level': 'info', 'logger': 'ai_werewolf_core.core.engine.lifecycle', 'timestamp': '2026-05-14T21:35:31.883097+08:00'}
DEBUG    ai_werewolf_core.utils.redis_client:redis_client.py:243 {'max_connections': 300, 'socket_timeout': 10, 'event': 'Redis ¡¨Ω”≥ÿ“—¥¥Ω®', 'level': 'debug', 'logger': 'ai_werewolf_core.utils.redis_client', 'timestamp': '2026-05-14T21:35:31.883237+08:00'}
ERROR    ai_werewolf_core.utils.redis_client:redis_client.py:130 {'host': '192.168.100.128', 'port': 6379, 'error': "Error while reading from 192.168.100.128:6379 : (22, '÷∏∂®µƒÕ¯¬Á√˚≤ª‘Ÿø…”√°£', None, 64, None)", 'event': 'Redis ¡¨Ω”—È÷§ ß∞‹ (PING)', 'level': 'error', 'logger': 'ai_werewolf_core.utils.redis_client', 'timestamp': '2026-05-14T21:35:36.886476+08:00', 'exception': 'Traceback (most recent call last):\n  File "F:\\py\\Lib\\asyncio\\windows_events.py", line 463, in finish_socket_func\n    return ov.getresult()\n           ~~~~~~~~~~~~^^\nOSError: [WinError 64] ÷∏∂®µƒÕ¯¬Á√˚≤ª‘Ÿø…”√°£\n\nDuring handling of the above exception, another exception occurred:\n\nTraceback (most recent call last):\n  File "F:\\py\\Lib\\site-packages\\redis\\asyncio\\connection.py", line 725, in read_response\n    response = await self._parser.read_response(\n               ^^^^^^^^^^^^^^^^^^^^^^^^^^^^^^^^^\n        disable_decoding=disable_decoding\n        ^^^^^^^^^^^^^^^^^^^^^^^^^^^^^^^^^\n    )\n    ^\n  File "F:\\py\\Lib\\site-packages\\redis\\_parsers\\resp2.py", line 82, in read_response\n    response = await self._read_response(disable_decoding=disable_decoding)\n               ^^^^^^^^^^^^^^^^^^^^^^^^^^^^^^^^^^^^^^^^^^^^^^^^^^^^^^^^^^^^\n  File "F:\\py\\Lib\\site-packages\\redis\\_parsers\\resp2.py", line 90, in _read_response\n    raw = await self._readline()\n          ^^^^^^^^^^^^^^^^^^^^^^\n  File "F:\\py\\Lib\\site-packages\\redis\\_parsers\\base.py", line 559, in _readline\n    data = await self._stream.readline()\n           ^^^^^^^^^^^^^^^^^^^^^^^^^^^^^\n  File "F:\\py\\Lib\\asyncio\\streams.py", line 562, in readline\n    line = await self.readuntil(sep)\n           ^^^^^^^^^^^^^^^^^^^^^^^^^\n  File "F:\\py\\Lib\\asyncio\\streams.py", line 677, in readuntil\n    await self._wait_for_data(\'readuntil\')\n  File "F:\\py\\Lib\\asyncio\\streams.py", line 539, in _wait_for_data\n    await self._waiter\n  File "F:\\py\\Lib\\asyncio\\proactor_events.py", line 286, in _loop_reading\n    length = fut.result()\n  File "F:\\py\\Lib\\asyncio\\windows_events.py", line 804, in _poll\n    value = callback(transferred, key, ov)\n  File "F:\\py\\Lib\\asyncio\\windows_events.py", line 467, in finish_socket_func\n    raise ConnectionResetError(*exc.args)\nConnectionResetError: [WinError 64] ÷∏∂®µƒÕ¯¬Á√˚≤ª‘Ÿø…”√°£\n\nDuring handling of the above exception, another exception occurred:\n\nTraceback (most recent call last):\n  File "F:\\YilenaCode\\Werewolf\\ai_werewolf_core\\utils\\redis_client.py", line 128, in get_client\n    await cls._client.ping()\n  File "F:\\py\\Lib\\site-packages\\redis\\asyncio\\client.py", line 764, in execute_command\n    conn = self.connection or await pool.get_connection()\n                              ^^^^^^^^^^^^^^^^^^^^^^^^^^^\n  File "F:\\py\\Lib\\site-packages\\redis\\utils.py", line 227, in async_wrapper\n    return await func(*args, **kwargs)\n           ^^^^^^^^^^^^^^^^^^^^^^^^^^^\n  File "F:\\py\\Lib\\site-packages\\redis\\asyncio\\connection.py", line 1351, in get_connection\n    await self.ensure_connection(connection)\n  File "F:\\py\\Lib\\site-packages\\redis\\asyncio\\connection.py", line 1390, in ensure_connection\n    await connection.connect()\n  File "F:\\py\\Lib\\site-packages\\redis\\asyncio\\connection.py", line 339, in connect\n    await self.retry.call_with_retry(\n    ...<7 lines>...\n    )\n  File "F:\\py\\Lib\\site-packages\\redis\\asyncio\\retry.py", line 81, in call_with_retry\n    raise error\n  File "F:\\py\\Lib\\site-packages\\redis\\asyncio\\retry.py", line 69, in call_with_retry\n    return await do()\n           ^^^^^^^^^^\n  File "F:\\py\\Lib\\site-packages\\redis\\asyncio\\connection.py", line 403, in connect_check_health\n    await self.on_connect_check_health(check_health=check_health)\n  File "F:\\py\\Lib\\site-packages\\redis\\asyncio\\connection.py", line 560, in on_connect_check_health\n    await self.read_response()\n  File "F:\\py\\Lib\\site-packages\\redis\\asyncio\\connection.py", line 747, in read_response\n    raise ConnectionError(f"Error while reading from {host_error} : {e.args}")\nredis.exceptions.ConnectionError: Error while reading from 192.168.100.128:6379 : (22, \'÷∏∂®µƒÕ¯¬Á√˚≤ª‘Ÿø…”√°£\', None, 64, None)'}
-------------------------- Captured stderr teardown ---------------------------
[2m2026-05-14T21:35:37.042925+08:00[0m [[32m[1mdebug    [0m] [1mRedis ¡¨Ω”≥ÿ“—¥¥Ω®                  [0m [[0m[1m[34mai_werewolf_core.utils.redis_client[0m][0m [36mmax_connections[0m=[35m300[0m [36msocket_timeout[0m=[35m10[0m
[2m2026-05-14T21:35:42.046967+08:00[0m [[31m[1merror    [0m] [1mRedis ¡¨Ω”—È÷§ ß∞‹ (PING)           [0m [[0m[1m[34mai_werewolf_core.utils.redis_client[0m][0m [36merror[0m=[35m"Error while reading from 192.168.100.128:6379 : (22, '÷∏∂®µƒÕ¯¬Á√˚≤ª‘Ÿø…”√°£', None, 64, None)"[0m [36mhost[0m=[35m192.168.100.128[0m [36mport[0m=[35m6379[0m
Traceback (most recent call last):
  File "F:\py\Lib\asyncio\windows_events.py", line 463, in finish_socket_func
    return ov.getresult()
           ~~~~~~~~~~~~^^
OSError: [WinError 64] ÷∏∂®µƒÕ¯¬Á√˚≤ª‘Ÿø…”√°£

During handling of the above exception, another exception occurred:

Traceback (most recent call last):
  File "F:\py\Lib\site-packages\redis\asyncio\connection.py", line 725, in read_response
    response = await self._parser.read_response(
               ^^^^^^^^^^^^^^^^^^^^^^^^^^^^^^^^^
        disable_decoding=disable_decoding
        ^^^^^^^^^^^^^^^^^^^^^^^^^^^^^^^^^
    )
    ^
  File "F:\py\Lib\site-packages\redis\_parsers\resp2.py", line 82, in read_response
    response = await self._read_response(disable_decoding=disable_decoding)
               ^^^^^^^^^^^^^^^^^^^^^^^^^^^^^^^^^^^^^^^^^^^^^^^^^^^^^^^^^^^^
  File "F:\py\Lib\site-packages\redis\_parsers\resp2.py", line 90, in _read_response
    raw = await self._readline()
          ^^^^^^^^^^^^^^^^^^^^^^
  File "F:\py\Lib\site-packages\redis\_parsers\base.py", line 559, in _readline
    data = await self._stream.readline()
           ^^^^^^^^^^^^^^^^^^^^^^^^^^^^^
  File "F:\py\Lib\asyncio\streams.py", line 562, in readline
    line = await self.readuntil(sep)
           ^^^^^^^^^^^^^^^^^^^^^^^^^
  File "F:\py\Lib\asyncio\streams.py", line 677, in readuntil
    await self._wait_for_data('readuntil')
  File "F:\py\Lib\asyncio\streams.py", line 539, in _wait_for_data
    await self._waiter
  File "F:\py\Lib\asyncio\proactor_events.py", line 286, in _loop_reading
    length = fut.result()
  File "F:\py\Lib\asyncio\windows_events.py", line 804, in _poll
    value = callback(transferred, key, ov)
  File "F:\py\Lib\asyncio\windows_events.py", line 467, in finish_socket_func
    raise ConnectionResetError(*exc.args)
ConnectionResetError: [WinError 64] ÷∏∂®µƒÕ¯¬Á√˚≤ª‘Ÿø…”√°£

During handling of the above exception, another exception occurred:

Traceback (most recent call last):
  File "F:\YilenaCode\Werewolf\ai_werewolf_core\utils\redis_client.py", line 128, in get_client
    await cls._client.ping()
  File "F:\py\Lib\site-packages\redis\asyncio\client.py", line 764, in execute_command
    conn = self.connection or await pool.get_connection()
                              ^^^^^^^^^^^^^^^^^^^^^^^^^^^
  File "F:\py\Lib\site-packages\redis\utils.py", line 227, in async_wrapper
    return await func(*args, **kwargs)
           ^^^^^^^^^^^^^^^^^^^^^^^^^^^
  File "F:\py\Lib\site-packages\redis\asyncio\connection.py", line 1351, in get_connection
    await self.ensure_connection(connection)
  File "F:\py\Lib\site-packages\redis\asyncio\connection.py", line 1390, in ensure_connection
    await connection.connect()
  File "F:\py\Lib\site-packages\redis\asyncio\connection.py", line 339, in connect
    await self.retry.call_with_retry(
    ...<7 lines>...
    )
  File "F:\py\Lib\site-packages\redis\asyncio\retry.py", line 81, in call_with_retry
    raise error
  File "F:\py\Lib\site-packages\redis\asyncio\retry.py", line 69, in call_with_retry
    return await do()
           ^^^^^^^^^^
  File "F:\py\Lib\site-packages\redis\asyncio\connection.py", line 403, in connect_check_health
    await self.on_connect_check_health(check_health=check_health)
  File "F:\py\Lib\site-packages\redis\asyncio\connection.py", line 560, in on_connect_check_health
    await self.read_response()
  File "F:\py\Lib\site-packages\redis\asyncio\connection.py", line 747, in read_response
    raise ConnectionError(f"Error while reading from {host_error} : {e.args}")
redis.exceptions.ConnectionError: Error while reading from 192.168.100.128:6379 : (22, '÷∏∂®µƒÕ¯¬Á√˚≤ª‘Ÿø…”√°£', None, 64, None)
[2m2026-05-14T21:35:42.049737+08:00[0m [[31m[1merror    [0m] [1m«Â¿Ì ¬º˛ Stream “Ï≥£                [0m [[0m[1m[34mai_werewolf_core.core.event.bus[0m][0m [36merror[0m=[35m'EventBus Œﬁ∑®ªÒ»° Redis øÕªß∂À'[0m [36mgame_id[0m=[35mNone[0m
Traceback (most recent call last):
  File "F:\py\Lib\asyncio\windows_events.py", line 463, in finish_socket_func
    return ov.getresult()
           ~~~~~~~~~~~~^^
OSError: [WinError 64] ÷∏∂®µƒÕ¯¬Á√˚≤ª‘Ÿø…”√°£

During handling of the above exception, another exception occurred:

Traceback (most recent call last):
  File "F:\py\Lib\site-packages\redis\asyncio\connection.py", line 725, in read_response
    response = await self._parser.read_response(
               ^^^^^^^^^^^^^^^^^^^^^^^^^^^^^^^^^
        disable_decoding=disable_decoding
        ^^^^^^^^^^^^^^^^^^^^^^^^^^^^^^^^^
    )
    ^
  File "F:\py\Lib\site-packages\redis\_parsers\resp2.py", line 82, in read_response
    response = await self._read_response(disable_decoding=disable_decoding)
               ^^^^^^^^^^^^^^^^^^^^^^^^^^^^^^^^^^^^^^^^^^^^^^^^^^^^^^^^^^^^
  File "F:\py\Lib\site-packages\redis\_parsers\resp2.py", line 90, in _read_response
    raw = await self._readline()
          ^^^^^^^^^^^^^^^^^^^^^^
  File "F:\py\Lib\site-packages\redis\_parsers\base.py", line 559, in _readline
    data = await self._stream.readline()
           ^^^^^^^^^^^^^^^^^^^^^^^^^^^^^
  File "F:\py\Lib\asyncio\streams.py", line 562, in readline
    line = await self.readuntil(sep)
           ^^^^^^^^^^^^^^^^^^^^^^^^^
  File "F:\py\Lib\asyncio\streams.py", line 677, in readuntil
    await self._wait_for_data('readuntil')
  File "F:\py\Lib\asyncio\streams.py", line 539, in _wait_for_data
    await self._waiter
  File "F:\py\Lib\asyncio\proactor_events.py", line 286, in _loop_reading
    length = fut.result()
  File "F:\py\Lib\asyncio\windows_events.py", line 804, in _poll
    value = callback(transferred, key, ov)
  File "F:\py\Lib\asyncio\windows_events.py", line 467, in finish_socket_func
    raise ConnectionResetError(*exc.args)
ConnectionResetError: [WinError 64] ÷∏∂®µƒÕ¯¬Á√˚≤ª‘Ÿø…”√°£

During handling of the above exception, another exception occurred:

Traceback (most recent call last):
  File "F:\YilenaCode\Werewolf\ai_werewolf_core\core\event\bus.py", line 111, in _get_redis
    self._redis_client = await RedisClientManager.get_client()
                         ^^^^^^^^^^^^^^^^^^^^^^^^^^^^^^^^^^^^^
  File "F:\YilenaCode\Werewolf\ai_werewolf_core\utils\redis_client.py", line 128, in get_client
    await cls._client.ping()
  File "F:\py\Lib\site-packages\redis\asyncio\client.py", line 764, in execute_command
    conn = self.connection or await pool.get_connection()
                              ^^^^^^^^^^^^^^^^^^^^^^^^^^^
  File "F:\py\Lib\site-packages\redis\utils.py", line 227, in async_wrapper
    return await func(*args, **kwargs)
           ^^^^^^^^^^^^^^^^^^^^^^^^^^^
  File "F:\py\Lib\site-packages\redis\asyncio\connection.py", line 1351, in get_connection
    await self.ensure_connection(connection)
  File "F:\py\Lib\site-packages\redis\asyncio\connection.py", line 1390, in ensure_connection
    await connection.connect()
  File "F:\py\Lib\site-packages\redis\asyncio\connection.py", line 339, in connect
    await self.retry.call_with_retry(
    ...<7 lines>...
    )
  File "F:\py\Lib\site-packages\redis\asyncio\retry.py", line 81, in call_with_retry
    raise error
  File "F:\py\Lib\site-packages\redis\asyncio\retry.py", line 69, in call_with_retry
    return await do()
           ^^^^^^^^^^
  File "F:\py\Lib\site-packages\redis\asyncio\connection.py", line 403, in connect_check_health
    await self.on_connect_check_health(check_health=check_health)
  File "F:\py\Lib\site-packages\redis\asyncio\connection.py", line 560, in on_connect_check_health
    await self.read_response()
  File "F:\py\Lib\site-packages\redis\asyncio\connection.py", line 747, in read_response
    raise ConnectionError(f"Error while reading from {host_error} : {e.args}")
redis.exceptions.ConnectionError: Error while reading from 192.168.100.128:6379 : (22, '÷∏∂®µƒÕ¯¬Á√˚≤ª‘Ÿø…”√°£', None, 64, None)

The above exception was the direct cause of the following exception:

Traceback (most recent call last):
  File "F:\YilenaCode\Werewolf\ai_werewolf_core\core\event\bus.py", line 710, in clear
    redis = await self._get_redis()
            ^^^^^^^^^^^^^^^^^^^^^^^
  File "F:\YilenaCode\Werewolf\ai_werewolf_core\core\event\bus.py", line 114, in _get_redis
    raise RedisUnavailableException(
        "EventBus Œﬁ∑®ªÒ»° Redis øÕªß∂À"
    ) from e
ai_werewolf_core.utils.redis_seq.RedisUnavailableException: EventBus Œﬁ∑®ªÒ»° Redis øÕªß∂À
---------------------------- Captured log teardown ----------------------------
DEBUG    ai_werewolf_core.utils.redis_client:redis_client.py:243 {'max_connections': 300, 'socket_timeout': 10, 'event': 'Redis ¡¨Ω”≥ÿ“—¥¥Ω®', 'level': 'debug', 'logger': 'ai_werewolf_core.utils.redis_client', 'timestamp': '2026-05-14T21:35:37.042925+08:00'}
ERROR    ai_werewolf_core.utils.redis_client:redis_client.py:130 {'host': '192.168.100.128', 'port': 6379, 'error': "Error while reading from 192.168.100.128:6379 : (22, '÷∏∂®µƒÕ¯¬Á√˚≤ª‘Ÿø…”√°£', None, 64, None)", 'event': 'Redis ¡¨Ω”—È÷§ ß∞‹ (PING)', 'level': 'error', 'logger': 'ai_werewolf_core.utils.redis_client', 'timestamp': '2026-05-14T21:35:42.046967+08:00', 'exception': 'Traceback (most recent call last):\n  File "F:\\py\\Lib\\asyncio\\windows_events.py", line 463, in finish_socket_func\n    return ov.getresult()\n           ~~~~~~~~~~~~^^\nOSError: [WinError 64] ÷∏∂®µƒÕ¯¬Á√˚≤ª‘Ÿø…”√°£\n\nDuring handling of the above exception, another exception occurred:\n\nTraceback (most recent call last):\n  File "F:\\py\\Lib\\site-packages\\redis\\asyncio\\connection.py", line 725, in read_response\n    response = await self._parser.read_response(\n               ^^^^^^^^^^^^^^^^^^^^^^^^^^^^^^^^^\n        disable_decoding=disable_decoding\n        ^^^^^^^^^^^^^^^^^^^^^^^^^^^^^^^^^\n    )\n    ^\n  File "F:\\py\\Lib\\site-packages\\redis\\_parsers\\resp2.py", line 82, in read_response\n    response = await self._read_response(disable_decoding=disable_decoding)\n               ^^^^^^^^^^^^^^^^^^^^^^^^^^^^^^^^^^^^^^^^^^^^^^^^^^^^^^^^^^^^\n  File "F:\\py\\Lib\\site-packages\\redis\\_parsers\\resp2.py", line 90, in _read_response\n    raw = await self._readline()\n          ^^^^^^^^^^^^^^^^^^^^^^\n  File "F:\\py\\Lib\\site-packages\\redis\\_parsers\\base.py", line 559, in _readline\n    data = await self._stream.readline()\n           ^^^^^^^^^^^^^^^^^^^^^^^^^^^^^\n  File "F:\\py\\Lib\\asyncio\\streams.py", line 562, in readline\n    line = await self.readuntil(sep)\n           ^^^^^^^^^^^^^^^^^^^^^^^^^\n  File "F:\\py\\Lib\\asyncio\\streams.py", line 677, in readuntil\n    await self._wait_for_data(\'readuntil\')\n  File "F:\\py\\Lib\\asyncio\\streams.py", line 539, in _wait_for_data\n    await self._waiter\n  File "F:\\py\\Lib\\asyncio\\proactor_events.py", line 286, in _loop_reading\n    length = fut.result()\n  File "F:\\py\\Lib\\asyncio\\windows_events.py", line 804, in _poll\n    value = callback(transferred, key, ov)\n  File "F:\\py\\Lib\\asyncio\\windows_events.py", line 467, in finish_socket_func\n    raise ConnectionResetError(*exc.args)\nConnectionResetError: [WinError 64] ÷∏∂®µƒÕ¯¬Á√˚≤ª‘Ÿø…”√°£\n\nDuring handling of the above exception, another exception occurred:\n\nTraceback (most recent call last):\n  File "F:\\YilenaCode\\Werewolf\\ai_werewolf_core\\utils\\redis_client.py", line 128, in get_client\n    await cls._client.ping()\n  File "F:\\py\\Lib\\site-packages\\redis\\asyncio\\client.py", line 764, in execute_command\n    conn = self.connection or await pool.get_connection()\n                              ^^^^^^^^^^^^^^^^^^^^^^^^^^^\n  File "F:\\py\\Lib\\site-packages\\redis\\utils.py", line 227, in async_wrapper\n    return await func(*args, **kwargs)\n           ^^^^^^^^^^^^^^^^^^^^^^^^^^^\n  File "F:\\py\\Lib\\site-packages\\redis\\asyncio\\connection.py", line 1351, in get_connection\n    await self.ensure_connection(connection)\n  File "F:\\py\\Lib\\site-packages\\redis\\asyncio\\connection.py", line 1390, in ensure_connection\n    await connection.connect()\n  File "F:\\py\\Lib\\site-packages\\redis\\asyncio\\connection.py", line 339, in connect\n    await self.retry.call_with_retry(\n    ...<7 lines>...\n    )\n  File "F:\\py\\Lib\\site-packages\\redis\\asyncio\\retry.py", line 81, in call_with_retry\n    raise error\n  File "F:\\py\\Lib\\site-packages\\redis\\asyncio\\retry.py", line 69, in call_with_retry\n    return await do()\n           ^^^^^^^^^^\n  File "F:\\py\\Lib\\site-packages\\redis\\asyncio\\connection.py", line 403, in connect_check_health\n    await self.on_connect_check_health(check_health=check_health)\n  File "F:\\py\\Lib\\site-packages\\redis\\asyncio\\connection.py", line 560, in on_connect_check_health\n    await self.read_response()\n  File "F:\\py\\Lib\\site-packages\\redis\\asyncio\\connection.py", line 747, in read_response\n    raise ConnectionError(f"Error while reading from {host_error} : {e.args}")\nredis.exceptions.ConnectionError: Error while reading from 192.168.100.128:6379 : (22, \'÷∏∂®µƒÕ¯¬Á√˚≤ª‘Ÿø…”√°£\', None, 64, None)'}
ERROR    ai_werewolf_core.core.event.bus:bus.py:741 {'game_id': None, 'error': 'EventBus Œﬁ∑®ªÒ»° Redis øÕªß∂À', 'event': '«Â¿Ì ¬º˛ Stream “Ï≥£', 'level': 'error', 'logger': 'ai_werewolf_core.core.event.bus', 'timestamp': '2026-05-14T21:35:42.049737+08:00', 'exception': 'Traceback (most recent call last):\n  File "F:\\py\\Lib\\asyncio\\windows_events.py", line 463, in finish_socket_func\n    return ov.getresult()\n           ~~~~~~~~~~~~^^\nOSError: [WinError 64] ÷∏∂®µƒÕ¯¬Á√˚≤ª‘Ÿø…”√°£\n\nDuring handling of the above exception, another exception occurred:\n\nTraceback (most recent call last):\n  File "F:\\py\\Lib\\site-packages\\redis\\asyncio\\connection.py", line 725, in read_response\n    response = await self._parser.read_response(\n               ^^^^^^^^^^^^^^^^^^^^^^^^^^^^^^^^^\n        disable_decoding=disable_decoding\n        ^^^^^^^^^^^^^^^^^^^^^^^^^^^^^^^^^\n    )\n    ^\n  File "F:\\py\\Lib\\site-packages\\redis\\_parsers\\resp2.py", line 82, in read_response\n    response = await self._read_response(disable_decoding=disable_decoding)\n               ^^^^^^^^^^^^^^^^^^^^^^^^^^^^^^^^^^^^^^^^^^^^^^^^^^^^^^^^^^^^\n  File "F:\\py\\Lib\\site-packages\\redis\\_parsers\\resp2.py", line 90, in _read_response\n    raw = await self._readline()\n          ^^^^^^^^^^^^^^^^^^^^^^\n  File "F:\\py\\Lib\\site-packages\\redis\\_parsers\\base.py", line 559, in _readline\n    data = await self._stream.readline()\n           ^^^^^^^^^^^^^^^^^^^^^^^^^^^^^\n  File "F:\\py\\Lib\\asyncio\\streams.py", line 562, in readline\n    line = await self.readuntil(sep)\n           ^^^^^^^^^^^^^^^^^^^^^^^^^\n  File "F:\\py\\Lib\\asyncio\\streams.py", line 677, in readuntil\n    await self._wait_for_data(\'readuntil\')\n  File "F:\\py\\Lib\\asyncio\\streams.py", line 539, in _wait_for_data\n    await self._waiter\n  File "F:\\py\\Lib\\asyncio\\proactor_events.py", line 286, in _loop_reading\n    length = fut.result()\n  File "F:\\py\\Lib\\asyncio\\windows_events.py", line 804, in _poll\n    value = callback(transferred, key, ov)\n  File "F:\\py\\Lib\\asyncio\\windows_events.py", line 467, in finish_socket_func\n    raise ConnectionResetError(*exc.args)\nConnectionResetError: [WinError 64] ÷∏∂®µƒÕ¯¬Á√˚≤ª‘Ÿø…”√°£\n\nDuring handling of the above exception, another exception occurred:\n\nTraceback (most recent call last):\n  File "F:\\YilenaCode\\Werewolf\\ai_werewolf_core\\core\\event\\bus.py", line 111, in _get_redis\n    self._redis_client = await RedisClientManager.get_client()\n                         ^^^^^^^^^^^^^^^^^^^^^^^^^^^^^^^^^^^^^\n  File "F:\\YilenaCode\\Werewolf\\ai_werewolf_core\\utils\\redis_client.py", line 128, in get_client\n    await cls._client.ping()\n  File "F:\\py\\Lib\\site-packages\\redis\\asyncio\\client.py", line 764, in execute_command\n    conn = self.connection or await pool.get_connection()\n                              ^^^^^^^^^^^^^^^^^^^^^^^^^^^\n  File "F:\\py\\Lib\\site-packages\\redis\\utils.py", line 227, in async_wrapper\n    return await func(*args, **kwargs)\n           ^^^^^^^^^^^^^^^^^^^^^^^^^^^\n  File "F:\\py\\Lib\\site-packages\\redis\\asyncio\\connection.py", line 1351, in get_connection\n    await self.ensure_connection(connection)\n  File "F:\\py\\Lib\\site-packages\\redis\\asyncio\\connection.py", line 1390, in ensure_connection\n    await connection.connect()\n  File "F:\\py\\Lib\\site-packages\\redis\\asyncio\\connection.py", line 339, in connect\n    await self.retry.call_with_retry(\n    ...<7 lines>...\n    )\n  File "F:\\py\\Lib\\site-packages\\redis\\asyncio\\retry.py", line 81, in call_with_retry\n    raise error\n  File "F:\\py\\Lib\\site-packages\\redis\\asyncio\\retry.py", line 69, in call_with_retry\n    return await do()\n           ^^^^^^^^^^\n  File "F:\\py\\Lib\\site-packages\\redis\\asyncio\\connection.py", line 403, in connect_check_health\n    await self.on_connect_check_health(check_health=check_health)\n  File "F:\\py\\Lib\\site-packages\\redis\\asyncio\\connection.py", line 560, in on_connect_check_health\n    await self.read_response()\n  File "F:\\py\\Lib\\site-packages\\redis\\asyncio\\connection.py", line 747, in read_response\n    raise ConnectionError(f"Error while reading from {host_error} : {e.args}")\nredis.exceptions.ConnectionError: Error while reading from 192.168.100.128:6379 : (22, \'÷∏∂®µƒÕ¯¬Á√˚≤ª‘Ÿø…”√°£\', None, 64, None)\n\nThe above exception was the direct cause of the following exception:\n\nTraceback (most recent call last):\n  File "F:\\YilenaCode\\Werewolf\\ai_werewolf_core\\core\\event\\bus.py", line 710, in clear\n    redis = await self._get_redis()\n            ^^^^^^^^^^^^^^^^^^^^^^^\n  File "F:\\YilenaCode\\Werewolf\\ai_werewolf_core\\core\\event\\bus.py", line 114, in _get_redis\n    raise RedisUnavailableException(\n        "EventBus Œﬁ∑®ªÒ»° Redis øÕªß∂À"\n    ) from e\nai_werewolf_core.utils.redis_seq.RedisUnavailableException: EventBus Œﬁ∑®ªÒ»° Redis øÕªß∂À'}
_______________ TestTaskIdManagement.test_save_and_get_task_id ________________

trans = 0, key = 0, ov = <_overlapped.Overlapped object at 0x0000027C308471B0>

    @staticmethod
    def finish_socket_func(trans, key, ov):
        try:
>           return ov.getresult()
                   ^^^^^^^^^^^^^^
E           OSError: [WinError 64] ÷∏∂®µƒÕ¯¬Á√˚≤ª‘Ÿø…”√°£

F:\py\Lib\asyncio\windows_events.py:463: OSError

During handling of the above exception, another exception occurred:

self = <redis.asyncio.connection.Connection(host=192.168.100.128,port=6379,db=1)>
disable_decoding = False, timeout = None

    async def read_response(
        self,
        disable_decoding: bool = False,
        timeout: Optional[float] = None,
        *,
        disconnect_on_error: bool = True,
        push_request: Optional[bool] = False,
    ):
        """Read the response from a previously sent command"""
        read_timeout = timeout if timeout is not None else self.socket_timeout
        host_error = self._host_error()
        try:
            if read_timeout is not None and self.protocol in ["3", 3]:
                async with async_timeout(read_timeout):
                    response = await self._parser.read_response(
                        disable_decoding=disable_decoding, push_request=push_request
                    )
            elif read_timeout is not None:
                async with async_timeout(read_timeout):
>                   response = await self._parser.read_response(
                        disable_decoding=disable_decoding

F:\py\Lib\site-packages\redis\asyncio\connection.py:725: 
_ _ _ _ _ _ _ _ _ _ _ _ _ _ _ _ _ _ _ _ _ _ _ _ _ _ _ _ _ _ _ _ _ _ _ _ _ _ _ _
F:\py\Lib\site-packages\redis\_parsers\resp2.py:82: in read_response
    response = await self._read_response(disable_decoding=disable_decoding)
               ^^^^^^^^^^^^^^^^^^^^^^^^^^^^^^^^^^^^^^^^^^^^^^^^^^^^^^^^^^^^
F:\py\Lib\site-packages\redis\_parsers\resp2.py:90: in _read_response
    raw = await self._readline()
          ^^^^^^^^^^^^^^^^^^^^^^
F:\py\Lib\site-packages\redis\_parsers\base.py:559: in _readline
    data = await self._stream.readline()
           ^^^^^^^^^^^^^^^^^^^^^^^^^^^^^
F:\py\Lib\asyncio\streams.py:562: in readline
    line = await self.readuntil(sep)
           ^^^^^^^^^^^^^^^^^^^^^^^^^
F:\py\Lib\asyncio\streams.py:677: in readuntil
    await self._wait_for_data('readuntil')
F:\py\Lib\asyncio\streams.py:539: in _wait_for_data
    await self._waiter
F:\py\Lib\asyncio\proactor_events.py:286: in _loop_reading
    length = fut.result()
             ^^^^^^^^^^^^
F:\py\Lib\asyncio\windows_events.py:804: in _poll
    value = callback(transferred, key, ov)
            ^^^^^^^^^^^^^^^^^^^^^^^^^^^^^^
_ _ _ _ _ _ _ _ _ _ _ _ _ _ _ _ _ _ _ _ _ _ _ _ _ _ _ _ _ _ _ _ _ _ _ _ _ _ _ _

trans = 0, key = 0, ov = <_overlapped.Overlapped object at 0x0000027C308471B0>

    @staticmethod
    def finish_socket_func(trans, key, ov):
        try:
            return ov.getresult()
        except OSError as exc:
            if exc.winerror in (_overlapped.ERROR_NETNAME_DELETED,
                                _overlapped.ERROR_OPERATION_ABORTED):
>               raise ConnectionResetError(*exc.args)
E               ConnectionResetError: [WinError 64] ÷∏∂®µƒÕ¯¬Á√˚≤ª‘Ÿø…”√°£

F:\py\Lib\asyncio\windows_events.py:467: ConnectionResetError

During handling of the above exception, another exception occurred:

self = <ai_werewolf_core.core.engine.lifecycle.LifecycleManager object at 0x0000027C31E0E4A0>

    async def _get_redis(self) -> aioredis.Redis:
        """ªÒ»° Redis “Ï≤ΩøÕªß∂À£®¿¡≥ı ºªØ£¨π≤œÌ¡¨Ω”≥ÿ£©°£"""
        if self._redis is None:
            try:
>               self._redis = await RedisClientManager.get_client()
                              ^^^^^^^^^^^^^^^^^^^^^^^^^^^^^^^^^^^^^

ai_werewolf_core\core\engine\lifecycle.py:143: 
_ _ _ _ _ _ _ _ _ _ _ _ _ _ _ _ _ _ _ _ _ _ _ _ _ _ _ _ _ _ _ _ _ _ _ _ _ _ _ _
ai_werewolf_core\utils\redis_client.py:128: in get_client
    await cls._client.ping()
F:\py\Lib\site-packages\redis\asyncio\client.py:764: in execute_command
    conn = self.connection or await pool.get_connection()
                              ^^^^^^^^^^^^^^^^^^^^^^^^^^^
F:\py\Lib\site-packages\redis\utils.py:227: in async_wrapper
    return await func(*args, **kwargs)
           ^^^^^^^^^^^^^^^^^^^^^^^^^^^
F:\py\Lib\site-packages\redis\asyncio\connection.py:1351: in get_connection
    await self.ensure_connection(connection)
F:\py\Lib\site-packages\redis\asyncio\connection.py:1390: in ensure_connection
    await connection.connect()
F:\py\Lib\site-packages\redis\asyncio\connection.py:339: in connect
    await self.retry.call_with_retry(
F:\py\Lib\site-packages\redis\asyncio\retry.py:81: in call_with_retry
    raise error
F:\py\Lib\site-packages\redis\asyncio\retry.py:69: in call_with_retry
    return await do()
           ^^^^^^^^^^
F:\py\Lib\site-packages\redis\asyncio\connection.py:403: in connect_check_health
    await self.on_connect_check_health(check_health=check_health)
F:\py\Lib\site-packages\redis\asyncio\connection.py:560: in on_connect_check_health
    await self.read_response()
_ _ _ _ _ _ _ _ _ _ _ _ _ _ _ _ _ _ _ _ _ _ _ _ _ _ _ _ _ _ _ _ _ _ _ _ _ _ _ _

self = <redis.asyncio.connection.Connection(host=192.168.100.128,port=6379,db=1)>
disable_decoding = False, timeout = None

    async def read_response(
        self,
        disable_decoding: bool = False,
        timeout: Optional[float] = None,
        *,
        disconnect_on_error: bool = True,
        push_request: Optional[bool] = False,
    ):
        """Read the response from a previously sent command"""
        read_timeout = timeout if timeout is not None else self.socket_timeout
        host_error = self._host_error()
        try:
            if read_timeout is not None and self.protocol in ["3", 3]:
                async with async_timeout(read_timeout):
                    response = await self._parser.read_response(
                        disable_decoding=disable_decoding, push_request=push_request
                    )
            elif read_timeout is not None:
                async with async_timeout(read_timeout):
                    response = await self._parser.read_response(
                        disable_decoding=disable_decoding
                    )
            elif self.protocol in ["3", 3]:
                response = await self._parser.read_response(
                    disable_decoding=disable_decoding, push_request=push_request
                )
            else:
                response = await self._parser.read_response(
                    disable_decoding=disable_decoding
                )
        except asyncio.TimeoutError:
            if timeout is not None:
                # user requested timeout, return None. Operation can be retried
                return None
            # it was a self.socket_timeout error.
            if disconnect_on_error:
                await self.disconnect(nowait=True)
            raise TimeoutError(f"Timeout reading from {host_error}")
        except OSError as e:
            if disconnect_on_error:
                await self.disconnect(nowait=True)
>           raise ConnectionError(f"Error while reading from {host_error} : {e.args}")
E           redis.exceptions.ConnectionError: Error while reading from 192.168.100.128:6379 : (22, '÷∏∂®µƒÕ¯¬Á√˚≤ª‘Ÿø…”√°£', None, 64, None)

F:\py\Lib\site-packages\redis\asyncio\connection.py:747: ConnectionError

The above exception was the direct cause of the following exception:

self = <test_lifecycle.TestTaskIdManagement object at 0x0000027C303D3750>
lifecycle = <ai_werewolf_core.core.engine.lifecycle.LifecycleManager object at 0x0000027C31E0E4A0>

    @pytest.mark.asyncio
    async def test_save_and_get_task_id(self, lifecycle):
        """ø…“‘±£¥Ê≤¢∂¡»° task_id°£"""
>       await lifecycle.save_task_id("test_task_123")

tests\unit\core\engine\test_lifecycle.py:468: 
_ _ _ _ _ _ _ _ _ _ _ _ _ _ _ _ _ _ _ _ _ _ _ _ _ _ _ _ _ _ _ _ _ _ _ _ _ _ _ _
ai_werewolf_core\core\engine\lifecycle.py:659: in save_task_id
    redis = await self._get_redis()
            ^^^^^^^^^^^^^^^^^^^^^^^
_ _ _ _ _ _ _ _ _ _ _ _ _ _ _ _ _ _ _ _ _ _ _ _ _ _ _ _ _ _ _ _ _ _ _ _ _ _ _ _

self = <ai_werewolf_core.core.engine.lifecycle.LifecycleManager object at 0x0000027C31E0E4A0>

    async def _get_redis(self) -> aioredis.Redis:
        """ªÒ»° Redis “Ï≤ΩøÕªß∂À£®¿¡≥ı ºªØ£¨π≤œÌ¡¨Ω”≥ÿ£©°£"""
        if self._redis is None:
            try:
                self._redis = await RedisClientManager.get_client()
                self._logger.debug("LifecycleManager “—ªÒ»°π≤œÌ Redis øÕªß∂À")
            except (aioredis.ConnectionError, aioredis.TimeoutError) as e:
>               raise RedisUnavailableException(
                    f"LifecycleManager Œﬁ∑®ªÒ»° Redis øÕªß∂À: game_id={self.game_id}"
                ) from e
E               ai_werewolf_core.utils.redis_seq.RedisUnavailableException: LifecycleManager Œﬁ∑®ªÒ»° Redis øÕªß∂À: game_id=test_lifecycle_957e9468c2564a1886176b78dfab2e63

ai_werewolf_core\core\engine\lifecycle.py:146: RedisUnavailableException
---------------------------- Captured stderr setup ----------------------------
[2m2026-05-14T21:35:42.055931+08:00[0m [[32m[1mdebug    [0m] [1mglobal_subscribe              [0m [[0m[1m[34mai_werewolf_core.core.event.bus[0m][0m [36mhandler[0m=[35m_default_log_subscriber[0m
[2m2026-05-14T21:35:42.056079+08:00[0m [[32m[1mdebug    [0m] [1mglobal_subscribe              [0m [[0m[1m[34mai_werewolf_core.core.event.bus[0m][0m [36mhandler[0m=[35m_persist_to_db[0m
----------------------------- Captured log setup ------------------------------
DEBUG    ai_werewolf_core.core.event.bus:bus.py:519 {'handler': '_default_log_subscriber', 'event': 'global_subscribe', 'level': 'debug', 'logger': 'ai_werewolf_core.core.event.bus', 'timestamp': '2026-05-14T21:35:42.055931+08:00'}
DEBUG    ai_werewolf_core.core.event.bus:bus.py:519 {'handler': '_persist_to_db', 'event': 'global_subscribe', 'level': 'debug', 'logger': 'ai_werewolf_core.core.event.bus', 'timestamp': '2026-05-14T21:35:42.056079+08:00'}
---------------------------- Captured stderr call -----------------------------
[2m2026-05-14T21:35:42.056883+08:00[0m [[32m[1mdebug    [0m] [1mRedis ¡¨Ω”≥ÿ“—¥¥Ω®                  [0m [[0m[1m[34mai_werewolf_core.utils.redis_client[0m][0m [36mmax_connections[0m=[35m300[0m [36msocket_timeout[0m=[35m10[0m
[2m2026-05-14T21:35:47.060385+08:00[0m [[31m[1merror    [0m] [1mRedis ¡¨Ω”—È÷§ ß∞‹ (PING)           [0m [[0m[1m[34mai_werewolf_core.utils.redis_client[0m][0m [36merror[0m=[35m"Error while reading from 192.168.100.128:6379 : (22, '÷∏∂®µƒÕ¯¬Á√˚≤ª‘Ÿø…”√°£', None, 64, None)"[0m [36mhost[0m=[35m192.168.100.128[0m [36mport[0m=[35m6379[0m
Traceback (most recent call last):
  File "F:\py\Lib\asyncio\windows_events.py", line 463, in finish_socket_func
    return ov.getresult()
           ~~~~~~~~~~~~^^
OSError: [WinError 64] ÷∏∂®µƒÕ¯¬Á√˚≤ª‘Ÿø…”√°£

During handling of the above exception, another exception occurred:

Traceback (most recent call last):
  File "F:\py\Lib\site-packages\redis\asyncio\connection.py", line 725, in read_response
    response = await self._parser.read_response(
               ^^^^^^^^^^^^^^^^^^^^^^^^^^^^^^^^^
        disable_decoding=disable_decoding
        ^^^^^^^^^^^^^^^^^^^^^^^^^^^^^^^^^
    )
    ^
  File "F:\py\Lib\site-packages\redis\_parsers\resp2.py", line 82, in read_response
    response = await self._read_response(disable_decoding=disable_decoding)
               ^^^^^^^^^^^^^^^^^^^^^^^^^^^^^^^^^^^^^^^^^^^^^^^^^^^^^^^^^^^^
  File "F:\py\Lib\site-packages\redis\_parsers\resp2.py", line 90, in _read_response
    raw = await self._readline()
          ^^^^^^^^^^^^^^^^^^^^^^
  File "F:\py\Lib\site-packages\redis\_parsers\base.py", line 559, in _readline
    data = await self._stream.readline()
           ^^^^^^^^^^^^^^^^^^^^^^^^^^^^^
  File "F:\py\Lib\asyncio\streams.py", line 562, in readline
    line = await self.readuntil(sep)
           ^^^^^^^^^^^^^^^^^^^^^^^^^
  File "F:\py\Lib\asyncio\streams.py", line 677, in readuntil
    await self._wait_for_data('readuntil')
  File "F:\py\Lib\asyncio\streams.py", line 539, in _wait_for_data
    await self._waiter
  File "F:\py\Lib\asyncio\proactor_events.py", line 286, in _loop_reading
    length = fut.result()
  File "F:\py\Lib\asyncio\windows_events.py", line 804, in _poll
    value = callback(transferred, key, ov)
  File "F:\py\Lib\asyncio\windows_events.py", line 467, in finish_socket_func
    raise ConnectionResetError(*exc.args)
ConnectionResetError: [WinError 64] ÷∏∂®µƒÕ¯¬Á√˚≤ª‘Ÿø…”√°£

During handling of the above exception, another exception occurred:

Traceback (most recent call last):
  File "F:\YilenaCode\Werewolf\ai_werewolf_core\utils\redis_client.py", line 128, in get_client
    await cls._client.ping()
  File "F:\py\Lib\site-packages\redis\asyncio\client.py", line 764, in execute_command
    conn = self.connection or await pool.get_connection()
                              ^^^^^^^^^^^^^^^^^^^^^^^^^^^
  File "F:\py\Lib\site-packages\redis\utils.py", line 227, in async_wrapper
    return await func(*args, **kwargs)
           ^^^^^^^^^^^^^^^^^^^^^^^^^^^
  File "F:\py\Lib\site-packages\redis\asyncio\connection.py", line 1351, in get_connection
    await self.ensure_connection(connection)
  File "F:\py\Lib\site-packages\redis\asyncio\connection.py", line 1390, in ensure_connection
    await connection.connect()
  File "F:\py\Lib\site-packages\redis\asyncio\connection.py", line 339, in connect
    await self.retry.call_with_retry(
    ...<7 lines>...
    )
  File "F:\py\Lib\site-packages\redis\asyncio\retry.py", line 81, in call_with_retry
    raise error
  File "F:\py\Lib\site-packages\redis\asyncio\retry.py", line 69, in call_with_retry
    return await do()
           ^^^^^^^^^^
  File "F:\py\Lib\site-packages\redis\asyncio\connection.py", line 403, in connect_check_health
    await self.on_connect_check_health(check_health=check_health)
  File "F:\py\Lib\site-packages\redis\asyncio\connection.py", line 560, in on_connect_check_health
    await self.read_response()
  File "F:\py\Lib\site-packages\redis\asyncio\connection.py", line 747, in read_response
    raise ConnectionError(f"Error while reading from {host_error} : {e.args}")
redis.exceptions.ConnectionError: Error while reading from 192.168.100.128:6379 : (22, '÷∏∂®µƒÕ¯¬Á√˚≤ª‘Ÿø…”√°£', None, 64, None)
------------------------------ Captured log call ------------------------------
DEBUG    ai_werewolf_core.utils.redis_client:redis_client.py:243 {'max_connections': 300, 'socket_timeout': 10, 'event': 'Redis ¡¨Ω”≥ÿ“—¥¥Ω®', 'level': 'debug', 'logger': 'ai_werewolf_core.utils.redis_client', 'timestamp': '2026-05-14T21:35:42.056883+08:00'}
ERROR    ai_werewolf_core.utils.redis_client:redis_client.py:130 {'host': '192.168.100.128', 'port': 6379, 'error': "Error while reading from 192.168.100.128:6379 : (22, '÷∏∂®µƒÕ¯¬Á√˚≤ª‘Ÿø…”√°£', None, 64, None)", 'event': 'Redis ¡¨Ω”—È÷§ ß∞‹ (PING)', 'level': 'error', 'logger': 'ai_werewolf_core.utils.redis_client', 'timestamp': '2026-05-14T21:35:47.060385+08:00', 'exception': 'Traceback (most recent call last):\n  File "F:\\py\\Lib\\asyncio\\windows_events.py", line 463, in finish_socket_func\n    return ov.getresult()\n           ~~~~~~~~~~~~^^\nOSError: [WinError 64] ÷∏∂®µƒÕ¯¬Á√˚≤ª‘Ÿø…”√°£\n\nDuring handling of the above exception, another exception occurred:\n\nTraceback (most recent call last):\n  File "F:\\py\\Lib\\site-packages\\redis\\asyncio\\connection.py", line 725, in read_response\n    response = await self._parser.read_response(\n               ^^^^^^^^^^^^^^^^^^^^^^^^^^^^^^^^^\n        disable_decoding=disable_decoding\n        ^^^^^^^^^^^^^^^^^^^^^^^^^^^^^^^^^\n    )\n    ^\n  File "F:\\py\\Lib\\site-packages\\redis\\_parsers\\resp2.py", line 82, in read_response\n    response = await self._read_response(disable_decoding=disable_decoding)\n               ^^^^^^^^^^^^^^^^^^^^^^^^^^^^^^^^^^^^^^^^^^^^^^^^^^^^^^^^^^^^\n  File "F:\\py\\Lib\\site-packages\\redis\\_parsers\\resp2.py", line 90, in _read_response\n    raw = await self._readline()\n          ^^^^^^^^^^^^^^^^^^^^^^\n  File "F:\\py\\Lib\\site-packages\\redis\\_parsers\\base.py", line 559, in _readline\n    data = await self._stream.readline()\n           ^^^^^^^^^^^^^^^^^^^^^^^^^^^^^\n  File "F:\\py\\Lib\\asyncio\\streams.py", line 562, in readline\n    line = await self.readuntil(sep)\n           ^^^^^^^^^^^^^^^^^^^^^^^^^\n  File "F:\\py\\Lib\\asyncio\\streams.py", line 677, in readuntil\n    await self._wait_for_data(\'readuntil\')\n  File "F:\\py\\Lib\\asyncio\\streams.py", line 539, in _wait_for_data\n    await self._waiter\n  File "F:\\py\\Lib\\asyncio\\proactor_events.py", line 286, in _loop_reading\n    length = fut.result()\n  File "F:\\py\\Lib\\asyncio\\windows_events.py", line 804, in _poll\n    value = callback(transferred, key, ov)\n  File "F:\\py\\Lib\\asyncio\\windows_events.py", line 467, in finish_socket_func\n    raise ConnectionResetError(*exc.args)\nConnectionResetError: [WinError 64] ÷∏∂®µƒÕ¯¬Á√˚≤ª‘Ÿø…”√°£\n\nDuring handling of the above exception, another exception occurred:\n\nTraceback (most recent call last):\n  File "F:\\YilenaCode\\Werewolf\\ai_werewolf_core\\utils\\redis_client.py", line 128, in get_client\n    await cls._client.ping()\n  File "F:\\py\\Lib\\site-packages\\redis\\asyncio\\client.py", line 764, in execute_command\n    conn = self.connection or await pool.get_connection()\n                              ^^^^^^^^^^^^^^^^^^^^^^^^^^^\n  File "F:\\py\\Lib\\site-packages\\redis\\utils.py", line 227, in async_wrapper\n    return await func(*args, **kwargs)\n           ^^^^^^^^^^^^^^^^^^^^^^^^^^^\n  File "F:\\py\\Lib\\site-packages\\redis\\asyncio\\connection.py", line 1351, in get_connection\n    await self.ensure_connection(connection)\n  File "F:\\py\\Lib\\site-packages\\redis\\asyncio\\connection.py", line 1390, in ensure_connection\n    await connection.connect()\n  File "F:\\py\\Lib\\site-packages\\redis\\asyncio\\connection.py", line 339, in connect\n    await self.retry.call_with_retry(\n    ...<7 lines>...\n    )\n  File "F:\\py\\Lib\\site-packages\\redis\\asyncio\\retry.py", line 81, in call_with_retry\n    raise error\n  File "F:\\py\\Lib\\site-packages\\redis\\asyncio\\retry.py", line 69, in call_with_retry\n    return await do()\n           ^^^^^^^^^^\n  File "F:\\py\\Lib\\site-packages\\redis\\asyncio\\connection.py", line 403, in connect_check_health\n    await self.on_connect_check_health(check_health=check_health)\n  File "F:\\py\\Lib\\site-packages\\redis\\asyncio\\connection.py", line 560, in on_connect_check_health\n    await self.read_response()\n  File "F:\\py\\Lib\\site-packages\\redis\\asyncio\\connection.py", line 747, in read_response\n    raise ConnectionError(f"Error while reading from {host_error} : {e.args}")\nredis.exceptions.ConnectionError: Error while reading from 192.168.100.128:6379 : (22, \'÷∏∂®µƒÕ¯¬Á√˚≤ª‘Ÿø…”√°£\', None, 64, None)'}
-------------------------- Captured stderr teardown ---------------------------
[2m2026-05-14T21:35:47.220012+08:00[0m [[32m[1mdebug    [0m] [1mRedis ¡¨Ω”≥ÿ“—¥¥Ω®                  [0m [[0m[1m[34mai_werewolf_core.utils.redis_client[0m][0m [36mmax_connections[0m=[35m300[0m [36msocket_timeout[0m=[35m10[0m
[2m2026-05-14T21:35:52.223379+08:00[0m [[31m[1merror    [0m] [1mRedis ¡¨Ω”—È÷§ ß∞‹ (PING)           [0m [[0m[1m[34mai_werewolf_core.utils.redis_client[0m][0m [36merror[0m=[35m"Error while reading from 192.168.100.128:6379 : (22, '÷∏∂®µƒÕ¯¬Á√˚≤ª‘Ÿø…”√°£', None, 64, None)"[0m [36mhost[0m=[35m192.168.100.128[0m [36mport[0m=[35m6379[0m
Traceback (most recent call last):
  File "F:\py\Lib\asyncio\windows_events.py", line 463, in finish_socket_func
    return ov.getresult()
           ~~~~~~~~~~~~^^
OSError: [WinError 64] ÷∏∂®µƒÕ¯¬Á√˚≤ª‘Ÿø…”√°£

During handling of the above exception, another exception occurred:

Traceback (most recent call last):
  File "F:\py\Lib\site-packages\redis\asyncio\connection.py", line 725, in read_response
    response = await self._parser.read_response(
               ^^^^^^^^^^^^^^^^^^^^^^^^^^^^^^^^^
        disable_decoding=disable_decoding
        ^^^^^^^^^^^^^^^^^^^^^^^^^^^^^^^^^
    )
    ^
  File "F:\py\Lib\site-packages\redis\_parsers\resp2.py", line 82, in read_response
    response = await self._read_response(disable_decoding=disable_decoding)
               ^^^^^^^^^^^^^^^^^^^^^^^^^^^^^^^^^^^^^^^^^^^^^^^^^^^^^^^^^^^^
  File "F:\py\Lib\site-packages\redis\_parsers\resp2.py", line 90, in _read_response
    raw = await self._readline()
          ^^^^^^^^^^^^^^^^^^^^^^
  File "F:\py\Lib\site-packages\redis\_parsers\base.py", line 559, in _readline
    data = await self._stream.readline()
           ^^^^^^^^^^^^^^^^^^^^^^^^^^^^^
  File "F:\py\Lib\asyncio\streams.py", line 562, in readline
    line = await self.readuntil(sep)
           ^^^^^^^^^^^^^^^^^^^^^^^^^
  File "F:\py\Lib\asyncio\streams.py", line 677, in readuntil
    await self._wait_for_data('readuntil')
  File "F:\py\Lib\asyncio\streams.py", line 539, in _wait_for_data
    await self._waiter
  File "F:\py\Lib\asyncio\proactor_events.py", line 286, in _loop_reading
    length = fut.result()
  File "F:\py\Lib\asyncio\windows_events.py", line 804, in _poll
    value = callback(transferred, key, ov)
  File "F:\py\Lib\asyncio\windows_events.py", line 467, in finish_socket_func
    raise ConnectionResetError(*exc.args)
ConnectionResetError: [WinError 64] ÷∏∂®µƒÕ¯¬Á√˚≤ª‘Ÿø…”√°£

During handling of the above exception, another exception occurred:

Traceback (most recent call last):
  File "F:\YilenaCode\Werewolf\ai_werewolf_core\utils\redis_client.py", line 128, in get_client
    await cls._client.ping()
  File "F:\py\Lib\site-packages\redis\asyncio\client.py", line 764, in execute_command
    conn = self.connection or await pool.get_connection()
                              ^^^^^^^^^^^^^^^^^^^^^^^^^^^
  File "F:\py\Lib\site-packages\redis\utils.py", line 227, in async_wrapper
    return await func(*args, **kwargs)
           ^^^^^^^^^^^^^^^^^^^^^^^^^^^
  File "F:\py\Lib\site-packages\redis\asyncio\connection.py", line 1351, in get_connection
    await self.ensure_connection(connection)
  File "F:\py\Lib\site-packages\redis\asyncio\connection.py", line 1390, in ensure_connection
    await connection.connect()
  File "F:\py\Lib\site-packages\redis\asyncio\connection.py", line 339, in connect
    await self.retry.call_with_retry(
    ...<7 lines>...
    )
  File "F:\py\Lib\site-packages\redis\asyncio\retry.py", line 81, in call_with_retry
    raise error
  File "F:\py\Lib\site-packages\redis\asyncio\retry.py", line 69, in call_with_retry
    return await do()
           ^^^^^^^^^^
  File "F:\py\Lib\site-packages\redis\asyncio\connection.py", line 403, in connect_check_health
    await self.on_connect_check_health(check_health=check_health)
  File "F:\py\Lib\site-packages\redis\asyncio\connection.py", line 560, in on_connect_check_health
    await self.read_response()
  File "F:\py\Lib\site-packages\redis\asyncio\connection.py", line 747, in read_response
    raise ConnectionError(f"Error while reading from {host_error} : {e.args}")
redis.exceptions.ConnectionError: Error while reading from 192.168.100.128:6379 : (22, '÷∏∂®µƒÕ¯¬Á√˚≤ª‘Ÿø…”√°£', None, 64, None)
[2m2026-05-14T21:35:52.226201+08:00[0m [[31m[1merror    [0m] [1m«Â¿Ì ¬º˛ Stream “Ï≥£                [0m [[0m[1m[34mai_werewolf_core.core.event.bus[0m][0m [36merror[0m=[35m'EventBus Œﬁ∑®ªÒ»° Redis øÕªß∂À'[0m [36mgame_id[0m=[35mNone[0m
Traceback (most recent call last):
  File "F:\py\Lib\asyncio\windows_events.py", line 463, in finish_socket_func
    return ov.getresult()
           ~~~~~~~~~~~~^^
OSError: [WinError 64] ÷∏∂®µƒÕ¯¬Á√˚≤ª‘Ÿø…”√°£

During handling of the above exception, another exception occurred:

Traceback (most recent call last):
  File "F:\py\Lib\site-packages\redis\asyncio\connection.py", line 725, in read_response
    response = await self._parser.read_response(
               ^^^^^^^^^^^^^^^^^^^^^^^^^^^^^^^^^
        disable_decoding=disable_decoding
        ^^^^^^^^^^^^^^^^^^^^^^^^^^^^^^^^^
    )
    ^
  File "F:\py\Lib\site-packages\redis\_parsers\resp2.py", line 82, in read_response
    response = await self._read_response(disable_decoding=disable_decoding)
               ^^^^^^^^^^^^^^^^^^^^^^^^^^^^^^^^^^^^^^^^^^^^^^^^^^^^^^^^^^^^
  File "F:\py\Lib\site-packages\redis\_parsers\resp2.py", line 90, in _read_response
    raw = await self._readline()
          ^^^^^^^^^^^^^^^^^^^^^^
  File "F:\py\Lib\site-packages\redis\_parsers\base.py", line 559, in _readline
    data = await self._stream.readline()
           ^^^^^^^^^^^^^^^^^^^^^^^^^^^^^
  File "F:\py\Lib\asyncio\streams.py", line 562, in readline
    line = await self.readuntil(sep)
           ^^^^^^^^^^^^^^^^^^^^^^^^^
  File "F:\py\Lib\asyncio\streams.py", line 677, in readuntil
    await self._wait_for_data('readuntil')
  File "F:\py\Lib\asyncio\streams.py", line 539, in _wait_for_data
    await self._waiter
  File "F:\py\Lib\asyncio\proactor_events.py", line 286, in _loop_reading
    length = fut.result()
  File "F:\py\Lib\asyncio\windows_events.py", line 804, in _poll
    value = callback(transferred, key, ov)
  File "F:\py\Lib\asyncio\windows_events.py", line 467, in finish_socket_func
    raise ConnectionResetError(*exc.args)
ConnectionResetError: [WinError 64] ÷∏∂®µƒÕ¯¬Á√˚≤ª‘Ÿø…”√°£

During handling of the above exception, another exception occurred:

Traceback (most recent call last):
  File "F:\YilenaCode\Werewolf\ai_werewolf_core\core\event\bus.py", line 111, in _get_redis
    self._redis_client = await RedisClientManager.get_client()
                         ^^^^^^^^^^^^^^^^^^^^^^^^^^^^^^^^^^^^^
  File "F:\YilenaCode\Werewolf\ai_werewolf_core\utils\redis_client.py", line 128, in get_client
    await cls._client.ping()
  File "F:\py\Lib\site-packages\redis\asyncio\client.py", line 764, in execute_command
    conn = self.connection or await pool.get_connection()
                              ^^^^^^^^^^^^^^^^^^^^^^^^^^^
  File "F:\py\Lib\site-packages\redis\utils.py", line 227, in async_wrapper
    return await func(*args, **kwargs)
           ^^^^^^^^^^^^^^^^^^^^^^^^^^^
  File "F:\py\Lib\site-packages\redis\asyncio\connection.py", line 1351, in get_connection
    await self.ensure_connection(connection)
  File "F:\py\Lib\site-packages\redis\asyncio\connection.py", line 1390, in ensure_connection
    await connection.connect()
  File "F:\py\Lib\site-packages\redis\asyncio\connection.py", line 339, in connect
    await self.retry.call_with_retry(
    ...<7 lines>...
    )
  File "F:\py\Lib\site-packages\redis\asyncio\retry.py", line 81, in call_with_retry
    raise error
  File "F:\py\Lib\site-packages\redis\asyncio\retry.py", line 69, in call_with_retry
    return await do()
           ^^^^^^^^^^
  File "F:\py\Lib\site-packages\redis\asyncio\connection.py", line 403, in connect_check_health
    await self.on_connect_check_health(check_health=check_health)
  File "F:\py\Lib\site-packages\redis\asyncio\connection.py", line 560, in on_connect_check_health
    await self.read_response()
  File "F:\py\Lib\site-packages\redis\asyncio\connection.py", line 747, in read_response
    raise ConnectionError(f"Error while reading from {host_error} : {e.args}")
redis.exceptions.ConnectionError: Error while reading from 192.168.100.128:6379 : (22, '÷∏∂®µƒÕ¯¬Á√˚≤ª‘Ÿø…”√°£', None, 64, None)

The above exception was the direct cause of the following exception:

Traceback (most recent call last):
  File "F:\YilenaCode\Werewolf\ai_werewolf_core\core\event\bus.py", line 710, in clear
    redis = await self._get_redis()
            ^^^^^^^^^^^^^^^^^^^^^^^
  File "F:\YilenaCode\Werewolf\ai_werewolf_core\core\event\bus.py", line 114, in _get_redis
    raise RedisUnavailableException(
        "EventBus Œﬁ∑®ªÒ»° Redis øÕªß∂À"
    ) from e
ai_werewolf_core.utils.redis_seq.RedisUnavailableException: EventBus Œﬁ∑®ªÒ»° Redis øÕªß∂À
---------------------------- Captured log teardown ----------------------------
DEBUG    ai_werewolf_core.utils.redis_client:redis_client.py:243 {'max_connections': 300, 'socket_timeout': 10, 'event': 'Redis ¡¨Ω”≥ÿ“—¥¥Ω®', 'level': 'debug', 'logger': 'ai_werewolf_core.utils.redis_client', 'timestamp': '2026-05-14T21:35:47.220012+08:00'}
ERROR    ai_werewolf_core.utils.redis_client:redis_client.py:130 {'host': '192.168.100.128', 'port': 6379, 'error': "Error while reading from 192.168.100.128:6379 : (22, '÷∏∂®µƒÕ¯¬Á√˚≤ª‘Ÿø…”√°£', None, 64, None)", 'event': 'Redis ¡¨Ω”—È÷§ ß∞‹ (PING)', 'level': 'error', 'logger': 'ai_werewolf_core.utils.redis_client', 'timestamp': '2026-05-14T21:35:52.223379+08:00', 'exception': 'Traceback (most recent call last):\n  File "F:\\py\\Lib\\asyncio\\windows_events.py", line 463, in finish_socket_func\n    return ov.getresult()\n           ~~~~~~~~~~~~^^\nOSError: [WinError 64] ÷∏∂®µƒÕ¯¬Á√˚≤ª‘Ÿø…”√°£\n\nDuring handling of the above exception, another exception occurred:\n\nTraceback (most recent call last):\n  File "F:\\py\\Lib\\site-packages\\redis\\asyncio\\connection.py", line 725, in read_response\n    response = await self._parser.read_response(\n               ^^^^^^^^^^^^^^^^^^^^^^^^^^^^^^^^^\n        disable_decoding=disable_decoding\n        ^^^^^^^^^^^^^^^^^^^^^^^^^^^^^^^^^\n    )\n    ^\n  File "F:\\py\\Lib\\site-packages\\redis\\_parsers\\resp2.py", line 82, in read_response\n    response = await self._read_response(disable_decoding=disable_decoding)\n               ^^^^^^^^^^^^^^^^^^^^^^^^^^^^^^^^^^^^^^^^^^^^^^^^^^^^^^^^^^^^\n  File "F:\\py\\Lib\\site-packages\\redis\\_parsers\\resp2.py", line 90, in _read_response\n    raw = await self._readline()\n          ^^^^^^^^^^^^^^^^^^^^^^\n  File "F:\\py\\Lib\\site-packages\\redis\\_parsers\\base.py", line 559, in _readline\n    data = await self._stream.readline()\n           ^^^^^^^^^^^^^^^^^^^^^^^^^^^^^\n  File "F:\\py\\Lib\\asyncio\\streams.py", line 562, in readline\n    line = await self.readuntil(sep)\n           ^^^^^^^^^^^^^^^^^^^^^^^^^\n  File "F:\\py\\Lib\\asyncio\\streams.py", line 677, in readuntil\n    await self._wait_for_data(\'readuntil\')\n  File "F:\\py\\Lib\\asyncio\\streams.py", line 539, in _wait_for_data\n    await self._waiter\n  File "F:\\py\\Lib\\asyncio\\proactor_events.py", line 286, in _loop_reading\n    length = fut.result()\n  File "F:\\py\\Lib\\asyncio\\windows_events.py", line 804, in _poll\n    value = callback(transferred, key, ov)\n  File "F:\\py\\Lib\\asyncio\\windows_events.py", line 467, in finish_socket_func\n    raise ConnectionResetError(*exc.args)\nConnectionResetError: [WinError 64] ÷∏∂®µƒÕ¯¬Á√˚≤ª‘Ÿø…”√°£\n\nDuring handling of the above exception, another exception occurred:\n\nTraceback (most recent call last):\n  File "F:\\YilenaCode\\Werewolf\\ai_werewolf_core\\utils\\redis_client.py", line 128, in get_client\n    await cls._client.ping()\n  File "F:\\py\\Lib\\site-packages\\redis\\asyncio\\client.py", line 764, in execute_command\n    conn = self.connection or await pool.get_connection()\n                              ^^^^^^^^^^^^^^^^^^^^^^^^^^^\n  File "F:\\py\\Lib\\site-packages\\redis\\utils.py", line 227, in async_wrapper\n    return await func(*args, **kwargs)\n           ^^^^^^^^^^^^^^^^^^^^^^^^^^^\n  File "F:\\py\\Lib\\site-packages\\redis\\asyncio\\connection.py", line 1351, in get_connection\n    await self.ensure_connection(connection)\n  File "F:\\py\\Lib\\site-packages\\redis\\asyncio\\connection.py", line 1390, in ensure_connection\n    await connection.connect()\n  File "F:\\py\\Lib\\site-packages\\redis\\asyncio\\connection.py", line 339, in connect\n    await self.retry.call_with_retry(\n    ...<7 lines>...\n    )\n  File "F:\\py\\Lib\\site-packages\\redis\\asyncio\\retry.py", line 81, in call_with_retry\n    raise error\n  File "F:\\py\\Lib\\site-packages\\redis\\asyncio\\retry.py", line 69, in call_with_retry\n    return await do()\n           ^^^^^^^^^^\n  File "F:\\py\\Lib\\site-packages\\redis\\asyncio\\connection.py", line 403, in connect_check_health\n    await self.on_connect_check_health(check_health=check_health)\n  File "F:\\py\\Lib\\site-packages\\redis\\asyncio\\connection.py", line 560, in on_connect_check_health\n    await self.read_response()\n  File "F:\\py\\Lib\\site-packages\\redis\\asyncio\\connection.py", line 747, in read_response\n    raise ConnectionError(f"Error while reading from {host_error} : {e.args}")\nredis.exceptions.ConnectionError: Error while reading from 192.168.100.128:6379 : (22, \'÷∏∂®µƒÕ¯¬Á√˚≤ª‘Ÿø…”√°£\', None, 64, None)'}
ERROR    ai_werewolf_core.core.event.bus:bus.py:741 {'game_id': None, 'error': 'EventBus Œﬁ∑®ªÒ»° Redis øÕªß∂À', 'event': '«Â¿Ì ¬º˛ Stream “Ï≥£', 'level': 'error', 'logger': 'ai_werewolf_core.core.event.bus', 'timestamp': '2026-05-14T21:35:52.226201+08:00', 'exception': 'Traceback (most recent call last):\n  File "F:\\py\\Lib\\asyncio\\windows_events.py", line 463, in finish_socket_func\n    return ov.getresult()\n           ~~~~~~~~~~~~^^\nOSError: [WinError 64] ÷∏∂®µƒÕ¯¬Á√˚≤ª‘Ÿø…”√°£\n\nDuring handling of the above exception, another exception occurred:\n\nTraceback (most recent call last):\n  File "F:\\py\\Lib\\site-packages\\redis\\asyncio\\connection.py", line 725, in read_response\n    response = await self._parser.read_response(\n               ^^^^^^^^^^^^^^^^^^^^^^^^^^^^^^^^^\n        disable_decoding=disable_decoding\n        ^^^^^^^^^^^^^^^^^^^^^^^^^^^^^^^^^\n    )\n    ^\n  File "F:\\py\\Lib\\site-packages\\redis\\_parsers\\resp2.py", line 82, in read_response\n    response = await self._read_response(disable_decoding=disable_decoding)\n               ^^^^^^^^^^^^^^^^^^^^^^^^^^^^^^^^^^^^^^^^^^^^^^^^^^^^^^^^^^^^\n  File "F:\\py\\Lib\\site-packages\\redis\\_parsers\\resp2.py", line 90, in _read_response\n    raw = await self._readline()\n          ^^^^^^^^^^^^^^^^^^^^^^\n  File "F:\\py\\Lib\\site-packages\\redis\\_parsers\\base.py", line 559, in _readline\n    data = await self._stream.readline()\n           ^^^^^^^^^^^^^^^^^^^^^^^^^^^^^\n  File "F:\\py\\Lib\\asyncio\\streams.py", line 562, in readline\n    line = await self.readuntil(sep)\n           ^^^^^^^^^^^^^^^^^^^^^^^^^\n  File "F:\\py\\Lib\\asyncio\\streams.py", line 677, in readuntil\n    await self._wait_for_data(\'readuntil\')\n  File "F:\\py\\Lib\\asyncio\\streams.py", line 539, in _wait_for_data\n    await self._waiter\n  File "F:\\py\\Lib\\asyncio\\proactor_events.py", line 286, in _loop_reading\n    length = fut.result()\n  File "F:\\py\\Lib\\asyncio\\windows_events.py", line 804, in _poll\n    value = callback(transferred, key, ov)\n  File "F:\\py\\Lib\\asyncio\\windows_events.py", line 467, in finish_socket_func\n    raise ConnectionResetError(*exc.args)\nConnectionResetError: [WinError 64] ÷∏∂®µƒÕ¯¬Á√˚≤ª‘Ÿø…”√°£\n\nDuring handling of the above exception, another exception occurred:\n\nTraceback (most recent call last):\n  File "F:\\YilenaCode\\Werewolf\\ai_werewolf_core\\core\\event\\bus.py", line 111, in _get_redis\n    self._redis_client = await RedisClientManager.get_client()\n                         ^^^^^^^^^^^^^^^^^^^^^^^^^^^^^^^^^^^^^\n  File "F:\\YilenaCode\\Werewolf\\ai_werewolf_core\\utils\\redis_client.py", line 128, in get_client\n    await cls._client.ping()\n  File "F:\\py\\Lib\\site-packages\\redis\\asyncio\\client.py", line 764, in execute_command\n    conn = self.connection or await pool.get_connection()\n                              ^^^^^^^^^^^^^^^^^^^^^^^^^^^\n  File "F:\\py\\Lib\\site-packages\\redis\\utils.py", line 227, in async_wrapper\n    return await func(*args, **kwargs)\n           ^^^^^^^^^^^^^^^^^^^^^^^^^^^\n  File "F:\\py\\Lib\\site-packages\\redis\\asyncio\\connection.py", line 1351, in get_connection\n    await self.ensure_connection(connection)\n  File "F:\\py\\Lib\\site-packages\\redis\\asyncio\\connection.py", line 1390, in ensure_connection\n    await connection.connect()\n  File "F:\\py\\Lib\\site-packages\\redis\\asyncio\\connection.py", line 339, in connect\n    await self.retry.call_with_retry(\n    ...<7 lines>...\n    )\n  File "F:\\py\\Lib\\site-packages\\redis\\asyncio\\retry.py", line 81, in call_with_retry\n    raise error\n  File "F:\\py\\Lib\\site-packages\\redis\\asyncio\\retry.py", line 69, in call_with_retry\n    return await do()\n           ^^^^^^^^^^\n  File "F:\\py\\Lib\\site-packages\\redis\\asyncio\\connection.py", line 403, in connect_check_health\n    await self.on_connect_check_health(check_health=check_health)\n  File "F:\\py\\Lib\\site-packages\\redis\\asyncio\\connection.py", line 560, in on_connect_check_health\n    await self.read_response()\n  File "F:\\py\\Lib\\site-packages\\redis\\asyncio\\connection.py", line 747, in read_response\n    raise ConnectionError(f"Error while reading from {host_error} : {e.args}")\nredis.exceptions.ConnectionError: Error while reading from 192.168.100.128:6379 : (22, \'÷∏∂®µƒÕ¯¬Á√˚≤ª‘Ÿø…”√°£\', None, 64, None)\n\nThe above exception was the direct cause of the following exception:\n\nTraceback (most recent call last):\n  File "F:\\YilenaCode\\Werewolf\\ai_werewolf_core\\core\\event\\bus.py", line 710, in clear\n    redis = await self._get_redis()\n            ^^^^^^^^^^^^^^^^^^^^^^^\n  File "F:\\YilenaCode\\Werewolf\\ai_werewolf_core\\core\\event\\bus.py", line 114, in _get_redis\n    raise RedisUnavailableException(\n        "EventBus Œﬁ∑®ªÒ»° Redis øÕªß∂À"\n    ) from e\nai_werewolf_core.utils.redis_seq.RedisUnavailableException: EventBus Œﬁ∑®ªÒ»° Redis øÕªß∂À'}
___________________ TestTaskIdManagement.test_clear_task_id ___________________

trans = 0, key = 0, ov = <_overlapped.Overlapped object at 0x0000027C30836C70>

    @staticmethod
    def finish_socket_func(trans, key, ov):
        try:
>           return ov.getresult()
                   ^^^^^^^^^^^^^^
E           OSError: [WinError 64] ÷∏∂®µƒÕ¯¬Á√˚≤ª‘Ÿø…”√°£

F:\py\Lib\asyncio\windows_events.py:463: OSError

During handling of the above exception, another exception occurred:

self = <redis.asyncio.connection.Connection(host=192.168.100.128,port=6379,db=1)>
disable_decoding = False, timeout = None

    async def read_response(
        self,
        disable_decoding: bool = False,
        timeout: Optional[float] = None,
        *,
        disconnect_on_error: bool = True,
        push_request: Optional[bool] = False,
    ):
        """Read the response from a previously sent command"""
        read_timeout = timeout if timeout is not None else self.socket_timeout
        host_error = self._host_error()
        try:
            if read_timeout is not None and self.protocol in ["3", 3]:
                async with async_timeout(read_timeout):
                    response = await self._parser.read_response(
                        disable_decoding=disable_decoding, push_request=push_request
                    )
            elif read_timeout is not None:
                async with async_timeout(read_timeout):
>                   response = await self._parser.read_response(
                        disable_decoding=disable_decoding

F:\py\Lib\site-packages\redis\asyncio\connection.py:725: 
_ _ _ _ _ _ _ _ _ _ _ _ _ _ _ _ _ _ _ _ _ _ _ _ _ _ _ _ _ _ _ _ _ _ _ _ _ _ _ _
F:\py\Lib\site-packages\redis\_parsers\resp2.py:82: in read_response
    response = await self._read_response(disable_decoding=disable_decoding)
               ^^^^^^^^^^^^^^^^^^^^^^^^^^^^^^^^^^^^^^^^^^^^^^^^^^^^^^^^^^^^
F:\py\Lib\site-packages\redis\_parsers\resp2.py:90: in _read_response
    raw = await self._readline()
          ^^^^^^^^^^^^^^^^^^^^^^
F:\py\Lib\site-packages\redis\_parsers\base.py:559: in _readline
    data = await self._stream.readline()
           ^^^^^^^^^^^^^^^^^^^^^^^^^^^^^
F:\py\Lib\asyncio\streams.py:562: in readline
    line = await self.readuntil(sep)
           ^^^^^^^^^^^^^^^^^^^^^^^^^
F:\py\Lib\asyncio\streams.py:677: in readuntil
    await self._wait_for_data('readuntil')
F:\py\Lib\asyncio\streams.py:539: in _wait_for_data
    await self._waiter
F:\py\Lib\asyncio\proactor_events.py:286: in _loop_reading
    length = fut.result()
             ^^^^^^^^^^^^
F:\py\Lib\asyncio\windows_events.py:804: in _poll
    value = callback(transferred, key, ov)
            ^^^^^^^^^^^^^^^^^^^^^^^^^^^^^^
_ _ _ _ _ _ _ _ _ _ _ _ _ _ _ _ _ _ _ _ _ _ _ _ _ _ _ _ _ _ _ _ _ _ _ _ _ _ _ _

trans = 0, key = 0, ov = <_overlapped.Overlapped object at 0x0000027C30836C70>

    @staticmethod
    def finish_socket_func(trans, key, ov):
        try:
            return ov.getresult()
        except OSError as exc:
            if exc.winerror in (_overlapped.ERROR_NETNAME_DELETED,
                                _overlapped.ERROR_OPERATION_ABORTED):
>               raise ConnectionResetError(*exc.args)
E               ConnectionResetError: [WinError 64] ÷∏∂®µƒÕ¯¬Á√˚≤ª‘Ÿø…”√°£

F:\py\Lib\asyncio\windows_events.py:467: ConnectionResetError

During handling of the above exception, another exception occurred:

self = <ai_werewolf_core.core.engine.lifecycle.LifecycleManager object at 0x0000027C31B05FD0>

    async def _get_redis(self) -> aioredis.Redis:
        """ªÒ»° Redis “Ï≤ΩøÕªß∂À£®¿¡≥ı ºªØ£¨π≤œÌ¡¨Ω”≥ÿ£©°£"""
        if self._redis is None:
            try:
>               self._redis = await RedisClientManager.get_client()
                              ^^^^^^^^^^^^^^^^^^^^^^^^^^^^^^^^^^^^^

ai_werewolf_core\core\engine\lifecycle.py:143: 
_ _ _ _ _ _ _ _ _ _ _ _ _ _ _ _ _ _ _ _ _ _ _ _ _ _ _ _ _ _ _ _ _ _ _ _ _ _ _ _
ai_werewolf_core\utils\redis_client.py:128: in get_client
    await cls._client.ping()
F:\py\Lib\site-packages\redis\asyncio\client.py:764: in execute_command
    conn = self.connection or await pool.get_connection()
                              ^^^^^^^^^^^^^^^^^^^^^^^^^^^
F:\py\Lib\site-packages\redis\utils.py:227: in async_wrapper
    return await func(*args, **kwargs)
           ^^^^^^^^^^^^^^^^^^^^^^^^^^^
F:\py\Lib\site-packages\redis\asyncio\connection.py:1351: in get_connection
    await self.ensure_connection(connection)
F:\py\Lib\site-packages\redis\asyncio\connection.py:1390: in ensure_connection
    await connection.connect()
F:\py\Lib\site-packages\redis\asyncio\connection.py:339: in connect
    await self.retry.call_with_retry(
F:\py\Lib\site-packages\redis\asyncio\retry.py:81: in call_with_retry
    raise error
F:\py\Lib\site-packages\redis\asyncio\retry.py:69: in call_with_retry
    return await do()
           ^^^^^^^^^^
F:\py\Lib\site-packages\redis\asyncio\connection.py:403: in connect_check_health
    await self.on_connect_check_health(check_health=check_health)
F:\py\Lib\site-packages\redis\asyncio\connection.py:560: in on_connect_check_health
    await self.read_response()
_ _ _ _ _ _ _ _ _ _ _ _ _ _ _ _ _ _ _ _ _ _ _ _ _ _ _ _ _ _ _ _ _ _ _ _ _ _ _ _

self = <redis.asyncio.connection.Connection(host=192.168.100.128,port=6379,db=1)>
disable_decoding = False, timeout = None

    async def read_response(
        self,
        disable_decoding: bool = False,
        timeout: Optional[float] = None,
        *,
        disconnect_on_error: bool = True,
        push_request: Optional[bool] = False,
    ):
        """Read the response from a previously sent command"""
        read_timeout = timeout if timeout is not None else self.socket_timeout
        host_error = self._host_error()
        try:
            if read_timeout is not None and self.protocol in ["3", 3]:
                async with async_timeout(read_timeout):
                    response = await self._parser.read_response(
                        disable_decoding=disable_decoding, push_request=push_request
                    )
            elif read_timeout is not None:
                async with async_timeout(read_timeout):
                    response = await self._parser.read_response(
                        disable_decoding=disable_decoding
                    )
            elif self.protocol in ["3", 3]:
                response = await self._parser.read_response(
                    disable_decoding=disable_decoding, push_request=push_request
                )
            else:
                response = await self._parser.read_response(
                    disable_decoding=disable_decoding
                )
        except asyncio.TimeoutError:
            if timeout is not None:
                # user requested timeout, return None. Operation can be retried
                return None
            # it was a self.socket_timeout error.
            if disconnect_on_error:
                await self.disconnect(nowait=True)
            raise TimeoutError(f"Timeout reading from {host_error}")
        except OSError as e:
            if disconnect_on_error:
                await self.disconnect(nowait=True)
>           raise ConnectionError(f"Error while reading from {host_error} : {e.args}")
E           redis.exceptions.ConnectionError: Error while reading from 192.168.100.128:6379 : (22, '÷∏∂®µƒÕ¯¬Á√˚≤ª‘Ÿø…”√°£', None, 64, None)

F:\py\Lib\site-packages\redis\asyncio\connection.py:747: ConnectionError

The above exception was the direct cause of the following exception:

self = <test_lifecycle.TestTaskIdManagement object at 0x0000027C303D3890>
lifecycle = <ai_werewolf_core.core.engine.lifecycle.LifecycleManager object at 0x0000027C31B05FD0>

    @pytest.mark.asyncio
    async def test_clear_task_id(self, lifecycle):
        """ø…“‘«Â≥˝ task_id°£"""
>       await lifecycle.save_task_id("test_task_456")

tests\unit\core\engine\test_lifecycle.py:475: 
_ _ _ _ _ _ _ _ _ _ _ _ _ _ _ _ _ _ _ _ _ _ _ _ _ _ _ _ _ _ _ _ _ _ _ _ _ _ _ _
ai_werewolf_core\core\engine\lifecycle.py:659: in save_task_id
    redis = await self._get_redis()
            ^^^^^^^^^^^^^^^^^^^^^^^
_ _ _ _ _ _ _ _ _ _ _ _ _ _ _ _ _ _ _ _ _ _ _ _ _ _ _ _ _ _ _ _ _ _ _ _ _ _ _ _

self = <ai_werewolf_core.core.engine.lifecycle.LifecycleManager object at 0x0000027C31B05FD0>

    async def _get_redis(self) -> aioredis.Redis:
        """ªÒ»° Redis “Ï≤ΩøÕªß∂À£®¿¡≥ı ºªØ£¨π≤œÌ¡¨Ω”≥ÿ£©°£"""
        if self._redis is None:
            try:
                self._redis = await RedisClientManager.get_client()
                self._logger.debug("LifecycleManager “—ªÒ»°π≤œÌ Redis øÕªß∂À")
            except (aioredis.ConnectionError, aioredis.TimeoutError) as e:
>               raise RedisUnavailableException(
                    f"LifecycleManager Œﬁ∑®ªÒ»° Redis øÕªß∂À: game_id={self.game_id}"
                ) from e
E               ai_werewolf_core.utils.redis_seq.RedisUnavailableException: LifecycleManager Œﬁ∑®ªÒ»° Redis øÕªß∂À: game_id=test_lifecycle_e577a7028dac4b3b848a11e7f1ac2e1b

ai_werewolf_core\core\engine\lifecycle.py:146: RedisUnavailableException
---------------------------- Captured stderr setup ----------------------------
[2m2026-05-14T21:35:52.228990+08:00[0m [[32m[1mdebug    [0m] [1mglobal_subscribe              [0m [[0m[1m[34mai_werewolf_core.core.event.bus[0m][0m [36mhandler[0m=[35m_default_log_subscriber[0m
[2m2026-05-14T21:35:52.229107+08:00[0m [[32m[1mdebug    [0m] [1mglobal_subscribe              [0m [[0m[1m[34mai_werewolf_core.core.event.bus[0m][0m [36mhandler[0m=[35m_persist_to_db[0m
----------------------------- Captured log setup ------------------------------
DEBUG    ai_werewolf_core.core.event.bus:bus.py:519 {'handler': '_default_log_subscriber', 'event': 'global_subscribe', 'level': 'debug', 'logger': 'ai_werewolf_core.core.event.bus', 'timestamp': '2026-05-14T21:35:52.228990+08:00'}
DEBUG    ai_werewolf_core.core.event.bus:bus.py:519 {'handler': '_persist_to_db', 'event': 'global_subscribe', 'level': 'debug', 'logger': 'ai_werewolf_core.core.event.bus', 'timestamp': '2026-05-14T21:35:52.229107+08:00'}
---------------------------- Captured stderr call -----------------------------
[2m2026-05-14T21:35:52.229701+08:00[0m [[32m[1mdebug    [0m] [1mRedis ¡¨Ω”≥ÿ“—¥¥Ω®                  [0m [[0m[1m[34mai_werewolf_core.utils.redis_client[0m][0m [36mmax_connections[0m=[35m300[0m [36msocket_timeout[0m=[35m10[0m
[2m2026-05-14T21:35:57.232791+08:00[0m [[31m[1merror    [0m] [1mRedis ¡¨Ω”—È÷§ ß∞‹ (PING)           [0m [[0m[1m[34mai_werewolf_core.utils.redis_client[0m][0m [36merror[0m=[35m"Error while reading from 192.168.100.128:6379 : (22, '÷∏∂®µƒÕ¯¬Á√˚≤ª‘Ÿø…”√°£', None, 64, None)"[0m [36mhost[0m=[35m192.168.100.128[0m [36mport[0m=[35m6379[0m
Traceback (most recent call last):
  File "F:\py\Lib\asyncio\windows_events.py", line 463, in finish_socket_func
    return ov.getresult()
           ~~~~~~~~~~~~^^
OSError: [WinError 64] ÷∏∂®µƒÕ¯¬Á√˚≤ª‘Ÿø…”√°£

During handling of the above exception, another exception occurred:

Traceback (most recent call last):
  File "F:\py\Lib\site-packages\redis\asyncio\connection.py", line 725, in read_response
    response = await self._parser.read_response(
               ^^^^^^^^^^^^^^^^^^^^^^^^^^^^^^^^^
        disable_decoding=disable_decoding
        ^^^^^^^^^^^^^^^^^^^^^^^^^^^^^^^^^
    )
    ^
  File "F:\py\Lib\site-packages\redis\_parsers\resp2.py", line 82, in read_response
    response = await self._read_response(disable_decoding=disable_decoding)
               ^^^^^^^^^^^^^^^^^^^^^^^^^^^^^^^^^^^^^^^^^^^^^^^^^^^^^^^^^^^^
  File "F:\py\Lib\site-packages\redis\_parsers\resp2.py", line 90, in _read_response
    raw = await self._readline()
          ^^^^^^^^^^^^^^^^^^^^^^
  File "F:\py\Lib\site-packages\redis\_parsers\base.py", line 559, in _readline
    data = await self._stream.readline()
           ^^^^^^^^^^^^^^^^^^^^^^^^^^^^^
  File "F:\py\Lib\asyncio\streams.py", line 562, in readline
    line = await self.readuntil(sep)
           ^^^^^^^^^^^^^^^^^^^^^^^^^
  File "F:\py\Lib\asyncio\streams.py", line 677, in readuntil
    await self._wait_for_data('readuntil')
  File "F:\py\Lib\asyncio\streams.py", line 539, in _wait_for_data
    await self._waiter
  File "F:\py\Lib\asyncio\proactor_events.py", line 286, in _loop_reading
    length = fut.result()
  File "F:\py\Lib\asyncio\windows_events.py", line 804, in _poll
    value = callback(transferred, key, ov)
  File "F:\py\Lib\asyncio\windows_events.py", line 467, in finish_socket_func
    raise ConnectionResetError(*exc.args)
ConnectionResetError: [WinError 64] ÷∏∂®µƒÕ¯¬Á√˚≤ª‘Ÿø…”√°£

During handling of the above exception, another exception occurred:

Traceback (most recent call last):
  File "F:\YilenaCode\Werewolf\ai_werewolf_core\utils\redis_client.py", line 128, in get_client
    await cls._client.ping()
  File "F:\py\Lib\site-packages\redis\asyncio\client.py", line 764, in execute_command
    conn = self.connection or await pool.get_connection()
                              ^^^^^^^^^^^^^^^^^^^^^^^^^^^
  File "F:\py\Lib\site-packages\redis\utils.py", line 227, in async_wrapper
    return await func(*args, **kwargs)
           ^^^^^^^^^^^^^^^^^^^^^^^^^^^
  File "F:\py\Lib\site-packages\redis\asyncio\connection.py", line 1351, in get_connection
    await self.ensure_connection(connection)
  File "F:\py\Lib\site-packages\redis\asyncio\connection.py", line 1390, in ensure_connection
    await connection.connect()
  File "F:\py\Lib\site-packages\redis\asyncio\connection.py", line 339, in connect
    await self.retry.call_with_retry(
    ...<7 lines>...
    )
  File "F:\py\Lib\site-packages\redis\asyncio\retry.py", line 81, in call_with_retry
    raise error
  File "F:\py\Lib\site-packages\redis\asyncio\retry.py", line 69, in call_with_retry
    return await do()
           ^^^^^^^^^^
  File "F:\py\Lib\site-packages\redis\asyncio\connection.py", line 403, in connect_check_health
    await self.on_connect_check_health(check_health=check_health)
  File "F:\py\Lib\site-packages\redis\asyncio\connection.py", line 560, in on_connect_check_health
    await self.read_response()
  File "F:\py\Lib\site-packages\redis\asyncio\connection.py", line 747, in read_response
    raise ConnectionError(f"Error while reading from {host_error} : {e.args}")
redis.exceptions.ConnectionError: Error while reading from 192.168.100.128:6379 : (22, '÷∏∂®µƒÕ¯¬Á√˚≤ª‘Ÿø…”√°£', None, 64, None)
------------------------------ Captured log call ------------------------------
DEBUG    ai_werewolf_core.utils.redis_client:redis_client.py:243 {'max_connections': 300, 'socket_timeout': 10, 'event': 'Redis ¡¨Ω”≥ÿ“—¥¥Ω®', 'level': 'debug', 'logger': 'ai_werewolf_core.utils.redis_client', 'timestamp': '2026-05-14T21:35:52.229701+08:00'}
ERROR    ai_werewolf_core.utils.redis_client:redis_client.py:130 {'host': '192.168.100.128', 'port': 6379, 'error': "Error while reading from 192.168.100.128:6379 : (22, '÷∏∂®µƒÕ¯¬Á√˚≤ª‘Ÿø…”√°£', None, 64, None)", 'event': 'Redis ¡¨Ω”—È÷§ ß∞‹ (PING)', 'level': 'error', 'logger': 'ai_werewolf_core.utils.redis_client', 'timestamp': '2026-05-14T21:35:57.232791+08:00', 'exception': 'Traceback (most recent call last):\n  File "F:\\py\\Lib\\asyncio\\windows_events.py", line 463, in finish_socket_func\n    return ov.getresult()\n           ~~~~~~~~~~~~^^\nOSError: [WinError 64] ÷∏∂®µƒÕ¯¬Á√˚≤ª‘Ÿø…”√°£\n\nDuring handling of the above exception, another exception occurred:\n\nTraceback (most recent call last):\n  File "F:\\py\\Lib\\site-packages\\redis\\asyncio\\connection.py", line 725, in read_response\n    response = await self._parser.read_response(\n               ^^^^^^^^^^^^^^^^^^^^^^^^^^^^^^^^^\n        disable_decoding=disable_decoding\n        ^^^^^^^^^^^^^^^^^^^^^^^^^^^^^^^^^\n    )\n    ^\n  File "F:\\py\\Lib\\site-packages\\redis\\_parsers\\resp2.py", line 82, in read_response\n    response = await self._read_response(disable_decoding=disable_decoding)\n               ^^^^^^^^^^^^^^^^^^^^^^^^^^^^^^^^^^^^^^^^^^^^^^^^^^^^^^^^^^^^\n  File "F:\\py\\Lib\\site-packages\\redis\\_parsers\\resp2.py", line 90, in _read_response\n    raw = await self._readline()\n          ^^^^^^^^^^^^^^^^^^^^^^\n  File "F:\\py\\Lib\\site-packages\\redis\\_parsers\\base.py", line 559, in _readline\n    data = await self._stream.readline()\n           ^^^^^^^^^^^^^^^^^^^^^^^^^^^^^\n  File "F:\\py\\Lib\\asyncio\\streams.py", line 562, in readline\n    line = await self.readuntil(sep)\n           ^^^^^^^^^^^^^^^^^^^^^^^^^\n  File "F:\\py\\Lib\\asyncio\\streams.py", line 677, in readuntil\n    await self._wait_for_data(\'readuntil\')\n  File "F:\\py\\Lib\\asyncio\\streams.py", line 539, in _wait_for_data\n    await self._waiter\n  File "F:\\py\\Lib\\asyncio\\proactor_events.py", line 286, in _loop_reading\n    length = fut.result()\n  File "F:\\py\\Lib\\asyncio\\windows_events.py", line 804, in _poll\n    value = callback(transferred, key, ov)\n  File "F:\\py\\Lib\\asyncio\\windows_events.py", line 467, in finish_socket_func\n    raise ConnectionResetError(*exc.args)\nConnectionResetError: [WinError 64] ÷∏∂®µƒÕ¯¬Á√˚≤ª‘Ÿø…”√°£\n\nDuring handling of the above exception, another exception occurred:\n\nTraceback (most recent call last):\n  File "F:\\YilenaCode\\Werewolf\\ai_werewolf_core\\utils\\redis_client.py", line 128, in get_client\n    await cls._client.ping()\n  File "F:\\py\\Lib\\site-packages\\redis\\asyncio\\client.py", line 764, in execute_command\n    conn = self.connection or await pool.get_connection()\n                              ^^^^^^^^^^^^^^^^^^^^^^^^^^^\n  File "F:\\py\\Lib\\site-packages\\redis\\utils.py", line 227, in async_wrapper\n    return await func(*args, **kwargs)\n           ^^^^^^^^^^^^^^^^^^^^^^^^^^^\n  File "F:\\py\\Lib\\site-packages\\redis\\asyncio\\connection.py", line 1351, in get_connection\n    await self.ensure_connection(connection)\n  File "F:\\py\\Lib\\site-packages\\redis\\asyncio\\connection.py", line 1390, in ensure_connection\n    await connection.connect()\n  File "F:\\py\\Lib\\site-packages\\redis\\asyncio\\connection.py", line 339, in connect\n    await self.retry.call_with_retry(\n    ...<7 lines>...\n    )\n  File "F:\\py\\Lib\\site-packages\\redis\\asyncio\\retry.py", line 81, in call_with_retry\n    raise error\n  File "F:\\py\\Lib\\site-packages\\redis\\asyncio\\retry.py", line 69, in call_with_retry\n    return await do()\n           ^^^^^^^^^^\n  File "F:\\py\\Lib\\site-packages\\redis\\asyncio\\connection.py", line 403, in connect_check_health\n    await self.on_connect_check_health(check_health=check_health)\n  File "F:\\py\\Lib\\site-packages\\redis\\asyncio\\connection.py", line 560, in on_connect_check_health\n    await self.read_response()\n  File "F:\\py\\Lib\\site-packages\\redis\\asyncio\\connection.py", line 747, in read_response\n    raise ConnectionError(f"Error while reading from {host_error} : {e.args}")\nredis.exceptions.ConnectionError: Error while reading from 192.168.100.128:6379 : (22, \'÷∏∂®µƒÕ¯¬Á√˚≤ª‘Ÿø…”√°£\', None, 64, None)'}
-------------------------- Captured stderr teardown ---------------------------
[2m2026-05-14T21:35:57.365805+08:00[0m [[32m[1mdebug    [0m] [1mRedis ¡¨Ω”≥ÿ“—¥¥Ω®                  [0m [[0m[1m[34mai_werewolf_core.utils.redis_client[0m][0m [36mmax_connections[0m=[35m300[0m [36msocket_timeout[0m=[35m10[0m
[2m2026-05-14T21:36:02.368603+08:00[0m [[31m[1merror    [0m] [1mRedis ¡¨Ω”—È÷§ ß∞‹ (PING)           [0m [[0m[1m[34mai_werewolf_core.utils.redis_client[0m][0m [36merror[0m=[35m"Error while reading from 192.168.100.128:6379 : (22, '÷∏∂®µƒÕ¯¬Á√˚≤ª‘Ÿø…”√°£', None, 64, None)"[0m [36mhost[0m=[35m192.168.100.128[0m [36mport[0m=[35m6379[0m
Traceback (most recent call last):
  File "F:\py\Lib\asyncio\windows_events.py", line 463, in finish_socket_func
    return ov.getresult()
           ~~~~~~~~~~~~^^
OSError: [WinError 64] ÷∏∂®µƒÕ¯¬Á√˚≤ª‘Ÿø…”√°£

During handling of the above exception, another exception occurred:

Traceback (most recent call last):
  File "F:\py\Lib\site-packages\redis\asyncio\connection.py", line 725, in read_response
    response = await self._parser.read_response(
               ^^^^^^^^^^^^^^^^^^^^^^^^^^^^^^^^^
        disable_decoding=disable_decoding
        ^^^^^^^^^^^^^^^^^^^^^^^^^^^^^^^^^
    )
    ^
  File "F:\py\Lib\site-packages\redis\_parsers\resp2.py", line 82, in read_response
    response = await self._read_response(disable_decoding=disable_decoding)
               ^^^^^^^^^^^^^^^^^^^^^^^^^^^^^^^^^^^^^^^^^^^^^^^^^^^^^^^^^^^^
  File "F:\py\Lib\site-packages\redis\_parsers\resp2.py", line 90, in _read_response
    raw = await self._readline()
          ^^^^^^^^^^^^^^^^^^^^^^
  File "F:\py\Lib\site-packages\redis\_parsers\base.py", line 559, in _readline
    data = await self._stream.readline()
           ^^^^^^^^^^^^^^^^^^^^^^^^^^^^^
  File "F:\py\Lib\asyncio\streams.py", line 562, in readline
    line = await self.readuntil(sep)
           ^^^^^^^^^^^^^^^^^^^^^^^^^
  File "F:\py\Lib\asyncio\streams.py", line 677, in readuntil
    await self._wait_for_data('readuntil')
  File "F:\py\Lib\asyncio\streams.py", line 539, in _wait_for_data
    await self._waiter
  File "F:\py\Lib\asyncio\proactor_events.py", line 286, in _loop_reading
    length = fut.result()
  File "F:\py\Lib\asyncio\windows_events.py", line 804, in _poll
    value = callback(transferred, key, ov)
  File "F:\py\Lib\asyncio\windows_events.py", line 467, in finish_socket_func
    raise ConnectionResetError(*exc.args)
ConnectionResetError: [WinError 64] ÷∏∂®µƒÕ¯¬Á√˚≤ª‘Ÿø…”√°£

During handling of the above exception, another exception occurred:

Traceback (most recent call last):
  File "F:\YilenaCode\Werewolf\ai_werewolf_core\utils\redis_client.py", line 128, in get_client
    await cls._client.ping()
  File "F:\py\Lib\site-packages\redis\asyncio\client.py", line 764, in execute_command
    conn = self.connection or await pool.get_connection()
                              ^^^^^^^^^^^^^^^^^^^^^^^^^^^
  File "F:\py\Lib\site-packages\redis\utils.py", line 227, in async_wrapper
    return await func(*args, **kwargs)
           ^^^^^^^^^^^^^^^^^^^^^^^^^^^
  File "F:\py\Lib\site-packages\redis\asyncio\connection.py", line 1351, in get_connection
    await self.ensure_connection(connection)
  File "F:\py\Lib\site-packages\redis\asyncio\connection.py", line 1390, in ensure_connection
    await connection.connect()
  File "F:\py\Lib\site-packages\redis\asyncio\connection.py", line 339, in connect
    await self.retry.call_with_retry(
    ...<7 lines>...
    )
  File "F:\py\Lib\site-packages\redis\asyncio\retry.py", line 81, in call_with_retry
    raise error
  File "F:\py\Lib\site-packages\redis\asyncio\retry.py", line 69, in call_with_retry
    return await do()
           ^^^^^^^^^^
  File "F:\py\Lib\site-packages\redis\asyncio\connection.py", line 403, in connect_check_health
    await self.on_connect_check_health(check_health=check_health)
  File "F:\py\Lib\site-packages\redis\asyncio\connection.py", line 560, in on_connect_check_health
    await self.read_response()
  File "F:\py\Lib\site-packages\redis\asyncio\connection.py", line 747, in read_response
    raise ConnectionError(f"Error while reading from {host_error} : {e.args}")
redis.exceptions.ConnectionError: Error while reading from 192.168.100.128:6379 : (22, '÷∏∂®µƒÕ¯¬Á√˚≤ª‘Ÿø…”√°£', None, 64, None)
[2m2026-05-14T21:36:02.371074+08:00[0m [[31m[1merror    [0m] [1m«Â¿Ì ¬º˛ Stream “Ï≥£                [0m [[0m[1m[34mai_werewolf_core.core.event.bus[0m][0m [36merror[0m=[35m'EventBus Œﬁ∑®ªÒ»° Redis øÕªß∂À'[0m [36mgame_id[0m=[35mNone[0m
Traceback (most recent call last):
  File "F:\py\Lib\asyncio\windows_events.py", line 463, in finish_socket_func
    return ov.getresult()
           ~~~~~~~~~~~~^^
OSError: [WinError 64] ÷∏∂®µƒÕ¯¬Á√˚≤ª‘Ÿø…”√°£

During handling of the above exception, another exception occurred:

Traceback (most recent call last):
  File "F:\py\Lib\site-packages\redis\asyncio\connection.py", line 725, in read_response
    response = await self._parser.read_response(
               ^^^^^^^^^^^^^^^^^^^^^^^^^^^^^^^^^
        disable_decoding=disable_decoding
        ^^^^^^^^^^^^^^^^^^^^^^^^^^^^^^^^^
    )
    ^
  File "F:\py\Lib\site-packages\redis\_parsers\resp2.py", line 82, in read_response
    response = await self._read_response(disable_decoding=disable_decoding)
               ^^^^^^^^^^^^^^^^^^^^^^^^^^^^^^^^^^^^^^^^^^^^^^^^^^^^^^^^^^^^
  File "F:\py\Lib\site-packages\redis\_parsers\resp2.py", line 90, in _read_response
    raw = await self._readline()
          ^^^^^^^^^^^^^^^^^^^^^^
  File "F:\py\Lib\site-packages\redis\_parsers\base.py", line 559, in _readline
    data = await self._stream.readline()
           ^^^^^^^^^^^^^^^^^^^^^^^^^^^^^
  File "F:\py\Lib\asyncio\streams.py", line 562, in readline
    line = await self.readuntil(sep)
           ^^^^^^^^^^^^^^^^^^^^^^^^^
  File "F:\py\Lib\asyncio\streams.py", line 677, in readuntil
    await self._wait_for_data('readuntil')
  File "F:\py\Lib\asyncio\streams.py", line 539, in _wait_for_data
    await self._waiter
  File "F:\py\Lib\asyncio\proactor_events.py", line 286, in _loop_reading
    length = fut.result()
  File "F:\py\Lib\asyncio\windows_events.py", line 804, in _poll
    value = callback(transferred, key, ov)
  File "F:\py\Lib\asyncio\windows_events.py", line 467, in finish_socket_func
    raise ConnectionResetError(*exc.args)
ConnectionResetError: [WinError 64] ÷∏∂®µƒÕ¯¬Á√˚≤ª‘Ÿø…”√°£

During handling of the above exception, another exception occurred:

Traceback (most recent call last):
  File "F:\YilenaCode\Werewolf\ai_werewolf_core\core\event\bus.py", line 111, in _get_redis
    self._redis_client = await RedisClientManager.get_client()
                         ^^^^^^^^^^^^^^^^^^^^^^^^^^^^^^^^^^^^^
  File "F:\YilenaCode\Werewolf\ai_werewolf_core\utils\redis_client.py", line 128, in get_client
    await cls._client.ping()
  File "F:\py\Lib\site-packages\redis\asyncio\client.py", line 764, in execute_command
    conn = self.connection or await pool.get_connection()
                              ^^^^^^^^^^^^^^^^^^^^^^^^^^^
  File "F:\py\Lib\site-packages\redis\utils.py", line 227, in async_wrapper
    return await func(*args, **kwargs)
           ^^^^^^^^^^^^^^^^^^^^^^^^^^^
  File "F:\py\Lib\site-packages\redis\asyncio\connection.py", line 1351, in get_connection
    await self.ensure_connection(connection)
  File "F:\py\Lib\site-packages\redis\asyncio\connection.py", line 1390, in ensure_connection
    await connection.connect()
  File "F:\py\Lib\site-packages\redis\asyncio\connection.py", line 339, in connect
    await self.retry.call_with_retry(
    ...<7 lines>...
    )
  File "F:\py\Lib\site-packages\redis\asyncio\retry.py", line 81, in call_with_retry
    raise error
  File "F:\py\Lib\site-packages\redis\asyncio\retry.py", line 69, in call_with_retry
    return await do()
           ^^^^^^^^^^
  File "F:\py\Lib\site-packages\redis\asyncio\connection.py", line 403, in connect_check_health
    await self.on_connect_check_health(check_health=check_health)
  File "F:\py\Lib\site-packages\redis\asyncio\connection.py", line 560, in on_connect_check_health
    await self.read_response()
  File "F:\py\Lib\site-packages\redis\asyncio\connection.py", line 747, in read_response
    raise ConnectionError(f"Error while reading from {host_error} : {e.args}")
redis.exceptions.ConnectionError: Error while reading from 192.168.100.128:6379 : (22, '÷∏∂®µƒÕ¯¬Á√˚≤ª‘Ÿø…”√°£', None, 64, None)

The above exception was the direct cause of the following exception:

Traceback (most recent call last):
  File "F:\YilenaCode\Werewolf\ai_werewolf_core\core\event\bus.py", line 710, in clear
    redis = await self._get_redis()
            ^^^^^^^^^^^^^^^^^^^^^^^
  File "F:\YilenaCode\Werewolf\ai_werewolf_core\core\event\bus.py", line 114, in _get_redis
    raise RedisUnavailableException(
        "EventBus Œﬁ∑®ªÒ»° Redis øÕªß∂À"
    ) from e
ai_werewolf_core.utils.redis_seq.RedisUnavailableException: EventBus Œﬁ∑®ªÒ»° Redis øÕªß∂À
---------------------------- Captured log teardown ----------------------------
DEBUG    ai_werewolf_core.utils.redis_client:redis_client.py:243 {'max_connections': 300, 'socket_timeout': 10, 'event': 'Redis ¡¨Ω”≥ÿ“—¥¥Ω®', 'level': 'debug', 'logger': 'ai_werewolf_core.utils.redis_client', 'timestamp': '2026-05-14T21:35:57.365805+08:00'}
ERROR    ai_werewolf_core.utils.redis_client:redis_client.py:130 {'host': '192.168.100.128', 'port': 6379, 'error': "Error while reading from 192.168.100.128:6379 : (22, '÷∏∂®µƒÕ¯¬Á√˚≤ª‘Ÿø…”√°£', None, 64, None)", 'event': 'Redis ¡¨Ω”—È÷§ ß∞‹ (PING)', 'level': 'error', 'logger': 'ai_werewolf_core.utils.redis_client', 'timestamp': '2026-05-14T21:36:02.368603+08:00', 'exception': 'Traceback (most recent call last):\n  File "F:\\py\\Lib\\asyncio\\windows_events.py", line 463, in finish_socket_func\n    return ov.getresult()\n           ~~~~~~~~~~~~^^\nOSError: [WinError 64] ÷∏∂®µƒÕ¯¬Á√˚≤ª‘Ÿø…”√°£\n\nDuring handling of the above exception, another exception occurred:\n\nTraceback (most recent call last):\n  File "F:\\py\\Lib\\site-packages\\redis\\asyncio\\connection.py", line 725, in read_response\n    response = await self._parser.read_response(\n               ^^^^^^^^^^^^^^^^^^^^^^^^^^^^^^^^^\n        disable_decoding=disable_decoding\n        ^^^^^^^^^^^^^^^^^^^^^^^^^^^^^^^^^\n    )\n    ^\n  File "F:\\py\\Lib\\site-packages\\redis\\_parsers\\resp2.py", line 82, in read_response\n    response = await self._read_response(disable_decoding=disable_decoding)\n               ^^^^^^^^^^^^^^^^^^^^^^^^^^^^^^^^^^^^^^^^^^^^^^^^^^^^^^^^^^^^\n  File "F:\\py\\Lib\\site-packages\\redis\\_parsers\\resp2.py", line 90, in _read_response\n    raw = await self._readline()\n          ^^^^^^^^^^^^^^^^^^^^^^\n  File "F:\\py\\Lib\\site-packages\\redis\\_parsers\\base.py", line 559, in _readline\n    data = await self._stream.readline()\n           ^^^^^^^^^^^^^^^^^^^^^^^^^^^^^\n  File "F:\\py\\Lib\\asyncio\\streams.py", line 562, in readline\n    line = await self.readuntil(sep)\n           ^^^^^^^^^^^^^^^^^^^^^^^^^\n  File "F:\\py\\Lib\\asyncio\\streams.py", line 677, in readuntil\n    await self._wait_for_data(\'readuntil\')\n  File "F:\\py\\Lib\\asyncio\\streams.py", line 539, in _wait_for_data\n    await self._waiter\n  File "F:\\py\\Lib\\asyncio\\proactor_events.py", line 286, in _loop_reading\n    length = fut.result()\n  File "F:\\py\\Lib\\asyncio\\windows_events.py", line 804, in _poll\n    value = callback(transferred, key, ov)\n  File "F:\\py\\Lib\\asyncio\\windows_events.py", line 467, in finish_socket_func\n    raise ConnectionResetError(*exc.args)\nConnectionResetError: [WinError 64] ÷∏∂®µƒÕ¯¬Á√˚≤ª‘Ÿø…”√°£\n\nDuring handling of the above exception, another exception occurred:\n\nTraceback (most recent call last):\n  File "F:\\YilenaCode\\Werewolf\\ai_werewolf_core\\utils\\redis_client.py", line 128, in get_client\n    await cls._client.ping()\n  File "F:\\py\\Lib\\site-packages\\redis\\asyncio\\client.py", line 764, in execute_command\n    conn = self.connection or await pool.get_connection()\n                              ^^^^^^^^^^^^^^^^^^^^^^^^^^^\n  File "F:\\py\\Lib\\site-packages\\redis\\utils.py", line 227, in async_wrapper\n    return await func(*args, **kwargs)\n           ^^^^^^^^^^^^^^^^^^^^^^^^^^^\n  File "F:\\py\\Lib\\site-packages\\redis\\asyncio\\connection.py", line 1351, in get_connection\n    await self.ensure_connection(connection)\n  File "F:\\py\\Lib\\site-packages\\redis\\asyncio\\connection.py", line 1390, in ensure_connection\n    await connection.connect()\n  File "F:\\py\\Lib\\site-packages\\redis\\asyncio\\connection.py", line 339, in connect\n    await self.retry.call_with_retry(\n    ...<7 lines>...\n    )\n  File "F:\\py\\Lib\\site-packages\\redis\\asyncio\\retry.py", line 81, in call_with_retry\n    raise error\n  File "F:\\py\\Lib\\site-packages\\redis\\asyncio\\retry.py", line 69, in call_with_retry\n    return await do()\n           ^^^^^^^^^^\n  File "F:\\py\\Lib\\site-packages\\redis\\asyncio\\connection.py", line 403, in connect_check_health\n    await self.on_connect_check_health(check_health=check_health)\n  File "F:\\py\\Lib\\site-packages\\redis\\asyncio\\connection.py", line 560, in on_connect_check_health\n    await self.read_response()\n  File "F:\\py\\Lib\\site-packages\\redis\\asyncio\\connection.py", line 747, in read_response\n    raise ConnectionError(f"Error while reading from {host_error} : {e.args}")\nredis.exceptions.ConnectionError: Error while reading from 192.168.100.128:6379 : (22, \'÷∏∂®µƒÕ¯¬Á√˚≤ª‘Ÿø…”√°£\', None, 64, None)'}
ERROR    ai_werewolf_core.core.event.bus:bus.py:741 {'game_id': None, 'error': 'EventBus Œﬁ∑®ªÒ»° Redis øÕªß∂À', 'event': '«Â¿Ì ¬º˛ Stream “Ï≥£', 'level': 'error', 'logger': 'ai_werewolf_core.core.event.bus', 'timestamp': '2026-05-14T21:36:02.371074+08:00', 'exception': 'Traceback (most recent call last):\n  File "F:\\py\\Lib\\asyncio\\windows_events.py", line 463, in finish_socket_func\n    return ov.getresult()\n           ~~~~~~~~~~~~^^\nOSError: [WinError 64] ÷∏∂®µƒÕ¯¬Á√˚≤ª‘Ÿø…”√°£\n\nDuring handling of the above exception, another exception occurred:\n\nTraceback (most recent call last):\n  File "F:\\py\\Lib\\site-packages\\redis\\asyncio\\connection.py", line 725, in read_response\n    response = await self._parser.read_response(\n               ^^^^^^^^^^^^^^^^^^^^^^^^^^^^^^^^^\n        disable_decoding=disable_decoding\n        ^^^^^^^^^^^^^^^^^^^^^^^^^^^^^^^^^\n    )\n    ^\n  File "F:\\py\\Lib\\site-packages\\redis\\_parsers\\resp2.py", line 82, in read_response\n    response = await self._read_response(disable_decoding=disable_decoding)\n               ^^^^^^^^^^^^^^^^^^^^^^^^^^^^^^^^^^^^^^^^^^^^^^^^^^^^^^^^^^^^\n  File "F:\\py\\Lib\\site-packages\\redis\\_parsers\\resp2.py", line 90, in _read_response\n    raw = await self._readline()\n          ^^^^^^^^^^^^^^^^^^^^^^\n  File "F:\\py\\Lib\\site-packages\\redis\\_parsers\\base.py", line 559, in _readline\n    data = await self._stream.readline()\n           ^^^^^^^^^^^^^^^^^^^^^^^^^^^^^\n  File "F:\\py\\Lib\\asyncio\\streams.py", line 562, in readline\n    line = await self.readuntil(sep)\n           ^^^^^^^^^^^^^^^^^^^^^^^^^\n  File "F:\\py\\Lib\\asyncio\\streams.py", line 677, in readuntil\n    await self._wait_for_data(\'readuntil\')\n  File "F:\\py\\Lib\\asyncio\\streams.py", line 539, in _wait_for_data\n    await self._waiter\n  File "F:\\py\\Lib\\asyncio\\proactor_events.py", line 286, in _loop_reading\n    length = fut.result()\n  File "F:\\py\\Lib\\asyncio\\windows_events.py", line 804, in _poll\n    value = callback(transferred, key, ov)\n  File "F:\\py\\Lib\\asyncio\\windows_events.py", line 467, in finish_socket_func\n    raise ConnectionResetError(*exc.args)\nConnectionResetError: [WinError 64] ÷∏∂®µƒÕ¯¬Á√˚≤ª‘Ÿø…”√°£\n\nDuring handling of the above exception, another exception occurred:\n\nTraceback (most recent call last):\n  File "F:\\YilenaCode\\Werewolf\\ai_werewolf_core\\core\\event\\bus.py", line 111, in _get_redis\n    self._redis_client = await RedisClientManager.get_client()\n                         ^^^^^^^^^^^^^^^^^^^^^^^^^^^^^^^^^^^^^\n  File "F:\\YilenaCode\\Werewolf\\ai_werewolf_core\\utils\\redis_client.py", line 128, in get_client\n    await cls._client.ping()\n  File "F:\\py\\Lib\\site-packages\\redis\\asyncio\\client.py", line 764, in execute_command\n    conn = self.connection or await pool.get_connection()\n                              ^^^^^^^^^^^^^^^^^^^^^^^^^^^\n  File "F:\\py\\Lib\\site-packages\\redis\\utils.py", line 227, in async_wrapper\n    return await func(*args, **kwargs)\n           ^^^^^^^^^^^^^^^^^^^^^^^^^^^\n  File "F:\\py\\Lib\\site-packages\\redis\\asyncio\\connection.py", line 1351, in get_connection\n    await self.ensure_connection(connection)\n  File "F:\\py\\Lib\\site-packages\\redis\\asyncio\\connection.py", line 1390, in ensure_connection\n    await connection.connect()\n  File "F:\\py\\Lib\\site-packages\\redis\\asyncio\\connection.py", line 339, in connect\n    await self.retry.call_with_retry(\n    ...<7 lines>...\n    )\n  File "F:\\py\\Lib\\site-packages\\redis\\asyncio\\retry.py", line 81, in call_with_retry\n    raise error\n  File "F:\\py\\Lib\\site-packages\\redis\\asyncio\\retry.py", line 69, in call_with_retry\n    return await do()\n           ^^^^^^^^^^\n  File "F:\\py\\Lib\\site-packages\\redis\\asyncio\\connection.py", line 403, in connect_check_health\n    await self.on_connect_check_health(check_health=check_health)\n  File "F:\\py\\Lib\\site-packages\\redis\\asyncio\\connection.py", line 560, in on_connect_check_health\n    await self.read_response()\n  File "F:\\py\\Lib\\site-packages\\redis\\asyncio\\connection.py", line 747, in read_response\n    raise ConnectionError(f"Error while reading from {host_error} : {e.args}")\nredis.exceptions.ConnectionError: Error while reading from 192.168.100.128:6379 : (22, \'÷∏∂®µƒÕ¯¬Á√˚≤ª‘Ÿø…”√°£\', None, 64, None)\n\nThe above exception was the direct cause of the following exception:\n\nTraceback (most recent call last):\n  File "F:\\YilenaCode\\Werewolf\\ai_werewolf_core\\core\\event\\bus.py", line 710, in clear\n    redis = await self._get_redis()\n            ^^^^^^^^^^^^^^^^^^^^^^^\n  File "F:\\YilenaCode\\Werewolf\\ai_werewolf_core\\core\\event\\bus.py", line 114, in _get_redis\n    raise RedisUnavailableException(\n        "EventBus Œﬁ∑®ªÒ»° Redis øÕªß∂À"\n    ) from e\nai_werewolf_core.utils.redis_seq.RedisUnavailableException: EventBus Œﬁ∑®ªÒ»° Redis øÕªß∂À'}
______________ TestTaskIdManagement.test_get_task_id_nonexistent ______________

trans = 0, key = 0, ov = <_overlapped.Overlapped object at 0x0000027C308349F0>

    @staticmethod
    def finish_socket_func(trans, key, ov):
        try:
>           return ov.getresult()
                   ^^^^^^^^^^^^^^
E           OSError: [WinError 64] ÷∏∂®µƒÕ¯¬Á√˚≤ª‘Ÿø…”√°£

F:\py\Lib\asyncio\windows_events.py:463: OSError

During handling of the above exception, another exception occurred:

self = <redis.asyncio.connection.Connection(host=192.168.100.128,port=6379,db=1)>
disable_decoding = False, timeout = None

    async def read_response(
        self,
        disable_decoding: bool = False,
        timeout: Optional[float] = None,
        *,
        disconnect_on_error: bool = True,
        push_request: Optional[bool] = False,
    ):
        """Read the response from a previously sent command"""
        read_timeout = timeout if timeout is not None else self.socket_timeout
        host_error = self._host_error()
        try:
            if read_timeout is not None and self.protocol in ["3", 3]:
                async with async_timeout(read_timeout):
                    response = await self._parser.read_response(
                        disable_decoding=disable_decoding, push_request=push_request
                    )
            elif read_timeout is not None:
                async with async_timeout(read_timeout):
>                   response = await self._parser.read_response(
                        disable_decoding=disable_decoding

F:\py\Lib\site-packages\redis\asyncio\connection.py:725: 
_ _ _ _ _ _ _ _ _ _ _ _ _ _ _ _ _ _ _ _ _ _ _ _ _ _ _ _ _ _ _ _ _ _ _ _ _ _ _ _
F:\py\Lib\site-packages\redis\_parsers\resp2.py:82: in read_response
    response = await self._read_response(disable_decoding=disable_decoding)
               ^^^^^^^^^^^^^^^^^^^^^^^^^^^^^^^^^^^^^^^^^^^^^^^^^^^^^^^^^^^^
F:\py\Lib\site-packages\redis\_parsers\resp2.py:90: in _read_response
    raw = await self._readline()
          ^^^^^^^^^^^^^^^^^^^^^^
F:\py\Lib\site-packages\redis\_parsers\base.py:559: in _readline
    data = await self._stream.readline()
           ^^^^^^^^^^^^^^^^^^^^^^^^^^^^^
F:\py\Lib\asyncio\streams.py:562: in readline
    line = await self.readuntil(sep)
           ^^^^^^^^^^^^^^^^^^^^^^^^^
F:\py\Lib\asyncio\streams.py:677: in readuntil
    await self._wait_for_data('readuntil')
F:\py\Lib\asyncio\streams.py:539: in _wait_for_data
    await self._waiter
F:\py\Lib\asyncio\proactor_events.py:286: in _loop_reading
    length = fut.result()
             ^^^^^^^^^^^^
F:\py\Lib\asyncio\windows_events.py:804: in _poll
    value = callback(transferred, key, ov)
            ^^^^^^^^^^^^^^^^^^^^^^^^^^^^^^
_ _ _ _ _ _ _ _ _ _ _ _ _ _ _ _ _ _ _ _ _ _ _ _ _ _ _ _ _ _ _ _ _ _ _ _ _ _ _ _

trans = 0, key = 0, ov = <_overlapped.Overlapped object at 0x0000027C308349F0>

    @staticmethod
    def finish_socket_func(trans, key, ov):
        try:
            return ov.getresult()
        except OSError as exc:
            if exc.winerror in (_overlapped.ERROR_NETNAME_DELETED,
                                _overlapped.ERROR_OPERATION_ABORTED):
>               raise ConnectionResetError(*exc.args)
E               ConnectionResetError: [WinError 64] ÷∏∂®µƒÕ¯¬Á√˚≤ª‘Ÿø…”√°£

F:\py\Lib\asyncio\windows_events.py:467: ConnectionResetError

During handling of the above exception, another exception occurred:

self = <ai_werewolf_core.core.engine.lifecycle.LifecycleManager object at 0x0000027C31E926D0>

    async def _get_redis(self) -> aioredis.Redis:
        """ªÒ»° Redis “Ï≤ΩøÕªß∂À£®¿¡≥ı ºªØ£¨π≤œÌ¡¨Ω”≥ÿ£©°£"""
        if self._redis is None:
            try:
>               self._redis = await RedisClientManager.get_client()
                              ^^^^^^^^^^^^^^^^^^^^^^^^^^^^^^^^^^^^^

ai_werewolf_core\core\engine\lifecycle.py:143: 
_ _ _ _ _ _ _ _ _ _ _ _ _ _ _ _ _ _ _ _ _ _ _ _ _ _ _ _ _ _ _ _ _ _ _ _ _ _ _ _
ai_werewolf_core\utils\redis_client.py:128: in get_client
    await cls._client.ping()
F:\py\Lib\site-packages\redis\asyncio\client.py:764: in execute_command
    conn = self.connection or await pool.get_connection()
                              ^^^^^^^^^^^^^^^^^^^^^^^^^^^
F:\py\Lib\site-packages\redis\utils.py:227: in async_wrapper
    return await func(*args, **kwargs)
           ^^^^^^^^^^^^^^^^^^^^^^^^^^^
F:\py\Lib\site-packages\redis\asyncio\connection.py:1351: in get_connection
    await self.ensure_connection(connection)
F:\py\Lib\site-packages\redis\asyncio\connection.py:1390: in ensure_connection
    await connection.connect()
F:\py\Lib\site-packages\redis\asyncio\connection.py:339: in connect
    await self.retry.call_with_retry(
F:\py\Lib\site-packages\redis\asyncio\retry.py:81: in call_with_retry
    raise error
F:\py\Lib\site-packages\redis\asyncio\retry.py:69: in call_with_retry
    return await do()
           ^^^^^^^^^^
F:\py\Lib\site-packages\redis\asyncio\connection.py:403: in connect_check_health
    await self.on_connect_check_health(check_health=check_health)
F:\py\Lib\site-packages\redis\asyncio\connection.py:560: in on_connect_check_health
    await self.read_response()
_ _ _ _ _ _ _ _ _ _ _ _ _ _ _ _ _ _ _ _ _ _ _ _ _ _ _ _ _ _ _ _ _ _ _ _ _ _ _ _

self = <redis.asyncio.connection.Connection(host=192.168.100.128,port=6379,db=1)>
disable_decoding = False, timeout = None

    async def read_response(
        self,
        disable_decoding: bool = False,
        timeout: Optional[float] = None,
        *,
        disconnect_on_error: bool = True,
        push_request: Optional[bool] = False,
    ):
        """Read the response from a previously sent command"""
        read_timeout = timeout if timeout is not None else self.socket_timeout
        host_error = self._host_error()
        try:
            if read_timeout is not None and self.protocol in ["3", 3]:
                async with async_timeout(read_timeout):
                    response = await self._parser.read_response(
                        disable_decoding=disable_decoding, push_request=push_request
                    )
            elif read_timeout is not None:
                async with async_timeout(read_timeout):
                    response = await self._parser.read_response(
                        disable_decoding=disable_decoding
                    )
            elif self.protocol in ["3", 3]:
                response = await self._parser.read_response(
                    disable_decoding=disable_decoding, push_request=push_request
                )
            else:
                response = await self._parser.read_response(
                    disable_decoding=disable_decoding
                )
        except asyncio.TimeoutError:
            if timeout is not None:
                # user requested timeout, return None. Operation can be retried
                return None
            # it was a self.socket_timeout error.
            if disconnect_on_error:
                await self.disconnect(nowait=True)
            raise TimeoutError(f"Timeout reading from {host_error}")
        except OSError as e:
            if disconnect_on_error:
                await self.disconnect(nowait=True)
>           raise ConnectionError(f"Error while reading from {host_error} : {e.args}")
E           redis.exceptions.ConnectionError: Error while reading from 192.168.100.128:6379 : (22, '÷∏∂®µƒÕ¯¬Á√˚≤ª‘Ÿø…”√°£', None, 64, None)

F:\py\Lib\site-packages\redis\asyncio\connection.py:747: ConnectionError

The above exception was the direct cause of the following exception:

self = <test_lifecycle.TestTaskIdManagement object at 0x0000027C303D6FD0>
lifecycle = <ai_werewolf_core.core.engine.lifecycle.LifecycleManager object at 0x0000027C31E926D0>

    @pytest.mark.asyncio
    async def test_get_task_id_nonexistent(self, lifecycle):
        """≤ª¥Ê‘⁄ ±∑µªÿ None ªÚø’°£"""
>       result = await lifecycle.get_task_id()
                 ^^^^^^^^^^^^^^^^^^^^^^^^^^^^^

tests\unit\core\engine\test_lifecycle.py:483: 
_ _ _ _ _ _ _ _ _ _ _ _ _ _ _ _ _ _ _ _ _ _ _ _ _ _ _ _ _ _ _ _ _ _ _ _ _ _ _ _
ai_werewolf_core\core\engine\lifecycle.py:677: in get_task_id
    redis = await self._get_redis()
            ^^^^^^^^^^^^^^^^^^^^^^^
_ _ _ _ _ _ _ _ _ _ _ _ _ _ _ _ _ _ _ _ _ _ _ _ _ _ _ _ _ _ _ _ _ _ _ _ _ _ _ _

self = <ai_werewolf_core.core.engine.lifecycle.LifecycleManager object at 0x0000027C31E926D0>

    async def _get_redis(self) -> aioredis.Redis:
        """ªÒ»° Redis “Ï≤ΩøÕªß∂À£®¿¡≥ı ºªØ£¨π≤œÌ¡¨Ω”≥ÿ£©°£"""
        if self._redis is None:
            try:
                self._redis = await RedisClientManager.get_client()
                self._logger.debug("LifecycleManager “—ªÒ»°π≤œÌ Redis øÕªß∂À")
            except (aioredis.ConnectionError, aioredis.TimeoutError) as e:
>               raise RedisUnavailableException(
                    f"LifecycleManager Œﬁ∑®ªÒ»° Redis øÕªß∂À: game_id={self.game_id}"
                ) from e
E               ai_werewolf_core.utils.redis_seq.RedisUnavailableException: LifecycleManager Œﬁ∑®ªÒ»° Redis øÕªß∂À: game_id=test_lifecycle_c1c9a3d8ce1648a4aa08ce33cc9c2c84

ai_werewolf_core\core\engine\lifecycle.py:146: RedisUnavailableException
---------------------------- Captured stderr setup ----------------------------
[2m2026-05-14T21:36:02.374282+08:00[0m [[32m[1mdebug    [0m] [1mglobal_subscribe              [0m [[0m[1m[34mai_werewolf_core.core.event.bus[0m][0m [36mhandler[0m=[35m_default_log_subscriber[0m
[2m2026-05-14T21:36:02.374419+08:00[0m [[32m[1mdebug    [0m] [1mglobal_subscribe              [0m [[0m[1m[34mai_werewolf_core.core.event.bus[0m][0m [36mhandler[0m=[35m_persist_to_db[0m
----------------------------- Captured log setup ------------------------------
DEBUG    ai_werewolf_core.core.event.bus:bus.py:519 {'handler': '_default_log_subscriber', 'event': 'global_subscribe', 'level': 'debug', 'logger': 'ai_werewolf_core.core.event.bus', 'timestamp': '2026-05-14T21:36:02.374282+08:00'}
DEBUG    ai_werewolf_core.core.event.bus:bus.py:519 {'handler': '_persist_to_db', 'event': 'global_subscribe', 'level': 'debug', 'logger': 'ai_werewolf_core.core.event.bus', 'timestamp': '2026-05-14T21:36:02.374419+08:00'}
---------------------------- Captured stderr call -----------------------------
[2m2026-05-14T21:36:02.375222+08:00[0m [[32m[1mdebug    [0m] [1mRedis ¡¨Ω”≥ÿ“—¥¥Ω®                  [0m [[0m[1m[34mai_werewolf_core.utils.redis_client[0m][0m [36mmax_connections[0m=[35m300[0m [36msocket_timeout[0m=[35m10[0m
[2m2026-05-14T21:36:07.378553+08:00[0m [[31m[1merror    [0m] [1mRedis ¡¨Ω”—È÷§ ß∞‹ (PING)           [0m [[0m[1m[34mai_werewolf_core.utils.redis_client[0m][0m [36merror[0m=[35m"Error while reading from 192.168.100.128:6379 : (22, '÷∏∂®µƒÕ¯¬Á√˚≤ª‘Ÿø…”√°£', None, 64, None)"[0m [36mhost[0m=[35m192.168.100.128[0m [36mport[0m=[35m6379[0m
Traceback (most recent call last):
  File "F:\py\Lib\asyncio\windows_events.py", line 463, in finish_socket_func
    return ov.getresult()
           ~~~~~~~~~~~~^^
OSError: [WinError 64] ÷∏∂®µƒÕ¯¬Á√˚≤ª‘Ÿø…”√°£

During handling of the above exception, another exception occurred:

Traceback (most recent call last):
  File "F:\py\Lib\site-packages\redis\asyncio\connection.py", line 725, in read_response
    response = await self._parser.read_response(
               ^^^^^^^^^^^^^^^^^^^^^^^^^^^^^^^^^
        disable_decoding=disable_decoding
        ^^^^^^^^^^^^^^^^^^^^^^^^^^^^^^^^^
    )
    ^
  File "F:\py\Lib\site-packages\redis\_parsers\resp2.py", line 82, in read_response
    response = await self._read_response(disable_decoding=disable_decoding)
               ^^^^^^^^^^^^^^^^^^^^^^^^^^^^^^^^^^^^^^^^^^^^^^^^^^^^^^^^^^^^
  File "F:\py\Lib\site-packages\redis\_parsers\resp2.py", line 90, in _read_response
    raw = await self._readline()
          ^^^^^^^^^^^^^^^^^^^^^^
  File "F:\py\Lib\site-packages\redis\_parsers\base.py", line 559, in _readline
    data = await self._stream.readline()
           ^^^^^^^^^^^^^^^^^^^^^^^^^^^^^
  File "F:\py\Lib\asyncio\streams.py", line 562, in readline
    line = await self.readuntil(sep)
           ^^^^^^^^^^^^^^^^^^^^^^^^^
  File "F:\py\Lib\asyncio\streams.py", line 677, in readuntil
    await self._wait_for_data('readuntil')
  File "F:\py\Lib\asyncio\streams.py", line 539, in _wait_for_data
    await self._waiter
  File "F:\py\Lib\asyncio\proactor_events.py", line 286, in _loop_reading
    length = fut.result()
  File "F:\py\Lib\asyncio\windows_events.py", line 804, in _poll
    value = callback(transferred, key, ov)
  File "F:\py\Lib\asyncio\windows_events.py", line 467, in finish_socket_func
    raise ConnectionResetError(*exc.args)
ConnectionResetError: [WinError 64] ÷∏∂®µƒÕ¯¬Á√˚≤ª‘Ÿø…”√°£

During handling of the above exception, another exception occurred:

Traceback (most recent call last):
  File "F:\YilenaCode\Werewolf\ai_werewolf_core\utils\redis_client.py", line 128, in get_client
    await cls._client.ping()
  File "F:\py\Lib\site-packages\redis\asyncio\client.py", line 764, in execute_command
    conn = self.connection or await pool.get_connection()
                              ^^^^^^^^^^^^^^^^^^^^^^^^^^^
  File "F:\py\Lib\site-packages\redis\utils.py", line 227, in async_wrapper
    return await func(*args, **kwargs)
           ^^^^^^^^^^^^^^^^^^^^^^^^^^^
  File "F:\py\Lib\site-packages\redis\asyncio\connection.py", line 1351, in get_connection
    await self.ensure_connection(connection)
  File "F:\py\Lib\site-packages\redis\asyncio\connection.py", line 1390, in ensure_connection
    await connection.connect()
  File "F:\py\Lib\site-packages\redis\asyncio\connection.py", line 339, in connect
    await self.retry.call_with_retry(
    ...<7 lines>...
    )
  File "F:\py\Lib\site-packages\redis\asyncio\retry.py", line 81, in call_with_retry
    raise error
  File "F:\py\Lib\site-packages\redis\asyncio\retry.py", line 69, in call_with_retry
    return await do()
           ^^^^^^^^^^
  File "F:\py\Lib\site-packages\redis\asyncio\connection.py", line 403, in connect_check_health
    await self.on_connect_check_health(check_health=check_health)
  File "F:\py\Lib\site-packages\redis\asyncio\connection.py", line 560, in on_connect_check_health
    await self.read_response()
  File "F:\py\Lib\site-packages\redis\asyncio\connection.py", line 747, in read_response
    raise ConnectionError(f"Error while reading from {host_error} : {e.args}")
redis.exceptions.ConnectionError: Error while reading from 192.168.100.128:6379 : (22, '÷∏∂®µƒÕ¯¬Á√˚≤ª‘Ÿø…”√°£', None, 64, None)
------------------------------ Captured log call ------------------------------
DEBUG    ai_werewolf_core.utils.redis_client:redis_client.py:243 {'max_connections': 300, 'socket_timeout': 10, 'event': 'Redis ¡¨Ω”≥ÿ“—¥¥Ω®', 'level': 'debug', 'logger': 'ai_werewolf_core.utils.redis_client', 'timestamp': '2026-05-14T21:36:02.375222+08:00'}
ERROR    ai_werewolf_core.utils.redis_client:redis_client.py:130 {'host': '192.168.100.128', 'port': 6379, 'error': "Error while reading from 192.168.100.128:6379 : (22, '÷∏∂®µƒÕ¯¬Á√˚≤ª‘Ÿø…”√°£', None, 64, None)", 'event': 'Redis ¡¨Ω”—È÷§ ß∞‹ (PING)', 'level': 'error', 'logger': 'ai_werewolf_core.utils.redis_client', 'timestamp': '2026-05-14T21:36:07.378553+08:00', 'exception': 'Traceback (most recent call last):\n  File "F:\\py\\Lib\\asyncio\\windows_events.py", line 463, in finish_socket_func\n    return ov.getresult()\n           ~~~~~~~~~~~~^^\nOSError: [WinError 64] ÷∏∂®µƒÕ¯¬Á√˚≤ª‘Ÿø…”√°£\n\nDuring handling of the above exception, another exception occurred:\n\nTraceback (most recent call last):\n  File "F:\\py\\Lib\\site-packages\\redis\\asyncio\\connection.py", line 725, in read_response\n    response = await self._parser.read_response(\n               ^^^^^^^^^^^^^^^^^^^^^^^^^^^^^^^^^\n        disable_decoding=disable_decoding\n        ^^^^^^^^^^^^^^^^^^^^^^^^^^^^^^^^^\n    )\n    ^\n  File "F:\\py\\Lib\\site-packages\\redis\\_parsers\\resp2.py", line 82, in read_response\n    response = await self._read_response(disable_decoding=disable_decoding)\n               ^^^^^^^^^^^^^^^^^^^^^^^^^^^^^^^^^^^^^^^^^^^^^^^^^^^^^^^^^^^^\n  File "F:\\py\\Lib\\site-packages\\redis\\_parsers\\resp2.py", line 90, in _read_response\n    raw = await self._readline()\n          ^^^^^^^^^^^^^^^^^^^^^^\n  File "F:\\py\\Lib\\site-packages\\redis\\_parsers\\base.py", line 559, in _readline\n    data = await self._stream.readline()\n           ^^^^^^^^^^^^^^^^^^^^^^^^^^^^^\n  File "F:\\py\\Lib\\asyncio\\streams.py", line 562, in readline\n    line = await self.readuntil(sep)\n           ^^^^^^^^^^^^^^^^^^^^^^^^^\n  File "F:\\py\\Lib\\asyncio\\streams.py", line 677, in readuntil\n    await self._wait_for_data(\'readuntil\')\n  File "F:\\py\\Lib\\asyncio\\streams.py", line 539, in _wait_for_data\n    await self._waiter\n  File "F:\\py\\Lib\\asyncio\\proactor_events.py", line 286, in _loop_reading\n    length = fut.result()\n  File "F:\\py\\Lib\\asyncio\\windows_events.py", line 804, in _poll\n    value = callback(transferred, key, ov)\n  File "F:\\py\\Lib\\asyncio\\windows_events.py", line 467, in finish_socket_func\n    raise ConnectionResetError(*exc.args)\nConnectionResetError: [WinError 64] ÷∏∂®µƒÕ¯¬Á√˚≤ª‘Ÿø…”√°£\n\nDuring handling of the above exception, another exception occurred:\n\nTraceback (most recent call last):\n  File "F:\\YilenaCode\\Werewolf\\ai_werewolf_core\\utils\\redis_client.py", line 128, in get_client\n    await cls._client.ping()\n  File "F:\\py\\Lib\\site-packages\\redis\\asyncio\\client.py", line 764, in execute_command\n    conn = self.connection or await pool.get_connection()\n                              ^^^^^^^^^^^^^^^^^^^^^^^^^^^\n  File "F:\\py\\Lib\\site-packages\\redis\\utils.py", line 227, in async_wrapper\n    return await func(*args, **kwargs)\n           ^^^^^^^^^^^^^^^^^^^^^^^^^^^\n  File "F:\\py\\Lib\\site-packages\\redis\\asyncio\\connection.py", line 1351, in get_connection\n    await self.ensure_connection(connection)\n  File "F:\\py\\Lib\\site-packages\\redis\\asyncio\\connection.py", line 1390, in ensure_connection\n    await connection.connect()\n  File "F:\\py\\Lib\\site-packages\\redis\\asyncio\\connection.py", line 339, in connect\n    await self.retry.call_with_retry(\n    ...<7 lines>...\n    )\n  File "F:\\py\\Lib\\site-packages\\redis\\asyncio\\retry.py", line 81, in call_with_retry\n    raise error\n  File "F:\\py\\Lib\\site-packages\\redis\\asyncio\\retry.py", line 69, in call_with_retry\n    return await do()\n           ^^^^^^^^^^\n  File "F:\\py\\Lib\\site-packages\\redis\\asyncio\\connection.py", line 403, in connect_check_health\n    await self.on_connect_check_health(check_health=check_health)\n  File "F:\\py\\Lib\\site-packages\\redis\\asyncio\\connection.py", line 560, in on_connect_check_health\n    await self.read_response()\n  File "F:\\py\\Lib\\site-packages\\redis\\asyncio\\connection.py", line 747, in read_response\n    raise ConnectionError(f"Error while reading from {host_error} : {e.args}")\nredis.exceptions.ConnectionError: Error while reading from 192.168.100.128:6379 : (22, \'÷∏∂®µƒÕ¯¬Á√˚≤ª‘Ÿø…”√°£\', None, 64, None)'}
-------------------------- Captured stderr teardown ---------------------------
[2m2026-05-14T21:36:07.528864+08:00[0m [[32m[1mdebug    [0m] [1mRedis ¡¨Ω”≥ÿ“—¥¥Ω®                  [0m [[0m[1m[34mai_werewolf_core.utils.redis_client[0m][0m [36mmax_connections[0m=[35m300[0m [36msocket_timeout[0m=[35m10[0m
[2m2026-05-14T21:36:12.533481+08:00[0m [[31m[1merror    [0m] [1mRedis ¡¨Ω”—È÷§ ß∞‹ (PING)           [0m [[0m[1m[34mai_werewolf_core.utils.redis_client[0m][0m [36merror[0m=[35m"Error while reading from 192.168.100.128:6379 : (22, '÷∏∂®µƒÕ¯¬Á√˚≤ª‘Ÿø…”√°£', None, 64, None)"[0m [36mhost[0m=[35m192.168.100.128[0m [36mport[0m=[35m6379[0m
Traceback (most recent call last):
  File "F:\py\Lib\asyncio\windows_events.py", line 463, in finish_socket_func
    return ov.getresult()
           ~~~~~~~~~~~~^^
OSError: [WinError 64] ÷∏∂®µƒÕ¯¬Á√˚≤ª‘Ÿø…”√°£

During handling of the above exception, another exception occurred:

Traceback (most recent call last):
  File "F:\py\Lib\site-packages\redis\asyncio\connection.py", line 725, in read_response
    response = await self._parser.read_response(
               ^^^^^^^^^^^^^^^^^^^^^^^^^^^^^^^^^
        disable_decoding=disable_decoding
        ^^^^^^^^^^^^^^^^^^^^^^^^^^^^^^^^^
    )
    ^
  File "F:\py\Lib\site-packages\redis\_parsers\resp2.py", line 82, in read_response
    response = await self._read_response(disable_decoding=disable_decoding)
               ^^^^^^^^^^^^^^^^^^^^^^^^^^^^^^^^^^^^^^^^^^^^^^^^^^^^^^^^^^^^
  File "F:\py\Lib\site-packages\redis\_parsers\resp2.py", line 90, in _read_response
    raw = await self._readline()
          ^^^^^^^^^^^^^^^^^^^^^^
  File "F:\py\Lib\site-packages\redis\_parsers\base.py", line 559, in _readline
    data = await self._stream.readline()
           ^^^^^^^^^^^^^^^^^^^^^^^^^^^^^
  File "F:\py\Lib\asyncio\streams.py", line 562, in readline
    line = await self.readuntil(sep)
           ^^^^^^^^^^^^^^^^^^^^^^^^^
  File "F:\py\Lib\asyncio\streams.py", line 677, in readuntil
    await self._wait_for_data('readuntil')
  File "F:\py\Lib\asyncio\streams.py", line 539, in _wait_for_data
    await self._waiter
  File "F:\py\Lib\asyncio\proactor_events.py", line 286, in _loop_reading
    length = fut.result()
  File "F:\py\Lib\asyncio\windows_events.py", line 804, in _poll
    value = callback(transferred, key, ov)
  File "F:\py\Lib\asyncio\windows_events.py", line 467, in finish_socket_func
    raise ConnectionResetError(*exc.args)
ConnectionResetError: [WinError 64] ÷∏∂®µƒÕ¯¬Á√˚≤ª‘Ÿø…”√°£

During handling of the above exception, another exception occurred:

Traceback (most recent call last):
  File "F:\YilenaCode\Werewolf\ai_werewolf_core\utils\redis_client.py", line 128, in get_client
    await cls._client.ping()
  File "F:\py\Lib\site-packages\redis\asyncio\client.py", line 764, in execute_command
    conn = self.connection or await pool.get_connection()
                              ^^^^^^^^^^^^^^^^^^^^^^^^^^^
  File "F:\py\Lib\site-packages\redis\utils.py", line 227, in async_wrapper
    return await func(*args, **kwargs)
           ^^^^^^^^^^^^^^^^^^^^^^^^^^^
  File "F:\py\Lib\site-packages\redis\asyncio\connection.py", line 1351, in get_connection
    await self.ensure_connection(connection)
  File "F:\py\Lib\site-packages\redis\asyncio\connection.py", line 1390, in ensure_connection
    await connection.connect()
  File "F:\py\Lib\site-packages\redis\asyncio\connection.py", line 339, in connect
    await self.retry.call_with_retry(
    ...<7 lines>...
    )
  File "F:\py\Lib\site-packages\redis\asyncio\retry.py", line 81, in call_with_retry
    raise error
  File "F:\py\Lib\site-packages\redis\asyncio\retry.py", line 69, in call_with_retry
    return await do()
           ^^^^^^^^^^
  File "F:\py\Lib\site-packages\redis\asyncio\connection.py", line 403, in connect_check_health
    await self.on_connect_check_health(check_health=check_health)
  File "F:\py\Lib\site-packages\redis\asyncio\connection.py", line 560, in on_connect_check_health
    await self.read_response()
  File "F:\py\Lib\site-packages\redis\asyncio\connection.py", line 747, in read_response
    raise ConnectionError(f"Error while reading from {host_error} : {e.args}")
redis.exceptions.ConnectionError: Error while reading from 192.168.100.128:6379 : (22, '÷∏∂®µƒÕ¯¬Á√˚≤ª‘Ÿø…”√°£', None, 64, None)
[2m2026-05-14T21:36:12.536073+08:00[0m [[31m[1merror    [0m] [1m«Â¿Ì ¬º˛ Stream “Ï≥£                [0m [[0m[1m[34mai_werewolf_core.core.event.bus[0m][0m [36merror[0m=[35m'EventBus Œﬁ∑®ªÒ»° Redis øÕªß∂À'[0m [36mgame_id[0m=[35mNone[0m
Traceback (most recent call last):
  File "F:\py\Lib\asyncio\windows_events.py", line 463, in finish_socket_func
    return ov.getresult()
           ~~~~~~~~~~~~^^
OSError: [WinError 64] ÷∏∂®µƒÕ¯¬Á√˚≤ª‘Ÿø…”√°£

During handling of the above exception, another exception occurred:

Traceback (most recent call last):
  File "F:\py\Lib\site-packages\redis\asyncio\connection.py", line 725, in read_response
    response = await self._parser.read_response(
               ^^^^^^^^^^^^^^^^^^^^^^^^^^^^^^^^^
        disable_decoding=disable_decoding
        ^^^^^^^^^^^^^^^^^^^^^^^^^^^^^^^^^
    )
    ^
  File "F:\py\Lib\site-packages\redis\_parsers\resp2.py", line 82, in read_response
    response = await self._read_response(disable_decoding=disable_decoding)
               ^^^^^^^^^^^^^^^^^^^^^^^^^^^^^^^^^^^^^^^^^^^^^^^^^^^^^^^^^^^^
  File "F:\py\Lib\site-packages\redis\_parsers\resp2.py", line 90, in _read_response
    raw = await self._readline()
          ^^^^^^^^^^^^^^^^^^^^^^
  File "F:\py\Lib\site-packages\redis\_parsers\base.py", line 559, in _readline
    data = await self._stream.readline()
           ^^^^^^^^^^^^^^^^^^^^^^^^^^^^^
  File "F:\py\Lib\asyncio\streams.py", line 562, in readline
    line = await self.readuntil(sep)
           ^^^^^^^^^^^^^^^^^^^^^^^^^
  File "F:\py\Lib\asyncio\streams.py", line 677, in readuntil
    await self._wait_for_data('readuntil')
  File "F:\py\Lib\asyncio\streams.py", line 539, in _wait_for_data
    await self._waiter
  File "F:\py\Lib\asyncio\proactor_events.py", line 286, in _loop_reading
    length = fut.result()
  File "F:\py\Lib\asyncio\windows_events.py", line 804, in _poll
    value = callback(transferred, key, ov)
  File "F:\py\Lib\asyncio\windows_events.py", line 467, in finish_socket_func
    raise ConnectionResetError(*exc.args)
ConnectionResetError: [WinError 64] ÷∏∂®µƒÕ¯¬Á√˚≤ª‘Ÿø…”√°£

During handling of the above exception, another exception occurred:

Traceback (most recent call last):
  File "F:\YilenaCode\Werewolf\ai_werewolf_core\core\event\bus.py", line 111, in _get_redis
    self._redis_client = await RedisClientManager.get_client()
                         ^^^^^^^^^^^^^^^^^^^^^^^^^^^^^^^^^^^^^
  File "F:\YilenaCode\Werewolf\ai_werewolf_core\utils\redis_client.py", line 128, in get_client
    await cls._client.ping()
  File "F:\py\Lib\site-packages\redis\asyncio\client.py", line 764, in execute_command
    conn = self.connection or await pool.get_connection()
                              ^^^^^^^^^^^^^^^^^^^^^^^^^^^
  File "F:\py\Lib\site-packages\redis\utils.py", line 227, in async_wrapper
    return await func(*args, **kwargs)
           ^^^^^^^^^^^^^^^^^^^^^^^^^^^
  File "F:\py\Lib\site-packages\redis\asyncio\connection.py", line 1351, in get_connection
    await self.ensure_connection(connection)
  File "F:\py\Lib\site-packages\redis\asyncio\connection.py", line 1390, in ensure_connection
    await connection.connect()
  File "F:\py\Lib\site-packages\redis\asyncio\connection.py", line 339, in connect
    await self.retry.call_with_retry(
    ...<7 lines>...
    )
  File "F:\py\Lib\site-packages\redis\asyncio\retry.py", line 81, in call_with_retry
    raise error
  File "F:\py\Lib\site-packages\redis\asyncio\retry.py", line 69, in call_with_retry
    return await do()
           ^^^^^^^^^^
  File "F:\py\Lib\site-packages\redis\asyncio\connection.py", line 403, in connect_check_health
    await self.on_connect_check_health(check_health=check_health)
  File "F:\py\Lib\site-packages\redis\asyncio\connection.py", line 560, in on_connect_check_health
    await self.read_response()
  File "F:\py\Lib\site-packages\redis\asyncio\connection.py", line 747, in read_response
    raise ConnectionError(f"Error while reading from {host_error} : {e.args}")
redis.exceptions.ConnectionError: Error while reading from 192.168.100.128:6379 : (22, '÷∏∂®µƒÕ¯¬Á√˚≤ª‘Ÿø…”√°£', None, 64, None)

The above exception was the direct cause of the following exception:

Traceback (most recent call last):
  File "F:\YilenaCode\Werewolf\ai_werewolf_core\core\event\bus.py", line 710, in clear
    redis = await self._get_redis()
            ^^^^^^^^^^^^^^^^^^^^^^^
  File "F:\YilenaCode\Werewolf\ai_werewolf_core\core\event\bus.py", line 114, in _get_redis
    raise RedisUnavailableException(
        "EventBus Œﬁ∑®ªÒ»° Redis øÕªß∂À"
    ) from e
ai_werewolf_core.utils.redis_seq.RedisUnavailableException: EventBus Œﬁ∑®ªÒ»° Redis øÕªß∂À
---------------------------- Captured log teardown ----------------------------
DEBUG    ai_werewolf_core.utils.redis_client:redis_client.py:243 {'max_connections': 300, 'socket_timeout': 10, 'event': 'Redis ¡¨Ω”≥ÿ“—¥¥Ω®', 'level': 'debug', 'logger': 'ai_werewolf_core.utils.redis_client', 'timestamp': '2026-05-14T21:36:07.528864+08:00'}
ERROR    ai_werewolf_core.utils.redis_client:redis_client.py:130 {'host': '192.168.100.128', 'port': 6379, 'error': "Error while reading from 192.168.100.128:6379 : (22, '÷∏∂®µƒÕ¯¬Á√˚≤ª‘Ÿø…”√°£', None, 64, None)", 'event': 'Redis ¡¨Ω”—È÷§ ß∞‹ (PING)', 'level': 'error', 'logger': 'ai_werewolf_core.utils.redis_client', 'timestamp': '2026-05-14T21:36:12.533481+08:00', 'exception': 'Traceback (most recent call last):\n  File "F:\\py\\Lib\\asyncio\\windows_events.py", line 463, in finish_socket_func\n    return ov.getresult()\n           ~~~~~~~~~~~~^^\nOSError: [WinError 64] ÷∏∂®µƒÕ¯¬Á√˚≤ª‘Ÿø…”√°£\n\nDuring handling of the above exception, another exception occurred:\n\nTraceback (most recent call last):\n  File "F:\\py\\Lib\\site-packages\\redis\\asyncio\\connection.py", line 725, in read_response\n    response = await self._parser.read_response(\n               ^^^^^^^^^^^^^^^^^^^^^^^^^^^^^^^^^\n        disable_decoding=disable_decoding\n        ^^^^^^^^^^^^^^^^^^^^^^^^^^^^^^^^^\n    )\n    ^\n  File "F:\\py\\Lib\\site-packages\\redis\\_parsers\\resp2.py", line 82, in read_response\n    response = await self._read_response(disable_decoding=disable_decoding)\n               ^^^^^^^^^^^^^^^^^^^^^^^^^^^^^^^^^^^^^^^^^^^^^^^^^^^^^^^^^^^^\n  File "F:\\py\\Lib\\site-packages\\redis\\_parsers\\resp2.py", line 90, in _read_response\n    raw = await self._readline()\n          ^^^^^^^^^^^^^^^^^^^^^^\n  File "F:\\py\\Lib\\site-packages\\redis\\_parsers\\base.py", line 559, in _readline\n    data = await self._stream.readline()\n           ^^^^^^^^^^^^^^^^^^^^^^^^^^^^^\n  File "F:\\py\\Lib\\asyncio\\streams.py", line 562, in readline\n    line = await self.readuntil(sep)\n           ^^^^^^^^^^^^^^^^^^^^^^^^^\n  File "F:\\py\\Lib\\asyncio\\streams.py", line 677, in readuntil\n    await self._wait_for_data(\'readuntil\')\n  File "F:\\py\\Lib\\asyncio\\streams.py", line 539, in _wait_for_data\n    await self._waiter\n  File "F:\\py\\Lib\\asyncio\\proactor_events.py", line 286, in _loop_reading\n    length = fut.result()\n  File "F:\\py\\Lib\\asyncio\\windows_events.py", line 804, in _poll\n    value = callback(transferred, key, ov)\n  File "F:\\py\\Lib\\asyncio\\windows_events.py", line 467, in finish_socket_func\n    raise ConnectionResetError(*exc.args)\nConnectionResetError: [WinError 64] ÷∏∂®µƒÕ¯¬Á√˚≤ª‘Ÿø…”√°£\n\nDuring handling of the above exception, another exception occurred:\n\nTraceback (most recent call last):\n  File "F:\\YilenaCode\\Werewolf\\ai_werewolf_core\\utils\\redis_client.py", line 128, in get_client\n    await cls._client.ping()\n  File "F:\\py\\Lib\\site-packages\\redis\\asyncio\\client.py", line 764, in execute_command\n    conn = self.connection or await pool.get_connection()\n                              ^^^^^^^^^^^^^^^^^^^^^^^^^^^\n  File "F:\\py\\Lib\\site-packages\\redis\\utils.py", line 227, in async_wrapper\n    return await func(*args, **kwargs)\n           ^^^^^^^^^^^^^^^^^^^^^^^^^^^\n  File "F:\\py\\Lib\\site-packages\\redis\\asyncio\\connection.py", line 1351, in get_connection\n    await self.ensure_connection(connection)\n  File "F:\\py\\Lib\\site-packages\\redis\\asyncio\\connection.py", line 1390, in ensure_connection\n    await connection.connect()\n  File "F:\\py\\Lib\\site-packages\\redis\\asyncio\\connection.py", line 339, in connect\n    await self.retry.call_with_retry(\n    ...<7 lines>...\n    )\n  File "F:\\py\\Lib\\site-packages\\redis\\asyncio\\retry.py", line 81, in call_with_retry\n    raise error\n  File "F:\\py\\Lib\\site-packages\\redis\\asyncio\\retry.py", line 69, in call_with_retry\n    return await do()\n           ^^^^^^^^^^\n  File "F:\\py\\Lib\\site-packages\\redis\\asyncio\\connection.py", line 403, in connect_check_health\n    await self.on_connect_check_health(check_health=check_health)\n  File "F:\\py\\Lib\\site-packages\\redis\\asyncio\\connection.py", line 560, in on_connect_check_health\n    await self.read_response()\n  File "F:\\py\\Lib\\site-packages\\redis\\asyncio\\connection.py", line 747, in read_response\n    raise ConnectionError(f"Error while reading from {host_error} : {e.args}")\nredis.exceptions.ConnectionError: Error while reading from 192.168.100.128:6379 : (22, \'÷∏∂®µƒÕ¯¬Á√˚≤ª‘Ÿø…”√°£\', None, 64, None)'}
ERROR    ai_werewolf_core.core.event.bus:bus.py:741 {'game_id': None, 'error': 'EventBus Œﬁ∑®ªÒ»° Redis øÕªß∂À', 'event': '«Â¿Ì ¬º˛ Stream “Ï≥£', 'level': 'error', 'logger': 'ai_werewolf_core.core.event.bus', 'timestamp': '2026-05-14T21:36:12.536073+08:00', 'exception': 'Traceback (most recent call last):\n  File "F:\\py\\Lib\\asyncio\\windows_events.py", line 463, in finish_socket_func\n    return ov.getresult()\n           ~~~~~~~~~~~~^^\nOSError: [WinError 64] ÷∏∂®µƒÕ¯¬Á√˚≤ª‘Ÿø…”√°£\n\nDuring handling of the above exception, another exception occurred:\n\nTraceback (most recent call last):\n  File "F:\\py\\Lib\\site-packages\\redis\\asyncio\\connection.py", line 725, in read_response\n    response = await self._parser.read_response(\n               ^^^^^^^^^^^^^^^^^^^^^^^^^^^^^^^^^\n        disable_decoding=disable_decoding\n        ^^^^^^^^^^^^^^^^^^^^^^^^^^^^^^^^^\n    )\n    ^\n  File "F:\\py\\Lib\\site-packages\\redis\\_parsers\\resp2.py", line 82, in read_response\n    response = await self._read_response(disable_decoding=disable_decoding)\n               ^^^^^^^^^^^^^^^^^^^^^^^^^^^^^^^^^^^^^^^^^^^^^^^^^^^^^^^^^^^^\n  File "F:\\py\\Lib\\site-packages\\redis\\_parsers\\resp2.py", line 90, in _read_response\n    raw = await self._readline()\n          ^^^^^^^^^^^^^^^^^^^^^^\n  File "F:\\py\\Lib\\site-packages\\redis\\_parsers\\base.py", line 559, in _readline\n    data = await self._stream.readline()\n           ^^^^^^^^^^^^^^^^^^^^^^^^^^^^^\n  File "F:\\py\\Lib\\asyncio\\streams.py", line 562, in readline\n    line = await self.readuntil(sep)\n           ^^^^^^^^^^^^^^^^^^^^^^^^^\n  File "F:\\py\\Lib\\asyncio\\streams.py", line 677, in readuntil\n    await self._wait_for_data(\'readuntil\')\n  File "F:\\py\\Lib\\asyncio\\streams.py", line 539, in _wait_for_data\n    await self._waiter\n  File "F:\\py\\Lib\\asyncio\\proactor_events.py", line 286, in _loop_reading\n    length = fut.result()\n  File "F:\\py\\Lib\\asyncio\\windows_events.py", line 804, in _poll\n    value = callback(transferred, key, ov)\n  File "F:\\py\\Lib\\asyncio\\windows_events.py", line 467, in finish_socket_func\n    raise ConnectionResetError(*exc.args)\nConnectionResetError: [WinError 64] ÷∏∂®µƒÕ¯¬Á√˚≤ª‘Ÿø…”√°£\n\nDuring handling of the above exception, another exception occurred:\n\nTraceback (most recent call last):\n  File "F:\\YilenaCode\\Werewolf\\ai_werewolf_core\\core\\event\\bus.py", line 111, in _get_redis\n    self._redis_client = await RedisClientManager.get_client()\n                         ^^^^^^^^^^^^^^^^^^^^^^^^^^^^^^^^^^^^^\n  File "F:\\YilenaCode\\Werewolf\\ai_werewolf_core\\utils\\redis_client.py", line 128, in get_client\n    await cls._client.ping()\n  File "F:\\py\\Lib\\site-packages\\redis\\asyncio\\client.py", line 764, in execute_command\n    conn = self.connection or await pool.get_connection()\n                              ^^^^^^^^^^^^^^^^^^^^^^^^^^^\n  File "F:\\py\\Lib\\site-packages\\redis\\utils.py", line 227, in async_wrapper\n    return await func(*args, **kwargs)\n           ^^^^^^^^^^^^^^^^^^^^^^^^^^^\n  File "F:\\py\\Lib\\site-packages\\redis\\asyncio\\connection.py", line 1351, in get_connection\n    await self.ensure_connection(connection)\n  File "F:\\py\\Lib\\site-packages\\redis\\asyncio\\connection.py", line 1390, in ensure_connection\n    await connection.connect()\n  File "F:\\py\\Lib\\site-packages\\redis\\asyncio\\connection.py", line 339, in connect\n    await self.retry.call_with_retry(\n    ...<7 lines>...\n    )\n  File "F:\\py\\Lib\\site-packages\\redis\\asyncio\\retry.py", line 81, in call_with_retry\n    raise error\n  File "F:\\py\\Lib\\site-packages\\redis\\asyncio\\retry.py", line 69, in call_with_retry\n    return await do()\n           ^^^^^^^^^^\n  File "F:\\py\\Lib\\site-packages\\redis\\asyncio\\connection.py", line 403, in connect_check_health\n    await self.on_connect_check_health(check_health=check_health)\n  File "F:\\py\\Lib\\site-packages\\redis\\asyncio\\connection.py", line 560, in on_connect_check_health\n    await self.read_response()\n  File "F:\\py\\Lib\\site-packages\\redis\\asyncio\\connection.py", line 747, in read_response\n    raise ConnectionError(f"Error while reading from {host_error} : {e.args}")\nredis.exceptions.ConnectionError: Error while reading from 192.168.100.128:6379 : (22, \'÷∏∂®µƒÕ¯¬Á√˚≤ª‘Ÿø…”√°£\', None, 64, None)\n\nThe above exception was the direct cause of the following exception:\n\nTraceback (most recent call last):\n  File "F:\\YilenaCode\\Werewolf\\ai_werewolf_core\\core\\event\\bus.py", line 710, in clear\n    redis = await self._get_redis()\n            ^^^^^^^^^^^^^^^^^^^^^^^\n  File "F:\\YilenaCode\\Werewolf\\ai_werewolf_core\\core\\event\\bus.py", line 114, in _get_redis\n    raise RedisUnavailableException(\n        "EventBus Œﬁ∑®ªÒ»° Redis øÕªß∂À"\n    ) from e\nai_werewolf_core.utils.redis_seq.RedisUnavailableException: EventBus Œﬁ∑®ªÒ»° Redis øÕªß∂À'}
_________________ TestInitialState.test_initial_phase_is_none _________________

trans = 0, key = 0, ov = <_overlapped.Overlapped object at 0x0000027C320BE4F0>

    @staticmethod
    def finish_socket_func(trans, key, ov):
        try:
>           return ov.getresult()
                   ^^^^^^^^^^^^^^
E           OSError: [WinError 64] ÷∏∂®µƒÕ¯¬Á√˚≤ª‘Ÿø…”√°£

F:\py\Lib\asyncio\windows_events.py:463: OSError

During handling of the above exception, another exception occurred:

self = <redis.asyncio.connection.Connection(host=192.168.100.128,port=6379,db=1)>
disable_decoding = False, timeout = None

    async def read_response(
        self,
        disable_decoding: bool = False,
        timeout: Optional[float] = None,
        *,
        disconnect_on_error: bool = True,
        push_request: Optional[bool] = False,
    ):
        """Read the response from a previously sent command"""
        read_timeout = timeout if timeout is not None else self.socket_timeout
        host_error = self._host_error()
        try:
            if read_timeout is not None and self.protocol in ["3", 3]:
                async with async_timeout(read_timeout):
                    response = await self._parser.read_response(
                        disable_decoding=disable_decoding, push_request=push_request
                    )
            elif read_timeout is not None:
                async with async_timeout(read_timeout):
>                   response = await self._parser.read_response(
                        disable_decoding=disable_decoding

F:\py\Lib\site-packages\redis\asyncio\connection.py:725: 
_ _ _ _ _ _ _ _ _ _ _ _ _ _ _ _ _ _ _ _ _ _ _ _ _ _ _ _ _ _ _ _ _ _ _ _ _ _ _ _
F:\py\Lib\site-packages\redis\_parsers\resp2.py:82: in read_response
    response = await self._read_response(disable_decoding=disable_decoding)
               ^^^^^^^^^^^^^^^^^^^^^^^^^^^^^^^^^^^^^^^^^^^^^^^^^^^^^^^^^^^^
F:\py\Lib\site-packages\redis\_parsers\resp2.py:90: in _read_response
    raw = await self._readline()
          ^^^^^^^^^^^^^^^^^^^^^^
F:\py\Lib\site-packages\redis\_parsers\base.py:559: in _readline
    data = await self._stream.readline()
           ^^^^^^^^^^^^^^^^^^^^^^^^^^^^^
F:\py\Lib\asyncio\streams.py:562: in readline
    line = await self.readuntil(sep)
           ^^^^^^^^^^^^^^^^^^^^^^^^^
F:\py\Lib\asyncio\streams.py:677: in readuntil
    await self._wait_for_data('readuntil')
F:\py\Lib\asyncio\streams.py:539: in _wait_for_data
    await self._waiter
F:\py\Lib\asyncio\proactor_events.py:286: in _loop_reading
    length = fut.result()
             ^^^^^^^^^^^^
F:\py\Lib\asyncio\windows_events.py:804: in _poll
    value = callback(transferred, key, ov)
            ^^^^^^^^^^^^^^^^^^^^^^^^^^^^^^
_ _ _ _ _ _ _ _ _ _ _ _ _ _ _ _ _ _ _ _ _ _ _ _ _ _ _ _ _ _ _ _ _ _ _ _ _ _ _ _

trans = 0, key = 0, ov = <_overlapped.Overlapped object at 0x0000027C320BE4F0>

    @staticmethod
    def finish_socket_func(trans, key, ov):
        try:
            return ov.getresult()
        except OSError as exc:
            if exc.winerror in (_overlapped.ERROR_NETNAME_DELETED,
                                _overlapped.ERROR_OPERATION_ABORTED):
>               raise ConnectionResetError(*exc.args)
E               ConnectionResetError: [WinError 64] ÷∏∂®µƒÕ¯¬Á√˚≤ª‘Ÿø…”√°£

F:\py\Lib\asyncio\windows_events.py:467: ConnectionResetError

During handling of the above exception, another exception occurred:

self = <ai_werewolf_core.core.engine.state_machine.PhaseStateMachine object at 0x0000027C31E92AC0>

    async def _get_redis(self) -> aioredis.Redis:
        """ªÒ»° Redis “Ï≤ΩøÕªß∂À£®¿¡≥ı ºªØ£¨π≤œÌ¡¨Ω”≥ÿ£©°£"""
        if self._redis is None:
            try:
>               self._redis = await RedisClientManager.get_client()
                              ^^^^^^^^^^^^^^^^^^^^^^^^^^^^^^^^^^^^^

ai_werewolf_core\core\engine\state_machine.py:156: 
_ _ _ _ _ _ _ _ _ _ _ _ _ _ _ _ _ _ _ _ _ _ _ _ _ _ _ _ _ _ _ _ _ _ _ _ _ _ _ _
ai_werewolf_core\utils\redis_client.py:128: in get_client
    await cls._client.ping()
F:\py\Lib\site-packages\redis\asyncio\client.py:764: in execute_command
    conn = self.connection or await pool.get_connection()
                              ^^^^^^^^^^^^^^^^^^^^^^^^^^^
F:\py\Lib\site-packages\redis\utils.py:227: in async_wrapper
    return await func(*args, **kwargs)
           ^^^^^^^^^^^^^^^^^^^^^^^^^^^
F:\py\Lib\site-packages\redis\asyncio\connection.py:1351: in get_connection
    await self.ensure_connection(connection)
F:\py\Lib\site-packages\redis\asyncio\connection.py:1390: in ensure_connection
    await connection.connect()
F:\py\Lib\site-packages\redis\asyncio\connection.py:339: in connect
    await self.retry.call_with_retry(
F:\py\Lib\site-packages\redis\asyncio\retry.py:81: in call_with_retry
    raise error
F:\py\Lib\site-packages\redis\asyncio\retry.py:69: in call_with_retry
    return await do()
           ^^^^^^^^^^
F:\py\Lib\site-packages\redis\asyncio\connection.py:403: in connect_check_health
    await self.on_connect_check_health(check_health=check_health)
F:\py\Lib\site-packages\redis\asyncio\connection.py:560: in on_connect_check_health
    await self.read_response()
_ _ _ _ _ _ _ _ _ _ _ _ _ _ _ _ _ _ _ _ _ _ _ _ _ _ _ _ _ _ _ _ _ _ _ _ _ _ _ _

self = <redis.asyncio.connection.Connection(host=192.168.100.128,port=6379,db=1)>
disable_decoding = False, timeout = None

    async def read_response(
        self,
        disable_decoding: bool = False,
        timeout: Optional[float] = None,
        *,
        disconnect_on_error: bool = True,
        push_request: Optional[bool] = False,
    ):
        """Read the response from a previously sent command"""
        read_timeout = timeout if timeout is not None else self.socket_timeout
        host_error = self._host_error()
        try:
            if read_timeout is not None and self.protocol in ["3", 3]:
                async with async_timeout(read_timeout):
                    response = await self._parser.read_response(
                        disable_decoding=disable_decoding, push_request=push_request
                    )
            elif read_timeout is not None:
                async with async_timeout(read_timeout):
                    response = await self._parser.read_response(
                        disable_decoding=disable_decoding
                    )
            elif self.protocol in ["3", 3]:
                response = await self._parser.read_response(
                    disable_decoding=disable_decoding, push_request=push_request
                )
            else:
                response = await self._parser.read_response(
                    disable_decoding=disable_decoding
                )
        except asyncio.TimeoutError:
            if timeout is not None:
                # user requested timeout, return None. Operation can be retried
                return None
            # it was a self.socket_timeout error.
            if disconnect_on_error:
                await self.disconnect(nowait=True)
            raise TimeoutError(f"Timeout reading from {host_error}")
        except OSError as e:
            if disconnect_on_error:
                await self.disconnect(nowait=True)
>           raise ConnectionError(f"Error while reading from {host_error} : {e.args}")
E           redis.exceptions.ConnectionError: Error while reading from 192.168.100.128:6379 : (22, '÷∏∂®µƒÕ¯¬Á√˚≤ª‘Ÿø…”√°£', None, 64, None)

F:\py\Lib\site-packages\redis\asyncio\connection.py:747: ConnectionError

The above exception was the direct cause of the following exception:

self = <test_state_machine.TestInitialState object at 0x0000027C303D3C50>
state_machine = <ai_werewolf_core.core.engine.state_machine.PhaseStateMachine object at 0x0000027C31E92AC0>

    @pytest.mark.asyncio
    async def test_initial_phase_is_none(self, state_machine):
        """–¬¥¥Ω®µƒ PhaseStateMachine µ±«∞Ω◊∂Œ”¶Œ™ None°£"""
>       assert await state_machine.get_current_phase() is None
               ^^^^^^^^^^^^^^^^^^^^^^^^^^^^^^^^^^^^^^^

tests\unit\core\engine\test_state_machine.py:57: 
_ _ _ _ _ _ _ _ _ _ _ _ _ _ _ _ _ _ _ _ _ _ _ _ _ _ _ _ _ _ _ _ _ _ _ _ _ _ _ _
ai_werewolf_core\core\engine\state_machine.py:324: in get_current_phase
    ctx = await self._load_context()
          ^^^^^^^^^^^^^^^^^^^^^^^^^^
ai_werewolf_core\core\engine\state_machine.py:181: in _load_context
    redis = await self._get_redis()
            ^^^^^^^^^^^^^^^^^^^^^^^
_ _ _ _ _ _ _ _ _ _ _ _ _ _ _ _ _ _ _ _ _ _ _ _ _ _ _ _ _ _ _ _ _ _ _ _ _ _ _ _

self = <ai_werewolf_core.core.engine.state_machine.PhaseStateMachine object at 0x0000027C31E92AC0>

    async def _get_redis(self) -> aioredis.Redis:
        """ªÒ»° Redis “Ï≤ΩøÕªß∂À£®¿¡≥ı ºªØ£¨π≤œÌ¡¨Ω”≥ÿ£©°£"""
        if self._redis is None:
            try:
                self._redis = await RedisClientManager.get_client()
                self._logger.debug("PhaseStateMachine “—ªÒ»°π≤œÌ Redis øÕªß∂À")
            except (aioredis.ConnectionError, aioredis.TimeoutError) as e:
>               raise RedisUnavailableException(
                    f"PhaseStateMachine Œﬁ∑®ªÒ»° Redis øÕªß∂À: game_id={self.game_id}"
                ) from e
E               ai_werewolf_core.utils.redis_seq.RedisUnavailableException: PhaseStateMachine Œﬁ∑®ªÒ»° Redis øÕªß∂À: game_id=test_game_a07b51971b9f4516b8f1785f390a38ae

ai_werewolf_core\core\engine\state_machine.py:159: RedisUnavailableException
---------------------------- Captured stderr setup ----------------------------
[2m2026-05-14T21:36:12.547845+08:00[0m [[32m[1mdebug    [0m] [1mglobal_subscribe              [0m [[0m[1m[34mai_werewolf_core.core.event.bus[0m][0m [36mhandler[0m=[35m_default_log_subscriber[0m
[2m2026-05-14T21:36:12.548016+08:00[0m [[32m[1mdebug    [0m] [1mglobal_subscribe              [0m [[0m[1m[34mai_werewolf_core.core.event.bus[0m][0m [36mhandler[0m=[35m_persist_to_db[0m
----------------------------- Captured log setup ------------------------------
DEBUG    ai_werewolf_core.core.event.bus:bus.py:519 {'handler': '_default_log_subscriber', 'event': 'global_subscribe', 'level': 'debug', 'logger': 'ai_werewolf_core.core.event.bus', 'timestamp': '2026-05-14T21:36:12.547845+08:00'}
DEBUG    ai_werewolf_core.core.event.bus:bus.py:519 {'handler': '_persist_to_db', 'event': 'global_subscribe', 'level': 'debug', 'logger': 'ai_werewolf_core.core.event.bus', 'timestamp': '2026-05-14T21:36:12.548016+08:00'}
---------------------------- Captured stderr call -----------------------------
[2m2026-05-14T21:36:12.548676+08:00[0m [[32m[1mdebug    [0m] [1mRedis ¡¨Ω”≥ÿ“—¥¥Ω®                  [0m [[0m[1m[34mai_werewolf_core.utils.redis_client[0m][0m [36mmax_connections[0m=[35m300[0m [36msocket_timeout[0m=[35m10[0m
[2m2026-05-14T21:36:17.552334+08:00[0m [[31m[1merror    [0m] [1mRedis ¡¨Ω”—È÷§ ß∞‹ (PING)           [0m [[0m[1m[34mai_werewolf_core.utils.redis_client[0m][0m [36merror[0m=[35m"Error while reading from 192.168.100.128:6379 : (22, '÷∏∂®µƒÕ¯¬Á√˚≤ª‘Ÿø…”√°£', None, 64, None)"[0m [36mhost[0m=[35m192.168.100.128[0m [36mport[0m=[35m6379[0m
Traceback (most recent call last):
  File "F:\py\Lib\asyncio\windows_events.py", line 463, in finish_socket_func
    return ov.getresult()
           ~~~~~~~~~~~~^^
OSError: [WinError 64] ÷∏∂®µƒÕ¯¬Á√˚≤ª‘Ÿø…”√°£

During handling of the above exception, another exception occurred:

Traceback (most recent call last):
  File "F:\py\Lib\site-packages\redis\asyncio\connection.py", line 725, in read_response
    response = await self._parser.read_response(
               ^^^^^^^^^^^^^^^^^^^^^^^^^^^^^^^^^
        disable_decoding=disable_decoding
        ^^^^^^^^^^^^^^^^^^^^^^^^^^^^^^^^^
    )
    ^
  File "F:\py\Lib\site-packages\redis\_parsers\resp2.py", line 82, in read_response
    response = await self._read_response(disable_decoding=disable_decoding)
               ^^^^^^^^^^^^^^^^^^^^^^^^^^^^^^^^^^^^^^^^^^^^^^^^^^^^^^^^^^^^
  File "F:\py\Lib\site-packages\redis\_parsers\resp2.py", line 90, in _read_response
    raw = await self._readline()
          ^^^^^^^^^^^^^^^^^^^^^^
  File "F:\py\Lib\site-packages\redis\_parsers\base.py", line 559, in _readline
    data = await self._stream.readline()
           ^^^^^^^^^^^^^^^^^^^^^^^^^^^^^
  File "F:\py\Lib\asyncio\streams.py", line 562, in readline
    line = await self.readuntil(sep)
           ^^^^^^^^^^^^^^^^^^^^^^^^^
  File "F:\py\Lib\asyncio\streams.py", line 677, in readuntil
    await self._wait_for_data('readuntil')
  File "F:\py\Lib\asyncio\streams.py", line 539, in _wait_for_data
    await self._waiter
  File "F:\py\Lib\asyncio\proactor_events.py", line 286, in _loop_reading
    length = fut.result()
  File "F:\py\Lib\asyncio\windows_events.py", line 804, in _poll
    value = callback(transferred, key, ov)
  File "F:\py\Lib\asyncio\windows_events.py", line 467, in finish_socket_func
    raise ConnectionResetError(*exc.args)
ConnectionResetError: [WinError 64] ÷∏∂®µƒÕ¯¬Á√˚≤ª‘Ÿø…”√°£

During handling of the above exception, another exception occurred:

Traceback (most recent call last):
  File "F:\YilenaCode\Werewolf\ai_werewolf_core\utils\redis_client.py", line 128, in get_client
    await cls._client.ping()
  File "F:\py\Lib\site-packages\redis\asyncio\client.py", line 764, in execute_command
    conn = self.connection or await pool.get_connection()
                              ^^^^^^^^^^^^^^^^^^^^^^^^^^^
  File "F:\py\Lib\site-packages\redis\utils.py", line 227, in async_wrapper
    return await func(*args, **kwargs)
           ^^^^^^^^^^^^^^^^^^^^^^^^^^^
  File "F:\py\Lib\site-packages\redis\asyncio\connection.py", line 1351, in get_connection
    await self.ensure_connection(connection)
  File "F:\py\Lib\site-packages\redis\asyncio\connection.py", line 1390, in ensure_connection
    await connection.connect()
  File "F:\py\Lib\site-packages\redis\asyncio\connection.py", line 339, in connect
    await self.retry.call_with_retry(
    ...<7 lines>...
    )
  File "F:\py\Lib\site-packages\redis\asyncio\retry.py", line 81, in call_with_retry
    raise error
  File "F:\py\Lib\site-packages\redis\asyncio\retry.py", line 69, in call_with_retry
    return await do()
           ^^^^^^^^^^
  File "F:\py\Lib\site-packages\redis\asyncio\connection.py", line 403, in connect_check_health
    await self.on_connect_check_health(check_health=check_health)
  File "F:\py\Lib\site-packages\redis\asyncio\connection.py", line 560, in on_connect_check_health
    await self.read_response()
  File "F:\py\Lib\site-packages\redis\asyncio\connection.py", line 747, in read_response
    raise ConnectionError(f"Error while reading from {host_error} : {e.args}")
redis.exceptions.ConnectionError: Error while reading from 192.168.100.128:6379 : (22, '÷∏∂®µƒÕ¯¬Á√˚≤ª‘Ÿø…”√°£', None, 64, None)
------------------------------ Captured log call ------------------------------
DEBUG    ai_werewolf_core.utils.redis_client:redis_client.py:243 {'max_connections': 300, 'socket_timeout': 10, 'event': 'Redis ¡¨Ω”≥ÿ“—¥¥Ω®', 'level': 'debug', 'logger': 'ai_werewolf_core.utils.redis_client', 'timestamp': '2026-05-14T21:36:12.548676+08:00'}
ERROR    ai_werewolf_core.utils.redis_client:redis_client.py:130 {'host': '192.168.100.128', 'port': 6379, 'error': "Error while reading from 192.168.100.128:6379 : (22, '÷∏∂®µƒÕ¯¬Á√˚≤ª‘Ÿø…”√°£', None, 64, None)", 'event': 'Redis ¡¨Ω”—È÷§ ß∞‹ (PING)', 'level': 'error', 'logger': 'ai_werewolf_core.utils.redis_client', 'timestamp': '2026-05-14T21:36:17.552334+08:00', 'exception': 'Traceback (most recent call last):\n  File "F:\\py\\Lib\\asyncio\\windows_events.py", line 463, in finish_socket_func\n    return ov.getresult()\n           ~~~~~~~~~~~~^^\nOSError: [WinError 64] ÷∏∂®µƒÕ¯¬Á√˚≤ª‘Ÿø…”√°£\n\nDuring handling of the above exception, another exception occurred:\n\nTraceback (most recent call last):\n  File "F:\\py\\Lib\\site-packages\\redis\\asyncio\\connection.py", line 725, in read_response\n    response = await self._parser.read_response(\n               ^^^^^^^^^^^^^^^^^^^^^^^^^^^^^^^^^\n        disable_decoding=disable_decoding\n        ^^^^^^^^^^^^^^^^^^^^^^^^^^^^^^^^^\n    )\n    ^\n  File "F:\\py\\Lib\\site-packages\\redis\\_parsers\\resp2.py", line 82, in read_response\n    response = await self._read_response(disable_decoding=disable_decoding)\n               ^^^^^^^^^^^^^^^^^^^^^^^^^^^^^^^^^^^^^^^^^^^^^^^^^^^^^^^^^^^^\n  File "F:\\py\\Lib\\site-packages\\redis\\_parsers\\resp2.py", line 90, in _read_response\n    raw = await self._readline()\n          ^^^^^^^^^^^^^^^^^^^^^^\n  File "F:\\py\\Lib\\site-packages\\redis\\_parsers\\base.py", line 559, in _readline\n    data = await self._stream.readline()\n           ^^^^^^^^^^^^^^^^^^^^^^^^^^^^^\n  File "F:\\py\\Lib\\asyncio\\streams.py", line 562, in readline\n    line = await self.readuntil(sep)\n           ^^^^^^^^^^^^^^^^^^^^^^^^^\n  File "F:\\py\\Lib\\asyncio\\streams.py", line 677, in readuntil\n    await self._wait_for_data(\'readuntil\')\n  File "F:\\py\\Lib\\asyncio\\streams.py", line 539, in _wait_for_data\n    await self._waiter\n  File "F:\\py\\Lib\\asyncio\\proactor_events.py", line 286, in _loop_reading\n    length = fut.result()\n  File "F:\\py\\Lib\\asyncio\\windows_events.py", line 804, in _poll\n    value = callback(transferred, key, ov)\n  File "F:\\py\\Lib\\asyncio\\windows_events.py", line 467, in finish_socket_func\n    raise ConnectionResetError(*exc.args)\nConnectionResetError: [WinError 64] ÷∏∂®µƒÕ¯¬Á√˚≤ª‘Ÿø…”√°£\n\nDuring handling of the above exception, another exception occurred:\n\nTraceback (most recent call last):\n  File "F:\\YilenaCode\\Werewolf\\ai_werewolf_core\\utils\\redis_client.py", line 128, in get_client\n    await cls._client.ping()\n  File "F:\\py\\Lib\\site-packages\\redis\\asyncio\\client.py", line 764, in execute_command\n    conn = self.connection or await pool.get_connection()\n                              ^^^^^^^^^^^^^^^^^^^^^^^^^^^\n  File "F:\\py\\Lib\\site-packages\\redis\\utils.py", line 227, in async_wrapper\n    return await func(*args, **kwargs)\n           ^^^^^^^^^^^^^^^^^^^^^^^^^^^\n  File "F:\\py\\Lib\\site-packages\\redis\\asyncio\\connection.py", line 1351, in get_connection\n    await self.ensure_connection(connection)\n  File "F:\\py\\Lib\\site-packages\\redis\\asyncio\\connection.py", line 1390, in ensure_connection\n    await connection.connect()\n  File "F:\\py\\Lib\\site-packages\\redis\\asyncio\\connection.py", line 339, in connect\n    await self.retry.call_with_retry(\n    ...<7 lines>...\n    )\n  File "F:\\py\\Lib\\site-packages\\redis\\asyncio\\retry.py", line 81, in call_with_retry\n    raise error\n  File "F:\\py\\Lib\\site-packages\\redis\\asyncio\\retry.py", line 69, in call_with_retry\n    return await do()\n           ^^^^^^^^^^\n  File "F:\\py\\Lib\\site-packages\\redis\\asyncio\\connection.py", line 403, in connect_check_health\n    await self.on_connect_check_health(check_health=check_health)\n  File "F:\\py\\Lib\\site-packages\\redis\\asyncio\\connection.py", line 560, in on_connect_check_health\n    await self.read_response()\n  File "F:\\py\\Lib\\site-packages\\redis\\asyncio\\connection.py", line 747, in read_response\n    raise ConnectionError(f"Error while reading from {host_error} : {e.args}")\nredis.exceptions.ConnectionError: Error while reading from 192.168.100.128:6379 : (22, \'÷∏∂®µƒÕ¯¬Á√˚≤ª‘Ÿø…”√°£\', None, 64, None)'}
_________________ TestInitialState.test_initial_round_is_zero _________________

trans = 0, key = 0, ov = <_overlapped.Overlapped object at 0x0000027C320BE7F0>

    @staticmethod
    def finish_socket_func(trans, key, ov):
        try:
>           return ov.getresult()
                   ^^^^^^^^^^^^^^
E           OSError: [WinError 64] ÷∏∂®µƒÕ¯¬Á√˚≤ª‘Ÿø…”√°£

F:\py\Lib\asyncio\windows_events.py:463: OSError

During handling of the above exception, another exception occurred:

self = <redis.asyncio.connection.Connection(host=192.168.100.128,port=6379,db=1)>
disable_decoding = False, timeout = None

    async def read_response(
        self,
        disable_decoding: bool = False,
        timeout: Optional[float] = None,
        *,
        disconnect_on_error: bool = True,
        push_request: Optional[bool] = False,
    ):
        """Read the response from a previously sent command"""
        read_timeout = timeout if timeout is not None else self.socket_timeout
        host_error = self._host_error()
        try:
            if read_timeout is not None and self.protocol in ["3", 3]:
                async with async_timeout(read_timeout):
                    response = await self._parser.read_response(
                        disable_decoding=disable_decoding, push_request=push_request
                    )
            elif read_timeout is not None:
                async with async_timeout(read_timeout):
>                   response = await self._parser.read_response(
                        disable_decoding=disable_decoding

F:\py\Lib\site-packages\redis\asyncio\connection.py:725: 
_ _ _ _ _ _ _ _ _ _ _ _ _ _ _ _ _ _ _ _ _ _ _ _ _ _ _ _ _ _ _ _ _ _ _ _ _ _ _ _
F:\py\Lib\site-packages\redis\_parsers\resp2.py:82: in read_response
    response = await self._read_response(disable_decoding=disable_decoding)
               ^^^^^^^^^^^^^^^^^^^^^^^^^^^^^^^^^^^^^^^^^^^^^^^^^^^^^^^^^^^^
F:\py\Lib\site-packages\redis\_parsers\resp2.py:90: in _read_response
    raw = await self._readline()
          ^^^^^^^^^^^^^^^^^^^^^^
F:\py\Lib\site-packages\redis\_parsers\base.py:559: in _readline
    data = await self._stream.readline()
           ^^^^^^^^^^^^^^^^^^^^^^^^^^^^^
F:\py\Lib\asyncio\streams.py:562: in readline
    line = await self.readuntil(sep)
           ^^^^^^^^^^^^^^^^^^^^^^^^^
F:\py\Lib\asyncio\streams.py:677: in readuntil
    await self._wait_for_data('readuntil')
F:\py\Lib\asyncio\streams.py:539: in _wait_for_data
    await self._waiter
F:\py\Lib\asyncio\proactor_events.py:286: in _loop_reading
    length = fut.result()
             ^^^^^^^^^^^^
F:\py\Lib\asyncio\windows_events.py:804: in _poll
    value = callback(transferred, key, ov)
            ^^^^^^^^^^^^^^^^^^^^^^^^^^^^^^
_ _ _ _ _ _ _ _ _ _ _ _ _ _ _ _ _ _ _ _ _ _ _ _ _ _ _ _ _ _ _ _ _ _ _ _ _ _ _ _

trans = 0, key = 0, ov = <_overlapped.Overlapped object at 0x0000027C320BE7F0>

    @staticmethod
    def finish_socket_func(trans, key, ov):
        try:
            return ov.getresult()
        except OSError as exc:
            if exc.winerror in (_overlapped.ERROR_NETNAME_DELETED,
                                _overlapped.ERROR_OPERATION_ABORTED):
>               raise ConnectionResetError(*exc.args)
E               ConnectionResetError: [WinError 64] ÷∏∂®µƒÕ¯¬Á√˚≤ª‘Ÿø…”√°£

F:\py\Lib\asyncio\windows_events.py:467: ConnectionResetError

During handling of the above exception, another exception occurred:

self = <ai_werewolf_core.core.engine.state_machine.PhaseStateMachine object at 0x0000027C31D18670>

    async def _get_redis(self) -> aioredis.Redis:
        """ªÒ»° Redis “Ï≤ΩøÕªß∂À£®¿¡≥ı ºªØ£¨π≤œÌ¡¨Ω”≥ÿ£©°£"""
        if self._redis is None:
            try:
>               self._redis = await RedisClientManager.get_client()
                              ^^^^^^^^^^^^^^^^^^^^^^^^^^^^^^^^^^^^^

ai_werewolf_core\core\engine\state_machine.py:156: 
_ _ _ _ _ _ _ _ _ _ _ _ _ _ _ _ _ _ _ _ _ _ _ _ _ _ _ _ _ _ _ _ _ _ _ _ _ _ _ _
ai_werewolf_core\utils\redis_client.py:128: in get_client
    await cls._client.ping()
F:\py\Lib\site-packages\redis\asyncio\client.py:764: in execute_command
    conn = self.connection or await pool.get_connection()
                              ^^^^^^^^^^^^^^^^^^^^^^^^^^^
F:\py\Lib\site-packages\redis\utils.py:227: in async_wrapper
    return await func(*args, **kwargs)
           ^^^^^^^^^^^^^^^^^^^^^^^^^^^
F:\py\Lib\site-packages\redis\asyncio\connection.py:1351: in get_connection
    await self.ensure_connection(connection)
F:\py\Lib\site-packages\redis\asyncio\connection.py:1390: in ensure_connection
    await connection.connect()
F:\py\Lib\site-packages\redis\asyncio\connection.py:339: in connect
    await self.retry.call_with_retry(
F:\py\Lib\site-packages\redis\asyncio\retry.py:81: in call_with_retry
    raise error
F:\py\Lib\site-packages\redis\asyncio\retry.py:69: in call_with_retry
    return await do()
           ^^^^^^^^^^
F:\py\Lib\site-packages\redis\asyncio\connection.py:403: in connect_check_health
    await self.on_connect_check_health(check_health=check_health)
F:\py\Lib\site-packages\redis\asyncio\connection.py:560: in on_connect_check_health
    await self.read_response()
_ _ _ _ _ _ _ _ _ _ _ _ _ _ _ _ _ _ _ _ _ _ _ _ _ _ _ _ _ _ _ _ _ _ _ _ _ _ _ _

self = <redis.asyncio.connection.Connection(host=192.168.100.128,port=6379,db=1)>
disable_decoding = False, timeout = None

    async def read_response(
        self,
        disable_decoding: bool = False,
        timeout: Optional[float] = None,
        *,
        disconnect_on_error: bool = True,
        push_request: Optional[bool] = False,
    ):
        """Read the response from a previously sent command"""
        read_timeout = timeout if timeout is not None else self.socket_timeout
        host_error = self._host_error()
        try:
            if read_timeout is not None and self.protocol in ["3", 3]:
                async with async_timeout(read_timeout):
                    response = await self._parser.read_response(
                        disable_decoding=disable_decoding, push_request=push_request
                    )
            elif read_timeout is not None:
                async with async_timeout(read_timeout):
                    response = await self._parser.read_response(
                        disable_decoding=disable_decoding
                    )
            elif self.protocol in ["3", 3]:
                response = await self._parser.read_response(
                    disable_decoding=disable_decoding, push_request=push_request
                )
            else:
                response = await self._parser.read_response(
                    disable_decoding=disable_decoding
                )
        except asyncio.TimeoutError:
            if timeout is not None:
                # user requested timeout, return None. Operation can be retried
                return None
            # it was a self.socket_timeout error.
            if disconnect_on_error:
                await self.disconnect(nowait=True)
            raise TimeoutError(f"Timeout reading from {host_error}")
        except OSError as e:
            if disconnect_on_error:
                await self.disconnect(nowait=True)
>           raise ConnectionError(f"Error while reading from {host_error} : {e.args}")
E           redis.exceptions.ConnectionError: Error while reading from 192.168.100.128:6379 : (22, '÷∏∂®µƒÕ¯¬Á√˚≤ª‘Ÿø…”√°£', None, 64, None)

F:\py\Lib\site-packages\redis\asyncio\connection.py:747: ConnectionError

The above exception was the direct cause of the following exception:

self = <test_state_machine.TestInitialState object at 0x0000027C303D3D90>
state_machine = <ai_werewolf_core.core.engine.state_machine.PhaseStateMachine object at 0x0000027C31D18670>

    @pytest.mark.asyncio
    async def test_initial_round_is_zero(self, state_machine):
        """–¬¥¥Ω®µƒ PhaseStateMachine ¬÷¥Œ”¶Œ™ 0°£"""
>       assert await state_machine.get_round() == 0
               ^^^^^^^^^^^^^^^^^^^^^^^^^^^^^^^

tests\unit\core\engine\test_state_machine.py:62: 
_ _ _ _ _ _ _ _ _ _ _ _ _ _ _ _ _ _ _ _ _ _ _ _ _ _ _ _ _ _ _ _ _ _ _ _ _ _ _ _
ai_werewolf_core\core\engine\state_machine.py:333: in get_round
    ctx = await self._load_context()
          ^^^^^^^^^^^^^^^^^^^^^^^^^^
ai_werewolf_core\core\engine\state_machine.py:181: in _load_context
    redis = await self._get_redis()
            ^^^^^^^^^^^^^^^^^^^^^^^
_ _ _ _ _ _ _ _ _ _ _ _ _ _ _ _ _ _ _ _ _ _ _ _ _ _ _ _ _ _ _ _ _ _ _ _ _ _ _ _

self = <ai_werewolf_core.core.engine.state_machine.PhaseStateMachine object at 0x0000027C31D18670>

    async def _get_redis(self) -> aioredis.Redis:
        """ªÒ»° Redis “Ï≤ΩøÕªß∂À£®¿¡≥ı ºªØ£¨π≤œÌ¡¨Ω”≥ÿ£©°£"""
        if self._redis is None:
            try:
                self._redis = await RedisClientManager.get_client()
                self._logger.debug("PhaseStateMachine “—ªÒ»°π≤œÌ Redis øÕªß∂À")
            except (aioredis.ConnectionError, aioredis.TimeoutError) as e:
>               raise RedisUnavailableException(
                    f"PhaseStateMachine Œﬁ∑®ªÒ»° Redis øÕªß∂À: game_id={self.game_id}"
                ) from e
E               ai_werewolf_core.utils.redis_seq.RedisUnavailableException: PhaseStateMachine Œﬁ∑®ªÒ»° Redis øÕªß∂À: game_id=test_game_4c2a2ebaae034039bcbc6f100f54f45b

ai_werewolf_core\core\engine\state_machine.py:159: RedisUnavailableException
---------------------------- Captured stderr setup ----------------------------
[2m2026-05-14T21:36:17.706914+08:00[0m [[32m[1mdebug    [0m] [1mglobal_subscribe              [0m [[0m[1m[34mai_werewolf_core.core.event.bus[0m][0m [36mhandler[0m=[35m_default_log_subscriber[0m
[2m2026-05-14T21:36:17.707187+08:00[0m [[32m[1mdebug    [0m] [1mglobal_subscribe              [0m [[0m[1m[34mai_werewolf_core.core.event.bus[0m][0m [36mhandler[0m=[35m_persist_to_db[0m
----------------------------- Captured log setup ------------------------------
DEBUG    ai_werewolf_core.core.event.bus:bus.py:519 {'handler': '_default_log_subscriber', 'event': 'global_subscribe', 'level': 'debug', 'logger': 'ai_werewolf_core.core.event.bus', 'timestamp': '2026-05-14T21:36:17.706914+08:00'}
DEBUG    ai_werewolf_core.core.event.bus:bus.py:519 {'handler': '_persist_to_db', 'event': 'global_subscribe', 'level': 'debug', 'logger': 'ai_werewolf_core.core.event.bus', 'timestamp': '2026-05-14T21:36:17.707187+08:00'}
---------------------------- Captured stderr call -----------------------------
[2m2026-05-14T21:36:17.708076+08:00[0m [[32m[1mdebug    [0m] [1mRedis ¡¨Ω”≥ÿ“—¥¥Ω®                  [0m [[0m[1m[34mai_werewolf_core.utils.redis_client[0m][0m [36mmax_connections[0m=[35m300[0m [36msocket_timeout[0m=[35m10[0m
[2m2026-05-14T21:36:22.712040+08:00[0m [[31m[1merror    [0m] [1mRedis ¡¨Ω”—È÷§ ß∞‹ (PING)           [0m [[0m[1m[34mai_werewolf_core.utils.redis_client[0m][0m [36merror[0m=[35m"Error while reading from 192.168.100.128:6379 : (22, '÷∏∂®µƒÕ¯¬Á√˚≤ª‘Ÿø…”√°£', None, 64, None)"[0m [36mhost[0m=[35m192.168.100.128[0m [36mport[0m=[35m6379[0m
Traceback (most recent call last):
  File "F:\py\Lib\asyncio\windows_events.py", line 463, in finish_socket_func
    return ov.getresult()
           ~~~~~~~~~~~~^^
OSError: [WinError 64] ÷∏∂®µƒÕ¯¬Á√˚≤ª‘Ÿø…”√°£

During handling of the above exception, another exception occurred:

Traceback (most recent call last):
  File "F:\py\Lib\site-packages\redis\asyncio\connection.py", line 725, in read_response
    response = await self._parser.read_response(
               ^^^^^^^^^^^^^^^^^^^^^^^^^^^^^^^^^
        disable_decoding=disable_decoding
        ^^^^^^^^^^^^^^^^^^^^^^^^^^^^^^^^^
    )
    ^
  File "F:\py\Lib\site-packages\redis\_parsers\resp2.py", line 82, in read_response
    response = await self._read_response(disable_decoding=disable_decoding)
               ^^^^^^^^^^^^^^^^^^^^^^^^^^^^^^^^^^^^^^^^^^^^^^^^^^^^^^^^^^^^
  File "F:\py\Lib\site-packages\redis\_parsers\resp2.py", line 90, in _read_response
    raw = await self._readline()
          ^^^^^^^^^^^^^^^^^^^^^^
  File "F:\py\Lib\site-packages\redis\_parsers\base.py", line 559, in _readline
    data = await self._stream.readline()
           ^^^^^^^^^^^^^^^^^^^^^^^^^^^^^
  File "F:\py\Lib\asyncio\streams.py", line 562, in readline
    line = await self.readuntil(sep)
           ^^^^^^^^^^^^^^^^^^^^^^^^^
  File "F:\py\Lib\asyncio\streams.py", line 677, in readuntil
    await self._wait_for_data('readuntil')
  File "F:\py\Lib\asyncio\streams.py", line 539, in _wait_for_data
    await self._waiter
  File "F:\py\Lib\asyncio\proactor_events.py", line 286, in _loop_reading
    length = fut.result()
  File "F:\py\Lib\asyncio\windows_events.py", line 804, in _poll
    value = callback(transferred, key, ov)
  File "F:\py\Lib\asyncio\windows_events.py", line 467, in finish_socket_func
    raise ConnectionResetError(*exc.args)
ConnectionResetError: [WinError 64] ÷∏∂®µƒÕ¯¬Á√˚≤ª‘Ÿø…”√°£

During handling of the above exception, another exception occurred:

Traceback (most recent call last):
  File "F:\YilenaCode\Werewolf\ai_werewolf_core\utils\redis_client.py", line 128, in get_client
    await cls._client.ping()
  File "F:\py\Lib\site-packages\redis\asyncio\client.py", line 764, in execute_command
    conn = self.connection or await pool.get_connection()
                              ^^^^^^^^^^^^^^^^^^^^^^^^^^^
  File "F:\py\Lib\site-packages\redis\utils.py", line 227, in async_wrapper
    return await func(*args, **kwargs)
           ^^^^^^^^^^^^^^^^^^^^^^^^^^^
  File "F:\py\Lib\site-packages\redis\asyncio\connection.py", line 1351, in get_connection
    await self.ensure_connection(connection)
  File "F:\py\Lib\site-packages\redis\asyncio\connection.py", line 1390, in ensure_connection
    await connection.connect()
  File "F:\py\Lib\site-packages\redis\asyncio\connection.py", line 339, in connect
    await self.retry.call_with_retry(
    ...<7 lines>...
    )
  File "F:\py\Lib\site-packages\redis\asyncio\retry.py", line 81, in call_with_retry
    raise error
  File "F:\py\Lib\site-packages\redis\asyncio\retry.py", line 69, in call_with_retry
    return await do()
           ^^^^^^^^^^
  File "F:\py\Lib\site-packages\redis\asyncio\connection.py", line 403, in connect_check_health
    await self.on_connect_check_health(check_health=check_health)
  File "F:\py\Lib\site-packages\redis\asyncio\connection.py", line 560, in on_connect_check_health
    await self.read_response()
  File "F:\py\Lib\site-packages\redis\asyncio\connection.py", line 747, in read_response
    raise ConnectionError(f"Error while reading from {host_error} : {e.args}")
redis.exceptions.ConnectionError: Error while reading from 192.168.100.128:6379 : (22, '÷∏∂®µƒÕ¯¬Á√˚≤ª‘Ÿø…”√°£', None, 64, None)
------------------------------ Captured log call ------------------------------
DEBUG    ai_werewolf_core.utils.redis_client:redis_client.py:243 {'max_connections': 300, 'socket_timeout': 10, 'event': 'Redis ¡¨Ω”≥ÿ“—¥¥Ω®', 'level': 'debug', 'logger': 'ai_werewolf_core.utils.redis_client', 'timestamp': '2026-05-14T21:36:17.708076+08:00'}
ERROR    ai_werewolf_core.utils.redis_client:redis_client.py:130 {'host': '192.168.100.128', 'port': 6379, 'error': "Error while reading from 192.168.100.128:6379 : (22, '÷∏∂®µƒÕ¯¬Á√˚≤ª‘Ÿø…”√°£', None, 64, None)", 'event': 'Redis ¡¨Ω”—È÷§ ß∞‹ (PING)', 'level': 'error', 'logger': 'ai_werewolf_core.utils.redis_client', 'timestamp': '2026-05-14T21:36:22.712040+08:00', 'exception': 'Traceback (most recent call last):\n  File "F:\\py\\Lib\\asyncio\\windows_events.py", line 463, in finish_socket_func\n    return ov.getresult()\n           ~~~~~~~~~~~~^^\nOSError: [WinError 64] ÷∏∂®µƒÕ¯¬Á√˚≤ª‘Ÿø…”√°£\n\nDuring handling of the above exception, another exception occurred:\n\nTraceback (most recent call last):\n  File "F:\\py\\Lib\\site-packages\\redis\\asyncio\\connection.py", line 725, in read_response\n    response = await self._parser.read_response(\n               ^^^^^^^^^^^^^^^^^^^^^^^^^^^^^^^^^\n        disable_decoding=disable_decoding\n        ^^^^^^^^^^^^^^^^^^^^^^^^^^^^^^^^^\n    )\n    ^\n  File "F:\\py\\Lib\\site-packages\\redis\\_parsers\\resp2.py", line 82, in read_response\n    response = await self._read_response(disable_decoding=disable_decoding)\n               ^^^^^^^^^^^^^^^^^^^^^^^^^^^^^^^^^^^^^^^^^^^^^^^^^^^^^^^^^^^^\n  File "F:\\py\\Lib\\site-packages\\redis\\_parsers\\resp2.py", line 90, in _read_response\n    raw = await self._readline()\n          ^^^^^^^^^^^^^^^^^^^^^^\n  File "F:\\py\\Lib\\site-packages\\redis\\_parsers\\base.py", line 559, in _readline\n    data = await self._stream.readline()\n           ^^^^^^^^^^^^^^^^^^^^^^^^^^^^^\n  File "F:\\py\\Lib\\asyncio\\streams.py", line 562, in readline\n    line = await self.readuntil(sep)\n           ^^^^^^^^^^^^^^^^^^^^^^^^^\n  File "F:\\py\\Lib\\asyncio\\streams.py", line 677, in readuntil\n    await self._wait_for_data(\'readuntil\')\n  File "F:\\py\\Lib\\asyncio\\streams.py", line 539, in _wait_for_data\n    await self._waiter\n  File "F:\\py\\Lib\\asyncio\\proactor_events.py", line 286, in _loop_reading\n    length = fut.result()\n  File "F:\\py\\Lib\\asyncio\\windows_events.py", line 804, in _poll\n    value = callback(transferred, key, ov)\n  File "F:\\py\\Lib\\asyncio\\windows_events.py", line 467, in finish_socket_func\n    raise ConnectionResetError(*exc.args)\nConnectionResetError: [WinError 64] ÷∏∂®µƒÕ¯¬Á√˚≤ª‘Ÿø…”√°£\n\nDuring handling of the above exception, another exception occurred:\n\nTraceback (most recent call last):\n  File "F:\\YilenaCode\\Werewolf\\ai_werewolf_core\\utils\\redis_client.py", line 128, in get_client\n    await cls._client.ping()\n  File "F:\\py\\Lib\\site-packages\\redis\\asyncio\\client.py", line 764, in execute_command\n    conn = self.connection or await pool.get_connection()\n                              ^^^^^^^^^^^^^^^^^^^^^^^^^^^\n  File "F:\\py\\Lib\\site-packages\\redis\\utils.py", line 227, in async_wrapper\n    return await func(*args, **kwargs)\n           ^^^^^^^^^^^^^^^^^^^^^^^^^^^\n  File "F:\\py\\Lib\\site-packages\\redis\\asyncio\\connection.py", line 1351, in get_connection\n    await self.ensure_connection(connection)\n  File "F:\\py\\Lib\\site-packages\\redis\\asyncio\\connection.py", line 1390, in ensure_connection\n    await connection.connect()\n  File "F:\\py\\Lib\\site-packages\\redis\\asyncio\\connection.py", line 339, in connect\n    await self.retry.call_with_retry(\n    ...<7 lines>...\n    )\n  File "F:\\py\\Lib\\site-packages\\redis\\asyncio\\retry.py", line 81, in call_with_retry\n    raise error\n  File "F:\\py\\Lib\\site-packages\\redis\\asyncio\\retry.py", line 69, in call_with_retry\n    return await do()\n           ^^^^^^^^^^\n  File "F:\\py\\Lib\\site-packages\\redis\\asyncio\\connection.py", line 403, in connect_check_health\n    await self.on_connect_check_health(check_health=check_health)\n  File "F:\\py\\Lib\\site-packages\\redis\\asyncio\\connection.py", line 560, in on_connect_check_health\n    await self.read_response()\n  File "F:\\py\\Lib\\site-packages\\redis\\asyncio\\connection.py", line 747, in read_response\n    raise ConnectionError(f"Error while reading from {host_error} : {e.args}")\nredis.exceptions.ConnectionError: Error while reading from 192.168.100.128:6379 : (22, \'÷∏∂®µƒÕ¯¬Á√˚≤ª‘Ÿø…”√°£\', None, 64, None)'}
___________________ TestValidTransitions.test_none_to_init ____________________

trans = 0, key = 0, ov = <_overlapped.Overlapped object at 0x0000027C320BF3F0>

    @staticmethod
    def finish_socket_func(trans, key, ov):
        try:
>           return ov.getresult()
                   ^^^^^^^^^^^^^^
E           OSError: [WinError 64] ÷∏∂®µƒÕ¯¬Á√˚≤ª‘Ÿø…”√°£

F:\py\Lib\asyncio\windows_events.py:463: OSError

During handling of the above exception, another exception occurred:

self = <redis.asyncio.connection.Connection(host=192.168.100.128,port=6379,db=1)>
disable_decoding = False, timeout = None

    async def read_response(
        self,
        disable_decoding: bool = False,
        timeout: Optional[float] = None,
        *,
        disconnect_on_error: bool = True,
        push_request: Optional[bool] = False,
    ):
        """Read the response from a previously sent command"""
        read_timeout = timeout if timeout is not None else self.socket_timeout
        host_error = self._host_error()
        try:
            if read_timeout is not None and self.protocol in ["3", 3]:
                async with async_timeout(read_timeout):
                    response = await self._parser.read_response(
                        disable_decoding=disable_decoding, push_request=push_request
                    )
            elif read_timeout is not None:
                async with async_timeout(read_timeout):
>                   response = await self._parser.read_response(
                        disable_decoding=disable_decoding

F:\py\Lib\site-packages\redis\asyncio\connection.py:725: 
_ _ _ _ _ _ _ _ _ _ _ _ _ _ _ _ _ _ _ _ _ _ _ _ _ _ _ _ _ _ _ _ _ _ _ _ _ _ _ _
F:\py\Lib\site-packages\redis\_parsers\resp2.py:82: in read_response
    response = await self._read_response(disable_decoding=disable_decoding)
               ^^^^^^^^^^^^^^^^^^^^^^^^^^^^^^^^^^^^^^^^^^^^^^^^^^^^^^^^^^^^
F:\py\Lib\site-packages\redis\_parsers\resp2.py:90: in _read_response
    raw = await self._readline()
          ^^^^^^^^^^^^^^^^^^^^^^
F:\py\Lib\site-packages\redis\_parsers\base.py:559: in _readline
    data = await self._stream.readline()
           ^^^^^^^^^^^^^^^^^^^^^^^^^^^^^
F:\py\Lib\asyncio\streams.py:562: in readline
    line = await self.readuntil(sep)
           ^^^^^^^^^^^^^^^^^^^^^^^^^
F:\py\Lib\asyncio\streams.py:677: in readuntil
    await self._wait_for_data('readuntil')
F:\py\Lib\asyncio\streams.py:539: in _wait_for_data
    await self._waiter
F:\py\Lib\asyncio\proactor_events.py:286: in _loop_reading
    length = fut.result()
             ^^^^^^^^^^^^
F:\py\Lib\asyncio\windows_events.py:804: in _poll
    value = callback(transferred, key, ov)
            ^^^^^^^^^^^^^^^^^^^^^^^^^^^^^^
_ _ _ _ _ _ _ _ _ _ _ _ _ _ _ _ _ _ _ _ _ _ _ _ _ _ _ _ _ _ _ _ _ _ _ _ _ _ _ _

trans = 0, key = 0, ov = <_overlapped.Overlapped object at 0x0000027C320BF3F0>

    @staticmethod
    def finish_socket_func(trans, key, ov):
        try:
            return ov.getresult()
        except OSError as exc:
            if exc.winerror in (_overlapped.ERROR_NETNAME_DELETED,
                                _overlapped.ERROR_OPERATION_ABORTED):
>               raise ConnectionResetError(*exc.args)
E               ConnectionResetError: [WinError 64] ÷∏∂®µƒÕ¯¬Á√˚≤ª‘Ÿø…”√°£

F:\py\Lib\asyncio\windows_events.py:467: ConnectionResetError

During handling of the above exception, another exception occurred:

self = <ai_werewolf_core.core.engine.state_machine.PhaseStateMachine object at 0x0000027C30436350>

    async def _get_redis(self) -> aioredis.Redis:
        """ªÒ»° Redis “Ï≤ΩøÕªß∂À£®¿¡≥ı ºªØ£¨π≤œÌ¡¨Ω”≥ÿ£©°£"""
        if self._redis is None:
            try:
>               self._redis = await RedisClientManager.get_client()
                              ^^^^^^^^^^^^^^^^^^^^^^^^^^^^^^^^^^^^^

ai_werewolf_core\core\engine\state_machine.py:156: 
_ _ _ _ _ _ _ _ _ _ _ _ _ _ _ _ _ _ _ _ _ _ _ _ _ _ _ _ _ _ _ _ _ _ _ _ _ _ _ _
ai_werewolf_core\utils\redis_client.py:128: in get_client
    await cls._client.ping()
F:\py\Lib\site-packages\redis\asyncio\client.py:764: in execute_command
    conn = self.connection or await pool.get_connection()
                              ^^^^^^^^^^^^^^^^^^^^^^^^^^^
F:\py\Lib\site-packages\redis\utils.py:227: in async_wrapper
    return await func(*args, **kwargs)
           ^^^^^^^^^^^^^^^^^^^^^^^^^^^
F:\py\Lib\site-packages\redis\asyncio\connection.py:1351: in get_connection
    await self.ensure_connection(connection)
F:\py\Lib\site-packages\redis\asyncio\connection.py:1390: in ensure_connection
    await connection.connect()
F:\py\Lib\site-packages\redis\asyncio\connection.py:339: in connect
    await self.retry.call_with_retry(
F:\py\Lib\site-packages\redis\asyncio\retry.py:81: in call_with_retry
    raise error
F:\py\Lib\site-packages\redis\asyncio\retry.py:69: in call_with_retry
    return await do()
           ^^^^^^^^^^
F:\py\Lib\site-packages\redis\asyncio\connection.py:403: in connect_check_health
    await self.on_connect_check_health(check_health=check_health)
F:\py\Lib\site-packages\redis\asyncio\connection.py:560: in on_connect_check_health
    await self.read_response()
_ _ _ _ _ _ _ _ _ _ _ _ _ _ _ _ _ _ _ _ _ _ _ _ _ _ _ _ _ _ _ _ _ _ _ _ _ _ _ _

self = <redis.asyncio.connection.Connection(host=192.168.100.128,port=6379,db=1)>
disable_decoding = False, timeout = None

    async def read_response(
        self,
        disable_decoding: bool = False,
        timeout: Optional[float] = None,
        *,
        disconnect_on_error: bool = True,
        push_request: Optional[bool] = False,
    ):
        """Read the response from a previously sent command"""
        read_timeout = timeout if timeout is not None else self.socket_timeout
        host_error = self._host_error()
        try:
            if read_timeout is not None and self.protocol in ["3", 3]:
                async with async_timeout(read_timeout):
                    response = await self._parser.read_response(
                        disable_decoding=disable_decoding, push_request=push_request
                    )
            elif read_timeout is not None:
                async with async_timeout(read_timeout):
                    response = await self._parser.read_response(
                        disable_decoding=disable_decoding
                    )
            elif self.protocol in ["3", 3]:
                response = await self._parser.read_response(
                    disable_decoding=disable_decoding, push_request=push_request
                )
            else:
                response = await self._parser.read_response(
                    disable_decoding=disable_decoding
                )
        except asyncio.TimeoutError:
            if timeout is not None:
                # user requested timeout, return None. Operation can be retried
                return None
            # it was a self.socket_timeout error.
            if disconnect_on_error:
                await self.disconnect(nowait=True)
            raise TimeoutError(f"Timeout reading from {host_error}")
        except OSError as e:
            if disconnect_on_error:
                await self.disconnect(nowait=True)
>           raise ConnectionError(f"Error while reading from {host_error} : {e.args}")
E           redis.exceptions.ConnectionError: Error while reading from 192.168.100.128:6379 : (22, '÷∏∂®µƒÕ¯¬Á√˚≤ª‘Ÿø…”√°£', None, 64, None)

F:\py\Lib\site-packages\redis\asyncio\connection.py:747: ConnectionError

The above exception was the direct cause of the following exception:

self = <test_state_machine.TestValidTransitions object at 0x0000027C303D3ED0>
state_machine = <ai_werewolf_core.core.engine.state_machine.PhaseStateMachine object at 0x0000027C30436350>

    @pytest.mark.asyncio
    async def test_none_to_init(self, state_machine):
        """¥” None «®“∆µΩ INIT  «∫œ∑®µƒ°£"""
>       await state_machine.transition_to(GamePhase.INIT)

tests\unit\core\engine\test_state_machine.py:79: 
_ _ _ _ _ _ _ _ _ _ _ _ _ _ _ _ _ _ _ _ _ _ _ _ _ _ _ _ _ _ _ _ _ _ _ _ _ _ _ _
ai_werewolf_core\core\engine\state_machine.py:374: in transition_to
    current_ctx = await self._load_context()
                  ^^^^^^^^^^^^^^^^^^^^^^^^^^
ai_werewolf_core\core\engine\state_machine.py:181: in _load_context
    redis = await self._get_redis()
            ^^^^^^^^^^^^^^^^^^^^^^^
_ _ _ _ _ _ _ _ _ _ _ _ _ _ _ _ _ _ _ _ _ _ _ _ _ _ _ _ _ _ _ _ _ _ _ _ _ _ _ _

self = <ai_werewolf_core.core.engine.state_machine.PhaseStateMachine object at 0x0000027C30436350>

    async def _get_redis(self) -> aioredis.Redis:
        """ªÒ»° Redis “Ï≤ΩøÕªß∂À£®¿¡≥ı ºªØ£¨π≤œÌ¡¨Ω”≥ÿ£©°£"""
        if self._redis is None:
            try:
                self._redis = await RedisClientManager.get_client()
                self._logger.debug("PhaseStateMachine “—ªÒ»°π≤œÌ Redis øÕªß∂À")
            except (aioredis.ConnectionError, aioredis.TimeoutError) as e:
>               raise RedisUnavailableException(
                    f"PhaseStateMachine Œﬁ∑®ªÒ»° Redis øÕªß∂À: game_id={self.game_id}"
                ) from e
E               ai_werewolf_core.utils.redis_seq.RedisUnavailableException: PhaseStateMachine Œﬁ∑®ªÒ»° Redis øÕªß∂À: game_id=test_game_58a99e0d0f494fba952d0725439c9815

ai_werewolf_core\core\engine\state_machine.py:159: RedisUnavailableException
---------------------------- Captured stderr setup ----------------------------
[2m2026-05-14T21:36:22.888785+08:00[0m [[32m[1mdebug    [0m] [1mglobal_subscribe              [0m [[0m[1m[34mai_werewolf_core.core.event.bus[0m][0m [36mhandler[0m=[35m_default_log_subscriber[0m
[2m2026-05-14T21:36:22.888912+08:00[0m [[32m[1mdebug    [0m] [1mglobal_subscribe              [0m [[0m[1m[34mai_werewolf_core.core.event.bus[0m][0m [36mhandler[0m=[35m_persist_to_db[0m
----------------------------- Captured log setup ------------------------------
DEBUG    ai_werewolf_core.core.event.bus:bus.py:519 {'handler': '_default_log_subscriber', 'event': 'global_subscribe', 'level': 'debug', 'logger': 'ai_werewolf_core.core.event.bus', 'timestamp': '2026-05-14T21:36:22.888785+08:00'}
DEBUG    ai_werewolf_core.core.event.bus:bus.py:519 {'handler': '_persist_to_db', 'event': 'global_subscribe', 'level': 'debug', 'logger': 'ai_werewolf_core.core.event.bus', 'timestamp': '2026-05-14T21:36:22.888912+08:00'}
---------------------------- Captured stderr call -----------------------------
[2m2026-05-14T21:36:22.889489+08:00[0m [[32m[1mdebug    [0m] [1mRedis ¡¨Ω”≥ÿ“—¥¥Ω®                  [0m [[0m[1m[34mai_werewolf_core.utils.redis_client[0m][0m [36mmax_connections[0m=[35m300[0m [36msocket_timeout[0m=[35m10[0m
[2m2026-05-14T21:36:27.892502+08:00[0m [[31m[1merror    [0m] [1mRedis ¡¨Ω”—È÷§ ß∞‹ (PING)           [0m [[0m[1m[34mai_werewolf_core.utils.redis_client[0m][0m [36merror[0m=[35m"Error while reading from 192.168.100.128:6379 : (22, '÷∏∂®µƒÕ¯¬Á√˚≤ª‘Ÿø…”√°£', None, 64, None)"[0m [36mhost[0m=[35m192.168.100.128[0m [36mport[0m=[35m6379[0m
Traceback (most recent call last):
  File "F:\py\Lib\asyncio\windows_events.py", line 463, in finish_socket_func
    return ov.getresult()
           ~~~~~~~~~~~~^^
OSError: [WinError 64] ÷∏∂®µƒÕ¯¬Á√˚≤ª‘Ÿø…”√°£

During handling of the above exception, another exception occurred:

Traceback (most recent call last):
  File "F:\py\Lib\site-packages\redis\asyncio\connection.py", line 725, in read_response
    response = await self._parser.read_response(
               ^^^^^^^^^^^^^^^^^^^^^^^^^^^^^^^^^
        disable_decoding=disable_decoding
        ^^^^^^^^^^^^^^^^^^^^^^^^^^^^^^^^^
    )
    ^
  File "F:\py\Lib\site-packages\redis\_parsers\resp2.py", line 82, in read_response
    response = await self._read_response(disable_decoding=disable_decoding)
               ^^^^^^^^^^^^^^^^^^^^^^^^^^^^^^^^^^^^^^^^^^^^^^^^^^^^^^^^^^^^
  File "F:\py\Lib\site-packages\redis\_parsers\resp2.py", line 90, in _read_response
    raw = await self._readline()
          ^^^^^^^^^^^^^^^^^^^^^^
  File "F:\py\Lib\site-packages\redis\_parsers\base.py", line 559, in _readline
    data = await self._stream.readline()
           ^^^^^^^^^^^^^^^^^^^^^^^^^^^^^
  File "F:\py\Lib\asyncio\streams.py", line 562, in readline
    line = await self.readuntil(sep)
           ^^^^^^^^^^^^^^^^^^^^^^^^^
  File "F:\py\Lib\asyncio\streams.py", line 677, in readuntil
    await self._wait_for_data('readuntil')
  File "F:\py\Lib\asyncio\streams.py", line 539, in _wait_for_data
    await self._waiter
  File "F:\py\Lib\asyncio\proactor_events.py", line 286, in _loop_reading
    length = fut.result()
  File "F:\py\Lib\asyncio\windows_events.py", line 804, in _poll
    value = callback(transferred, key, ov)
  File "F:\py\Lib\asyncio\windows_events.py", line 467, in finish_socket_func
    raise ConnectionResetError(*exc.args)
ConnectionResetError: [WinError 64] ÷∏∂®µƒÕ¯¬Á√˚≤ª‘Ÿø…”√°£

During handling of the above exception, another exception occurred:

Traceback (most recent call last):
  File "F:\YilenaCode\Werewolf\ai_werewolf_core\utils\redis_client.py", line 128, in get_client
    await cls._client.ping()
  File "F:\py\Lib\site-packages\redis\asyncio\client.py", line 764, in execute_command
    conn = self.connection or await pool.get_connection()
                              ^^^^^^^^^^^^^^^^^^^^^^^^^^^
  File "F:\py\Lib\site-packages\redis\utils.py", line 227, in async_wrapper
    return await func(*args, **kwargs)
           ^^^^^^^^^^^^^^^^^^^^^^^^^^^
  File "F:\py\Lib\site-packages\redis\asyncio\connection.py", line 1351, in get_connection
    await self.ensure_connection(connection)
  File "F:\py\Lib\site-packages\redis\asyncio\connection.py", line 1390, in ensure_connection
    await connection.connect()
  File "F:\py\Lib\site-packages\redis\asyncio\connection.py", line 339, in connect
    await self.retry.call_with_retry(
    ...<7 lines>...
    )
  File "F:\py\Lib\site-packages\redis\asyncio\retry.py", line 81, in call_with_retry
    raise error
  File "F:\py\Lib\site-packages\redis\asyncio\retry.py", line 69, in call_with_retry
    return await do()
           ^^^^^^^^^^
  File "F:\py\Lib\site-packages\redis\asyncio\connection.py", line 403, in connect_check_health
    await self.on_connect_check_health(check_health=check_health)
  File "F:\py\Lib\site-packages\redis\asyncio\connection.py", line 560, in on_connect_check_health
    await self.read_response()
  File "F:\py\Lib\site-packages\redis\asyncio\connection.py", line 747, in read_response
    raise ConnectionError(f"Error while reading from {host_error} : {e.args}")
redis.exceptions.ConnectionError: Error while reading from 192.168.100.128:6379 : (22, '÷∏∂®µƒÕ¯¬Á√˚≤ª‘Ÿø…”√°£', None, 64, None)
------------------------------ Captured log call ------------------------------
DEBUG    ai_werewolf_core.utils.redis_client:redis_client.py:243 {'max_connections': 300, 'socket_timeout': 10, 'event': 'Redis ¡¨Ω”≥ÿ“—¥¥Ω®', 'level': 'debug', 'logger': 'ai_werewolf_core.utils.redis_client', 'timestamp': '2026-05-14T21:36:22.889489+08:00'}
ERROR    ai_werewolf_core.utils.redis_client:redis_client.py:130 {'host': '192.168.100.128', 'port': 6379, 'error': "Error while reading from 192.168.100.128:6379 : (22, '÷∏∂®µƒÕ¯¬Á√˚≤ª‘Ÿø…”√°£', None, 64, None)", 'event': 'Redis ¡¨Ω”—È÷§ ß∞‹ (PING)', 'level': 'error', 'logger': 'ai_werewolf_core.utils.redis_client', 'timestamp': '2026-05-14T21:36:27.892502+08:00', 'exception': 'Traceback (most recent call last):\n  File "F:\\py\\Lib\\asyncio\\windows_events.py", line 463, in finish_socket_func\n    return ov.getresult()\n           ~~~~~~~~~~~~^^\nOSError: [WinError 64] ÷∏∂®µƒÕ¯¬Á√˚≤ª‘Ÿø…”√°£\n\nDuring handling of the above exception, another exception occurred:\n\nTraceback (most recent call last):\n  File "F:\\py\\Lib\\site-packages\\redis\\asyncio\\connection.py", line 725, in read_response\n    response = await self._parser.read_response(\n               ^^^^^^^^^^^^^^^^^^^^^^^^^^^^^^^^^\n        disable_decoding=disable_decoding\n        ^^^^^^^^^^^^^^^^^^^^^^^^^^^^^^^^^\n    )\n    ^\n  File "F:\\py\\Lib\\site-packages\\redis\\_parsers\\resp2.py", line 82, in read_response\n    response = await self._read_response(disable_decoding=disable_decoding)\n               ^^^^^^^^^^^^^^^^^^^^^^^^^^^^^^^^^^^^^^^^^^^^^^^^^^^^^^^^^^^^\n  File "F:\\py\\Lib\\site-packages\\redis\\_parsers\\resp2.py", line 90, in _read_response\n    raw = await self._readline()\n          ^^^^^^^^^^^^^^^^^^^^^^\n  File "F:\\py\\Lib\\site-packages\\redis\\_parsers\\base.py", line 559, in _readline\n    data = await self._stream.readline()\n           ^^^^^^^^^^^^^^^^^^^^^^^^^^^^^\n  File "F:\\py\\Lib\\asyncio\\streams.py", line 562, in readline\n    line = await self.readuntil(sep)\n           ^^^^^^^^^^^^^^^^^^^^^^^^^\n  File "F:\\py\\Lib\\asyncio\\streams.py", line 677, in readuntil\n    await self._wait_for_data(\'readuntil\')\n  File "F:\\py\\Lib\\asyncio\\streams.py", line 539, in _wait_for_data\n    await self._waiter\n  File "F:\\py\\Lib\\asyncio\\proactor_events.py", line 286, in _loop_reading\n    length = fut.result()\n  File "F:\\py\\Lib\\asyncio\\windows_events.py", line 804, in _poll\n    value = callback(transferred, key, ov)\n  File "F:\\py\\Lib\\asyncio\\windows_events.py", line 467, in finish_socket_func\n    raise ConnectionResetError(*exc.args)\nConnectionResetError: [WinError 64] ÷∏∂®µƒÕ¯¬Á√˚≤ª‘Ÿø…”√°£\n\nDuring handling of the above exception, another exception occurred:\n\nTraceback (most recent call last):\n  File "F:\\YilenaCode\\Werewolf\\ai_werewolf_core\\utils\\redis_client.py", line 128, in get_client\n    await cls._client.ping()\n  File "F:\\py\\Lib\\site-packages\\redis\\asyncio\\client.py", line 764, in execute_command\n    conn = self.connection or await pool.get_connection()\n                              ^^^^^^^^^^^^^^^^^^^^^^^^^^^\n  File "F:\\py\\Lib\\site-packages\\redis\\utils.py", line 227, in async_wrapper\n    return await func(*args, **kwargs)\n           ^^^^^^^^^^^^^^^^^^^^^^^^^^^\n  File "F:\\py\\Lib\\site-packages\\redis\\asyncio\\connection.py", line 1351, in get_connection\n    await self.ensure_connection(connection)\n  File "F:\\py\\Lib\\site-packages\\redis\\asyncio\\connection.py", line 1390, in ensure_connection\n    await connection.connect()\n  File "F:\\py\\Lib\\site-packages\\redis\\asyncio\\connection.py", line 339, in connect\n    await self.retry.call_with_retry(\n    ...<7 lines>...\n    )\n  File "F:\\py\\Lib\\site-packages\\redis\\asyncio\\retry.py", line 81, in call_with_retry\n    raise error\n  File "F:\\py\\Lib\\site-packages\\redis\\asyncio\\retry.py", line 69, in call_with_retry\n    return await do()\n           ^^^^^^^^^^\n  File "F:\\py\\Lib\\site-packages\\redis\\asyncio\\connection.py", line 403, in connect_check_health\n    await self.on_connect_check_health(check_health=check_health)\n  File "F:\\py\\Lib\\site-packages\\redis\\asyncio\\connection.py", line 560, in on_connect_check_health\n    await self.read_response()\n  File "F:\\py\\Lib\\site-packages\\redis\\asyncio\\connection.py", line 747, in read_response\n    raise ConnectionError(f"Error while reading from {host_error} : {e.args}")\nredis.exceptions.ConnectionError: Error while reading from 192.168.100.128:6379 : (22, \'÷∏∂®µƒÕ¯¬Á√˚≤ª‘Ÿø…”√°£\', None, 64, None)'}
_________________ TestValidTransitions.test_full_night_cycle __________________

trans = 0, key = 0, ov = <_overlapped.Overlapped object at 0x0000027C320BD230>

    @staticmethod
    def finish_socket_func(trans, key, ov):
        try:
>           return ov.getresult()
                   ^^^^^^^^^^^^^^
E           OSError: [WinError 64] ÷∏∂®µƒÕ¯¬Á√˚≤ª‘Ÿø…”√°£

F:\py\Lib\asyncio\windows_events.py:463: OSError

During handling of the above exception, another exception occurred:

self = <redis.asyncio.connection.Connection(host=192.168.100.128,port=6379,db=1)>
disable_decoding = False, timeout = None

    async def read_response(
        self,
        disable_decoding: bool = False,
        timeout: Optional[float] = None,
        *,
        disconnect_on_error: bool = True,
        push_request: Optional[bool] = False,
    ):
        """Read the response from a previously sent command"""
        read_timeout = timeout if timeout is not None else self.socket_timeout
        host_error = self._host_error()
        try:
            if read_timeout is not None and self.protocol in ["3", 3]:
                async with async_timeout(read_timeout):
                    response = await self._parser.read_response(
                        disable_decoding=disable_decoding, push_request=push_request
                    )
            elif read_timeout is not None:
                async with async_timeout(read_timeout):
>                   response = await self._parser.read_response(
                        disable_decoding=disable_decoding

F:\py\Lib\site-packages\redis\asyncio\connection.py:725: 
_ _ _ _ _ _ _ _ _ _ _ _ _ _ _ _ _ _ _ _ _ _ _ _ _ _ _ _ _ _ _ _ _ _ _ _ _ _ _ _
F:\py\Lib\site-packages\redis\_parsers\resp2.py:82: in read_response
    response = await self._read_response(disable_decoding=disable_decoding)
               ^^^^^^^^^^^^^^^^^^^^^^^^^^^^^^^^^^^^^^^^^^^^^^^^^^^^^^^^^^^^
F:\py\Lib\site-packages\redis\_parsers\resp2.py:90: in _read_response
    raw = await self._readline()
          ^^^^^^^^^^^^^^^^^^^^^^
F:\py\Lib\site-packages\redis\_parsers\base.py:559: in _readline
    data = await self._stream.readline()
           ^^^^^^^^^^^^^^^^^^^^^^^^^^^^^
F:\py\Lib\asyncio\streams.py:562: in readline
    line = await self.readuntil(sep)
           ^^^^^^^^^^^^^^^^^^^^^^^^^
F:\py\Lib\asyncio\streams.py:677: in readuntil
    await self._wait_for_data('readuntil')
F:\py\Lib\asyncio\streams.py:539: in _wait_for_data
    await self._waiter
F:\py\Lib\asyncio\proactor_events.py:286: in _loop_reading
    length = fut.result()
             ^^^^^^^^^^^^
F:\py\Lib\asyncio\windows_events.py:804: in _poll
    value = callback(transferred, key, ov)
            ^^^^^^^^^^^^^^^^^^^^^^^^^^^^^^
_ _ _ _ _ _ _ _ _ _ _ _ _ _ _ _ _ _ _ _ _ _ _ _ _ _ _ _ _ _ _ _ _ _ _ _ _ _ _ _

trans = 0, key = 0, ov = <_overlapped.Overlapped object at 0x0000027C320BD230>

    @staticmethod
    def finish_socket_func(trans, key, ov):
        try:
            return ov.getresult()
        except OSError as exc:
            if exc.winerror in (_overlapped.ERROR_NETNAME_DELETED,
                                _overlapped.ERROR_OPERATION_ABORTED):
>               raise ConnectionResetError(*exc.args)
E               ConnectionResetError: [WinError 64] ÷∏∂®µƒÕ¯¬Á√˚≤ª‘Ÿø…”√°£

F:\py\Lib\asyncio\windows_events.py:467: ConnectionResetError

During handling of the above exception, another exception occurred:

self = <ai_werewolf_core.core.engine.state_machine.PhaseStateMachine object at 0x0000027C31D1B0E0>

    async def _get_redis(self) -> aioredis.Redis:
        """ªÒ»° Redis “Ï≤ΩøÕªß∂À£®¿¡≥ı ºªØ£¨π≤œÌ¡¨Ω”≥ÿ£©°£"""
        if self._redis is None:
            try:
>               self._redis = await RedisClientManager.get_client()
                              ^^^^^^^^^^^^^^^^^^^^^^^^^^^^^^^^^^^^^

ai_werewolf_core\core\engine\state_machine.py:156: 
_ _ _ _ _ _ _ _ _ _ _ _ _ _ _ _ _ _ _ _ _ _ _ _ _ _ _ _ _ _ _ _ _ _ _ _ _ _ _ _
ai_werewolf_core\utils\redis_client.py:128: in get_client
    await cls._client.ping()
F:\py\Lib\site-packages\redis\asyncio\client.py:764: in execute_command
    conn = self.connection or await pool.get_connection()
                              ^^^^^^^^^^^^^^^^^^^^^^^^^^^
F:\py\Lib\site-packages\redis\utils.py:227: in async_wrapper
    return await func(*args, **kwargs)
           ^^^^^^^^^^^^^^^^^^^^^^^^^^^
F:\py\Lib\site-packages\redis\asyncio\connection.py:1351: in get_connection
    await self.ensure_connection(connection)
F:\py\Lib\site-packages\redis\asyncio\connection.py:1390: in ensure_connection
    await connection.connect()
F:\py\Lib\site-packages\redis\asyncio\connection.py:339: in connect
    await self.retry.call_with_retry(
F:\py\Lib\site-packages\redis\asyncio\retry.py:81: in call_with_retry
    raise error
F:\py\Lib\site-packages\redis\asyncio\retry.py:69: in call_with_retry
    return await do()
           ^^^^^^^^^^
F:\py\Lib\site-packages\redis\asyncio\connection.py:403: in connect_check_health
    await self.on_connect_check_health(check_health=check_health)
F:\py\Lib\site-packages\redis\asyncio\connection.py:560: in on_connect_check_health
    await self.read_response()
_ _ _ _ _ _ _ _ _ _ _ _ _ _ _ _ _ _ _ _ _ _ _ _ _ _ _ _ _ _ _ _ _ _ _ _ _ _ _ _

self = <redis.asyncio.connection.Connection(host=192.168.100.128,port=6379,db=1)>
disable_decoding = False, timeout = None

    async def read_response(
        self,
        disable_decoding: bool = False,
        timeout: Optional[float] = None,
        *,
        disconnect_on_error: bool = True,
        push_request: Optional[bool] = False,
    ):
        """Read the response from a previously sent command"""
        read_timeout = timeout if timeout is not None else self.socket_timeout
        host_error = self._host_error()
        try:
            if read_timeout is not None and self.protocol in ["3", 3]:
                async with async_timeout(read_timeout):
                    response = await self._parser.read_response(
                        disable_decoding=disable_decoding, push_request=push_request
                    )
            elif read_timeout is not None:
                async with async_timeout(read_timeout):
                    response = await self._parser.read_response(
                        disable_decoding=disable_decoding
                    )
            elif self.protocol in ["3", 3]:
                response = await self._parser.read_response(
                    disable_decoding=disable_decoding, push_request=push_request
                )
            else:
                response = await self._parser.read_response(
                    disable_decoding=disable_decoding
                )
        except asyncio.TimeoutError:
            if timeout is not None:
                # user requested timeout, return None. Operation can be retried
                return None
            # it was a self.socket_timeout error.
            if disconnect_on_error:
                await self.disconnect(nowait=True)
            raise TimeoutError(f"Timeout reading from {host_error}")
        except OSError as e:
            if disconnect_on_error:
                await self.disconnect(nowait=True)
>           raise ConnectionError(f"Error while reading from {host_error} : {e.args}")
E           redis.exceptions.ConnectionError: Error while reading from 192.168.100.128:6379 : (22, '÷∏∂®µƒÕ¯¬Á√˚≤ª‘Ÿø…”√°£', None, 64, None)

F:\py\Lib\site-packages\redis\asyncio\connection.py:747: ConnectionError

The above exception was the direct cause of the following exception:

self = <test_state_machine.TestValidTransitions object at 0x0000027C30480050>
state_machine = <ai_werewolf_core.core.engine.state_machine.PhaseStateMachine object at 0x0000027C31D1B0E0>

    @pytest.mark.asyncio
    async def test_full_night_cycle(self, state_machine):
        """
        ÕÍ’˚µƒ“πÕÌ¡˜≥Ã: INIT -> NIGHT_START -> NIGHT_WOLF_ACT -> NIGHT_WITCH_ACT -> NIGHT_SEER_ACT -> NIGHT_RESOLVE -> DAY_START°£
    
        **Why**: —È÷§“πÕÌΩ◊∂Œ¥”ø™ ºµΩΩ·À„µƒÕÍ’˚¡¥¬∑£¨»∑±£À˘”–«®“∆æ˘∫œ∑®°£
        """
>       await state_machine.transition_to(GamePhase.INIT)

tests\unit\core\engine\test_state_machine.py:91: 
_ _ _ _ _ _ _ _ _ _ _ _ _ _ _ _ _ _ _ _ _ _ _ _ _ _ _ _ _ _ _ _ _ _ _ _ _ _ _ _
ai_werewolf_core\core\engine\state_machine.py:374: in transition_to
    current_ctx = await self._load_context()
                  ^^^^^^^^^^^^^^^^^^^^^^^^^^
ai_werewolf_core\core\engine\state_machine.py:181: in _load_context
    redis = await self._get_redis()
            ^^^^^^^^^^^^^^^^^^^^^^^
_ _ _ _ _ _ _ _ _ _ _ _ _ _ _ _ _ _ _ _ _ _ _ _ _ _ _ _ _ _ _ _ _ _ _ _ _ _ _ _

self = <ai_werewolf_core.core.engine.state_machine.PhaseStateMachine object at 0x0000027C31D1B0E0>

    async def _get_redis(self) -> aioredis.Redis:
        """ªÒ»° Redis “Ï≤ΩøÕªß∂À£®¿¡≥ı ºªØ£¨π≤œÌ¡¨Ω”≥ÿ£©°£"""
        if self._redis is None:
            try:
                self._redis = await RedisClientManager.get_client()
                self._logger.debug("PhaseStateMachine “—ªÒ»°π≤œÌ Redis øÕªß∂À")
            except (aioredis.ConnectionError, aioredis.TimeoutError) as e:
>               raise RedisUnavailableException(
                    f"PhaseStateMachine Œﬁ∑®ªÒ»° Redis øÕªß∂À: game_id={self.game_id}"
                ) from e
E               ai_werewolf_core.utils.redis_seq.RedisUnavailableException: PhaseStateMachine Œﬁ∑®ªÒ»° Redis øÕªß∂À: game_id=test_game_b013333857644bb28c9aa86baf25be27

ai_werewolf_core\core\engine\state_machine.py:159: RedisUnavailableException
---------------------------- Captured stderr setup ----------------------------
[2m2026-05-14T21:36:28.029456+08:00[0m [[32m[1mdebug    [0m] [1mglobal_subscribe              [0m [[0m[1m[34mai_werewolf_core.core.event.bus[0m][0m [36mhandler[0m=[35m_default_log_subscriber[0m
[2m2026-05-14T21:36:28.029674+08:00[0m [[32m[1mdebug    [0m] [1mglobal_subscribe              [0m [[0m[1m[34mai_werewolf_core.core.event.bus[0m][0m [36mhandler[0m=[35m_persist_to_db[0m
----------------------------- Captured log setup ------------------------------
DEBUG    ai_werewolf_core.core.event.bus:bus.py:519 {'handler': '_default_log_subscriber', 'event': 'global_subscribe', 'level': 'debug', 'logger': 'ai_werewolf_core.core.event.bus', 'timestamp': '2026-05-14T21:36:28.029456+08:00'}
DEBUG    ai_werewolf_core.core.event.bus:bus.py:519 {'handler': '_persist_to_db', 'event': 'global_subscribe', 'level': 'debug', 'logger': 'ai_werewolf_core.core.event.bus', 'timestamp': '2026-05-14T21:36:28.029674+08:00'}
---------------------------- Captured stderr call -----------------------------
[2m2026-05-14T21:36:28.030329+08:00[0m [[32m[1mdebug    [0m] [1mRedis ¡¨Ω”≥ÿ“—¥¥Ω®                  [0m [[0m[1m[34mai_werewolf_core.utils.redis_client[0m][0m [36mmax_connections[0m=[35m300[0m [36msocket_timeout[0m=[35m10[0m
[2m2026-05-14T21:36:33.033327+08:00[0m [[31m[1merror    [0m] [1mRedis ¡¨Ω”—È÷§ ß∞‹ (PING)           [0m [[0m[1m[34mai_werewolf_core.utils.redis_client[0m][0m [36merror[0m=[35m"Error while reading from 192.168.100.128:6379 : (22, '÷∏∂®µƒÕ¯¬Á√˚≤ª‘Ÿø…”√°£', None, 64, None)"[0m [36mhost[0m=[35m192.168.100.128[0m [36mport[0m=[35m6379[0m
Traceback (most recent call last):
  File "F:\py\Lib\asyncio\windows_events.py", line 463, in finish_socket_func
    return ov.getresult()
           ~~~~~~~~~~~~^^
OSError: [WinError 64] ÷∏∂®µƒÕ¯¬Á√˚≤ª‘Ÿø…”√°£

During handling of the above exception, another exception occurred:

Traceback (most recent call last):
  File "F:\py\Lib\site-packages\redis\asyncio\connection.py", line 725, in read_response
    response = await self._parser.read_response(
               ^^^^^^^^^^^^^^^^^^^^^^^^^^^^^^^^^
        disable_decoding=disable_decoding
        ^^^^^^^^^^^^^^^^^^^^^^^^^^^^^^^^^
    )
    ^
  File "F:\py\Lib\site-packages\redis\_parsers\resp2.py", line 82, in read_response
    response = await self._read_response(disable_decoding=disable_decoding)
               ^^^^^^^^^^^^^^^^^^^^^^^^^^^^^^^^^^^^^^^^^^^^^^^^^^^^^^^^^^^^
  File "F:\py\Lib\site-packages\redis\_parsers\resp2.py", line 90, in _read_response
    raw = await self._readline()
          ^^^^^^^^^^^^^^^^^^^^^^
  File "F:\py\Lib\site-packages\redis\_parsers\base.py", line 559, in _readline
    data = await self._stream.readline()
           ^^^^^^^^^^^^^^^^^^^^^^^^^^^^^
  File "F:\py\Lib\asyncio\streams.py", line 562, in readline
    line = await self.readuntil(sep)
           ^^^^^^^^^^^^^^^^^^^^^^^^^
  File "F:\py\Lib\asyncio\streams.py", line 677, in readuntil
    await self._wait_for_data('readuntil')
  File "F:\py\Lib\asyncio\streams.py", line 539, in _wait_for_data
    await self._waiter
  File "F:\py\Lib\asyncio\proactor_events.py", line 286, in _loop_reading
    length = fut.result()
  File "F:\py\Lib\asyncio\windows_events.py", line 804, in _poll
    value = callback(transferred, key, ov)
  File "F:\py\Lib\asyncio\windows_events.py", line 467, in finish_socket_func
    raise ConnectionResetError(*exc.args)
ConnectionResetError: [WinError 64] ÷∏∂®µƒÕ¯¬Á√˚≤ª‘Ÿø…”√°£

During handling of the above exception, another exception occurred:

Traceback (most recent call last):
  File "F:\YilenaCode\Werewolf\ai_werewolf_core\utils\redis_client.py", line 128, in get_client
    await cls._client.ping()
  File "F:\py\Lib\site-packages\redis\asyncio\client.py", line 764, in execute_command
    conn = self.connection or await pool.get_connection()
                              ^^^^^^^^^^^^^^^^^^^^^^^^^^^
  File "F:\py\Lib\site-packages\redis\utils.py", line 227, in async_wrapper
    return await func(*args, **kwargs)
           ^^^^^^^^^^^^^^^^^^^^^^^^^^^
  File "F:\py\Lib\site-packages\redis\asyncio\connection.py", line 1351, in get_connection
    await self.ensure_connection(connection)
  File "F:\py\Lib\site-packages\redis\asyncio\connection.py", line 1390, in ensure_connection
    await connection.connect()
  File "F:\py\Lib\site-packages\redis\asyncio\connection.py", line 339, in connect
    await self.retry.call_with_retry(
    ...<7 lines>...
    )
  File "F:\py\Lib\site-packages\redis\asyncio\retry.py", line 81, in call_with_retry
    raise error
  File "F:\py\Lib\site-packages\redis\asyncio\retry.py", line 69, in call_with_retry
    return await do()
           ^^^^^^^^^^
  File "F:\py\Lib\site-packages\redis\asyncio\connection.py", line 403, in connect_check_health
    await self.on_connect_check_health(check_health=check_health)
  File "F:\py\Lib\site-packages\redis\asyncio\connection.py", line 560, in on_connect_check_health
    await self.read_response()
  File "F:\py\Lib\site-packages\redis\asyncio\connection.py", line 747, in read_response
    raise ConnectionError(f"Error while reading from {host_error} : {e.args}")
redis.exceptions.ConnectionError: Error while reading from 192.168.100.128:6379 : (22, '÷∏∂®µƒÕ¯¬Á√˚≤ª‘Ÿø…”√°£', None, 64, None)
------------------------------ Captured log call ------------------------------
DEBUG    ai_werewolf_core.utils.redis_client:redis_client.py:243 {'max_connections': 300, 'socket_timeout': 10, 'event': 'Redis ¡¨Ω”≥ÿ“—¥¥Ω®', 'level': 'debug', 'logger': 'ai_werewolf_core.utils.redis_client', 'timestamp': '2026-05-14T21:36:28.030329+08:00'}
ERROR    ai_werewolf_core.utils.redis_client:redis_client.py:130 {'host': '192.168.100.128', 'port': 6379, 'error': "Error while reading from 192.168.100.128:6379 : (22, '÷∏∂®µƒÕ¯¬Á√˚≤ª‘Ÿø…”√°£', None, 64, None)", 'event': 'Redis ¡¨Ω”—È÷§ ß∞‹ (PING)', 'level': 'error', 'logger': 'ai_werewolf_core.utils.redis_client', 'timestamp': '2026-05-14T21:36:33.033327+08:00', 'exception': 'Traceback (most recent call last):\n  File "F:\\py\\Lib\\asyncio\\windows_events.py", line 463, in finish_socket_func\n    return ov.getresult()\n           ~~~~~~~~~~~~^^\nOSError: [WinError 64] ÷∏∂®µƒÕ¯¬Á√˚≤ª‘Ÿø…”√°£\n\nDuring handling of the above exception, another exception occurred:\n\nTraceback (most recent call last):\n  File "F:\\py\\Lib\\site-packages\\redis\\asyncio\\connection.py", line 725, in read_response\n    response = await self._parser.read_response(\n               ^^^^^^^^^^^^^^^^^^^^^^^^^^^^^^^^^\n        disable_decoding=disable_decoding\n        ^^^^^^^^^^^^^^^^^^^^^^^^^^^^^^^^^\n    )\n    ^\n  File "F:\\py\\Lib\\site-packages\\redis\\_parsers\\resp2.py", line 82, in read_response\n    response = await self._read_response(disable_decoding=disable_decoding)\n               ^^^^^^^^^^^^^^^^^^^^^^^^^^^^^^^^^^^^^^^^^^^^^^^^^^^^^^^^^^^^\n  File "F:\\py\\Lib\\site-packages\\redis\\_parsers\\resp2.py", line 90, in _read_response\n    raw = await self._readline()\n          ^^^^^^^^^^^^^^^^^^^^^^\n  File "F:\\py\\Lib\\site-packages\\redis\\_parsers\\base.py", line 559, in _readline\n    data = await self._stream.readline()\n           ^^^^^^^^^^^^^^^^^^^^^^^^^^^^^\n  File "F:\\py\\Lib\\asyncio\\streams.py", line 562, in readline\n    line = await self.readuntil(sep)\n           ^^^^^^^^^^^^^^^^^^^^^^^^^\n  File "F:\\py\\Lib\\asyncio\\streams.py", line 677, in readuntil\n    await self._wait_for_data(\'readuntil\')\n  File "F:\\py\\Lib\\asyncio\\streams.py", line 539, in _wait_for_data\n    await self._waiter\n  File "F:\\py\\Lib\\asyncio\\proactor_events.py", line 286, in _loop_reading\n    length = fut.result()\n  File "F:\\py\\Lib\\asyncio\\windows_events.py", line 804, in _poll\n    value = callback(transferred, key, ov)\n  File "F:\\py\\Lib\\asyncio\\windows_events.py", line 467, in finish_socket_func\n    raise ConnectionResetError(*exc.args)\nConnectionResetError: [WinError 64] ÷∏∂®µƒÕ¯¬Á√˚≤ª‘Ÿø…”√°£\n\nDuring handling of the above exception, another exception occurred:\n\nTraceback (most recent call last):\n  File "F:\\YilenaCode\\Werewolf\\ai_werewolf_core\\utils\\redis_client.py", line 128, in get_client\n    await cls._client.ping()\n  File "F:\\py\\Lib\\site-packages\\redis\\asyncio\\client.py", line 764, in execute_command\n    conn = self.connection or await pool.get_connection()\n                              ^^^^^^^^^^^^^^^^^^^^^^^^^^^\n  File "F:\\py\\Lib\\site-packages\\redis\\utils.py", line 227, in async_wrapper\n    return await func(*args, **kwargs)\n           ^^^^^^^^^^^^^^^^^^^^^^^^^^^\n  File "F:\\py\\Lib\\site-packages\\redis\\asyncio\\connection.py", line 1351, in get_connection\n    await self.ensure_connection(connection)\n  File "F:\\py\\Lib\\site-packages\\redis\\asyncio\\connection.py", line 1390, in ensure_connection\n    await connection.connect()\n  File "F:\\py\\Lib\\site-packages\\redis\\asyncio\\connection.py", line 339, in connect\n    await self.retry.call_with_retry(\n    ...<7 lines>...\n    )\n  File "F:\\py\\Lib\\site-packages\\redis\\asyncio\\retry.py", line 81, in call_with_retry\n    raise error\n  File "F:\\py\\Lib\\site-packages\\redis\\asyncio\\retry.py", line 69, in call_with_retry\n    return await do()\n           ^^^^^^^^^^\n  File "F:\\py\\Lib\\site-packages\\redis\\asyncio\\connection.py", line 403, in connect_check_health\n    await self.on_connect_check_health(check_health=check_health)\n  File "F:\\py\\Lib\\site-packages\\redis\\asyncio\\connection.py", line 560, in on_connect_check_health\n    await self.read_response()\n  File "F:\\py\\Lib\\site-packages\\redis\\asyncio\\connection.py", line 747, in read_response\n    raise ConnectionError(f"Error while reading from {host_error} : {e.args}")\nredis.exceptions.ConnectionError: Error while reading from 192.168.100.128:6379 : (22, \'÷∏∂®µƒÕ¯¬Á√˚≤ª‘Ÿø…”√°£\', None, 64, None)'}
__________________ TestValidTransitions.test_full_day_cycle ___________________

trans = 0, key = 0, ov = <_overlapped.Overlapped object at 0x0000027C320BFC30>

    @staticmethod
    def finish_socket_func(trans, key, ov):
        try:
>           return ov.getresult()
                   ^^^^^^^^^^^^^^
E           OSError: [WinError 64] ÷∏∂®µƒÕ¯¬Á√˚≤ª‘Ÿø…”√°£

F:\py\Lib\asyncio\windows_events.py:463: OSError

During handling of the above exception, another exception occurred:

self = <redis.asyncio.connection.Connection(host=192.168.100.128,port=6379,db=1)>
disable_decoding = False, timeout = None

    async def read_response(
        self,
        disable_decoding: bool = False,
        timeout: Optional[float] = None,
        *,
        disconnect_on_error: bool = True,
        push_request: Optional[bool] = False,
    ):
        """Read the response from a previously sent command"""
        read_timeout = timeout if timeout is not None else self.socket_timeout
        host_error = self._host_error()
        try:
            if read_timeout is not None and self.protocol in ["3", 3]:
                async with async_timeout(read_timeout):
                    response = await self._parser.read_response(
                        disable_decoding=disable_decoding, push_request=push_request
                    )
            elif read_timeout is not None:
                async with async_timeout(read_timeout):
>                   response = await self._parser.read_response(
                        disable_decoding=disable_decoding

F:\py\Lib\site-packages\redis\asyncio\connection.py:725: 
_ _ _ _ _ _ _ _ _ _ _ _ _ _ _ _ _ _ _ _ _ _ _ _ _ _ _ _ _ _ _ _ _ _ _ _ _ _ _ _
F:\py\Lib\site-packages\redis\_parsers\resp2.py:82: in read_response
    response = await self._read_response(disable_decoding=disable_decoding)
               ^^^^^^^^^^^^^^^^^^^^^^^^^^^^^^^^^^^^^^^^^^^^^^^^^^^^^^^^^^^^
F:\py\Lib\site-packages\redis\_parsers\resp2.py:90: in _read_response
    raw = await self._readline()
          ^^^^^^^^^^^^^^^^^^^^^^
F:\py\Lib\site-packages\redis\_parsers\base.py:559: in _readline
    data = await self._stream.readline()
           ^^^^^^^^^^^^^^^^^^^^^^^^^^^^^
F:\py\Lib\asyncio\streams.py:562: in readline
    line = await self.readuntil(sep)
           ^^^^^^^^^^^^^^^^^^^^^^^^^
F:\py\Lib\asyncio\streams.py:677: in readuntil
    await self._wait_for_data('readuntil')
F:\py\Lib\asyncio\streams.py:539: in _wait_for_data
    await self._waiter
F:\py\Lib\asyncio\proactor_events.py:286: in _loop_reading
    length = fut.result()
             ^^^^^^^^^^^^
F:\py\Lib\asyncio\windows_events.py:804: in _poll
    value = callback(transferred, key, ov)
            ^^^^^^^^^^^^^^^^^^^^^^^^^^^^^^
_ _ _ _ _ _ _ _ _ _ _ _ _ _ _ _ _ _ _ _ _ _ _ _ _ _ _ _ _ _ _ _ _ _ _ _ _ _ _ _

trans = 0, key = 0, ov = <_overlapped.Overlapped object at 0x0000027C320BFC30>

    @staticmethod
    def finish_socket_func(trans, key, ov):
        try:
            return ov.getresult()
        except OSError as exc:
            if exc.winerror in (_overlapped.ERROR_NETNAME_DELETED,
                                _overlapped.ERROR_OPERATION_ABORTED):
>               raise ConnectionResetError(*exc.args)
E               ConnectionResetError: [WinError 64] ÷∏∂®µƒÕ¯¬Á√˚≤ª‘Ÿø…”√°£

F:\py\Lib\asyncio\windows_events.py:467: ConnectionResetError

During handling of the above exception, another exception occurred:

self = <ai_werewolf_core.core.engine.state_machine.PhaseStateMachine object at 0x0000027C31C88C90>

    async def _get_redis(self) -> aioredis.Redis:
        """ªÒ»° Redis “Ï≤ΩøÕªß∂À£®¿¡≥ı ºªØ£¨π≤œÌ¡¨Ω”≥ÿ£©°£"""
        if self._redis is None:
            try:
>               self._redis = await RedisClientManager.get_client()
                              ^^^^^^^^^^^^^^^^^^^^^^^^^^^^^^^^^^^^^

ai_werewolf_core\core\engine\state_machine.py:156: 
_ _ _ _ _ _ _ _ _ _ _ _ _ _ _ _ _ _ _ _ _ _ _ _ _ _ _ _ _ _ _ _ _ _ _ _ _ _ _ _
ai_werewolf_core\utils\redis_client.py:128: in get_client
    await cls._client.ping()
F:\py\Lib\site-packages\redis\asyncio\client.py:764: in execute_command
    conn = self.connection or await pool.get_connection()
                              ^^^^^^^^^^^^^^^^^^^^^^^^^^^
F:\py\Lib\site-packages\redis\utils.py:227: in async_wrapper
    return await func(*args, **kwargs)
           ^^^^^^^^^^^^^^^^^^^^^^^^^^^
F:\py\Lib\site-packages\redis\asyncio\connection.py:1351: in get_connection
    await self.ensure_connection(connection)
F:\py\Lib\site-packages\redis\asyncio\connection.py:1390: in ensure_connection
    await connection.connect()
F:\py\Lib\site-packages\redis\asyncio\connection.py:339: in connect
    await self.retry.call_with_retry(
F:\py\Lib\site-packages\redis\asyncio\retry.py:81: in call_with_retry
    raise error
F:\py\Lib\site-packages\redis\asyncio\retry.py:69: in call_with_retry
    return await do()
           ^^^^^^^^^^
F:\py\Lib\site-packages\redis\asyncio\connection.py:403: in connect_check_health
    await self.on_connect_check_health(check_health=check_health)
F:\py\Lib\site-packages\redis\asyncio\connection.py:560: in on_connect_check_health
    await self.read_response()
_ _ _ _ _ _ _ _ _ _ _ _ _ _ _ _ _ _ _ _ _ _ _ _ _ _ _ _ _ _ _ _ _ _ _ _ _ _ _ _

self = <redis.asyncio.connection.Connection(host=192.168.100.128,port=6379,db=1)>
disable_decoding = False, timeout = None

    async def read_response(
        self,
        disable_decoding: bool = False,
        timeout: Optional[float] = None,
        *,
        disconnect_on_error: bool = True,
        push_request: Optional[bool] = False,
    ):
        """Read the response from a previously sent command"""
        read_timeout = timeout if timeout is not None else self.socket_timeout
        host_error = self._host_error()
        try:
            if read_timeout is not None and self.protocol in ["3", 3]:
                async with async_timeout(read_timeout):
                    response = await self._parser.read_response(
                        disable_decoding=disable_decoding, push_request=push_request
                    )
            elif read_timeout is not None:
                async with async_timeout(read_timeout):
                    response = await self._parser.read_response(
                        disable_decoding=disable_decoding
                    )
            elif self.protocol in ["3", 3]:
                response = await self._parser.read_response(
                    disable_decoding=disable_decoding, push_request=push_request
                )
            else:
                response = await self._parser.read_response(
                    disable_decoding=disable_decoding
                )
        except asyncio.TimeoutError:
            if timeout is not None:
                # user requested timeout, return None. Operation can be retried
                return None
            # it was a self.socket_timeout error.
            if disconnect_on_error:
                await self.disconnect(nowait=True)
            raise TimeoutError(f"Timeout reading from {host_error}")
        except OSError as e:
            if disconnect_on_error:
                await self.disconnect(nowait=True)
>           raise ConnectionError(f"Error while reading from {host_error} : {e.args}")
E           redis.exceptions.ConnectionError: Error while reading from 192.168.100.128:6379 : (22, '÷∏∂®µƒÕ¯¬Á√˚≤ª‘Ÿø…”√°£', None, 64, None)

F:\py\Lib\site-packages\redis\asyncio\connection.py:747: ConnectionError

The above exception was the direct cause of the following exception:

self = <test_state_machine.TestValidTransitions object at 0x0000027C303D7BB0>
state_machine = <ai_werewolf_core.core.engine.state_machine.PhaseStateMachine object at 0x0000027C31C88C90>

    @pytest.mark.asyncio
    async def test_full_day_cycle(self, state_machine):
        """ÕÍ’˚µƒ∞◊ÃÏ¡˜≥Ã: DAY_START -> DAY_DISCUSSION -> DAY_VOTE -> VOTE_RESOLVE -> GAME_OVER°£"""
        # œ»Ω¯»Î DAY_START
>       await state_machine.transition_to(GamePhase.INIT)

tests\unit\core\engine\test_state_machine.py:105: 
_ _ _ _ _ _ _ _ _ _ _ _ _ _ _ _ _ _ _ _ _ _ _ _ _ _ _ _ _ _ _ _ _ _ _ _ _ _ _ _
ai_werewolf_core\core\engine\state_machine.py:374: in transition_to
    current_ctx = await self._load_context()
                  ^^^^^^^^^^^^^^^^^^^^^^^^^^
ai_werewolf_core\core\engine\state_machine.py:181: in _load_context
    redis = await self._get_redis()
            ^^^^^^^^^^^^^^^^^^^^^^^
_ _ _ _ _ _ _ _ _ _ _ _ _ _ _ _ _ _ _ _ _ _ _ _ _ _ _ _ _ _ _ _ _ _ _ _ _ _ _ _

self = <ai_werewolf_core.core.engine.state_machine.PhaseStateMachine object at 0x0000027C31C88C90>

    async def _get_redis(self) -> aioredis.Redis:
        """ªÒ»° Redis “Ï≤ΩøÕªß∂À£®¿¡≥ı ºªØ£¨π≤œÌ¡¨Ω”≥ÿ£©°£"""
        if self._redis is None:
            try:
                self._redis = await RedisClientManager.get_client()
                self._logger.debug("PhaseStateMachine “—ªÒ»°π≤œÌ Redis øÕªß∂À")
            except (aioredis.ConnectionError, aioredis.TimeoutError) as e:
>               raise RedisUnavailableException(
                    f"PhaseStateMachine Œﬁ∑®ªÒ»° Redis øÕªß∂À: game_id={self.game_id}"
                ) from e
E               ai_werewolf_core.utils.redis_seq.RedisUnavailableException: PhaseStateMachine Œﬁ∑®ªÒ»° Redis øÕªß∂À: game_id=test_game_c81373357a4d4a6ea17c39dec8bfd5c6

ai_werewolf_core\core\engine\state_machine.py:159: RedisUnavailableException
---------------------------- Captured stderr setup ----------------------------
[2m2026-05-14T21:36:33.178946+08:00[0m [[32m[1mdebug    [0m] [1mglobal_subscribe              [0m [[0m[1m[34mai_werewolf_core.core.event.bus[0m][0m [36mhandler[0m=[35m_default_log_subscriber[0m
[2m2026-05-14T21:36:33.179135+08:00[0m [[32m[1mdebug    [0m] [1mglobal_subscribe              [0m [[0m[1m[34mai_werewolf_core.core.event.bus[0m][0m [36mhandler[0m=[35m_persist_to_db[0m
----------------------------- Captured log setup ------------------------------
DEBUG    ai_werewolf_core.core.event.bus:bus.py:519 {'handler': '_default_log_subscriber', 'event': 'global_subscribe', 'level': 'debug', 'logger': 'ai_werewolf_core.core.event.bus', 'timestamp': '2026-05-14T21:36:33.178946+08:00'}
DEBUG    ai_werewolf_core.core.event.bus:bus.py:519 {'handler': '_persist_to_db', 'event': 'global_subscribe', 'level': 'debug', 'logger': 'ai_werewolf_core.core.event.bus', 'timestamp': '2026-05-14T21:36:33.179135+08:00'}
---------------------------- Captured stderr call -----------------------------
[2m2026-05-14T21:36:33.179793+08:00[0m [[32m[1mdebug    [0m] [1mRedis ¡¨Ω”≥ÿ“—¥¥Ω®                  [0m [[0m[1m[34mai_werewolf_core.utils.redis_client[0m][0m [36mmax_connections[0m=[35m300[0m [36msocket_timeout[0m=[35m10[0m
[2m2026-05-14T21:36:38.183102+08:00[0m [[31m[1merror    [0m] [1mRedis ¡¨Ω”—È÷§ ß∞‹ (PING)           [0m [[0m[1m[34mai_werewolf_core.utils.redis_client[0m][0m [36merror[0m=[35m"Error while reading from 192.168.100.128:6379 : (22, '÷∏∂®µƒÕ¯¬Á√˚≤ª‘Ÿø…”√°£', None, 64, None)"[0m [36mhost[0m=[35m192.168.100.128[0m [36mport[0m=[35m6379[0m
Traceback (most recent call last):
  File "F:\py\Lib\asyncio\windows_events.py", line 463, in finish_socket_func
    return ov.getresult()
           ~~~~~~~~~~~~^^
OSError: [WinError 64] ÷∏∂®µƒÕ¯¬Á√˚≤ª‘Ÿø…”√°£

During handling of the above exception, another exception occurred:

Traceback (most recent call last):
  File "F:\py\Lib\site-packages\redis\asyncio\connection.py", line 725, in read_response
    response = await self._parser.read_response(
               ^^^^^^^^^^^^^^^^^^^^^^^^^^^^^^^^^
        disable_decoding=disable_decoding
        ^^^^^^^^^^^^^^^^^^^^^^^^^^^^^^^^^
    )
    ^
  File "F:\py\Lib\site-packages\redis\_parsers\resp2.py", line 82, in read_response
    response = await self._read_response(disable_decoding=disable_decoding)
               ^^^^^^^^^^^^^^^^^^^^^^^^^^^^^^^^^^^^^^^^^^^^^^^^^^^^^^^^^^^^
  File "F:\py\Lib\site-packages\redis\_parsers\resp2.py", line 90, in _read_response
    raw = await self._readline()
          ^^^^^^^^^^^^^^^^^^^^^^
  File "F:\py\Lib\site-packages\redis\_parsers\base.py", line 559, in _readline
    data = await self._stream.readline()
           ^^^^^^^^^^^^^^^^^^^^^^^^^^^^^
  File "F:\py\Lib\asyncio\streams.py", line 562, in readline
    line = await self.readuntil(sep)
           ^^^^^^^^^^^^^^^^^^^^^^^^^
  File "F:\py\Lib\asyncio\streams.py", line 677, in readuntil
    await self._wait_for_data('readuntil')
  File "F:\py\Lib\asyncio\streams.py", line 539, in _wait_for_data
    await self._waiter
  File "F:\py\Lib\asyncio\proactor_events.py", line 286, in _loop_reading
    length = fut.result()
  File "F:\py\Lib\asyncio\windows_events.py", line 804, in _poll
    value = callback(transferred, key, ov)
  File "F:\py\Lib\asyncio\windows_events.py", line 467, in finish_socket_func
    raise ConnectionResetError(*exc.args)
ConnectionResetError: [WinError 64] ÷∏∂®µƒÕ¯¬Á√˚≤ª‘Ÿø…”√°£

During handling of the above exception, another exception occurred:

Traceback (most recent call last):
  File "F:\YilenaCode\Werewolf\ai_werewolf_core\utils\redis_client.py", line 128, in get_client
    await cls._client.ping()
  File "F:\py\Lib\site-packages\redis\asyncio\client.py", line 764, in execute_command
    conn = self.connection or await pool.get_connection()
                              ^^^^^^^^^^^^^^^^^^^^^^^^^^^
  File "F:\py\Lib\site-packages\redis\utils.py", line 227, in async_wrapper
    return await func(*args, **kwargs)
           ^^^^^^^^^^^^^^^^^^^^^^^^^^^
  File "F:\py\Lib\site-packages\redis\asyncio\connection.py", line 1351, in get_connection
    await self.ensure_connection(connection)
  File "F:\py\Lib\site-packages\redis\asyncio\connection.py", line 1390, in ensure_connection
    await connection.connect()
  File "F:\py\Lib\site-packages\redis\asyncio\connection.py", line 339, in connect
    await self.retry.call_with_retry(
    ...<7 lines>...
    )
  File "F:\py\Lib\site-packages\redis\asyncio\retry.py", line 81, in call_with_retry
    raise error
  File "F:\py\Lib\site-packages\redis\asyncio\retry.py", line 69, in call_with_retry
    return await do()
           ^^^^^^^^^^
  File "F:\py\Lib\site-packages\redis\asyncio\connection.py", line 403, in connect_check_health
    await self.on_connect_check_health(check_health=check_health)
  File "F:\py\Lib\site-packages\redis\asyncio\connection.py", line 560, in on_connect_check_health
    await self.read_response()
  File "F:\py\Lib\site-packages\redis\asyncio\connection.py", line 747, in read_response
    raise ConnectionError(f"Error while reading from {host_error} : {e.args}")
redis.exceptions.ConnectionError: Error while reading from 192.168.100.128:6379 : (22, '÷∏∂®µƒÕ¯¬Á√˚≤ª‘Ÿø…”√°£', None, 64, None)
------------------------------ Captured log call ------------------------------
DEBUG    ai_werewolf_core.utils.redis_client:redis_client.py:243 {'max_connections': 300, 'socket_timeout': 10, 'event': 'Redis ¡¨Ω”≥ÿ“—¥¥Ω®', 'level': 'debug', 'logger': 'ai_werewolf_core.utils.redis_client', 'timestamp': '2026-05-14T21:36:33.179793+08:00'}
ERROR    ai_werewolf_core.utils.redis_client:redis_client.py:130 {'host': '192.168.100.128', 'port': 6379, 'error': "Error while reading from 192.168.100.128:6379 : (22, '÷∏∂®µƒÕ¯¬Á√˚≤ª‘Ÿø…”√°£', None, 64, None)", 'event': 'Redis ¡¨Ω”—È÷§ ß∞‹ (PING)', 'level': 'error', 'logger': 'ai_werewolf_core.utils.redis_client', 'timestamp': '2026-05-14T21:36:38.183102+08:00', 'exception': 'Traceback (most recent call last):\n  File "F:\\py\\Lib\\asyncio\\windows_events.py", line 463, in finish_socket_func\n    return ov.getresult()\n           ~~~~~~~~~~~~^^\nOSError: [WinError 64] ÷∏∂®µƒÕ¯¬Á√˚≤ª‘Ÿø…”√°£\n\nDuring handling of the above exception, another exception occurred:\n\nTraceback (most recent call last):\n  File "F:\\py\\Lib\\site-packages\\redis\\asyncio\\connection.py", line 725, in read_response\n    response = await self._parser.read_response(\n               ^^^^^^^^^^^^^^^^^^^^^^^^^^^^^^^^^\n        disable_decoding=disable_decoding\n        ^^^^^^^^^^^^^^^^^^^^^^^^^^^^^^^^^\n    )\n    ^\n  File "F:\\py\\Lib\\site-packages\\redis\\_parsers\\resp2.py", line 82, in read_response\n    response = await self._read_response(disable_decoding=disable_decoding)\n               ^^^^^^^^^^^^^^^^^^^^^^^^^^^^^^^^^^^^^^^^^^^^^^^^^^^^^^^^^^^^\n  File "F:\\py\\Lib\\site-packages\\redis\\_parsers\\resp2.py", line 90, in _read_response\n    raw = await self._readline()\n          ^^^^^^^^^^^^^^^^^^^^^^\n  File "F:\\py\\Lib\\site-packages\\redis\\_parsers\\base.py", line 559, in _readline\n    data = await self._stream.readline()\n           ^^^^^^^^^^^^^^^^^^^^^^^^^^^^^\n  File "F:\\py\\Lib\\asyncio\\streams.py", line 562, in readline\n    line = await self.readuntil(sep)\n           ^^^^^^^^^^^^^^^^^^^^^^^^^\n  File "F:\\py\\Lib\\asyncio\\streams.py", line 677, in readuntil\n    await self._wait_for_data(\'readuntil\')\n  File "F:\\py\\Lib\\asyncio\\streams.py", line 539, in _wait_for_data\n    await self._waiter\n  File "F:\\py\\Lib\\asyncio\\proactor_events.py", line 286, in _loop_reading\n    length = fut.result()\n  File "F:\\py\\Lib\\asyncio\\windows_events.py", line 804, in _poll\n    value = callback(transferred, key, ov)\n  File "F:\\py\\Lib\\asyncio\\windows_events.py", line 467, in finish_socket_func\n    raise ConnectionResetError(*exc.args)\nConnectionResetError: [WinError 64] ÷∏∂®µƒÕ¯¬Á√˚≤ª‘Ÿø…”√°£\n\nDuring handling of the above exception, another exception occurred:\n\nTraceback (most recent call last):\n  File "F:\\YilenaCode\\Werewolf\\ai_werewolf_core\\utils\\redis_client.py", line 128, in get_client\n    await cls._client.ping()\n  File "F:\\py\\Lib\\site-packages\\redis\\asyncio\\client.py", line 764, in execute_command\n    conn = self.connection or await pool.get_connection()\n                              ^^^^^^^^^^^^^^^^^^^^^^^^^^^\n  File "F:\\py\\Lib\\site-packages\\redis\\utils.py", line 227, in async_wrapper\n    return await func(*args, **kwargs)\n           ^^^^^^^^^^^^^^^^^^^^^^^^^^^\n  File "F:\\py\\Lib\\site-packages\\redis\\asyncio\\connection.py", line 1351, in get_connection\n    await self.ensure_connection(connection)\n  File "F:\\py\\Lib\\site-packages\\redis\\asyncio\\connection.py", line 1390, in ensure_connection\n    await connection.connect()\n  File "F:\\py\\Lib\\site-packages\\redis\\asyncio\\connection.py", line 339, in connect\n    await self.retry.call_with_retry(\n    ...<7 lines>...\n    )\n  File "F:\\py\\Lib\\site-packages\\redis\\asyncio\\retry.py", line 81, in call_with_retry\n    raise error\n  File "F:\\py\\Lib\\site-packages\\redis\\asyncio\\retry.py", line 69, in call_with_retry\n    return await do()\n           ^^^^^^^^^^\n  File "F:\\py\\Lib\\site-packages\\redis\\asyncio\\connection.py", line 403, in connect_check_health\n    await self.on_connect_check_health(check_health=check_health)\n  File "F:\\py\\Lib\\site-packages\\redis\\asyncio\\connection.py", line 560, in on_connect_check_health\n    await self.read_response()\n  File "F:\\py\\Lib\\site-packages\\redis\\asyncio\\connection.py", line 747, in read_response\n    raise ConnectionError(f"Error while reading from {host_error} : {e.args}")\nredis.exceptions.ConnectionError: Error while reading from 192.168.100.128:6379 : (22, \'÷∏∂®µƒÕ¯¬Á√˚≤ª‘Ÿø…”√°£\', None, 64, None)'}
__________________ TestValidTransitions.test_vote_pk_branch ___________________

trans = 0, key = 0, ov = <_overlapped.Overlapped object at 0x0000027C320BF930>

    @staticmethod
    def finish_socket_func(trans, key, ov):
        try:
>           return ov.getresult()
                   ^^^^^^^^^^^^^^
E           OSError: [WinError 64] ÷∏∂®µƒÕ¯¬Á√˚≤ª‘Ÿø…”√°£

F:\py\Lib\asyncio\windows_events.py:463: OSError

During handling of the above exception, another exception occurred:

self = <redis.asyncio.connection.Connection(host=192.168.100.128,port=6379,db=1)>
disable_decoding = False, timeout = None

    async def read_response(
        self,
        disable_decoding: bool = False,
        timeout: Optional[float] = None,
        *,
        disconnect_on_error: bool = True,
        push_request: Optional[bool] = False,
    ):
        """Read the response from a previously sent command"""
        read_timeout = timeout if timeout is not None else self.socket_timeout
        host_error = self._host_error()
        try:
            if read_timeout is not None and self.protocol in ["3", 3]:
                async with async_timeout(read_timeout):
                    response = await self._parser.read_response(
                        disable_decoding=disable_decoding, push_request=push_request
                    )
            elif read_timeout is not None:
                async with async_timeout(read_timeout):
>                   response = await self._parser.read_response(
                        disable_decoding=disable_decoding

F:\py\Lib\site-packages\redis\asyncio\connection.py:725: 
_ _ _ _ _ _ _ _ _ _ _ _ _ _ _ _ _ _ _ _ _ _ _ _ _ _ _ _ _ _ _ _ _ _ _ _ _ _ _ _
F:\py\Lib\site-packages\redis\_parsers\resp2.py:82: in read_response
    response = await self._read_response(disable_decoding=disable_decoding)
               ^^^^^^^^^^^^^^^^^^^^^^^^^^^^^^^^^^^^^^^^^^^^^^^^^^^^^^^^^^^^
F:\py\Lib\site-packages\redis\_parsers\resp2.py:90: in _read_response
    raw = await self._readline()
          ^^^^^^^^^^^^^^^^^^^^^^
F:\py\Lib\site-packages\redis\_parsers\base.py:559: in _readline
    data = await self._stream.readline()
           ^^^^^^^^^^^^^^^^^^^^^^^^^^^^^
F:\py\Lib\asyncio\streams.py:562: in readline
    line = await self.readuntil(sep)
           ^^^^^^^^^^^^^^^^^^^^^^^^^
F:\py\Lib\asyncio\streams.py:677: in readuntil
    await self._wait_for_data('readuntil')
F:\py\Lib\asyncio\streams.py:539: in _wait_for_data
    await self._waiter
F:\py\Lib\asyncio\proactor_events.py:286: in _loop_reading
    length = fut.result()
             ^^^^^^^^^^^^
F:\py\Lib\asyncio\windows_events.py:804: in _poll
    value = callback(transferred, key, ov)
            ^^^^^^^^^^^^^^^^^^^^^^^^^^^^^^
_ _ _ _ _ _ _ _ _ _ _ _ _ _ _ _ _ _ _ _ _ _ _ _ _ _ _ _ _ _ _ _ _ _ _ _ _ _ _ _

trans = 0, key = 0, ov = <_overlapped.Overlapped object at 0x0000027C320BF930>

    @staticmethod
    def finish_socket_func(trans, key, ov):
        try:
            return ov.getresult()
        except OSError as exc:
            if exc.winerror in (_overlapped.ERROR_NETNAME_DELETED,
                                _overlapped.ERROR_OPERATION_ABORTED):
>               raise ConnectionResetError(*exc.args)
E               ConnectionResetError: [WinError 64] ÷∏∂®µƒÕ¯¬Á√˚≤ª‘Ÿø…”√°£

F:\py\Lib\asyncio\windows_events.py:467: ConnectionResetError

During handling of the above exception, another exception occurred:

self = <ai_werewolf_core.core.engine.state_machine.PhaseStateMachine object at 0x0000027C31C892B0>

    async def _get_redis(self) -> aioredis.Redis:
        """ªÒ»° Redis “Ï≤ΩøÕªß∂À£®¿¡≥ı ºªØ£¨π≤œÌ¡¨Ω”≥ÿ£©°£"""
        if self._redis is None:
            try:
>               self._redis = await RedisClientManager.get_client()
                              ^^^^^^^^^^^^^^^^^^^^^^^^^^^^^^^^^^^^^

ai_werewolf_core\core\engine\state_machine.py:156: 
_ _ _ _ _ _ _ _ _ _ _ _ _ _ _ _ _ _ _ _ _ _ _ _ _ _ _ _ _ _ _ _ _ _ _ _ _ _ _ _
ai_werewolf_core\utils\redis_client.py:128: in get_client
    await cls._client.ping()
F:\py\Lib\site-packages\redis\asyncio\client.py:764: in execute_command
    conn = self.connection or await pool.get_connection()
                              ^^^^^^^^^^^^^^^^^^^^^^^^^^^
F:\py\Lib\site-packages\redis\utils.py:227: in async_wrapper
    return await func(*args, **kwargs)
           ^^^^^^^^^^^^^^^^^^^^^^^^^^^
F:\py\Lib\site-packages\redis\asyncio\connection.py:1351: in get_connection
    await self.ensure_connection(connection)
F:\py\Lib\site-packages\redis\asyncio\connection.py:1390: in ensure_connection
    await connection.connect()
F:\py\Lib\site-packages\redis\asyncio\connection.py:339: in connect
    await self.retry.call_with_retry(
F:\py\Lib\site-packages\redis\asyncio\retry.py:81: in call_with_retry
    raise error
F:\py\Lib\site-packages\redis\asyncio\retry.py:69: in call_with_retry
    return await do()
           ^^^^^^^^^^
F:\py\Lib\site-packages\redis\asyncio\connection.py:403: in connect_check_health
    await self.on_connect_check_health(check_health=check_health)
F:\py\Lib\site-packages\redis\asyncio\connection.py:560: in on_connect_check_health
    await self.read_response()
_ _ _ _ _ _ _ _ _ _ _ _ _ _ _ _ _ _ _ _ _ _ _ _ _ _ _ _ _ _ _ _ _ _ _ _ _ _ _ _

self = <redis.asyncio.connection.Connection(host=192.168.100.128,port=6379,db=1)>
disable_decoding = False, timeout = None

    async def read_response(
        self,
        disable_decoding: bool = False,
        timeout: Optional[float] = None,
        *,
        disconnect_on_error: bool = True,
        push_request: Optional[bool] = False,
    ):
        """Read the response from a previously sent command"""
        read_timeout = timeout if timeout is not None else self.socket_timeout
        host_error = self._host_error()
        try:
            if read_timeout is not None and self.protocol in ["3", 3]:
                async with async_timeout(read_timeout):
                    response = await self._parser.read_response(
                        disable_decoding=disable_decoding, push_request=push_request
                    )
            elif read_timeout is not None:
                async with async_timeout(read_timeout):
                    response = await self._parser.read_response(
                        disable_decoding=disable_decoding
                    )
            elif self.protocol in ["3", 3]:
                response = await self._parser.read_response(
                    disable_decoding=disable_decoding, push_request=push_request
                )
            else:
                response = await self._parser.read_response(
                    disable_decoding=disable_decoding
                )
        except asyncio.TimeoutError:
            if timeout is not None:
                # user requested timeout, return None. Operation can be retried
                return None
            # it was a self.socket_timeout error.
            if disconnect_on_error:
                await self.disconnect(nowait=True)
            raise TimeoutError(f"Timeout reading from {host_error}")
        except OSError as e:
            if disconnect_on_error:
                await self.disconnect(nowait=True)
>           raise ConnectionError(f"Error while reading from {host_error} : {e.args}")
E           redis.exceptions.ConnectionError: Error while reading from 192.168.100.128:6379 : (22, '÷∏∂®µƒÕ¯¬Á√˚≤ª‘Ÿø…”√°£', None, 64, None)

F:\py\Lib\site-packages\redis\asyncio\connection.py:747: ConnectionError

The above exception was the direct cause of the following exception:

self = <test_state_machine.TestValidTransitions object at 0x0000027C303D7A80>
state_machine = <ai_werewolf_core.core.engine.state_machine.PhaseStateMachine object at 0x0000027C31C892B0>

    @pytest.mark.asyncio
    async def test_vote_pk_branch(self, state_machine):
        """Õ∂∆±∆Ω∆± PK ∑÷÷ß: DAY_VOTE -> DAY_PK_DISCUSSION -> DAY_PK_VOTE -> VOTE_RESOLVE -> GAME_OVER°£"""
>       await state_machine.transition_to(GamePhase.INIT)

tests\unit\core\engine\test_state_machine.py:122: 
_ _ _ _ _ _ _ _ _ _ _ _ _ _ _ _ _ _ _ _ _ _ _ _ _ _ _ _ _ _ _ _ _ _ _ _ _ _ _ _
ai_werewolf_core\core\engine\state_machine.py:374: in transition_to
    current_ctx = await self._load_context()
                  ^^^^^^^^^^^^^^^^^^^^^^^^^^
ai_werewolf_core\core\engine\state_machine.py:181: in _load_context
    redis = await self._get_redis()
            ^^^^^^^^^^^^^^^^^^^^^^^
_ _ _ _ _ _ _ _ _ _ _ _ _ _ _ _ _ _ _ _ _ _ _ _ _ _ _ _ _ _ _ _ _ _ _ _ _ _ _ _

self = <ai_werewolf_core.core.engine.state_machine.PhaseStateMachine object at 0x0000027C31C892B0>

    async def _get_redis(self) -> aioredis.Redis:
        """ªÒ»° Redis “Ï≤ΩøÕªß∂À£®¿¡≥ı ºªØ£¨π≤œÌ¡¨Ω”≥ÿ£©°£"""
        if self._redis is None:
            try:
                self._redis = await RedisClientManager.get_client()
                self._logger.debug("PhaseStateMachine “—ªÒ»°π≤œÌ Redis øÕªß∂À")
            except (aioredis.ConnectionError, aioredis.TimeoutError) as e:
>               raise RedisUnavailableException(
                    f"PhaseStateMachine Œﬁ∑®ªÒ»° Redis øÕªß∂À: game_id={self.game_id}"
                ) from e
E               ai_werewolf_core.utils.redis_seq.RedisUnavailableException: PhaseStateMachine Œﬁ∑®ªÒ»° Redis øÕªß∂À: game_id=test_game_7a9d0ba324f74b0bab90b04542b2e138

ai_werewolf_core\core\engine\state_machine.py:159: RedisUnavailableException
---------------------------- Captured stderr setup ----------------------------
[2m2026-05-14T21:36:38.367478+08:00[0m [[32m[1mdebug    [0m] [1mglobal_subscribe              [0m [[0m[1m[34mai_werewolf_core.core.event.bus[0m][0m [36mhandler[0m=[35m_default_log_subscriber[0m
[2m2026-05-14T21:36:38.367775+08:00[0m [[32m[1mdebug    [0m] [1mglobal_subscribe              [0m [[0m[1m[34mai_werewolf_core.core.event.bus[0m][0m [36mhandler[0m=[35m_persist_to_db[0m
----------------------------- Captured log setup ------------------------------
DEBUG    ai_werewolf_core.core.event.bus:bus.py:519 {'handler': '_default_log_subscriber', 'event': 'global_subscribe', 'level': 'debug', 'logger': 'ai_werewolf_core.core.event.bus', 'timestamp': '2026-05-14T21:36:38.367478+08:00'}
DEBUG    ai_werewolf_core.core.event.bus:bus.py:519 {'handler': '_persist_to_db', 'event': 'global_subscribe', 'level': 'debug', 'logger': 'ai_werewolf_core.core.event.bus', 'timestamp': '2026-05-14T21:36:38.367775+08:00'}
---------------------------- Captured stderr call -----------------------------
[2m2026-05-14T21:36:38.368490+08:00[0m [[32m[1mdebug    [0m] [1mRedis ¡¨Ω”≥ÿ“—¥¥Ω®                  [0m [[0m[1m[34mai_werewolf_core.utils.redis_client[0m][0m [36mmax_connections[0m=[35m300[0m [36msocket_timeout[0m=[35m10[0m
[2m2026-05-14T21:36:43.370582+08:00[0m [[31m[1merror    [0m] [1mRedis ¡¨Ω”—È÷§ ß∞‹ (PING)           [0m [[0m[1m[34mai_werewolf_core.utils.redis_client[0m][0m [36merror[0m=[35m"Error while reading from 192.168.100.128:6379 : (22, '÷∏∂®µƒÕ¯¬Á√˚≤ª‘Ÿø…”√°£', None, 64, None)"[0m [36mhost[0m=[35m192.168.100.128[0m [36mport[0m=[35m6379[0m
Traceback (most recent call last):
  File "F:\py\Lib\asyncio\windows_events.py", line 463, in finish_socket_func
    return ov.getresult()
           ~~~~~~~~~~~~^^
OSError: [WinError 64] ÷∏∂®µƒÕ¯¬Á√˚≤ª‘Ÿø…”√°£

During handling of the above exception, another exception occurred:

Traceback (most recent call last):
  File "F:\py\Lib\site-packages\redis\asyncio\connection.py", line 725, in read_response
    response = await self._parser.read_response(
               ^^^^^^^^^^^^^^^^^^^^^^^^^^^^^^^^^
        disable_decoding=disable_decoding
        ^^^^^^^^^^^^^^^^^^^^^^^^^^^^^^^^^
    )
    ^
  File "F:\py\Lib\site-packages\redis\_parsers\resp2.py", line 82, in read_response
    response = await self._read_response(disable_decoding=disable_decoding)
               ^^^^^^^^^^^^^^^^^^^^^^^^^^^^^^^^^^^^^^^^^^^^^^^^^^^^^^^^^^^^
  File "F:\py\Lib\site-packages\redis\_parsers\resp2.py", line 90, in _read_response
    raw = await self._readline()
          ^^^^^^^^^^^^^^^^^^^^^^
  File "F:\py\Lib\site-packages\redis\_parsers\base.py", line 559, in _readline
    data = await self._stream.readline()
           ^^^^^^^^^^^^^^^^^^^^^^^^^^^^^
  File "F:\py\Lib\asyncio\streams.py", line 562, in readline
    line = await self.readuntil(sep)
           ^^^^^^^^^^^^^^^^^^^^^^^^^
  File "F:\py\Lib\asyncio\streams.py", line 677, in readuntil
    await self._wait_for_data('readuntil')
  File "F:\py\Lib\asyncio\streams.py", line 539, in _wait_for_data
    await self._waiter
  File "F:\py\Lib\asyncio\proactor_events.py", line 286, in _loop_reading
    length = fut.result()
  File "F:\py\Lib\asyncio\windows_events.py", line 804, in _poll
    value = callback(transferred, key, ov)
  File "F:\py\Lib\asyncio\windows_events.py", line 467, in finish_socket_func
    raise ConnectionResetError(*exc.args)
ConnectionResetError: [WinError 64] ÷∏∂®µƒÕ¯¬Á√˚≤ª‘Ÿø…”√°£

During handling of the above exception, another exception occurred:

Traceback (most recent call last):
  File "F:\YilenaCode\Werewolf\ai_werewolf_core\utils\redis_client.py", line 128, in get_client
    await cls._client.ping()
  File "F:\py\Lib\site-packages\redis\asyncio\client.py", line 764, in execute_command
    conn = self.connection or await pool.get_connection()
                              ^^^^^^^^^^^^^^^^^^^^^^^^^^^
  File "F:\py\Lib\site-packages\redis\utils.py", line 227, in async_wrapper
    return await func(*args, **kwargs)
           ^^^^^^^^^^^^^^^^^^^^^^^^^^^
  File "F:\py\Lib\site-packages\redis\asyncio\connection.py", line 1351, in get_connection
    await self.ensure_connection(connection)
  File "F:\py\Lib\site-packages\redis\asyncio\connection.py", line 1390, in ensure_connection
    await connection.connect()
  File "F:\py\Lib\site-packages\redis\asyncio\connection.py", line 339, in connect
    await self.retry.call_with_retry(
    ...<7 lines>...
    )
  File "F:\py\Lib\site-packages\redis\asyncio\retry.py", line 81, in call_with_retry
    raise error
  File "F:\py\Lib\site-packages\redis\asyncio\retry.py", line 69, in call_with_retry
    return await do()
           ^^^^^^^^^^
  File "F:\py\Lib\site-packages\redis\asyncio\connection.py", line 403, in connect_check_health
    await self.on_connect_check_health(check_health=check_health)
  File "F:\py\Lib\site-packages\redis\asyncio\connection.py", line 560, in on_connect_check_health
    await self.read_response()
  File "F:\py\Lib\site-packages\redis\asyncio\connection.py", line 747, in read_response
    raise ConnectionError(f"Error while reading from {host_error} : {e.args}")
redis.exceptions.ConnectionError: Error while reading from 192.168.100.128:6379 : (22, '÷∏∂®µƒÕ¯¬Á√˚≤ª‘Ÿø…”√°£', None, 64, None)
------------------------------ Captured log call ------------------------------
DEBUG    ai_werewolf_core.utils.redis_client:redis_client.py:243 {'max_connections': 300, 'socket_timeout': 10, 'event': 'Redis ¡¨Ω”≥ÿ“—¥¥Ω®', 'level': 'debug', 'logger': 'ai_werewolf_core.utils.redis_client', 'timestamp': '2026-05-14T21:36:38.368490+08:00'}
ERROR    ai_werewolf_core.utils.redis_client:redis_client.py:130 {'host': '192.168.100.128', 'port': 6379, 'error': "Error while reading from 192.168.100.128:6379 : (22, '÷∏∂®µƒÕ¯¬Á√˚≤ª‘Ÿø…”√°£', None, 64, None)", 'event': 'Redis ¡¨Ω”—È÷§ ß∞‹ (PING)', 'level': 'error', 'logger': 'ai_werewolf_core.utils.redis_client', 'timestamp': '2026-05-14T21:36:43.370582+08:00', 'exception': 'Traceback (most recent call last):\n  File "F:\\py\\Lib\\asyncio\\windows_events.py", line 463, in finish_socket_func\n    return ov.getresult()\n           ~~~~~~~~~~~~^^\nOSError: [WinError 64] ÷∏∂®µƒÕ¯¬Á√˚≤ª‘Ÿø…”√°£\n\nDuring handling of the above exception, another exception occurred:\n\nTraceback (most recent call last):\n  File "F:\\py\\Lib\\site-packages\\redis\\asyncio\\connection.py", line 725, in read_response\n    response = await self._parser.read_response(\n               ^^^^^^^^^^^^^^^^^^^^^^^^^^^^^^^^^\n        disable_decoding=disable_decoding\n        ^^^^^^^^^^^^^^^^^^^^^^^^^^^^^^^^^\n    )\n    ^\n  File "F:\\py\\Lib\\site-packages\\redis\\_parsers\\resp2.py", line 82, in read_response\n    response = await self._read_response(disable_decoding=disable_decoding)\n               ^^^^^^^^^^^^^^^^^^^^^^^^^^^^^^^^^^^^^^^^^^^^^^^^^^^^^^^^^^^^\n  File "F:\\py\\Lib\\site-packages\\redis\\_parsers\\resp2.py", line 90, in _read_response\n    raw = await self._readline()\n          ^^^^^^^^^^^^^^^^^^^^^^\n  File "F:\\py\\Lib\\site-packages\\redis\\_parsers\\base.py", line 559, in _readline\n    data = await self._stream.readline()\n           ^^^^^^^^^^^^^^^^^^^^^^^^^^^^^\n  File "F:\\py\\Lib\\asyncio\\streams.py", line 562, in readline\n    line = await self.readuntil(sep)\n           ^^^^^^^^^^^^^^^^^^^^^^^^^\n  File "F:\\py\\Lib\\asyncio\\streams.py", line 677, in readuntil\n    await self._wait_for_data(\'readuntil\')\n  File "F:\\py\\Lib\\asyncio\\streams.py", line 539, in _wait_for_data\n    await self._waiter\n  File "F:\\py\\Lib\\asyncio\\proactor_events.py", line 286, in _loop_reading\n    length = fut.result()\n  File "F:\\py\\Lib\\asyncio\\windows_events.py", line 804, in _poll\n    value = callback(transferred, key, ov)\n  File "F:\\py\\Lib\\asyncio\\windows_events.py", line 467, in finish_socket_func\n    raise ConnectionResetError(*exc.args)\nConnectionResetError: [WinError 64] ÷∏∂®µƒÕ¯¬Á√˚≤ª‘Ÿø…”√°£\n\nDuring handling of the above exception, another exception occurred:\n\nTraceback (most recent call last):\n  File "F:\\YilenaCode\\Werewolf\\ai_werewolf_core\\utils\\redis_client.py", line 128, in get_client\n    await cls._client.ping()\n  File "F:\\py\\Lib\\site-packages\\redis\\asyncio\\client.py", line 764, in execute_command\n    conn = self.connection or await pool.get_connection()\n                              ^^^^^^^^^^^^^^^^^^^^^^^^^^^\n  File "F:\\py\\Lib\\site-packages\\redis\\utils.py", line 227, in async_wrapper\n    return await func(*args, **kwargs)\n           ^^^^^^^^^^^^^^^^^^^^^^^^^^^\n  File "F:\\py\\Lib\\site-packages\\redis\\asyncio\\connection.py", line 1351, in get_connection\n    await self.ensure_connection(connection)\n  File "F:\\py\\Lib\\site-packages\\redis\\asyncio\\connection.py", line 1390, in ensure_connection\n    await connection.connect()\n  File "F:\\py\\Lib\\site-packages\\redis\\asyncio\\connection.py", line 339, in connect\n    await self.retry.call_with_retry(\n    ...<7 lines>...\n    )\n  File "F:\\py\\Lib\\site-packages\\redis\\asyncio\\retry.py", line 81, in call_with_retry\n    raise error\n  File "F:\\py\\Lib\\site-packages\\redis\\asyncio\\retry.py", line 69, in call_with_retry\n    return await do()\n           ^^^^^^^^^^\n  File "F:\\py\\Lib\\site-packages\\redis\\asyncio\\connection.py", line 403, in connect_check_health\n    await self.on_connect_check_health(check_health=check_health)\n  File "F:\\py\\Lib\\site-packages\\redis\\asyncio\\connection.py", line 560, in on_connect_check_health\n    await self.read_response()\n  File "F:\\py\\Lib\\site-packages\\redis\\asyncio\\connection.py", line 747, in read_response\n    raise ConnectionError(f"Error while reading from {host_error} : {e.args}")\nredis.exceptions.ConnectionError: Error while reading from 192.168.100.128:6379 : (22, \'÷∏∂®µƒÕ¯¬Á√˚≤ª‘Ÿø…”√°£\', None, 64, None)'}
________________ TestValidTransitions.test_hunter_shoot_branch ________________

trans = 0, key = 0, ov = <_overlapped.Overlapped object at 0x0000027C31C74B70>

    @staticmethod
    def finish_socket_func(trans, key, ov):
        try:
>           return ov.getresult()
                   ^^^^^^^^^^^^^^
E           OSError: [WinError 64] ÷∏∂®µƒÕ¯¬Á√˚≤ª‘Ÿø…”√°£

F:\py\Lib\asyncio\windows_events.py:463: OSError

During handling of the above exception, another exception occurred:

self = <redis.asyncio.connection.Connection(host=192.168.100.128,port=6379,db=1)>
disable_decoding = False, timeout = None

    async def read_response(
        self,
        disable_decoding: bool = False,
        timeout: Optional[float] = None,
        *,
        disconnect_on_error: bool = True,
        push_request: Optional[bool] = False,
    ):
        """Read the response from a previously sent command"""
        read_timeout = timeout if timeout is not None else self.socket_timeout
        host_error = self._host_error()
        try:
            if read_timeout is not None and self.protocol in ["3", 3]:
                async with async_timeout(read_timeout):
                    response = await self._parser.read_response(
                        disable_decoding=disable_decoding, push_request=push_request
                    )
            elif read_timeout is not None:
                async with async_timeout(read_timeout):
>                   response = await self._parser.read_response(
                        disable_decoding=disable_decoding

F:\py\Lib\site-packages\redis\asyncio\connection.py:725: 
_ _ _ _ _ _ _ _ _ _ _ _ _ _ _ _ _ _ _ _ _ _ _ _ _ _ _ _ _ _ _ _ _ _ _ _ _ _ _ _
F:\py\Lib\site-packages\redis\_parsers\resp2.py:82: in read_response
    response = await self._read_response(disable_decoding=disable_decoding)
               ^^^^^^^^^^^^^^^^^^^^^^^^^^^^^^^^^^^^^^^^^^^^^^^^^^^^^^^^^^^^
F:\py\Lib\site-packages\redis\_parsers\resp2.py:90: in _read_response
    raw = await self._readline()
          ^^^^^^^^^^^^^^^^^^^^^^
F:\py\Lib\site-packages\redis\_parsers\base.py:559: in _readline
    data = await self._stream.readline()
           ^^^^^^^^^^^^^^^^^^^^^^^^^^^^^
F:\py\Lib\asyncio\streams.py:562: in readline
    line = await self.readuntil(sep)
           ^^^^^^^^^^^^^^^^^^^^^^^^^
F:\py\Lib\asyncio\streams.py:677: in readuntil
    await self._wait_for_data('readuntil')
F:\py\Lib\asyncio\streams.py:539: in _wait_for_data
    await self._waiter
F:\py\Lib\asyncio\proactor_events.py:286: in _loop_reading
    length = fut.result()
             ^^^^^^^^^^^^
F:\py\Lib\asyncio\windows_events.py:804: in _poll
    value = callback(transferred, key, ov)
            ^^^^^^^^^^^^^^^^^^^^^^^^^^^^^^
_ _ _ _ _ _ _ _ _ _ _ _ _ _ _ _ _ _ _ _ _ _ _ _ _ _ _ _ _ _ _ _ _ _ _ _ _ _ _ _

trans = 0, key = 0, ov = <_overlapped.Overlapped object at 0x0000027C31C74B70>

    @staticmethod
    def finish_socket_func(trans, key, ov):
        try:
            return ov.getresult()
        except OSError as exc:
            if exc.winerror in (_overlapped.ERROR_NETNAME_DELETED,
                                _overlapped.ERROR_OPERATION_ABORTED):
>               raise ConnectionResetError(*exc.args)
E               ConnectionResetError: [WinError 64] ÷∏∂®µƒÕ¯¬Á√˚≤ª‘Ÿø…”√°£

F:\py\Lib\asyncio\windows_events.py:467: ConnectionResetError

During handling of the above exception, another exception occurred:

self = <ai_werewolf_core.core.engine.state_machine.PhaseStateMachine object at 0x0000027C31CFBF50>

    async def _get_redis(self) -> aioredis.Redis:
        """ªÒ»° Redis “Ï≤ΩøÕªß∂À£®¿¡≥ı ºªØ£¨π≤œÌ¡¨Ω”≥ÿ£©°£"""
        if self._redis is None:
            try:
>               self._redis = await RedisClientManager.get_client()
                              ^^^^^^^^^^^^^^^^^^^^^^^^^^^^^^^^^^^^^

ai_werewolf_core\core\engine\state_machine.py:156: 
_ _ _ _ _ _ _ _ _ _ _ _ _ _ _ _ _ _ _ _ _ _ _ _ _ _ _ _ _ _ _ _ _ _ _ _ _ _ _ _
ai_werewolf_core\utils\redis_client.py:128: in get_client
    await cls._client.ping()
F:\py\Lib\site-packages\redis\asyncio\client.py:764: in execute_command
    conn = self.connection or await pool.get_connection()
                              ^^^^^^^^^^^^^^^^^^^^^^^^^^^
F:\py\Lib\site-packages\redis\utils.py:227: in async_wrapper
    return await func(*args, **kwargs)
           ^^^^^^^^^^^^^^^^^^^^^^^^^^^
F:\py\Lib\site-packages\redis\asyncio\connection.py:1351: in get_connection
    await self.ensure_connection(connection)
F:\py\Lib\site-packages\redis\asyncio\connection.py:1390: in ensure_connection
    await connection.connect()
F:\py\Lib\site-packages\redis\asyncio\connection.py:339: in connect
    await self.retry.call_with_retry(
F:\py\Lib\site-packages\redis\asyncio\retry.py:81: in call_with_retry
    raise error
F:\py\Lib\site-packages\redis\asyncio\retry.py:69: in call_with_retry
    return await do()
           ^^^^^^^^^^
F:\py\Lib\site-packages\redis\asyncio\connection.py:403: in connect_check_health
    await self.on_connect_check_health(check_health=check_health)
F:\py\Lib\site-packages\redis\asyncio\connection.py:560: in on_connect_check_health
    await self.read_response()
_ _ _ _ _ _ _ _ _ _ _ _ _ _ _ _ _ _ _ _ _ _ _ _ _ _ _ _ _ _ _ _ _ _ _ _ _ _ _ _

self = <redis.asyncio.connection.Connection(host=192.168.100.128,port=6379,db=1)>
disable_decoding = False, timeout = None

    async def read_response(
        self,
        disable_decoding: bool = False,
        timeout: Optional[float] = None,
        *,
        disconnect_on_error: bool = True,
        push_request: Optional[bool] = False,
    ):
        """Read the response from a previously sent command"""
        read_timeout = timeout if timeout is not None else self.socket_timeout
        host_error = self._host_error()
        try:
            if read_timeout is not None and self.protocol in ["3", 3]:
                async with async_timeout(read_timeout):
                    response = await self._parser.read_response(
                        disable_decoding=disable_decoding, push_request=push_request
                    )
            elif read_timeout is not None:
                async with async_timeout(read_timeout):
                    response = await self._parser.read_response(
                        disable_decoding=disable_decoding
                    )
            elif self.protocol in ["3", 3]:
                response = await self._parser.read_response(
                    disable_decoding=disable_decoding, push_request=push_request
                )
            else:
                response = await self._parser.read_response(
                    disable_decoding=disable_decoding
                )
        except asyncio.TimeoutError:
            if timeout is not None:
                # user requested timeout, return None. Operation can be retried
                return None
            # it was a self.socket_timeout error.
            if disconnect_on_error:
                await self.disconnect(nowait=True)
            raise TimeoutError(f"Timeout reading from {host_error}")
        except OSError as e:
            if disconnect_on_error:
                await self.disconnect(nowait=True)
>           raise ConnectionError(f"Error while reading from {host_error} : {e.args}")
E           redis.exceptions.ConnectionError: Error while reading from 192.168.100.128:6379 : (22, '÷∏∂®µƒÕ¯¬Á√˚≤ª‘Ÿø…”√°£', None, 64, None)

F:\py\Lib\site-packages\redis\asyncio\connection.py:747: ConnectionError

The above exception was the direct cause of the following exception:

self = <test_state_machine.TestValidTransitions object at 0x0000027C30390DD0>
state_machine = <ai_werewolf_core.core.engine.state_machine.PhaseStateMachine object at 0x0000027C31CFBF50>

    @pytest.mark.asyncio
    async def test_hunter_shoot_branch(self, state_machine):
        """¡‘»Àø™«π∑÷÷ß: VOTE_RESOLVE -> HUNTER_SHOOT -> GAME_OVER°£"""
>       await state_machine.transition_to(GamePhase.INIT)

tests\unit\core\engine\test_state_machine.py:141: 
_ _ _ _ _ _ _ _ _ _ _ _ _ _ _ _ _ _ _ _ _ _ _ _ _ _ _ _ _ _ _ _ _ _ _ _ _ _ _ _
ai_werewolf_core\core\engine\state_machine.py:374: in transition_to
    current_ctx = await self._load_context()
                  ^^^^^^^^^^^^^^^^^^^^^^^^^^
ai_werewolf_core\core\engine\state_machine.py:181: in _load_context
    redis = await self._get_redis()
            ^^^^^^^^^^^^^^^^^^^^^^^
_ _ _ _ _ _ _ _ _ _ _ _ _ _ _ _ _ _ _ _ _ _ _ _ _ _ _ _ _ _ _ _ _ _ _ _ _ _ _ _

self = <ai_werewolf_core.core.engine.state_machine.PhaseStateMachine object at 0x0000027C31CFBF50>

    async def _get_redis(self) -> aioredis.Redis:
        """ªÒ»° Redis “Ï≤ΩøÕªß∂À£®¿¡≥ı ºªØ£¨π≤œÌ¡¨Ω”≥ÿ£©°£"""
        if self._redis is None:
            try:
                self._redis = await RedisClientManager.get_client()
                self._logger.debug("PhaseStateMachine “—ªÒ»°π≤œÌ Redis øÕªß∂À")
            except (aioredis.ConnectionError, aioredis.TimeoutError) as e:
>               raise RedisUnavailableException(
                    f"PhaseStateMachine Œﬁ∑®ªÒ»° Redis øÕªß∂À: game_id={self.game_id}"
                ) from e
E               ai_werewolf_core.utils.redis_seq.RedisUnavailableException: PhaseStateMachine Œﬁ∑®ªÒ»° Redis øÕªß∂À: game_id=test_game_99d4435ddbdd427586060f195b4dcaa6

ai_werewolf_core\core\engine\state_machine.py:159: RedisUnavailableException
---------------------------- Captured stderr setup ----------------------------
[2m2026-05-14T21:36:43.540657+08:00[0m [[32m[1mdebug    [0m] [1mglobal_subscribe              [0m [[0m[1m[34mai_werewolf_core.core.event.bus[0m][0m [36mhandler[0m=[35m_default_log_subscriber[0m
[2m2026-05-14T21:36:43.540840+08:00[0m [[32m[1mdebug    [0m] [1mglobal_subscribe              [0m [[0m[1m[34mai_werewolf_core.core.event.bus[0m][0m [36mhandler[0m=[35m_persist_to_db[0m
----------------------------- Captured log setup ------------------------------
DEBUG    ai_werewolf_core.core.event.bus:bus.py:519 {'handler': '_default_log_subscriber', 'event': 'global_subscribe', 'level': 'debug', 'logger': 'ai_werewolf_core.core.event.bus', 'timestamp': '2026-05-14T21:36:43.540657+08:00'}
DEBUG    ai_werewolf_core.core.event.bus:bus.py:519 {'handler': '_persist_to_db', 'event': 'global_subscribe', 'level': 'debug', 'logger': 'ai_werewolf_core.core.event.bus', 'timestamp': '2026-05-14T21:36:43.540840+08:00'}
---------------------------- Captured stderr call -----------------------------
[2m2026-05-14T21:36:43.541471+08:00[0m [[32m[1mdebug    [0m] [1mRedis ¡¨Ω”≥ÿ“—¥¥Ω®                  [0m [[0m[1m[34mai_werewolf_core.utils.redis_client[0m][0m [36mmax_connections[0m=[35m300[0m [36msocket_timeout[0m=[35m10[0m
[2m2026-05-14T21:36:48.543946+08:00[0m [[31m[1merror    [0m] [1mRedis ¡¨Ω”—È÷§ ß∞‹ (PING)           [0m [[0m[1m[34mai_werewolf_core.utils.redis_client[0m][0m [36merror[0m=[35m"Error while reading from 192.168.100.128:6379 : (22, '÷∏∂®µƒÕ¯¬Á√˚≤ª‘Ÿø…”√°£', None, 64, None)"[0m [36mhost[0m=[35m192.168.100.128[0m [36mport[0m=[35m6379[0m
Traceback (most recent call last):
  File "F:\py\Lib\asyncio\windows_events.py", line 463, in finish_socket_func
    return ov.getresult()
           ~~~~~~~~~~~~^^
OSError: [WinError 64] ÷∏∂®µƒÕ¯¬Á√˚≤ª‘Ÿø…”√°£

During handling of the above exception, another exception occurred:

Traceback (most recent call last):
  File "F:\py\Lib\site-packages\redis\asyncio\connection.py", line 725, in read_response
    response = await self._parser.read_response(
               ^^^^^^^^^^^^^^^^^^^^^^^^^^^^^^^^^
        disable_decoding=disable_decoding
        ^^^^^^^^^^^^^^^^^^^^^^^^^^^^^^^^^
    )
    ^
  File "F:\py\Lib\site-packages\redis\_parsers\resp2.py", line 82, in read_response
    response = await self._read_response(disable_decoding=disable_decoding)
               ^^^^^^^^^^^^^^^^^^^^^^^^^^^^^^^^^^^^^^^^^^^^^^^^^^^^^^^^^^^^
  File "F:\py\Lib\site-packages\redis\_parsers\resp2.py", line 90, in _read_response
    raw = await self._readline()
          ^^^^^^^^^^^^^^^^^^^^^^
  File "F:\py\Lib\site-packages\redis\_parsers\base.py", line 559, in _readline
    data = await self._stream.readline()
           ^^^^^^^^^^^^^^^^^^^^^^^^^^^^^
  File "F:\py\Lib\asyncio\streams.py", line 562, in readline
    line = await self.readuntil(sep)
           ^^^^^^^^^^^^^^^^^^^^^^^^^
  File "F:\py\Lib\asyncio\streams.py", line 677, in readuntil
    await self._wait_for_data('readuntil')
  File "F:\py\Lib\asyncio\streams.py", line 539, in _wait_for_data
    await self._waiter
  File "F:\py\Lib\asyncio\proactor_events.py", line 286, in _loop_reading
    length = fut.result()
  File "F:\py\Lib\asyncio\windows_events.py", line 804, in _poll
    value = callback(transferred, key, ov)
  File "F:\py\Lib\asyncio\windows_events.py", line 467, in finish_socket_func
    raise ConnectionResetError(*exc.args)
ConnectionResetError: [WinError 64] ÷∏∂®µƒÕ¯¬Á√˚≤ª‘Ÿø…”√°£

During handling of the above exception, another exception occurred:

Traceback (most recent call last):
  File "F:\YilenaCode\Werewolf\ai_werewolf_core\utils\redis_client.py", line 128, in get_client
    await cls._client.ping()
  File "F:\py\Lib\site-packages\redis\asyncio\client.py", line 764, in execute_command
    conn = self.connection or await pool.get_connection()
                              ^^^^^^^^^^^^^^^^^^^^^^^^^^^
  File "F:\py\Lib\site-packages\redis\utils.py", line 227, in async_wrapper
    return await func(*args, **kwargs)
           ^^^^^^^^^^^^^^^^^^^^^^^^^^^
  File "F:\py\Lib\site-packages\redis\asyncio\connection.py", line 1351, in get_connection
    await self.ensure_connection(connection)
  File "F:\py\Lib\site-packages\redis\asyncio\connection.py", line 1390, in ensure_connection
    await connection.connect()
  File "F:\py\Lib\site-packages\redis\asyncio\connection.py", line 339, in connect
    await self.retry.call_with_retry(
    ...<7 lines>...
    )
  File "F:\py\Lib\site-packages\redis\asyncio\retry.py", line 81, in call_with_retry
    raise error
  File "F:\py\Lib\site-packages\redis\asyncio\retry.py", line 69, in call_with_retry
    return await do()
           ^^^^^^^^^^
  File "F:\py\Lib\site-packages\redis\asyncio\connection.py", line 403, in connect_check_health
    await self.on_connect_check_health(check_health=check_health)
  File "F:\py\Lib\site-packages\redis\asyncio\connection.py", line 560, in on_connect_check_health
    await self.read_response()
  File "F:\py\Lib\site-packages\redis\asyncio\connection.py", line 747, in read_response
    raise ConnectionError(f"Error while reading from {host_error} : {e.args}")
redis.exceptions.ConnectionError: Error while reading from 192.168.100.128:6379 : (22, '÷∏∂®µƒÕ¯¬Á√˚≤ª‘Ÿø…”√°£', None, 64, None)
------------------------------ Captured log call ------------------------------
DEBUG    ai_werewolf_core.utils.redis_client:redis_client.py:243 {'max_connections': 300, 'socket_timeout': 10, 'event': 'Redis ¡¨Ω”≥ÿ“—¥¥Ω®', 'level': 'debug', 'logger': 'ai_werewolf_core.utils.redis_client', 'timestamp': '2026-05-14T21:36:43.541471+08:00'}
ERROR    ai_werewolf_core.utils.redis_client:redis_client.py:130 {'host': '192.168.100.128', 'port': 6379, 'error': "Error while reading from 192.168.100.128:6379 : (22, '÷∏∂®µƒÕ¯¬Á√˚≤ª‘Ÿø…”√°£', None, 64, None)", 'event': 'Redis ¡¨Ω”—È÷§ ß∞‹ (PING)', 'level': 'error', 'logger': 'ai_werewolf_core.utils.redis_client', 'timestamp': '2026-05-14T21:36:48.543946+08:00', 'exception': 'Traceback (most recent call last):\n  File "F:\\py\\Lib\\asyncio\\windows_events.py", line 463, in finish_socket_func\n    return ov.getresult()\n           ~~~~~~~~~~~~^^\nOSError: [WinError 64] ÷∏∂®µƒÕ¯¬Á√˚≤ª‘Ÿø…”√°£\n\nDuring handling of the above exception, another exception occurred:\n\nTraceback (most recent call last):\n  File "F:\\py\\Lib\\site-packages\\redis\\asyncio\\connection.py", line 725, in read_response\n    response = await self._parser.read_response(\n               ^^^^^^^^^^^^^^^^^^^^^^^^^^^^^^^^^\n        disable_decoding=disable_decoding\n        ^^^^^^^^^^^^^^^^^^^^^^^^^^^^^^^^^\n    )\n    ^\n  File "F:\\py\\Lib\\site-packages\\redis\\_parsers\\resp2.py", line 82, in read_response\n    response = await self._read_response(disable_decoding=disable_decoding)\n               ^^^^^^^^^^^^^^^^^^^^^^^^^^^^^^^^^^^^^^^^^^^^^^^^^^^^^^^^^^^^\n  File "F:\\py\\Lib\\site-packages\\redis\\_parsers\\resp2.py", line 90, in _read_response\n    raw = await self._readline()\n          ^^^^^^^^^^^^^^^^^^^^^^\n  File "F:\\py\\Lib\\site-packages\\redis\\_parsers\\base.py", line 559, in _readline\n    data = await self._stream.readline()\n           ^^^^^^^^^^^^^^^^^^^^^^^^^^^^^\n  File "F:\\py\\Lib\\asyncio\\streams.py", line 562, in readline\n    line = await self.readuntil(sep)\n           ^^^^^^^^^^^^^^^^^^^^^^^^^\n  File "F:\\py\\Lib\\asyncio\\streams.py", line 677, in readuntil\n    await self._wait_for_data(\'readuntil\')\n  File "F:\\py\\Lib\\asyncio\\streams.py", line 539, in _wait_for_data\n    await self._waiter\n  File "F:\\py\\Lib\\asyncio\\proactor_events.py", line 286, in _loop_reading\n    length = fut.result()\n  File "F:\\py\\Lib\\asyncio\\windows_events.py", line 804, in _poll\n    value = callback(transferred, key, ov)\n  File "F:\\py\\Lib\\asyncio\\windows_events.py", line 467, in finish_socket_func\n    raise ConnectionResetError(*exc.args)\nConnectionResetError: [WinError 64] ÷∏∂®µƒÕ¯¬Á√˚≤ª‘Ÿø…”√°£\n\nDuring handling of the above exception, another exception occurred:\n\nTraceback (most recent call last):\n  File "F:\\YilenaCode\\Werewolf\\ai_werewolf_core\\utils\\redis_client.py", line 128, in get_client\n    await cls._client.ping()\n  File "F:\\py\\Lib\\site-packages\\redis\\asyncio\\client.py", line 764, in execute_command\n    conn = self.connection or await pool.get_connection()\n                              ^^^^^^^^^^^^^^^^^^^^^^^^^^^\n  File "F:\\py\\Lib\\site-packages\\redis\\utils.py", line 227, in async_wrapper\n    return await func(*args, **kwargs)\n           ^^^^^^^^^^^^^^^^^^^^^^^^^^^\n  File "F:\\py\\Lib\\site-packages\\redis\\asyncio\\connection.py", line 1351, in get_connection\n    await self.ensure_connection(connection)\n  File "F:\\py\\Lib\\site-packages\\redis\\asyncio\\connection.py", line 1390, in ensure_connection\n    await connection.connect()\n  File "F:\\py\\Lib\\site-packages\\redis\\asyncio\\connection.py", line 339, in connect\n    await self.retry.call_with_retry(\n    ...<7 lines>...\n    )\n  File "F:\\py\\Lib\\site-packages\\redis\\asyncio\\retry.py", line 81, in call_with_retry\n    raise error\n  File "F:\\py\\Lib\\site-packages\\redis\\asyncio\\retry.py", line 69, in call_with_retry\n    return await do()\n           ^^^^^^^^^^\n  File "F:\\py\\Lib\\site-packages\\redis\\asyncio\\connection.py", line 403, in connect_check_health\n    await self.on_connect_check_health(check_health=check_health)\n  File "F:\\py\\Lib\\site-packages\\redis\\asyncio\\connection.py", line 560, in on_connect_check_health\n    await self.read_response()\n  File "F:\\py\\Lib\\site-packages\\redis\\asyncio\\connection.py", line 747, in read_response\n    raise ConnectionError(f"Error while reading from {host_error} : {e.args}")\nredis.exceptions.ConnectionError: Error while reading from 192.168.100.128:6379 : (22, \'÷∏∂®µƒÕ¯¬Á√˚≤ª‘Ÿø…”√°£\', None, 64, None)'}
_____________ TestValidTransitions.test_last_words_from_day_vote ______________

trans = 0, key = 0, ov = <_overlapped.Overlapped object at 0x0000027C31C747B0>

    @staticmethod
    def finish_socket_func(trans, key, ov):
        try:
>           return ov.getresult()
                   ^^^^^^^^^^^^^^
E           OSError: [WinError 64] ÷∏∂®µƒÕ¯¬Á√˚≤ª‘Ÿø…”√°£

F:\py\Lib\asyncio\windows_events.py:463: OSError

During handling of the above exception, another exception occurred:

self = <redis.asyncio.connection.Connection(host=192.168.100.128,port=6379,db=1)>
disable_decoding = False, timeout = None

    async def read_response(
        self,
        disable_decoding: bool = False,
        timeout: Optional[float] = None,
        *,
        disconnect_on_error: bool = True,
        push_request: Optional[bool] = False,
    ):
        """Read the response from a previously sent command"""
        read_timeout = timeout if timeout is not None else self.socket_timeout
        host_error = self._host_error()
        try:
            if read_timeout is not None and self.protocol in ["3", 3]:
                async with async_timeout(read_timeout):
                    response = await self._parser.read_response(
                        disable_decoding=disable_decoding, push_request=push_request
                    )
            elif read_timeout is not None:
                async with async_timeout(read_timeout):
>                   response = await self._parser.read_response(
                        disable_decoding=disable_decoding

F:\py\Lib\site-packages\redis\asyncio\connection.py:725: 
_ _ _ _ _ _ _ _ _ _ _ _ _ _ _ _ _ _ _ _ _ _ _ _ _ _ _ _ _ _ _ _ _ _ _ _ _ _ _ _
F:\py\Lib\site-packages\redis\_parsers\resp2.py:82: in read_response
    response = await self._read_response(disable_decoding=disable_decoding)
               ^^^^^^^^^^^^^^^^^^^^^^^^^^^^^^^^^^^^^^^^^^^^^^^^^^^^^^^^^^^^
F:\py\Lib\site-packages\redis\_parsers\resp2.py:90: in _read_response
    raw = await self._readline()
          ^^^^^^^^^^^^^^^^^^^^^^
F:\py\Lib\site-packages\redis\_parsers\base.py:559: in _readline
    data = await self._stream.readline()
           ^^^^^^^^^^^^^^^^^^^^^^^^^^^^^
F:\py\Lib\asyncio\streams.py:562: in readline
    line = await self.readuntil(sep)
           ^^^^^^^^^^^^^^^^^^^^^^^^^
F:\py\Lib\asyncio\streams.py:677: in readuntil
    await self._wait_for_data('readuntil')
F:\py\Lib\asyncio\streams.py:539: in _wait_for_data
    await self._waiter
F:\py\Lib\asyncio\proactor_events.py:286: in _loop_reading
    length = fut.result()
             ^^^^^^^^^^^^
F:\py\Lib\asyncio\windows_events.py:804: in _poll
    value = callback(transferred, key, ov)
            ^^^^^^^^^^^^^^^^^^^^^^^^^^^^^^
_ _ _ _ _ _ _ _ _ _ _ _ _ _ _ _ _ _ _ _ _ _ _ _ _ _ _ _ _ _ _ _ _ _ _ _ _ _ _ _

trans = 0, key = 0, ov = <_overlapped.Overlapped object at 0x0000027C31C747B0>

    @staticmethod
    def finish_socket_func(trans, key, ov):
        try:
            return ov.getresult()
        except OSError as exc:
            if exc.winerror in (_overlapped.ERROR_NETNAME_DELETED,
                                _overlapped.ERROR_OPERATION_ABORTED):
>               raise ConnectionResetError(*exc.args)
E               ConnectionResetError: [WinError 64] ÷∏∂®µƒÕ¯¬Á√˚≤ª‘Ÿø…”√°£

F:\py\Lib\asyncio\windows_events.py:467: ConnectionResetError

During handling of the above exception, another exception occurred:

self = <ai_werewolf_core.core.engine.state_machine.PhaseStateMachine object at 0x0000027C31CFB1C0>

    async def _get_redis(self) -> aioredis.Redis:
        """ªÒ»° Redis “Ï≤ΩøÕªß∂À£®¿¡≥ı ºªØ£¨π≤œÌ¡¨Ω”≥ÿ£©°£"""
        if self._redis is None:
            try:
>               self._redis = await RedisClientManager.get_client()
                              ^^^^^^^^^^^^^^^^^^^^^^^^^^^^^^^^^^^^^

ai_werewolf_core\core\engine\state_machine.py:156: 
_ _ _ _ _ _ _ _ _ _ _ _ _ _ _ _ _ _ _ _ _ _ _ _ _ _ _ _ _ _ _ _ _ _ _ _ _ _ _ _
ai_werewolf_core\utils\redis_client.py:128: in get_client
    await cls._client.ping()
F:\py\Lib\site-packages\redis\asyncio\client.py:764: in execute_command
    conn = self.connection or await pool.get_connection()
                              ^^^^^^^^^^^^^^^^^^^^^^^^^^^
F:\py\Lib\site-packages\redis\utils.py:227: in async_wrapper
    return await func(*args, **kwargs)
           ^^^^^^^^^^^^^^^^^^^^^^^^^^^
F:\py\Lib\site-packages\redis\asyncio\connection.py:1351: in get_connection
    await self.ensure_connection(connection)
F:\py\Lib\site-packages\redis\asyncio\connection.py:1390: in ensure_connection
    await connection.connect()
F:\py\Lib\site-packages\redis\asyncio\connection.py:339: in connect
    await self.retry.call_with_retry(
F:\py\Lib\site-packages\redis\asyncio\retry.py:81: in call_with_retry
    raise error
F:\py\Lib\site-packages\redis\asyncio\retry.py:69: in call_with_retry
    return await do()
           ^^^^^^^^^^
F:\py\Lib\site-packages\redis\asyncio\connection.py:403: in connect_check_health
    await self.on_connect_check_health(check_health=check_health)
F:\py\Lib\site-packages\redis\asyncio\connection.py:560: in on_connect_check_health
    await self.read_response()
_ _ _ _ _ _ _ _ _ _ _ _ _ _ _ _ _ _ _ _ _ _ _ _ _ _ _ _ _ _ _ _ _ _ _ _ _ _ _ _

self = <redis.asyncio.connection.Connection(host=192.168.100.128,port=6379,db=1)>
disable_decoding = False, timeout = None

    async def read_response(
        self,
        disable_decoding: bool = False,
        timeout: Optional[float] = None,
        *,
        disconnect_on_error: bool = True,
        push_request: Optional[bool] = False,
    ):
        """Read the response from a previously sent command"""
        read_timeout = timeout if timeout is not None else self.socket_timeout
        host_error = self._host_error()
        try:
            if read_timeout is not None and self.protocol in ["3", 3]:
                async with async_timeout(read_timeout):
                    response = await self._parser.read_response(
                        disable_decoding=disable_decoding, push_request=push_request
                    )
            elif read_timeout is not None:
                async with async_timeout(read_timeout):
                    response = await self._parser.read_response(
                        disable_decoding=disable_decoding
                    )
            elif self.protocol in ["3", 3]:
                response = await self._parser.read_response(
                    disable_decoding=disable_decoding, push_request=push_request
                )
            else:
                response = await self._parser.read_response(
                    disable_decoding=disable_decoding
                )
        except asyncio.TimeoutError:
            if timeout is not None:
                # user requested timeout, return None. Operation can be retried
                return None
            # it was a self.socket_timeout error.
            if disconnect_on_error:
                await self.disconnect(nowait=True)
            raise TimeoutError(f"Timeout reading from {host_error}")
        except OSError as e:
            if disconnect_on_error:
                await self.disconnect(nowait=True)
>           raise ConnectionError(f"Error while reading from {host_error} : {e.args}")
E           redis.exceptions.ConnectionError: Error while reading from 192.168.100.128:6379 : (22, '÷∏∂®µƒÕ¯¬Á√˚≤ª‘Ÿø…”√°£', None, 64, None)

F:\py\Lib\site-packages\redis\asyncio\connection.py:747: ConnectionError

The above exception was the direct cause of the following exception:

self = <test_state_machine.TestValidTransitions object at 0x0000027C302A6E00>
state_machine = <ai_werewolf_core.core.engine.state_machine.PhaseStateMachine object at 0x0000027C31CFB1C0>

    @pytest.mark.asyncio
    async def test_last_words_from_day_vote(self, state_machine):
        """“≈—‘∑÷÷ß (¥” VOTE_RESOLVE Ω¯»Î): DAY_VOTE -> VOTE_RESOLVE -> LAST_WORDS -> NIGHT_START°£"""
>       await state_machine.transition_to(GamePhase.INIT)

tests\unit\core\engine\test_state_machine.py:159: 
_ _ _ _ _ _ _ _ _ _ _ _ _ _ _ _ _ _ _ _ _ _ _ _ _ _ _ _ _ _ _ _ _ _ _ _ _ _ _ _
ai_werewolf_core\core\engine\state_machine.py:374: in transition_to
    current_ctx = await self._load_context()
                  ^^^^^^^^^^^^^^^^^^^^^^^^^^
ai_werewolf_core\core\engine\state_machine.py:181: in _load_context
    redis = await self._get_redis()
            ^^^^^^^^^^^^^^^^^^^^^^^
_ _ _ _ _ _ _ _ _ _ _ _ _ _ _ _ _ _ _ _ _ _ _ _ _ _ _ _ _ _ _ _ _ _ _ _ _ _ _ _

self = <ai_werewolf_core.core.engine.state_machine.PhaseStateMachine object at 0x0000027C31CFB1C0>

    async def _get_redis(self) -> aioredis.Redis:
        """ªÒ»° Redis “Ï≤ΩøÕªß∂À£®¿¡≥ı ºªØ£¨π≤œÌ¡¨Ω”≥ÿ£©°£"""
        if self._redis is None:
            try:
                self._redis = await RedisClientManager.get_client()
                self._logger.debug("PhaseStateMachine “—ªÒ»°π≤œÌ Redis øÕªß∂À")
            except (aioredis.ConnectionError, aioredis.TimeoutError) as e:
>               raise RedisUnavailableException(
                    f"PhaseStateMachine Œﬁ∑®ªÒ»° Redis øÕªß∂À: game_id={self.game_id}"
                ) from e
E               ai_werewolf_core.utils.redis_seq.RedisUnavailableException: PhaseStateMachine Œﬁ∑®ªÒ»° Redis øÕªß∂À: game_id=test_game_a4a11d06d82742629567782c583543bf

ai_werewolf_core\core\engine\state_machine.py:159: RedisUnavailableException
---------------------------- Captured stderr setup ----------------------------
[2m2026-05-14T21:36:48.686948+08:00[0m [[32m[1mdebug    [0m] [1mglobal_subscribe              [0m [[0m[1m[34mai_werewolf_core.core.event.bus[0m][0m [36mhandler[0m=[35m_default_log_subscriber[0m
[2m2026-05-14T21:36:48.687253+08:00[0m [[32m[1mdebug    [0m] [1mglobal_subscribe              [0m [[0m[1m[34mai_werewolf_core.core.event.bus[0m][0m [36mhandler[0m=[35m_persist_to_db[0m
----------------------------- Captured log setup ------------------------------
DEBUG    ai_werewolf_core.core.event.bus:bus.py:519 {'handler': '_default_log_subscriber', 'event': 'global_subscribe', 'level': 'debug', 'logger': 'ai_werewolf_core.core.event.bus', 'timestamp': '2026-05-14T21:36:48.686948+08:00'}
DEBUG    ai_werewolf_core.core.event.bus:bus.py:519 {'handler': '_persist_to_db', 'event': 'global_subscribe', 'level': 'debug', 'logger': 'ai_werewolf_core.core.event.bus', 'timestamp': '2026-05-14T21:36:48.687253+08:00'}
---------------------------- Captured stderr call -----------------------------
[2m2026-05-14T21:36:48.688280+08:00[0m [[32m[1mdebug    [0m] [1mRedis ¡¨Ω”≥ÿ“—¥¥Ω®                  [0m [[0m[1m[34mai_werewolf_core.utils.redis_client[0m][0m [36mmax_connections[0m=[35m300[0m [36msocket_timeout[0m=[35m10[0m
[2m2026-05-14T21:36:53.691788+08:00[0m [[31m[1merror    [0m] [1mRedis ¡¨Ω”—È÷§ ß∞‹ (PING)           [0m [[0m[1m[34mai_werewolf_core.utils.redis_client[0m][0m [36merror[0m=[35m"Error while reading from 192.168.100.128:6379 : (22, '÷∏∂®µƒÕ¯¬Á√˚≤ª‘Ÿø…”√°£', None, 64, None)"[0m [36mhost[0m=[35m192.168.100.128[0m [36mport[0m=[35m6379[0m
Traceback (most recent call last):
  File "F:\py\Lib\asyncio\windows_events.py", line 463, in finish_socket_func
    return ov.getresult()
           ~~~~~~~~~~~~^^
OSError: [WinError 64] ÷∏∂®µƒÕ¯¬Á√˚≤ª‘Ÿø…”√°£

During handling of the above exception, another exception occurred:

Traceback (most recent call last):
  File "F:\py\Lib\site-packages\redis\asyncio\connection.py", line 725, in read_response
    response = await self._parser.read_response(
               ^^^^^^^^^^^^^^^^^^^^^^^^^^^^^^^^^
        disable_decoding=disable_decoding
        ^^^^^^^^^^^^^^^^^^^^^^^^^^^^^^^^^
    )
    ^
  File "F:\py\Lib\site-packages\redis\_parsers\resp2.py", line 82, in read_response
    response = await self._read_response(disable_decoding=disable_decoding)
               ^^^^^^^^^^^^^^^^^^^^^^^^^^^^^^^^^^^^^^^^^^^^^^^^^^^^^^^^^^^^
  File "F:\py\Lib\site-packages\redis\_parsers\resp2.py", line 90, in _read_response
    raw = await self._readline()
          ^^^^^^^^^^^^^^^^^^^^^^
  File "F:\py\Lib\site-packages\redis\_parsers\base.py", line 559, in _readline
    data = await self._stream.readline()
           ^^^^^^^^^^^^^^^^^^^^^^^^^^^^^
  File "F:\py\Lib\asyncio\streams.py", line 562, in readline
    line = await self.readuntil(sep)
           ^^^^^^^^^^^^^^^^^^^^^^^^^
  File "F:\py\Lib\asyncio\streams.py", line 677, in readuntil
    await self._wait_for_data('readuntil')
  File "F:\py\Lib\asyncio\streams.py", line 539, in _wait_for_data
    await self._waiter
  File "F:\py\Lib\asyncio\proactor_events.py", line 286, in _loop_reading
    length = fut.result()
  File "F:\py\Lib\asyncio\windows_events.py", line 804, in _poll
    value = callback(transferred, key, ov)
  File "F:\py\Lib\asyncio\windows_events.py", line 467, in finish_socket_func
    raise ConnectionResetError(*exc.args)
ConnectionResetError: [WinError 64] ÷∏∂®µƒÕ¯¬Á√˚≤ª‘Ÿø…”√°£

During handling of the above exception, another exception occurred:

Traceback (most recent call last):
  File "F:\YilenaCode\Werewolf\ai_werewolf_core\utils\redis_client.py", line 128, in get_client
    await cls._client.ping()
  File "F:\py\Lib\site-packages\redis\asyncio\client.py", line 764, in execute_command
    conn = self.connection or await pool.get_connection()
                              ^^^^^^^^^^^^^^^^^^^^^^^^^^^
  File "F:\py\Lib\site-packages\redis\utils.py", line 227, in async_wrapper
    return await func(*args, **kwargs)
           ^^^^^^^^^^^^^^^^^^^^^^^^^^^
  File "F:\py\Lib\site-packages\redis\asyncio\connection.py", line 1351, in get_connection
    await self.ensure_connection(connection)
  File "F:\py\Lib\site-packages\redis\asyncio\connection.py", line 1390, in ensure_connection
    await connection.connect()
  File "F:\py\Lib\site-packages\redis\asyncio\connection.py", line 339, in connect
    await self.retry.call_with_retry(
    ...<7 lines>...
    )
  File "F:\py\Lib\site-packages\redis\asyncio\retry.py", line 81, in call_with_retry
    raise error
  File "F:\py\Lib\site-packages\redis\asyncio\retry.py", line 69, in call_with_retry
    return await do()
           ^^^^^^^^^^
  File "F:\py\Lib\site-packages\redis\asyncio\connection.py", line 403, in connect_check_health
    await self.on_connect_check_health(check_health=check_health)
  File "F:\py\Lib\site-packages\redis\asyncio\connection.py", line 560, in on_connect_check_health
    await self.read_response()
  File "F:\py\Lib\site-packages\redis\asyncio\connection.py", line 747, in read_response
    raise ConnectionError(f"Error while reading from {host_error} : {e.args}")
redis.exceptions.ConnectionError: Error while reading from 192.168.100.128:6379 : (22, '÷∏∂®µƒÕ¯¬Á√˚≤ª‘Ÿø…”√°£', None, 64, None)
------------------------------ Captured log call ------------------------------
DEBUG    ai_werewolf_core.utils.redis_client:redis_client.py:243 {'max_connections': 300, 'socket_timeout': 10, 'event': 'Redis ¡¨Ω”≥ÿ“—¥¥Ω®', 'level': 'debug', 'logger': 'ai_werewolf_core.utils.redis_client', 'timestamp': '2026-05-14T21:36:48.688280+08:00'}
ERROR    ai_werewolf_core.utils.redis_client:redis_client.py:130 {'host': '192.168.100.128', 'port': 6379, 'error': "Error while reading from 192.168.100.128:6379 : (22, '÷∏∂®µƒÕ¯¬Á√˚≤ª‘Ÿø…”√°£', None, 64, None)", 'event': 'Redis ¡¨Ω”—È÷§ ß∞‹ (PING)', 'level': 'error', 'logger': 'ai_werewolf_core.utils.redis_client', 'timestamp': '2026-05-14T21:36:53.691788+08:00', 'exception': 'Traceback (most recent call last):\n  File "F:\\py\\Lib\\asyncio\\windows_events.py", line 463, in finish_socket_func\n    return ov.getresult()\n           ~~~~~~~~~~~~^^\nOSError: [WinError 64] ÷∏∂®µƒÕ¯¬Á√˚≤ª‘Ÿø…”√°£\n\nDuring handling of the above exception, another exception occurred:\n\nTraceback (most recent call last):\n  File "F:\\py\\Lib\\site-packages\\redis\\asyncio\\connection.py", line 725, in read_response\n    response = await self._parser.read_response(\n               ^^^^^^^^^^^^^^^^^^^^^^^^^^^^^^^^^\n        disable_decoding=disable_decoding\n        ^^^^^^^^^^^^^^^^^^^^^^^^^^^^^^^^^\n    )\n    ^\n  File "F:\\py\\Lib\\site-packages\\redis\\_parsers\\resp2.py", line 82, in read_response\n    response = await self._read_response(disable_decoding=disable_decoding)\n               ^^^^^^^^^^^^^^^^^^^^^^^^^^^^^^^^^^^^^^^^^^^^^^^^^^^^^^^^^^^^\n  File "F:\\py\\Lib\\site-packages\\redis\\_parsers\\resp2.py", line 90, in _read_response\n    raw = await self._readline()\n          ^^^^^^^^^^^^^^^^^^^^^^\n  File "F:\\py\\Lib\\site-packages\\redis\\_parsers\\base.py", line 559, in _readline\n    data = await self._stream.readline()\n           ^^^^^^^^^^^^^^^^^^^^^^^^^^^^^\n  File "F:\\py\\Lib\\asyncio\\streams.py", line 562, in readline\n    line = await self.readuntil(sep)\n           ^^^^^^^^^^^^^^^^^^^^^^^^^\n  File "F:\\py\\Lib\\asyncio\\streams.py", line 677, in readuntil\n    await self._wait_for_data(\'readuntil\')\n  File "F:\\py\\Lib\\asyncio\\streams.py", line 539, in _wait_for_data\n    await self._waiter\n  File "F:\\py\\Lib\\asyncio\\proactor_events.py", line 286, in _loop_reading\n    length = fut.result()\n  File "F:\\py\\Lib\\asyncio\\windows_events.py", line 804, in _poll\n    value = callback(transferred, key, ov)\n  File "F:\\py\\Lib\\asyncio\\windows_events.py", line 467, in finish_socket_func\n    raise ConnectionResetError(*exc.args)\nConnectionResetError: [WinError 64] ÷∏∂®µƒÕ¯¬Á√˚≤ª‘Ÿø…”√°£\n\nDuring handling of the above exception, another exception occurred:\n\nTraceback (most recent call last):\n  File "F:\\YilenaCode\\Werewolf\\ai_werewolf_core\\utils\\redis_client.py", line 128, in get_client\n    await cls._client.ping()\n  File "F:\\py\\Lib\\site-packages\\redis\\asyncio\\client.py", line 764, in execute_command\n    conn = self.connection or await pool.get_connection()\n                              ^^^^^^^^^^^^^^^^^^^^^^^^^^^\n  File "F:\\py\\Lib\\site-packages\\redis\\utils.py", line 227, in async_wrapper\n    return await func(*args, **kwargs)\n           ^^^^^^^^^^^^^^^^^^^^^^^^^^^\n  File "F:\\py\\Lib\\site-packages\\redis\\asyncio\\connection.py", line 1351, in get_connection\n    await self.ensure_connection(connection)\n  File "F:\\py\\Lib\\site-packages\\redis\\asyncio\\connection.py", line 1390, in ensure_connection\n    await connection.connect()\n  File "F:\\py\\Lib\\site-packages\\redis\\asyncio\\connection.py", line 339, in connect\n    await self.retry.call_with_retry(\n    ...<7 lines>...\n    )\n  File "F:\\py\\Lib\\site-packages\\redis\\asyncio\\retry.py", line 81, in call_with_retry\n    raise error\n  File "F:\\py\\Lib\\site-packages\\redis\\asyncio\\retry.py", line 69, in call_with_retry\n    return await do()\n           ^^^^^^^^^^\n  File "F:\\py\\Lib\\site-packages\\redis\\asyncio\\connection.py", line 403, in connect_check_health\n    await self.on_connect_check_health(check_health=check_health)\n  File "F:\\py\\Lib\\site-packages\\redis\\asyncio\\connection.py", line 560, in on_connect_check_health\n    await self.read_response()\n  File "F:\\py\\Lib\\site-packages\\redis\\asyncio\\connection.py", line 747, in read_response\n    raise ConnectionError(f"Error while reading from {host_error} : {e.args}")\nredis.exceptions.ConnectionError: Error while reading from 192.168.100.128:6379 : (22, \'÷∏∂®µƒÕ¯¬Á√˚≤ª‘Ÿø…”√°£\', None, 64, None)'}
________ TestValidTransitions.test_game_over_to_night_starts_new_round ________

trans = 0, key = 0, ov = <_overlapped.Overlapped object at 0x0000027C30835A70>

    @staticmethod
    def finish_socket_func(trans, key, ov):
        try:
>           return ov.getresult()
                   ^^^^^^^^^^^^^^
E           OSError: [WinError 64] ÷∏∂®µƒÕ¯¬Á√˚≤ª‘Ÿø…”√°£

F:\py\Lib\asyncio\windows_events.py:463: OSError

During handling of the above exception, another exception occurred:

self = <redis.asyncio.connection.Connection(host=192.168.100.128,port=6379,db=1)>
disable_decoding = False, timeout = None

    async def read_response(
        self,
        disable_decoding: bool = False,
        timeout: Optional[float] = None,
        *,
        disconnect_on_error: bool = True,
        push_request: Optional[bool] = False,
    ):
        """Read the response from a previously sent command"""
        read_timeout = timeout if timeout is not None else self.socket_timeout
        host_error = self._host_error()
        try:
            if read_timeout is not None and self.protocol in ["3", 3]:
                async with async_timeout(read_timeout):
                    response = await self._parser.read_response(
                        disable_decoding=disable_decoding, push_request=push_request
                    )
            elif read_timeout is not None:
                async with async_timeout(read_timeout):
>                   response = await self._parser.read_response(
                        disable_decoding=disable_decoding

F:\py\Lib\site-packages\redis\asyncio\connection.py:725: 
_ _ _ _ _ _ _ _ _ _ _ _ _ _ _ _ _ _ _ _ _ _ _ _ _ _ _ _ _ _ _ _ _ _ _ _ _ _ _ _
F:\py\Lib\site-packages\redis\_parsers\resp2.py:82: in read_response
    response = await self._read_response(disable_decoding=disable_decoding)
               ^^^^^^^^^^^^^^^^^^^^^^^^^^^^^^^^^^^^^^^^^^^^^^^^^^^^^^^^^^^^
F:\py\Lib\site-packages\redis\_parsers\resp2.py:90: in _read_response
    raw = await self._readline()
          ^^^^^^^^^^^^^^^^^^^^^^
F:\py\Lib\site-packages\redis\_parsers\base.py:559: in _readline
    data = await self._stream.readline()
           ^^^^^^^^^^^^^^^^^^^^^^^^^^^^^
F:\py\Lib\asyncio\streams.py:562: in readline
    line = await self.readuntil(sep)
           ^^^^^^^^^^^^^^^^^^^^^^^^^
F:\py\Lib\asyncio\streams.py:677: in readuntil
    await self._wait_for_data('readuntil')
F:\py\Lib\asyncio\streams.py:539: in _wait_for_data
    await self._waiter
F:\py\Lib\asyncio\proactor_events.py:286: in _loop_reading
    length = fut.result()
             ^^^^^^^^^^^^
F:\py\Lib\asyncio\windows_events.py:804: in _poll
    value = callback(transferred, key, ov)
            ^^^^^^^^^^^^^^^^^^^^^^^^^^^^^^
_ _ _ _ _ _ _ _ _ _ _ _ _ _ _ _ _ _ _ _ _ _ _ _ _ _ _ _ _ _ _ _ _ _ _ _ _ _ _ _

trans = 0, key = 0, ov = <_overlapped.Overlapped object at 0x0000027C30835A70>

    @staticmethod
    def finish_socket_func(trans, key, ov):
        try:
            return ov.getresult()
        except OSError as exc:
            if exc.winerror in (_overlapped.ERROR_NETNAME_DELETED,
                                _overlapped.ERROR_OPERATION_ABORTED):
>               raise ConnectionResetError(*exc.args)
E               ConnectionResetError: [WinError 64] ÷∏∂®µƒÕ¯¬Á√˚≤ª‘Ÿø…”√°£

F:\py\Lib\asyncio\windows_events.py:467: ConnectionResetError

During handling of the above exception, another exception occurred:

self = <ai_werewolf_core.core.engine.state_machine.PhaseStateMachine object at 0x0000027C31CF9470>

    async def _get_redis(self) -> aioredis.Redis:
        """ªÒ»° Redis “Ï≤ΩøÕªß∂À£®¿¡≥ı ºªØ£¨π≤œÌ¡¨Ω”≥ÿ£©°£"""
        if self._redis is None:
            try:
>               self._redis = await RedisClientManager.get_client()
                              ^^^^^^^^^^^^^^^^^^^^^^^^^^^^^^^^^^^^^

ai_werewolf_core\core\engine\state_machine.py:156: 
_ _ _ _ _ _ _ _ _ _ _ _ _ _ _ _ _ _ _ _ _ _ _ _ _ _ _ _ _ _ _ _ _ _ _ _ _ _ _ _
ai_werewolf_core\utils\redis_client.py:128: in get_client
    await cls._client.ping()
F:\py\Lib\site-packages\redis\asyncio\client.py:764: in execute_command
    conn = self.connection or await pool.get_connection()
                              ^^^^^^^^^^^^^^^^^^^^^^^^^^^
F:\py\Lib\site-packages\redis\utils.py:227: in async_wrapper
    return await func(*args, **kwargs)
           ^^^^^^^^^^^^^^^^^^^^^^^^^^^
F:\py\Lib\site-packages\redis\asyncio\connection.py:1351: in get_connection
    await self.ensure_connection(connection)
F:\py\Lib\site-packages\redis\asyncio\connection.py:1390: in ensure_connection
    await connection.connect()
F:\py\Lib\site-packages\redis\asyncio\connection.py:339: in connect
    await self.retry.call_with_retry(
F:\py\Lib\site-packages\redis\asyncio\retry.py:81: in call_with_retry
    raise error
F:\py\Lib\site-packages\redis\asyncio\retry.py:69: in call_with_retry
    return await do()
           ^^^^^^^^^^
F:\py\Lib\site-packages\redis\asyncio\connection.py:403: in connect_check_health
    await self.on_connect_check_health(check_health=check_health)
F:\py\Lib\site-packages\redis\asyncio\connection.py:560: in on_connect_check_health
    await self.read_response()
_ _ _ _ _ _ _ _ _ _ _ _ _ _ _ _ _ _ _ _ _ _ _ _ _ _ _ _ _ _ _ _ _ _ _ _ _ _ _ _

self = <redis.asyncio.connection.Connection(host=192.168.100.128,port=6379,db=1)>
disable_decoding = False, timeout = None

    async def read_response(
        self,
        disable_decoding: bool = False,
        timeout: Optional[float] = None,
        *,
        disconnect_on_error: bool = True,
        push_request: Optional[bool] = False,
    ):
        """Read the response from a previously sent command"""
        read_timeout = timeout if timeout is not None else self.socket_timeout
        host_error = self._host_error()
        try:
            if read_timeout is not None and self.protocol in ["3", 3]:
                async with async_timeout(read_timeout):
                    response = await self._parser.read_response(
                        disable_decoding=disable_decoding, push_request=push_request
                    )
            elif read_timeout is not None:
                async with async_timeout(read_timeout):
                    response = await self._parser.read_response(
                        disable_decoding=disable_decoding
                    )
            elif self.protocol in ["3", 3]:
                response = await self._parser.read_response(
                    disable_decoding=disable_decoding, push_request=push_request
                )
            else:
                response = await self._parser.read_response(
                    disable_decoding=disable_decoding
                )
        except asyncio.TimeoutError:
            if timeout is not None:
                # user requested timeout, return None. Operation can be retried
                return None
            # it was a self.socket_timeout error.
            if disconnect_on_error:
                await self.disconnect(nowait=True)
            raise TimeoutError(f"Timeout reading from {host_error}")
        except OSError as e:
            if disconnect_on_error:
                await self.disconnect(nowait=True)
>           raise ConnectionError(f"Error while reading from {host_error} : {e.args}")
E           redis.exceptions.ConnectionError: Error while reading from 192.168.100.128:6379 : (22, '÷∏∂®µƒÕ¯¬Á√˚≤ª‘Ÿø…”√°£', None, 64, None)

F:\py\Lib\site-packages\redis\asyncio\connection.py:747: ConnectionError

The above exception was the direct cause of the following exception:

self = <test_state_machine.TestValidTransitions object at 0x0000027C302A7020>
state_machine = <ai_werewolf_core.core.engine.state_machine.PhaseStateMachine object at 0x0000027C31CF9470>

    @pytest.mark.asyncio
    async def test_game_over_to_night_starts_new_round(self, state_machine):
        """
        GAME_OVER -> INIT -> NIGHT_START ”¶∏√µ›‘ˆ¬÷¥Œ (–¬µƒ“ª¬÷)°£
    
        **Why**: ’‚ «∂‡¬÷”Œœ∑µƒ—≠ª∑ª˙÷∆£¨»∑±£√ø¬÷µƒÃÏ∫⁄Ω◊∂Œ’˝»∑±Íº«¬÷¥Œµ›‘ˆ°£
        """
>       await state_machine.transition_to(GamePhase.INIT)

tests\unit\core\engine\test_state_machine.py:181: 
_ _ _ _ _ _ _ _ _ _ _ _ _ _ _ _ _ _ _ _ _ _ _ _ _ _ _ _ _ _ _ _ _ _ _ _ _ _ _ _
ai_werewolf_core\core\engine\state_machine.py:374: in transition_to
    current_ctx = await self._load_context()
                  ^^^^^^^^^^^^^^^^^^^^^^^^^^
ai_werewolf_core\core\engine\state_machine.py:181: in _load_context
    redis = await self._get_redis()
            ^^^^^^^^^^^^^^^^^^^^^^^
_ _ _ _ _ _ _ _ _ _ _ _ _ _ _ _ _ _ _ _ _ _ _ _ _ _ _ _ _ _ _ _ _ _ _ _ _ _ _ _

self = <ai_werewolf_core.core.engine.state_machine.PhaseStateMachine object at 0x0000027C31CF9470>

    async def _get_redis(self) -> aioredis.Redis:
        """ªÒ»° Redis “Ï≤ΩøÕªß∂À£®¿¡≥ı ºªØ£¨π≤œÌ¡¨Ω”≥ÿ£©°£"""
        if self._redis is None:
            try:
                self._redis = await RedisClientManager.get_client()
                self._logger.debug("PhaseStateMachine “—ªÒ»°π≤œÌ Redis øÕªß∂À")
            except (aioredis.ConnectionError, aioredis.TimeoutError) as e:
>               raise RedisUnavailableException(
                    f"PhaseStateMachine Œﬁ∑®ªÒ»° Redis øÕªß∂À: game_id={self.game_id}"
                ) from e
E               ai_werewolf_core.utils.redis_seq.RedisUnavailableException: PhaseStateMachine Œﬁ∑®ªÒ»° Redis øÕªß∂À: game_id=test_game_e111cf03644145b78c9be35e555fec16

ai_werewolf_core\core\engine\state_machine.py:159: RedisUnavailableException
---------------------------- Captured stderr setup ----------------------------
[2m2026-05-14T21:36:53.962291+08:00[0m [[32m[1mdebug    [0m] [1mglobal_subscribe              [0m [[0m[1m[34mai_werewolf_core.core.event.bus[0m][0m [36mhandler[0m=[35m_default_log_subscriber[0m
[2m2026-05-14T21:36:53.962603+08:00[0m [[32m[1mdebug    [0m] [1mglobal_subscribe              [0m [[0m[1m[34mai_werewolf_core.core.event.bus[0m][0m [36mhandler[0m=[35m_persist_to_db[0m
----------------------------- Captured log setup ------------------------------
DEBUG    ai_werewolf_core.core.event.bus:bus.py:519 {'handler': '_default_log_subscriber', 'event': 'global_subscribe', 'level': 'debug', 'logger': 'ai_werewolf_core.core.event.bus', 'timestamp': '2026-05-14T21:36:53.962291+08:00'}
DEBUG    ai_werewolf_core.core.event.bus:bus.py:519 {'handler': '_persist_to_db', 'event': 'global_subscribe', 'level': 'debug', 'logger': 'ai_werewolf_core.core.event.bus', 'timestamp': '2026-05-14T21:36:53.962603+08:00'}
---------------------------- Captured stderr call -----------------------------
[2m2026-05-14T21:36:53.963591+08:00[0m [[32m[1mdebug    [0m] [1mRedis ¡¨Ω”≥ÿ“—¥¥Ω®                  [0m [[0m[1m[34mai_werewolf_core.utils.redis_client[0m][0m [36mmax_connections[0m=[35m300[0m [36msocket_timeout[0m=[35m10[0m
[2m2026-05-14T21:36:58.967302+08:00[0m [[31m[1merror    [0m] [1mRedis ¡¨Ω”—È÷§ ß∞‹ (PING)           [0m [[0m[1m[34mai_werewolf_core.utils.redis_client[0m][0m [36merror[0m=[35m"Error while reading from 192.168.100.128:6379 : (22, '÷∏∂®µƒÕ¯¬Á√˚≤ª‘Ÿø…”√°£', None, 64, None)"[0m [36mhost[0m=[35m192.168.100.128[0m [36mport[0m=[35m6379[0m
Traceback (most recent call last):
  File "F:\py\Lib\asyncio\windows_events.py", line 463, in finish_socket_func
    return ov.getresult()
           ~~~~~~~~~~~~^^
OSError: [WinError 64] ÷∏∂®µƒÕ¯¬Á√˚≤ª‘Ÿø…”√°£

During handling of the above exception, another exception occurred:

Traceback (most recent call last):
  File "F:\py\Lib\site-packages\redis\asyncio\connection.py", line 725, in read_response
    response = await self._parser.read_response(
               ^^^^^^^^^^^^^^^^^^^^^^^^^^^^^^^^^
        disable_decoding=disable_decoding
        ^^^^^^^^^^^^^^^^^^^^^^^^^^^^^^^^^
    )
    ^
  File "F:\py\Lib\site-packages\redis\_parsers\resp2.py", line 82, in read_response
    response = await self._read_response(disable_decoding=disable_decoding)
               ^^^^^^^^^^^^^^^^^^^^^^^^^^^^^^^^^^^^^^^^^^^^^^^^^^^^^^^^^^^^
  File "F:\py\Lib\site-packages\redis\_parsers\resp2.py", line 90, in _read_response
    raw = await self._readline()
          ^^^^^^^^^^^^^^^^^^^^^^
  File "F:\py\Lib\site-packages\redis\_parsers\base.py", line 559, in _readline
    data = await self._stream.readline()
           ^^^^^^^^^^^^^^^^^^^^^^^^^^^^^
  File "F:\py\Lib\asyncio\streams.py", line 562, in readline
    line = await self.readuntil(sep)
           ^^^^^^^^^^^^^^^^^^^^^^^^^
  File "F:\py\Lib\asyncio\streams.py", line 677, in readuntil
    await self._wait_for_data('readuntil')
  File "F:\py\Lib\asyncio\streams.py", line 539, in _wait_for_data
    await self._waiter
  File "F:\py\Lib\asyncio\proactor_events.py", line 286, in _loop_reading
    length = fut.result()
  File "F:\py\Lib\asyncio\windows_events.py", line 804, in _poll
    value = callback(transferred, key, ov)
  File "F:\py\Lib\asyncio\windows_events.py", line 467, in finish_socket_func
    raise ConnectionResetError(*exc.args)
ConnectionResetError: [WinError 64] ÷∏∂®µƒÕ¯¬Á√˚≤ª‘Ÿø…”√°£

During handling of the above exception, another exception occurred:

Traceback (most recent call last):
  File "F:\YilenaCode\Werewolf\ai_werewolf_core\utils\redis_client.py", line 128, in get_client
    await cls._client.ping()
  File "F:\py\Lib\site-packages\redis\asyncio\client.py", line 764, in execute_command
    conn = self.connection or await pool.get_connection()
                              ^^^^^^^^^^^^^^^^^^^^^^^^^^^
  File "F:\py\Lib\site-packages\redis\utils.py", line 227, in async_wrapper
    return await func(*args, **kwargs)
           ^^^^^^^^^^^^^^^^^^^^^^^^^^^
  File "F:\py\Lib\site-packages\redis\asyncio\connection.py", line 1351, in get_connection
    await self.ensure_connection(connection)
  File "F:\py\Lib\site-packages\redis\asyncio\connection.py", line 1390, in ensure_connection
    await connection.connect()
  File "F:\py\Lib\site-packages\redis\asyncio\connection.py", line 339, in connect
    await self.retry.call_with_retry(
    ...<7 lines>...
    )
  File "F:\py\Lib\site-packages\redis\asyncio\retry.py", line 81, in call_with_retry
    raise error
  File "F:\py\Lib\site-packages\redis\asyncio\retry.py", line 69, in call_with_retry
    return await do()
           ^^^^^^^^^^
  File "F:\py\Lib\site-packages\redis\asyncio\connection.py", line 403, in connect_check_health
    await self.on_connect_check_health(check_health=check_health)
  File "F:\py\Lib\site-packages\redis\asyncio\connection.py", line 560, in on_connect_check_health
    await self.read_response()
  File "F:\py\Lib\site-packages\redis\asyncio\connection.py", line 747, in read_response
    raise ConnectionError(f"Error while reading from {host_error} : {e.args}")
redis.exceptions.ConnectionError: Error while reading from 192.168.100.128:6379 : (22, '÷∏∂®µƒÕ¯¬Á√˚≤ª‘Ÿø…”√°£', None, 64, None)
------------------------------ Captured log call ------------------------------
DEBUG    ai_werewolf_core.utils.redis_client:redis_client.py:243 {'max_connections': 300, 'socket_timeout': 10, 'event': 'Redis ¡¨Ω”≥ÿ“—¥¥Ω®', 'level': 'debug', 'logger': 'ai_werewolf_core.utils.redis_client', 'timestamp': '2026-05-14T21:36:53.963591+08:00'}
ERROR    ai_werewolf_core.utils.redis_client:redis_client.py:130 {'host': '192.168.100.128', 'port': 6379, 'error': "Error while reading from 192.168.100.128:6379 : (22, '÷∏∂®µƒÕ¯¬Á√˚≤ª‘Ÿø…”√°£', None, 64, None)", 'event': 'Redis ¡¨Ω”—È÷§ ß∞‹ (PING)', 'level': 'error', 'logger': 'ai_werewolf_core.utils.redis_client', 'timestamp': '2026-05-14T21:36:58.967302+08:00', 'exception': 'Traceback (most recent call last):\n  File "F:\\py\\Lib\\asyncio\\windows_events.py", line 463, in finish_socket_func\n    return ov.getresult()\n           ~~~~~~~~~~~~^^\nOSError: [WinError 64] ÷∏∂®µƒÕ¯¬Á√˚≤ª‘Ÿø…”√°£\n\nDuring handling of the above exception, another exception occurred:\n\nTraceback (most recent call last):\n  File "F:\\py\\Lib\\site-packages\\redis\\asyncio\\connection.py", line 725, in read_response\n    response = await self._parser.read_response(\n               ^^^^^^^^^^^^^^^^^^^^^^^^^^^^^^^^^\n        disable_decoding=disable_decoding\n        ^^^^^^^^^^^^^^^^^^^^^^^^^^^^^^^^^\n    )\n    ^\n  File "F:\\py\\Lib\\site-packages\\redis\\_parsers\\resp2.py", line 82, in read_response\n    response = await self._read_response(disable_decoding=disable_decoding)\n               ^^^^^^^^^^^^^^^^^^^^^^^^^^^^^^^^^^^^^^^^^^^^^^^^^^^^^^^^^^^^\n  File "F:\\py\\Lib\\site-packages\\redis\\_parsers\\resp2.py", line 90, in _read_response\n    raw = await self._readline()\n          ^^^^^^^^^^^^^^^^^^^^^^\n  File "F:\\py\\Lib\\site-packages\\redis\\_parsers\\base.py", line 559, in _readline\n    data = await self._stream.readline()\n           ^^^^^^^^^^^^^^^^^^^^^^^^^^^^^\n  File "F:\\py\\Lib\\asyncio\\streams.py", line 562, in readline\n    line = await self.readuntil(sep)\n           ^^^^^^^^^^^^^^^^^^^^^^^^^\n  File "F:\\py\\Lib\\asyncio\\streams.py", line 677, in readuntil\n    await self._wait_for_data(\'readuntil\')\n  File "F:\\py\\Lib\\asyncio\\streams.py", line 539, in _wait_for_data\n    await self._waiter\n  File "F:\\py\\Lib\\asyncio\\proactor_events.py", line 286, in _loop_reading\n    length = fut.result()\n  File "F:\\py\\Lib\\asyncio\\windows_events.py", line 804, in _poll\n    value = callback(transferred, key, ov)\n  File "F:\\py\\Lib\\asyncio\\windows_events.py", line 467, in finish_socket_func\n    raise ConnectionResetError(*exc.args)\nConnectionResetError: [WinError 64] ÷∏∂®µƒÕ¯¬Á√˚≤ª‘Ÿø…”√°£\n\nDuring handling of the above exception, another exception occurred:\n\nTraceback (most recent call last):\n  File "F:\\YilenaCode\\Werewolf\\ai_werewolf_core\\utils\\redis_client.py", line 128, in get_client\n    await cls._client.ping()\n  File "F:\\py\\Lib\\site-packages\\redis\\asyncio\\client.py", line 764, in execute_command\n    conn = self.connection or await pool.get_connection()\n                              ^^^^^^^^^^^^^^^^^^^^^^^^^^^\n  File "F:\\py\\Lib\\site-packages\\redis\\utils.py", line 227, in async_wrapper\n    return await func(*args, **kwargs)\n           ^^^^^^^^^^^^^^^^^^^^^^^^^^^\n  File "F:\\py\\Lib\\site-packages\\redis\\asyncio\\connection.py", line 1351, in get_connection\n    await self.ensure_connection(connection)\n  File "F:\\py\\Lib\\site-packages\\redis\\asyncio\\connection.py", line 1390, in ensure_connection\n    await connection.connect()\n  File "F:\\py\\Lib\\site-packages\\redis\\asyncio\\connection.py", line 339, in connect\n    await self.retry.call_with_retry(\n    ...<7 lines>...\n    )\n  File "F:\\py\\Lib\\site-packages\\redis\\asyncio\\retry.py", line 81, in call_with_retry\n    raise error\n  File "F:\\py\\Lib\\site-packages\\redis\\asyncio\\retry.py", line 69, in call_with_retry\n    return await do()\n           ^^^^^^^^^^\n  File "F:\\py\\Lib\\site-packages\\redis\\asyncio\\connection.py", line 403, in connect_check_health\n    await self.on_connect_check_health(check_health=check_health)\n  File "F:\\py\\Lib\\site-packages\\redis\\asyncio\\connection.py", line 560, in on_connect_check_health\n    await self.read_response()\n  File "F:\\py\\Lib\\site-packages\\redis\\asyncio\\connection.py", line 747, in read_response\n    raise ConnectionError(f"Error while reading from {host_error} : {e.args}")\nredis.exceptions.ConnectionError: Error while reading from 192.168.100.128:6379 : (22, \'÷∏∂®µƒÕ¯¬Á√˚≤ª‘Ÿø…”√°£\', None, 64, None)'}
____________ TestValidTransitions.test_game_over_to_none_ends_game ____________

trans = 0, key = 0, ov = <_overlapped.Overlapped object at 0x0000027C308441B0>

    @staticmethod
    def finish_socket_func(trans, key, ov):
        try:
>           return ov.getresult()
                   ^^^^^^^^^^^^^^
E           OSError: [WinError 64] ÷∏∂®µƒÕ¯¬Á√˚≤ª‘Ÿø…”√°£

F:\py\Lib\asyncio\windows_events.py:463: OSError

During handling of the above exception, another exception occurred:

self = <redis.asyncio.connection.Connection(host=192.168.100.128,port=6379,db=1)>
disable_decoding = False, timeout = None

    async def read_response(
        self,
        disable_decoding: bool = False,
        timeout: Optional[float] = None,
        *,
        disconnect_on_error: bool = True,
        push_request: Optional[bool] = False,
    ):
        """Read the response from a previously sent command"""
        read_timeout = timeout if timeout is not None else self.socket_timeout
        host_error = self._host_error()
        try:
            if read_timeout is not None and self.protocol in ["3", 3]:
                async with async_timeout(read_timeout):
                    response = await self._parser.read_response(
                        disable_decoding=disable_decoding, push_request=push_request
                    )
            elif read_timeout is not None:
                async with async_timeout(read_timeout):
>                   response = await self._parser.read_response(
                        disable_decoding=disable_decoding

F:\py\Lib\site-packages\redis\asyncio\connection.py:725: 
_ _ _ _ _ _ _ _ _ _ _ _ _ _ _ _ _ _ _ _ _ _ _ _ _ _ _ _ _ _ _ _ _ _ _ _ _ _ _ _
F:\py\Lib\site-packages\redis\_parsers\resp2.py:82: in read_response
    response = await self._read_response(disable_decoding=disable_decoding)
               ^^^^^^^^^^^^^^^^^^^^^^^^^^^^^^^^^^^^^^^^^^^^^^^^^^^^^^^^^^^^
F:\py\Lib\site-packages\redis\_parsers\resp2.py:90: in _read_response
    raw = await self._readline()
          ^^^^^^^^^^^^^^^^^^^^^^
F:\py\Lib\site-packages\redis\_parsers\base.py:559: in _readline
    data = await self._stream.readline()
           ^^^^^^^^^^^^^^^^^^^^^^^^^^^^^
F:\py\Lib\asyncio\streams.py:562: in readline
    line = await self.readuntil(sep)
           ^^^^^^^^^^^^^^^^^^^^^^^^^
F:\py\Lib\asyncio\streams.py:677: in readuntil
    await self._wait_for_data('readuntil')
F:\py\Lib\asyncio\streams.py:539: in _wait_for_data
    await self._waiter
F:\py\Lib\asyncio\proactor_events.py:286: in _loop_reading
    length = fut.result()
             ^^^^^^^^^^^^
F:\py\Lib\asyncio\windows_events.py:804: in _poll
    value = callback(transferred, key, ov)
            ^^^^^^^^^^^^^^^^^^^^^^^^^^^^^^
_ _ _ _ _ _ _ _ _ _ _ _ _ _ _ _ _ _ _ _ _ _ _ _ _ _ _ _ _ _ _ _ _ _ _ _ _ _ _ _

trans = 0, key = 0, ov = <_overlapped.Overlapped object at 0x0000027C308441B0>

    @staticmethod
    def finish_socket_func(trans, key, ov):
        try:
            return ov.getresult()
        except OSError as exc:
            if exc.winerror in (_overlapped.ERROR_NETNAME_DELETED,
                                _overlapped.ERROR_OPERATION_ABORTED):
>               raise ConnectionResetError(*exc.args)
E               ConnectionResetError: [WinError 64] ÷∏∂®µƒÕ¯¬Á√˚≤ª‘Ÿø…”√°£

F:\py\Lib\asyncio\windows_events.py:467: ConnectionResetError

During handling of the above exception, another exception occurred:

self = <ai_werewolf_core.core.engine.state_machine.PhaseStateMachine object at 0x0000027C304348A0>

    async def _get_redis(self) -> aioredis.Redis:
        """ªÒ»° Redis “Ï≤ΩøÕªß∂À£®¿¡≥ı ºªØ£¨π≤œÌ¡¨Ω”≥ÿ£©°£"""
        if self._redis is None:
            try:
>               self._redis = await RedisClientManager.get_client()
                              ^^^^^^^^^^^^^^^^^^^^^^^^^^^^^^^^^^^^^

ai_werewolf_core\core\engine\state_machine.py:156: 
_ _ _ _ _ _ _ _ _ _ _ _ _ _ _ _ _ _ _ _ _ _ _ _ _ _ _ _ _ _ _ _ _ _ _ _ _ _ _ _
ai_werewolf_core\utils\redis_client.py:128: in get_client
    await cls._client.ping()
F:\py\Lib\site-packages\redis\asyncio\client.py:764: in execute_command
    conn = self.connection or await pool.get_connection()
                              ^^^^^^^^^^^^^^^^^^^^^^^^^^^
F:\py\Lib\site-packages\redis\utils.py:227: in async_wrapper
    return await func(*args, **kwargs)
           ^^^^^^^^^^^^^^^^^^^^^^^^^^^
F:\py\Lib\site-packages\redis\asyncio\connection.py:1351: in get_connection
    await self.ensure_connection(connection)
F:\py\Lib\site-packages\redis\asyncio\connection.py:1390: in ensure_connection
    await connection.connect()
F:\py\Lib\site-packages\redis\asyncio\connection.py:339: in connect
    await self.retry.call_with_retry(
F:\py\Lib\site-packages\redis\asyncio\retry.py:81: in call_with_retry
    raise error
F:\py\Lib\site-packages\redis\asyncio\retry.py:69: in call_with_retry
    return await do()
           ^^^^^^^^^^
F:\py\Lib\site-packages\redis\asyncio\connection.py:403: in connect_check_health
    await self.on_connect_check_health(check_health=check_health)
F:\py\Lib\site-packages\redis\asyncio\connection.py:560: in on_connect_check_health
    await self.read_response()
_ _ _ _ _ _ _ _ _ _ _ _ _ _ _ _ _ _ _ _ _ _ _ _ _ _ _ _ _ _ _ _ _ _ _ _ _ _ _ _

self = <redis.asyncio.connection.Connection(host=192.168.100.128,port=6379,db=1)>
disable_decoding = False, timeout = None

    async def read_response(
        self,
        disable_decoding: bool = False,
        timeout: Optional[float] = None,
        *,
        disconnect_on_error: bool = True,
        push_request: Optional[bool] = False,
    ):
        """Read the response from a previously sent command"""
        read_timeout = timeout if timeout is not None else self.socket_timeout
        host_error = self._host_error()
        try:
            if read_timeout is not None and self.protocol in ["3", 3]:
                async with async_timeout(read_timeout):
                    response = await self._parser.read_response(
                        disable_decoding=disable_decoding, push_request=push_request
                    )
            elif read_timeout is not None:
                async with async_timeout(read_timeout):
                    response = await self._parser.read_response(
                        disable_decoding=disable_decoding
                    )
            elif self.protocol in ["3", 3]:
                response = await self._parser.read_response(
                    disable_decoding=disable_decoding, push_request=push_request
                )
            else:
                response = await self._parser.read_response(
                    disable_decoding=disable_decoding
                )
        except asyncio.TimeoutError:
            if timeout is not None:
                # user requested timeout, return None. Operation can be retried
                return None
            # it was a self.socket_timeout error.
            if disconnect_on_error:
                await self.disconnect(nowait=True)
            raise TimeoutError(f"Timeout reading from {host_error}")
        except OSError as e:
            if disconnect_on_error:
                await self.disconnect(nowait=True)
>           raise ConnectionError(f"Error while reading from {host_error} : {e.args}")
E           redis.exceptions.ConnectionError: Error while reading from 192.168.100.128:6379 : (22, '÷∏∂®µƒÕ¯¬Á√˚≤ª‘Ÿø…”√°£', None, 64, None)

F:\py\Lib\site-packages\redis\asyncio\connection.py:747: ConnectionError

The above exception was the direct cause of the following exception:

self = <test_state_machine.TestValidTransitions object at 0x0000027C3025F850>
state_machine = <ai_werewolf_core.core.engine.state_machine.PhaseStateMachine object at 0x0000027C304348A0>

    @pytest.mark.asyncio
    async def test_game_over_to_none_ends_game(self, state_machine):
        """GAME_OVER -> None ±Ì æ∂‘æ÷≥πµ◊Ω· ¯ (Œﬁ∫Û–¯Ω◊∂Œ)°£"""
>       await state_machine.transition_to(GamePhase.INIT)

tests\unit\core\engine\test_state_machine.py:204: 
_ _ _ _ _ _ _ _ _ _ _ _ _ _ _ _ _ _ _ _ _ _ _ _ _ _ _ _ _ _ _ _ _ _ _ _ _ _ _ _
ai_werewolf_core\core\engine\state_machine.py:374: in transition_to
    current_ctx = await self._load_context()
                  ^^^^^^^^^^^^^^^^^^^^^^^^^^
ai_werewolf_core\core\engine\state_machine.py:181: in _load_context
    redis = await self._get_redis()
            ^^^^^^^^^^^^^^^^^^^^^^^
_ _ _ _ _ _ _ _ _ _ _ _ _ _ _ _ _ _ _ _ _ _ _ _ _ _ _ _ _ _ _ _ _ _ _ _ _ _ _ _

self = <ai_werewolf_core.core.engine.state_machine.PhaseStateMachine object at 0x0000027C304348A0>

    async def _get_redis(self) -> aioredis.Redis:
        """ªÒ»° Redis “Ï≤ΩøÕªß∂À£®¿¡≥ı ºªØ£¨π≤œÌ¡¨Ω”≥ÿ£©°£"""
        if self._redis is None:
            try:
                self._redis = await RedisClientManager.get_client()
                self._logger.debug("PhaseStateMachine “—ªÒ»°π≤œÌ Redis øÕªß∂À")
            except (aioredis.ConnectionError, aioredis.TimeoutError) as e:
>               raise RedisUnavailableException(
                    f"PhaseStateMachine Œﬁ∑®ªÒ»° Redis øÕªß∂À: game_id={self.game_id}"
                ) from e
E               ai_werewolf_core.utils.redis_seq.RedisUnavailableException: PhaseStateMachine Œﬁ∑®ªÒ»° Redis øÕªß∂À: game_id=test_game_d95c8edf147c4ac4a81dd3413326af0f

ai_werewolf_core\core\engine\state_machine.py:159: RedisUnavailableException
---------------------------- Captured stderr setup ----------------------------
[2m2026-05-14T21:36:59.111531+08:00[0m [[32m[1mdebug    [0m] [1mglobal_subscribe              [0m [[0m[1m[34mai_werewolf_core.core.event.bus[0m][0m [36mhandler[0m=[35m_default_log_subscriber[0m
[2m2026-05-14T21:36:59.111752+08:00[0m [[32m[1mdebug    [0m] [1mglobal_subscribe              [0m [[0m[1m[34mai_werewolf_core.core.event.bus[0m][0m [36mhandler[0m=[35m_persist_to_db[0m
----------------------------- Captured log setup ------------------------------
DEBUG    ai_werewolf_core.core.event.bus:bus.py:519 {'handler': '_default_log_subscriber', 'event': 'global_subscribe', 'level': 'debug', 'logger': 'ai_werewolf_core.core.event.bus', 'timestamp': '2026-05-14T21:36:59.111531+08:00'}
DEBUG    ai_werewolf_core.core.event.bus:bus.py:519 {'handler': '_persist_to_db', 'event': 'global_subscribe', 'level': 'debug', 'logger': 'ai_werewolf_core.core.event.bus', 'timestamp': '2026-05-14T21:36:59.111752+08:00'}
---------------------------- Captured stderr call -----------------------------
[2m2026-05-14T21:36:59.112447+08:00[0m [[32m[1mdebug    [0m] [1mRedis ¡¨Ω”≥ÿ“—¥¥Ω®                  [0m [[0m[1m[34mai_werewolf_core.utils.redis_client[0m][0m [36mmax_connections[0m=[35m300[0m [36msocket_timeout[0m=[35m10[0m
[2m2026-05-14T21:37:04.115917+08:00[0m [[31m[1merror    [0m] [1mRedis ¡¨Ω”—È÷§ ß∞‹ (PING)           [0m [[0m[1m[34mai_werewolf_core.utils.redis_client[0m][0m [36merror[0m=[35m"Error while reading from 192.168.100.128:6379 : (22, '÷∏∂®µƒÕ¯¬Á√˚≤ª‘Ÿø…”√°£', None, 64, None)"[0m [36mhost[0m=[35m192.168.100.128[0m [36mport[0m=[35m6379[0m
Traceback (most recent call last):
  File "F:\py\Lib\asyncio\windows_events.py", line 463, in finish_socket_func
    return ov.getresult()
           ~~~~~~~~~~~~^^
OSError: [WinError 64] ÷∏∂®µƒÕ¯¬Á√˚≤ª‘Ÿø…”√°£

During handling of the above exception, another exception occurred:

Traceback (most recent call last):
  File "F:\py\Lib\site-packages\redis\asyncio\connection.py", line 725, in read_response
    response = await self._parser.read_response(
               ^^^^^^^^^^^^^^^^^^^^^^^^^^^^^^^^^
        disable_decoding=disable_decoding
        ^^^^^^^^^^^^^^^^^^^^^^^^^^^^^^^^^
    )
    ^
  File "F:\py\Lib\site-packages\redis\_parsers\resp2.py", line 82, in read_response
    response = await self._read_response(disable_decoding=disable_decoding)
               ^^^^^^^^^^^^^^^^^^^^^^^^^^^^^^^^^^^^^^^^^^^^^^^^^^^^^^^^^^^^
  File "F:\py\Lib\site-packages\redis\_parsers\resp2.py", line 90, in _read_response
    raw = await self._readline()
          ^^^^^^^^^^^^^^^^^^^^^^
  File "F:\py\Lib\site-packages\redis\_parsers\base.py", line 559, in _readline
    data = await self._stream.readline()
           ^^^^^^^^^^^^^^^^^^^^^^^^^^^^^
  File "F:\py\Lib\asyncio\streams.py", line 562, in readline
    line = await self.readuntil(sep)
           ^^^^^^^^^^^^^^^^^^^^^^^^^
  File "F:\py\Lib\asyncio\streams.py", line 677, in readuntil
    await self._wait_for_data('readuntil')
  File "F:\py\Lib\asyncio\streams.py", line 539, in _wait_for_data
    await self._waiter
  File "F:\py\Lib\asyncio\proactor_events.py", line 286, in _loop_reading
    length = fut.result()
  File "F:\py\Lib\asyncio\windows_events.py", line 804, in _poll
    value = callback(transferred, key, ov)
  File "F:\py\Lib\asyncio\windows_events.py", line 467, in finish_socket_func
    raise ConnectionResetError(*exc.args)
ConnectionResetError: [WinError 64] ÷∏∂®µƒÕ¯¬Á√˚≤ª‘Ÿø…”√°£

During handling of the above exception, another exception occurred:

Traceback (most recent call last):
  File "F:\YilenaCode\Werewolf\ai_werewolf_core\utils\redis_client.py", line 128, in get_client
    await cls._client.ping()
  File "F:\py\Lib\site-packages\redis\asyncio\client.py", line 764, in execute_command
    conn = self.connection or await pool.get_connection()
                              ^^^^^^^^^^^^^^^^^^^^^^^^^^^
  File "F:\py\Lib\site-packages\redis\utils.py", line 227, in async_wrapper
    return await func(*args, **kwargs)
           ^^^^^^^^^^^^^^^^^^^^^^^^^^^
  File "F:\py\Lib\site-packages\redis\asyncio\connection.py", line 1351, in get_connection
    await self.ensure_connection(connection)
  File "F:\py\Lib\site-packages\redis\asyncio\connection.py", line 1390, in ensure_connection
    await connection.connect()
  File "F:\py\Lib\site-packages\redis\asyncio\connection.py", line 339, in connect
    await self.retry.call_with_retry(
    ...<7 lines>...
    )
  File "F:\py\Lib\site-packages\redis\asyncio\retry.py", line 81, in call_with_retry
    raise error
  File "F:\py\Lib\site-packages\redis\asyncio\retry.py", line 69, in call_with_retry
    return await do()
           ^^^^^^^^^^
  File "F:\py\Lib\site-packages\redis\asyncio\connection.py", line 403, in connect_check_health
    await self.on_connect_check_health(check_health=check_health)
  File "F:\py\Lib\site-packages\redis\asyncio\connection.py", line 560, in on_connect_check_health
    await self.read_response()
  File "F:\py\Lib\site-packages\redis\asyncio\connection.py", line 747, in read_response
    raise ConnectionError(f"Error while reading from {host_error} : {e.args}")
redis.exceptions.ConnectionError: Error while reading from 192.168.100.128:6379 : (22, '÷∏∂®µƒÕ¯¬Á√˚≤ª‘Ÿø…”√°£', None, 64, None)
------------------------------ Captured log call ------------------------------
DEBUG    ai_werewolf_core.utils.redis_client:redis_client.py:243 {'max_connections': 300, 'socket_timeout': 10, 'event': 'Redis ¡¨Ω”≥ÿ“—¥¥Ω®', 'level': 'debug', 'logger': 'ai_werewolf_core.utils.redis_client', 'timestamp': '2026-05-14T21:36:59.112447+08:00'}
ERROR    ai_werewolf_core.utils.redis_client:redis_client.py:130 {'host': '192.168.100.128', 'port': 6379, 'error': "Error while reading from 192.168.100.128:6379 : (22, '÷∏∂®µƒÕ¯¬Á√˚≤ª‘Ÿø…”√°£', None, 64, None)", 'event': 'Redis ¡¨Ω”—È÷§ ß∞‹ (PING)', 'level': 'error', 'logger': 'ai_werewolf_core.utils.redis_client', 'timestamp': '2026-05-14T21:37:04.115917+08:00', 'exception': 'Traceback (most recent call last):\n  File "F:\\py\\Lib\\asyncio\\windows_events.py", line 463, in finish_socket_func\n    return ov.getresult()\n           ~~~~~~~~~~~~^^\nOSError: [WinError 64] ÷∏∂®µƒÕ¯¬Á√˚≤ª‘Ÿø…”√°£\n\nDuring handling of the above exception, another exception occurred:\n\nTraceback (most recent call last):\n  File "F:\\py\\Lib\\site-packages\\redis\\asyncio\\connection.py", line 725, in read_response\n    response = await self._parser.read_response(\n               ^^^^^^^^^^^^^^^^^^^^^^^^^^^^^^^^^\n        disable_decoding=disable_decoding\n        ^^^^^^^^^^^^^^^^^^^^^^^^^^^^^^^^^\n    )\n    ^\n  File "F:\\py\\Lib\\site-packages\\redis\\_parsers\\resp2.py", line 82, in read_response\n    response = await self._read_response(disable_decoding=disable_decoding)\n               ^^^^^^^^^^^^^^^^^^^^^^^^^^^^^^^^^^^^^^^^^^^^^^^^^^^^^^^^^^^^\n  File "F:\\py\\Lib\\site-packages\\redis\\_parsers\\resp2.py", line 90, in _read_response\n    raw = await self._readline()\n          ^^^^^^^^^^^^^^^^^^^^^^\n  File "F:\\py\\Lib\\site-packages\\redis\\_parsers\\base.py", line 559, in _readline\n    data = await self._stream.readline()\n           ^^^^^^^^^^^^^^^^^^^^^^^^^^^^^\n  File "F:\\py\\Lib\\asyncio\\streams.py", line 562, in readline\n    line = await self.readuntil(sep)\n           ^^^^^^^^^^^^^^^^^^^^^^^^^\n  File "F:\\py\\Lib\\asyncio\\streams.py", line 677, in readuntil\n    await self._wait_for_data(\'readuntil\')\n  File "F:\\py\\Lib\\asyncio\\streams.py", line 539, in _wait_for_data\n    await self._waiter\n  File "F:\\py\\Lib\\asyncio\\proactor_events.py", line 286, in _loop_reading\n    length = fut.result()\n  File "F:\\py\\Lib\\asyncio\\windows_events.py", line 804, in _poll\n    value = callback(transferred, key, ov)\n  File "F:\\py\\Lib\\asyncio\\windows_events.py", line 467, in finish_socket_func\n    raise ConnectionResetError(*exc.args)\nConnectionResetError: [WinError 64] ÷∏∂®µƒÕ¯¬Á√˚≤ª‘Ÿø…”√°£\n\nDuring handling of the above exception, another exception occurred:\n\nTraceback (most recent call last):\n  File "F:\\YilenaCode\\Werewolf\\ai_werewolf_core\\utils\\redis_client.py", line 128, in get_client\n    await cls._client.ping()\n  File "F:\\py\\Lib\\site-packages\\redis\\asyncio\\client.py", line 764, in execute_command\n    conn = self.connection or await pool.get_connection()\n                              ^^^^^^^^^^^^^^^^^^^^^^^^^^^\n  File "F:\\py\\Lib\\site-packages\\redis\\utils.py", line 227, in async_wrapper\n    return await func(*args, **kwargs)\n           ^^^^^^^^^^^^^^^^^^^^^^^^^^^\n  File "F:\\py\\Lib\\site-packages\\redis\\asyncio\\connection.py", line 1351, in get_connection\n    await self.ensure_connection(connection)\n  File "F:\\py\\Lib\\site-packages\\redis\\asyncio\\connection.py", line 1390, in ensure_connection\n    await connection.connect()\n  File "F:\\py\\Lib\\site-packages\\redis\\asyncio\\connection.py", line 339, in connect\n    await self.retry.call_with_retry(\n    ...<7 lines>...\n    )\n  File "F:\\py\\Lib\\site-packages\\redis\\asyncio\\retry.py", line 81, in call_with_retry\n    raise error\n  File "F:\\py\\Lib\\site-packages\\redis\\asyncio\\retry.py", line 69, in call_with_retry\n    return await do()\n           ^^^^^^^^^^\n  File "F:\\py\\Lib\\site-packages\\redis\\asyncio\\connection.py", line 403, in connect_check_health\n    await self.on_connect_check_health(check_health=check_health)\n  File "F:\\py\\Lib\\site-packages\\redis\\asyncio\\connection.py", line 560, in on_connect_check_health\n    await self.read_response()\n  File "F:\\py\\Lib\\site-packages\\redis\\asyncio\\connection.py", line 747, in read_response\n    raise ConnectionError(f"Error while reading from {host_error} : {e.args}")\nredis.exceptions.ConnectionError: Error while reading from 192.168.100.128:6379 : (22, \'÷∏∂®µƒÕ¯¬Á√˚≤ª‘Ÿø…”√°£\', None, 64, None)'}
_______ TestValidTransitions.test_round_only_increments_on_night_start ________

trans = 0, key = 0, ov = <_overlapped.Overlapped object at 0x0000027C308352F0>

    @staticmethod
    def finish_socket_func(trans, key, ov):
        try:
>           return ov.getresult()
                   ^^^^^^^^^^^^^^
E           OSError: [WinError 64] ÷∏∂®µƒÕ¯¬Á√˚≤ª‘Ÿø…”√°£

F:\py\Lib\asyncio\windows_events.py:463: OSError

During handling of the above exception, another exception occurred:

self = <redis.asyncio.connection.Connection(host=192.168.100.128,port=6379,db=1)>
disable_decoding = False, timeout = None

    async def read_response(
        self,
        disable_decoding: bool = False,
        timeout: Optional[float] = None,
        *,
        disconnect_on_error: bool = True,
        push_request: Optional[bool] = False,
    ):
        """Read the response from a previously sent command"""
        read_timeout = timeout if timeout is not None else self.socket_timeout
        host_error = self._host_error()
        try:
            if read_timeout is not None and self.protocol in ["3", 3]:
                async with async_timeout(read_timeout):
                    response = await self._parser.read_response(
                        disable_decoding=disable_decoding, push_request=push_request
                    )
            elif read_timeout is not None:
                async with async_timeout(read_timeout):
>                   response = await self._parser.read_response(
                        disable_decoding=disable_decoding

F:\py\Lib\site-packages\redis\asyncio\connection.py:725: 
_ _ _ _ _ _ _ _ _ _ _ _ _ _ _ _ _ _ _ _ _ _ _ _ _ _ _ _ _ _ _ _ _ _ _ _ _ _ _ _
F:\py\Lib\site-packages\redis\_parsers\resp2.py:82: in read_response
    response = await self._read_response(disable_decoding=disable_decoding)
               ^^^^^^^^^^^^^^^^^^^^^^^^^^^^^^^^^^^^^^^^^^^^^^^^^^^^^^^^^^^^
F:\py\Lib\site-packages\redis\_parsers\resp2.py:90: in _read_response
    raw = await self._readline()
          ^^^^^^^^^^^^^^^^^^^^^^
F:\py\Lib\site-packages\redis\_parsers\base.py:559: in _readline
    data = await self._stream.readline()
           ^^^^^^^^^^^^^^^^^^^^^^^^^^^^^
F:\py\Lib\asyncio\streams.py:562: in readline
    line = await self.readuntil(sep)
           ^^^^^^^^^^^^^^^^^^^^^^^^^
F:\py\Lib\asyncio\streams.py:677: in readuntil
    await self._wait_for_data('readuntil')
F:\py\Lib\asyncio\streams.py:539: in _wait_for_data
    await self._waiter
F:\py\Lib\asyncio\proactor_events.py:286: in _loop_reading
    length = fut.result()
             ^^^^^^^^^^^^
F:\py\Lib\asyncio\windows_events.py:804: in _poll
    value = callback(transferred, key, ov)
            ^^^^^^^^^^^^^^^^^^^^^^^^^^^^^^
_ _ _ _ _ _ _ _ _ _ _ _ _ _ _ _ _ _ _ _ _ _ _ _ _ _ _ _ _ _ _ _ _ _ _ _ _ _ _ _

trans = 0, key = 0, ov = <_overlapped.Overlapped object at 0x0000027C308352F0>

    @staticmethod
    def finish_socket_func(trans, key, ov):
        try:
            return ov.getresult()
        except OSError as exc:
            if exc.winerror in (_overlapped.ERROR_NETNAME_DELETED,
                                _overlapped.ERROR_OPERATION_ABORTED):
>               raise ConnectionResetError(*exc.args)
E               ConnectionResetError: [WinError 64] ÷∏∂®µƒÕ¯¬Á√˚≤ª‘Ÿø…”√°£

F:\py\Lib\asyncio\windows_events.py:467: ConnectionResetError

During handling of the above exception, another exception occurred:

self = <ai_werewolf_core.core.engine.state_machine.PhaseStateMachine object at 0x0000027C31F3A430>

    async def _get_redis(self) -> aioredis.Redis:
        """ªÒ»° Redis “Ï≤ΩøÕªß∂À£®¿¡≥ı ºªØ£¨π≤œÌ¡¨Ω”≥ÿ£©°£"""
        if self._redis is None:
            try:
>               self._redis = await RedisClientManager.get_client()
                              ^^^^^^^^^^^^^^^^^^^^^^^^^^^^^^^^^^^^^

ai_werewolf_core\core\engine\state_machine.py:156: 
_ _ _ _ _ _ _ _ _ _ _ _ _ _ _ _ _ _ _ _ _ _ _ _ _ _ _ _ _ _ _ _ _ _ _ _ _ _ _ _
ai_werewolf_core\utils\redis_client.py:128: in get_client
    await cls._client.ping()
F:\py\Lib\site-packages\redis\asyncio\client.py:764: in execute_command
    conn = self.connection or await pool.get_connection()
                              ^^^^^^^^^^^^^^^^^^^^^^^^^^^
F:\py\Lib\site-packages\redis\utils.py:227: in async_wrapper
    return await func(*args, **kwargs)
           ^^^^^^^^^^^^^^^^^^^^^^^^^^^
F:\py\Lib\site-packages\redis\asyncio\connection.py:1351: in get_connection
    await self.ensure_connection(connection)
F:\py\Lib\site-packages\redis\asyncio\connection.py:1390: in ensure_connection
    await connection.connect()
F:\py\Lib\site-packages\redis\asyncio\connection.py:339: in connect
    await self.retry.call_with_retry(
F:\py\Lib\site-packages\redis\asyncio\retry.py:81: in call_with_retry
    raise error
F:\py\Lib\site-packages\redis\asyncio\retry.py:69: in call_with_retry
    return await do()
           ^^^^^^^^^^
F:\py\Lib\site-packages\redis\asyncio\connection.py:403: in connect_check_health
    await self.on_connect_check_health(check_health=check_health)
F:\py\Lib\site-packages\redis\asyncio\connection.py:560: in on_connect_check_health
    await self.read_response()
_ _ _ _ _ _ _ _ _ _ _ _ _ _ _ _ _ _ _ _ _ _ _ _ _ _ _ _ _ _ _ _ _ _ _ _ _ _ _ _

self = <redis.asyncio.connection.Connection(host=192.168.100.128,port=6379,db=1)>
disable_decoding = False, timeout = None

    async def read_response(
        self,
        disable_decoding: bool = False,
        timeout: Optional[float] = None,
        *,
        disconnect_on_error: bool = True,
        push_request: Optional[bool] = False,
    ):
        """Read the response from a previously sent command"""
        read_timeout = timeout if timeout is not None else self.socket_timeout
        host_error = self._host_error()
        try:
            if read_timeout is not None and self.protocol in ["3", 3]:
                async with async_timeout(read_timeout):
                    response = await self._parser.read_response(
                        disable_decoding=disable_decoding, push_request=push_request
                    )
            elif read_timeout is not None:
                async with async_timeout(read_timeout):
                    response = await self._parser.read_response(
                        disable_decoding=disable_decoding
                    )
            elif self.protocol in ["3", 3]:
                response = await self._parser.read_response(
                    disable_decoding=disable_decoding, push_request=push_request
                )
            else:
                response = await self._parser.read_response(
                    disable_decoding=disable_decoding
                )
        except asyncio.TimeoutError:
            if timeout is not None:
                # user requested timeout, return None. Operation can be retried
                return None
            # it was a self.socket_timeout error.
            if disconnect_on_error:
                await self.disconnect(nowait=True)
            raise TimeoutError(f"Timeout reading from {host_error}")
        except OSError as e:
            if disconnect_on_error:
                await self.disconnect(nowait=True)
>           raise ConnectionError(f"Error while reading from {host_error} : {e.args}")
E           redis.exceptions.ConnectionError: Error while reading from 192.168.100.128:6379 : (22, '÷∏∂®µƒÕ¯¬Á√˚≤ª‘Ÿø…”√°£', None, 64, None)

F:\py\Lib\site-packages\redis\asyncio\connection.py:747: ConnectionError

The above exception was the direct cause of the following exception:

self = <test_state_machine.TestValidTransitions object at 0x0000027C3025F950>
state_machine = <ai_werewolf_core.core.engine.state_machine.PhaseStateMachine object at 0x0000027C31F3A430>

    @pytest.mark.asyncio
    async def test_round_only_increments_on_night_start(self, state_machine):
        """
        ÷ª”–Ω¯»Î NIGHT_START  ±¬÷¥Œ≤≈µ›‘ˆ£¨∆‰À˚Ω◊∂Œ«®“∆≤ª∏ƒ±‰¬÷¥Œ°£
    
        **Why**: ¬÷¥Œ“‘"ÃÏ∫⁄-ÃÏ¡¡"—≠ª∑Œ™µ•Œª£¨ƒ⁄≤ø◊”Ω◊∂Œ≤ª∏ƒ±‰¬÷¥Œ°£
        """
>       await state_machine.transition_to(GamePhase.INIT)

tests\unit\core\engine\test_state_machine.py:225: 
_ _ _ _ _ _ _ _ _ _ _ _ _ _ _ _ _ _ _ _ _ _ _ _ _ _ _ _ _ _ _ _ _ _ _ _ _ _ _ _
ai_werewolf_core\core\engine\state_machine.py:374: in transition_to
    current_ctx = await self._load_context()
                  ^^^^^^^^^^^^^^^^^^^^^^^^^^
ai_werewolf_core\core\engine\state_machine.py:181: in _load_context
    redis = await self._get_redis()
            ^^^^^^^^^^^^^^^^^^^^^^^
_ _ _ _ _ _ _ _ _ _ _ _ _ _ _ _ _ _ _ _ _ _ _ _ _ _ _ _ _ _ _ _ _ _ _ _ _ _ _ _

self = <ai_werewolf_core.core.engine.state_machine.PhaseStateMachine object at 0x0000027C31F3A430>

    async def _get_redis(self) -> aioredis.Redis:
        """ªÒ»° Redis “Ï≤ΩøÕªß∂À£®¿¡≥ı ºªØ£¨π≤œÌ¡¨Ω”≥ÿ£©°£"""
        if self._redis is None:
            try:
                self._redis = await RedisClientManager.get_client()
                self._logger.debug("PhaseStateMachine “—ªÒ»°π≤œÌ Redis øÕªß∂À")
            except (aioredis.ConnectionError, aioredis.TimeoutError) as e:
>               raise RedisUnavailableException(
                    f"PhaseStateMachine Œﬁ∑®ªÒ»° Redis øÕªß∂À: game_id={self.game_id}"
                ) from e
E               ai_werewolf_core.utils.redis_seq.RedisUnavailableException: PhaseStateMachine Œﬁ∑®ªÒ»° Redis øÕªß∂À: game_id=test_game_9f3314d34d974744b92f14c47ec2c27b

ai_werewolf_core\core\engine\state_machine.py:159: RedisUnavailableException
---------------------------- Captured stderr setup ----------------------------
[2m2026-05-14T21:37:04.278356+08:00[0m [[32m[1mdebug    [0m] [1mglobal_subscribe              [0m [[0m[1m[34mai_werewolf_core.core.event.bus[0m][0m [36mhandler[0m=[35m_default_log_subscriber[0m
[2m2026-05-14T21:37:04.278564+08:00[0m [[32m[1mdebug    [0m] [1mglobal_subscribe              [0m [[0m[1m[34mai_werewolf_core.core.event.bus[0m][0m [36mhandler[0m=[35m_persist_to_db[0m
----------------------------- Captured log setup ------------------------------
DEBUG    ai_werewolf_core.core.event.bus:bus.py:519 {'handler': '_default_log_subscriber', 'event': 'global_subscribe', 'level': 'debug', 'logger': 'ai_werewolf_core.core.event.bus', 'timestamp': '2026-05-14T21:37:04.278356+08:00'}
DEBUG    ai_werewolf_core.core.event.bus:bus.py:519 {'handler': '_persist_to_db', 'event': 'global_subscribe', 'level': 'debug', 'logger': 'ai_werewolf_core.core.event.bus', 'timestamp': '2026-05-14T21:37:04.278564+08:00'}
---------------------------- Captured stderr call -----------------------------
[2m2026-05-14T21:37:04.279242+08:00[0m [[32m[1mdebug    [0m] [1mRedis ¡¨Ω”≥ÿ“—¥¥Ω®                  [0m [[0m[1m[34mai_werewolf_core.utils.redis_client[0m][0m [36mmax_connections[0m=[35m300[0m [36msocket_timeout[0m=[35m10[0m
[2m2026-05-14T21:37:09.282380+08:00[0m [[31m[1merror    [0m] [1mRedis ¡¨Ω”—È÷§ ß∞‹ (PING)           [0m [[0m[1m[34mai_werewolf_core.utils.redis_client[0m][0m [36merror[0m=[35m"Error while reading from 192.168.100.128:6379 : (22, '÷∏∂®µƒÕ¯¬Á√˚≤ª‘Ÿø…”√°£', None, 64, None)"[0m [36mhost[0m=[35m192.168.100.128[0m [36mport[0m=[35m6379[0m
Traceback (most recent call last):
  File "F:\py\Lib\asyncio\windows_events.py", line 463, in finish_socket_func
    return ov.getresult()
           ~~~~~~~~~~~~^^
OSError: [WinError 64] ÷∏∂®µƒÕ¯¬Á√˚≤ª‘Ÿø…”√°£

During handling of the above exception, another exception occurred:

Traceback (most recent call last):
  File "F:\py\Lib\site-packages\redis\asyncio\connection.py", line 725, in read_response
    response = await self._parser.read_response(
               ^^^^^^^^^^^^^^^^^^^^^^^^^^^^^^^^^
        disable_decoding=disable_decoding
        ^^^^^^^^^^^^^^^^^^^^^^^^^^^^^^^^^
    )
    ^
  File "F:\py\Lib\site-packages\redis\_parsers\resp2.py", line 82, in read_response
    response = await self._read_response(disable_decoding=disable_decoding)
               ^^^^^^^^^^^^^^^^^^^^^^^^^^^^^^^^^^^^^^^^^^^^^^^^^^^^^^^^^^^^
  File "F:\py\Lib\site-packages\redis\_parsers\resp2.py", line 90, in _read_response
    raw = await self._readline()
          ^^^^^^^^^^^^^^^^^^^^^^
  File "F:\py\Lib\site-packages\redis\_parsers\base.py", line 559, in _readline
    data = await self._stream.readline()
           ^^^^^^^^^^^^^^^^^^^^^^^^^^^^^
  File "F:\py\Lib\asyncio\streams.py", line 562, in readline
    line = await self.readuntil(sep)
           ^^^^^^^^^^^^^^^^^^^^^^^^^
  File "F:\py\Lib\asyncio\streams.py", line 677, in readuntil
    await self._wait_for_data('readuntil')
  File "F:\py\Lib\asyncio\streams.py", line 539, in _wait_for_data
    await self._waiter
  File "F:\py\Lib\asyncio\proactor_events.py", line 286, in _loop_reading
    length = fut.result()
  File "F:\py\Lib\asyncio\windows_events.py", line 804, in _poll
    value = callback(transferred, key, ov)
  File "F:\py\Lib\asyncio\windows_events.py", line 467, in finish_socket_func
    raise ConnectionResetError(*exc.args)
ConnectionResetError: [WinError 64] ÷∏∂®µƒÕ¯¬Á√˚≤ª‘Ÿø…”√°£

During handling of the above exception, another exception occurred:

Traceback (most recent call last):
  File "F:\YilenaCode\Werewolf\ai_werewolf_core\utils\redis_client.py", line 128, in get_client
    await cls._client.ping()
  File "F:\py\Lib\site-packages\redis\asyncio\client.py", line 764, in execute_command
    conn = self.connection or await pool.get_connection()
                              ^^^^^^^^^^^^^^^^^^^^^^^^^^^
  File "F:\py\Lib\site-packages\redis\utils.py", line 227, in async_wrapper
    return await func(*args, **kwargs)
           ^^^^^^^^^^^^^^^^^^^^^^^^^^^
  File "F:\py\Lib\site-packages\redis\asyncio\connection.py", line 1351, in get_connection
    await self.ensure_connection(connection)
  File "F:\py\Lib\site-packages\redis\asyncio\connection.py", line 1390, in ensure_connection
    await connection.connect()
  File "F:\py\Lib\site-packages\redis\asyncio\connection.py", line 339, in connect
    await self.retry.call_with_retry(
    ...<7 lines>...
    )
  File "F:\py\Lib\site-packages\redis\asyncio\retry.py", line 81, in call_with_retry
    raise error
  File "F:\py\Lib\site-packages\redis\asyncio\retry.py", line 69, in call_with_retry
    return await do()
           ^^^^^^^^^^
  File "F:\py\Lib\site-packages\redis\asyncio\connection.py", line 403, in connect_check_health
    await self.on_connect_check_health(check_health=check_health)
  File "F:\py\Lib\site-packages\redis\asyncio\connection.py", line 560, in on_connect_check_health
    await self.read_response()
  File "F:\py\Lib\site-packages\redis\asyncio\connection.py", line 747, in read_response
    raise ConnectionError(f"Error while reading from {host_error} : {e.args}")
redis.exceptions.ConnectionError: Error while reading from 192.168.100.128:6379 : (22, '÷∏∂®µƒÕ¯¬Á√˚≤ª‘Ÿø…”√°£', None, 64, None)
------------------------------ Captured log call ------------------------------
DEBUG    ai_werewolf_core.utils.redis_client:redis_client.py:243 {'max_connections': 300, 'socket_timeout': 10, 'event': 'Redis ¡¨Ω”≥ÿ“—¥¥Ω®', 'level': 'debug', 'logger': 'ai_werewolf_core.utils.redis_client', 'timestamp': '2026-05-14T21:37:04.279242+08:00'}
ERROR    ai_werewolf_core.utils.redis_client:redis_client.py:130 {'host': '192.168.100.128', 'port': 6379, 'error': "Error while reading from 192.168.100.128:6379 : (22, '÷∏∂®µƒÕ¯¬Á√˚≤ª‘Ÿø…”√°£', None, 64, None)", 'event': 'Redis ¡¨Ω”—È÷§ ß∞‹ (PING)', 'level': 'error', 'logger': 'ai_werewolf_core.utils.redis_client', 'timestamp': '2026-05-14T21:37:09.282380+08:00', 'exception': 'Traceback (most recent call last):\n  File "F:\\py\\Lib\\asyncio\\windows_events.py", line 463, in finish_socket_func\n    return ov.getresult()\n           ~~~~~~~~~~~~^^\nOSError: [WinError 64] ÷∏∂®µƒÕ¯¬Á√˚≤ª‘Ÿø…”√°£\n\nDuring handling of the above exception, another exception occurred:\n\nTraceback (most recent call last):\n  File "F:\\py\\Lib\\site-packages\\redis\\asyncio\\connection.py", line 725, in read_response\n    response = await self._parser.read_response(\n               ^^^^^^^^^^^^^^^^^^^^^^^^^^^^^^^^^\n        disable_decoding=disable_decoding\n        ^^^^^^^^^^^^^^^^^^^^^^^^^^^^^^^^^\n    )\n    ^\n  File "F:\\py\\Lib\\site-packages\\redis\\_parsers\\resp2.py", line 82, in read_response\n    response = await self._read_response(disable_decoding=disable_decoding)\n               ^^^^^^^^^^^^^^^^^^^^^^^^^^^^^^^^^^^^^^^^^^^^^^^^^^^^^^^^^^^^\n  File "F:\\py\\Lib\\site-packages\\redis\\_parsers\\resp2.py", line 90, in _read_response\n    raw = await self._readline()\n          ^^^^^^^^^^^^^^^^^^^^^^\n  File "F:\\py\\Lib\\site-packages\\redis\\_parsers\\base.py", line 559, in _readline\n    data = await self._stream.readline()\n           ^^^^^^^^^^^^^^^^^^^^^^^^^^^^^\n  File "F:\\py\\Lib\\asyncio\\streams.py", line 562, in readline\n    line = await self.readuntil(sep)\n           ^^^^^^^^^^^^^^^^^^^^^^^^^\n  File "F:\\py\\Lib\\asyncio\\streams.py", line 677, in readuntil\n    await self._wait_for_data(\'readuntil\')\n  File "F:\\py\\Lib\\asyncio\\streams.py", line 539, in _wait_for_data\n    await self._waiter\n  File "F:\\py\\Lib\\asyncio\\proactor_events.py", line 286, in _loop_reading\n    length = fut.result()\n  File "F:\\py\\Lib\\asyncio\\windows_events.py", line 804, in _poll\n    value = callback(transferred, key, ov)\n  File "F:\\py\\Lib\\asyncio\\windows_events.py", line 467, in finish_socket_func\n    raise ConnectionResetError(*exc.args)\nConnectionResetError: [WinError 64] ÷∏∂®µƒÕ¯¬Á√˚≤ª‘Ÿø…”√°£\n\nDuring handling of the above exception, another exception occurred:\n\nTraceback (most recent call last):\n  File "F:\\YilenaCode\\Werewolf\\ai_werewolf_core\\utils\\redis_client.py", line 128, in get_client\n    await cls._client.ping()\n  File "F:\\py\\Lib\\site-packages\\redis\\asyncio\\client.py", line 764, in execute_command\n    conn = self.connection or await pool.get_connection()\n                              ^^^^^^^^^^^^^^^^^^^^^^^^^^^\n  File "F:\\py\\Lib\\site-packages\\redis\\utils.py", line 227, in async_wrapper\n    return await func(*args, **kwargs)\n           ^^^^^^^^^^^^^^^^^^^^^^^^^^^\n  File "F:\\py\\Lib\\site-packages\\redis\\asyncio\\connection.py", line 1351, in get_connection\n    await self.ensure_connection(connection)\n  File "F:\\py\\Lib\\site-packages\\redis\\asyncio\\connection.py", line 1390, in ensure_connection\n    await connection.connect()\n  File "F:\\py\\Lib\\site-packages\\redis\\asyncio\\connection.py", line 339, in connect\n    await self.retry.call_with_retry(\n    ...<7 lines>...\n    )\n  File "F:\\py\\Lib\\site-packages\\redis\\asyncio\\retry.py", line 81, in call_with_retry\n    raise error\n  File "F:\\py\\Lib\\site-packages\\redis\\asyncio\\retry.py", line 69, in call_with_retry\n    return await do()\n           ^^^^^^^^^^\n  File "F:\\py\\Lib\\site-packages\\redis\\asyncio\\connection.py", line 403, in connect_check_health\n    await self.on_connect_check_health(check_health=check_health)\n  File "F:\\py\\Lib\\site-packages\\redis\\asyncio\\connection.py", line 560, in on_connect_check_health\n    await self.read_response()\n  File "F:\\py\\Lib\\site-packages\\redis\\asyncio\\connection.py", line 747, in read_response\n    raise ConnectionError(f"Error while reading from {host_error} : {e.args}")\nredis.exceptions.ConnectionError: Error while reading from 192.168.100.128:6379 : (22, \'÷∏∂®µƒÕ¯¬Á√˚≤ª‘Ÿø…”√°£\', None, 64, None)'}
__________ TestInvalidTransitions.test_init_to_day_discussion_raises __________

trans = 0, key = 0, ov = <_overlapped.Overlapped object at 0x0000027C30834930>

    @staticmethod
    def finish_socket_func(trans, key, ov):
        try:
>           return ov.getresult()
                   ^^^^^^^^^^^^^^
E           OSError: [WinError 64] ÷∏∂®µƒÕ¯¬Á√˚≤ª‘Ÿø…”√°£

F:\py\Lib\asyncio\windows_events.py:463: OSError

During handling of the above exception, another exception occurred:

self = <redis.asyncio.connection.Connection(host=192.168.100.128,port=6379,db=1)>
disable_decoding = False, timeout = None

    async def read_response(
        self,
        disable_decoding: bool = False,
        timeout: Optional[float] = None,
        *,
        disconnect_on_error: bool = True,
        push_request: Optional[bool] = False,
    ):
        """Read the response from a previously sent command"""
        read_timeout = timeout if timeout is not None else self.socket_timeout
        host_error = self._host_error()
        try:
            if read_timeout is not None and self.protocol in ["3", 3]:
                async with async_timeout(read_timeout):
                    response = await self._parser.read_response(
                        disable_decoding=disable_decoding, push_request=push_request
                    )
            elif read_timeout is not None:
                async with async_timeout(read_timeout):
>                   response = await self._parser.read_response(
                        disable_decoding=disable_decoding

F:\py\Lib\site-packages\redis\asyncio\connection.py:725: 
_ _ _ _ _ _ _ _ _ _ _ _ _ _ _ _ _ _ _ _ _ _ _ _ _ _ _ _ _ _ _ _ _ _ _ _ _ _ _ _
F:\py\Lib\site-packages\redis\_parsers\resp2.py:82: in read_response
    response = await self._read_response(disable_decoding=disable_decoding)
               ^^^^^^^^^^^^^^^^^^^^^^^^^^^^^^^^^^^^^^^^^^^^^^^^^^^^^^^^^^^^
F:\py\Lib\site-packages\redis\_parsers\resp2.py:90: in _read_response
    raw = await self._readline()
          ^^^^^^^^^^^^^^^^^^^^^^
F:\py\Lib\site-packages\redis\_parsers\base.py:559: in _readline
    data = await self._stream.readline()
           ^^^^^^^^^^^^^^^^^^^^^^^^^^^^^
F:\py\Lib\asyncio\streams.py:562: in readline
    line = await self.readuntil(sep)
           ^^^^^^^^^^^^^^^^^^^^^^^^^
F:\py\Lib\asyncio\streams.py:677: in readuntil
    await self._wait_for_data('readuntil')
F:\py\Lib\asyncio\streams.py:539: in _wait_for_data
    await self._waiter
F:\py\Lib\asyncio\proactor_events.py:286: in _loop_reading
    length = fut.result()
             ^^^^^^^^^^^^
F:\py\Lib\asyncio\windows_events.py:804: in _poll
    value = callback(transferred, key, ov)
            ^^^^^^^^^^^^^^^^^^^^^^^^^^^^^^
_ _ _ _ _ _ _ _ _ _ _ _ _ _ _ _ _ _ _ _ _ _ _ _ _ _ _ _ _ _ _ _ _ _ _ _ _ _ _ _

trans = 0, key = 0, ov = <_overlapped.Overlapped object at 0x0000027C30834930>

    @staticmethod
    def finish_socket_func(trans, key, ov):
        try:
            return ov.getresult()
        except OSError as exc:
            if exc.winerror in (_overlapped.ERROR_NETNAME_DELETED,
                                _overlapped.ERROR_OPERATION_ABORTED):
>               raise ConnectionResetError(*exc.args)
E               ConnectionResetError: [WinError 64] ÷∏∂®µƒÕ¯¬Á√˚≤ª‘Ÿø…”√°£

F:\py\Lib\asyncio\windows_events.py:467: ConnectionResetError

During handling of the above exception, another exception occurred:

self = <ai_werewolf_core.core.engine.state_machine.PhaseStateMachine object at 0x0000027C31C78910>

    async def _get_redis(self) -> aioredis.Redis:
        """ªÒ»° Redis “Ï≤ΩøÕªß∂À£®¿¡≥ı ºªØ£¨π≤œÌ¡¨Ω”≥ÿ£©°£"""
        if self._redis is None:
            try:
>               self._redis = await RedisClientManager.get_client()
                              ^^^^^^^^^^^^^^^^^^^^^^^^^^^^^^^^^^^^^

ai_werewolf_core\core\engine\state_machine.py:156: 
_ _ _ _ _ _ _ _ _ _ _ _ _ _ _ _ _ _ _ _ _ _ _ _ _ _ _ _ _ _ _ _ _ _ _ _ _ _ _ _
ai_werewolf_core\utils\redis_client.py:128: in get_client
    await cls._client.ping()
F:\py\Lib\site-packages\redis\asyncio\client.py:764: in execute_command
    conn = self.connection or await pool.get_connection()
                              ^^^^^^^^^^^^^^^^^^^^^^^^^^^
F:\py\Lib\site-packages\redis\utils.py:227: in async_wrapper
    return await func(*args, **kwargs)
           ^^^^^^^^^^^^^^^^^^^^^^^^^^^
F:\py\Lib\site-packages\redis\asyncio\connection.py:1351: in get_connection
    await self.ensure_connection(connection)
F:\py\Lib\site-packages\redis\asyncio\connection.py:1390: in ensure_connection
    await connection.connect()
F:\py\Lib\site-packages\redis\asyncio\connection.py:339: in connect
    await self.retry.call_with_retry(
F:\py\Lib\site-packages\redis\asyncio\retry.py:81: in call_with_retry
    raise error
F:\py\Lib\site-packages\redis\asyncio\retry.py:69: in call_with_retry
    return await do()
           ^^^^^^^^^^
F:\py\Lib\site-packages\redis\asyncio\connection.py:403: in connect_check_health
    await self.on_connect_check_health(check_health=check_health)
F:\py\Lib\site-packages\redis\asyncio\connection.py:560: in on_connect_check_health
    await self.read_response()
_ _ _ _ _ _ _ _ _ _ _ _ _ _ _ _ _ _ _ _ _ _ _ _ _ _ _ _ _ _ _ _ _ _ _ _ _ _ _ _

self = <redis.asyncio.connection.Connection(host=192.168.100.128,port=6379,db=1)>
disable_decoding = False, timeout = None

    async def read_response(
        self,
        disable_decoding: bool = False,
        timeout: Optional[float] = None,
        *,
        disconnect_on_error: bool = True,
        push_request: Optional[bool] = False,
    ):
        """Read the response from a previously sent command"""
        read_timeout = timeout if timeout is not None else self.socket_timeout
        host_error = self._host_error()
        try:
            if read_timeout is not None and self.protocol in ["3", 3]:
                async with async_timeout(read_timeout):
                    response = await self._parser.read_response(
                        disable_decoding=disable_decoding, push_request=push_request
                    )
            elif read_timeout is not None:
                async with async_timeout(read_timeout):
                    response = await self._parser.read_response(
                        disable_decoding=disable_decoding
                    )
            elif self.protocol in ["3", 3]:
                response = await self._parser.read_response(
                    disable_decoding=disable_decoding, push_request=push_request
                )
            else:
                response = await self._parser.read_response(
                    disable_decoding=disable_decoding
                )
        except asyncio.TimeoutError:
            if timeout is not None:
                # user requested timeout, return None. Operation can be retried
                return None
            # it was a self.socket_timeout error.
            if disconnect_on_error:
                await self.disconnect(nowait=True)
            raise TimeoutError(f"Timeout reading from {host_error}")
        except OSError as e:
            if disconnect_on_error:
                await self.disconnect(nowait=True)
>           raise ConnectionError(f"Error while reading from {host_error} : {e.args}")
E           redis.exceptions.ConnectionError: Error while reading from 192.168.100.128:6379 : (22, '÷∏∂®µƒÕ¯¬Á√˚≤ª‘Ÿø…”√°£', None, 64, None)

F:\py\Lib\site-packages\redis\asyncio\connection.py:747: ConnectionError

The above exception was the direct cause of the following exception:

self = <test_state_machine.TestInvalidTransitions object at 0x0000027C30480190>
state_machine = <ai_werewolf_core.core.engine.state_machine.PhaseStateMachine object at 0x0000027C31C78910>

    @pytest.mark.asyncio
    async def test_init_to_day_discussion_raises(self, state_machine):
        """¥” INIT ÷±Ω”Ã¯µΩ DAY_DISCUSSION ”¶≈◊≥ˆ InvalidTransitionError°£"""
        with pytest.raises(InvalidTransitionError) as exc_info:
>           await state_machine.transition_to(GamePhase.DAY_DISCUSSION)

tests\unit\core\engine\test_state_machine.py:261: 
_ _ _ _ _ _ _ _ _ _ _ _ _ _ _ _ _ _ _ _ _ _ _ _ _ _ _ _ _ _ _ _ _ _ _ _ _ _ _ _
ai_werewolf_core\core\engine\state_machine.py:374: in transition_to
    current_ctx = await self._load_context()
                  ^^^^^^^^^^^^^^^^^^^^^^^^^^
ai_werewolf_core\core\engine\state_machine.py:181: in _load_context
    redis = await self._get_redis()
            ^^^^^^^^^^^^^^^^^^^^^^^
_ _ _ _ _ _ _ _ _ _ _ _ _ _ _ _ _ _ _ _ _ _ _ _ _ _ _ _ _ _ _ _ _ _ _ _ _ _ _ _

self = <ai_werewolf_core.core.engine.state_machine.PhaseStateMachine object at 0x0000027C31C78910>

    async def _get_redis(self) -> aioredis.Redis:
        """ªÒ»° Redis “Ï≤ΩøÕªß∂À£®¿¡≥ı ºªØ£¨π≤œÌ¡¨Ω”≥ÿ£©°£"""
        if self._redis is None:
            try:
                self._redis = await RedisClientManager.get_client()
                self._logger.debug("PhaseStateMachine “—ªÒ»°π≤œÌ Redis øÕªß∂À")
            except (aioredis.ConnectionError, aioredis.TimeoutError) as e:
>               raise RedisUnavailableException(
                    f"PhaseStateMachine Œﬁ∑®ªÒ»° Redis øÕªß∂À: game_id={self.game_id}"
                ) from e
E               ai_werewolf_core.utils.redis_seq.RedisUnavailableException: PhaseStateMachine Œﬁ∑®ªÒ»° Redis øÕªß∂À: game_id=test_game_d528aecb0fe142b992cefe8451ff246d

ai_werewolf_core\core\engine\state_machine.py:159: RedisUnavailableException
---------------------------- Captured stderr setup ----------------------------
[2m2026-05-14T21:37:09.417635+08:00[0m [[32m[1mdebug    [0m] [1mglobal_subscribe              [0m [[0m[1m[34mai_werewolf_core.core.event.bus[0m][0m [36mhandler[0m=[35m_default_log_subscriber[0m
[2m2026-05-14T21:37:09.417821+08:00[0m [[32m[1mdebug    [0m] [1mglobal_subscribe              [0m [[0m[1m[34mai_werewolf_core.core.event.bus[0m][0m [36mhandler[0m=[35m_persist_to_db[0m
----------------------------- Captured log setup ------------------------------
DEBUG    ai_werewolf_core.core.event.bus:bus.py:519 {'handler': '_default_log_subscriber', 'event': 'global_subscribe', 'level': 'debug', 'logger': 'ai_werewolf_core.core.event.bus', 'timestamp': '2026-05-14T21:37:09.417635+08:00'}
DEBUG    ai_werewolf_core.core.event.bus:bus.py:519 {'handler': '_persist_to_db', 'event': 'global_subscribe', 'level': 'debug', 'logger': 'ai_werewolf_core.core.event.bus', 'timestamp': '2026-05-14T21:37:09.417821+08:00'}
---------------------------- Captured stderr call -----------------------------
[2m2026-05-14T21:37:09.418475+08:00[0m [[32m[1mdebug    [0m] [1mRedis ¡¨Ω”≥ÿ“—¥¥Ω®                  [0m [[0m[1m[34mai_werewolf_core.utils.redis_client[0m][0m [36mmax_connections[0m=[35m300[0m [36msocket_timeout[0m=[35m10[0m
[2m2026-05-14T21:37:14.421207+08:00[0m [[31m[1merror    [0m] [1mRedis ¡¨Ω”—È÷§ ß∞‹ (PING)           [0m [[0m[1m[34mai_werewolf_core.utils.redis_client[0m][0m [36merror[0m=[35m"Error while reading from 192.168.100.128:6379 : (22, '÷∏∂®µƒÕ¯¬Á√˚≤ª‘Ÿø…”√°£', None, 64, None)"[0m [36mhost[0m=[35m192.168.100.128[0m [36mport[0m=[35m6379[0m
Traceback (most recent call last):
  File "F:\py\Lib\asyncio\windows_events.py", line 463, in finish_socket_func
    return ov.getresult()
           ~~~~~~~~~~~~^^
OSError: [WinError 64] ÷∏∂®µƒÕ¯¬Á√˚≤ª‘Ÿø…”√°£

During handling of the above exception, another exception occurred:

Traceback (most recent call last):
  File "F:\py\Lib\site-packages\redis\asyncio\connection.py", line 725, in read_response
    response = await self._parser.read_response(
               ^^^^^^^^^^^^^^^^^^^^^^^^^^^^^^^^^
        disable_decoding=disable_decoding
        ^^^^^^^^^^^^^^^^^^^^^^^^^^^^^^^^^
    )
    ^
  File "F:\py\Lib\site-packages\redis\_parsers\resp2.py", line 82, in read_response
    response = await self._read_response(disable_decoding=disable_decoding)
               ^^^^^^^^^^^^^^^^^^^^^^^^^^^^^^^^^^^^^^^^^^^^^^^^^^^^^^^^^^^^
  File "F:\py\Lib\site-packages\redis\_parsers\resp2.py", line 90, in _read_response
    raw = await self._readline()
          ^^^^^^^^^^^^^^^^^^^^^^
  File "F:\py\Lib\site-packages\redis\_parsers\base.py", line 559, in _readline
    data = await self._stream.readline()
           ^^^^^^^^^^^^^^^^^^^^^^^^^^^^^
  File "F:\py\Lib\asyncio\streams.py", line 562, in readline
    line = await self.readuntil(sep)
           ^^^^^^^^^^^^^^^^^^^^^^^^^
  File "F:\py\Lib\asyncio\streams.py", line 677, in readuntil
    await self._wait_for_data('readuntil')
  File "F:\py\Lib\asyncio\streams.py", line 539, in _wait_for_data
    await self._waiter
  File "F:\py\Lib\asyncio\proactor_events.py", line 286, in _loop_reading
    length = fut.result()
  File "F:\py\Lib\asyncio\windows_events.py", line 804, in _poll
    value = callback(transferred, key, ov)
  File "F:\py\Lib\asyncio\windows_events.py", line 467, in finish_socket_func
    raise ConnectionResetError(*exc.args)
ConnectionResetError: [WinError 64] ÷∏∂®µƒÕ¯¬Á√˚≤ª‘Ÿø…”√°£

During handling of the above exception, another exception occurred:

Traceback (most recent call last):
  File "F:\YilenaCode\Werewolf\ai_werewolf_core\utils\redis_client.py", line 128, in get_client
    await cls._client.ping()
  File "F:\py\Lib\site-packages\redis\asyncio\client.py", line 764, in execute_command
    conn = self.connection or await pool.get_connection()
                              ^^^^^^^^^^^^^^^^^^^^^^^^^^^
  File "F:\py\Lib\site-packages\redis\utils.py", line 227, in async_wrapper
    return await func(*args, **kwargs)
           ^^^^^^^^^^^^^^^^^^^^^^^^^^^
  File "F:\py\Lib\site-packages\redis\asyncio\connection.py", line 1351, in get_connection
    await self.ensure_connection(connection)
  File "F:\py\Lib\site-packages\redis\asyncio\connection.py", line 1390, in ensure_connection
    await connection.connect()
  File "F:\py\Lib\site-packages\redis\asyncio\connection.py", line 339, in connect
    await self.retry.call_with_retry(
    ...<7 lines>...
    )
  File "F:\py\Lib\site-packages\redis\asyncio\retry.py", line 81, in call_with_retry
    raise error
  File "F:\py\Lib\site-packages\redis\asyncio\retry.py", line 69, in call_with_retry
    return await do()
           ^^^^^^^^^^
  File "F:\py\Lib\site-packages\redis\asyncio\connection.py", line 403, in connect_check_health
    await self.on_connect_check_health(check_health=check_health)
  File "F:\py\Lib\site-packages\redis\asyncio\connection.py", line 560, in on_connect_check_health
    await self.read_response()
  File "F:\py\Lib\site-packages\redis\asyncio\connection.py", line 747, in read_response
    raise ConnectionError(f"Error while reading from {host_error} : {e.args}")
redis.exceptions.ConnectionError: Error while reading from 192.168.100.128:6379 : (22, '÷∏∂®µƒÕ¯¬Á√˚≤ª‘Ÿø…”√°£', None, 64, None)
------------------------------ Captured log call ------------------------------
DEBUG    ai_werewolf_core.utils.redis_client:redis_client.py:243 {'max_connections': 300, 'socket_timeout': 10, 'event': 'Redis ¡¨Ω”≥ÿ“—¥¥Ω®', 'level': 'debug', 'logger': 'ai_werewolf_core.utils.redis_client', 'timestamp': '2026-05-14T21:37:09.418475+08:00'}
ERROR    ai_werewolf_core.utils.redis_client:redis_client.py:130 {'host': '192.168.100.128', 'port': 6379, 'error': "Error while reading from 192.168.100.128:6379 : (22, '÷∏∂®µƒÕ¯¬Á√˚≤ª‘Ÿø…”√°£', None, 64, None)", 'event': 'Redis ¡¨Ω”—È÷§ ß∞‹ (PING)', 'level': 'error', 'logger': 'ai_werewolf_core.utils.redis_client', 'timestamp': '2026-05-14T21:37:14.421207+08:00', 'exception': 'Traceback (most recent call last):\n  File "F:\\py\\Lib\\asyncio\\windows_events.py", line 463, in finish_socket_func\n    return ov.getresult()\n           ~~~~~~~~~~~~^^\nOSError: [WinError 64] ÷∏∂®µƒÕ¯¬Á√˚≤ª‘Ÿø…”√°£\n\nDuring handling of the above exception, another exception occurred:\n\nTraceback (most recent call last):\n  File "F:\\py\\Lib\\site-packages\\redis\\asyncio\\connection.py", line 725, in read_response\n    response = await self._parser.read_response(\n               ^^^^^^^^^^^^^^^^^^^^^^^^^^^^^^^^^\n        disable_decoding=disable_decoding\n        ^^^^^^^^^^^^^^^^^^^^^^^^^^^^^^^^^\n    )\n    ^\n  File "F:\\py\\Lib\\site-packages\\redis\\_parsers\\resp2.py", line 82, in read_response\n    response = await self._read_response(disable_decoding=disable_decoding)\n               ^^^^^^^^^^^^^^^^^^^^^^^^^^^^^^^^^^^^^^^^^^^^^^^^^^^^^^^^^^^^\n  File "F:\\py\\Lib\\site-packages\\redis\\_parsers\\resp2.py", line 90, in _read_response\n    raw = await self._readline()\n          ^^^^^^^^^^^^^^^^^^^^^^\n  File "F:\\py\\Lib\\site-packages\\redis\\_parsers\\base.py", line 559, in _readline\n    data = await self._stream.readline()\n           ^^^^^^^^^^^^^^^^^^^^^^^^^^^^^\n  File "F:\\py\\Lib\\asyncio\\streams.py", line 562, in readline\n    line = await self.readuntil(sep)\n           ^^^^^^^^^^^^^^^^^^^^^^^^^\n  File "F:\\py\\Lib\\asyncio\\streams.py", line 677, in readuntil\n    await self._wait_for_data(\'readuntil\')\n  File "F:\\py\\Lib\\asyncio\\streams.py", line 539, in _wait_for_data\n    await self._waiter\n  File "F:\\py\\Lib\\asyncio\\proactor_events.py", line 286, in _loop_reading\n    length = fut.result()\n  File "F:\\py\\Lib\\asyncio\\windows_events.py", line 804, in _poll\n    value = callback(transferred, key, ov)\n  File "F:\\py\\Lib\\asyncio\\windows_events.py", line 467, in finish_socket_func\n    raise ConnectionResetError(*exc.args)\nConnectionResetError: [WinError 64] ÷∏∂®µƒÕ¯¬Á√˚≤ª‘Ÿø…”√°£\n\nDuring handling of the above exception, another exception occurred:\n\nTraceback (most recent call last):\n  File "F:\\YilenaCode\\Werewolf\\ai_werewolf_core\\utils\\redis_client.py", line 128, in get_client\n    await cls._client.ping()\n  File "F:\\py\\Lib\\site-packages\\redis\\asyncio\\client.py", line 764, in execute_command\n    conn = self.connection or await pool.get_connection()\n                              ^^^^^^^^^^^^^^^^^^^^^^^^^^^\n  File "F:\\py\\Lib\\site-packages\\redis\\utils.py", line 227, in async_wrapper\n    return await func(*args, **kwargs)\n           ^^^^^^^^^^^^^^^^^^^^^^^^^^^\n  File "F:\\py\\Lib\\site-packages\\redis\\asyncio\\connection.py", line 1351, in get_connection\n    await self.ensure_connection(connection)\n  File "F:\\py\\Lib\\site-packages\\redis\\asyncio\\connection.py", line 1390, in ensure_connection\n    await connection.connect()\n  File "F:\\py\\Lib\\site-packages\\redis\\asyncio\\connection.py", line 339, in connect\n    await self.retry.call_with_retry(\n    ...<7 lines>...\n    )\n  File "F:\\py\\Lib\\site-packages\\redis\\asyncio\\retry.py", line 81, in call_with_retry\n    raise error\n  File "F:\\py\\Lib\\site-packages\\redis\\asyncio\\retry.py", line 69, in call_with_retry\n    return await do()\n           ^^^^^^^^^^\n  File "F:\\py\\Lib\\site-packages\\redis\\asyncio\\connection.py", line 403, in connect_check_health\n    await self.on_connect_check_health(check_health=check_health)\n  File "F:\\py\\Lib\\site-packages\\redis\\asyncio\\connection.py", line 560, in on_connect_check_health\n    await self.read_response()\n  File "F:\\py\\Lib\\site-packages\\redis\\asyncio\\connection.py", line 747, in read_response\n    raise ConnectionError(f"Error while reading from {host_error} : {e.args}")\nredis.exceptions.ConnectionError: Error while reading from 192.168.100.128:6379 : (22, \'÷∏∂®µƒÕ¯¬Á√˚≤ª‘Ÿø…”√°£\', None, 64, None)'}
_____ TestInvalidTransitions.test_night_wolf_act_to_day_discussion_raises _____

trans = 0, key = 0, ov = <_overlapped.Overlapped object at 0x0000027C30834B70>

    @staticmethod
    def finish_socket_func(trans, key, ov):
        try:
>           return ov.getresult()
                   ^^^^^^^^^^^^^^
E           OSError: [WinError 64] ÷∏∂®µƒÕ¯¬Á√˚≤ª‘Ÿø…”√°£

F:\py\Lib\asyncio\windows_events.py:463: OSError

During handling of the above exception, another exception occurred:

self = <redis.asyncio.connection.Connection(host=192.168.100.128,port=6379,db=1)>
disable_decoding = False, timeout = None

    async def read_response(
        self,
        disable_decoding: bool = False,
        timeout: Optional[float] = None,
        *,
        disconnect_on_error: bool = True,
        push_request: Optional[bool] = False,
    ):
        """Read the response from a previously sent command"""
        read_timeout = timeout if timeout is not None else self.socket_timeout
        host_error = self._host_error()
        try:
            if read_timeout is not None and self.protocol in ["3", 3]:
                async with async_timeout(read_timeout):
                    response = await self._parser.read_response(
                        disable_decoding=disable_decoding, push_request=push_request
                    )
            elif read_timeout is not None:
                async with async_timeout(read_timeout):
>                   response = await self._parser.read_response(
                        disable_decoding=disable_decoding

F:\py\Lib\site-packages\redis\asyncio\connection.py:725: 
_ _ _ _ _ _ _ _ _ _ _ _ _ _ _ _ _ _ _ _ _ _ _ _ _ _ _ _ _ _ _ _ _ _ _ _ _ _ _ _
F:\py\Lib\site-packages\redis\_parsers\resp2.py:82: in read_response
    response = await self._read_response(disable_decoding=disable_decoding)
               ^^^^^^^^^^^^^^^^^^^^^^^^^^^^^^^^^^^^^^^^^^^^^^^^^^^^^^^^^^^^
F:\py\Lib\site-packages\redis\_parsers\resp2.py:90: in _read_response
    raw = await self._readline()
          ^^^^^^^^^^^^^^^^^^^^^^
F:\py\Lib\site-packages\redis\_parsers\base.py:559: in _readline
    data = await self._stream.readline()
           ^^^^^^^^^^^^^^^^^^^^^^^^^^^^^
F:\py\Lib\asyncio\streams.py:562: in readline
    line = await self.readuntil(sep)
           ^^^^^^^^^^^^^^^^^^^^^^^^^
F:\py\Lib\asyncio\streams.py:677: in readuntil
    await self._wait_for_data('readuntil')
F:\py\Lib\asyncio\streams.py:539: in _wait_for_data
    await self._waiter
F:\py\Lib\asyncio\proactor_events.py:286: in _loop_reading
    length = fut.result()
             ^^^^^^^^^^^^
F:\py\Lib\asyncio\windows_events.py:804: in _poll
    value = callback(transferred, key, ov)
            ^^^^^^^^^^^^^^^^^^^^^^^^^^^^^^
_ _ _ _ _ _ _ _ _ _ _ _ _ _ _ _ _ _ _ _ _ _ _ _ _ _ _ _ _ _ _ _ _ _ _ _ _ _ _ _

trans = 0, key = 0, ov = <_overlapped.Overlapped object at 0x0000027C30834B70>

    @staticmethod
    def finish_socket_func(trans, key, ov):
        try:
            return ov.getresult()
        except OSError as exc:
            if exc.winerror in (_overlapped.ERROR_NETNAME_DELETED,
                                _overlapped.ERROR_OPERATION_ABORTED):
>               raise ConnectionResetError(*exc.args)
E               ConnectionResetError: [WinError 64] ÷∏∂®µƒÕ¯¬Á√˚≤ª‘Ÿø…”√°£

F:\py\Lib\asyncio\windows_events.py:467: ConnectionResetError

During handling of the above exception, another exception occurred:

self = <ai_werewolf_core.core.engine.state_machine.PhaseStateMachine object at 0x0000027C31C8AC10>

    async def _get_redis(self) -> aioredis.Redis:
        """ªÒ»° Redis “Ï≤ΩøÕªß∂À£®¿¡≥ı ºªØ£¨π≤œÌ¡¨Ω”≥ÿ£©°£"""
        if self._redis is None:
            try:
>               self._redis = await RedisClientManager.get_client()
                              ^^^^^^^^^^^^^^^^^^^^^^^^^^^^^^^^^^^^^

ai_werewolf_core\core\engine\state_machine.py:156: 
_ _ _ _ _ _ _ _ _ _ _ _ _ _ _ _ _ _ _ _ _ _ _ _ _ _ _ _ _ _ _ _ _ _ _ _ _ _ _ _
ai_werewolf_core\utils\redis_client.py:128: in get_client
    await cls._client.ping()
F:\py\Lib\site-packages\redis\asyncio\client.py:764: in execute_command
    conn = self.connection or await pool.get_connection()
                              ^^^^^^^^^^^^^^^^^^^^^^^^^^^
F:\py\Lib\site-packages\redis\utils.py:227: in async_wrapper
    return await func(*args, **kwargs)
           ^^^^^^^^^^^^^^^^^^^^^^^^^^^
F:\py\Lib\site-packages\redis\asyncio\connection.py:1351: in get_connection
    await self.ensure_connection(connection)
F:\py\Lib\site-packages\redis\asyncio\connection.py:1390: in ensure_connection
    await connection.connect()
F:\py\Lib\site-packages\redis\asyncio\connection.py:339: in connect
    await self.retry.call_with_retry(
F:\py\Lib\site-packages\redis\asyncio\retry.py:81: in call_with_retry
    raise error
F:\py\Lib\site-packages\redis\asyncio\retry.py:69: in call_with_retry
    return await do()
           ^^^^^^^^^^
F:\py\Lib\site-packages\redis\asyncio\connection.py:403: in connect_check_health
    await self.on_connect_check_health(check_health=check_health)
F:\py\Lib\site-packages\redis\asyncio\connection.py:560: in on_connect_check_health
    await self.read_response()
_ _ _ _ _ _ _ _ _ _ _ _ _ _ _ _ _ _ _ _ _ _ _ _ _ _ _ _ _ _ _ _ _ _ _ _ _ _ _ _

self = <redis.asyncio.connection.Connection(host=192.168.100.128,port=6379,db=1)>
disable_decoding = False, timeout = None

    async def read_response(
        self,
        disable_decoding: bool = False,
        timeout: Optional[float] = None,
        *,
        disconnect_on_error: bool = True,
        push_request: Optional[bool] = False,
    ):
        """Read the response from a previously sent command"""
        read_timeout = timeout if timeout is not None else self.socket_timeout
        host_error = self._host_error()
        try:
            if read_timeout is not None and self.protocol in ["3", 3]:
                async with async_timeout(read_timeout):
                    response = await self._parser.read_response(
                        disable_decoding=disable_decoding, push_request=push_request
                    )
            elif read_timeout is not None:
                async with async_timeout(read_timeout):
                    response = await self._parser.read_response(
                        disable_decoding=disable_decoding
                    )
            elif self.protocol in ["3", 3]:
                response = await self._parser.read_response(
                    disable_decoding=disable_decoding, push_request=push_request
                )
            else:
                response = await self._parser.read_response(
                    disable_decoding=disable_decoding
                )
        except asyncio.TimeoutError:
            if timeout is not None:
                # user requested timeout, return None. Operation can be retried
                return None
            # it was a self.socket_timeout error.
            if disconnect_on_error:
                await self.disconnect(nowait=True)
            raise TimeoutError(f"Timeout reading from {host_error}")
        except OSError as e:
            if disconnect_on_error:
                await self.disconnect(nowait=True)
>           raise ConnectionError(f"Error while reading from {host_error} : {e.args}")
E           redis.exceptions.ConnectionError: Error while reading from 192.168.100.128:6379 : (22, '÷∏∂®µƒÕ¯¬Á√˚≤ª‘Ÿø…”√°£', None, 64, None)

F:\py\Lib\site-packages\redis\asyncio\connection.py:747: ConnectionError

The above exception was the direct cause of the following exception:

self = <test_state_machine.TestInvalidTransitions object at 0x0000027C304802D0>
state_machine = <ai_werewolf_core.core.engine.state_machine.PhaseStateMachine object at 0x0000027C31C8AC10>

    @pytest.mark.asyncio
    async def test_night_wolf_act_to_day_discussion_raises(self, state_machine):
        """¥” NIGHT_WOLF_ACT Ã¯π˝∫Û–¯Ω◊∂Œ÷±Ω”µΩ DAY_DISCUSSION ”¶≈◊≥ˆ“Ï≥£°£"""
>       await state_machine.transition_to(GamePhase.INIT)

tests\unit\core\engine\test_state_machine.py:268: 
_ _ _ _ _ _ _ _ _ _ _ _ _ _ _ _ _ _ _ _ _ _ _ _ _ _ _ _ _ _ _ _ _ _ _ _ _ _ _ _
ai_werewolf_core\core\engine\state_machine.py:374: in transition_to
    current_ctx = await self._load_context()
                  ^^^^^^^^^^^^^^^^^^^^^^^^^^
ai_werewolf_core\core\engine\state_machine.py:181: in _load_context
    redis = await self._get_redis()
            ^^^^^^^^^^^^^^^^^^^^^^^
_ _ _ _ _ _ _ _ _ _ _ _ _ _ _ _ _ _ _ _ _ _ _ _ _ _ _ _ _ _ _ _ _ _ _ _ _ _ _ _

self = <ai_werewolf_core.core.engine.state_machine.PhaseStateMachine object at 0x0000027C31C8AC10>

    async def _get_redis(self) -> aioredis.Redis:
        """ªÒ»° Redis “Ï≤ΩøÕªß∂À£®¿¡≥ı ºªØ£¨π≤œÌ¡¨Ω”≥ÿ£©°£"""
        if self._redis is None:
            try:
                self._redis = await RedisClientManager.get_client()
                self._logger.debug("PhaseStateMachine “—ªÒ»°π≤œÌ Redis øÕªß∂À")
            except (aioredis.ConnectionError, aioredis.TimeoutError) as e:
>               raise RedisUnavailableException(
                    f"PhaseStateMachine Œﬁ∑®ªÒ»° Redis øÕªß∂À: game_id={self.game_id}"
                ) from e
E               ai_werewolf_core.utils.redis_seq.RedisUnavailableException: PhaseStateMachine Œﬁ∑®ªÒ»° Redis øÕªß∂À: game_id=test_game_06ea96aed5134be680e836b7016157fa

ai_werewolf_core\core\engine\state_machine.py:159: RedisUnavailableException
---------------------------- Captured stderr setup ----------------------------
[2m2026-05-14T21:37:14.571691+08:00[0m [[32m[1mdebug    [0m] [1mglobal_subscribe              [0m [[0m[1m[34mai_werewolf_core.core.event.bus[0m][0m [36mhandler[0m=[35m_default_log_subscriber[0m
[2m2026-05-14T21:37:14.571881+08:00[0m [[32m[1mdebug    [0m] [1mglobal_subscribe              [0m [[0m[1m[34mai_werewolf_core.core.event.bus[0m][0m [36mhandler[0m=[35m_persist_to_db[0m
----------------------------- Captured log setup ------------------------------
DEBUG    ai_werewolf_core.core.event.bus:bus.py:519 {'handler': '_default_log_subscriber', 'event': 'global_subscribe', 'level': 'debug', 'logger': 'ai_werewolf_core.core.event.bus', 'timestamp': '2026-05-14T21:37:14.571691+08:00'}
DEBUG    ai_werewolf_core.core.event.bus:bus.py:519 {'handler': '_persist_to_db', 'event': 'global_subscribe', 'level': 'debug', 'logger': 'ai_werewolf_core.core.event.bus', 'timestamp': '2026-05-14T21:37:14.571881+08:00'}
---------------------------- Captured stderr call -----------------------------
[2m2026-05-14T21:37:14.572735+08:00[0m [[32m[1mdebug    [0m] [1mRedis ¡¨Ω”≥ÿ“—¥¥Ω®                  [0m [[0m[1m[34mai_werewolf_core.utils.redis_client[0m][0m [36mmax_connections[0m=[35m300[0m [36msocket_timeout[0m=[35m10[0m
[2m2026-05-14T21:37:19.577057+08:00[0m [[31m[1merror    [0m] [1mRedis ¡¨Ω”—È÷§ ß∞‹ (PING)           [0m [[0m[1m[34mai_werewolf_core.utils.redis_client[0m][0m [36merror[0m=[35m"Error while reading from 192.168.100.128:6379 : (22, '÷∏∂®µƒÕ¯¬Á√˚≤ª‘Ÿø…”√°£', None, 64, None)"[0m [36mhost[0m=[35m192.168.100.128[0m [36mport[0m=[35m6379[0m
Traceback (most recent call last):
  File "F:\py\Lib\asyncio\windows_events.py", line 463, in finish_socket_func
    return ov.getresult()
           ~~~~~~~~~~~~^^
OSError: [WinError 64] ÷∏∂®µƒÕ¯¬Á√˚≤ª‘Ÿø…”√°£

During handling of the above exception, another exception occurred:

Traceback (most recent call last):
  File "F:\py\Lib\site-packages\redis\asyncio\connection.py", line 725, in read_response
    response = await self._parser.read_response(
               ^^^^^^^^^^^^^^^^^^^^^^^^^^^^^^^^^
        disable_decoding=disable_decoding
        ^^^^^^^^^^^^^^^^^^^^^^^^^^^^^^^^^
    )
    ^
  File "F:\py\Lib\site-packages\redis\_parsers\resp2.py", line 82, in read_response
    response = await self._read_response(disable_decoding=disable_decoding)
               ^^^^^^^^^^^^^^^^^^^^^^^^^^^^^^^^^^^^^^^^^^^^^^^^^^^^^^^^^^^^
  File "F:\py\Lib\site-packages\redis\_parsers\resp2.py", line 90, in _read_response
    raw = await self._readline()
          ^^^^^^^^^^^^^^^^^^^^^^
  File "F:\py\Lib\site-packages\redis\_parsers\base.py", line 559, in _readline
    data = await self._stream.readline()
           ^^^^^^^^^^^^^^^^^^^^^^^^^^^^^
  File "F:\py\Lib\asyncio\streams.py", line 562, in readline
    line = await self.readuntil(sep)
           ^^^^^^^^^^^^^^^^^^^^^^^^^
  File "F:\py\Lib\asyncio\streams.py", line 677, in readuntil
    await self._wait_for_data('readuntil')
  File "F:\py\Lib\asyncio\streams.py", line 539, in _wait_for_data
    await self._waiter
  File "F:\py\Lib\asyncio\proactor_events.py", line 286, in _loop_reading
    length = fut.result()
  File "F:\py\Lib\asyncio\windows_events.py", line 804, in _poll
    value = callback(transferred, key, ov)
  File "F:\py\Lib\asyncio\windows_events.py", line 467, in finish_socket_func
    raise ConnectionResetError(*exc.args)
ConnectionResetError: [WinError 64] ÷∏∂®µƒÕ¯¬Á√˚≤ª‘Ÿø…”√°£

During handling of the above exception, another exception occurred:

Traceback (most recent call last):
  File "F:\YilenaCode\Werewolf\ai_werewolf_core\utils\redis_client.py", line 128, in get_client
    await cls._client.ping()
  File "F:\py\Lib\site-packages\redis\asyncio\client.py", line 764, in execute_command
    conn = self.connection or await pool.get_connection()
                              ^^^^^^^^^^^^^^^^^^^^^^^^^^^
  File "F:\py\Lib\site-packages\redis\utils.py", line 227, in async_wrapper
    return await func(*args, **kwargs)
           ^^^^^^^^^^^^^^^^^^^^^^^^^^^
  File "F:\py\Lib\site-packages\redis\asyncio\connection.py", line 1351, in get_connection
    await self.ensure_connection(connection)
  File "F:\py\Lib\site-packages\redis\asyncio\connection.py", line 1390, in ensure_connection
    await connection.connect()
  File "F:\py\Lib\site-packages\redis\asyncio\connection.py", line 339, in connect
    await self.retry.call_with_retry(
    ...<7 lines>...
    )
  File "F:\py\Lib\site-packages\redis\asyncio\retry.py", line 81, in call_with_retry
    raise error
  File "F:\py\Lib\site-packages\redis\asyncio\retry.py", line 69, in call_with_retry
    return await do()
           ^^^^^^^^^^
  File "F:\py\Lib\site-packages\redis\asyncio\connection.py", line 403, in connect_check_health
    await self.on_connect_check_health(check_health=check_health)
  File "F:\py\Lib\site-packages\redis\asyncio\connection.py", line 560, in on_connect_check_health
    await self.read_response()
  File "F:\py\Lib\site-packages\redis\asyncio\connection.py", line 747, in read_response
    raise ConnectionError(f"Error while reading from {host_error} : {e.args}")
redis.exceptions.ConnectionError: Error while reading from 192.168.100.128:6379 : (22, '÷∏∂®µƒÕ¯¬Á√˚≤ª‘Ÿø…”√°£', None, 64, None)
------------------------------ Captured log call ------------------------------
DEBUG    ai_werewolf_core.utils.redis_client:redis_client.py:243 {'max_connections': 300, 'socket_timeout': 10, 'event': 'Redis ¡¨Ω”≥ÿ“—¥¥Ω®', 'level': 'debug', 'logger': 'ai_werewolf_core.utils.redis_client', 'timestamp': '2026-05-14T21:37:14.572735+08:00'}
ERROR    ai_werewolf_core.utils.redis_client:redis_client.py:130 {'host': '192.168.100.128', 'port': 6379, 'error': "Error while reading from 192.168.100.128:6379 : (22, '÷∏∂®µƒÕ¯¬Á√˚≤ª‘Ÿø…”√°£', None, 64, None)", 'event': 'Redis ¡¨Ω”—È÷§ ß∞‹ (PING)', 'level': 'error', 'logger': 'ai_werewolf_core.utils.redis_client', 'timestamp': '2026-05-14T21:37:19.577057+08:00', 'exception': 'Traceback (most recent call last):\n  File "F:\\py\\Lib\\asyncio\\windows_events.py", line 463, in finish_socket_func\n    return ov.getresult()\n           ~~~~~~~~~~~~^^\nOSError: [WinError 64] ÷∏∂®µƒÕ¯¬Á√˚≤ª‘Ÿø…”√°£\n\nDuring handling of the above exception, another exception occurred:\n\nTraceback (most recent call last):\n  File "F:\\py\\Lib\\site-packages\\redis\\asyncio\\connection.py", line 725, in read_response\n    response = await self._parser.read_response(\n               ^^^^^^^^^^^^^^^^^^^^^^^^^^^^^^^^^\n        disable_decoding=disable_decoding\n        ^^^^^^^^^^^^^^^^^^^^^^^^^^^^^^^^^\n    )\n    ^\n  File "F:\\py\\Lib\\site-packages\\redis\\_parsers\\resp2.py", line 82, in read_response\n    response = await self._read_response(disable_decoding=disable_decoding)\n               ^^^^^^^^^^^^^^^^^^^^^^^^^^^^^^^^^^^^^^^^^^^^^^^^^^^^^^^^^^^^\n  File "F:\\py\\Lib\\site-packages\\redis\\_parsers\\resp2.py", line 90, in _read_response\n    raw = await self._readline()\n          ^^^^^^^^^^^^^^^^^^^^^^\n  File "F:\\py\\Lib\\site-packages\\redis\\_parsers\\base.py", line 559, in _readline\n    data = await self._stream.readline()\n           ^^^^^^^^^^^^^^^^^^^^^^^^^^^^^\n  File "F:\\py\\Lib\\asyncio\\streams.py", line 562, in readline\n    line = await self.readuntil(sep)\n           ^^^^^^^^^^^^^^^^^^^^^^^^^\n  File "F:\\py\\Lib\\asyncio\\streams.py", line 677, in readuntil\n    await self._wait_for_data(\'readuntil\')\n  File "F:\\py\\Lib\\asyncio\\streams.py", line 539, in _wait_for_data\n    await self._waiter\n  File "F:\\py\\Lib\\asyncio\\proactor_events.py", line 286, in _loop_reading\n    length = fut.result()\n  File "F:\\py\\Lib\\asyncio\\windows_events.py", line 804, in _poll\n    value = callback(transferred, key, ov)\n  File "F:\\py\\Lib\\asyncio\\windows_events.py", line 467, in finish_socket_func\n    raise ConnectionResetError(*exc.args)\nConnectionResetError: [WinError 64] ÷∏∂®µƒÕ¯¬Á√˚≤ª‘Ÿø…”√°£\n\nDuring handling of the above exception, another exception occurred:\n\nTraceback (most recent call last):\n  File "F:\\YilenaCode\\Werewolf\\ai_werewolf_core\\utils\\redis_client.py", line 128, in get_client\n    await cls._client.ping()\n  File "F:\\py\\Lib\\site-packages\\redis\\asyncio\\client.py", line 764, in execute_command\n    conn = self.connection or await pool.get_connection()\n                              ^^^^^^^^^^^^^^^^^^^^^^^^^^^\n  File "F:\\py\\Lib\\site-packages\\redis\\utils.py", line 227, in async_wrapper\n    return await func(*args, **kwargs)\n           ^^^^^^^^^^^^^^^^^^^^^^^^^^^\n  File "F:\\py\\Lib\\site-packages\\redis\\asyncio\\connection.py", line 1351, in get_connection\n    await self.ensure_connection(connection)\n  File "F:\\py\\Lib\\site-packages\\redis\\asyncio\\connection.py", line 1390, in ensure_connection\n    await connection.connect()\n  File "F:\\py\\Lib\\site-packages\\redis\\asyncio\\connection.py", line 339, in connect\n    await self.retry.call_with_retry(\n    ...<7 lines>...\n    )\n  File "F:\\py\\Lib\\site-packages\\redis\\asyncio\\retry.py", line 81, in call_with_retry\n    raise error\n  File "F:\\py\\Lib\\site-packages\\redis\\asyncio\\retry.py", line 69, in call_with_retry\n    return await do()\n           ^^^^^^^^^^\n  File "F:\\py\\Lib\\site-packages\\redis\\asyncio\\connection.py", line 403, in connect_check_health\n    await self.on_connect_check_health(check_health=check_health)\n  File "F:\\py\\Lib\\site-packages\\redis\\asyncio\\connection.py", line 560, in on_connect_check_health\n    await self.read_response()\n  File "F:\\py\\Lib\\site-packages\\redis\\asyncio\\connection.py", line 747, in read_response\n    raise ConnectionError(f"Error while reading from {host_error} : {e.args}")\nredis.exceptions.ConnectionError: Error while reading from 192.168.100.128:6379 : (22, \'÷∏∂®µƒÕ¯¬Á√˚≤ª‘Ÿø…”√°£\', None, 64, None)'}
_____ TestInvalidTransitions.test_day_discussion_to_night_wolf_act_raises _____

trans = 0, key = 0, ov = <_overlapped.Overlapped object at 0x0000027C30836C70>

    @staticmethod
    def finish_socket_func(trans, key, ov):
        try:
>           return ov.getresult()
                   ^^^^^^^^^^^^^^
E           OSError: [WinError 64] ÷∏∂®µƒÕ¯¬Á√˚≤ª‘Ÿø…”√°£

F:\py\Lib\asyncio\windows_events.py:463: OSError

During handling of the above exception, another exception occurred:

self = <redis.asyncio.connection.Connection(host=192.168.100.128,port=6379,db=1)>
disable_decoding = False, timeout = None

    async def read_response(
        self,
        disable_decoding: bool = False,
        timeout: Optional[float] = None,
        *,
        disconnect_on_error: bool = True,
        push_request: Optional[bool] = False,
    ):
        """Read the response from a previously sent command"""
        read_timeout = timeout if timeout is not None else self.socket_timeout
        host_error = self._host_error()
        try:
            if read_timeout is not None and self.protocol in ["3", 3]:
                async with async_timeout(read_timeout):
                    response = await self._parser.read_response(
                        disable_decoding=disable_decoding, push_request=push_request
                    )
            elif read_timeout is not None:
                async with async_timeout(read_timeout):
>                   response = await self._parser.read_response(
                        disable_decoding=disable_decoding

F:\py\Lib\site-packages\redis\asyncio\connection.py:725: 
_ _ _ _ _ _ _ _ _ _ _ _ _ _ _ _ _ _ _ _ _ _ _ _ _ _ _ _ _ _ _ _ _ _ _ _ _ _ _ _
F:\py\Lib\site-packages\redis\_parsers\resp2.py:82: in read_response
    response = await self._read_response(disable_decoding=disable_decoding)
               ^^^^^^^^^^^^^^^^^^^^^^^^^^^^^^^^^^^^^^^^^^^^^^^^^^^^^^^^^^^^
F:\py\Lib\site-packages\redis\_parsers\resp2.py:90: in _read_response
    raw = await self._readline()
          ^^^^^^^^^^^^^^^^^^^^^^
F:\py\Lib\site-packages\redis\_parsers\base.py:559: in _readline
    data = await self._stream.readline()
           ^^^^^^^^^^^^^^^^^^^^^^^^^^^^^
F:\py\Lib\asyncio\streams.py:562: in readline
    line = await self.readuntil(sep)
           ^^^^^^^^^^^^^^^^^^^^^^^^^
F:\py\Lib\asyncio\streams.py:677: in readuntil
    await self._wait_for_data('readuntil')
F:\py\Lib\asyncio\streams.py:539: in _wait_for_data
    await self._waiter
F:\py\Lib\asyncio\proactor_events.py:286: in _loop_reading
    length = fut.result()
             ^^^^^^^^^^^^
F:\py\Lib\asyncio\windows_events.py:804: in _poll
    value = callback(transferred, key, ov)
            ^^^^^^^^^^^^^^^^^^^^^^^^^^^^^^
_ _ _ _ _ _ _ _ _ _ _ _ _ _ _ _ _ _ _ _ _ _ _ _ _ _ _ _ _ _ _ _ _ _ _ _ _ _ _ _

trans = 0, key = 0, ov = <_overlapped.Overlapped object at 0x0000027C30836C70>

    @staticmethod
    def finish_socket_func(trans, key, ov):
        try:
            return ov.getresult()
        except OSError as exc:
            if exc.winerror in (_overlapped.ERROR_NETNAME_DELETED,
                                _overlapped.ERROR_OPERATION_ABORTED):
>               raise ConnectionResetError(*exc.args)
E               ConnectionResetError: [WinError 64] ÷∏∂®µƒÕ¯¬Á√˚≤ª‘Ÿø…”√°£

F:\py\Lib\asyncio\windows_events.py:467: ConnectionResetError

During handling of the above exception, another exception occurred:

self = <ai_werewolf_core.core.engine.state_machine.PhaseStateMachine object at 0x0000027C31EDC670>

    async def _get_redis(self) -> aioredis.Redis:
        """ªÒ»° Redis “Ï≤ΩøÕªß∂À£®¿¡≥ı ºªØ£¨π≤œÌ¡¨Ω”≥ÿ£©°£"""
        if self._redis is None:
            try:
>               self._redis = await RedisClientManager.get_client()
                              ^^^^^^^^^^^^^^^^^^^^^^^^^^^^^^^^^^^^^

ai_werewolf_core\core\engine\state_machine.py:156: 
_ _ _ _ _ _ _ _ _ _ _ _ _ _ _ _ _ _ _ _ _ _ _ _ _ _ _ _ _ _ _ _ _ _ _ _ _ _ _ _
ai_werewolf_core\utils\redis_client.py:128: in get_client
    await cls._client.ping()
F:\py\Lib\site-packages\redis\asyncio\client.py:764: in execute_command
    conn = self.connection or await pool.get_connection()
                              ^^^^^^^^^^^^^^^^^^^^^^^^^^^
F:\py\Lib\site-packages\redis\utils.py:227: in async_wrapper
    return await func(*args, **kwargs)
           ^^^^^^^^^^^^^^^^^^^^^^^^^^^
F:\py\Lib\site-packages\redis\asyncio\connection.py:1351: in get_connection
    await self.ensure_connection(connection)
F:\py\Lib\site-packages\redis\asyncio\connection.py:1390: in ensure_connection
    await connection.connect()
F:\py\Lib\site-packages\redis\asyncio\connection.py:339: in connect
    await self.retry.call_with_retry(
F:\py\Lib\site-packages\redis\asyncio\retry.py:81: in call_with_retry
    raise error
F:\py\Lib\site-packages\redis\asyncio\retry.py:69: in call_with_retry
    return await do()
           ^^^^^^^^^^
F:\py\Lib\site-packages\redis\asyncio\connection.py:403: in connect_check_health
    await self.on_connect_check_health(check_health=check_health)
F:\py\Lib\site-packages\redis\asyncio\connection.py:560: in on_connect_check_health
    await self.read_response()
_ _ _ _ _ _ _ _ _ _ _ _ _ _ _ _ _ _ _ _ _ _ _ _ _ _ _ _ _ _ _ _ _ _ _ _ _ _ _ _

self = <redis.asyncio.connection.Connection(host=192.168.100.128,port=6379,db=1)>
disable_decoding = False, timeout = None

    async def read_response(
        self,
        disable_decoding: bool = False,
        timeout: Optional[float] = None,
        *,
        disconnect_on_error: bool = True,
        push_request: Optional[bool] = False,
    ):
        """Read the response from a previously sent command"""
        read_timeout = timeout if timeout is not None else self.socket_timeout
        host_error = self._host_error()
        try:
            if read_timeout is not None and self.protocol in ["3", 3]:
                async with async_timeout(read_timeout):
                    response = await self._parser.read_response(
                        disable_decoding=disable_decoding, push_request=push_request
                    )
            elif read_timeout is not None:
                async with async_timeout(read_timeout):
                    response = await self._parser.read_response(
                        disable_decoding=disable_decoding
                    )
            elif self.protocol in ["3", 3]:
                response = await self._parser.read_response(
                    disable_decoding=disable_decoding, push_request=push_request
                )
            else:
                response = await self._parser.read_response(
                    disable_decoding=disable_decoding
                )
        except asyncio.TimeoutError:
            if timeout is not None:
                # user requested timeout, return None. Operation can be retried
                return None
            # it was a self.socket_timeout error.
            if disconnect_on_error:
                await self.disconnect(nowait=True)
            raise TimeoutError(f"Timeout reading from {host_error}")
        except OSError as e:
            if disconnect_on_error:
                await self.disconnect(nowait=True)
>           raise ConnectionError(f"Error while reading from {host_error} : {e.args}")
E           redis.exceptions.ConnectionError: Error while reading from 192.168.100.128:6379 : (22, '÷∏∂®µƒÕ¯¬Á√˚≤ª‘Ÿø…”√°£', None, 64, None)

F:\py\Lib\site-packages\redis\asyncio\connection.py:747: ConnectionError

The above exception was the direct cause of the following exception:

self = <test_state_machine.TestInvalidTransitions object at 0x0000027C303D7CE0>
state_machine = <ai_werewolf_core.core.engine.state_machine.PhaseStateMachine object at 0x0000027C31EDC670>

    @pytest.mark.asyncio
    async def test_day_discussion_to_night_wolf_act_raises(self, state_machine):
        """¥” DAY_DISCUSSION ƒÊ–ÚÃ¯ªÿ NIGHT_WOLF_ACT ”¶≈◊≥ˆ“Ï≥£°£"""
>       await state_machine.transition_to(GamePhase.INIT)

tests\unit\core\engine\test_state_machine.py:278: 
_ _ _ _ _ _ _ _ _ _ _ _ _ _ _ _ _ _ _ _ _ _ _ _ _ _ _ _ _ _ _ _ _ _ _ _ _ _ _ _
ai_werewolf_core\core\engine\state_machine.py:374: in transition_to
    current_ctx = await self._load_context()
                  ^^^^^^^^^^^^^^^^^^^^^^^^^^
ai_werewolf_core\core\engine\state_machine.py:181: in _load_context
    redis = await self._get_redis()
            ^^^^^^^^^^^^^^^^^^^^^^^
_ _ _ _ _ _ _ _ _ _ _ _ _ _ _ _ _ _ _ _ _ _ _ _ _ _ _ _ _ _ _ _ _ _ _ _ _ _ _ _

self = <ai_werewolf_core.core.engine.state_machine.PhaseStateMachine object at 0x0000027C31EDC670>

    async def _get_redis(self) -> aioredis.Redis:
        """ªÒ»° Redis “Ï≤ΩøÕªß∂À£®¿¡≥ı ºªØ£¨π≤œÌ¡¨Ω”≥ÿ£©°£"""
        if self._redis is None:
            try:
                self._redis = await RedisClientManager.get_client()
                self._logger.debug("PhaseStateMachine “—ªÒ»°π≤œÌ Redis øÕªß∂À")
            except (aioredis.ConnectionError, aioredis.TimeoutError) as e:
>               raise RedisUnavailableException(
                    f"PhaseStateMachine Œﬁ∑®ªÒ»° Redis øÕªß∂À: game_id={self.game_id}"
                ) from e
E               ai_werewolf_core.utils.redis_seq.RedisUnavailableException: PhaseStateMachine Œﬁ∑®ªÒ»° Redis øÕªß∂À: game_id=test_game_d2a45780070742e09e0b701de47ad4e4

ai_werewolf_core\core\engine\state_machine.py:159: RedisUnavailableException
---------------------------- Captured stderr setup ----------------------------
[2m2026-05-14T21:37:19.734320+08:00[0m [[32m[1mdebug    [0m] [1mglobal_subscribe              [0m [[0m[1m[34mai_werewolf_core.core.event.bus[0m][0m [36mhandler[0m=[35m_default_log_subscriber[0m
[2m2026-05-14T21:37:19.734555+08:00[0m [[32m[1mdebug    [0m] [1mglobal_subscribe              [0m [[0m[1m[34mai_werewolf_core.core.event.bus[0m][0m [36mhandler[0m=[35m_persist_to_db[0m
----------------------------- Captured log setup ------------------------------
DEBUG    ai_werewolf_core.core.event.bus:bus.py:519 {'handler': '_default_log_subscriber', 'event': 'global_subscribe', 'level': 'debug', 'logger': 'ai_werewolf_core.core.event.bus', 'timestamp': '2026-05-14T21:37:19.734320+08:00'}
DEBUG    ai_werewolf_core.core.event.bus:bus.py:519 {'handler': '_persist_to_db', 'event': 'global_subscribe', 'level': 'debug', 'logger': 'ai_werewolf_core.core.event.bus', 'timestamp': '2026-05-14T21:37:19.734555+08:00'}
---------------------------- Captured stderr call -----------------------------
[2m2026-05-14T21:37:19.735412+08:00[0m [[32m[1mdebug    [0m] [1mRedis ¡¨Ω”≥ÿ“—¥¥Ω®                  [0m [[0m[1m[34mai_werewolf_core.utils.redis_client[0m][0m [36mmax_connections[0m=[35m300[0m [36msocket_timeout[0m=[35m10[0m
[2m2026-05-14T21:37:24.739313+08:00[0m [[31m[1merror    [0m] [1mRedis ¡¨Ω”—È÷§ ß∞‹ (PING)           [0m [[0m[1m[34mai_werewolf_core.utils.redis_client[0m][0m [36merror[0m=[35m"Error while reading from 192.168.100.128:6379 : (22, '÷∏∂®µƒÕ¯¬Á√˚≤ª‘Ÿø…”√°£', None, 64, None)"[0m [36mhost[0m=[35m192.168.100.128[0m [36mport[0m=[35m6379[0m
Traceback (most recent call last):
  File "F:\py\Lib\asyncio\windows_events.py", line 463, in finish_socket_func
    return ov.getresult()
           ~~~~~~~~~~~~^^
OSError: [WinError 64] ÷∏∂®µƒÕ¯¬Á√˚≤ª‘Ÿø…”√°£

During handling of the above exception, another exception occurred:

Traceback (most recent call last):
  File "F:\py\Lib\site-packages\redis\asyncio\connection.py", line 725, in read_response
    response = await self._parser.read_response(
               ^^^^^^^^^^^^^^^^^^^^^^^^^^^^^^^^^
        disable_decoding=disable_decoding
        ^^^^^^^^^^^^^^^^^^^^^^^^^^^^^^^^^
    )
    ^
  File "F:\py\Lib\site-packages\redis\_parsers\resp2.py", line 82, in read_response
    response = await self._read_response(disable_decoding=disable_decoding)
               ^^^^^^^^^^^^^^^^^^^^^^^^^^^^^^^^^^^^^^^^^^^^^^^^^^^^^^^^^^^^
  File "F:\py\Lib\site-packages\redis\_parsers\resp2.py", line 90, in _read_response
    raw = await self._readline()
          ^^^^^^^^^^^^^^^^^^^^^^
  File "F:\py\Lib\site-packages\redis\_parsers\base.py", line 559, in _readline
    data = await self._stream.readline()
           ^^^^^^^^^^^^^^^^^^^^^^^^^^^^^
  File "F:\py\Lib\asyncio\streams.py", line 562, in readline
    line = await self.readuntil(sep)
           ^^^^^^^^^^^^^^^^^^^^^^^^^
  File "F:\py\Lib\asyncio\streams.py", line 677, in readuntil
    await self._wait_for_data('readuntil')
  File "F:\py\Lib\asyncio\streams.py", line 539, in _wait_for_data
    await self._waiter
  File "F:\py\Lib\asyncio\proactor_events.py", line 286, in _loop_reading
    length = fut.result()
  File "F:\py\Lib\asyncio\windows_events.py", line 804, in _poll
    value = callback(transferred, key, ov)
  File "F:\py\Lib\asyncio\windows_events.py", line 467, in finish_socket_func
    raise ConnectionResetError(*exc.args)
ConnectionResetError: [WinError 64] ÷∏∂®µƒÕ¯¬Á√˚≤ª‘Ÿø…”√°£

During handling of the above exception, another exception occurred:

Traceback (most recent call last):
  File "F:\YilenaCode\Werewolf\ai_werewolf_core\utils\redis_client.py", line 128, in get_client
    await cls._client.ping()
  File "F:\py\Lib\site-packages\redis\asyncio\client.py", line 764, in execute_command
    conn = self.connection or await pool.get_connection()
                              ^^^^^^^^^^^^^^^^^^^^^^^^^^^
  File "F:\py\Lib\site-packages\redis\utils.py", line 227, in async_wrapper
    return await func(*args, **kwargs)
           ^^^^^^^^^^^^^^^^^^^^^^^^^^^
  File "F:\py\Lib\site-packages\redis\asyncio\connection.py", line 1351, in get_connection
    await self.ensure_connection(connection)
  File "F:\py\Lib\site-packages\redis\asyncio\connection.py", line 1390, in ensure_connection
    await connection.connect()
  File "F:\py\Lib\site-packages\redis\asyncio\connection.py", line 339, in connect
    await self.retry.call_with_retry(
    ...<7 lines>...
    )
  File "F:\py\Lib\site-packages\redis\asyncio\retry.py", line 81, in call_with_retry
    raise error
  File "F:\py\Lib\site-packages\redis\asyncio\retry.py", line 69, in call_with_retry
    return await do()
           ^^^^^^^^^^
  File "F:\py\Lib\site-packages\redis\asyncio\connection.py", line 403, in connect_check_health
    await self.on_connect_check_health(check_health=check_health)
  File "F:\py\Lib\site-packages\redis\asyncio\connection.py", line 560, in on_connect_check_health
    await self.read_response()
  File "F:\py\Lib\site-packages\redis\asyncio\connection.py", line 747, in read_response
    raise ConnectionError(f"Error while reading from {host_error} : {e.args}")
redis.exceptions.ConnectionError: Error while reading from 192.168.100.128:6379 : (22, '÷∏∂®µƒÕ¯¬Á√˚≤ª‘Ÿø…”√°£', None, 64, None)
------------------------------ Captured log call ------------------------------
DEBUG    ai_werewolf_core.utils.redis_client:redis_client.py:243 {'max_connections': 300, 'socket_timeout': 10, 'event': 'Redis ¡¨Ω”≥ÿ“—¥¥Ω®', 'level': 'debug', 'logger': 'ai_werewolf_core.utils.redis_client', 'timestamp': '2026-05-14T21:37:19.735412+08:00'}
ERROR    ai_werewolf_core.utils.redis_client:redis_client.py:130 {'host': '192.168.100.128', 'port': 6379, 'error': "Error while reading from 192.168.100.128:6379 : (22, '÷∏∂®µƒÕ¯¬Á√˚≤ª‘Ÿø…”√°£', None, 64, None)", 'event': 'Redis ¡¨Ω”—È÷§ ß∞‹ (PING)', 'level': 'error', 'logger': 'ai_werewolf_core.utils.redis_client', 'timestamp': '2026-05-14T21:37:24.739313+08:00', 'exception': 'Traceback (most recent call last):\n  File "F:\\py\\Lib\\asyncio\\windows_events.py", line 463, in finish_socket_func\n    return ov.getresult()\n           ~~~~~~~~~~~~^^\nOSError: [WinError 64] ÷∏∂®µƒÕ¯¬Á√˚≤ª‘Ÿø…”√°£\n\nDuring handling of the above exception, another exception occurred:\n\nTraceback (most recent call last):\n  File "F:\\py\\Lib\\site-packages\\redis\\asyncio\\connection.py", line 725, in read_response\n    response = await self._parser.read_response(\n               ^^^^^^^^^^^^^^^^^^^^^^^^^^^^^^^^^\n        disable_decoding=disable_decoding\n        ^^^^^^^^^^^^^^^^^^^^^^^^^^^^^^^^^\n    )\n    ^\n  File "F:\\py\\Lib\\site-packages\\redis\\_parsers\\resp2.py", line 82, in read_response\n    response = await self._read_response(disable_decoding=disable_decoding)\n               ^^^^^^^^^^^^^^^^^^^^^^^^^^^^^^^^^^^^^^^^^^^^^^^^^^^^^^^^^^^^\n  File "F:\\py\\Lib\\site-packages\\redis\\_parsers\\resp2.py", line 90, in _read_response\n    raw = await self._readline()\n          ^^^^^^^^^^^^^^^^^^^^^^\n  File "F:\\py\\Lib\\site-packages\\redis\\_parsers\\base.py", line 559, in _readline\n    data = await self._stream.readline()\n           ^^^^^^^^^^^^^^^^^^^^^^^^^^^^^\n  File "F:\\py\\Lib\\asyncio\\streams.py", line 562, in readline\n    line = await self.readuntil(sep)\n           ^^^^^^^^^^^^^^^^^^^^^^^^^\n  File "F:\\py\\Lib\\asyncio\\streams.py", line 677, in readuntil\n    await self._wait_for_data(\'readuntil\')\n  File "F:\\py\\Lib\\asyncio\\streams.py", line 539, in _wait_for_data\n    await self._waiter\n  File "F:\\py\\Lib\\asyncio\\proactor_events.py", line 286, in _loop_reading\n    length = fut.result()\n  File "F:\\py\\Lib\\asyncio\\windows_events.py", line 804, in _poll\n    value = callback(transferred, key, ov)\n  File "F:\\py\\Lib\\asyncio\\windows_events.py", line 467, in finish_socket_func\n    raise ConnectionResetError(*exc.args)\nConnectionResetError: [WinError 64] ÷∏∂®µƒÕ¯¬Á√˚≤ª‘Ÿø…”√°£\n\nDuring handling of the above exception, another exception occurred:\n\nTraceback (most recent call last):\n  File "F:\\YilenaCode\\Werewolf\\ai_werewolf_core\\utils\\redis_client.py", line 128, in get_client\n    await cls._client.ping()\n  File "F:\\py\\Lib\\site-packages\\redis\\asyncio\\client.py", line 764, in execute_command\n    conn = self.connection or await pool.get_connection()\n                              ^^^^^^^^^^^^^^^^^^^^^^^^^^^\n  File "F:\\py\\Lib\\site-packages\\redis\\utils.py", line 227, in async_wrapper\n    return await func(*args, **kwargs)\n           ^^^^^^^^^^^^^^^^^^^^^^^^^^^\n  File "F:\\py\\Lib\\site-packages\\redis\\asyncio\\connection.py", line 1351, in get_connection\n    await self.ensure_connection(connection)\n  File "F:\\py\\Lib\\site-packages\\redis\\asyncio\\connection.py", line 1390, in ensure_connection\n    await connection.connect()\n  File "F:\\py\\Lib\\site-packages\\redis\\asyncio\\connection.py", line 339, in connect\n    await self.retry.call_with_retry(\n    ...<7 lines>...\n    )\n  File "F:\\py\\Lib\\site-packages\\redis\\asyncio\\retry.py", line 81, in call_with_retry\n    raise error\n  File "F:\\py\\Lib\\site-packages\\redis\\asyncio\\retry.py", line 69, in call_with_retry\n    return await do()\n           ^^^^^^^^^^\n  File "F:\\py\\Lib\\site-packages\\redis\\asyncio\\connection.py", line 403, in connect_check_health\n    await self.on_connect_check_health(check_health=check_health)\n  File "F:\\py\\Lib\\site-packages\\redis\\asyncio\\connection.py", line 560, in on_connect_check_health\n    await self.read_response()\n  File "F:\\py\\Lib\\site-packages\\redis\\asyncio\\connection.py", line 747, in read_response\n    raise ConnectionError(f"Error while reading from {host_error} : {e.args}")\nredis.exceptions.ConnectionError: Error while reading from 192.168.100.128:6379 : (22, \'÷∏∂®µƒÕ¯¬Á√˚≤ª‘Ÿø…”√°£\', None, 64, None)'}
_______ TestInvalidTransitions.test_game_over_to_day_discussion_raises ________

trans = 0, key = 0, ov = <_overlapped.Overlapped object at 0x0000027C320BD230>

    @staticmethod
    def finish_socket_func(trans, key, ov):
        try:
>           return ov.getresult()
                   ^^^^^^^^^^^^^^
E           OSError: [WinError 64] ÷∏∂®µƒÕ¯¬Á√˚≤ª‘Ÿø…”√°£

F:\py\Lib\asyncio\windows_events.py:463: OSError

During handling of the above exception, another exception occurred:

self = <redis.asyncio.connection.Connection(host=192.168.100.128,port=6379,db=1)>
disable_decoding = False, timeout = None

    async def read_response(
        self,
        disable_decoding: bool = False,
        timeout: Optional[float] = None,
        *,
        disconnect_on_error: bool = True,
        push_request: Optional[bool] = False,
    ):
        """Read the response from a previously sent command"""
        read_timeout = timeout if timeout is not None else self.socket_timeout
        host_error = self._host_error()
        try:
            if read_timeout is not None and self.protocol in ["3", 3]:
                async with async_timeout(read_timeout):
                    response = await self._parser.read_response(
                        disable_decoding=disable_decoding, push_request=push_request
                    )
            elif read_timeout is not None:
                async with async_timeout(read_timeout):
>                   response = await self._parser.read_response(
                        disable_decoding=disable_decoding

F:\py\Lib\site-packages\redis\asyncio\connection.py:725: 
_ _ _ _ _ _ _ _ _ _ _ _ _ _ _ _ _ _ _ _ _ _ _ _ _ _ _ _ _ _ _ _ _ _ _ _ _ _ _ _
F:\py\Lib\site-packages\redis\_parsers\resp2.py:82: in read_response
    response = await self._read_response(disable_decoding=disable_decoding)
               ^^^^^^^^^^^^^^^^^^^^^^^^^^^^^^^^^^^^^^^^^^^^^^^^^^^^^^^^^^^^
F:\py\Lib\site-packages\redis\_parsers\resp2.py:90: in _read_response
    raw = await self._readline()
          ^^^^^^^^^^^^^^^^^^^^^^
F:\py\Lib\site-packages\redis\_parsers\base.py:559: in _readline
    data = await self._stream.readline()
           ^^^^^^^^^^^^^^^^^^^^^^^^^^^^^
F:\py\Lib\asyncio\streams.py:562: in readline
    line = await self.readuntil(sep)
           ^^^^^^^^^^^^^^^^^^^^^^^^^
F:\py\Lib\asyncio\streams.py:677: in readuntil
    await self._wait_for_data('readuntil')
F:\py\Lib\asyncio\streams.py:539: in _wait_for_data
    await self._waiter
F:\py\Lib\asyncio\proactor_events.py:286: in _loop_reading
    length = fut.result()
             ^^^^^^^^^^^^
F:\py\Lib\asyncio\windows_events.py:804: in _poll
    value = callback(transferred, key, ov)
            ^^^^^^^^^^^^^^^^^^^^^^^^^^^^^^
_ _ _ _ _ _ _ _ _ _ _ _ _ _ _ _ _ _ _ _ _ _ _ _ _ _ _ _ _ _ _ _ _ _ _ _ _ _ _ _

trans = 0, key = 0, ov = <_overlapped.Overlapped object at 0x0000027C320BD230>

    @staticmethod
    def finish_socket_func(trans, key, ov):
        try:
            return ov.getresult()
        except OSError as exc:
            if exc.winerror in (_overlapped.ERROR_NETNAME_DELETED,
                                _overlapped.ERROR_OPERATION_ABORTED):
>               raise ConnectionResetError(*exc.args)
E               ConnectionResetError: [WinError 64] ÷∏∂®µƒÕ¯¬Á√˚≤ª‘Ÿø…”√°£

F:\py\Lib\asyncio\windows_events.py:467: ConnectionResetError

During handling of the above exception, another exception occurred:

self = <ai_werewolf_core.core.engine.state_machine.PhaseStateMachine object at 0x0000027C31D0B000>

    async def _get_redis(self) -> aioredis.Redis:
        """ªÒ»° Redis “Ï≤ΩøÕªß∂À£®¿¡≥ı ºªØ£¨π≤œÌ¡¨Ω”≥ÿ£©°£"""
        if self._redis is None:
            try:
>               self._redis = await RedisClientManager.get_client()
                              ^^^^^^^^^^^^^^^^^^^^^^^^^^^^^^^^^^^^^

ai_werewolf_core\core\engine\state_machine.py:156: 
_ _ _ _ _ _ _ _ _ _ _ _ _ _ _ _ _ _ _ _ _ _ _ _ _ _ _ _ _ _ _ _ _ _ _ _ _ _ _ _
ai_werewolf_core\utils\redis_client.py:128: in get_client
    await cls._client.ping()
F:\py\Lib\site-packages\redis\asyncio\client.py:764: in execute_command
    conn = self.connection or await pool.get_connection()
                              ^^^^^^^^^^^^^^^^^^^^^^^^^^^
F:\py\Lib\site-packages\redis\utils.py:227: in async_wrapper
    return await func(*args, **kwargs)
           ^^^^^^^^^^^^^^^^^^^^^^^^^^^
F:\py\Lib\site-packages\redis\asyncio\connection.py:1351: in get_connection
    await self.ensure_connection(connection)
F:\py\Lib\site-packages\redis\asyncio\connection.py:1390: in ensure_connection
    await connection.connect()
F:\py\Lib\site-packages\redis\asyncio\connection.py:339: in connect
    await self.retry.call_with_retry(
F:\py\Lib\site-packages\redis\asyncio\retry.py:81: in call_with_retry
    raise error
F:\py\Lib\site-packages\redis\asyncio\retry.py:69: in call_with_retry
    return await do()
           ^^^^^^^^^^
F:\py\Lib\site-packages\redis\asyncio\connection.py:403: in connect_check_health
    await self.on_connect_check_health(check_health=check_health)
F:\py\Lib\site-packages\redis\asyncio\connection.py:560: in on_connect_check_health
    await self.read_response()
_ _ _ _ _ _ _ _ _ _ _ _ _ _ _ _ _ _ _ _ _ _ _ _ _ _ _ _ _ _ _ _ _ _ _ _ _ _ _ _

self = <redis.asyncio.connection.Connection(host=192.168.100.128,port=6379,db=1)>
disable_decoding = False, timeout = None

    async def read_response(
        self,
        disable_decoding: bool = False,
        timeout: Optional[float] = None,
        *,
        disconnect_on_error: bool = True,
        push_request: Optional[bool] = False,
    ):
        """Read the response from a previously sent command"""
        read_timeout = timeout if timeout is not None else self.socket_timeout
        host_error = self._host_error()
        try:
            if read_timeout is not None and self.protocol in ["3", 3]:
                async with async_timeout(read_timeout):
                    response = await self._parser.read_response(
                        disable_decoding=disable_decoding, push_request=push_request
                    )
            elif read_timeout is not None:
                async with async_timeout(read_timeout):
                    response = await self._parser.read_response(
                        disable_decoding=disable_decoding
                    )
            elif self.protocol in ["3", 3]:
                response = await self._parser.read_response(
                    disable_decoding=disable_decoding, push_request=push_request
                )
            else:
                response = await self._parser.read_response(
                    disable_decoding=disable_decoding
                )
        except asyncio.TimeoutError:
            if timeout is not None:
                # user requested timeout, return None. Operation can be retried
                return None
            # it was a self.socket_timeout error.
            if disconnect_on_error:
                await self.disconnect(nowait=True)
            raise TimeoutError(f"Timeout reading from {host_error}")
        except OSError as e:
            if disconnect_on_error:
                await self.disconnect(nowait=True)
>           raise ConnectionError(f"Error while reading from {host_error} : {e.args}")
E           redis.exceptions.ConnectionError: Error while reading from 192.168.100.128:6379 : (22, '÷∏∂®µƒÕ¯¬Á√˚≤ª‘Ÿø…”√°£', None, 64, None)

F:\py\Lib\site-packages\redis\asyncio\connection.py:747: ConnectionError

The above exception was the direct cause of the following exception:

self = <test_state_machine.TestInvalidTransitions object at 0x0000027C303D7E10>
state_machine = <ai_werewolf_core.core.engine.state_machine.PhaseStateMachine object at 0x0000027C31D0B000>

    @pytest.mark.asyncio
    async def test_game_over_to_day_discussion_raises(self, state_machine):
        """¥” GAME_OVER Ã¯ªÿ DAY_DISCUSSION ”¶≈◊≥ˆ“Ï≥£°£"""
>       await state_machine.transition_to(GamePhase.INIT)

tests\unit\core\engine\test_state_machine.py:293: 
_ _ _ _ _ _ _ _ _ _ _ _ _ _ _ _ _ _ _ _ _ _ _ _ _ _ _ _ _ _ _ _ _ _ _ _ _ _ _ _
ai_werewolf_core\core\engine\state_machine.py:374: in transition_to
    current_ctx = await self._load_context()
                  ^^^^^^^^^^^^^^^^^^^^^^^^^^
ai_werewolf_core\core\engine\state_machine.py:181: in _load_context
    redis = await self._get_redis()
            ^^^^^^^^^^^^^^^^^^^^^^^
_ _ _ _ _ _ _ _ _ _ _ _ _ _ _ _ _ _ _ _ _ _ _ _ _ _ _ _ _ _ _ _ _ _ _ _ _ _ _ _

self = <ai_werewolf_core.core.engine.state_machine.PhaseStateMachine object at 0x0000027C31D0B000>

    async def _get_redis(self) -> aioredis.Redis:
        """ªÒ»° Redis “Ï≤ΩøÕªß∂À£®¿¡≥ı ºªØ£¨π≤œÌ¡¨Ω”≥ÿ£©°£"""
        if self._redis is None:
            try:
                self._redis = await RedisClientManager.get_client()
                self._logger.debug("PhaseStateMachine “—ªÒ»°π≤œÌ Redis øÕªß∂À")
            except (aioredis.ConnectionError, aioredis.TimeoutError) as e:
>               raise RedisUnavailableException(
                    f"PhaseStateMachine Œﬁ∑®ªÒ»° Redis øÕªß∂À: game_id={self.game_id}"
                ) from e
E               ai_werewolf_core.utils.redis_seq.RedisUnavailableException: PhaseStateMachine Œﬁ∑®ªÒ»° Redis øÕªß∂À: game_id=test_game_10ab8a498dbf4ef88b967d43f0f5c625

ai_werewolf_core\core\engine\state_machine.py:159: RedisUnavailableException
---------------------------- Captured stderr setup ----------------------------
[2m2026-05-14T21:37:24.904753+08:00[0m [[32m[1mdebug    [0m] [1mglobal_subscribe              [0m [[0m[1m[34mai_werewolf_core.core.event.bus[0m][0m [36mhandler[0m=[35m_default_log_subscriber[0m
[2m2026-05-14T21:37:24.904949+08:00[0m [[32m[1mdebug    [0m] [1mglobal_subscribe              [0m [[0m[1m[34mai_werewolf_core.core.event.bus[0m][0m [36mhandler[0m=[35m_persist_to_db[0m
----------------------------- Captured log setup ------------------------------
DEBUG    ai_werewolf_core.core.event.bus:bus.py:519 {'handler': '_default_log_subscriber', 'event': 'global_subscribe', 'level': 'debug', 'logger': 'ai_werewolf_core.core.event.bus', 'timestamp': '2026-05-14T21:37:24.904753+08:00'}
DEBUG    ai_werewolf_core.core.event.bus:bus.py:519 {'handler': '_persist_to_db', 'event': 'global_subscribe', 'level': 'debug', 'logger': 'ai_werewolf_core.core.event.bus', 'timestamp': '2026-05-14T21:37:24.904949+08:00'}
---------------------------- Captured stderr call -----------------------------
[2m2026-05-14T21:37:24.905589+08:00[0m [[32m[1mdebug    [0m] [1mRedis ¡¨Ω”≥ÿ“—¥¥Ω®                  [0m [[0m[1m[34mai_werewolf_core.utils.redis_client[0m][0m [36mmax_connections[0m=[35m300[0m [36msocket_timeout[0m=[35m10[0m
[2m2026-05-14T21:37:29.908216+08:00[0m [[31m[1merror    [0m] [1mRedis ¡¨Ω”—È÷§ ß∞‹ (PING)           [0m [[0m[1m[34mai_werewolf_core.utils.redis_client[0m][0m [36merror[0m=[35m"Error while reading from 192.168.100.128:6379 : (22, '÷∏∂®µƒÕ¯¬Á√˚≤ª‘Ÿø…”√°£', None, 64, None)"[0m [36mhost[0m=[35m192.168.100.128[0m [36mport[0m=[35m6379[0m
Traceback (most recent call last):
  File "F:\py\Lib\asyncio\windows_events.py", line 463, in finish_socket_func
    return ov.getresult()
           ~~~~~~~~~~~~^^
OSError: [WinError 64] ÷∏∂®µƒÕ¯¬Á√˚≤ª‘Ÿø…”√°£

During handling of the above exception, another exception occurred:

Traceback (most recent call last):
  File "F:\py\Lib\site-packages\redis\asyncio\connection.py", line 725, in read_response
    response = await self._parser.read_response(
               ^^^^^^^^^^^^^^^^^^^^^^^^^^^^^^^^^
        disable_decoding=disable_decoding
        ^^^^^^^^^^^^^^^^^^^^^^^^^^^^^^^^^
    )
    ^
  File "F:\py\Lib\site-packages\redis\_parsers\resp2.py", line 82, in read_response
    response = await self._read_response(disable_decoding=disable_decoding)
               ^^^^^^^^^^^^^^^^^^^^^^^^^^^^^^^^^^^^^^^^^^^^^^^^^^^^^^^^^^^^
  File "F:\py\Lib\site-packages\redis\_parsers\resp2.py", line 90, in _read_response
    raw = await self._readline()
          ^^^^^^^^^^^^^^^^^^^^^^
  File "F:\py\Lib\site-packages\redis\_parsers\base.py", line 559, in _readline
    data = await self._stream.readline()
           ^^^^^^^^^^^^^^^^^^^^^^^^^^^^^
  File "F:\py\Lib\asyncio\streams.py", line 562, in readline
    line = await self.readuntil(sep)
           ^^^^^^^^^^^^^^^^^^^^^^^^^
  File "F:\py\Lib\asyncio\streams.py", line 677, in readuntil
    await self._wait_for_data('readuntil')
  File "F:\py\Lib\asyncio\streams.py", line 539, in _wait_for_data
    await self._waiter
  File "F:\py\Lib\asyncio\proactor_events.py", line 286, in _loop_reading
    length = fut.result()
  File "F:\py\Lib\asyncio\windows_events.py", line 804, in _poll
    value = callback(transferred, key, ov)
  File "F:\py\Lib\asyncio\windows_events.py", line 467, in finish_socket_func
    raise ConnectionResetError(*exc.args)
ConnectionResetError: [WinError 64] ÷∏∂®µƒÕ¯¬Á√˚≤ª‘Ÿø…”√°£

During handling of the above exception, another exception occurred:

Traceback (most recent call last):
  File "F:\YilenaCode\Werewolf\ai_werewolf_core\utils\redis_client.py", line 128, in get_client
    await cls._client.ping()
  File "F:\py\Lib\site-packages\redis\asyncio\client.py", line 764, in execute_command
    conn = self.connection or await pool.get_connection()
                              ^^^^^^^^^^^^^^^^^^^^^^^^^^^
  File "F:\py\Lib\site-packages\redis\utils.py", line 227, in async_wrapper
    return await func(*args, **kwargs)
           ^^^^^^^^^^^^^^^^^^^^^^^^^^^
  File "F:\py\Lib\site-packages\redis\asyncio\connection.py", line 1351, in get_connection
    await self.ensure_connection(connection)
  File "F:\py\Lib\site-packages\redis\asyncio\connection.py", line 1390, in ensure_connection
    await connection.connect()
  File "F:\py\Lib\site-packages\redis\asyncio\connection.py", line 339, in connect
    await self.retry.call_with_retry(
    ...<7 lines>...
    )
  File "F:\py\Lib\site-packages\redis\asyncio\retry.py", line 81, in call_with_retry
    raise error
  File "F:\py\Lib\site-packages\redis\asyncio\retry.py", line 69, in call_with_retry
    return await do()
           ^^^^^^^^^^
  File "F:\py\Lib\site-packages\redis\asyncio\connection.py", line 403, in connect_check_health
    await self.on_connect_check_health(check_health=check_health)
  File "F:\py\Lib\site-packages\redis\asyncio\connection.py", line 560, in on_connect_check_health
    await self.read_response()
  File "F:\py\Lib\site-packages\redis\asyncio\connection.py", line 747, in read_response
    raise ConnectionError(f"Error while reading from {host_error} : {e.args}")
redis.exceptions.ConnectionError: Error while reading from 192.168.100.128:6379 : (22, '÷∏∂®µƒÕ¯¬Á√˚≤ª‘Ÿø…”√°£', None, 64, None)
------------------------------ Captured log call ------------------------------
DEBUG    ai_werewolf_core.utils.redis_client:redis_client.py:243 {'max_connections': 300, 'socket_timeout': 10, 'event': 'Redis ¡¨Ω”≥ÿ“—¥¥Ω®', 'level': 'debug', 'logger': 'ai_werewolf_core.utils.redis_client', 'timestamp': '2026-05-14T21:37:24.905589+08:00'}
ERROR    ai_werewolf_core.utils.redis_client:redis_client.py:130 {'host': '192.168.100.128', 'port': 6379, 'error': "Error while reading from 192.168.100.128:6379 : (22, '÷∏∂®µƒÕ¯¬Á√˚≤ª‘Ÿø…”√°£', None, 64, None)", 'event': 'Redis ¡¨Ω”—È÷§ ß∞‹ (PING)', 'level': 'error', 'logger': 'ai_werewolf_core.utils.redis_client', 'timestamp': '2026-05-14T21:37:29.908216+08:00', 'exception': 'Traceback (most recent call last):\n  File "F:\\py\\Lib\\asyncio\\windows_events.py", line 463, in finish_socket_func\n    return ov.getresult()\n           ~~~~~~~~~~~~^^\nOSError: [WinError 64] ÷∏∂®µƒÕ¯¬Á√˚≤ª‘Ÿø…”√°£\n\nDuring handling of the above exception, another exception occurred:\n\nTraceback (most recent call last):\n  File "F:\\py\\Lib\\site-packages\\redis\\asyncio\\connection.py", line 725, in read_response\n    response = await self._parser.read_response(\n               ^^^^^^^^^^^^^^^^^^^^^^^^^^^^^^^^^\n        disable_decoding=disable_decoding\n        ^^^^^^^^^^^^^^^^^^^^^^^^^^^^^^^^^\n    )\n    ^\n  File "F:\\py\\Lib\\site-packages\\redis\\_parsers\\resp2.py", line 82, in read_response\n    response = await self._read_response(disable_decoding=disable_decoding)\n               ^^^^^^^^^^^^^^^^^^^^^^^^^^^^^^^^^^^^^^^^^^^^^^^^^^^^^^^^^^^^\n  File "F:\\py\\Lib\\site-packages\\redis\\_parsers\\resp2.py", line 90, in _read_response\n    raw = await self._readline()\n          ^^^^^^^^^^^^^^^^^^^^^^\n  File "F:\\py\\Lib\\site-packages\\redis\\_parsers\\base.py", line 559, in _readline\n    data = await self._stream.readline()\n           ^^^^^^^^^^^^^^^^^^^^^^^^^^^^^\n  File "F:\\py\\Lib\\asyncio\\streams.py", line 562, in readline\n    line = await self.readuntil(sep)\n           ^^^^^^^^^^^^^^^^^^^^^^^^^\n  File "F:\\py\\Lib\\asyncio\\streams.py", line 677, in readuntil\n    await self._wait_for_data(\'readuntil\')\n  File "F:\\py\\Lib\\asyncio\\streams.py", line 539, in _wait_for_data\n    await self._waiter\n  File "F:\\py\\Lib\\asyncio\\proactor_events.py", line 286, in _loop_reading\n    length = fut.result()\n  File "F:\\py\\Lib\\asyncio\\windows_events.py", line 804, in _poll\n    value = callback(transferred, key, ov)\n  File "F:\\py\\Lib\\asyncio\\windows_events.py", line 467, in finish_socket_func\n    raise ConnectionResetError(*exc.args)\nConnectionResetError: [WinError 64] ÷∏∂®µƒÕ¯¬Á√˚≤ª‘Ÿø…”√°£\n\nDuring handling of the above exception, another exception occurred:\n\nTraceback (most recent call last):\n  File "F:\\YilenaCode\\Werewolf\\ai_werewolf_core\\utils\\redis_client.py", line 128, in get_client\n    await cls._client.ping()\n  File "F:\\py\\Lib\\site-packages\\redis\\asyncio\\client.py", line 764, in execute_command\n    conn = self.connection or await pool.get_connection()\n                              ^^^^^^^^^^^^^^^^^^^^^^^^^^^\n  File "F:\\py\\Lib\\site-packages\\redis\\utils.py", line 227, in async_wrapper\n    return await func(*args, **kwargs)\n           ^^^^^^^^^^^^^^^^^^^^^^^^^^^\n  File "F:\\py\\Lib\\site-packages\\redis\\asyncio\\connection.py", line 1351, in get_connection\n    await self.ensure_connection(connection)\n  File "F:\\py\\Lib\\site-packages\\redis\\asyncio\\connection.py", line 1390, in ensure_connection\n    await connection.connect()\n  File "F:\\py\\Lib\\site-packages\\redis\\asyncio\\connection.py", line 339, in connect\n    await self.retry.call_with_retry(\n    ...<7 lines>...\n    )\n  File "F:\\py\\Lib\\site-packages\\redis\\asyncio\\retry.py", line 81, in call_with_retry\n    raise error\n  File "F:\\py\\Lib\\site-packages\\redis\\asyncio\\retry.py", line 69, in call_with_retry\n    return await do()\n           ^^^^^^^^^^\n  File "F:\\py\\Lib\\site-packages\\redis\\asyncio\\connection.py", line 403, in connect_check_health\n    await self.on_connect_check_health(check_health=check_health)\n  File "F:\\py\\Lib\\site-packages\\redis\\asyncio\\connection.py", line 560, in on_connect_check_health\n    await self.read_response()\n  File "F:\\py\\Lib\\site-packages\\redis\\asyncio\\connection.py", line 747, in read_response\n    raise ConnectionError(f"Error while reading from {host_error} : {e.args}")\nredis.exceptions.ConnectionError: Error while reading from 192.168.100.128:6379 : (22, \'÷∏∂®µƒÕ¯¬Á√˚≤ª‘Ÿø…”√°£\', None, 64, None)'}
_______ TestInvalidTransitions.test_illegal_transition_preserves_state ________

trans = 0, key = 0, ov = <_overlapped.Overlapped object at 0x0000027C320BEC70>

    @staticmethod
    def finish_socket_func(trans, key, ov):
        try:
>           return ov.getresult()
                   ^^^^^^^^^^^^^^
E           OSError: [WinError 64] ÷∏∂®µƒÕ¯¬Á√˚≤ª‘Ÿø…”√°£

F:\py\Lib\asyncio\windows_events.py:463: OSError

During handling of the above exception, another exception occurred:

self = <redis.asyncio.connection.Connection(host=192.168.100.128,port=6379,db=1)>
disable_decoding = False, timeout = None

    async def read_response(
        self,
        disable_decoding: bool = False,
        timeout: Optional[float] = None,
        *,
        disconnect_on_error: bool = True,
        push_request: Optional[bool] = False,
    ):
        """Read the response from a previously sent command"""
        read_timeout = timeout if timeout is not None else self.socket_timeout
        host_error = self._host_error()
        try:
            if read_timeout is not None and self.protocol in ["3", 3]:
                async with async_timeout(read_timeout):
                    response = await self._parser.read_response(
                        disable_decoding=disable_decoding, push_request=push_request
                    )
            elif read_timeout is not None:
                async with async_timeout(read_timeout):
>                   response = await self._parser.read_response(
                        disable_decoding=disable_decoding

F:\py\Lib\site-packages\redis\asyncio\connection.py:725: 
_ _ _ _ _ _ _ _ _ _ _ _ _ _ _ _ _ _ _ _ _ _ _ _ _ _ _ _ _ _ _ _ _ _ _ _ _ _ _ _
F:\py\Lib\site-packages\redis\_parsers\resp2.py:82: in read_response
    response = await self._read_response(disable_decoding=disable_decoding)
               ^^^^^^^^^^^^^^^^^^^^^^^^^^^^^^^^^^^^^^^^^^^^^^^^^^^^^^^^^^^^
F:\py\Lib\site-packages\redis\_parsers\resp2.py:90: in _read_response
    raw = await self._readline()
          ^^^^^^^^^^^^^^^^^^^^^^
F:\py\Lib\site-packages\redis\_parsers\base.py:559: in _readline
    data = await self._stream.readline()
           ^^^^^^^^^^^^^^^^^^^^^^^^^^^^^
F:\py\Lib\asyncio\streams.py:562: in readline
    line = await self.readuntil(sep)
           ^^^^^^^^^^^^^^^^^^^^^^^^^
F:\py\Lib\asyncio\streams.py:677: in readuntil
    await self._wait_for_data('readuntil')
F:\py\Lib\asyncio\streams.py:539: in _wait_for_data
    await self._waiter
F:\py\Lib\asyncio\proactor_events.py:286: in _loop_reading
    length = fut.result()
             ^^^^^^^^^^^^
F:\py\Lib\asyncio\windows_events.py:804: in _poll
    value = callback(transferred, key, ov)
            ^^^^^^^^^^^^^^^^^^^^^^^^^^^^^^
_ _ _ _ _ _ _ _ _ _ _ _ _ _ _ _ _ _ _ _ _ _ _ _ _ _ _ _ _ _ _ _ _ _ _ _ _ _ _ _

trans = 0, key = 0, ov = <_overlapped.Overlapped object at 0x0000027C320BEC70>

    @staticmethod
    def finish_socket_func(trans, key, ov):
        try:
            return ov.getresult()
        except OSError as exc:
            if exc.winerror in (_overlapped.ERROR_NETNAME_DELETED,
                                _overlapped.ERROR_OPERATION_ABORTED):
>               raise ConnectionResetError(*exc.args)
E               ConnectionResetError: [WinError 64] ÷∏∂®µƒÕ¯¬Á√˚≤ª‘Ÿø…”√°£

F:\py\Lib\asyncio\windows_events.py:467: ConnectionResetError

During handling of the above exception, another exception occurred:

self = <ai_werewolf_core.core.engine.state_machine.PhaseStateMachine object at 0x0000027C31D08D00>

    async def _get_redis(self) -> aioredis.Redis:
        """ªÒ»° Redis “Ï≤ΩøÕªß∂À£®¿¡≥ı ºªØ£¨π≤œÌ¡¨Ω”≥ÿ£©°£"""
        if self._redis is None:
            try:
>               self._redis = await RedisClientManager.get_client()
                              ^^^^^^^^^^^^^^^^^^^^^^^^^^^^^^^^^^^^^

ai_werewolf_core\core\engine\state_machine.py:156: 
_ _ _ _ _ _ _ _ _ _ _ _ _ _ _ _ _ _ _ _ _ _ _ _ _ _ _ _ _ _ _ _ _ _ _ _ _ _ _ _
ai_werewolf_core\utils\redis_client.py:128: in get_client
    await cls._client.ping()
F:\py\Lib\site-packages\redis\asyncio\client.py:764: in execute_command
    conn = self.connection or await pool.get_connection()
                              ^^^^^^^^^^^^^^^^^^^^^^^^^^^
F:\py\Lib\site-packages\redis\utils.py:227: in async_wrapper
    return await func(*args, **kwargs)
           ^^^^^^^^^^^^^^^^^^^^^^^^^^^
F:\py\Lib\site-packages\redis\asyncio\connection.py:1351: in get_connection
    await self.ensure_connection(connection)
F:\py\Lib\site-packages\redis\asyncio\connection.py:1390: in ensure_connection
    await connection.connect()
F:\py\Lib\site-packages\redis\asyncio\connection.py:339: in connect
    await self.retry.call_with_retry(
F:\py\Lib\site-packages\redis\asyncio\retry.py:81: in call_with_retry
    raise error
F:\py\Lib\site-packages\redis\asyncio\retry.py:69: in call_with_retry
    return await do()
           ^^^^^^^^^^
F:\py\Lib\site-packages\redis\asyncio\connection.py:403: in connect_check_health
    await self.on_connect_check_health(check_health=check_health)
F:\py\Lib\site-packages\redis\asyncio\connection.py:560: in on_connect_check_health
    await self.read_response()
_ _ _ _ _ _ _ _ _ _ _ _ _ _ _ _ _ _ _ _ _ _ _ _ _ _ _ _ _ _ _ _ _ _ _ _ _ _ _ _

self = <redis.asyncio.connection.Connection(host=192.168.100.128,port=6379,db=1)>
disable_decoding = False, timeout = None

    async def read_response(
        self,
        disable_decoding: bool = False,
        timeout: Optional[float] = None,
        *,
        disconnect_on_error: bool = True,
        push_request: Optional[bool] = False,
    ):
        """Read the response from a previously sent command"""
        read_timeout = timeout if timeout is not None else self.socket_timeout
        host_error = self._host_error()
        try:
            if read_timeout is not None and self.protocol in ["3", 3]:
                async with async_timeout(read_timeout):
                    response = await self._parser.read_response(
                        disable_decoding=disable_decoding, push_request=push_request
                    )
            elif read_timeout is not None:
                async with async_timeout(read_timeout):
                    response = await self._parser.read_response(
                        disable_decoding=disable_decoding
                    )
            elif self.protocol in ["3", 3]:
                response = await self._parser.read_response(
                    disable_decoding=disable_decoding, push_request=push_request
                )
            else:
                response = await self._parser.read_response(
                    disable_decoding=disable_decoding
                )
        except asyncio.TimeoutError:
            if timeout is not None:
                # user requested timeout, return None. Operation can be retried
                return None
            # it was a self.socket_timeout error.
            if disconnect_on_error:
                await self.disconnect(nowait=True)
            raise TimeoutError(f"Timeout reading from {host_error}")
        except OSError as e:
            if disconnect_on_error:
                await self.disconnect(nowait=True)
>           raise ConnectionError(f"Error while reading from {host_error} : {e.args}")
E           redis.exceptions.ConnectionError: Error while reading from 192.168.100.128:6379 : (22, '÷∏∂®µƒÕ¯¬Á√˚≤ª‘Ÿø…”√°£', None, 64, None)

F:\py\Lib\site-packages\redis\asyncio\connection.py:747: ConnectionError

The above exception was the direct cause of the following exception:

self = <test_state_machine.TestInvalidTransitions object at 0x0000027C3046E210>
state_machine = <ai_werewolf_core.core.engine.state_machine.PhaseStateMachine object at 0x0000027C31D08D00>

    @pytest.mark.asyncio
    async def test_illegal_transition_preserves_state(self, state_machine):
        """
        ∑«∑®«®“∆≤ª”¶–ﬁ∏ƒµ±«∞◊¥Ã¨ (‘≠◊”–‘±£÷§)°£
    
        **Why**: ◊¥Ã¨ª˙±ÿ–Î±£÷§≤Ÿ◊˜‘≠◊”–‘ °™°™ –£—È ß∞‹ ±◊¥Ã¨±£≥÷
        ≤ª±‰£¨±‹√‚≤–¡Ù∞Î∏¸–¬◊¥Ã¨°£
        """
>       await state_machine.transition_to(GamePhase.INIT)

tests\unit\core\engine\test_state_machine.py:316: 
_ _ _ _ _ _ _ _ _ _ _ _ _ _ _ _ _ _ _ _ _ _ _ _ _ _ _ _ _ _ _ _ _ _ _ _ _ _ _ _
ai_werewolf_core\core\engine\state_machine.py:374: in transition_to
    current_ctx = await self._load_context()
                  ^^^^^^^^^^^^^^^^^^^^^^^^^^
ai_werewolf_core\core\engine\state_machine.py:181: in _load_context
    redis = await self._get_redis()
            ^^^^^^^^^^^^^^^^^^^^^^^
_ _ _ _ _ _ _ _ _ _ _ _ _ _ _ _ _ _ _ _ _ _ _ _ _ _ _ _ _ _ _ _ _ _ _ _ _ _ _ _

self = <ai_werewolf_core.core.engine.state_machine.PhaseStateMachine object at 0x0000027C31D08D00>

    async def _get_redis(self) -> aioredis.Redis:
        """ªÒ»° Redis “Ï≤ΩøÕªß∂À£®¿¡≥ı ºªØ£¨π≤œÌ¡¨Ω”≥ÿ£©°£"""
        if self._redis is None:
            try:
                self._redis = await RedisClientManager.get_client()
                self._logger.debug("PhaseStateMachine “—ªÒ»°π≤œÌ Redis øÕªß∂À")
            except (aioredis.ConnectionError, aioredis.TimeoutError) as e:
>               raise RedisUnavailableException(
                    f"PhaseStateMachine Œﬁ∑®ªÒ»° Redis øÕªß∂À: game_id={self.game_id}"
                ) from e
E               ai_werewolf_core.utils.redis_seq.RedisUnavailableException: PhaseStateMachine Œﬁ∑®ªÒ»° Redis øÕªß∂À: game_id=test_game_04514b4899114c1aba1c227c96bc7cb9

ai_werewolf_core\core\engine\state_machine.py:159: RedisUnavailableException
---------------------------- Captured stderr setup ----------------------------
[2m2026-05-14T21:37:30.049336+08:00[0m [[32m[1mdebug    [0m] [1mglobal_subscribe              [0m [[0m[1m[34mai_werewolf_core.core.event.bus[0m][0m [36mhandler[0m=[35m_default_log_subscriber[0m
[2m2026-05-14T21:37:30.049552+08:00[0m [[32m[1mdebug    [0m] [1mglobal_subscribe              [0m [[0m[1m[34mai_werewolf_core.core.event.bus[0m][0m [36mhandler[0m=[35m_persist_to_db[0m
----------------------------- Captured log setup ------------------------------
DEBUG    ai_werewolf_core.core.event.bus:bus.py:519 {'handler': '_default_log_subscriber', 'event': 'global_subscribe', 'level': 'debug', 'logger': 'ai_werewolf_core.core.event.bus', 'timestamp': '2026-05-14T21:37:30.049336+08:00'}
DEBUG    ai_werewolf_core.core.event.bus:bus.py:519 {'handler': '_persist_to_db', 'event': 'global_subscribe', 'level': 'debug', 'logger': 'ai_werewolf_core.core.event.bus', 'timestamp': '2026-05-14T21:37:30.049552+08:00'}
---------------------------- Captured stderr call -----------------------------
[2m2026-05-14T21:37:30.050215+08:00[0m [[32m[1mdebug    [0m] [1mRedis ¡¨Ω”≥ÿ“—¥¥Ω®                  [0m [[0m[1m[34mai_werewolf_core.utils.redis_client[0m][0m [36mmax_connections[0m=[35m300[0m [36msocket_timeout[0m=[35m10[0m
[2m2026-05-14T21:37:35.053101+08:00[0m [[31m[1merror    [0m] [1mRedis ¡¨Ω”—È÷§ ß∞‹ (PING)           [0m [[0m[1m[34mai_werewolf_core.utils.redis_client[0m][0m [36merror[0m=[35m"Error while reading from 192.168.100.128:6379 : (22, '÷∏∂®µƒÕ¯¬Á√˚≤ª‘Ÿø…”√°£', None, 64, None)"[0m [36mhost[0m=[35m192.168.100.128[0m [36mport[0m=[35m6379[0m
Traceback (most recent call last):
  File "F:\py\Lib\asyncio\windows_events.py", line 463, in finish_socket_func
    return ov.getresult()
           ~~~~~~~~~~~~^^
OSError: [WinError 64] ÷∏∂®µƒÕ¯¬Á√˚≤ª‘Ÿø…”√°£

During handling of the above exception, another exception occurred:

Traceback (most recent call last):
  File "F:\py\Lib\site-packages\redis\asyncio\connection.py", line 725, in read_response
    response = await self._parser.read_response(
               ^^^^^^^^^^^^^^^^^^^^^^^^^^^^^^^^^
        disable_decoding=disable_decoding
        ^^^^^^^^^^^^^^^^^^^^^^^^^^^^^^^^^
    )
    ^
  File "F:\py\Lib\site-packages\redis\_parsers\resp2.py", line 82, in read_response
    response = await self._read_response(disable_decoding=disable_decoding)
               ^^^^^^^^^^^^^^^^^^^^^^^^^^^^^^^^^^^^^^^^^^^^^^^^^^^^^^^^^^^^
  File "F:\py\Lib\site-packages\redis\_parsers\resp2.py", line 90, in _read_response
    raw = await self._readline()
          ^^^^^^^^^^^^^^^^^^^^^^
  File "F:\py\Lib\site-packages\redis\_parsers\base.py", line 559, in _readline
    data = await self._stream.readline()
           ^^^^^^^^^^^^^^^^^^^^^^^^^^^^^
  File "F:\py\Lib\asyncio\streams.py", line 562, in readline
    line = await self.readuntil(sep)
           ^^^^^^^^^^^^^^^^^^^^^^^^^
  File "F:\py\Lib\asyncio\streams.py", line 677, in readuntil
    await self._wait_for_data('readuntil')
  File "F:\py\Lib\asyncio\streams.py", line 539, in _wait_for_data
    await self._waiter
  File "F:\py\Lib\asyncio\proactor_events.py", line 286, in _loop_reading
    length = fut.result()
  File "F:\py\Lib\asyncio\windows_events.py", line 804, in _poll
    value = callback(transferred, key, ov)
  File "F:\py\Lib\asyncio\windows_events.py", line 467, in finish_socket_func
    raise ConnectionResetError(*exc.args)
ConnectionResetError: [WinError 64] ÷∏∂®µƒÕ¯¬Á√˚≤ª‘Ÿø…”√°£

During handling of the above exception, another exception occurred:

Traceback (most recent call last):
  File "F:\YilenaCode\Werewolf\ai_werewolf_core\utils\redis_client.py", line 128, in get_client
    await cls._client.ping()
  File "F:\py\Lib\site-packages\redis\asyncio\client.py", line 764, in execute_command
    conn = self.connection or await pool.get_connection()
                              ^^^^^^^^^^^^^^^^^^^^^^^^^^^
  File "F:\py\Lib\site-packages\redis\utils.py", line 227, in async_wrapper
    return await func(*args, **kwargs)
           ^^^^^^^^^^^^^^^^^^^^^^^^^^^
  File "F:\py\Lib\site-packages\redis\asyncio\connection.py", line 1351, in get_connection
    await self.ensure_connection(connection)
  File "F:\py\Lib\site-packages\redis\asyncio\connection.py", line 1390, in ensure_connection
    await connection.connect()
  File "F:\py\Lib\site-packages\redis\asyncio\connection.py", line 339, in connect
    await self.retry.call_with_retry(
    ...<7 lines>...
    )
  File "F:\py\Lib\site-packages\redis\asyncio\retry.py", line 81, in call_with_retry
    raise error
  File "F:\py\Lib\site-packages\redis\asyncio\retry.py", line 69, in call_with_retry
    return await do()
           ^^^^^^^^^^
  File "F:\py\Lib\site-packages\redis\asyncio\connection.py", line 403, in connect_check_health
    await self.on_connect_check_health(check_health=check_health)
  File "F:\py\Lib\site-packages\redis\asyncio\connection.py", line 560, in on_connect_check_health
    await self.read_response()
  File "F:\py\Lib\site-packages\redis\asyncio\connection.py", line 747, in read_response
    raise ConnectionError(f"Error while reading from {host_error} : {e.args}")
redis.exceptions.ConnectionError: Error while reading from 192.168.100.128:6379 : (22, '÷∏∂®µƒÕ¯¬Á√˚≤ª‘Ÿø…”√°£', None, 64, None)
------------------------------ Captured log call ------------------------------
DEBUG    ai_werewolf_core.utils.redis_client:redis_client.py:243 {'max_connections': 300, 'socket_timeout': 10, 'event': 'Redis ¡¨Ω”≥ÿ“—¥¥Ω®', 'level': 'debug', 'logger': 'ai_werewolf_core.utils.redis_client', 'timestamp': '2026-05-14T21:37:30.050215+08:00'}
ERROR    ai_werewolf_core.utils.redis_client:redis_client.py:130 {'host': '192.168.100.128', 'port': 6379, 'error': "Error while reading from 192.168.100.128:6379 : (22, '÷∏∂®µƒÕ¯¬Á√˚≤ª‘Ÿø…”√°£', None, 64, None)", 'event': 'Redis ¡¨Ω”—È÷§ ß∞‹ (PING)', 'level': 'error', 'logger': 'ai_werewolf_core.utils.redis_client', 'timestamp': '2026-05-14T21:37:35.053101+08:00', 'exception': 'Traceback (most recent call last):\n  File "F:\\py\\Lib\\asyncio\\windows_events.py", line 463, in finish_socket_func\n    return ov.getresult()\n           ~~~~~~~~~~~~^^\nOSError: [WinError 64] ÷∏∂®µƒÕ¯¬Á√˚≤ª‘Ÿø…”√°£\n\nDuring handling of the above exception, another exception occurred:\n\nTraceback (most recent call last):\n  File "F:\\py\\Lib\\site-packages\\redis\\asyncio\\connection.py", line 725, in read_response\n    response = await self._parser.read_response(\n               ^^^^^^^^^^^^^^^^^^^^^^^^^^^^^^^^^\n        disable_decoding=disable_decoding\n        ^^^^^^^^^^^^^^^^^^^^^^^^^^^^^^^^^\n    )\n    ^\n  File "F:\\py\\Lib\\site-packages\\redis\\_parsers\\resp2.py", line 82, in read_response\n    response = await self._read_response(disable_decoding=disable_decoding)\n               ^^^^^^^^^^^^^^^^^^^^^^^^^^^^^^^^^^^^^^^^^^^^^^^^^^^^^^^^^^^^\n  File "F:\\py\\Lib\\site-packages\\redis\\_parsers\\resp2.py", line 90, in _read_response\n    raw = await self._readline()\n          ^^^^^^^^^^^^^^^^^^^^^^\n  File "F:\\py\\Lib\\site-packages\\redis\\_parsers\\base.py", line 559, in _readline\n    data = await self._stream.readline()\n           ^^^^^^^^^^^^^^^^^^^^^^^^^^^^^\n  File "F:\\py\\Lib\\asyncio\\streams.py", line 562, in readline\n    line = await self.readuntil(sep)\n           ^^^^^^^^^^^^^^^^^^^^^^^^^\n  File "F:\\py\\Lib\\asyncio\\streams.py", line 677, in readuntil\n    await self._wait_for_data(\'readuntil\')\n  File "F:\\py\\Lib\\asyncio\\streams.py", line 539, in _wait_for_data\n    await self._waiter\n  File "F:\\py\\Lib\\asyncio\\proactor_events.py", line 286, in _loop_reading\n    length = fut.result()\n  File "F:\\py\\Lib\\asyncio\\windows_events.py", line 804, in _poll\n    value = callback(transferred, key, ov)\n  File "F:\\py\\Lib\\asyncio\\windows_events.py", line 467, in finish_socket_func\n    raise ConnectionResetError(*exc.args)\nConnectionResetError: [WinError 64] ÷∏∂®µƒÕ¯¬Á√˚≤ª‘Ÿø…”√°£\n\nDuring handling of the above exception, another exception occurred:\n\nTraceback (most recent call last):\n  File "F:\\YilenaCode\\Werewolf\\ai_werewolf_core\\utils\\redis_client.py", line 128, in get_client\n    await cls._client.ping()\n  File "F:\\py\\Lib\\site-packages\\redis\\asyncio\\client.py", line 764, in execute_command\n    conn = self.connection or await pool.get_connection()\n                              ^^^^^^^^^^^^^^^^^^^^^^^^^^^\n  File "F:\\py\\Lib\\site-packages\\redis\\utils.py", line 227, in async_wrapper\n    return await func(*args, **kwargs)\n           ^^^^^^^^^^^^^^^^^^^^^^^^^^^\n  File "F:\\py\\Lib\\site-packages\\redis\\asyncio\\connection.py", line 1351, in get_connection\n    await self.ensure_connection(connection)\n  File "F:\\py\\Lib\\site-packages\\redis\\asyncio\\connection.py", line 1390, in ensure_connection\n    await connection.connect()\n  File "F:\\py\\Lib\\site-packages\\redis\\asyncio\\connection.py", line 339, in connect\n    await self.retry.call_with_retry(\n    ...<7 lines>...\n    )\n  File "F:\\py\\Lib\\site-packages\\redis\\asyncio\\retry.py", line 81, in call_with_retry\n    raise error\n  File "F:\\py\\Lib\\site-packages\\redis\\asyncio\\retry.py", line 69, in call_with_retry\n    return await do()\n           ^^^^^^^^^^\n  File "F:\\py\\Lib\\site-packages\\redis\\asyncio\\connection.py", line 403, in connect_check_health\n    await self.on_connect_check_health(check_health=check_health)\n  File "F:\\py\\Lib\\site-packages\\redis\\asyncio\\connection.py", line 560, in on_connect_check_health\n    await self.read_response()\n  File "F:\\py\\Lib\\site-packages\\redis\\asyncio\\connection.py", line 747, in read_response\n    raise ConnectionError(f"Error while reading from {host_error} : {e.args}")\nredis.exceptions.ConnectionError: Error while reading from 192.168.100.128:6379 : (22, \'÷∏∂®µƒÕ¯¬Á√˚≤ª‘Ÿø…”√°£\', None, 64, None)'}
_____________ TestEventPublishing.test_transition_publishes_event _____________

trans = 0, key = 0, ov = <_overlapped.Overlapped object at 0x0000027C320BE070>

    @staticmethod
    def finish_socket_func(trans, key, ov):
        try:
>           return ov.getresult()
                   ^^^^^^^^^^^^^^
E           OSError: [WinError 64] ÷∏∂®µƒÕ¯¬Á√˚≤ª‘Ÿø…”√°£

F:\py\Lib\asyncio\windows_events.py:463: OSError

During handling of the above exception, another exception occurred:

self = <redis.asyncio.connection.Connection(host=192.168.100.128,port=6379,db=1)>
disable_decoding = False, timeout = None

    async def read_response(
        self,
        disable_decoding: bool = False,
        timeout: Optional[float] = None,
        *,
        disconnect_on_error: bool = True,
        push_request: Optional[bool] = False,
    ):
        """Read the response from a previously sent command"""
        read_timeout = timeout if timeout is not None else self.socket_timeout
        host_error = self._host_error()
        try:
            if read_timeout is not None and self.protocol in ["3", 3]:
                async with async_timeout(read_timeout):
                    response = await self._parser.read_response(
                        disable_decoding=disable_decoding, push_request=push_request
                    )
            elif read_timeout is not None:
                async with async_timeout(read_timeout):
>                   response = await self._parser.read_response(
                        disable_decoding=disable_decoding

F:\py\Lib\site-packages\redis\asyncio\connection.py:725: 
_ _ _ _ _ _ _ _ _ _ _ _ _ _ _ _ _ _ _ _ _ _ _ _ _ _ _ _ _ _ _ _ _ _ _ _ _ _ _ _
F:\py\Lib\site-packages\redis\_parsers\resp2.py:82: in read_response
    response = await self._read_response(disable_decoding=disable_decoding)
               ^^^^^^^^^^^^^^^^^^^^^^^^^^^^^^^^^^^^^^^^^^^^^^^^^^^^^^^^^^^^
F:\py\Lib\site-packages\redis\_parsers\resp2.py:90: in _read_response
    raw = await self._readline()
          ^^^^^^^^^^^^^^^^^^^^^^
F:\py\Lib\site-packages\redis\_parsers\base.py:559: in _readline
    data = await self._stream.readline()
           ^^^^^^^^^^^^^^^^^^^^^^^^^^^^^
F:\py\Lib\asyncio\streams.py:562: in readline
    line = await self.readuntil(sep)
           ^^^^^^^^^^^^^^^^^^^^^^^^^
F:\py\Lib\asyncio\streams.py:677: in readuntil
    await self._wait_for_data('readuntil')
F:\py\Lib\asyncio\streams.py:539: in _wait_for_data
    await self._waiter
F:\py\Lib\asyncio\proactor_events.py:286: in _loop_reading
    length = fut.result()
             ^^^^^^^^^^^^
F:\py\Lib\asyncio\windows_events.py:804: in _poll
    value = callback(transferred, key, ov)
            ^^^^^^^^^^^^^^^^^^^^^^^^^^^^^^
_ _ _ _ _ _ _ _ _ _ _ _ _ _ _ _ _ _ _ _ _ _ _ _ _ _ _ _ _ _ _ _ _ _ _ _ _ _ _ _

trans = 0, key = 0, ov = <_overlapped.Overlapped object at 0x0000027C320BE070>

    @staticmethod
    def finish_socket_func(trans, key, ov):
        try:
            return ov.getresult()
        except OSError as exc:
            if exc.winerror in (_overlapped.ERROR_NETNAME_DELETED,
                                _overlapped.ERROR_OPERATION_ABORTED):
>               raise ConnectionResetError(*exc.args)
E               ConnectionResetError: [WinError 64] ÷∏∂®µƒÕ¯¬Á√˚≤ª‘Ÿø…”√°£

F:\py\Lib\asyncio\windows_events.py:467: ConnectionResetError

During handling of the above exception, another exception occurred:

self = <ai_werewolf_core.core.engine.state_machine.PhaseStateMachine object at 0x0000027C31D50600>

    async def _get_redis(self) -> aioredis.Redis:
        """ªÒ»° Redis “Ï≤ΩøÕªß∂À£®¿¡≥ı ºªØ£¨π≤œÌ¡¨Ω”≥ÿ£©°£"""
        if self._redis is None:
            try:
>               self._redis = await RedisClientManager.get_client()
                              ^^^^^^^^^^^^^^^^^^^^^^^^^^^^^^^^^^^^^

ai_werewolf_core\core\engine\state_machine.py:156: 
_ _ _ _ _ _ _ _ _ _ _ _ _ _ _ _ _ _ _ _ _ _ _ _ _ _ _ _ _ _ _ _ _ _ _ _ _ _ _ _
ai_werewolf_core\utils\redis_client.py:128: in get_client
    await cls._client.ping()
F:\py\Lib\site-packages\redis\asyncio\client.py:764: in execute_command
    conn = self.connection or await pool.get_connection()
                              ^^^^^^^^^^^^^^^^^^^^^^^^^^^
F:\py\Lib\site-packages\redis\utils.py:227: in async_wrapper
    return await func(*args, **kwargs)
           ^^^^^^^^^^^^^^^^^^^^^^^^^^^
F:\py\Lib\site-packages\redis\asyncio\connection.py:1351: in get_connection
    await self.ensure_connection(connection)
F:\py\Lib\site-packages\redis\asyncio\connection.py:1390: in ensure_connection
    await connection.connect()
F:\py\Lib\site-packages\redis\asyncio\connection.py:339: in connect
    await self.retry.call_with_retry(
F:\py\Lib\site-packages\redis\asyncio\retry.py:81: in call_with_retry
    raise error
F:\py\Lib\site-packages\redis\asyncio\retry.py:69: in call_with_retry
    return await do()
           ^^^^^^^^^^
F:\py\Lib\site-packages\redis\asyncio\connection.py:403: in connect_check_health
    await self.on_connect_check_health(check_health=check_health)
F:\py\Lib\site-packages\redis\asyncio\connection.py:560: in on_connect_check_health
    await self.read_response()
_ _ _ _ _ _ _ _ _ _ _ _ _ _ _ _ _ _ _ _ _ _ _ _ _ _ _ _ _ _ _ _ _ _ _ _ _ _ _ _

self = <redis.asyncio.connection.Connection(host=192.168.100.128,port=6379,db=1)>
disable_decoding = False, timeout = None

    async def read_response(
        self,
        disable_decoding: bool = False,
        timeout: Optional[float] = None,
        *,
        disconnect_on_error: bool = True,
        push_request: Optional[bool] = False,
    ):
        """Read the response from a previously sent command"""
        read_timeout = timeout if timeout is not None else self.socket_timeout
        host_error = self._host_error()
        try:
            if read_timeout is not None and self.protocol in ["3", 3]:
                async with async_timeout(read_timeout):
                    response = await self._parser.read_response(
                        disable_decoding=disable_decoding, push_request=push_request
                    )
            elif read_timeout is not None:
                async with async_timeout(read_timeout):
                    response = await self._parser.read_response(
                        disable_decoding=disable_decoding
                    )
            elif self.protocol in ["3", 3]:
                response = await self._parser.read_response(
                    disable_decoding=disable_decoding, push_request=push_request
                )
            else:
                response = await self._parser.read_response(
                    disable_decoding=disable_decoding
                )
        except asyncio.TimeoutError:
            if timeout is not None:
                # user requested timeout, return None. Operation can be retried
                return None
            # it was a self.socket_timeout error.
            if disconnect_on_error:
                await self.disconnect(nowait=True)
            raise TimeoutError(f"Timeout reading from {host_error}")
        except OSError as e:
            if disconnect_on_error:
                await self.disconnect(nowait=True)
>           raise ConnectionError(f"Error while reading from {host_error} : {e.args}")
E           redis.exceptions.ConnectionError: Error while reading from 192.168.100.128:6379 : (22, '÷∏∂®µƒÕ¯¬Á√˚≤ª‘Ÿø…”√°£', None, 64, None)

F:\py\Lib\site-packages\redis\asyncio\connection.py:747: ConnectionError

The above exception was the direct cause of the following exception:

self = <test_state_machine.TestEventPublishing object at 0x0000027C30480410>
event_bus = <ai_werewolf_core.core.event.bus.EventBus object at 0x0000027C31A5F650>

    @pytest.mark.asyncio
    async def test_transition_publishes_event(self, event_bus):
        """Ω◊∂Œ«®“∆”¶∑¢≤º PHASE_TRANSITION_EVENT  ¬º˛°£"""
        import uuid
        game_id = f"test_pub_{uuid.uuid4().hex}"
        sm = PhaseStateMachine(game_id=game_id, event_bus=event_bus)
    
        #  π”√ mock ≤∂ªÒ publish µ˜”√
        event_bus.publish = AsyncMock(wraps=event_bus.publish)
    
>       await sm.transition_to(GamePhase.INIT)

tests\unit\core\engine\test_state_machine.py:341: 
_ _ _ _ _ _ _ _ _ _ _ _ _ _ _ _ _ _ _ _ _ _ _ _ _ _ _ _ _ _ _ _ _ _ _ _ _ _ _ _
ai_werewolf_core\core\engine\state_machine.py:374: in transition_to
    current_ctx = await self._load_context()
                  ^^^^^^^^^^^^^^^^^^^^^^^^^^
ai_werewolf_core\core\engine\state_machine.py:181: in _load_context
    redis = await self._get_redis()
            ^^^^^^^^^^^^^^^^^^^^^^^
_ _ _ _ _ _ _ _ _ _ _ _ _ _ _ _ _ _ _ _ _ _ _ _ _ _ _ _ _ _ _ _ _ _ _ _ _ _ _ _

self = <ai_werewolf_core.core.engine.state_machine.PhaseStateMachine object at 0x0000027C31D50600>

    async def _get_redis(self) -> aioredis.Redis:
        """ªÒ»° Redis “Ï≤ΩøÕªß∂À£®¿¡≥ı ºªØ£¨π≤œÌ¡¨Ω”≥ÿ£©°£"""
        if self._redis is None:
            try:
                self._redis = await RedisClientManager.get_client()
                self._logger.debug("PhaseStateMachine “—ªÒ»°π≤œÌ Redis øÕªß∂À")
            except (aioredis.ConnectionError, aioredis.TimeoutError) as e:
>               raise RedisUnavailableException(
                    f"PhaseStateMachine Œﬁ∑®ªÒ»° Redis øÕªß∂À: game_id={self.game_id}"
                ) from e
E               ai_werewolf_core.utils.redis_seq.RedisUnavailableException: PhaseStateMachine Œﬁ∑®ªÒ»° Redis øÕªß∂À: game_id=test_pub_7fe15872a83b4c258564d756984f7ce8

ai_werewolf_core\core\engine\state_machine.py:159: RedisUnavailableException
---------------------------- Captured stderr setup ----------------------------
[2m2026-05-14T21:37:35.229313+08:00[0m [[32m[1mdebug    [0m] [1mglobal_subscribe              [0m [[0m[1m[34mai_werewolf_core.core.event.bus[0m][0m [36mhandler[0m=[35m_default_log_subscriber[0m
[2m2026-05-14T21:37:35.229615+08:00[0m [[32m[1mdebug    [0m] [1mglobal_subscribe              [0m [[0m[1m[34mai_werewolf_core.core.event.bus[0m][0m [36mhandler[0m=[35m_persist_to_db[0m
----------------------------- Captured log setup ------------------------------
DEBUG    ai_werewolf_core.core.event.bus:bus.py:519 {'handler': '_default_log_subscriber', 'event': 'global_subscribe', 'level': 'debug', 'logger': 'ai_werewolf_core.core.event.bus', 'timestamp': '2026-05-14T21:37:35.229313+08:00'}
DEBUG    ai_werewolf_core.core.event.bus:bus.py:519 {'handler': '_persist_to_db', 'event': 'global_subscribe', 'level': 'debug', 'logger': 'ai_werewolf_core.core.event.bus', 'timestamp': '2026-05-14T21:37:35.229615+08:00'}
---------------------------- Captured stderr call -----------------------------
[2m2026-05-14T21:37:35.230647+08:00[0m [[32m[1mdebug    [0m] [1mRedis ¡¨Ω”≥ÿ“—¥¥Ω®                  [0m [[0m[1m[34mai_werewolf_core.utils.redis_client[0m][0m [36mmax_connections[0m=[35m300[0m [36msocket_timeout[0m=[35m10[0m
[2m2026-05-14T21:37:40.235510+08:00[0m [[31m[1merror    [0m] [1mRedis ¡¨Ω”—È÷§ ß∞‹ (PING)           [0m [[0m[1m[34mai_werewolf_core.utils.redis_client[0m][0m [36merror[0m=[35m"Error while reading from 192.168.100.128:6379 : (22, '÷∏∂®µƒÕ¯¬Á√˚≤ª‘Ÿø…”√°£', None, 64, None)"[0m [36mhost[0m=[35m192.168.100.128[0m [36mport[0m=[35m6379[0m
Traceback (most recent call last):
  File "F:\py\Lib\asyncio\windows_events.py", line 463, in finish_socket_func
    return ov.getresult()
           ~~~~~~~~~~~~^^
OSError: [WinError 64] ÷∏∂®µƒÕ¯¬Á√˚≤ª‘Ÿø…”√°£

During handling of the above exception, another exception occurred:

Traceback (most recent call last):
  File "F:\py\Lib\site-packages\redis\asyncio\connection.py", line 725, in read_response
    response = await self._parser.read_response(
               ^^^^^^^^^^^^^^^^^^^^^^^^^^^^^^^^^
        disable_decoding=disable_decoding
        ^^^^^^^^^^^^^^^^^^^^^^^^^^^^^^^^^
    )
    ^
  File "F:\py\Lib\site-packages\redis\_parsers\resp2.py", line 82, in read_response
    response = await self._read_response(disable_decoding=disable_decoding)
               ^^^^^^^^^^^^^^^^^^^^^^^^^^^^^^^^^^^^^^^^^^^^^^^^^^^^^^^^^^^^
  File "F:\py\Lib\site-packages\redis\_parsers\resp2.py", line 90, in _read_response
    raw = await self._readline()
          ^^^^^^^^^^^^^^^^^^^^^^
  File "F:\py\Lib\site-packages\redis\_parsers\base.py", line 559, in _readline
    data = await self._stream.readline()
           ^^^^^^^^^^^^^^^^^^^^^^^^^^^^^
  File "F:\py\Lib\asyncio\streams.py", line 562, in readline
    line = await self.readuntil(sep)
           ^^^^^^^^^^^^^^^^^^^^^^^^^
  File "F:\py\Lib\asyncio\streams.py", line 677, in readuntil
    await self._wait_for_data('readuntil')
  File "F:\py\Lib\asyncio\streams.py", line 539, in _wait_for_data
    await self._waiter
  File "F:\py\Lib\asyncio\proactor_events.py", line 286, in _loop_reading
    length = fut.result()
  File "F:\py\Lib\asyncio\windows_events.py", line 804, in _poll
    value = callback(transferred, key, ov)
  File "F:\py\Lib\asyncio\windows_events.py", line 467, in finish_socket_func
    raise ConnectionResetError(*exc.args)
ConnectionResetError: [WinError 64] ÷∏∂®µƒÕ¯¬Á√˚≤ª‘Ÿø…”√°£

During handling of the above exception, another exception occurred:

Traceback (most recent call last):
  File "F:\YilenaCode\Werewolf\ai_werewolf_core\utils\redis_client.py", line 128, in get_client
    await cls._client.ping()
  File "F:\py\Lib\site-packages\redis\asyncio\client.py", line 764, in execute_command
    conn = self.connection or await pool.get_connection()
                              ^^^^^^^^^^^^^^^^^^^^^^^^^^^
  File "F:\py\Lib\site-packages\redis\utils.py", line 227, in async_wrapper
    return await func(*args, **kwargs)
           ^^^^^^^^^^^^^^^^^^^^^^^^^^^
  File "F:\py\Lib\site-packages\redis\asyncio\connection.py", line 1351, in get_connection
    await self.ensure_connection(connection)
  File "F:\py\Lib\site-packages\redis\asyncio\connection.py", line 1390, in ensure_connection
    await connection.connect()
  File "F:\py\Lib\site-packages\redis\asyncio\connection.py", line 339, in connect
    await self.retry.call_with_retry(
    ...<7 lines>...
    )
  File "F:\py\Lib\site-packages\redis\asyncio\retry.py", line 81, in call_with_retry
    raise error
  File "F:\py\Lib\site-packages\redis\asyncio\retry.py", line 69, in call_with_retry
    return await do()
           ^^^^^^^^^^
  File "F:\py\Lib\site-packages\redis\asyncio\connection.py", line 403, in connect_check_health
    await self.on_connect_check_health(check_health=check_health)
  File "F:\py\Lib\site-packages\redis\asyncio\connection.py", line 560, in on_connect_check_health
    await self.read_response()
  File "F:\py\Lib\site-packages\redis\asyncio\connection.py", line 747, in read_response
    raise ConnectionError(f"Error while reading from {host_error} : {e.args}")
redis.exceptions.ConnectionError: Error while reading from 192.168.100.128:6379 : (22, '÷∏∂®µƒÕ¯¬Á√˚≤ª‘Ÿø…”√°£', None, 64, None)
------------------------------ Captured log call ------------------------------
DEBUG    ai_werewolf_core.utils.redis_client:redis_client.py:243 {'max_connections': 300, 'socket_timeout': 10, 'event': 'Redis ¡¨Ω”≥ÿ“—¥¥Ω®', 'level': 'debug', 'logger': 'ai_werewolf_core.utils.redis_client', 'timestamp': '2026-05-14T21:37:35.230647+08:00'}
ERROR    ai_werewolf_core.utils.redis_client:redis_client.py:130 {'host': '192.168.100.128', 'port': 6379, 'error': "Error while reading from 192.168.100.128:6379 : (22, '÷∏∂®µƒÕ¯¬Á√˚≤ª‘Ÿø…”√°£', None, 64, None)", 'event': 'Redis ¡¨Ω”—È÷§ ß∞‹ (PING)', 'level': 'error', 'logger': 'ai_werewolf_core.utils.redis_client', 'timestamp': '2026-05-14T21:37:40.235510+08:00', 'exception': 'Traceback (most recent call last):\n  File "F:\\py\\Lib\\asyncio\\windows_events.py", line 463, in finish_socket_func\n    return ov.getresult()\n           ~~~~~~~~~~~~^^\nOSError: [WinError 64] ÷∏∂®µƒÕ¯¬Á√˚≤ª‘Ÿø…”√°£\n\nDuring handling of the above exception, another exception occurred:\n\nTraceback (most recent call last):\n  File "F:\\py\\Lib\\site-packages\\redis\\asyncio\\connection.py", line 725, in read_response\n    response = await self._parser.read_response(\n               ^^^^^^^^^^^^^^^^^^^^^^^^^^^^^^^^^\n        disable_decoding=disable_decoding\n        ^^^^^^^^^^^^^^^^^^^^^^^^^^^^^^^^^\n    )\n    ^\n  File "F:\\py\\Lib\\site-packages\\redis\\_parsers\\resp2.py", line 82, in read_response\n    response = await self._read_response(disable_decoding=disable_decoding)\n               ^^^^^^^^^^^^^^^^^^^^^^^^^^^^^^^^^^^^^^^^^^^^^^^^^^^^^^^^^^^^\n  File "F:\\py\\Lib\\site-packages\\redis\\_parsers\\resp2.py", line 90, in _read_response\n    raw = await self._readline()\n          ^^^^^^^^^^^^^^^^^^^^^^\n  File "F:\\py\\Lib\\site-packages\\redis\\_parsers\\base.py", line 559, in _readline\n    data = await self._stream.readline()\n           ^^^^^^^^^^^^^^^^^^^^^^^^^^^^^\n  File "F:\\py\\Lib\\asyncio\\streams.py", line 562, in readline\n    line = await self.readuntil(sep)\n           ^^^^^^^^^^^^^^^^^^^^^^^^^\n  File "F:\\py\\Lib\\asyncio\\streams.py", line 677, in readuntil\n    await self._wait_for_data(\'readuntil\')\n  File "F:\\py\\Lib\\asyncio\\streams.py", line 539, in _wait_for_data\n    await self._waiter\n  File "F:\\py\\Lib\\asyncio\\proactor_events.py", line 286, in _loop_reading\n    length = fut.result()\n  File "F:\\py\\Lib\\asyncio\\windows_events.py", line 804, in _poll\n    value = callback(transferred, key, ov)\n  File "F:\\py\\Lib\\asyncio\\windows_events.py", line 467, in finish_socket_func\n    raise ConnectionResetError(*exc.args)\nConnectionResetError: [WinError 64] ÷∏∂®µƒÕ¯¬Á√˚≤ª‘Ÿø…”√°£\n\nDuring handling of the above exception, another exception occurred:\n\nTraceback (most recent call last):\n  File "F:\\YilenaCode\\Werewolf\\ai_werewolf_core\\utils\\redis_client.py", line 128, in get_client\n    await cls._client.ping()\n  File "F:\\py\\Lib\\site-packages\\redis\\asyncio\\client.py", line 764, in execute_command\n    conn = self.connection or await pool.get_connection()\n                              ^^^^^^^^^^^^^^^^^^^^^^^^^^^\n  File "F:\\py\\Lib\\site-packages\\redis\\utils.py", line 227, in async_wrapper\n    return await func(*args, **kwargs)\n           ^^^^^^^^^^^^^^^^^^^^^^^^^^^\n  File "F:\\py\\Lib\\site-packages\\redis\\asyncio\\connection.py", line 1351, in get_connection\n    await self.ensure_connection(connection)\n  File "F:\\py\\Lib\\site-packages\\redis\\asyncio\\connection.py", line 1390, in ensure_connection\n    await connection.connect()\n  File "F:\\py\\Lib\\site-packages\\redis\\asyncio\\connection.py", line 339, in connect\n    await self.retry.call_with_retry(\n    ...<7 lines>...\n    )\n  File "F:\\py\\Lib\\site-packages\\redis\\asyncio\\retry.py", line 81, in call_with_retry\n    raise error\n  File "F:\\py\\Lib\\site-packages\\redis\\asyncio\\retry.py", line 69, in call_with_retry\n    return await do()\n           ^^^^^^^^^^\n  File "F:\\py\\Lib\\site-packages\\redis\\asyncio\\connection.py", line 403, in connect_check_health\n    await self.on_connect_check_health(check_health=check_health)\n  File "F:\\py\\Lib\\site-packages\\redis\\asyncio\\connection.py", line 560, in on_connect_check_health\n    await self.read_response()\n  File "F:\\py\\Lib\\site-packages\\redis\\asyncio\\connection.py", line 747, in read_response\n    raise ConnectionError(f"Error while reading from {host_error} : {e.args}")\nredis.exceptions.ConnectionError: Error while reading from 192.168.100.128:6379 : (22, \'÷∏∂®µƒÕ¯¬Á√˚≤ª‘Ÿø…”√°£\', None, 64, None)'}
_________ TestEventPublishing.test_transition_event_contains_context __________

trans = 0, key = 0, ov = <_overlapped.Overlapped object at 0x0000027C320BEDF0>

    @staticmethod
    def finish_socket_func(trans, key, ov):
        try:
>           return ov.getresult()
                   ^^^^^^^^^^^^^^
E           OSError: [WinError 64] ÷∏∂®µƒÕ¯¬Á√˚≤ª‘Ÿø…”√°£

F:\py\Lib\asyncio\windows_events.py:463: OSError

During handling of the above exception, another exception occurred:

self = <redis.asyncio.connection.Connection(host=192.168.100.128,port=6379,db=1)>
disable_decoding = False, timeout = None

    async def read_response(
        self,
        disable_decoding: bool = False,
        timeout: Optional[float] = None,
        *,
        disconnect_on_error: bool = True,
        push_request: Optional[bool] = False,
    ):
        """Read the response from a previously sent command"""
        read_timeout = timeout if timeout is not None else self.socket_timeout
        host_error = self._host_error()
        try:
            if read_timeout is not None and self.protocol in ["3", 3]:
                async with async_timeout(read_timeout):
                    response = await self._parser.read_response(
                        disable_decoding=disable_decoding, push_request=push_request
                    )
            elif read_timeout is not None:
                async with async_timeout(read_timeout):
>                   response = await self._parser.read_response(
                        disable_decoding=disable_decoding

F:\py\Lib\site-packages\redis\asyncio\connection.py:725: 
_ _ _ _ _ _ _ _ _ _ _ _ _ _ _ _ _ _ _ _ _ _ _ _ _ _ _ _ _ _ _ _ _ _ _ _ _ _ _ _
F:\py\Lib\site-packages\redis\_parsers\resp2.py:82: in read_response
    response = await self._read_response(disable_decoding=disable_decoding)
               ^^^^^^^^^^^^^^^^^^^^^^^^^^^^^^^^^^^^^^^^^^^^^^^^^^^^^^^^^^^^
F:\py\Lib\site-packages\redis\_parsers\resp2.py:90: in _read_response
    raw = await self._readline()
          ^^^^^^^^^^^^^^^^^^^^^^
F:\py\Lib\site-packages\redis\_parsers\base.py:559: in _readline
    data = await self._stream.readline()
           ^^^^^^^^^^^^^^^^^^^^^^^^^^^^^
F:\py\Lib\asyncio\streams.py:562: in readline
    line = await self.readuntil(sep)
           ^^^^^^^^^^^^^^^^^^^^^^^^^
F:\py\Lib\asyncio\streams.py:677: in readuntil
    await self._wait_for_data('readuntil')
F:\py\Lib\asyncio\streams.py:539: in _wait_for_data
    await self._waiter
F:\py\Lib\asyncio\proactor_events.py:286: in _loop_reading
    length = fut.result()
             ^^^^^^^^^^^^
F:\py\Lib\asyncio\windows_events.py:804: in _poll
    value = callback(transferred, key, ov)
            ^^^^^^^^^^^^^^^^^^^^^^^^^^^^^^
_ _ _ _ _ _ _ _ _ _ _ _ _ _ _ _ _ _ _ _ _ _ _ _ _ _ _ _ _ _ _ _ _ _ _ _ _ _ _ _

trans = 0, key = 0, ov = <_overlapped.Overlapped object at 0x0000027C320BEDF0>

    @staticmethod
    def finish_socket_func(trans, key, ov):
        try:
            return ov.getresult()
        except OSError as exc:
            if exc.winerror in (_overlapped.ERROR_NETNAME_DELETED,
                                _overlapped.ERROR_OPERATION_ABORTED):
>               raise ConnectionResetError(*exc.args)
E               ConnectionResetError: [WinError 64] ÷∏∂®µƒÕ¯¬Á√˚≤ª‘Ÿø…”√°£

F:\py\Lib\asyncio\windows_events.py:467: ConnectionResetError

During handling of the above exception, another exception occurred:

self = <ai_werewolf_core.core.engine.state_machine.PhaseStateMachine object at 0x0000027C31D50E50>

    async def _get_redis(self) -> aioredis.Redis:
        """ªÒ»° Redis “Ï≤ΩøÕªß∂À£®¿¡≥ı ºªØ£¨π≤œÌ¡¨Ω”≥ÿ£©°£"""
        if self._redis is None:
            try:
>               self._redis = await RedisClientManager.get_client()
                              ^^^^^^^^^^^^^^^^^^^^^^^^^^^^^^^^^^^^^

ai_werewolf_core\core\engine\state_machine.py:156: 
_ _ _ _ _ _ _ _ _ _ _ _ _ _ _ _ _ _ _ _ _ _ _ _ _ _ _ _ _ _ _ _ _ _ _ _ _ _ _ _
ai_werewolf_core\utils\redis_client.py:128: in get_client
    await cls._client.ping()
F:\py\Lib\site-packages\redis\asyncio\client.py:764: in execute_command
    conn = self.connection or await pool.get_connection()
                              ^^^^^^^^^^^^^^^^^^^^^^^^^^^
F:\py\Lib\site-packages\redis\utils.py:227: in async_wrapper
    return await func(*args, **kwargs)
           ^^^^^^^^^^^^^^^^^^^^^^^^^^^
F:\py\Lib\site-packages\redis\asyncio\connection.py:1351: in get_connection
    await self.ensure_connection(connection)
F:\py\Lib\site-packages\redis\asyncio\connection.py:1390: in ensure_connection
    await connection.connect()
F:\py\Lib\site-packages\redis\asyncio\connection.py:339: in connect
    await self.retry.call_with_retry(
F:\py\Lib\site-packages\redis\asyncio\retry.py:81: in call_with_retry
    raise error
F:\py\Lib\site-packages\redis\asyncio\retry.py:69: in call_with_retry
    return await do()
           ^^^^^^^^^^
F:\py\Lib\site-packages\redis\asyncio\connection.py:403: in connect_check_health
    await self.on_connect_check_health(check_health=check_health)
F:\py\Lib\site-packages\redis\asyncio\connection.py:560: in on_connect_check_health
    await self.read_response()
_ _ _ _ _ _ _ _ _ _ _ _ _ _ _ _ _ _ _ _ _ _ _ _ _ _ _ _ _ _ _ _ _ _ _ _ _ _ _ _

self = <redis.asyncio.connection.Connection(host=192.168.100.128,port=6379,db=1)>
disable_decoding = False, timeout = None

    async def read_response(
        self,
        disable_decoding: bool = False,
        timeout: Optional[float] = None,
        *,
        disconnect_on_error: bool = True,
        push_request: Optional[bool] = False,
    ):
        """Read the response from a previously sent command"""
        read_timeout = timeout if timeout is not None else self.socket_timeout
        host_error = self._host_error()
        try:
            if read_timeout is not None and self.protocol in ["3", 3]:
                async with async_timeout(read_timeout):
                    response = await self._parser.read_response(
                        disable_decoding=disable_decoding, push_request=push_request
                    )
            elif read_timeout is not None:
                async with async_timeout(read_timeout):
                    response = await self._parser.read_response(
                        disable_decoding=disable_decoding
                    )
            elif self.protocol in ["3", 3]:
                response = await self._parser.read_response(
                    disable_decoding=disable_decoding, push_request=push_request
                )
            else:
                response = await self._parser.read_response(
                    disable_decoding=disable_decoding
                )
        except asyncio.TimeoutError:
            if timeout is not None:
                # user requested timeout, return None. Operation can be retried
                return None
            # it was a self.socket_timeout error.
            if disconnect_on_error:
                await self.disconnect(nowait=True)
            raise TimeoutError(f"Timeout reading from {host_error}")
        except OSError as e:
            if disconnect_on_error:
                await self.disconnect(nowait=True)
>           raise ConnectionError(f"Error while reading from {host_error} : {e.args}")
E           redis.exceptions.ConnectionError: Error while reading from 192.168.100.128:6379 : (22, '÷∏∂®µƒÕ¯¬Á√˚≤ª‘Ÿø…”√°£', None, 64, None)

F:\py\Lib\site-packages\redis\asyncio\connection.py:747: ConnectionError

The above exception was the direct cause of the following exception:

self = <test_state_machine.TestEventPublishing object at 0x0000027C30480550>
event_bus = <ai_werewolf_core.core.event.bus.EventBus object at 0x0000027C30469CD0>

    @pytest.mark.asyncio
    async def test_transition_event_contains_context(self, event_bus):
        """∑¢≤ºµƒ ¬º˛ payload ”¶∞¸∫¨µ˜”√∑Ω¥´»Îµƒ context  ˝æ›°£"""
        import uuid
        game_id = f"test_ctx_{uuid.uuid4().hex}"
        sm = PhaseStateMachine(game_id=game_id, event_bus=event_bus)
    
        captured_events = []
        event_bus.publish = AsyncMock(
            side_effect=lambda e: captured_events.append(e)
        )
    
>       await sm.transition_to(
            GamePhase.INIT,
            context={"initiated_by": "admin", "players": 8},
        )

tests\unit\core\engine\test_state_machine.py:364: 
_ _ _ _ _ _ _ _ _ _ _ _ _ _ _ _ _ _ _ _ _ _ _ _ _ _ _ _ _ _ _ _ _ _ _ _ _ _ _ _
ai_werewolf_core\core\engine\state_machine.py:374: in transition_to
    current_ctx = await self._load_context()
                  ^^^^^^^^^^^^^^^^^^^^^^^^^^
ai_werewolf_core\core\engine\state_machine.py:181: in _load_context
    redis = await self._get_redis()
            ^^^^^^^^^^^^^^^^^^^^^^^
_ _ _ _ _ _ _ _ _ _ _ _ _ _ _ _ _ _ _ _ _ _ _ _ _ _ _ _ _ _ _ _ _ _ _ _ _ _ _ _

self = <ai_werewolf_core.core.engine.state_machine.PhaseStateMachine object at 0x0000027C31D50E50>

    async def _get_redis(self) -> aioredis.Redis:
        """ªÒ»° Redis “Ï≤ΩøÕªß∂À£®¿¡≥ı ºªØ£¨π≤œÌ¡¨Ω”≥ÿ£©°£"""
        if self._redis is None:
            try:
                self._redis = await RedisClientManager.get_client()
                self._logger.debug("PhaseStateMachine “—ªÒ»°π≤œÌ Redis øÕªß∂À")
            except (aioredis.ConnectionError, aioredis.TimeoutError) as e:
>               raise RedisUnavailableException(
                    f"PhaseStateMachine Œﬁ∑®ªÒ»° Redis øÕªß∂À: game_id={self.game_id}"
                ) from e
E               ai_werewolf_core.utils.redis_seq.RedisUnavailableException: PhaseStateMachine Œﬁ∑®ªÒ»° Redis øÕªß∂À: game_id=test_ctx_a477519cc4fe4e348dc982f8cf0559f3

ai_werewolf_core\core\engine\state_machine.py:159: RedisUnavailableException
---------------------------- Captured stderr setup ----------------------------
[2m2026-05-14T21:37:40.390968+08:00[0m [[32m[1mdebug    [0m] [1mglobal_subscribe              [0m [[0m[1m[34mai_werewolf_core.core.event.bus[0m][0m [36mhandler[0m=[35m_default_log_subscriber[0m
[2m2026-05-14T21:37:40.391150+08:00[0m [[32m[1mdebug    [0m] [1mglobal_subscribe              [0m [[0m[1m[34mai_werewolf_core.core.event.bus[0m][0m [36mhandler[0m=[35m_persist_to_db[0m
----------------------------- Captured log setup ------------------------------
DEBUG    ai_werewolf_core.core.event.bus:bus.py:519 {'handler': '_default_log_subscriber', 'event': 'global_subscribe', 'level': 'debug', 'logger': 'ai_werewolf_core.core.event.bus', 'timestamp': '2026-05-14T21:37:40.390968+08:00'}
DEBUG    ai_werewolf_core.core.event.bus:bus.py:519 {'handler': '_persist_to_db', 'event': 'global_subscribe', 'level': 'debug', 'logger': 'ai_werewolf_core.core.event.bus', 'timestamp': '2026-05-14T21:37:40.391150+08:00'}
---------------------------- Captured stderr call -----------------------------
[2m2026-05-14T21:37:40.391860+08:00[0m [[32m[1mdebug    [0m] [1mRedis ¡¨Ω”≥ÿ“—¥¥Ω®                  [0m [[0m[1m[34mai_werewolf_core.utils.redis_client[0m][0m [36mmax_connections[0m=[35m300[0m [36msocket_timeout[0m=[35m10[0m
[2m2026-05-14T21:37:45.394641+08:00[0m [[31m[1merror    [0m] [1mRedis ¡¨Ω”—È÷§ ß∞‹ (PING)           [0m [[0m[1m[34mai_werewolf_core.utils.redis_client[0m][0m [36merror[0m=[35m"Error while reading from 192.168.100.128:6379 : (22, '÷∏∂®µƒÕ¯¬Á√˚≤ª‘Ÿø…”√°£', None, 64, None)"[0m [36mhost[0m=[35m192.168.100.128[0m [36mport[0m=[35m6379[0m
Traceback (most recent call last):
  File "F:\py\Lib\asyncio\windows_events.py", line 463, in finish_socket_func
    return ov.getresult()
           ~~~~~~~~~~~~^^
OSError: [WinError 64] ÷∏∂®µƒÕ¯¬Á√˚≤ª‘Ÿø…”√°£

During handling of the above exception, another exception occurred:

Traceback (most recent call last):
  File "F:\py\Lib\site-packages\redis\asyncio\connection.py", line 725, in read_response
    response = await self._parser.read_response(
               ^^^^^^^^^^^^^^^^^^^^^^^^^^^^^^^^^
        disable_decoding=disable_decoding
        ^^^^^^^^^^^^^^^^^^^^^^^^^^^^^^^^^
    )
    ^
  File "F:\py\Lib\site-packages\redis\_parsers\resp2.py", line 82, in read_response
    response = await self._read_response(disable_decoding=disable_decoding)
               ^^^^^^^^^^^^^^^^^^^^^^^^^^^^^^^^^^^^^^^^^^^^^^^^^^^^^^^^^^^^
  File "F:\py\Lib\site-packages\redis\_parsers\resp2.py", line 90, in _read_response
    raw = await self._readline()
          ^^^^^^^^^^^^^^^^^^^^^^
  File "F:\py\Lib\site-packages\redis\_parsers\base.py", line 559, in _readline
    data = await self._stream.readline()
           ^^^^^^^^^^^^^^^^^^^^^^^^^^^^^
  File "F:\py\Lib\asyncio\streams.py", line 562, in readline
    line = await self.readuntil(sep)
           ^^^^^^^^^^^^^^^^^^^^^^^^^
  File "F:\py\Lib\asyncio\streams.py", line 677, in readuntil
    await self._wait_for_data('readuntil')
  File "F:\py\Lib\asyncio\streams.py", line 539, in _wait_for_data
    await self._waiter
  File "F:\py\Lib\asyncio\proactor_events.py", line 286, in _loop_reading
    length = fut.result()
  File "F:\py\Lib\asyncio\windows_events.py", line 804, in _poll
    value = callback(transferred, key, ov)
  File "F:\py\Lib\asyncio\windows_events.py", line 467, in finish_socket_func
    raise ConnectionResetError(*exc.args)
ConnectionResetError: [WinError 64] ÷∏∂®µƒÕ¯¬Á√˚≤ª‘Ÿø…”√°£

During handling of the above exception, another exception occurred:

Traceback (most recent call last):
  File "F:\YilenaCode\Werewolf\ai_werewolf_core\utils\redis_client.py", line 128, in get_client
    await cls._client.ping()
  File "F:\py\Lib\site-packages\redis\asyncio\client.py", line 764, in execute_command
    conn = self.connection or await pool.get_connection()
                              ^^^^^^^^^^^^^^^^^^^^^^^^^^^
  File "F:\py\Lib\site-packages\redis\utils.py", line 227, in async_wrapper
    return await func(*args, **kwargs)
           ^^^^^^^^^^^^^^^^^^^^^^^^^^^
  File "F:\py\Lib\site-packages\redis\asyncio\connection.py", line 1351, in get_connection
    await self.ensure_connection(connection)
  File "F:\py\Lib\site-packages\redis\asyncio\connection.py", line 1390, in ensure_connection
    await connection.connect()
  File "F:\py\Lib\site-packages\redis\asyncio\connection.py", line 339, in connect
    await self.retry.call_with_retry(
    ...<7 lines>...
    )
  File "F:\py\Lib\site-packages\redis\asyncio\retry.py", line 81, in call_with_retry
    raise error
  File "F:\py\Lib\site-packages\redis\asyncio\retry.py", line 69, in call_with_retry
    return await do()
           ^^^^^^^^^^
  File "F:\py\Lib\site-packages\redis\asyncio\connection.py", line 403, in connect_check_health
    await self.on_connect_check_health(check_health=check_health)
  File "F:\py\Lib\site-packages\redis\asyncio\connection.py", line 560, in on_connect_check_health
    await self.read_response()
  File "F:\py\Lib\site-packages\redis\asyncio\connection.py", line 747, in read_response
    raise ConnectionError(f"Error while reading from {host_error} : {e.args}")
redis.exceptions.ConnectionError: Error while reading from 192.168.100.128:6379 : (22, '÷∏∂®µƒÕ¯¬Á√˚≤ª‘Ÿø…”√°£', None, 64, None)
------------------------------ Captured log call ------------------------------
DEBUG    ai_werewolf_core.utils.redis_client:redis_client.py:243 {'max_connections': 300, 'socket_timeout': 10, 'event': 'Redis ¡¨Ω”≥ÿ“—¥¥Ω®', 'level': 'debug', 'logger': 'ai_werewolf_core.utils.redis_client', 'timestamp': '2026-05-14T21:37:40.391860+08:00'}
ERROR    ai_werewolf_core.utils.redis_client:redis_client.py:130 {'host': '192.168.100.128', 'port': 6379, 'error': "Error while reading from 192.168.100.128:6379 : (22, '÷∏∂®µƒÕ¯¬Á√˚≤ª‘Ÿø…”√°£', None, 64, None)", 'event': 'Redis ¡¨Ω”—È÷§ ß∞‹ (PING)', 'level': 'error', 'logger': 'ai_werewolf_core.utils.redis_client', 'timestamp': '2026-05-14T21:37:45.394641+08:00', 'exception': 'Traceback (most recent call last):\n  File "F:\\py\\Lib\\asyncio\\windows_events.py", line 463, in finish_socket_func\n    return ov.getresult()\n           ~~~~~~~~~~~~^^\nOSError: [WinError 64] ÷∏∂®µƒÕ¯¬Á√˚≤ª‘Ÿø…”√°£\n\nDuring handling of the above exception, another exception occurred:\n\nTraceback (most recent call last):\n  File "F:\\py\\Lib\\site-packages\\redis\\asyncio\\connection.py", line 725, in read_response\n    response = await self._parser.read_response(\n               ^^^^^^^^^^^^^^^^^^^^^^^^^^^^^^^^^\n        disable_decoding=disable_decoding\n        ^^^^^^^^^^^^^^^^^^^^^^^^^^^^^^^^^\n    )\n    ^\n  File "F:\\py\\Lib\\site-packages\\redis\\_parsers\\resp2.py", line 82, in read_response\n    response = await self._read_response(disable_decoding=disable_decoding)\n               ^^^^^^^^^^^^^^^^^^^^^^^^^^^^^^^^^^^^^^^^^^^^^^^^^^^^^^^^^^^^\n  File "F:\\py\\Lib\\site-packages\\redis\\_parsers\\resp2.py", line 90, in _read_response\n    raw = await self._readline()\n          ^^^^^^^^^^^^^^^^^^^^^^\n  File "F:\\py\\Lib\\site-packages\\redis\\_parsers\\base.py", line 559, in _readline\n    data = await self._stream.readline()\n           ^^^^^^^^^^^^^^^^^^^^^^^^^^^^^\n  File "F:\\py\\Lib\\asyncio\\streams.py", line 562, in readline\n    line = await self.readuntil(sep)\n           ^^^^^^^^^^^^^^^^^^^^^^^^^\n  File "F:\\py\\Lib\\asyncio\\streams.py", line 677, in readuntil\n    await self._wait_for_data(\'readuntil\')\n  File "F:\\py\\Lib\\asyncio\\streams.py", line 539, in _wait_for_data\n    await self._waiter\n  File "F:\\py\\Lib\\asyncio\\proactor_events.py", line 286, in _loop_reading\n    length = fut.result()\n  File "F:\\py\\Lib\\asyncio\\windows_events.py", line 804, in _poll\n    value = callback(transferred, key, ov)\n  File "F:\\py\\Lib\\asyncio\\windows_events.py", line 467, in finish_socket_func\n    raise ConnectionResetError(*exc.args)\nConnectionResetError: [WinError 64] ÷∏∂®µƒÕ¯¬Á√˚≤ª‘Ÿø…”√°£\n\nDuring handling of the above exception, another exception occurred:\n\nTraceback (most recent call last):\n  File "F:\\YilenaCode\\Werewolf\\ai_werewolf_core\\utils\\redis_client.py", line 128, in get_client\n    await cls._client.ping()\n  File "F:\\py\\Lib\\site-packages\\redis\\asyncio\\client.py", line 764, in execute_command\n    conn = self.connection or await pool.get_connection()\n                              ^^^^^^^^^^^^^^^^^^^^^^^^^^^\n  File "F:\\py\\Lib\\site-packages\\redis\\utils.py", line 227, in async_wrapper\n    return await func(*args, **kwargs)\n           ^^^^^^^^^^^^^^^^^^^^^^^^^^^\n  File "F:\\py\\Lib\\site-packages\\redis\\asyncio\\connection.py", line 1351, in get_connection\n    await self.ensure_connection(connection)\n  File "F:\\py\\Lib\\site-packages\\redis\\asyncio\\connection.py", line 1390, in ensure_connection\n    await connection.connect()\n  File "F:\\py\\Lib\\site-packages\\redis\\asyncio\\connection.py", line 339, in connect\n    await self.retry.call_with_retry(\n    ...<7 lines>...\n    )\n  File "F:\\py\\Lib\\site-packages\\redis\\asyncio\\retry.py", line 81, in call_with_retry\n    raise error\n  File "F:\\py\\Lib\\site-packages\\redis\\asyncio\\retry.py", line 69, in call_with_retry\n    return await do()\n           ^^^^^^^^^^\n  File "F:\\py\\Lib\\site-packages\\redis\\asyncio\\connection.py", line 403, in connect_check_health\n    await self.on_connect_check_health(check_health=check_health)\n  File "F:\\py\\Lib\\site-packages\\redis\\asyncio\\connection.py", line 560, in on_connect_check_health\n    await self.read_response()\n  File "F:\\py\\Lib\\site-packages\\redis\\asyncio\\connection.py", line 747, in read_response\n    raise ConnectionError(f"Error while reading from {host_error} : {e.args}")\nredis.exceptions.ConnectionError: Error while reading from 192.168.100.128:6379 : (22, \'÷∏∂®µƒÕ¯¬Á√˚≤ª‘Ÿø…”√°£\', None, 64, None)'}
__________ TestEventPublishing.test_transition_event_contains_round ___________

trans = 0, key = 0, ov = <_overlapped.Overlapped object at 0x0000027C320BD230>

    @staticmethod
    def finish_socket_func(trans, key, ov):
        try:
>           return ov.getresult()
                   ^^^^^^^^^^^^^^
E           OSError: [WinError 64] ÷∏∂®µƒÕ¯¬Á√˚≤ª‘Ÿø…”√°£

F:\py\Lib\asyncio\windows_events.py:463: OSError

During handling of the above exception, another exception occurred:

self = <redis.asyncio.connection.Connection(host=192.168.100.128,port=6379,db=1)>
disable_decoding = False, timeout = None

    async def read_response(
        self,
        disable_decoding: bool = False,
        timeout: Optional[float] = None,
        *,
        disconnect_on_error: bool = True,
        push_request: Optional[bool] = False,
    ):
        """Read the response from a previously sent command"""
        read_timeout = timeout if timeout is not None else self.socket_timeout
        host_error = self._host_error()
        try:
            if read_timeout is not None and self.protocol in ["3", 3]:
                async with async_timeout(read_timeout):
                    response = await self._parser.read_response(
                        disable_decoding=disable_decoding, push_request=push_request
                    )
            elif read_timeout is not None:
                async with async_timeout(read_timeout):
>                   response = await self._parser.read_response(
                        disable_decoding=disable_decoding

F:\py\Lib\site-packages\redis\asyncio\connection.py:725: 
_ _ _ _ _ _ _ _ _ _ _ _ _ _ _ _ _ _ _ _ _ _ _ _ _ _ _ _ _ _ _ _ _ _ _ _ _ _ _ _
F:\py\Lib\site-packages\redis\_parsers\resp2.py:82: in read_response
    response = await self._read_response(disable_decoding=disable_decoding)
               ^^^^^^^^^^^^^^^^^^^^^^^^^^^^^^^^^^^^^^^^^^^^^^^^^^^^^^^^^^^^
F:\py\Lib\site-packages\redis\_parsers\resp2.py:90: in _read_response
    raw = await self._readline()
          ^^^^^^^^^^^^^^^^^^^^^^
F:\py\Lib\site-packages\redis\_parsers\base.py:559: in _readline
    data = await self._stream.readline()
           ^^^^^^^^^^^^^^^^^^^^^^^^^^^^^
F:\py\Lib\asyncio\streams.py:562: in readline
    line = await self.readuntil(sep)
           ^^^^^^^^^^^^^^^^^^^^^^^^^
F:\py\Lib\asyncio\streams.py:677: in readuntil
    await self._wait_for_data('readuntil')
F:\py\Lib\asyncio\streams.py:539: in _wait_for_data
    await self._waiter
F:\py\Lib\asyncio\proactor_events.py:286: in _loop_reading
    length = fut.result()
             ^^^^^^^^^^^^
F:\py\Lib\asyncio\windows_events.py:804: in _poll
    value = callback(transferred, key, ov)
            ^^^^^^^^^^^^^^^^^^^^^^^^^^^^^^
_ _ _ _ _ _ _ _ _ _ _ _ _ _ _ _ _ _ _ _ _ _ _ _ _ _ _ _ _ _ _ _ _ _ _ _ _ _ _ _

trans = 0, key = 0, ov = <_overlapped.Overlapped object at 0x0000027C320BD230>

    @staticmethod
    def finish_socket_func(trans, key, ov):
        try:
            return ov.getresult()
        except OSError as exc:
            if exc.winerror in (_overlapped.ERROR_NETNAME_DELETED,
                                _overlapped.ERROR_OPERATION_ABORTED):
>               raise ConnectionResetError(*exc.args)
E               ConnectionResetError: [WinError 64] ÷∏∂®µƒÕ¯¬Á√˚≤ª‘Ÿø…”√°£

F:\py\Lib\asyncio\windows_events.py:467: ConnectionResetError

During handling of the above exception, another exception occurred:

self = <ai_werewolf_core.core.engine.state_machine.PhaseStateMachine object at 0x0000027C31D533F0>

    async def _get_redis(self) -> aioredis.Redis:
        """ªÒ»° Redis “Ï≤ΩøÕªß∂À£®¿¡≥ı ºªØ£¨π≤œÌ¡¨Ω”≥ÿ£©°£"""
        if self._redis is None:
            try:
>               self._redis = await RedisClientManager.get_client()
                              ^^^^^^^^^^^^^^^^^^^^^^^^^^^^^^^^^^^^^

ai_werewolf_core\core\engine\state_machine.py:156: 
_ _ _ _ _ _ _ _ _ _ _ _ _ _ _ _ _ _ _ _ _ _ _ _ _ _ _ _ _ _ _ _ _ _ _ _ _ _ _ _
ai_werewolf_core\utils\redis_client.py:128: in get_client
    await cls._client.ping()
F:\py\Lib\site-packages\redis\asyncio\client.py:764: in execute_command
    conn = self.connection or await pool.get_connection()
                              ^^^^^^^^^^^^^^^^^^^^^^^^^^^
F:\py\Lib\site-packages\redis\utils.py:227: in async_wrapper
    return await func(*args, **kwargs)
           ^^^^^^^^^^^^^^^^^^^^^^^^^^^
F:\py\Lib\site-packages\redis\asyncio\connection.py:1351: in get_connection
    await self.ensure_connection(connection)
F:\py\Lib\site-packages\redis\asyncio\connection.py:1390: in ensure_connection
    await connection.connect()
F:\py\Lib\site-packages\redis\asyncio\connection.py:339: in connect
    await self.retry.call_with_retry(
F:\py\Lib\site-packages\redis\asyncio\retry.py:81: in call_with_retry
    raise error
F:\py\Lib\site-packages\redis\asyncio\retry.py:69: in call_with_retry
    return await do()
           ^^^^^^^^^^
F:\py\Lib\site-packages\redis\asyncio\connection.py:403: in connect_check_health
    await self.on_connect_check_health(check_health=check_health)
F:\py\Lib\site-packages\redis\asyncio\connection.py:560: in on_connect_check_health
    await self.read_response()
_ _ _ _ _ _ _ _ _ _ _ _ _ _ _ _ _ _ _ _ _ _ _ _ _ _ _ _ _ _ _ _ _ _ _ _ _ _ _ _

self = <redis.asyncio.connection.Connection(host=192.168.100.128,port=6379,db=1)>
disable_decoding = False, timeout = None

    async def read_response(
        self,
        disable_decoding: bool = False,
        timeout: Optional[float] = None,
        *,
        disconnect_on_error: bool = True,
        push_request: Optional[bool] = False,
    ):
        """Read the response from a previously sent command"""
        read_timeout = timeout if timeout is not None else self.socket_timeout
        host_error = self._host_error()
        try:
            if read_timeout is not None and self.protocol in ["3", 3]:
                async with async_timeout(read_timeout):
                    response = await self._parser.read_response(
                        disable_decoding=disable_decoding, push_request=push_request
                    )
            elif read_timeout is not None:
                async with async_timeout(read_timeout):
                    response = await self._parser.read_response(
                        disable_decoding=disable_decoding
                    )
            elif self.protocol in ["3", 3]:
                response = await self._parser.read_response(
                    disable_decoding=disable_decoding, push_request=push_request
                )
            else:
                response = await self._parser.read_response(
                    disable_decoding=disable_decoding
                )
        except asyncio.TimeoutError:
            if timeout is not None:
                # user requested timeout, return None. Operation can be retried
                return None
            # it was a self.socket_timeout error.
            if disconnect_on_error:
                await self.disconnect(nowait=True)
            raise TimeoutError(f"Timeout reading from {host_error}")
        except OSError as e:
            if disconnect_on_error:
                await self.disconnect(nowait=True)
>           raise ConnectionError(f"Error while reading from {host_error} : {e.args}")
E           redis.exceptions.ConnectionError: Error while reading from 192.168.100.128:6379 : (22, '÷∏∂®µƒÕ¯¬Á√˚≤ª‘Ÿø…”√°£', None, 64, None)

F:\py\Lib\site-packages\redis\asyncio\connection.py:747: ConnectionError

The above exception was the direct cause of the following exception:

self = <test_state_machine.TestEventPublishing object at 0x0000027C30490050>
event_bus = <ai_werewolf_core.core.event.bus.EventBus object at 0x0000027C323AA650>

    @pytest.mark.asyncio
    async def test_transition_event_contains_round(self, event_bus):
        """ ¬º˛ payload ”¶∞¸∫¨µ±«∞¬÷¥Œ–≈œ¢°£"""
        import uuid
        game_id = f"test_rnd_{uuid.uuid4().hex}"
        sm = PhaseStateMachine(game_id=game_id, event_bus=event_bus)
    
        captured_events = []
        event_bus.publish = AsyncMock(
            side_effect=lambda e: captured_events.append(e)
        )
    
>       await sm.transition_to(GamePhase.INIT)

tests\unit\core\engine\test_state_machine.py:386: 
_ _ _ _ _ _ _ _ _ _ _ _ _ _ _ _ _ _ _ _ _ _ _ _ _ _ _ _ _ _ _ _ _ _ _ _ _ _ _ _
ai_werewolf_core\core\engine\state_machine.py:374: in transition_to
    current_ctx = await self._load_context()
                  ^^^^^^^^^^^^^^^^^^^^^^^^^^
ai_werewolf_core\core\engine\state_machine.py:181: in _load_context
    redis = await self._get_redis()
            ^^^^^^^^^^^^^^^^^^^^^^^
_ _ _ _ _ _ _ _ _ _ _ _ _ _ _ _ _ _ _ _ _ _ _ _ _ _ _ _ _ _ _ _ _ _ _ _ _ _ _ _

self = <ai_werewolf_core.core.engine.state_machine.PhaseStateMachine object at 0x0000027C31D533F0>

    async def _get_redis(self) -> aioredis.Redis:
        """ªÒ»° Redis “Ï≤ΩøÕªß∂À£®¿¡≥ı ºªØ£¨π≤œÌ¡¨Ω”≥ÿ£©°£"""
        if self._redis is None:
            try:
                self._redis = await RedisClientManager.get_client()
                self._logger.debug("PhaseStateMachine “—ªÒ»°π≤œÌ Redis øÕªß∂À")
            except (aioredis.ConnectionError, aioredis.TimeoutError) as e:
>               raise RedisUnavailableException(
                    f"PhaseStateMachine Œﬁ∑®ªÒ»° Redis øÕªß∂À: game_id={self.game_id}"
                ) from e
E               ai_werewolf_core.utils.redis_seq.RedisUnavailableException: PhaseStateMachine Œﬁ∑®ªÒ»° Redis øÕªß∂À: game_id=test_rnd_582c46d0c19e4d2fbd55bdc65932e904

ai_werewolf_core\core\engine\state_machine.py:159: RedisUnavailableException
---------------------------- Captured stderr setup ----------------------------
[2m2026-05-14T21:37:45.549453+08:00[0m [[32m[1mdebug    [0m] [1mglobal_subscribe              [0m [[0m[1m[34mai_werewolf_core.core.event.bus[0m][0m [36mhandler[0m=[35m_default_log_subscriber[0m
[2m2026-05-14T21:37:45.549760+08:00[0m [[32m[1mdebug    [0m] [1mglobal_subscribe              [0m [[0m[1m[34mai_werewolf_core.core.event.bus[0m][0m [36mhandler[0m=[35m_persist_to_db[0m
----------------------------- Captured log setup ------------------------------
DEBUG    ai_werewolf_core.core.event.bus:bus.py:519 {'handler': '_default_log_subscriber', 'event': 'global_subscribe', 'level': 'debug', 'logger': 'ai_werewolf_core.core.event.bus', 'timestamp': '2026-05-14T21:37:45.549453+08:00'}
DEBUG    ai_werewolf_core.core.event.bus:bus.py:519 {'handler': '_persist_to_db', 'event': 'global_subscribe', 'level': 'debug', 'logger': 'ai_werewolf_core.core.event.bus', 'timestamp': '2026-05-14T21:37:45.549760+08:00'}
---------------------------- Captured stderr call -----------------------------
[2m2026-05-14T21:37:45.550791+08:00[0m [[32m[1mdebug    [0m] [1mRedis ¡¨Ω”≥ÿ“—¥¥Ω®                  [0m [[0m[1m[34mai_werewolf_core.utils.redis_client[0m][0m [36mmax_connections[0m=[35m300[0m [36msocket_timeout[0m=[35m10[0m
[2m2026-05-14T21:37:50.555103+08:00[0m [[31m[1merror    [0m] [1mRedis ¡¨Ω”—È÷§ ß∞‹ (PING)           [0m [[0m[1m[34mai_werewolf_core.utils.redis_client[0m][0m [36merror[0m=[35m"Error while reading from 192.168.100.128:6379 : (22, '÷∏∂®µƒÕ¯¬Á√˚≤ª‘Ÿø…”√°£', None, 64, None)"[0m [36mhost[0m=[35m192.168.100.128[0m [36mport[0m=[35m6379[0m
Traceback (most recent call last):
  File "F:\py\Lib\asyncio\windows_events.py", line 463, in finish_socket_func
    return ov.getresult()
           ~~~~~~~~~~~~^^
OSError: [WinError 64] ÷∏∂®µƒÕ¯¬Á√˚≤ª‘Ÿø…”√°£

During handling of the above exception, another exception occurred:

Traceback (most recent call last):
  File "F:\py\Lib\site-packages\redis\asyncio\connection.py", line 725, in read_response
    response = await self._parser.read_response(
               ^^^^^^^^^^^^^^^^^^^^^^^^^^^^^^^^^
        disable_decoding=disable_decoding
        ^^^^^^^^^^^^^^^^^^^^^^^^^^^^^^^^^
    )
    ^
  File "F:\py\Lib\site-packages\redis\_parsers\resp2.py", line 82, in read_response
    response = await self._read_response(disable_decoding=disable_decoding)
               ^^^^^^^^^^^^^^^^^^^^^^^^^^^^^^^^^^^^^^^^^^^^^^^^^^^^^^^^^^^^
  File "F:\py\Lib\site-packages\redis\_parsers\resp2.py", line 90, in _read_response
    raw = await self._readline()
          ^^^^^^^^^^^^^^^^^^^^^^
  File "F:\py\Lib\site-packages\redis\_parsers\base.py", line 559, in _readline
    data = await self._stream.readline()
           ^^^^^^^^^^^^^^^^^^^^^^^^^^^^^
  File "F:\py\Lib\asyncio\streams.py", line 562, in readline
    line = await self.readuntil(sep)
           ^^^^^^^^^^^^^^^^^^^^^^^^^
  File "F:\py\Lib\asyncio\streams.py", line 677, in readuntil
    await self._wait_for_data('readuntil')
  File "F:\py\Lib\asyncio\streams.py", line 539, in _wait_for_data
    await self._waiter
  File "F:\py\Lib\asyncio\proactor_events.py", line 286, in _loop_reading
    length = fut.result()
  File "F:\py\Lib\asyncio\windows_events.py", line 804, in _poll
    value = callback(transferred, key, ov)
  File "F:\py\Lib\asyncio\windows_events.py", line 467, in finish_socket_func
    raise ConnectionResetError(*exc.args)
ConnectionResetError: [WinError 64] ÷∏∂®µƒÕ¯¬Á√˚≤ª‘Ÿø…”√°£

During handling of the above exception, another exception occurred:

Traceback (most recent call last):
  File "F:\YilenaCode\Werewolf\ai_werewolf_core\utils\redis_client.py", line 128, in get_client
    await cls._client.ping()
  File "F:\py\Lib\site-packages\redis\asyncio\client.py", line 764, in execute_command
    conn = self.connection or await pool.get_connection()
                              ^^^^^^^^^^^^^^^^^^^^^^^^^^^
  File "F:\py\Lib\site-packages\redis\utils.py", line 227, in async_wrapper
    return await func(*args, **kwargs)
           ^^^^^^^^^^^^^^^^^^^^^^^^^^^
  File "F:\py\Lib\site-packages\redis\asyncio\connection.py", line 1351, in get_connection
    await self.ensure_connection(connection)
  File "F:\py\Lib\site-packages\redis\asyncio\connection.py", line 1390, in ensure_connection
    await connection.connect()
  File "F:\py\Lib\site-packages\redis\asyncio\connection.py", line 339, in connect
    await self.retry.call_with_retry(
    ...<7 lines>...
    )
  File "F:\py\Lib\site-packages\redis\asyncio\retry.py", line 81, in call_with_retry
    raise error
  File "F:\py\Lib\site-packages\redis\asyncio\retry.py", line 69, in call_with_retry
    return await do()
           ^^^^^^^^^^
  File "F:\py\Lib\site-packages\redis\asyncio\connection.py", line 403, in connect_check_health
    await self.on_connect_check_health(check_health=check_health)
  File "F:\py\Lib\site-packages\redis\asyncio\connection.py", line 560, in on_connect_check_health
    await self.read_response()
  File "F:\py\Lib\site-packages\redis\asyncio\connection.py", line 747, in read_response
    raise ConnectionError(f"Error while reading from {host_error} : {e.args}")
redis.exceptions.ConnectionError: Error while reading from 192.168.100.128:6379 : (22, '÷∏∂®µƒÕ¯¬Á√˚≤ª‘Ÿø…”√°£', None, 64, None)
------------------------------ Captured log call ------------------------------
DEBUG    ai_werewolf_core.utils.redis_client:redis_client.py:243 {'max_connections': 300, 'socket_timeout': 10, 'event': 'Redis ¡¨Ω”≥ÿ“—¥¥Ω®', 'level': 'debug', 'logger': 'ai_werewolf_core.utils.redis_client', 'timestamp': '2026-05-14T21:37:45.550791+08:00'}
ERROR    ai_werewolf_core.utils.redis_client:redis_client.py:130 {'host': '192.168.100.128', 'port': 6379, 'error': "Error while reading from 192.168.100.128:6379 : (22, '÷∏∂®µƒÕ¯¬Á√˚≤ª‘Ÿø…”√°£', None, 64, None)", 'event': 'Redis ¡¨Ω”—È÷§ ß∞‹ (PING)', 'level': 'error', 'logger': 'ai_werewolf_core.utils.redis_client', 'timestamp': '2026-05-14T21:37:50.555103+08:00', 'exception': 'Traceback (most recent call last):\n  File "F:\\py\\Lib\\asyncio\\windows_events.py", line 463, in finish_socket_func\n    return ov.getresult()\n           ~~~~~~~~~~~~^^\nOSError: [WinError 64] ÷∏∂®µƒÕ¯¬Á√˚≤ª‘Ÿø…”√°£\n\nDuring handling of the above exception, another exception occurred:\n\nTraceback (most recent call last):\n  File "F:\\py\\Lib\\site-packages\\redis\\asyncio\\connection.py", line 725, in read_response\n    response = await self._parser.read_response(\n               ^^^^^^^^^^^^^^^^^^^^^^^^^^^^^^^^^\n        disable_decoding=disable_decoding\n        ^^^^^^^^^^^^^^^^^^^^^^^^^^^^^^^^^\n    )\n    ^\n  File "F:\\py\\Lib\\site-packages\\redis\\_parsers\\resp2.py", line 82, in read_response\n    response = await self._read_response(disable_decoding=disable_decoding)\n               ^^^^^^^^^^^^^^^^^^^^^^^^^^^^^^^^^^^^^^^^^^^^^^^^^^^^^^^^^^^^\n  File "F:\\py\\Lib\\site-packages\\redis\\_parsers\\resp2.py", line 90, in _read_response\n    raw = await self._readline()\n          ^^^^^^^^^^^^^^^^^^^^^^\n  File "F:\\py\\Lib\\site-packages\\redis\\_parsers\\base.py", line 559, in _readline\n    data = await self._stream.readline()\n           ^^^^^^^^^^^^^^^^^^^^^^^^^^^^^\n  File "F:\\py\\Lib\\asyncio\\streams.py", line 562, in readline\n    line = await self.readuntil(sep)\n           ^^^^^^^^^^^^^^^^^^^^^^^^^\n  File "F:\\py\\Lib\\asyncio\\streams.py", line 677, in readuntil\n    await self._wait_for_data(\'readuntil\')\n  File "F:\\py\\Lib\\asyncio\\streams.py", line 539, in _wait_for_data\n    await self._waiter\n  File "F:\\py\\Lib\\asyncio\\proactor_events.py", line 286, in _loop_reading\n    length = fut.result()\n  File "F:\\py\\Lib\\asyncio\\windows_events.py", line 804, in _poll\n    value = callback(transferred, key, ov)\n  File "F:\\py\\Lib\\asyncio\\windows_events.py", line 467, in finish_socket_func\n    raise ConnectionResetError(*exc.args)\nConnectionResetError: [WinError 64] ÷∏∂®µƒÕ¯¬Á√˚≤ª‘Ÿø…”√°£\n\nDuring handling of the above exception, another exception occurred:\n\nTraceback (most recent call last):\n  File "F:\\YilenaCode\\Werewolf\\ai_werewolf_core\\utils\\redis_client.py", line 128, in get_client\n    await cls._client.ping()\n  File "F:\\py\\Lib\\site-packages\\redis\\asyncio\\client.py", line 764, in execute_command\n    conn = self.connection or await pool.get_connection()\n                              ^^^^^^^^^^^^^^^^^^^^^^^^^^^\n  File "F:\\py\\Lib\\site-packages\\redis\\utils.py", line 227, in async_wrapper\n    return await func(*args, **kwargs)\n           ^^^^^^^^^^^^^^^^^^^^^^^^^^^\n  File "F:\\py\\Lib\\site-packages\\redis\\asyncio\\connection.py", line 1351, in get_connection\n    await self.ensure_connection(connection)\n  File "F:\\py\\Lib\\site-packages\\redis\\asyncio\\connection.py", line 1390, in ensure_connection\n    await connection.connect()\n  File "F:\\py\\Lib\\site-packages\\redis\\asyncio\\connection.py", line 339, in connect\n    await self.retry.call_with_retry(\n    ...<7 lines>...\n    )\n  File "F:\\py\\Lib\\site-packages\\redis\\asyncio\\retry.py", line 81, in call_with_retry\n    raise error\n  File "F:\\py\\Lib\\site-packages\\redis\\asyncio\\retry.py", line 69, in call_with_retry\n    return await do()\n           ^^^^^^^^^^\n  File "F:\\py\\Lib\\site-packages\\redis\\asyncio\\connection.py", line 403, in connect_check_health\n    await self.on_connect_check_health(check_health=check_health)\n  File "F:\\py\\Lib\\site-packages\\redis\\asyncio\\connection.py", line 560, in on_connect_check_health\n    await self.read_response()\n  File "F:\\py\\Lib\\site-packages\\redis\\asyncio\\connection.py", line 747, in read_response\n    raise ConnectionError(f"Error while reading from {host_error} : {e.args}")\nredis.exceptions.ConnectionError: Error while reading from 192.168.100.128:6379 : (22, \'÷∏∂®µƒÕ¯¬Á√˚≤ª‘Ÿø…”√°£\', None, 64, None)'}
============================== warnings summary ===============================
..\..\py\Lib\site-packages\pydantic\_internal\_config.py:323
..\..\py\Lib\site-packages\pydantic\_internal\_config.py:323
..\..\py\Lib\site-packages\pydantic\_internal\_config.py:323
..\..\py\Lib\site-packages\pydantic\_internal\_config.py:323
  F:\py\Lib\site-packages\pydantic\_internal\_config.py:323: PydanticDeprecatedSince20: Support for class-based `config` is deprecated, use ConfigDict instead. Deprecated in Pydantic V2.0 to be removed in V3.0. See Pydantic V2 Migration Guide at https://errors.pydantic.dev/2.11/migration/
    warnings.warn(DEPRECATION_MESSAGE, DeprecationWarning)

ai_werewolf_core\schemas\models.py:69
  F:\YilenaCode\Werewolf\ai_werewolf_core\schemas\models.py:69: PydanticDeprecatedSince20: Pydantic V1 style `@validator` validators are deprecated. You should migrate to Pydantic V2 style `@field_validator` validators, see the migration guide for more details. Deprecated in Pydantic V2.0 to be removed in V3.0. See Pydantic V2 Migration Guide at https://errors.pydantic.dev/2.11/migration/
    @validator("target_id")

..\..\py\Lib\site-packages\langgraph\cache\base\__init__.py:8
  F:\py\Lib\site-packages\langgraph\cache\base\__init__.py:8: LangChainPendingDeprecationWarning: The default value of `allowed_objects` will change in a future version. Pass an explicit value (e.g., allowed_objects='messages' or allowed_objects='core') to suppress this warning.
    from langgraph.checkpoint.serde.jsonplus import JsonPlusSerializer

tests/test_api_actions.py: 6 warnings
tests/test_api_games.py: 6 warnings
tests/test_event_bus.py: 6 warnings
tests/test_redis_lua.py: 21 warnings
tests/unit/core/engine/test_game_engine.py: 2 warnings
tests/unit/core/engine/test_lifecycle.py: 62 warnings
tests/unit/core/engine/test_state_machine.py: 19 warnings
  F:\py\Lib\site-packages\structlog\stdlib.py:1166: UserWarning: Remove `format_exc_info` from your processor chain if you want pretty exceptions.
    ed = p(logger, meth_name, ed)  # type: ignore[arg-type]

tests/unit/core/engine/test_state_machine.py: 21 warnings
  f:\YilenaCode\Werewolf\tests\unit\core\engine\test_state_machine.py:40: RuntimeWarning: coroutine 'EventBus.clear' was never awaited
    bus.clear()
  Enable tracemalloc to get traceback where the object was allocated.
  See https://docs.pytest.org/en/stable/how-to/capture-warnings.html#resource-warnings for more info.

-- Docs: https://docs.pytest.org/en/stable/how-to/capture-warnings.html
=========================== short test summary info ===========================
FAILED tests/test_event_bus.py::test_event_bus_publish_and_seq_num - ai_werew...
FAILED tests/test_event_bus.py::test_event_bus_subscribe - ai_werewolf_core.u...
FAILED tests/test_event_bus.py::test_event_bus_visibility_filtering - ai_were...
FAILED tests/unit/core/engine/test_lifecycle.py::TestInitialState::test_initial_status_is_init
FAILED tests/unit/core/engine/test_lifecycle.py::TestInitialState::test_state_machine_is_created
FAILED tests/unit/core/engine/test_lifecycle.py::TestInitGame::test_init_game_from_init
FAILED tests/unit/core/engine/test_lifecycle.py::TestInitGame::test_init_game_publishes_event
FAILED tests/unit/core/engine/test_lifecycle.py::TestInitGame::test_init_game_twice_raises
FAILED tests/unit/core/engine/test_lifecycle.py::TestStartGame::test_start_game_from_start
FAILED tests/unit/core/engine/test_lifecycle.py::TestStartGame::test_start_game_activates_state_machine
FAILED tests/unit/core/engine/test_lifecycle.py::TestStartGame::test_start_game_without_init_raises
FAILED tests/unit/core/engine/test_lifecycle.py::TestStartGame::test_start_game_publishes_events
FAILED tests/unit/core/engine/test_lifecycle.py::TestAdvancePhase::test_advance_phase_when_running
FAILED tests/unit/core/engine/test_lifecycle.py::TestAdvancePhase::test_advance_phase_when_init_raises
FAILED tests/unit/core/engine/test_lifecycle.py::TestAdvancePhase::test_advance_phase_when_finished_raises
FAILED tests/unit/core/engine/test_lifecycle.py::TestAdvancePhase::test_advance_phase_invalid_transition_raises
FAILED tests/unit/core/engine/test_lifecycle.py::TestAdvancePhase::test_advance_phase_with_context
FAILED tests/unit/core/engine/test_lifecycle.py::TestEndGame::test_end_game_normal_flow
FAILED tests/unit/core/engine/test_lifecycle.py::TestEndGame::test_end_game_sets_phase_to_game_over
FAILED tests/unit/core/engine/test_lifecycle.py::TestEndGame::test_end_game_publishes_game_over_event
FAILED tests/unit/core/engine/test_lifecycle.py::TestEndGame::test_end_game_without_start_raises
FAILED tests/unit/core/engine/test_lifecycle.py::TestEndGame::test_end_game_twice_raises
FAILED tests/unit/core/engine/test_lifecycle.py::TestAbortGame::test_abort_from_start
FAILED tests/unit/core/engine/test_lifecycle.py::TestAbortGame::test_abort_from_running
FAILED tests/unit/core/engine/test_lifecycle.py::TestAbortGame::test_abort_from_settling
FAILED tests/unit/core/engine/test_lifecycle.py::TestAbortGame::test_abort_from_init_raises
FAILED tests/unit/core/engine/test_lifecycle.py::TestAbortGame::test_abort_from_finished_raises
FAILED tests/unit/core/engine/test_lifecycle.py::TestAbortGame::test_abort_publishes_event_with_reason
FAILED tests/unit/core/engine/test_lifecycle.py::TestLifecycleFullFlow::test_full_game_flow
FAILED tests/unit/core/engine/test_lifecycle.py::TestLifecycleFullFlow::test_game_state_machine_consistency
FAILED tests/unit/core/engine/test_lifecycle.py::TestTaskIdManagement::test_save_and_get_task_id
FAILED tests/unit/core/engine/test_lifecycle.py::TestTaskIdManagement::test_clear_task_id
FAILED tests/unit/core/engine/test_lifecycle.py::TestTaskIdManagement::test_get_task_id_nonexistent
FAILED tests/unit/core/engine/test_state_machine.py::TestInitialState::test_initial_phase_is_none
FAILED tests/unit/core/engine/test_state_machine.py::TestInitialState::test_initial_round_is_zero
FAILED tests/unit/core/engine/test_state_machine.py::TestValidTransitions::test_none_to_init
FAILED tests/unit/core/engine/test_state_machine.py::TestValidTransitions::test_full_night_cycle
FAILED tests/unit/core/engine/test_state_machine.py::TestValidTransitions::test_full_day_cycle
FAILED tests/unit/core/engine/test_state_machine.py::TestValidTransitions::test_vote_pk_branch
FAILED tests/unit/core/engine/test_state_machine.py::TestValidTransitions::test_hunter_shoot_branch
FAILED tests/unit/core/engine/test_state_machine.py::TestValidTransitions::test_last_words_from_day_vote
FAILED tests/unit/core/engine/test_state_machine.py::TestValidTransitions::test_game_over_to_night_starts_new_round
FAILED tests/unit/core/engine/test_state_machine.py::TestValidTransitions::test_game_over_to_none_ends_game
FAILED tests/unit/core/engine/test_state_machine.py::TestValidTransitions::test_round_only_increments_on_night_start
FAILED tests/unit/core/engine/test_state_machine.py::TestInvalidTransitions::test_init_to_day_discussion_raises
FAILED tests/unit/core/engine/test_state_machine.py::TestInvalidTransitions::test_night_wolf_act_to_day_discussion_raises
FAILED tests/unit/core/engine/test_state_machine.py::TestInvalidTransitions::test_day_discussion_to_night_wolf_act_raises
FAILED tests/unit/core/engine/test_state_machine.py::TestInvalidTransitions::test_game_over_to_day_discussion_raises
FAILED tests/unit/core/engine/test_state_machine.py::TestInvalidTransitions::test_illegal_transition_preserves_state
FAILED tests/unit/core/engine/test_state_machine.py::TestEventPublishing::test_transition_publishes_event
FAILED tests/unit/core/engine/test_state_machine.py::TestEventPublishing::test_transition_event_contains_context
FAILED tests/unit/core/engine/test_state_machine.py::TestEventPublishing::test_transition_event_contains_round
ERROR tests/test_api_actions.py::test_submit_vote_before_vote_phase - KeyErro...
ERROR tests/test_api_actions.py::test_vote_status - KeyError: 'game_id'
ERROR tests/test_api_actions.py::test_submit_speech_before_speech_phase - Key...
ERROR tests/test_api_actions.py::test_submit_action_invalid_type - KeyError: ...
ERROR tests/test_api_actions.py::test_submit_action_in_night_phase - KeyError...
ERROR tests/test_api_actions.py::test_submit_action_with_pass - KeyError: 'ga...
ERROR tests/test_api_games.py::test_create_game - AttributeError: 'Settings' ...
ERROR tests/test_api_games.py::test_create_game_invalid_player_count - Attrib...
ERROR tests/test_api_games.py::test_get_game - TimeoutError
ERROR tests/test_api_games.py::test_start_game - AttributeError: 'Settings' o...
ERROR tests/test_api_games.py::test_advance_phase - TimeoutError
ERROR tests/test_api_games.py::test_abort_game - TimeoutError
ERROR tests/test_api_games.py::test_list_games - AttributeError: 'Settings' o...
ERROR tests/test_api_games.py::test_join_game - TimeoutError
ERROR tests/test_api_games.py::test_health_check - AttributeError: 'Settings'...
ERROR tests/test_api_games.py::test_root - AttributeError: 'Settings' object ...
ERROR tests/test_redis_lua.py::TestLuaScriptManagerLoading::test_load_all_scripts_succeeds
ERROR tests/test_redis_lua.py::TestLuaScriptManagerLoading::test_load_all_scripts_is_idempotent
ERROR tests/test_redis_lua.py::TestLuaScriptManagerLoading::test_reload_scripts
ERROR tests/test_redis_lua.py::TestLuaScriptManagerLoading::test_reset_clears_state
ERROR tests/test_redis_lua.py::TestLuaScriptManagerLoading::test_evalsha_without_load_raises
ERROR tests/test_redis_lua.py::TestLuaHsetWithTtl::test_hset_with_ttl_sets_field_and_ttl
ERROR tests/test_redis_lua.py::TestLuaHsetWithTtl::test_hset_with_ttl_overwrites_existing
ERROR tests/test_redis_lua.py::TestLuaVoteSubmit::test_first_vote_returns_no_previous
ERROR tests/test_redis_lua.py::TestLuaVoteSubmit::test_second_vote_returns_had_previous
ERROR tests/test_redis_lua.py::TestLuaVoteSubmit::test_abstain_vote_empty_target
ERROR tests/test_redis_lua.py::TestLuaVoteSubmit::test_ttl_is_set_on_vote - r...
ERROR tests/test_redis_lua.py::TestLuaPhaseTransition::test_valid_transition_returns_ok
ERROR tests/test_redis_lua.py::TestLuaPhaseTransition::test_invalid_transition_returns_error
ERROR tests/test_redis_lua.py::TestLuaPhaseTransition::test_phase_mismatch_detects_concurrent_change
ERROR tests/test_redis_lua.py::TestLuaPhaseTransition::test_initial_none_state_works
ERROR tests/test_redis_lua.py::TestLuaPhaseTransition::test_concurrent_transitions_are_serialized
ERROR tests/test_redis_lua.py::TestLuaStatusTransition::test_valid_status_transition
ERROR tests/test_redis_lua.py::TestLuaStatusTransition::test_invalid_status_transition
ERROR tests/test_redis_lua.py::TestLuaStatusTransition::test_status_mismatch_detected
ERROR tests/test_redis_lua.py::TestLuaStatusTransition::test_missing_status_defaults_to_init
ERROR tests/test_redis_lua.py::TestNoScriptFallback::test_evalsha_falls_back_to_eval_on_noscript
===== 52 failed, 293 passed, 149 warnings, 37 errors in 662.17s (0:11:02) =====
